Archive member included to satisfy reference by file (symbol)

/usr/lib/gcc/arm-none-eabi/10.3.1/thumb/v6-m/nofp/libgcc.a(_dvmd_tls.o)
                              CMakeFiles/main.dir/pico/pico-sdk/src/rp2_common/pico_divider/divider.S.obj (__aeabi_idiv0)
/usr/lib/gcc/arm-none-eabi/10.3.1/../../../arm-none-eabi/lib/thumb/v6-m/nofp/libc.a(lib_a-calloc.o)
                              CMakeFiles/main.dir/pico/pico-sdk/src/rp2_common/pico_malloc/pico_malloc.c.obj (calloc)
/usr/lib/gcc/arm-none-eabi/10.3.1/../../../arm-none-eabi/lib/thumb/v6-m/nofp/libc.a(lib_a-callocr.o)
                              /usr/lib/gcc/arm-none-eabi/10.3.1/../../../arm-none-eabi/lib/thumb/v6-m/nofp/libc.a(lib_a-calloc.o) (_calloc_r)
/usr/lib/gcc/arm-none-eabi/10.3.1/../../../arm-none-eabi/lib/thumb/v6-m/nofp/libc.a(lib_a-impure.o)
                              /usr/lib/gcc/arm-none-eabi/10.3.1/../../../arm-none-eabi/lib/thumb/v6-m/nofp/libc.a(lib_a-calloc.o) (_impure_ptr)
/usr/lib/gcc/arm-none-eabi/10.3.1/../../../arm-none-eabi/lib/thumb/v6-m/nofp/libc.a(lib_a-malloc.o)
                              CMakeFiles/main.dir/pico/pico-sdk/src/rp2_common/pico_malloc/pico_malloc.c.obj (malloc)
/usr/lib/gcc/arm-none-eabi/10.3.1/../../../arm-none-eabi/lib/thumb/v6-m/nofp/libc.a(lib_a-mallocr.o)
                              /usr/lib/gcc/arm-none-eabi/10.3.1/../../../arm-none-eabi/lib/thumb/v6-m/nofp/libc.a(lib_a-callocr.o) (_malloc_r)
/usr/lib/gcc/arm-none-eabi/10.3.1/../../../arm-none-eabi/lib/thumb/v6-m/nofp/libc.a(lib_a-mlock.o)
                              /usr/lib/gcc/arm-none-eabi/10.3.1/../../../arm-none-eabi/lib/thumb/v6-m/nofp/libc.a(lib_a-mallocr.o) (__malloc_lock)
/usr/lib/gcc/arm-none-eabi/10.3.1/../../../arm-none-eabi/lib/thumb/v6-m/nofp/libc.a(lib_a-realloc.o)
                              CMakeFiles/main.dir/pico/pico-sdk/src/rp2_common/pico_malloc/pico_malloc.c.obj (realloc)
/usr/lib/gcc/arm-none-eabi/10.3.1/../../../arm-none-eabi/lib/thumb/v6-m/nofp/libc.a(lib_a-reallocr.o)
                              /usr/lib/gcc/arm-none-eabi/10.3.1/../../../arm-none-eabi/lib/thumb/v6-m/nofp/libc.a(lib_a-realloc.o) (_realloc_r)
/usr/lib/gcc/arm-none-eabi/10.3.1/../../../arm-none-eabi/lib/thumb/v6-m/nofp/libc.a(lib_a-sbrkr.o)
                              /usr/lib/gcc/arm-none-eabi/10.3.1/../../../arm-none-eabi/lib/thumb/v6-m/nofp/libc.a(lib_a-mallocr.o) (_sbrk_r)
/usr/lib/gcc/arm-none-eabi/10.3.1/../../../arm-none-eabi/lib/thumb/v6-m/nofp/libc.a(lib_a-strlen-stub.o)
                              CMakeFiles/main.dir/pico/pico-sdk/src/rp2_common/pico_stdio/stdio.c.obj (strlen)
/usr/lib/gcc/arm-none-eabi/10.3.1/../../../arm-none-eabi/lib/thumb/v6-m/nofp/libc.a(lib_a-freer.o)
                              /usr/lib/gcc/arm-none-eabi/10.3.1/../../../arm-none-eabi/lib/thumb/v6-m/nofp/libc.a(lib_a-malloc.o) (_free_r)
/usr/lib/gcc/arm-none-eabi/10.3.1/../../../arm-none-eabi/lib/thumb/v6-m/nofp/libc.a(lib_a-memmove.o)
                              /usr/lib/gcc/arm-none-eabi/10.3.1/../../../arm-none-eabi/lib/thumb/v6-m/nofp/libc.a(lib_a-reallocr.o) (memmove)
/usr/lib/gcc/arm-none-eabi/10.3.1/../../../arm-none-eabi/lib/thumb/v6-m/nofp/libc.a(lib_a-reent.o)
                              /usr/lib/gcc/arm-none-eabi/10.3.1/../../../arm-none-eabi/lib/thumb/v6-m/nofp/libc.a(lib_a-sbrkr.o) (errno)

Discarded input sections

 .text          0x0000000000000000        0x0 CMakeFiles/main.dir/main.c.obj
 .data          0x0000000000000000        0x0 CMakeFiles/main.dir/main.c.obj
 .bss           0x0000000000000000        0x0 CMakeFiles/main.dir/main.c.obj
 .text          0x0000000000000000        0x0 CMakeFiles/main.dir/pico/pico-sdk/src/rp2_common/pico_stdlib/stdlib.c.obj
 .data          0x0000000000000000        0x0 CMakeFiles/main.dir/pico/pico-sdk/src/rp2_common/pico_stdlib/stdlib.c.obj
 .bss           0x0000000000000000        0x0 CMakeFiles/main.dir/pico/pico-sdk/src/rp2_common/pico_stdlib/stdlib.c.obj
 .text.set_sys_clock_48mhz
                0x0000000000000000       0x40 CMakeFiles/main.dir/pico/pico-sdk/src/rp2_common/pico_stdlib/stdlib.c.obj
 .text.set_sys_clock_pll
                0x0000000000000000       0x78 CMakeFiles/main.dir/pico/pico-sdk/src/rp2_common/pico_stdlib/stdlib.c.obj
 .text.check_sys_clock_khz
                0x0000000000000000      0x178 CMakeFiles/main.dir/pico/pico-sdk/src/rp2_common/pico_stdlib/stdlib.c.obj
 .text.setup_default_uart
                0x0000000000000000        0x8 CMakeFiles/main.dir/pico/pico-sdk/src/rp2_common/pico_stdlib/stdlib.c.obj
 .comment       0x0000000000000000       0x34 CMakeFiles/main.dir/pico/pico-sdk/src/rp2_common/pico_stdlib/stdlib.c.obj
 .ARM.attributes
                0x0000000000000000       0x2c CMakeFiles/main.dir/pico/pico-sdk/src/rp2_common/pico_stdlib/stdlib.c.obj
 .text          0x0000000000000000        0x0 CMakeFiles/main.dir/pico/pico-sdk/src/rp2_common/hardware_gpio/gpio.c.obj
[...]
Memory Configuration

Name             Origin             Length             Attributes
RAM              0x0000000020000000 0x0000000000040000 xrw
SCRATCH_X        0x0000000020040000 0x0000000000001000 xrw
SCRATCH_Y        0x0000000020041000 0x0000000000001000 xrw
*default*        0x0000000000000000 0xffffffffffffffff

Linker script and memory map


.text           0x0000000020000000     0x425c
                0x0000000020000000                __logical_binary_start = .
                0x0000000020000000                __reset_start = .
 *(.reset)
 .reset         0x0000000020000000       0x94 CMakeFiles/main.dir/pico/pico-sdk/src/rp2_common/pico_standard_link/crt0.S.obj
                0x0000000020000000                _entry_point
                0x0000000020000066                __get_current_exception
 .reset         0x0000000020000094       0x24 CMakeFiles/main.dir/pico/pico-sdk/src/rp2_common/pico_standard_link/binary_info.c.obj
                0x00000000200000b8                __reset_end = .
 *(.binary_info_header)
 .binary_info_header
                0x00000000200000b8       0x14 CMakeFiles/main.dir/pico/pico-sdk/src/rp2_common/pico_standard_link/crt0.S.obj
                0x00000000200000cc                __binary_info_header_end = .
                0x0000000020000100                . = ALIGN (0x100)
 *fill*         0x00000000200000cc       0x34 
 *(.vectors)
 .vectors       0x0000000020000100       0xd4 CMakeFiles/main.dir/pico/pico-sdk/src/rp2_common/pico_standard_link/crt0.S.obj
                0x0000000020000100                __vectors
                0x0000000020000100                __VECTOR_TABLE
                0x00000000200001c0                isr_invalid
                0x00000000200001c0                __default_isrs_start
                0x00000000200001c2                isr_nmi
                0x00000000200001c4                isr_hardfault
                0x00000000200001c6                isr_svcall
                0x00000000200001c8                isr_pendsv
                0x00000000200001ca                isr_systick
                0x00000000200001cc                isr_irq30
                0x00000000200001cc                __unhandled_user_irq
                0x00000000200001cc                isr_irq13
                0x00000000200001cc                isr_irq27
                0x00000000200001cc                isr_irq31
                0x00000000200001cc                isr_irq5
                0x00000000200001cc                isr_irq11
                0x00000000200001cc                isr_irq23
                0x00000000200001cc                isr_irq18
                0x00000000200001cc                isr_irq28
                0x00000000200001cc                isr_irq19
                0x00000000200001cc                isr_irq0
                0x00000000200001cc                isr_irq6
                0x00000000200001cc                isr_irq22
                0x00000000200001cc                isr_irq17
                0x00000000200001cc                isr_irq14
                0x00000000200001cc                isr_irq2
                0x00000000200001cc                isr_irq10
                0x00000000200001cc                isr_irq8
                0x00000000200001cc                isr_irq24
                0x00000000200001cc                isr_irq1
                0x00000000200001cc                isr_irq7
                0x00000000200001cc                isr_irq21
                0x00000000200001cc                isr_irq20
                0x00000000200001cc                isr_irq15
                0x00000000200001cc                isr_irq25
                0x00000000200001cc                isr_irq4
                0x00000000200001cc                isr_irq16
                0x00000000200001cc                isr_irq29
                0x00000000200001cc                isr_irq26
                0x00000000200001cc                __default_isrs_end
                0x00000000200001cc                isr_irq3
                0x00000000200001cc                isr_irq12
                0x00000000200001cc                isr_irq9
                0x00000000200001d2                unhandled_user_irq_num_in_r0
 *(.time_critical*)
 .time_critical.mutex_enter_blocking
                0x00000000200001d4       0x48 CMakeFiles/main.dir/pico/pico-sdk/src/common/pico_sync/mutex.c.obj
                0x00000000200001d4                mutex_enter_blocking
 .time_critical.mutex_try_enter
                0x000000002000021c       0x44 CMakeFiles/main.dir/pico/pico-sdk/src/common/pico_sync/mutex.c.obj
                0x000000002000021c                mutex_try_enter
 .time_critical.mutex_exit
                0x0000000020000260       0x28 CMakeFiles/main.dir/pico/pico-sdk/src/common/pico_sync/mutex.c.obj
                0x0000000020000260                mutex_exit
 *(.text*)
 .text.uart_tx_program_init.constprop.0
                0x0000000020000288       0xc8 CMakeFiles/main.dir/main.c.obj
 .text.startup.main
                0x0000000020000350      0x1e8 CMakeFiles/main.dir/main.c.obj
                0x0000000020000350                main
 .text.gpio_set_function
                0x0000000020000538       0x30 CMakeFiles/main.dir/pico/pico-sdk/src/rp2_common/hardware_gpio/gpio.c.obj
                0x0000000020000538                gpio_set_function
 .text.gpio_set_pulls
                0x0000000020000568       0x30 CMakeFiles/main.dir/pico/pico-sdk/src/rp2_common/hardware_gpio/gpio.c.obj
                0x0000000020000568                gpio_set_pulls
 .text.gpio_init
                0x0000000020000598       0x3c CMakeFiles/main.dir/pico/pico-sdk/src/rp2_common/hardware_gpio/gpio.c.obj
                0x0000000020000598                gpio_init
 .text.hw_claim_lock
                0x00000000200005d4       0x18 CMakeFiles/main.dir/pico/pico-sdk/src/rp2_common/hardware_claim/claim.c.obj
                0x00000000200005d4                hw_claim_lock
 .text.hw_claim_unlock
                0x00000000200005ec       0x14 CMakeFiles/main.dir/pico/pico-sdk/src/rp2_common/hardware_claim/claim.c.obj
                0x00000000200005ec                hw_claim_unlock
 .text.hw_claim_or_assert
                0x0000000020000600       0x44 CMakeFiles/main.dir/pico/pico-sdk/src/rp2_common/hardware_claim/claim.c.obj
                0x0000000020000600                hw_claim_or_assert
 .text.running_on_fpga
                0x0000000020000644       0x10 CMakeFiles/main.dir/pico/pico-sdk/src/rp2_common/pico_platform/platform.c.obj
                0x0000000020000644                running_on_fpga
 .text.spin_locks_reset
                0x0000000020000654       0x1c CMakeFiles/main.dir/pico/pico-sdk/src/rp2_common/hardware_sync/sync.c.obj
                0x0000000020000654                spin_locks_reset
 .text.next_striped_spin_lock_num
                0x0000000020000670       0x18 CMakeFiles/main.dir/pico/pico-sdk/src/rp2_common/hardware_sync/sync.c.obj
                0x0000000020000670                next_striped_spin_lock_num
 .text.irq_set_enabled
                0x0000000020000688       0x24 CMakeFiles/main.dir/pico/pico-sdk/src/rp2_common/hardware_irq/irq.c.obj
                0x0000000020000688                irq_set_enabled
 .text.irq_get_vtable_handler
                0x00000000200006ac       0x10 CMakeFiles/main.dir/pico/pico-sdk/src/rp2_common/hardware_irq/irq.c.obj
                0x00000000200006ac                irq_get_vtable_handler
 .text.irq_set_exclusive_handler
                0x00000000200006bc       0x54 CMakeFiles/main.dir/pico/pico-sdk/src/rp2_common/hardware_irq/irq.c.obj
                0x00000000200006bc                irq_set_exclusive_handler
 .text.irq_remove_handler
                0x0000000020000710      0x1b4 CMakeFiles/main.dir/pico/pico-sdk/src/rp2_common/hardware_irq/irq.c.obj
                0x0000000020000710                irq_remove_handler
 .text.irq_add_tail_to_free_list
                0x00000000200008c4       0xb4 CMakeFiles/main.dir/pico/pico-sdk/src/rp2_common/hardware_irq/irq.c.obj
                0x00000000200008c4                irq_add_tail_to_free_list
 .text.irq_init_priorities
                0x0000000020000978       0x24 CMakeFiles/main.dir/pico/pico-sdk/src/rp2_common/hardware_irq/irq.c.obj
                0x0000000020000978                irq_init_priorities
 .text.lock_init
                0x000000002000099c       0x10 CMakeFiles/main.dir/pico/pico-sdk/src/common/pico_sync/lock_core.c.obj
                0x000000002000099c                lock_init
 .text.timer_pool_entry_comparator
                0x00000000200009ac       0x34 CMakeFiles/main.dir/pico/pico-sdk/src/common/pico_time/time.c.obj
                0x00000000200009ac                timer_pool_entry_comparator
 .text.add_alarm_under_lock.isra.0
                0x00000000200009e0      0x100 CMakeFiles/main.dir/pico/pico-sdk/src/common/pico_time/time.c.obj
 .text.alarm_pool_alarm_callback
                0x0000000020000ae0      0x1c8 CMakeFiles/main.dir/pico/pico-sdk/src/common/pico_time/time.c.obj
 .text.alarm_pool_init_default
                0x0000000020000ca8       0x64 CMakeFiles/main.dir/pico/pico-sdk/src/common/pico_time/time.c.obj
                0x0000000020000ca8                alarm_pool_init_default
 .text.hardware_alarm_irq_handler
                0x0000000020000d0c       0xb8 CMakeFiles/main.dir/pico/pico-sdk/src/rp2_common/hardware_timer/timer.c.obj
 .text.hardware_alarm_claim
                0x0000000020000dc4       0x18 CMakeFiles/main.dir/pico/pico-sdk/src/rp2_common/hardware_timer/timer.c.obj
                0x0000000020000dc4                hardware_alarm_claim
 .text.time_us_64
                0x0000000020000ddc       0x14 CMakeFiles/main.dir/pico/pico-sdk/src/rp2_common/hardware_timer/timer.c.obj
                0x0000000020000ddc                time_us_64
 .text.hardware_alarm_set_callback
                0x0000000020000df0       0x8c CMakeFiles/main.dir/pico/pico-sdk/src/rp2_common/hardware_timer/timer.c.obj
                0x0000000020000df0                hardware_alarm_set_callback
 .text.hardware_alarm_set_target
                0x0000000020000e7c       0xe0 CMakeFiles/main.dir/pico/pico-sdk/src/rp2_common/hardware_timer/timer.c.obj
                0x0000000020000e7c                hardware_alarm_set_target
 .text.hardware_alarm_cancel
                0x0000000020000f5c       0x3c CMakeFiles/main.dir/pico/pico-sdk/src/rp2_common/hardware_timer/timer.c.obj
                0x0000000020000f5c                hardware_alarm_cancel
 .text.ph_merge_nodes
                0x0000000020000f98       0x68 CMakeFiles/main.dir/pico/pico-sdk/src/common/pico_util/pheap.c.obj
 .text.ph_post_alloc_init
                0x0000000020001000       0x3c CMakeFiles/main.dir/pico/pico-sdk/src/common/pico_util/pheap.c.obj
                0x0000000020001000                ph_post_alloc_init
 .text.ph_merge_two_pass
                0x000000002000103c       0x90 CMakeFiles/main.dir/pico/pico-sdk/src/common/pico_util/pheap.c.obj
                0x000000002000103c                ph_merge_two_pass
 .text.ph_remove_any_head
                0x00000000200010cc       0xf8 CMakeFiles/main.dir/pico/pico-sdk/src/common/pico_util/pheap.c.obj
 .text.ph_remove_head
                0x00000000200011c4       0xfc CMakeFiles/main.dir/pico/pico-sdk/src/common/pico_util/pheap.c.obj
                0x00000000200011c4                ph_remove_head
 .text.ph_remove_and_free_node
                0x00000000200012c0       0x7c CMakeFiles/main.dir/pico/pico-sdk/src/common/pico_util/pheap.c.obj
                0x00000000200012c0                ph_remove_and_free_node
 .text.mutex_init
                0x000000002000133c       0x1c CMakeFiles/main.dir/pico/pico-sdk/src/common/pico_sync/mutex.c.obj
                0x000000002000133c                mutex_init
 .text.recursive_mutex_init
                0x0000000020001358       0x1c CMakeFiles/main.dir/pico/pico-sdk/src/common/pico_sync/mutex.c.obj
                0x0000000020001358                recursive_mutex_init
 .text.runtime_init
                0x0000000020001374       0xd8 CMakeFiles/main.dir/pico/pico-sdk/src/rp2_common/pico_runtime/runtime.c.obj
                0x0000000020001374                runtime_init
 .text.exit     0x000000002000144c        0x4 CMakeFiles/main.dir/pico/pico-sdk/src/rp2_common/pico_runtime/runtime.c.obj
                0x000000002000144c                exit
 .text.panic    0x0000000020001450       0x30 CMakeFiles/main.dir/pico/pico-sdk/src/rp2_common/pico_runtime/runtime.c.obj
                0x0000000020001450                panic
 .text.hard_assertion_failure
                0x0000000020001480        0xc CMakeFiles/main.dir/pico/pico-sdk/src/rp2_common/pico_runtime/runtime.c.obj
                0x0000000020001480                hard_assertion_failure
 .text.clocks_init
                0x000000002000148c      0x2bc CMakeFiles/main.dir/pico/pico-sdk/src/rp2_common/hardware_clocks/clocks.c.obj
                0x000000002000148c                clocks_init
 .text.clock_get_hz
                0x0000000020001748        0xc CMakeFiles/main.dir/pico/pico-sdk/src/rp2_common/hardware_clocks/clocks.c.obj
                0x0000000020001748                clock_get_hz
 .text.pll_init
                0x0000000020001754       0xb0 CMakeFiles/main.dir/pico/pico-sdk/src/rp2_common/hardware_pll/pll.c.obj
                0x0000000020001754                pll_init
 .text.watchdog_start_tick
                0x0000000020001804       0x10 CMakeFiles/main.dir/pico/pico-sdk/src/rp2_common/hardware_watchdog/watchdog.c.obj
                0x0000000020001804                watchdog_start_tick
 .text.xosc_init
                0x0000000020001814       0x28 CMakeFiles/main.dir/pico/pico-sdk/src/rp2_common/hardware_xosc/xosc.c.obj
                0x0000000020001814                xosc_init
 .text._out_buffer
                0x000000002000183c        0x8 CMakeFiles/main.dir/pico/pico-sdk/src/rp2_common/pico_printf/printf.c.obj
 .text._out_null
                0x0000000020001844        0x4 CMakeFiles/main.dir/pico/pico-sdk/src/rp2_common/pico_printf/printf.c.obj
 .text._out_rev
                0x0000000020001848       0x9c CMakeFiles/main.dir/pico/pico-sdk/src/rp2_common/pico_printf/printf.c.obj
 .text._ntoa_format
                0x00000000200018e4      0x1cc CMakeFiles/main.dir/pico/pico-sdk/src/rp2_common/pico_printf/printf.c.obj
 .text._out_char
                0x0000000020001ab0       0x10 CMakeFiles/main.dir/pico/pico-sdk/src/rp2_common/pico_printf/printf.c.obj
 .text._etoa    0x0000000020001ac0      0x44c CMakeFiles/main.dir/pico/pico-sdk/src/rp2_common/pico_printf/printf.c.obj
 .text._ftoa    0x0000000020001f0c      0x398 CMakeFiles/main.dir/pico/pico-sdk/src/rp2_common/pico_printf/printf.c.obj
 .text._vsnprintf
                0x00000000200022a4      0xb04 CMakeFiles/main.dir/pico/pico-sdk/src/rp2_common/pico_printf/printf.c.obj
 .text.__wrap_sprintf
                0x0000000020002da8       0x28 CMakeFiles/main.dir/pico/pico-sdk/src/rp2_common/pico_printf/printf.c.obj
                0x0000000020002da8                __wrap_sprintf
 .text.weak_raw_vprintf
                0x0000000020002dd0       0x30 CMakeFiles/main.dir/pico/pico-sdk/src/rp2_common/pico_printf/printf.c.obj
                0x0000000020002dd0                weak_raw_vprintf
 .text          0x0000000020002e00       0x10 CMakeFiles/main.dir/pico/pico-sdk/src/rp2_common/pico_bit_ops/bit_ops_aeabi.S.obj
 .text.ctzsi    0x0000000020002e10        0xc CMakeFiles/main.dir/pico/pico-sdk/src/rp2_common/pico_bit_ops/bit_ops_aeabi.S.obj
                0x0000000020002e10                __wrap___ctzsi2
 .text.rom_func_lookup
                0x0000000020002e1c       0x10 CMakeFiles/main.dir/pico/pico-sdk/src/rp2_common/pico_bootrom/bootrom.c.obj
                0x0000000020002e1c                rom_func_lookup
 .text.rom_data_lookup
                0x0000000020002e2c       0x10 CMakeFiles/main.dir/pico/pico-sdk/src/rp2_common/pico_bootrom/bootrom.c.obj
                0x0000000020002e2c                rom_data_lookup
 .text.rom_funcs_lookup
                0x0000000020002e3c       0x44 CMakeFiles/main.dir/pico/pico-sdk/src/rp2_common/pico_bootrom/bootrom.c.obj
                0x0000000020002e3c                rom_funcs_lookup
 .text.__wrap___aeabi_idiv
                0x0000000020002e80       0x50 CMakeFiles/main.dir/pico/pico-sdk/src/rp2_common/pico_divider/divider.S.obj
                0x0000000020002e80                __wrap___aeabi_idivmod
                0x0000000020002e80                divmod_s32s32
                0x0000000020002e80                div_s32s32
                0x0000000020002e80                __wrap___aeabi_idiv
                0x0000000020002e88                divmod_s32s32_unsafe
                0x0000000020002eb4                divmod_s32s32_savestate
 .text.__wrap___aeabi_uidiv
                0x0000000020002ed0       0x4c CMakeFiles/main.dir/pico/pico-sdk/src/rp2_common/pico_divider/divider.S.obj
                0x0000000020002ed0                __wrap___aeabi_uidiv
                0x0000000020002ed0                __wrap___aeabi_uidivmod
                0x0000000020002ed0                div_u32u32
                0x0000000020002ed0                divmod_u32u32
                0x0000000020002ed8                divmod_u32u32_unsafe
                0x0000000020002f00                divmod_u32u32_savestate
 .text.__wrap___aeabi_ldiv
                0x0000000020002f1c      0x434 CMakeFiles/main.dir/pico/pico-sdk/src/rp2_common/pico_divider/divider.S.obj
                0x0000000020002f1c                div_s64s64
                0x0000000020002f1c                divmod_s64s64
                0x0000000020002f1c                __wrap___aeabi_ldivmod
                0x0000000020002f54                div_u64u64
                0x0000000020002f54                divmod_u64u64
                0x0000000020002f54                __wrap___aeabi_uldivmod
                0x0000000020002f64                divmod_u64u64_savestate
                0x0000000020002f8c                divmod_s64s64_unsafe
                0x0000000020003014                divmod_u64u64_unsafe
 .text.__wrap___aeabi_darithmetic
                0x0000000020003350       0x80 CMakeFiles/main.dir/pico/pico-sdk/src/rp2_common/pico_double/double_aeabi.S.obj
                0x0000000020003350                __wrap___aeabi_drsub
                0x0000000020003356                __wrap___aeabi_dsub
                0x0000000020003368                __wrap___aeabi_dadd
                0x000000002000337a                __wrap___aeabi_ddiv
                0x00000000200033b6                __wrap___aeabi_dmul
 .text.__wrap___aeabi_cdcmple
                0x00000000200033d0       0x6c CMakeFiles/main.dir/pico/pico-sdk/src/rp2_common/pico_double/double_aeabi.S.obj
                0x00000000200033d0                __wrap___aeabi_cdrcmple
                0x00000000200033e0                __wrap___aeabi_cdcmple
                0x00000000200033e0                __wrap___aeabi_cdcmpeq
 .text.__wrap___aeabi_dcmplt
                0x000000002000343c        0xc CMakeFiles/main.dir/pico/pico-sdk/src/rp2_common/pico_double/double_aeabi.S.obj
                0x000000002000343c                __wrap___aeabi_dcmplt
 .text.__wrap___aeabi_dcmple
                0x0000000020003448       0x10 CMakeFiles/main.dir/pico/pico-sdk/src/rp2_common/pico_double/double_aeabi.S.obj
                0x0000000020003448                __wrap___aeabi_dcmple
 .text.__wrap___aeabi_dcmpge
                0x0000000020003458       0x10 CMakeFiles/main.dir/pico/pico-sdk/src/rp2_common/pico_double/double_aeabi.S.obj
                0x0000000020003458                __wrap___aeabi_dcmpge
 .text.__wrap___aeabi_dcmpgt
                0x0000000020003468        0xa CMakeFiles/main.dir/pico/pico-sdk/src/rp2_common/pico_double/double_aeabi.S.obj
                0x0000000020003468                __wrap___aeabi_dcmpgt
 .text.__wrap___aeabi_dcmpun
                0x0000000020003472       0x1c CMakeFiles/main.dir/pico/pico-sdk/src/rp2_common/pico_double/double_aeabi.S.obj
                0x0000000020003472                __wrap___aeabi_dcmpun
 *fill*         0x000000002000348e        0x2 
 .text.__wrap___aeabi_i2d
                0x0000000020003490       0x38 CMakeFiles/main.dir/pico/pico-sdk/src/rp2_common/pico_double/double_aeabi.S.obj
                0x0000000020003490                __wrap___aeabi_ui2d
                0x0000000020003498                __wrap___aeabi_i2d
 .text.__wrap___aeabi_d2iz
                0x00000000200034c8       0x48 CMakeFiles/main.dir/pico/pico-sdk/src/rp2_common/pico_double/double_aeabi.S.obj
                0x00000000200034c8                __wrap___aeabi_d2iz
                0x00000000200034c8                double2int_z
 .text.__wrap___aeabi_d2uiz
                0x0000000020003510       0x18 CMakeFiles/main.dir/pico/pico-sdk/src/rp2_common/pico_double/double_aeabi.S.obj
                0x0000000020003510                double2uint
                0x0000000020003510                __wrap___aeabi_d2uiz
 .text.__aeabi_double_init
                0x0000000020003528       0x94 CMakeFiles/main.dir/pico/pico-sdk/src/rp2_common/pico_double/double_init_rom.c.obj
                0x0000000020003528                __aeabi_double_init
 .text.double_table_shim_on_use_helper
                0x00000000200035bc       0x2c CMakeFiles/main.dir/pico/pico-sdk/src/rp2_common/pico_double/double_v1_rom_shim.S.obj
                0x00000000200035bc                double_table_shim_on_use_helper
 .text.__wrap___aeabi_dsub
                0x00000000200035e8       0x10 CMakeFiles/main.dir/pico/pico-sdk/src/rp2_common/pico_double/double_v1_rom_shim.S.obj
                0x00000000200035e8                drsub_shim
                0x00000000200035ee                dsub_shim
 .text.dadd_shim
                0x00000000200035f8      0x15c CMakeFiles/main.dir/pico/pico-sdk/src/rp2_common/pico_double/double_v1_rom_shim.S.obj
                0x00000000200035f8                dadd_shim
 .text.dmul_shim
                0x0000000020003754      0x15c CMakeFiles/main.dir/pico/pico-sdk/src/rp2_common/pico_double/double_v1_rom_shim.S.obj
                0x0000000020003754                dmul_shim
 .text.ddiv_shim
                0x00000000200038b0      0x1b0 CMakeFiles/main.dir/pico/pico-sdk/src/rp2_common/pico_double/double_v1_rom_shim.S.obj
                0x00000000200038b0                ddiv_shim
 .text.double2uint_shim
                0x0000000020003a60        0xe CMakeFiles/main.dir/pico/pico-sdk/src/rp2_common/pico_double/double_v1_rom_shim.S.obj
                0x0000000020003a60                double2uint_shim
                0x0000000020003a62                double2ufix_shim
 *fill*         0x0000000020003a6e        0x2 
 .text.double2uint64_shim
                0x0000000020003a70       0x70 CMakeFiles/main.dir/pico/pico-sdk/src/rp2_common/pico_double/double_v1_rom_shim.S.obj
                0x0000000020003a70                double2uint64_shim
                0x0000000020003a72                double2ufix64_shim
                0x0000000020003a92                d2fix_a
 .text.dunpacks
                0x0000000020003ae0       0x3c CMakeFiles/main.dir/pico/pico-sdk/src/rp2_common/pico_double/double_v1_rom_shim.S.obj
                0x0000000020003ae0                dunpacks
 .text.__wrap___aeabi_farithmetic
                0x0000000020003b1c       0x48 CMakeFiles/main.dir/pico/pico-sdk/src/rp2_common/pico_float/float_aeabi.S.obj
                0x0000000020003b1c                __wrap___aeabi_frsub
                0x0000000020003b22                __wrap___aeabi_fsub
                0x0000000020003b28                __wrap___aeabi_fadd
                0x0000000020003b2e                __wrap___aeabi_fdiv
                0x0000000020003b56                __wrap___aeabi_fmul
 .text.__wrap___aeabi_ui2f
                0x0000000020003b64        0xa CMakeFiles/main.dir/pico/pico-sdk/src/rp2_common/pico_float/float_aeabi.S.obj
                0x0000000020003b64                __wrap___aeabi_ui2f
 *fill*         0x0000000020003b6e        0x2 
 .text.__wrap___aeabi_i2f
                0x0000000020003b70       0x44 CMakeFiles/main.dir/pico/pico-sdk/src/rp2_common/pico_float/float_aeabi.S.obj
                0x0000000020003b70                __wrap___aeabi_i2f
 .text.__wrap___aeabi_f2uiz
                0x0000000020003bb4        0xc CMakeFiles/main.dir/pico/pico-sdk/src/rp2_common/pico_float/float_aeabi.S.obj
                0x0000000020003bb4                __wrap___aeabi_f2uiz
 .text.__aeabi_float_init
                0x0000000020003bc0       0x64 CMakeFiles/main.dir/pico/pico-sdk/src/rp2_common/pico_float/float_init_rom.c.obj
                0x0000000020003bc0                __aeabi_float_init
 .text.float_table_shim_on_use_helper
                0x0000000020003c24       0x2c CMakeFiles/main.dir/pico/pico-sdk/src/rp2_common/pico_float/float_v1_rom_shim.S.obj
                0x0000000020003c24                float_table_shim_on_use_helper
 .text          0x0000000020003c50       0x10 CMakeFiles/main.dir/pico/pico-sdk/src/rp2_common/pico_mem_ops/mem_ops_aeabi.S.obj
                0x0000000020003c50                __aeabi_mem_init
 .text.memset   0x0000000020003c60        0xc CMakeFiles/main.dir/pico/pico-sdk/src/rp2_common/pico_mem_ops/mem_ops_aeabi.S.obj
                0x0000000020003c60                __wrap_memset
 .text.memcpy   0x0000000020003c6c        0xc CMakeFiles/main.dir/pico/pico-sdk/src/rp2_common/pico_mem_ops/mem_ops_aeabi.S.obj
                0x0000000020003c6c                __wrap___aeabi_memcpy
                0x0000000020003c6c                __wrap_memcpy
 .text.stdio_out_chars_no_crlf
                0x0000000020003c78       0x10 CMakeFiles/main.dir/pico/pico-sdk/src/rp2_common/pico_stdio/stdio.c.obj
 .text.stdio_out_chars_crlf
                0x0000000020003c88       0xb4 CMakeFiles/main.dir/pico/pico-sdk/src/rp2_common/pico_stdio/stdio.c.obj
 .text.stdio_put_string.isra.0
                0x0000000020003d3c       0xfc CMakeFiles/main.dir/pico/pico-sdk/src/rp2_common/pico_stdio/stdio.c.obj
 .text.__wrap_putchar
                0x0000000020003e38       0xa0 CMakeFiles/main.dir/pico/pico-sdk/src/rp2_common/pico_stdio/stdio.c.obj
                0x0000000020003e38                __wrap_putchar
 .text.__wrap_puts
                0x0000000020003ed8       0x3c CMakeFiles/main.dir/pico/pico-sdk/src/rp2_common/pico_stdio/stdio.c.obj
                0x0000000020003ed8                __wrap_puts
 .text.pio_add_program
                0x0000000020003f14       0xc8 CMakeFiles/main.dir/pico/pico-sdk/src/rp2_common/hardware_pio/pio.c.obj
                0x0000000020003f14                pio_add_program
 .text.pio_sm_set_pins_with_mask
                0x0000000020003fdc       0x84 CMakeFiles/main.dir/pico/pico-sdk/src/rp2_common/hardware_pio/pio.c.obj
                0x0000000020003fdc                pio_sm_set_pins_with_mask
 .text.pio_sm_set_pindirs_with_mask
                0x0000000020004060       0x88 CMakeFiles/main.dir/pico/pico-sdk/src/rp2_common/hardware_pio/pio.c.obj
                0x0000000020004060                pio_sm_set_pindirs_with_mask
 .text.pio_sm_set_consecutive_pindirs
                0x00000000200040e8       0x84 CMakeFiles/main.dir/pico/pico-sdk/src/rp2_common/hardware_pio/pio.c.obj
                0x00000000200040e8                pio_sm_set_consecutive_pindirs
 .text.pio_sm_init
                0x000000002000416c       0x90 CMakeFiles/main.dir/pico/pico-sdk/src/rp2_common/hardware_pio/pio.c.obj
                0x000000002000416c                pio_sm_init
 .text          0x00000000200041fc        0x4 /usr/lib/gcc/arm-none-eabi/10.3.1/thumb/v6-m/nofp/libgcc.a(_dvmd_tls.o)
                0x00000000200041fc                __aeabi_ldiv0
                0x00000000200041fc                __aeabi_idiv0
 .text          0x0000000020004200       0x5c /usr/lib/gcc/arm-none-eabi/10.3.1/../../../arm-none-eabi/lib/thumb/v6-m/nofp/libc.a(lib_a-strlen-stub.o)
                0x0000000020004200                strlen
                0x000000002000425c                . = ALIGN (0x4)
 *(.init)
 *(.fini)
 *crtbegin.o(.ctors)
 *crtbegin?.o(.ctors)
 *(EXCLUDE_FILE(*crtend.o *crtend?.o) .ctors)
 *(SORT_BY_NAME(.ctors.*))
 *(.ctors)
 *crtbegin.o(.dtors)
 *crtbegin?.o(.dtors)
 *(EXCLUDE_FILE(*crtend.o *crtend?.o) .dtors)
 *(SORT_BY_NAME(.dtors.*))
 *(.dtors)
 *(.eh_frame*)

.glue_7         0x000000002000425c        0x0
 .glue_7        0x000000002000425c        0x0 linker stubs

.glue_7t        0x000000002000425c        0x0
 .glue_7t       0x000000002000425c        0x0 linker stubs

.vfp11_veneer   0x000000002000425c        0x0
 .vfp11_veneer  0x000000002000425c        0x0 linker stubs

.v4_bx          0x000000002000425c        0x0
 .v4_bx         0x000000002000425c        0x0 linker stubs

.iplt           0x000000002000425c        0x0
 .iplt          0x000000002000425c        0x0 CMakeFiles/main.dir/main.c.obj

.rodata         0x0000000020004260      0x364
 *(.rodata*)
 .rodata.main.str1.4
                0x0000000020004260        0x3 CMakeFiles/main.dir/main.c.obj
 *fill*         0x0000000020004263        0x1 
 .rodata.uart_rx_program
                0x0000000020004264        0x6 CMakeFiles/main.dir/main.c.obj
 *fill*         0x000000002000426a        0x2 
 .rodata.uart_rx_program_instructions
                0x000000002000426c       0x12 CMakeFiles/main.dir/main.c.obj
 *fill*         0x000000002000427e        0x2 
 .rodata.uart_tx_program
                0x0000000020004280        0x6 CMakeFiles/main.dir/main.c.obj
 *fill*         0x0000000020004286        0x2 
 .rodata.uart_tx_program_instructions
                0x0000000020004288        0x8 CMakeFiles/main.dir/main.c.obj
 .rodata.hardware_alarm_claim.str1.4
                0x0000000020004290       0x22 CMakeFiles/main.dir/pico/pico-sdk/src/rp2_common/hardware_timer/timer.c.obj
 *fill*         0x00000000200042b2        0x2 
 .rodata.panic.str1.4
                0x00000000200042b4       0x12 CMakeFiles/main.dir/pico/pico-sdk/src/rp2_common/pico_runtime/runtime.c.obj
 *fill*         0x00000000200042c6        0x2 
 .rodata.hard_assertion_failure.str1.4
                0x00000000200042c8        0xc CMakeFiles/main.dir/pico/pico-sdk/src/rp2_common/pico_runtime/runtime.c.obj
 .rodata._ftoa.str1.4
                0x00000000200042d4       0x15 CMakeFiles/main.dir/pico/pico-sdk/src/rp2_common/pico_printf/printf.c.obj
 *fill*         0x00000000200042e9        0x3 
 .rodata._vsnprintf
                0x00000000200042ec      0x1e0 CMakeFiles/main.dir/pico/pico-sdk/src/rp2_common/pico_printf/printf.c.obj
 *fill*         0x00000000200044cc        0x4 
 .rodata.pow10.0
                0x00000000200044d0       0x50 CMakeFiles/main.dir/pico/pico-sdk/src/rp2_common/pico_printf/printf.c.obj
 .rodata.str1.4
                0x0000000020004520       0x68 CMakeFiles/main.dir/pico/pico-sdk/src/rp2_common/pico_standard_link/binary_info.c.obj
 .rodata.__bi_44
                0x0000000020004588        0xc CMakeFiles/main.dir/pico/pico-sdk/src/rp2_common/pico_standard_link/binary_info.c.obj
 .rodata.__bi_69
                0x0000000020004594        0xc CMakeFiles/main.dir/pico/pico-sdk/src/rp2_common/pico_standard_link/binary_info.c.obj
 .rodata.__bi_81
                0x00000000200045a0        0xc CMakeFiles/main.dir/pico/pico-sdk/src/rp2_common/pico_standard_link/binary_info.c.obj
 .rodata.crlf_str.0
                0x00000000200045ac        0x2 CMakeFiles/main.dir/pico/pico-sdk/src/rp2_common/pico_stdio/stdio.c.obj
 *fill*         0x00000000200045ae        0x2 
 .rodata.pio_add_program.str1.4
                0x00000000200045b0       0x11 CMakeFiles/main.dir/pico/pico-sdk/src/rp2_common/hardware_pio/pio.c.obj
                0x00000000200045c4                . = ALIGN (0x4)
 *fill*         0x00000000200045c1        0x3 
 *(SORT_BY_ALIGNMENT(SORT_BY_NAME(.flashdata*)))
                0x00000000200045c4                . = ALIGN (0x4)

.rel.dyn        0x00000000200045c4        0x0
 .rel.iplt      0x00000000200045c4        0x0 CMakeFiles/main.dir/main.c.obj

.ARM.extab
 *(.ARM.extab* .gnu.linkonce.armextab.*)
                0x00000000200045c4                __exidx_start = .

.ARM.exidx
 *(.ARM.exidx* .gnu.linkonce.armexidx.*)
                0x00000000200045c4                __exidx_end = .
                0x00000000200045c4                . = ALIGN (0x4)
                0x00000000200045c4                __binary_info_start = .

.binary_info    0x00000000200045c4       0x18
 *(.binary_info.keep.*)
 .binary_info.keep.__bi_ptr30
                0x00000000200045c4        0x4 CMakeFiles/main.dir/pico/pico-sdk/src/rp2_common/pico_standard_link/binary_info.c.obj
 .binary_info.keep.__bi_ptr38
                0x00000000200045c8        0x4 CMakeFiles/main.dir/pico/pico-sdk/src/rp2_common/pico_standard_link/binary_info.c.obj
 .binary_info.keep.__bi_ptr44
                0x00000000200045cc        0x4 CMakeFiles/main.dir/pico/pico-sdk/src/rp2_common/pico_standard_link/binary_info.c.obj
 .binary_info.keep.__bi_ptr50
                0x00000000200045d0        0x4 CMakeFiles/main.dir/pico/pico-sdk/src/rp2_common/pico_standard_link/binary_info.c.obj
 .binary_info.keep.__bi_ptr69
                0x00000000200045d4        0x4 CMakeFiles/main.dir/pico/pico-sdk/src/rp2_common/pico_standard_link/binary_info.c.obj
 .binary_info.keep.__bi_ptr81
                0x00000000200045d8        0x4 CMakeFiles/main.dir/pico/pico-sdk/src/rp2_common/pico_standard_link/binary_info.c.obj
 *(.binary_info.*)
                0x00000000200045dc                __binary_info_end = .
                0x00000000200045dc                . = ALIGN (0x4)

.data           0x00000000200045e0       0xc0
                0x00000000200045e0                __etext = .
                0x00000000200045e0                __data_start__ = .
 *(vtable)
 *(.data*)
 .data.striped_spin_lock_num
                0x00000000200045e0        0x1 CMakeFiles/main.dir/pico/pico-sdk/src/rp2_common/hardware_sync/sync.c.obj
 *fill*         0x00000000200045e1        0x3 
 .data          0x00000000200045e4       0x48 CMakeFiles/main.dir/pico/pico-sdk/src/rp2_common/hardware_irq/irq_handler_chain.S.obj
                0x00000000200045e4                irq_handler_chain_slots
                0x0000000020004614                irq_handler_chain_first_slot
                0x000000002000461e                irq_handler_chain_remove_tail
 .data.default_alarm_pool
                0x000000002000462c       0x18 CMakeFiles/main.dir/pico/pico-sdk/src/common/pico_time/time.c.obj
 .data.default_alarm_pool_heap
                0x0000000020004644       0x10 CMakeFiles/main.dir/pico/pico-sdk/src/common/pico_time/time.c.obj
 *fill*         0x0000000020004654        0xc 
 .data.aeabi_bits_funcs
                0x0000000020004660       0x10 CMakeFiles/main.dir/pico/pico-sdk/src/rp2_common/pico_bit_ops/bit_ops_aeabi.S.obj
                0x0000000020004660                aeabi_bits_funcs
                0x0000000020004670                aeabi_bits_funcs_end
 .data.aeabi_mem_funcs
                0x0000000020004670       0x10 CMakeFiles/main.dir/pico/pico-sdk/src/rp2_common/pico_mem_ops/mem_ops_aeabi.S.obj
                0x0000000020004670                aeabi_mem_funcs
                0x0000000020004680                aeabi_mem_funcs_end
                0x0000000020004680                . = ALIGN (0x4)
 *(.after_data.*)
                0x0000000020004680                . = ALIGN (0x4)
                0x0000000020004680                PROVIDE (__mutex_array_start = .)
 *(SORT_BY_NAME(.mutex_array.*))
 *(.mutex_array)
 .mutex_array   0x0000000020004680        0x8 CMakeFiles/main.dir/pico/pico-sdk/src/rp2_common/pico_malloc/pico_malloc.c.obj
 .mutex_array   0x0000000020004688        0x8 CMakeFiles/main.dir/pico/pico-sdk/src/rp2_common/pico_stdio/stdio.c.obj
                0x0000000020004690                PROVIDE (__mutex_array_end = .)
                0x0000000020004690                . = ALIGN (0x4)
                0x0000000020004690                PROVIDE (__preinit_array_start = .)
 *(SORT_BY_NAME(.preinit_array.*))
 .preinit_array.00001
                0x0000000020004690        0x4 CMakeFiles/main.dir/pico/pico-sdk/src/rp2_common/pico_mem_ops/mem_ops_aeabi.S.obj
 .preinit_array.00010
                0x0000000020004694        0x4 CMakeFiles/main.dir/pico/pico-sdk/src/rp2_common/pico_bit_ops/bit_ops_aeabi.S.obj
 .preinit_array.00020
                0x0000000020004698        0x4 CMakeFiles/main.dir/pico/pico-sdk/src/rp2_common/pico_double/double_aeabi.S.obj
 .preinit_array.00020
                0x000000002000469c        0x4 CMakeFiles/main.dir/pico/pico-sdk/src/rp2_common/pico_float/float_aeabi.S.obj
 *(.preinit_array)
                0x00000000200046a0                PROVIDE (__preinit_array_end = .)
                0x00000000200046a0                . = ALIGN (0x4)
                0x00000000200046a0                PROVIDE (__init_array_start = .)
 *(SORT_BY_NAME(.init_array.*))
 *(.init_array)
                0x00000000200046a0                PROVIDE (__init_array_end = .)
                0x00000000200046a0                . = ALIGN (0x4)
                [!provide]                        PROVIDE (__fini_array_start = .)
 *(SORT_BY_NAME(.fini_array.*))
 *(.fini_array)
                [!provide]                        PROVIDE (__fini_array_end = .)
 *(.jcr)
                0x00000000200046a0                . = ALIGN (0x4)
                0x00000000200046a0                __data_end__ = .

.igot.plt       0x00000000200046a0        0x0
 .igot.plt      0x00000000200046a0        0x0 CMakeFiles/main.dir/main.c.obj

.uninitialized_data
                0x00000000200046a0        0x0
                0x00000000200046a0                . = ALIGN (0x4)
 *(.uninitialized_data*)

.scratch_x      0x0000000020040000        0x0
                0x0000000020040000                __scratch_x_start__ = .
 *(.scratch_x.*)
                0x0000000020040000                . = ALIGN (0x4)
                0x0000000020040000                __scratch_x_end__ = .
                0x0000000020040000                __scratch_x_source__ = LOADADDR (.scratch_x)

.scratch_y      0x0000000020041000        0x0
                0x0000000020041000                __scratch_y_start__ = .
 *(.scratch_y.*)
                0x0000000020041000                . = ALIGN (0x4)
                0x0000000020041000                __scratch_y_end__ = .
                0x0000000020041000                __scratch_y_source__ = LOADADDR (.scratch_y)

.bss            0x00000000200046a0      0x3b8
                0x00000000200046a0                . = ALIGN (0x4)
                0x00000000200046a0                __bss_start__ = .
 *(SORT_BY_ALIGNMENT(SORT_BY_NAME(.bss*)))
 .bss.default_alarm_pool_entries
                0x00000000200046a0      0x100 CMakeFiles/main.dir/pico/pico-sdk/src/common/pico_time/time.c.obj
 .bss.sd_table  0x00000000200047a0      0x100 CMakeFiles/main.dir/pico/pico-sdk/src/rp2_common/pico_double/double_init_rom.c.obj
                0x00000000200047a0                sd_table
 .bss.sf_table  0x00000000200048a0      0x100 CMakeFiles/main.dir/pico/pico-sdk/src/rp2_common/pico_float/float_init_rom.c.obj
                0x00000000200048a0                sf_table
 .bss._used_instruction_space
                0x00000000200049a0        0x8 CMakeFiles/main.dir/pico/pico-sdk/src/rp2_common/hardware_pio/pio.c.obj
 .bss.alarm_callbacks
                0x00000000200049a8       0x10 CMakeFiles/main.dir/pico/pico-sdk/src/rp2_common/hardware_timer/timer.c.obj
 .bss.configured_freq
                0x00000000200049b8       0x28 CMakeFiles/main.dir/pico/pico-sdk/src/rp2_common/hardware_clocks/clocks.c.obj
 .bss.default_alarm_pool_entry_ids_high
                0x00000000200049e0       0x10 CMakeFiles/main.dir/pico/pico-sdk/src/common/pico_time/time.c.obj
 .bss.default_alarm_pool_heap_nodes
                0x00000000200049f0       0x30 CMakeFiles/main.dir/pico/pico-sdk/src/common/pico_time/time.c.obj
 .bss.drivers   0x0000000020004a20        0x4 CMakeFiles/main.dir/pico/pico-sdk/src/rp2_common/pico_stdio/stdio.c.obj
 .bss.filter    0x0000000020004a24        0x4 CMakeFiles/main.dir/pico/pico-sdk/src/rp2_common/pico_stdio/stdio.c.obj
 .bss.lazy_vsnprintf
                0x0000000020004a28        0x4 CMakeFiles/main.dir/pico/pico-sdk/src/rp2_common/pico_printf/printf.c.obj
 .bss.pools     0x0000000020004a2c       0x10 CMakeFiles/main.dir/pico/pico-sdk/src/common/pico_time/time.c.obj
 .bss.sf_clz_func
                0x0000000020004a3c        0x4 CMakeFiles/main.dir/pico/pico-sdk/src/rp2_common/pico_double/double_init_rom.c.obj
                0x0000000020004a3c                sf_clz_func
 .bss.sleep_notifier
                0x0000000020004a40        0x4 CMakeFiles/main.dir/pico/pico-sdk/src/common/pico_time/time.c.obj
 .bss.target_hi
                0x0000000020004a44       0x10 CMakeFiles/main.dir/pico/pico-sdk/src/rp2_common/hardware_timer/timer.c.obj
 .bss.claimed   0x0000000020004a54        0x1 CMakeFiles/main.dir/pico/pico-sdk/src/rp2_common/hardware_timer/timer.c.obj
 .bss.irq_hander_chain_free_slot_head
                0x0000000020004a55        0x1 CMakeFiles/main.dir/pico/pico-sdk/src/rp2_common/hardware_irq/irq.c.obj
 .bss.timer_callbacks_pending
                0x0000000020004a56        0x1 CMakeFiles/main.dir/pico/pico-sdk/src/rp2_common/hardware_timer/timer.c.obj
 *(COMMON)
                0x0000000020004a58                . = ALIGN (0x4)
 *fill*         0x0000000020004a57        0x1 
                0x0000000020004a58                __bss_end__ = .

.heap           0x0000000020004a58      0x800
                0x0000000020004a58                __end__ = .
                0x0000000020004a58                end = __end__
 *(.heap*)
 .heap          0x0000000020004a58      0x800 CMakeFiles/main.dir/pico/pico-sdk/src/rp2_common/pico_standard_link/crt0.S.obj
                0x0000000020005258                __HeapLimit = .

.stack1_dummy   0x0000000020040000        0x0
 *(.stack1*)

.stack_dummy    0x0000000020041000      0x800
 *(.stack*)
 .stack         0x0000000020041000      0x800 CMakeFiles/main.dir/pico/pico-sdk/src/rp2_common/pico_standard_link/crt0.S.obj
                0x0000000020040000                __StackLimit = (ORIGIN (RAM) + LENGTH (RAM))
                0x0000000020041000                __StackOneTop = (ORIGIN (SCRATCH_X) + LENGTH (SCRATCH_X))
                0x0000000020042000                __StackTop = (ORIGIN (SCRATCH_Y) + LENGTH (SCRATCH_Y))
                0x0000000020041000                __StackOneBottom = (__StackOneTop - SIZEOF (.stack1_dummy))
                0x0000000020041800                __StackBottom = (__StackTop - SIZEOF (.stack_dummy))
                [!provide]                        PROVIDE (__stack = __StackTop)
                0x0000000000000001                ASSERT ((__StackLimit >= __HeapLimit), region RAM overflowed)
                0x0000000000000001                ASSERT (((__binary_info_header_end - __logical_binary_start) <= 0x100), Binary info must be in first 256 bytes of the binary)
LOAD CMakeFiles/main.dir/main.c.obj
LOAD CMakeFiles/main.dir/pico/pico-sdk/src/rp2_common/pico_stdlib/stdlib.c.obj
LOAD CMakeFiles/main.dir/pico/pico-sdk/src/rp2_common/hardware_gpio/gpio.c.obj
LOAD CMakeFiles/main.dir/pico/pico-sdk/src/rp2_common/hardware_claim/claim.c.obj
LOAD CMakeFiles/main.dir/pico/pico-sdk/src/rp2_common/pico_platform/platform.c.obj
LOAD CMakeFiles/main.dir/pico/pico-sdk/src/rp2_common/hardware_sync/sync.c.obj
LOAD CMakeFiles/main.dir/pico/pico-sdk/src/rp2_common/hardware_irq/irq.c.obj
LOAD CMakeFiles/main.dir/pico/pico-sdk/src/rp2_common/hardware_irq/irq_handler_chain.S.obj
LOAD CMakeFiles/main.dir/pico/pico-sdk/src/common/pico_sync/sem.c.obj
LOAD CMakeFiles/main.dir/pico/pico-sdk/src/common/pico_sync/lock_core.c.obj
LOAD CMakeFiles/main.dir/pico/pico-sdk/src/common/pico_time/time.c.obj
LOAD CMakeFiles/main.dir/pico/pico-sdk/src/common/pico_time/timeout_helper.c.obj
LOAD CMakeFiles/main.dir/pico/pico-sdk/src/rp2_common/hardware_timer/timer.c.obj
LOAD CMakeFiles/main.dir/pico/pico-sdk/src/common/pico_util/datetime.c.obj
LOAD CMakeFiles/main.dir/pico/pico-sdk/src/common/pico_util/pheap.c.obj
LOAD CMakeFiles/main.dir/pico/pico-sdk/src/common/pico_util/queue.c.obj
LOAD CMakeFiles/main.dir/pico/pico-sdk/src/common/pico_sync/mutex.c.obj
LOAD CMakeFiles/main.dir/pico/pico-sdk/src/common/pico_sync/critical_section.c.obj
LOAD CMakeFiles/main.dir/pico/pico-sdk/src/rp2_common/hardware_uart/uart.c.obj
LOAD CMakeFiles/main.dir/pico/pico-sdk/src/rp2_common/hardware_divider/divider.S.obj
LOAD CMakeFiles/main.dir/pico/pico-sdk/src/rp2_common/pico_runtime/runtime.c.obj
LOAD CMakeFiles/main.dir/pico/pico-sdk/src/rp2_common/hardware_clocks/clocks.c.obj
LOAD CMakeFiles/main.dir/pico/pico-sdk/src/rp2_common/hardware_pll/pll.c.obj
LOAD CMakeFiles/main.dir/pico/pico-sdk/src/rp2_common/hardware_vreg/vreg.c.obj
LOAD CMakeFiles/main.dir/pico/pico-sdk/src/rp2_common/hardware_watchdog/watchdog.c.obj
LOAD CMakeFiles/main.dir/pico/pico-sdk/src/rp2_common/hardware_xosc/xosc.c.obj
LOAD CMakeFiles/main.dir/pico/pico-sdk/src/rp2_common/pico_printf/printf.c.obj
LOAD CMakeFiles/main.dir/pico/pico-sdk/src/rp2_common/pico_bit_ops/bit_ops_aeabi.S.obj
LOAD CMakeFiles/main.dir/pico/pico-sdk/src/rp2_common/pico_bootrom/bootrom.c.obj
LOAD CMakeFiles/main.dir/pico/pico-sdk/src/rp2_common/pico_divider/divider.S.obj
LOAD CMakeFiles/main.dir/pico/pico-sdk/src/rp2_common/pico_double/double_aeabi.S.obj
LOAD CMakeFiles/main.dir/pico/pico-sdk/src/rp2_common/pico_double/double_init_rom.c.obj
LOAD CMakeFiles/main.dir/pico/pico-sdk/src/rp2_common/pico_double/double_math.c.obj
LOAD CMakeFiles/main.dir/pico/pico-sdk/src/rp2_common/pico_double/double_v1_rom_shim.S.obj
LOAD CMakeFiles/main.dir/pico/pico-sdk/src/rp2_common/pico_int64_ops/pico_int64_ops_aeabi.S.obj
LOAD CMakeFiles/main.dir/pico/pico-sdk/src/rp2_common/pico_float/float_aeabi.S.obj
LOAD CMakeFiles/main.dir/pico/pico-sdk/src/rp2_common/pico_float/float_init_rom.c.obj
LOAD CMakeFiles/main.dir/pico/pico-sdk/src/rp2_common/pico_float/float_math.c.obj
LOAD CMakeFiles/main.dir/pico/pico-sdk/src/rp2_common/pico_float/float_v1_rom_shim.S.obj
LOAD CMakeFiles/main.dir/pico/pico-sdk/src/rp2_common/pico_malloc/pico_malloc.c.obj
LOAD CMakeFiles/main.dir/pico/pico-sdk/src/rp2_common/pico_mem_ops/mem_ops_aeabi.S.obj
LOAD CMakeFiles/main.dir/pico/pico-sdk/src/rp2_common/pico_standard_link/crt0.S.obj
LOAD CMakeFiles/main.dir/pico/pico-sdk/src/rp2_common/pico_standard_link/new_delete.cpp.obj
LOAD CMakeFiles/main.dir/pico/pico-sdk/src/rp2_common/pico_standard_link/binary_info.c.obj
LOAD CMakeFiles/main.dir/pico/pico-sdk/src/rp2_common/pico_stdio/stdio.c.obj
LOAD CMakeFiles/main.dir/pico/pico-sdk/src/rp2_common/pico_stdio_uart/stdio_uart.c.obj
LOAD CMakeFiles/main.dir/pico/pico-sdk/src/rp2_common/pico_multicore/multicore.c.obj
LOAD CMakeFiles/main.dir/pico/pico-sdk/src/rp2_common/hardware_pio/pio.c.obj
LOAD /usr/lib/gcc/arm-none-eabi/10.3.1/../../../arm-none-eabi/lib/thumb/v6-m/nofp/libstdc++.a
LOAD /usr/lib/gcc/arm-none-eabi/10.3.1/../../../arm-none-eabi/lib/thumb/v6-m/nofp/libm.a
START GROUP
LOAD /usr/lib/gcc/arm-none-eabi/10.3.1/thumb/v6-m/nofp/libgcc.a
LOAD /usr/lib/gcc/arm-none-eabi/10.3.1/../../../arm-none-eabi/lib/thumb/v6-m/nofp/libc.a
END GROUP
START GROUP
LOAD /usr/lib/gcc/arm-none-eabi/10.3.1/thumb/v6-m/nofp/libgcc.a
LOAD /usr/lib/gcc/arm-none-eabi/10.3.1/../../../arm-none-eabi/lib/thumb/v6-m/nofp/libc.a
LOAD /usr/lib/gcc/arm-none-eabi/10.3.1/../../../arm-none-eabi/lib/thumb/v6-m/nofp/libnosys.a
END GROUP
OUTPUT(main.elf elf32-littlearm)
LOAD linker stubs

.comment        0x0000000000000000       0x33
 .comment       0x0000000000000000       0x33 CMakeFiles/main.dir/main.c.obj
                                         0x34 (size before relaxing)
 .comment       0x0000000000000033       0x34 CMakeFiles/main.dir/pico/pico-sdk/src/rp2_common/hardware_gpio/gpio.c.obj
 .comment       0x0000000000000033       0x34 CMakeFiles/main.dir/pico/pico-sdk/src/rp2_common/hardware_claim/claim.c.obj
 .comment       0x0000000000000033       0x34 CMakeFiles/main.dir/pico/pico-sdk/src/rp2_common/pico_platform/platform.c.obj
 .comment       0x0000000000000033       0x34 CMakeFiles/main.dir/pico/pico-sdk/src/rp2_common/hardware_sync/sync.c.obj
 .comment       0x0000000000000033       0x34 CMakeFiles/main.dir/pico/pico-sdk/src/rp2_common/hardware_irq/irq.c.obj
 .comment       0x0000000000000033       0x34 CMakeFiles/main.dir/pico/pico-sdk/src/common/pico_sync/lock_core.c.obj
 .comment       0x0000000000000033       0x34 CMakeFiles/main.dir/pico/pico-sdk/src/common/pico_time/time.c.obj
 .comment       0x0000000000000033       0x34 CMakeFiles/main.dir/pico/pico-sdk/src/rp2_common/hardware_timer/timer.c.obj
 .comment       0x0000000000000033       0x34 CMakeFiles/main.dir/pico/pico-sdk/src/common/pico_util/pheap.c.obj
 .comment       0x0000000000000033       0x34 CMakeFiles/main.dir/pico/pico-sdk/src/common/pico_sync/mutex.c.obj
 .comment       0x0000000000000033       0x34 CMakeFiles/main.dir/pico/pico-sdk/src/rp2_common/pico_runtime/runtime.c.obj
 .comment       0x0000000000000033       0x34 CMakeFiles/main.dir/pico/pico-sdk/src/rp2_common/hardware_clocks/clocks.c.obj
 .comment       0x0000000000000033       0x34 CMakeFiles/main.dir/pico/pico-sdk/src/rp2_common/hardware_pll/pll.c.obj
 .comment       0x0000000000000033       0x34 CMakeFiles/main.dir/pico/pico-sdk/src/rp2_common/hardware_watchdog/watchdog.c.obj
 .comment       0x0000000000000033       0x34 CMakeFiles/main.dir/pico/pico-sdk/src/rp2_common/hardware_xosc/xosc.c.obj
 .comment       0x0000000000000033       0x34 CMakeFiles/main.dir/pico/pico-sdk/src/rp2_common/pico_printf/printf.c.obj
 .comment       0x0000000000000033       0x34 CMakeFiles/main.dir/pico/pico-sdk/src/rp2_common/pico_bootrom/bootrom.c.obj
 .comment       0x0000000000000033       0x34 CMakeFiles/main.dir/pico/pico-sdk/src/rp2_common/pico_double/double_init_rom.c.obj
 .comment       0x0000000000000033       0x34 CMakeFiles/main.dir/pico/pico-sdk/src/rp2_common/pico_float/float_init_rom.c.obj
 .comment       0x0000000000000033       0x34 CMakeFiles/main.dir/pico/pico-sdk/src/rp2_common/pico_malloc/pico_malloc.c.obj
 .comment       0x0000000000000033       0x34 CMakeFiles/main.dir/pico/pico-sdk/src/rp2_common/pico_standard_link/binary_info.c.obj
 .comment       0x0000000000000033       0x34 CMakeFiles/main.dir/pico/pico-sdk/src/rp2_common/pico_stdio/stdio.c.obj
 .comment       0x0000000000000033       0x34 CMakeFiles/main.dir/pico/pico-sdk/src/rp2_common/hardware_pio/pio.c.obj
 .comment       0x0000000000000033       0x34 /usr/lib/gcc/arm-none-eabi/10.3.1/../../../arm-none-eabi/lib/thumb/v6-m/nofp/libc.a(lib_a-strlen-stub.o)

.ARM.attributes
                0x0000000000000000       0x2a
 .ARM.attributes
                0x0000000000000000       0x2c CMakeFiles/main.dir/main.c.obj
 .ARM.attributes
                0x000000000000002c       0x2c CMakeFiles/main.dir/pico/pico-sdk/src/rp2_common/hardware_gpio/gpio.c.obj
 .ARM.attributes
                0x0000000000000058       0x2c CMakeFiles/main.dir/pico/pico-sdk/src/rp2_common/hardware_claim/claim.c.obj
 .ARM.attributes
                0x0000000000000084       0x2c CMakeFiles/main.dir/pico/pico-sdk/src/rp2_common/pico_platform/platform.c.obj
 .ARM.attributes
                0x00000000000000b0       0x2c CMakeFiles/main.dir/pico/pico-sdk/src/rp2_common/hardware_sync/sync.c.obj
 .ARM.attributes
                0x00000000000000dc       0x2c CMakeFiles/main.dir/pico/pico-sdk/src/rp2_common/hardware_irq/irq.c.obj
 .ARM.attributes
                0x0000000000000108       0x22 CMakeFiles/main.dir/pico/pico-sdk/src/rp2_common/hardware_irq/irq_handler_chain.S.obj
 .ARM.attributes
                0x000000000000012a       0x2c CMakeFiles/main.dir/pico/pico-sdk/src/common/pico_sync/lock_core.c.obj
 .ARM.attributes
                0x0000000000000156       0x2c CMakeFiles/main.dir/pico/pico-sdk/src/common/pico_time/time.c.obj
 .ARM.attributes
                0x0000000000000182       0x2c CMakeFiles/main.dir/pico/pico-sdk/src/rp2_common/hardware_timer/timer.c.obj
 .ARM.attributes
                0x00000000000001ae       0x2c CMakeFiles/main.dir/pico/pico-sdk/src/common/pico_util/pheap.c.obj
 .ARM.attributes
                0x00000000000001da       0x2c CMakeFiles/main.dir/pico/pico-sdk/src/common/pico_sync/mutex.c.obj
 .ARM.attributes
                0x0000000000000206       0x2c CMakeFiles/main.dir/pico/pico-sdk/src/rp2_common/pico_runtime/runtime.c.obj
 .ARM.attributes
                0x0000000000000232       0x2c CMakeFiles/main.dir/pico/pico-sdk/src/rp2_common/hardware_clocks/clocks.c.obj
 .ARM.attributes
                0x000000000000025e       0x2c CMakeFiles/main.dir/pico/pico-sdk/src/rp2_common/hardware_pll/pll.c.obj
 .ARM.attributes
                0x000000000000028a       0x2c CMakeFiles/main.dir/pico/pico-sdk/src/rp2_common/hardware_watchdog/watchdog.c.obj
 .ARM.attributes
                0x00000000000002b6       0x2c CMakeFiles/main.dir/pico/pico-sdk/src/rp2_common/hardware_xosc/xosc.c.obj
 .ARM.attributes
                0x00000000000002e2       0x2c CMakeFiles/main.dir/pico/pico-sdk/src/rp2_common/pico_printf/printf.c.obj
 .ARM.attributes
                0x000000000000030e       0x22 CMakeFiles/main.dir/pico/pico-sdk/src/rp2_common/pico_bit_ops/bit_ops_aeabi.S.obj
 .ARM.attributes
                0x0000000000000330       0x2c CMakeFiles/main.dir/pico/pico-sdk/src/rp2_common/pico_bootrom/bootrom.c.obj
 .ARM.attributes
                0x000000000000035c       0x22 CMakeFiles/main.dir/pico/pico-sdk/src/rp2_common/pico_divider/divider.S.obj
 .ARM.attributes
                0x000000000000037e       0x22 CMakeFiles/main.dir/pico/pico-sdk/src/rp2_common/pico_double/double_aeabi.S.obj
 .ARM.attributes
                0x00000000000003a0       0x2c CMakeFiles/main.dir/pico/pico-sdk/src/rp2_common/pico_double/double_init_rom.c.obj
 .ARM.attributes
                0x00000000000003cc       0x22 CMakeFiles/main.dir/pico/pico-sdk/src/rp2_common/pico_double/double_v1_rom_shim.S.obj
 .ARM.attributes
                0x00000000000003ee       0x22 CMakeFiles/main.dir/pico/pico-sdk/src/rp2_common/pico_float/float_aeabi.S.obj
 .ARM.attributes
                0x0000000000000410       0x2c CMakeFiles/main.dir/pico/pico-sdk/src/rp2_common/pico_float/float_init_rom.c.obj
 .ARM.attributes
                0x000000000000043c       0x22 CMakeFiles/main.dir/pico/pico-sdk/src/rp2_common/pico_float/float_v1_rom_shim.S.obj
 .ARM.attributes
                0x000000000000045e       0x2c CMakeFiles/main.dir/pico/pico-sdk/src/rp2_common/pico_malloc/pico_malloc.c.obj
 .ARM.attributes
                0x000000000000048a       0x22 CMakeFiles/main.dir/pico/pico-sdk/src/rp2_common/pico_mem_ops/mem_ops_aeabi.S.obj
 .ARM.attributes
                0x00000000000004ac       0x22 CMakeFiles/main.dir/pico/pico-sdk/src/rp2_common/pico_standard_link/crt0.S.obj
 .ARM.attributes
                0x00000000000004ce       0x32 CMakeFiles/main.dir/pico/pico-sdk/src/rp2_common/pico_standard_link/binary_info.c.obj
 .ARM.attributes
                0x0000000000000500       0x2c CMakeFiles/main.dir/pico/pico-sdk/src/rp2_common/pico_stdio/stdio.c.obj
 .ARM.attributes
                0x000000000000052c       0x2c CMakeFiles/main.dir/pico/pico-sdk/src/rp2_common/hardware_pio/pio.c.obj
 .ARM.attributes
                0x0000000000000558       0x1e /usr/lib/gcc/arm-none-eabi/10.3.1/thumb/v6-m/nofp/libgcc.a(_dvmd_tls.o)
 .ARM.attributes
                0x0000000000000576       0x2c /usr/lib/gcc/arm-none-eabi/10.3.1/../../../arm-none-eabi/lib/thumb/v6-m/nofp/libc.a(lib_a-strlen-stub.o)

.debug_line     0x0000000000000000      0x1d2
 .debug_line    0x0000000000000000       0x60 /usr/lib/gcc/arm-none-eabi/10.3.1/thumb/v6-m/nofp/libgcc.a(_dvmd_tls.o)
 .debug_line    0x0000000000000060      0x172 /usr/lib/gcc/arm-none-eabi/10.3.1/../../../arm-none-eabi/lib/thumb/v6-m/nofp/libc.a(lib_a-strlen-stub.o)

.debug_info     0x0000000000000000      0x114
 .debug_info    0x0000000000000000       0x26 /usr/lib/gcc/arm-none-eabi/10.3.1/thumb/v6-m/nofp/libgcc.a(_dvmd_tls.o)
 .debug_info    0x0000000000000026       0xee /usr/lib/gcc/arm-none-eabi/10.3.1/../../../arm-none-eabi/lib/thumb/v6-m/nofp/libc.a(lib_a-strlen-stub.o)

.debug_abbrev   0x0000000000000000       0xa3
 .debug_abbrev  0x0000000000000000       0x14 /usr/lib/gcc/arm-none-eabi/10.3.1/thumb/v6-m/nofp/libgcc.a(_dvmd_tls.o)
 .debug_abbrev  0x0000000000000014       0x8f /usr/lib/gcc/arm-none-eabi/10.3.1/../../../arm-none-eabi/lib/thumb/v6-m/nofp/libc.a(lib_a-strlen-stub.o)

.debug_aranges  0x0000000000000000       0x40
 .debug_aranges
                0x0000000000000000       0x20 /usr/lib/gcc/arm-none-eabi/10.3.1/thumb/v6-m/nofp/libgcc.a(_dvmd_tls.o)
 .debug_aranges
                0x0000000000000020       0x20 /usr/lib/gcc/arm-none-eabi/10.3.1/../../../arm-none-eabi/lib/thumb/v6-m/nofp/libc.a(lib_a-strlen-stub.o)

.debug_str      0x0000000000000000      0x232
 .debug_str     0x0000000000000000       0xa6 /usr/lib/gcc/arm-none-eabi/10.3.1/thumb/v6-m/nofp/libgcc.a(_dvmd_tls.o)
 .debug_str     0x00000000000000a6      0x18c /usr/lib/gcc/arm-none-eabi/10.3.1/../../../arm-none-eabi/lib/thumb/v6-m/nofp/libc.a(lib_a-strlen-stub.o)
                                        0x1c5 (size before relaxing)

.debug_loc      0x0000000000000000       0x90
 .debug_loc     0x0000000000000000       0x90 /usr/lib/gcc/arm-none-eabi/10.3.1/../../../arm-none-eabi/lib/thumb/v6-m/nofp/libc.a(lib_a-strlen-stub.o)

.debug_frame    0x0000000000000000       0x28
 .debug_frame   0x0000000000000000       0x28 /usr/lib/gcc/arm-none-eabi/10.3.1/../../../arm-none-eabi/lib/thumb/v6-m/nofp/libc.a(lib_a-strlen-stub.o)
