Archive member included to satisfy reference by file (symbol)

c:/program files (x86)/atmel/studio/7.0/toolchain/arm/arm-gnu-toolchain/bin/../lib/gcc/arm-none-eabi/6.3.1/thumb/v7e-m\libgcc.a(_arm_addsubdf3.o)
                              hpl/sercom/hpl_sercom.o (__aeabi_dsub)
c:/program files (x86)/atmel/studio/7.0/toolchain/arm/arm-gnu-toolchain/bin/../lib/gcc/arm-none-eabi/6.3.1/thumb/v7e-m\libgcc.a(_arm_muldivdf3.o)
                              grid/grid_hardwaretest.o (__aeabi_dmul)
c:/program files (x86)/atmel/studio/7.0/toolchain/arm/arm-gnu-toolchain/bin/../lib/gcc/arm-none-eabi/6.3.1/thumb/v7e-m\libgcc.a(_arm_fixunsdfsi.o)
                              grid/grid_hardwaretest.o (__aeabi_d2uiz)
c:/program files (x86)/atmel/studio/7.0/toolchain/arm/arm-gnu-toolchain/bin/../lib/gcc/arm-none-eabi/6.3.1/thumb/v7e-m\libgcc.a(_aeabi_uldivmod.o)
                              hpl/sercom/hpl_sercom.o (__aeabi_uldivmod)
c:/program files (x86)/atmel/studio/7.0/toolchain/arm/arm-gnu-toolchain/bin/../lib/gcc/arm-none-eabi/6.3.1/thumb/v7e-m\libgcc.a(_udivmoddi4.o)
                              c:/program files (x86)/atmel/studio/7.0/toolchain/arm/arm-gnu-toolchain/bin/../lib/gcc/arm-none-eabi/6.3.1/thumb/v7e-m\libgcc.a(_aeabi_uldivmod.o) (__udivmoddi4)
c:/program files (x86)/atmel/studio/7.0/toolchain/arm/arm-gnu-toolchain/bin/../lib/gcc/arm-none-eabi/6.3.1/thumb/v7e-m\libgcc.a(_dvmd_tls.o)
                              c:/program files (x86)/atmel/studio/7.0/toolchain/arm/arm-gnu-toolchain/bin/../lib/gcc/arm-none-eabi/6.3.1/thumb/v7e-m\libgcc.a(_aeabi_uldivmod.o) (__aeabi_ldiv0)
c:/program files (x86)/atmel/studio/7.0/toolchain/arm/arm-gnu-toolchain/bin/../lib/gcc/arm-none-eabi/6.3.1/../../../../arm-none-eabi/lib/thumb/v7e-m\libc_nano.a(lib_a-exit.o)
                              c:/program files (x86)/atmel/studio/7.0/toolchain/arm/arm-gnu-toolchain/bin/../lib/gcc/arm-none-eabi/6.3.1/../../../../arm-none-eabi/lib/thumb/v7e-m/crt0.o (exit)
c:/program files (x86)/atmel/studio/7.0/toolchain/arm/arm-gnu-toolchain/bin/../lib/gcc/arm-none-eabi/6.3.1/../../../../arm-none-eabi/lib/thumb/v7e-m\libc_nano.a(lib_a-impure.o)
                              c:/program files (x86)/atmel/studio/7.0/toolchain/arm/arm-gnu-toolchain/bin/../lib/gcc/arm-none-eabi/6.3.1/../../../../arm-none-eabi/lib/thumb/v7e-m\libc_nano.a(lib_a-exit.o) (_global_impure_ptr)
c:/program files (x86)/atmel/studio/7.0/toolchain/arm/arm-gnu-toolchain/bin/../lib/gcc/arm-none-eabi/6.3.1/../../../../arm-none-eabi/lib/thumb/v7e-m\libc_nano.a(lib_a-init.o)
                              c:/program files (x86)/atmel/studio/7.0/toolchain/arm/arm-gnu-toolchain/bin/../lib/gcc/arm-none-eabi/6.3.1/../../../../arm-none-eabi/lib/thumb/v7e-m/crt0.o (__libc_init_array)
c:/program files (x86)/atmel/studio/7.0/toolchain/arm/arm-gnu-toolchain/bin/../lib/gcc/arm-none-eabi/6.3.1/../../../../arm-none-eabi/lib/thumb/v7e-m\libc_nano.a(lib_a-malloc.o)
                              grid/grid_ain.o (malloc)
c:/program files (x86)/atmel/studio/7.0/toolchain/arm/arm-gnu-toolchain/bin/../lib/gcc/arm-none-eabi/6.3.1/../../../../arm-none-eabi/lib/thumb/v7e-m\libc_nano.a(lib_a-memcpy-stub.o)
                              hpl/nvmctrl/hpl_nvmctrl.o (memcpy)
c:/program files (x86)/atmel/studio/7.0/toolchain/arm/arm-gnu-toolchain/bin/../lib/gcc/arm-none-eabi/6.3.1/../../../../arm-none-eabi/lib/thumb/v7e-m\libc_nano.a(lib_a-memset.o)
                              c:/program files (x86)/atmel/studio/7.0/toolchain/arm/arm-gnu-toolchain/bin/../lib/gcc/arm-none-eabi/6.3.1/../../../../arm-none-eabi/lib/thumb/v7e-m/crt0.o (memset)
c:/program files (x86)/atmel/studio/7.0/toolchain/arm/arm-gnu-toolchain/bin/../lib/gcc/arm-none-eabi/6.3.1/../../../../arm-none-eabi/lib/thumb/v7e-m\libc_nano.a(lib_a-nano-freer.o)
                              c:/program files (x86)/atmel/studio/7.0/toolchain/arm/arm-gnu-toolchain/bin/../lib/gcc/arm-none-eabi/6.3.1/../../../../arm-none-eabi/lib/thumb/v7e-m\libc_nano.a(lib_a-malloc.o) (_free_r)
c:/program files (x86)/atmel/studio/7.0/toolchain/arm/arm-gnu-toolchain/bin/../lib/gcc/arm-none-eabi/6.3.1/../../../../arm-none-eabi/lib/thumb/v7e-m\libc_nano.a(lib_a-nano-mallocr.o)
                              c:/program files (x86)/atmel/studio/7.0/toolchain/arm/arm-gnu-toolchain/bin/../lib/gcc/arm-none-eabi/6.3.1/../../../../arm-none-eabi/lib/thumb/v7e-m\libc_nano.a(lib_a-malloc.o) (_malloc_r)
c:/program files (x86)/atmel/studio/7.0/toolchain/arm/arm-gnu-toolchain/bin/../lib/gcc/arm-none-eabi/6.3.1/../../../../arm-none-eabi/lib/thumb/v7e-m\libc_nano.a(lib_a-printf.o)
                              grid/grid_d51.o (printf)
c:/program files (x86)/atmel/studio/7.0/toolchain/arm/arm-gnu-toolchain/bin/../lib/gcc/arm-none-eabi/6.3.1/../../../../arm-none-eabi/lib/thumb/v7e-m\libc_nano.a(lib_a-puts.o)
                              grid/grid_unittest.o (puts)
[...]
Memory Configuration

Name             Origin             Length             Attributes
rom              0x00004000         0x0007a000         xr
ram              0x20000000         0x00040000         xrw
bkupram          0x47000000         0x00002000         xrw
qspi             0x04000000         0x01000000         xrw
*default*        0x00000000         0xffffffff

Linker script and memory map

LOAD c:/program files (x86)/atmel/studio/7.0/toolchain/arm/arm-gnu-toolchain/bin/../lib/gcc/arm-none-eabi/6.3.1/thumb/v7e-m/crti.o
LOAD c:/program files (x86)/atmel/studio/7.0/toolchain/arm/arm-gnu-toolchain/bin/../lib/gcc/arm-none-eabi/6.3.1/thumb/v7e-m/crtbegin.o
LOAD c:/program files (x86)/atmel/studio/7.0/toolchain/arm/arm-gnu-toolchain/bin/../lib/gcc/arm-none-eabi/6.3.1/../../../../arm-none-eabi/lib/thumb/v7e-m/crt0.o
LOAD atmel_start.o
LOAD Device_Startup/startup_samd51.o
LOAD Device_Startup/system_samd51.o
LOAD driver_init.o
LOAD examples/driver_examples.o
LOAD flash/n25q256a.o
LOAD flash/spi_nor_flash.o
LOAD grid/grid_d51.o
LOAD grid/grid_debug.o
LOAD grid/grid_hardwaretest.o
LOAD grid/grid_msg.o
LOAD grid/grid_nvm.o
LOAD grid/grid_unittest.o
LOAD grid/grid_ain.o
LOAD grid/grid_buf.o
LOAD grid/grid_led.o
LOAD grid/grid_module.o
LOAD grid/grid_module_bu16_revb.o
LOAD grid/grid_module_en16_reva.o
LOAD grid/grid_module_pbf4_reva.o
LOAD grid/grid_module_po16_revb.o
LOAD grid/grid_sys.o
LOAD grid/grid_ui.o
LOAD grid/grid_usb.o
LOAD hal/src/hal_adc_async.o
LOAD hal/src/hal_atomic.o
LOAD hal/src/hal_cache.o
LOAD hal/src/hal_crc_sync.o
LOAD hal/src/hal_delay.o
LOAD hal/src/hal_evsys.o
LOAD hal/src/hal_flash.o
LOAD hal/src/hal_gpio.o
LOAD hal/src/hal_i2c_m_async.o
LOAD hal/src/hal_init.o
LOAD hal/src/hal_io.o
LOAD hal/src/hal_qspi_dma.o
LOAD hal/src/hal_rand_sync.o
LOAD hal/src/hal_sleep.o
LOAD hal/src/hal_spi_m_async.o
LOAD hal/src/hal_spi_m_dma.o
LOAD hal/src/hal_timer.o
LOAD hal/src/hal_usart_async.o
LOAD hal/src/hal_usart_sync.o
LOAD hal/src/hal_usb_device.o
LOAD hal/src/hal_wdt.o
LOAD hal/utils/src/utils_assert.o
LOAD hal/utils/src/utils_event.o
LOAD hal/utils/src/utils_list.o
LOAD hal/utils/src/utils_ringbuffer.o
LOAD hal/utils/src/utils_syscalls.o
LOAD hpl/adc/hpl_adc.o
LOAD hpl/cmcc/hpl_cmcc.o
LOAD hpl/core/hpl_core_m4.o
LOAD hpl/core/hpl_init.o
LOAD hpl/dmac/hpl_dmac.o
LOAD hpl/dsu/hpl_dsu.o
LOAD hpl/evsys/hpl_evsys.o
LOAD hpl/gclk/hpl_gclk.o
LOAD hpl/mclk/hpl_mclk.o
LOAD hpl/nvmctrl/hpl_nvmctrl.o
LOAD hpl/osc32kctrl/hpl_osc32kctrl.o
LOAD hpl/oscctrl/hpl_oscctrl.o
LOAD hpl/pac/hpl_pac.o
LOAD hpl/pm/hpl_pm.o
LOAD hpl/qspi/hpl_qspi.o
LOAD hpl/ramecc/hpl_ramecc.o
LOAD hpl/rtc/hpl_rtc.o
LOAD hpl/sercom/hpl_sercom.o
LOAD hpl/systick/hpl_systick.o
LOAD hpl/tc/hpl_tc.o
LOAD hpl/trng/hpl_trng.o
LOAD hpl/usb/hpl_usb.o
LOAD hpl/wdt/hpl_wdt.o
LOAD main.o
LOAD stdio_redirect/gcc/read.o
LOAD stdio_redirect/gcc/write.o
LOAD stdio_redirect/stdio_io.o
LOAD stdio_start.o
LOAD usb/class/cdc/device/cdcdf_acm.o
LOAD usb/class/hid/device/hiddf_generic.o
LOAD usb/class/hid/device/hiddf_keyboard.o
LOAD usb/class/hid/device/hiddf_mouse.o
LOAD usb/class/midi/device/audiodf_midi.o
LOAD usb/class/midi/usb_protocol_midi.o
LOAD usb/class/msc/device/mscdf.o
LOAD usb/device/usbdc.o
LOAD usb/usb_protocol.o
LOAD usb_start.o
START GROUP
LOAD c:/program files (x86)/atmel/studio/7.0/toolchain/arm/arm-gnu-toolchain/bin/../lib/gcc/arm-none-eabi/6.3.1/../../../../arm-none-eabi/lib/thumb/v7e-m\libm.a
END GROUP
START GROUP
LOAD c:/program files (x86)/atmel/studio/7.0/toolchain/arm/arm-gnu-toolchain/bin/../lib/gcc/arm-none-eabi/6.3.1/thumb/v7e-m\libgcc.a
LOAD c:/program files (x86)/atmel/studio/7.0/toolchain/arm/arm-gnu-toolchain/bin/../lib/gcc/arm-none-eabi/6.3.1/../../../../arm-none-eabi/lib/thumb/v7e-m\libc_nano.a
END GROUP
START GROUP
LOAD c:/program files (x86)/atmel/studio/7.0/toolchain/arm/arm-gnu-toolchain/bin/../lib/gcc/arm-none-eabi/6.3.1/thumb/v7e-m\libgcc.a
LOAD c:/program files (x86)/atmel/studio/7.0/toolchain/arm/arm-gnu-toolchain/bin/../lib/gcc/arm-none-eabi/6.3.1/../../../../arm-none-eabi/lib/thumb/v7e-m\libc_nano.a
END GROUP
LOAD c:/program files (x86)/atmel/studio/7.0/toolchain/arm/arm-gnu-toolchain/bin/../lib/gcc/arm-none-eabi/6.3.1/thumb/v7e-m/crtend.o
LOAD c:/program files (x86)/atmel/studio/7.0/toolchain/arm/arm-gnu-toolchain/bin/../lib/gcc/arm-none-eabi/6.3.1/thumb/v7e-m/crtn.o
                0x00010000                STACK_SIZE = DEFINED (STACK_SIZE)?STACK_SIZE:DEFINED (__stack_size__)?__stack_size__:0x10000

.text           0x00004000     0xf654
                0x00004000                . = ALIGN (0x4)
                0x00004000                _sfixed = .
 *(.vectors .vectors.*)
 .vectors       0x00004000      0x264 Device_Startup/startup_samd51.o
                0x00004000                exception_table
 *(.text .text.* .gnu.linkonce.t.*)
 .text          0x00004264       0x6c c:/program files (x86)/atmel/studio/7.0/toolchain/arm/arm-gnu-toolchain/bin/../lib/gcc/arm-none-eabi/6.3.1/thumb/v7e-m/crtbegin.o
 .text.atmel_start_init
                0x000042d0       0x20 atmel_start.o
                0x000042d0                atmel_start_init
 .text.Dummy_Handler
                0x000042f0        0x2 Device_Startup/startup_samd51.o
                0x000042f0                EIC_5_Handler
                0x000042f0                SVCall_Handler
                0x000042f0                EIC_13_Handler
                0x000042f0                EVSYS_0_Handler
                0x000042f0                TCC1_3_Handler
                0x000042f0                DAC_3_Handler
                0x000042f0                TRNG_Handler
                0x000042f0                HardFault_Handler
                0x000042f0                PDEC_2_Handler
                0x000042f0                EIC_4_Handler
                0x000042f0                AC_Handler
                0x000042f0                SysTick_Handler
                0x000042f0                TCC2_3_Handler
                0x000042f0                PendSV_Handler
                0x000042f0                TC7_Handler
                0x000042f0                EVSYS_3_Handler
                0x000042f0                PDEC_0_Handler
                0x000042f0                QSPI_Handler
                0x000042f0                NonMaskableInt_Handler
                0x000042f0                TCC0_0_Handler
                0x000042f0                EIC_3_Handler
                0x000042f0                MemManagement_Handler
                0x000042f0                DAC_2_Handler
                0x000042f0                UsageFault_Handler
                0x000042f0                EIC_10_Handler
                0x000042f0                EIC_11_Handler
                0x000042f0                EIC_9_Handler
                0x000042f0                OSC32KCTRL_Handler
                0x000042f0                TCC2_1_Handler
                0x000042f0                SUPC_1_Handler
                0x000042f0                TCC0_5_Handler
                0x000042f0                TCC0_6_Handler
                0x000042f0                EVSYS_1_Handler
                0x000042f0                TCC1_4_Handler
                0x000042f0                TC6_Handler
                0x000042f0                WDT_Handler
                0x000042f0                EIC_8_Handler
                0x000042f0                EIC_15_Handler
                0x000042f0                TC4_Handler
                0x000042f0                OSCCTRL_4_Handler
                0x000042f0                EIC_12_Handler
                0x000042f0                TCC4_2_Handler
                0x000042f0                PAC_Handler
                0x000042f0                TCC1_0_Handler
                0x000042f0                OSCCTRL_0_Handler
                0x000042f0                EIC_0_Handler
                0x000042f0                OSCCTRL_3_Handler
                0x000042f0                Dummy_Handler
                0x000042f0                TCC3_0_Handler
                0x000042f0                TCC2_2_Handler
                0x000042f0                TCC1_1_Handler
                0x000042f0                OSCCTRL_2_Handler
                0x000042f0                TCC1_2_Handler
                0x000042f0                SERCOM7_1_Handler
                0x000042f0                PM_Handler
                0x000042f0                SERCOM2_3_Handler
                0x000042f0                DAC_4_Handler
                0x000042f0                TCC3_2_Handler
                0x000042f0                SERCOM7_0_Handler
                0x000042f0                TCC0_2_Handler
                0x000042f0                TCC4_0_Handler
                0x000042f0                SERCOM7_3_Handler
                0x000042f0                SDHC1_Handler
                0x000042f0                SERCOM7_2_Handler
                0x000042f0                TCC2_0_Handler
                0x000042f0                PDEC_1_Handler
                0x000042f0                TCC4_1_Handler
                0x000042f0                SDHC0_Handler
                0x000042f0                I2S_Handler
                0x000042f0                EIC_2_Handler
                0x000042f0                PCC_Handler
                0x000042f0                DAC_0_Handler
                0x000042f0                TCC0_1_Handler
                0x000042f0                EIC_6_Handler
                0x000042f0                OSCCTRL_1_Handler
                0x000042f0                PUKCC_Handler
                0x000042f0                SERCOM2_1_Handler
                0x000042f0                EIC_1_Handler
                0x000042f0                EVSYS_4_Handler
                0x000042f0                EIC_7_Handler
                0x000042f0                SERCOM2_2_Handler
                0x000042f0                TCC3_1_Handler
                0x000042f0                EIC_14_Handler
                0x000042f0                DAC_1_Handler
                0x000042f0                MCLK_Handler
                0x000042f0                EVSYS_2_Handler
                0x000042f0                SUPC_0_Handler
                0x000042f0                BusFault_Handler
                0x000042f0                FREQM_Handler
                0x000042f0                TCC0_3_Handler
                0x000042f0                DebugMonitor_Handler
                0x000042f0                TCC0_4_Handler
                0x000042f0                TC5_Handler
                0x000042f0                SERCOM2_0_Handler
                0x000042f0                AES_Handler
                0x000042f0                ICM_Handler
 *fill*         0x000042f2        0x2 
 .text.Reset_Handler
                0x000042f4       0x78 Device_Startup/startup_samd51.o
                0x000042f4                Reset_Handler
 .text._gpio_set_pin_function
                0x0000436c       0x68 driver_init.o
 .text.gpio_set_pin_direction
                0x000043d4       0x68 driver_init.o
 .text.ADC_0_init
                0x0000443c       0x80 driver_init.o
                0x0000443c                ADC_0_init
 .text.ADC_1_init
                0x000044bc       0x84 driver_init.o
                0x000044bc                ADC_1_init
 .text.CRC_0_init
                0x00004540       0x24 driver_init.o
                0x00004540                CRC_0_init
 .text.EVENT_SYSTEM_0_init
                0x00004564       0x30 driver_init.o
                0x00004564                EVENT_SYSTEM_0_init
 .text.FLASH_0_CLOCK_init
                0x00004594       0x10 driver_init.o
                0x00004594                FLASH_0_CLOCK_init
 .text.FLASH_0_init
                0x000045a4       0x24 driver_init.o
                0x000045a4                FLASH_0_init
 .text.QSPI_INSTANCE_PORT_init
                0x000045c8       0xdc driver_init.o
                0x000045c8                QSPI_INSTANCE_PORT_init
 .text.QSPI_INSTANCE_CLOCK_init
                0x000046a4       0x20 driver_init.o
                0x000046a4                QSPI_INSTANCE_CLOCK_init
 .text.QSPI_INSTANCE_init
                0x000046c4       0x2c driver_init.o
                0x000046c4                QSPI_INSTANCE_init
 .text.USART_EAST_CLOCK_init
                0x000046f0       0x24 driver_init.o
                0x000046f0                USART_EAST_CLOCK_init
 .text.USART_EAST_PORT_init
                0x00004714       0x24 driver_init.o
                0x00004714                USART_EAST_PORT_init
 .text.USART_EAST_init
                0x00004738       0x38 driver_init.o
                0x00004738                USART_EAST_init
 .text.USART_NORTH_CLOCK_init
                0x00004770       0x24 driver_init.o
                0x00004770                USART_NORTH_CLOCK_init
 .text.USART_NORTH_PORT_init
                0x00004794       0x24 driver_init.o
                0x00004794                USART_NORTH_PORT_init
 .text.USART_NORTH_init
                0x000047b8       0x38 driver_init.o
                0x000047b8                USART_NORTH_init
 .text.GRID_AUX_PORT_init
                0x000047f0       0x24 driver_init.o
                0x000047f0                GRID_AUX_PORT_init
 .text.GRID_AUX_CLOCK_init
                0x00004814       0x24 driver_init.o
                0x00004814                GRID_AUX_CLOCK_init
 .text.GRID_AUX_init
                0x00004838       0x2c driver_init.o
                0x00004838                GRID_AUX_init
 .text.UI_SPI_PORT_init
                0x00004864       0x68 driver_init.o
                0x00004864                UI_SPI_PORT_init
 .text.UI_SPI_CLOCK_init
                0x000048cc       0x24 driver_init.o
                0x000048cc                UI_SPI_CLOCK_init
 .text.UI_SPI_init
                0x000048f0       0x2c driver_init.o
                0x000048f0                UI_SPI_init
 .text.USART_WEST_CLOCK_init
                0x0000491c       0x24 driver_init.o
                0x0000491c                USART_WEST_CLOCK_init
 .text.USART_WEST_PORT_init
                0x00004940       0x24 driver_init.o
                0x00004940                USART_WEST_PORT_init
 .text.USART_WEST_init
                0x00004964       0x38 driver_init.o
                0x00004964                USART_WEST_init
 .text.SYS_I2C_PORT_init
                0x0000499c       0x40 driver_init.o
                0x0000499c                SYS_I2C_PORT_init
 .text.SYS_I2C_CLOCK_init
                0x000049dc       0x24 driver_init.o
                0x000049dc                SYS_I2C_CLOCK_init
 .text.SYS_I2C_init
                0x00004a00       0x2c driver_init.o
                0x00004a00                SYS_I2C_init
 .text.USART_SOUTH_CLOCK_init
                0x00004a2c       0x24 driver_init.o
                0x00004a2c                USART_SOUTH_CLOCK_init
 .text.USART_SOUTH_PORT_init
                0x00004a50       0x24 driver_init.o
                0x00004a50                USART_SOUTH_PORT_init
 .text.USART_SOUTH_init
                0x00004a74       0x38 driver_init.o
                0x00004a74                USART_SOUTH_init
 .text.GRID_LED_PORT_init
                0x00004aac       0x68 driver_init.o
                0x00004aac                GRID_LED_PORT_init
 .text.GRID_LED_CLOCK_init
                0x00004b14       0x24 driver_init.o
                0x00004b14                GRID_LED_CLOCK_init
 .text.GRID_LED_init
                0x00004b38       0x2c driver_init.o
                0x00004b38                GRID_LED_init
 .text.delay_driver_init
                0x00004b64       0x10 driver_init.o
                0x00004b64                delay_driver_init
 .text.RAND_0_CLOCK_init
                0x00004b74       0x10 driver_init.o
                0x00004b74                RAND_0_CLOCK_init
 .text.RAND_0_init
                0x00004b84       0x24 driver_init.o
                0x00004b84                RAND_0_init
 .text.USB_DEVICE_INSTANCE_PORT_init
                0x00004ba8       0x60 driver_init.o
                0x00004ba8                USB_DEVICE_INSTANCE_PORT_init
 .text.USB_DEVICE_INSTANCE_CLOCK_init
                0x00004c08       0x24 driver_init.o
                0x00004c08                USB_DEVICE_INSTANCE_CLOCK_init
 .text.USB_DEVICE_INSTANCE_init
                0x00004c2c       0x20 driver_init.o
                0x00004c2c                USB_DEVICE_INSTANCE_init
 .text.WDT_0_CLOCK_init
                0x00004c4c       0x10 driver_init.o
                0x00004c4c                WDT_0_CLOCK_init
 .text.WDT_0_init
                0x00004c5c       0x24 driver_init.o
                0x00004c5c                WDT_0_init
 .text.system_init
                0x00004c80      0x2b0 driver_init.o
                0x00004c80                system_init
 .text.grid_d51_bitmap_write_bit
                0x00004f30       0x3a grid/grid_d51.o
                0x00004f30                grid_d51_bitmap_write_bit
 *fill*         0x00004f6a        0x2 
 .text.grid_d51_verify_user_row
                0x00004f6c      0x198 grid/grid_d51.o
                0x00004f6c                grid_d51_verify_user_row
 .text.grid_d51_init
                0x00005104       0x4c grid/grid_d51.o
                0x00005104                grid_d51_init
 .text.grid_msg_header_set_len
                0x00005150       0x20 grid/grid_msg.o
                0x00005150                grid_msg_header_set_len
 .text.grid_msg_header_set_id
                0x00005170       0x20 grid/grid_msg.o
                0x00005170                grid_msg_header_set_id
 .text.grid_msg_header_set_dx
                0x00005190       0x20 grid/grid_msg.o
                0x00005190                grid_msg_header_set_dx
 .text.grid_msg_header_get_dx
                0x000051b0       0x1c grid/grid_msg.o
                0x000051b0                grid_msg_header_get_dx
 .text.grid_msg_header_set_dy
                0x000051cc       0x20 grid/grid_msg.o
                0x000051cc                grid_msg_header_set_dy
 .text.grid_msg_header_get_dy
                0x000051ec       0x1c grid/grid_msg.o
                0x000051ec                grid_msg_header_get_dy
 .text.grid_msg_header_set_rot
                0x00005208       0x20 grid/grid_msg.o
                0x00005208                grid_msg_header_set_rot
 .text.grid_msg_header_set_age
                0x00005228       0x20 grid/grid_msg.o
                0x00005228                grid_msg_header_set_age
 .text.grid_msg_packet_get_length
                0x00005248       0x12 grid/grid_msg.o
                0x00005248                grid_msg_packet_get_length
 .text.grid_msg_body_get_length
                0x0000525a        0x6 grid/grid_msg.o
                0x0000525a                grid_msg_body_get_length
 .text.grid_msg_body_append_text
                0x00005260       0x20 grid/grid_msg.o
                0x00005260                grid_msg_body_append_text
 .text.grid_msg_body_append_text_escaped
                0x00005280       0x36 grid/grid_msg.o
                0x00005280                grid_msg_body_append_text_escaped
 *fill*         0x000052b6        0x2 
 .text.grid_msg_text_get_parameter
                0x000052b8       0x18 grid/grid_msg.o
                0x000052b8                grid_msg_text_get_parameter
 .text.grid_msg_text_set_parameter
                0x000052d0       0x18 grid/grid_msg.o
                0x000052d0                grid_msg_text_set_parameter
 .text.grid_msg_init
                0x000052e8       0x44 grid/grid_msg.o
                0x000052e8                grid_msg_init
 .text.grid_msg_init_header
                0x0000532c       0x74 grid/grid_msg.o
                0x0000532c                grid_msg_init_header
 .text.grid_msg_packet_receive_char
                0x000053a0       0x4e grid/grid_msg.o
                0x000053a0                grid_msg_packet_receive_char
 .text.grid_msg_packet_send_char
                0x000053ee       0x3a grid/grid_msg.o
                0x000053ee                grid_msg_packet_send_char
 .text.grid_msg_packet_close
                0x00005428       0xd4 grid/grid_msg.o
                0x00005428                grid_msg_packet_close
 .text.grid_msg_packet_send_everywhere
                0x000054fc       0x5c grid/grid_msg.o
                0x000054fc                grid_msg_packet_send_everywhere
 .text.grid_nvm_ui_bulk_read_init
                0x00005558        0xe grid/grid_nvm.o
                0x00005558                grid_nvm_ui_bulk_read_init
 .text.grid_nvm_ui_bulk_read_is_in_progress
                0x00005566        0x6 grid/grid_nvm.o
                0x00005566                grid_nvm_ui_bulk_read_is_in_progress
 .text.grid_nvm_ui_bulk_read_next
                0x0000556c      0x100 grid/grid_nvm.o
                0x0000556c                grid_nvm_ui_bulk_read_next
 .text.grid_nvm_ui_bulk_clear_init
                0x0000566c        0xe grid/grid_nvm.o
                0x0000566c                grid_nvm_ui_bulk_clear_init
 .text.grid_nvm_ui_bulk_clear_is_in_progress
                0x0000567a        0x6 grid/grid_nvm.o
                0x0000567a                grid_nvm_ui_bulk_clear_is_in_progress
 .text.grid_nvm_ui_bulk_clear_next
                0x00005680      0x198 grid/grid_nvm.o
                0x00005680                grid_nvm_ui_bulk_clear_next
 .text.grid_nvm_clear_read_buffer
                0x00005818       0x20 grid/grid_nvm.o
                0x00005818                grid_nvm_clear_read_buffer
 .text.grid_nvm_clear_write_buffer
                0x00005838       0x28 grid/grid_nvm.o
                0x00005838                grid_nvm_clear_write_buffer
 .text.grid_nvm_init
                0x00005860       0x44 grid/grid_nvm.o
                0x00005860                grid_nvm_init
 .text.grid_nvm_calculate_event_page_offset
                0x000058a4       0x1c grid/grid_nvm.o
                0x000058a4                grid_nvm_calculate_event_page_offset
 .text.grid_ain_channel_init
                0x000058c0       0x34 grid/grid_ain.o
                0x000058c0                grid_ain_channel_init
 .text.grid_ain_init
                0x000058f4       0x44 grid/grid_ain.o
                0x000058f4                grid_ain_init
 .text.grid_ain_add_sample
                0x00005938       0xd0 grid/grid_ain.o
                0x00005938                grid_ain_add_sample
 .text.grid_ain_get_changed
                0x00005a08       0x10 grid/grid_ain.o
                0x00005a08                grid_ain_get_changed
 .text.grid_ain_get_average
                0x00005a18       0x28 grid/grid_ain.o
                0x00005a18                grid_ain_get_average
 .text.grid_port_reset_receiver
                0x00005a40       0xac grid/grid_buf.o
                0x00005a40                grid_port_reset_receiver
 .text.grid_buffer_init
                0x00005aec       0x3c grid/grid_buf.o
                0x00005aec                grid_buffer_init
 .text.grid_buffer_get_space
                0x00005b28       0x18 grid/grid_buf.o
                0x00005b28                grid_buffer_get_space
 .text.grid_buffer_write_init
                0x00005b40       0x3c grid/grid_buf.o
                0x00005b40                grid_buffer_write_init
 .text.grid_buffer_write_character
                0x00005b7c       0x1e grid/grid_buf.o
                0x00005b7c                grid_buffer_write_character
 *fill*         0x00005b9a        0x2 
 .text.grid_buffer_write_acknowledge
                0x00005b9c       0x28 grid/grid_buf.o
                0x00005b9c                grid_buffer_write_acknowledge
 .text.grid_port_receive_decode
                0x00005bc4      0x4d4 grid/grid_buf.o
                0x00005bc4                grid_port_receive_decode
 .text.grid_port_receive_task
                0x00006098      0x17c grid/grid_buf.o
                0x00006098                grid_port_receive_task
 .text.grid_buffer_read_size
                0x00006214       0x52 grid/grid_buf.o
                0x00006214                grid_buffer_read_size
 .text.grid_buffer_read_init
                0x00006266       0x66 grid/grid_buf.o
                0x00006266                grid_buffer_read_init
 .text.grid_buffer_read_character
                0x000062cc       0x2a grid/grid_buf.o
                0x000062cc                grid_buffer_read_character
 .text.grid_buffer_read_acknowledge
                0x000062f6       0x16 grid/grid_buf.o
                0x000062f6                grid_buffer_read_acknowledge
 .text.grid_port_init
                0x0000630c      0x164 grid/grid_buf.o
                0x0000630c                grid_port_init
 .text.grid_port_init_all
                0x00006470       0xa4 grid/grid_buf.o
                0x00006470                grid_port_init_all
 .text.grid_port_process_inbound
                0x00006514      0x1cc grid/grid_buf.o
                0x00006514                grid_port_process_inbound
 .text.grid_port_process_outbound_usb
                0x000066e0      0x2f8 grid/grid_buf.o
                0x000066e0                grid_port_process_outbound_usb
 .text.grid_port_process_outbound_ui
                0x000069d8      0xc58 grid/grid_buf.o
                0x000069d8                grid_port_process_outbound_ui
 .text.grid_port_process_outbound_usart
                0x00007630       0x6c grid/grid_buf.o
                0x00007630                grid_port_process_outbound_usart
 .text.grid_led_lowlevel_hardware_transfer_complete_cb
                0x0000769c        0xc grid/grid_led.o
                0x0000769c                grid_led_lowlevel_hardware_transfer_complete_cb
 .text.grid_led_lowlevel_set_color
                0x000076a8       0x4c grid/grid_led.o
                0x000076a8                grid_led_lowlevel_set_color
 .text.grid_led_hardware_init
                0x000076f4       0x2c grid/grid_led.o
                0x000076f4                grid_led_hardware_init
 .text.grid_led_get_led_number
                0x00007720        0x4 grid/grid_led.o
                0x00007720                grid_led_get_led_number
 .text.grid_led_tick
                0x00007724       0x34 grid/grid_led.o
                0x00007724                grid_led_tick
 .text.grid_led_set_min
                0x00007758       0x20 grid/grid_led.o
                0x00007758                grid_led_set_min
 .text.grid_led_set_mid
                0x00007778       0x20 grid/grid_led.o
                0x00007778                grid_led_set_mid
 .text.grid_led_set_max
                0x00007798       0x20 grid/grid_led.o
                0x00007798                grid_led_set_max
 .text.grid_led_set_color
                0x000077b8       0x6c grid/grid_led.o
                0x000077b8                grid_led_set_color
 .text.grid_led_set_phase
                0x00007824       0x14 grid/grid_led.o
                0x00007824                grid_led_set_phase
 .text.grid_led_set_frequency
                0x00007838       0x14 grid/grid_led.o
                0x00007838                grid_led_set_frequency
 .text.grid_led_buffer_init
                0x0000784c      0x16c grid/grid_led.o
                0x0000784c                grid_led_buffer_init
 .text.grid_led_lowlevel_init
                0x000079b8       0xb0 grid/grid_led.o
                0x000079b8                grid_led_lowlevel_init
 .text.grid_led_lowlevel_render
                0x00007a68       0xb0 grid/grid_led.o
                0x00007a68                grid_led_lowlevel_render
 .text.grid_led_lowlevel_render_all
                0x00007b18       0x20 grid/grid_led.o
                0x00007b18                grid_led_lowlevel_render_all
 .text.grid_led_lowlevel_hardware_start_transfer
                0x00007b38       0x30 grid/grid_led.o
                0x00007b38                grid_led_lowlevel_hardware_start_transfer
 .text.grid_module_common_init
                0x00007b68      0x250 grid/grid_module.o
                0x00007b68                grid_module_common_init
 .text.grid_module_bu16_revb_hardware_start_transfer
                0x00007db8       0x20 grid/grid_module_bu16_revb.o
                0x00007db8                grid_module_bu16_revb_hardware_start_transfer
 .text.grid_module_bu16_revb_hardware_transfer_complete_cb
                0x00007dd8      0x27c grid/grid_module_bu16_revb.o
 .text.grid_module_bu16_revb_hardware_init
                0x00008054       0x48 grid/grid_module_bu16_revb.o
                0x00008054                grid_module_bu16_revb_hardware_init
 .text.grid_module_bu16_revb_init
                0x0000809c       0x70 grid/grid_module_bu16_revb.o
                0x0000809c                grid_module_bu16_revb_init
 .text.grid_module_en16_reva_hardware_start_transfer
                0x0000810c       0x3c grid/grid_module_en16_reva.o
                0x0000810c                grid_module_en16_reva_hardware_start_transfer
 .text.grid_module_en16_reva_hardware_transfer_complete_cb
                0x00008148      0x310 grid/grid_module_en16_reva.o
                0x00008148                grid_module_en16_reva_hardware_transfer_complete_cb
 .text.grid_module_en16_reva_hardware_init
                0x00008458       0x68 grid/grid_module_en16_reva.o
                0x00008458                grid_module_en16_reva_hardware_init
 .text.grid_module_en16_reva_init
                0x000084c0       0xa0 grid/grid_module_en16_reva.o
                0x000084c0                grid_module_en16_reva_init
 .text.grid_module_pbf4_reva_hardware_start_transfer
                0x00008560       0x20 grid/grid_module_pbf4_reva.o
                0x00008560                grid_module_pbf4_reva_hardware_start_transfer
 .text.grid_module_pbf4_reva_hardware_transfer_complete_cb
                0x00008580      0x354 grid/grid_module_pbf4_reva.o
                0x00008580                grid_module_pbf4_reva_hardware_transfer_complete_cb
 .text.grid_module_pbf4_reva_hardware_init
                0x000088d4       0x48 grid/grid_module_pbf4_reva.o
                0x000088d4                grid_module_pbf4_reva_hardware_init
 .text.grid_module_pbf4_reva_init
                0x0000891c       0x84 grid/grid_module_pbf4_reva.o
                0x0000891c                grid_module_pbf4_reva_init
 .text.grid_module_po16_revb_hardware_start_transfer
                0x000089a0       0x20 grid/grid_module_po16_revb.o
                0x000089a0                grid_module_po16_revb_hardware_start_transfer
 .text.grid_module_po16_revb_hardware_transfer_complete_cb
                0x000089c0      0x240 grid/grid_module_po16_revb.o
 .text.grid_module_po16_revb_hardware_init
                0x00008c00       0x48 grid/grid_module_po16_revb.o
                0x00008c00                grid_module_po16_revb_hardware_init
 .text.grid_module_po16_revb_init
                0x00008c48       0x80 grid/grid_module_po16_revb.o
                0x00008c48                grid_module_po16_revb_init
 .text.gpio_set_pin_pull_mode.constprop.3
                0x00008cc8       0x28 grid/grid_sys.o
 .text.grid_task_enter_task
                0x00008cf0        0x8 grid/grid_sys.o
                0x00008cf0                grid_task_enter_task
 .text.grid_task_timer_tick
                0x00008cf8        0xe grid/grid_sys.o
                0x00008cf8                grid_task_timer_tick
 .text.grid_task_timer_reset
                0x00008d06       0x10 grid/grid_sys.o
                0x00008d06                grid_task_timer_reset
 .text.grid_task_timer_read
                0x00008d16        0x8 grid/grid_sys.o
                0x00008d16                grid_task_timer_read
 *fill*         0x00008d1e        0x2 
 .text.grid_sys_nvm_store_configuration
                0x00008d20      0x1f4 grid/grid_sys.o
                0x00008d20                grid_sys_nvm_store_configuration
 .text.grid_sys_recall_configuration
                0x00008f14      0x15c grid/grid_sys.o
                0x00008f14                grid_sys_recall_configuration
 .text.grid_sys_nvm_load_configuration
                0x00009070       0xf4 grid/grid_sys.o
                0x00009070                grid_sys_nvm_load_configuration
 .text.grid_sys_nvm_clear_configuration
                0x00009164       0x9c grid/grid_sys.o
                0x00009164                grid_sys_nvm_clear_configuration
 .text.grid_debug_print_text
                0x00009200       0xe4 grid/grid_sys.o
                0x00009200                grid_debug_print_text
 .text.tx_cb_USART_GRID
                0x000092e4       0x1a grid/grid_sys.o
                0x000092e4                tx_cb_USART_GRID
 *fill*         0x000092fe        0x2 
 .text.tx_cb_USART_GRID_W
                0x00009300       0x10 grid/grid_sys.o
 .text.tx_cb_USART_GRID_S
                0x00009310       0x10 grid/grid_sys.o
 .text.tx_cb_USART_GRID_E
                0x00009320       0x10 grid/grid_sys.o
 .text.tx_cb_USART_GRID_N
                0x00009330       0x10 grid/grid_sys.o
 .text.err_cb_USART_GRID
                0x00009340       0x10 grid/grid_sys.o
                0x00009340                err_cb_USART_GRID
 .text.err_cb_USART_GRID_W
                0x00009350       0x10 grid/grid_sys.o
 .text.err_cb_USART_GRID_S
                0x00009360       0x10 grid/grid_sys.o
 .text.err_cb_USART_GRID_E
                0x00009370       0x10 grid/grid_sys.o
 .text.err_cb_USART_GRID_N
                0x00009380       0x10 grid/grid_sys.o
 .text.grid_sys_port_reset_dma
                0x00009390       0x20 grid/grid_sys.o
                0x00009390                grid_sys_port_reset_dma
 .text.dma_transfer_complete_n_cb
                0x000093b0       0x10 grid/grid_sys.o
                0x000093b0                dma_transfer_complete_n_cb
 .text.dma_transfer_complete_e_cb
                0x000093c0       0x10 grid/grid_sys.o
                0x000093c0                dma_transfer_complete_e_cb
 .text.dma_transfer_complete_s_cb
                0x000093d0       0x10 grid/grid_sys.o
                0x000093d0                dma_transfer_complete_s_cb
 .text.dma_transfer_complete_w_cb
                0x000093e0       0x10 grid/grid_sys.o
                0x000093e0                dma_transfer_complete_w_cb
 .text.grid_sys_uart_init
                0x000093f0      0x104 grid/grid_sys.o
                0x000093f0                grid_sys_uart_init
 .text.grid_sys_dma_rx_init_one
                0x000094f4       0x64 grid/grid_sys.o
                0x000094f4                grid_sys_dma_rx_init_one
 .text.grid_sys_dma_rx_init
                0x00009558       0x6c grid/grid_sys.o
                0x00009558                grid_sys_dma_rx_init
 .text.grid_sys_init
                0x000095c4       0xa0 grid/grid_sys.o
                0x000095c4                grid_sys_init
 .text.grid_sys_bank_enable
                0x00009664        0xc grid/grid_sys.o
                0x00009664                grid_sys_bank_enable
 .text.grid_sys_bank_disable
                0x00009670        0xc grid/grid_sys.o
                0x00009670                grid_sys_bank_disable
 .text.grid_sys_bank_set_color
                0x0000967c       0x16 grid/grid_sys.o
                0x0000967c                grid_sys_bank_set_color
 .text.grid_sys_get_bank_num
                0x00009692        0x4 grid/grid_sys.o
                0x00009692                grid_sys_get_bank_num
 .text.grid_sys_get_bank_valid
                0x00009696        0x6 grid/grid_sys.o
                0x00009696                grid_sys_get_bank_valid
 .text.grid_sys_get_bank_red
                0x0000969c        0x6 grid/grid_sys.o
                0x0000969c                grid_sys_get_bank_red
 .text.grid_sys_get_bank_gre
                0x000096a2        0x6 grid/grid_sys.o
                0x000096a2                grid_sys_get_bank_gre
 .text.grid_sys_get_bank_blu
                0x000096a8        0x6 grid/grid_sys.o
                0x000096a8                grid_sys_get_bank_blu
 .text.grid_sys_get_bank_next
                0x000096ae       0x24 grid/grid_sys.o
                0x000096ae                grid_sys_get_bank_next
 .text.grid_sys_get_bank_number_of_first_valid
                0x000096d2       0x1a grid/grid_sys.o
                0x000096d2                grid_sys_get_bank_number_of_first_valid
 .text.grid_sys_set_bank
                0x000096ec       0x48 grid/grid_sys.o
                0x000096ec                grid_sys_set_bank
 .text.grid_sys_rtc_get_time
                0x00009734        0x4 grid/grid_sys.o
                0x00009734                grid_sys_rtc_get_time
 .text.grid_sys_rtc_get_elapsed_time
                0x00009738        0x6 grid/grid_sys.o
                0x00009738                grid_sys_rtc_get_elapsed_time
 .text.grid_sys_rtc_tick_time
                0x0000973e       0x12 grid/grid_sys.o
                0x0000973e                grid_sys_rtc_tick_time
 .text.grid_sys_alert_read_color_changed_flag
                0x00009750        0x4 grid/grid_sys.o
                0x00009750                grid_sys_alert_read_color_changed_flag
 .text.grid_sys_alert_clear_color_changed_flag
                0x00009754        0x6 grid/grid_sys.o
                0x00009754                grid_sys_alert_clear_color_changed_flag
 .text.grid_sys_alert_get_color_intensity
                0x0000975a       0x42 grid/grid_sys.o
                0x0000975a                grid_sys_alert_get_color_intensity
 .text.grid_sys_alert_set_alert
                0x0000979c       0x1a grid/grid_sys.o
                0x0000979c                grid_sys_alert_set_alert
 .text.grid_sys_alert_get_color_r
                0x000097b6        0x4 grid/grid_sys.o
                0x000097b6                grid_sys_alert_get_color_r
 .text.grid_sys_alert_get_color_g
                0x000097ba        0x4 grid/grid_sys.o
                0x000097ba                grid_sys_alert_get_color_g
 .text.grid_sys_alert_get_color_b
                0x000097be        0x4 grid/grid_sys.o
                0x000097be                grid_sys_alert_get_color_b
 .text.grid_sys_read_hex_char_value
                0x000097c2       0x28 grid/grid_sys.o
                0x000097c2                grid_sys_read_hex_char_value
 *fill*         0x000097ea        0x2 
 .text.grid_sys_read_hex_string_value
                0x000097ec       0x30 grid/grid_sys.o
                0x000097ec                grid_sys_read_hex_string_value
 .text.grid_sys_write_hex_string_value
                0x0000981c       0x34 grid/grid_sys.o
                0x0000981c                grid_sys_write_hex_string_value
 .text.grid_sys_get_id
                0x00009850       0x2c grid/grid_sys.o
                0x00009850                grid_sys_get_id
 .text.grid_sys_get_hwcfg
                0x0000987c       0xe4 grid/grid_sys.o
                0x0000987c                grid_sys_get_hwcfg
 .text.grid_msg_calculate_checksum_of_packet_string
                0x00009960       0x1a grid/grid_sys.o
                0x00009960                grid_msg_calculate_checksum_of_packet_string
 *fill*         0x0000997a        0x2 
 .text.grid_msg_checksum_read
                0x0000997c       0x1c grid/grid_sys.o
                0x0000997c                grid_msg_checksum_read
 .text.grid_msg_checksum_write
                0x00009998       0x10 grid/grid_sys.o
                0x00009998                grid_msg_checksum_write
 .text.grid_msg_get_parameter
                0x000099a8       0x18 grid/grid_sys.o
                0x000099a8                grid_msg_get_parameter
 .text.grid_msg_set_parameter
                0x000099c0       0x14 grid/grid_sys.o
                0x000099c0                grid_msg_set_parameter
 .text.grid_msg_find_recent
                0x000099d4       0x1a grid/grid_sys.o
                0x000099d4                grid_msg_find_recent
 .text.grid_msg_push_recent
                0x000099ee       0x16 grid/grid_sys.o
                0x000099ee                grid_msg_push_recent
 .text.grid_ui_model_init
                0x00009a04       0x34 grid/grid_ui.o
                0x00009a04                grid_ui_model_init
 .text.grid_ui_bank_init
                0x00009a38       0x40 grid/grid_ui.o
                0x00009a38                grid_ui_bank_init
 .text.grid_ui_nvm_load_all_configuration
                0x00009a78       0x10 grid/grid_ui.o
                0x00009a78                grid_ui_nvm_load_all_configuration
 .text.grid_ui_nvm_clear_all_configuration
                0x00009a88       0x10 grid/grid_ui.o
                0x00009a88                grid_ui_nvm_clear_all_configuration
 .text.grid_ui_recall_event_configuration
                0x00009a98      0x22c grid/grid_ui.o
                0x00009a98                grid_ui_recall_event_configuration
 .text.grid_ui_nvm_store_event_configuration
                0x00009cc4      0x1e0 grid/grid_ui.o
                0x00009cc4                grid_ui_nvm_store_event_configuration
 .text.grid_ui_nvm_store_all_configuration
                0x00009ea4      0x108 grid/grid_ui.o
                0x00009ea4                grid_ui_nvm_store_all_configuration
 .text.grid_ui_nvm_load_event_configuration
                0x00009fac       0x78 grid/grid_ui.o
                0x00009fac                grid_ui_nvm_load_event_configuration
 .text.grid_ui_nvm_clear_event_configuration
                0x0000a024       0x28 grid/grid_ui.o
                0x0000a024                grid_ui_nvm_clear_event_configuration
 .text.grid_ui_event_find
                0x0000a04c       0x2a grid/grid_ui.o
                0x0000a04c                grid_ui_event_find
 .text.grid_ui_event_trigger
                0x0000a076       0x14 grid/grid_ui.o
                0x0000a076                grid_ui_event_trigger
 .text.grid_ui_event_render_action
                0x0000a08a       0x46 grid/grid_ui.o
                0x0000a08a                grid_ui_event_render_action
 .text.grid_port_process_ui
                0x0000a0d0      0x474 grid/grid_ui.o
                0x0000a0d0                grid_port_process_ui
 .text.grid_ui_event_template_action
                0x0000a544      0x240 grid/grid_ui.o
                0x0000a544                grid_ui_event_template_action
 .text.grid_ui_event_register_actionstring
                0x0000a784      0x114 grid/grid_ui.o
                0x0000a784                grid_ui_event_register_actionstring
 .text.grid_ui_event_generate_actionstring
                0x0000a898      0x12c grid/grid_ui.o
                0x0000a898                grid_ui_event_generate_actionstring
 .text.grid_ui_reinit
                0x0000a9c4       0x78 grid/grid_ui.o
                0x0000a9c4                grid_ui_reinit
 .text.grid_ui_smart_trigger
                0x0000aa3c       0x50 grid/grid_ui.o
                0x0000aa3c                grid_ui_smart_trigger
 .text.grid_ui_event_register_eventstring
                0x0000aa8c      0x16c grid/grid_ui.o
                0x0000aa8c                grid_ui_event_register_eventstring
 .text.grid_ui_event_generate_eventstring
                0x0000abf8       0xe0 grid/grid_ui.o
                0x0000abf8                grid_ui_event_generate_eventstring
 .text.grid_ui_event_init
                0x0000acd8       0xb0 grid/grid_ui.o
                0x0000acd8                grid_ui_event_init
 .text.grid_ui_element_init
                0x0000ad88      0x114 grid/grid_ui.o
                0x0000ad88                grid_ui_element_init
 .text.grid_usb_serial_bulkin_cb
                0x0000ae9c        0x4 grid/grid_usb.o
 .text.grid_usb_serial_statechange_cb
                0x0000aea0       0x28 grid/grid_usb.o
 .text.grid_usb_midi_bulkin_cb
                0x0000aec8       0x28 grid/grid_usb.o
 .text.grid_usb_midi_bulkout_cb
                0x0000aef0       0x28 grid/grid_usb.o
 .text.grid_usb_serial_bulkout_cb
                0x0000af18        0x4 grid/grid_usb.o
 .text.grid_usb_serial_init
                0x0000af1c       0x10 grid/grid_usb.o
                0x0000af1c                grid_usb_serial_init
 .text.grid_keyboard_cleanup
                0x0000af2c       0x5a grid/grid_usb.o
                0x0000af2c                grid_keyboard_cleanup
 *fill*         0x0000af86        0x2 
 .text.grid_keyboard_keychange
                0x0000af88      0x158 grid/grid_usb.o
                0x0000af88                grid_keyboard_keychange
 .text.grid_midi_buffer_init
                0x0000b0e0       0x26 grid/grid_usb.o
                0x0000b0e0                grid_midi_buffer_init
 *fill*         0x0000b106        0x2 
 .text.grid_usb_midi_init
                0x0000b108       0x48 grid/grid_usb.o
                0x0000b108                grid_usb_midi_init
 .text.grid_midi_tx_push
                0x0000b150       0x28 grid/grid_usb.o
                0x0000b150                grid_midi_tx_push
 .text.grid_midi_tx_pop
                0x0000b178       0x54 grid/grid_usb.o
                0x0000b178                grid_midi_tx_pop
 .text.grid_keyboard_buffer_init
                0x0000b1cc       0x26 grid/grid_usb.o
                0x0000b1cc                grid_keyboard_buffer_init
 *fill*         0x0000b1f2        0x2 
 .text.grid_keyboard_init
                0x0000b1f4       0x6c grid/grid_usb.o
                0x0000b1f4                grid_keyboard_init
 .text.grid_keyboard_tx_push
                0x0000b260       0x34 grid/grid_usb.o
                0x0000b260                grid_keyboard_tx_push
 .text.grid_keyboard_tx_pop
                0x0000b294       0x8c grid/grid_usb.o
                0x0000b294                grid_keyboard_tx_pop
 .text.adc_async_window_threshold_reached
                0x0000b320        0x8 hal/src/hal_adc_async.o
 .text.adc_async_error_occured
                0x0000b328        0x8 hal/src/hal_adc_async.o
 .text.adc_async_channel_conversion_done
                0x0000b330       0x68 hal/src/hal_adc_async.o
 .text.adc_async_init
                0x0000b398       0x4c hal/src/hal_adc_async.o
                0x0000b398                adc_async_init
 .text.adc_async_register_channel_buffer
                0x0000b3e4       0x6c hal/src/hal_adc_async.o
                0x0000b3e4                adc_async_register_channel_buffer
 .text.adc_async_enable_channel
                0x0000b450       0x10 hal/src/hal_adc_async.o
                0x0000b450                adc_async_enable_channel
 .text.adc_async_register_callback
                0x0000b460       0x3c hal/src/hal_adc_async.o
                0x0000b460                adc_async_register_callback
 .text.adc_async_read_channel
                0x0000b49c       0x74 hal/src/hal_adc_async.o
                0x0000b49c                adc_async_read_channel
 .text.adc_async_start_conversion
                0x0000b510       0x10 hal/src/hal_adc_async.o
                0x0000b510                adc_async_start_conversion
 .text.atomic_enter_critical
                0x0000b520        0xe hal/src/hal_atomic.o
                0x0000b520                atomic_enter_critical
 .text.atomic_leave_critical
                0x0000b52e        0xc hal/src/hal_atomic.o
                0x0000b52e                atomic_leave_critical
 *fill*         0x0000b53a        0x2 
 .text.crc_sync_init
                0x0000b53c        0x8 hal/src/hal_crc_sync.o
                0x0000b53c                crc_sync_init
 .text.delay_init
                0x0000b544       0x10 hal/src/hal_delay.o
                0x0000b544                delay_init
 .text.delay_us
                0x0000b554       0x24 hal/src/hal_delay.o
                0x0000b554                delay_us
 .text.delay_ms
                0x0000b578       0x24 hal/src/hal_delay.o
                0x0000b578                delay_ms
 .text.event_system_init
                0x0000b59c        0x8 hal/src/hal_evsys.o
                0x0000b59c                event_system_init
 .text.flash_ready
                0x0000b5a4        0x8 hal/src/hal_flash.o
 .text.flash_error
                0x0000b5ac        0x8 hal/src/hal_flash.o
 .text.flash_init
                0x0000b5b4       0x20 hal/src/hal_flash.o
                0x0000b5b4                flash_init
 .text.flash_read
                0x0000b5d4       0x4c hal/src/hal_flash.o
                0x0000b5d4                flash_read
 .text.flash_write
                0x0000b620       0x64 hal/src/hal_flash.o
                0x0000b620                flash_write
 .text.flash_erase
                0x0000b684       0x60 hal/src/hal_flash.o
                0x0000b684                flash_erase
 .text.i2c_m_async_write
                0x0000b6e4       0x2c hal/src/hal_i2c_m_async.o
 .text.i2c_m_async_read
                0x0000b710       0x2c hal/src/hal_i2c_m_async.o
 .text.i2c_tx_complete
                0x0000b73c        0xe hal/src/hal_i2c_m_async.o
 .text.i2c_rx_complete
                0x0000b74a        0xe hal/src/hal_i2c_m_async.o
 .text.i2c_error
                0x0000b758        0xe hal/src/hal_i2c_m_async.o
 *fill*         0x0000b766        0x2 
 .text.i2c_m_async_init
                0x0000b768       0x50 hal/src/hal_i2c_m_async.o
                0x0000b768                i2c_m_async_init
 .text.io_write
                0x0000b7b8        0x4 hal/src/hal_io.o
                0x0000b7b8                io_write
 .text.io_read  0x0000b7bc        0x4 hal/src/hal_io.o
                0x0000b7bc                io_read
 .text.qspi_dma_init
                0x0000b7c0        0x8 hal/src/hal_qspi_dma.o
                0x0000b7c0                qspi_dma_init
 .text._rand_sync_read_data
                0x0000b7c8       0x40 hal/src/hal_rand_sync.o
 .text.rand_sync_init
                0x0000b808        0x8 hal/src/hal_rand_sync.o
                0x0000b808                rand_sync_init
 .text.rand_sync_enable
                0x0000b810        0x8 hal/src/hal_rand_sync.o
                0x0000b810                rand_sync_enable
 .text.rand_sync_read8
                0x0000b818       0x10 hal/src/hal_rand_sync.o
                0x0000b818                rand_sync_read8
 .text._spi_m_async_io_write
                0x0000b828       0x20 hal/src/hal_spi_m_async.o
 .text._spi_m_async_io_read
                0x0000b848       0x34 hal/src/hal_spi_m_async.o
 .text._spi_dev_error
                0x0000b87c       0x40 hal/src/hal_spi_m_async.o
 .text._spi_dev_complete
                0x0000b8bc       0x2c hal/src/hal_spi_m_async.o
 .text._spi_dev_rx
                0x0000b8e8       0x7c hal/src/hal_spi_m_async.o
 .text._spi_dev_tx
                0x0000b964       0x48 hal/src/hal_spi_m_async.o
 .text.spi_m_async_init
                0x0000b9ac       0x64 hal/src/hal_spi_m_async.o
                0x0000b9ac                spi_m_async_init
 .text.spi_m_async_enable
                0x0000ba10        0xc hal/src/hal_spi_m_async.o
                0x0000ba10                spi_m_async_enable
 .text.spi_m_async_set_baudrate
                0x0000ba1c       0x18 hal/src/hal_spi_m_async.o
                0x0000ba1c                spi_m_async_set_baudrate
 .text.spi_m_async_set_mode
                0x0000ba34       0x18 hal/src/hal_spi_m_async.o
                0x0000ba34                spi_m_async_set_mode
 .text.spi_m_async_transfer
                0x0000ba4c       0x48 hal/src/hal_spi_m_async.o
                0x0000ba4c                spi_m_async_transfer
 .text.spi_m_async_register_callback
                0x0000ba94       0x1c hal/src/hal_spi_m_async.o
                0x0000ba94                spi_m_async_register_callback
 .text.spi_m_async_get_io_descriptor
                0x0000bab0        0x8 hal/src/hal_spi_m_async.o
                0x0000bab0                spi_m_async_get_io_descriptor
 .text._spi_m_dma_io_write
                0x0000bab8       0x18 hal/src/hal_spi_m_dma.o
 .text._spi_m_dma_io_read
                0x0000bad0       0x18 hal/src/hal_spi_m_dma.o
 .text.spi_m_dma_init
                0x0000bae8       0x24 hal/src/hal_spi_m_dma.o
                0x0000bae8                spi_m_dma_init
 .text.spi_m_dma_enable
                0x0000bb0c        0xc hal/src/hal_spi_m_dma.o
                0x0000bb0c                spi_m_dma_enable
 .text.spi_m_dma_register_callback
                0x0000bb18        0xc hal/src/hal_spi_m_dma.o
                0x0000bb18                spi_m_dma_register_callback
 .text.spi_m_dma_get_io_descriptor
                0x0000bb24        0x8 hal/src/hal_spi_m_dma.o
                0x0000bb24                spi_m_dma_get_io_descriptor
 .text.timer_add_timer_task
                0x0000bb2c       0x4c hal/src/hal_timer.o
 .text.timer_process_counted
                0x0000bb78       0x6c hal/src/hal_timer.o
 .text.timer_init
                0x0000bbe4       0x1c hal/src/hal_timer.o
                0x0000bbe4                timer_init
 .text.timer_start
                0x0000bc00       0x24 hal/src/hal_timer.o
                0x0000bc00                timer_start
 .text.timer_add_task
                0x0000bc24       0x78 hal/src/hal_timer.o
                0x0000bc24                timer_add_task
 .text.usart_transmission_complete
                0x0000bc9c       0x10 hal/src/hal_usart_async.o
 .text.usart_error
                0x0000bcac       0x10 hal/src/hal_usart_async.o
 .text.usart_fill_rx_buffer
                0x0000bcbc       0x20 hal/src/hal_usart_async.o
 .text.usart_async_write
                0x0000bcdc       0x34 hal/src/hal_usart_async.o
 .text.usart_process_byte_sent
                0x0000bd10       0x34 hal/src/hal_usart_async.o
 .text.usart_async_read
                0x0000bd44       0x54 hal/src/hal_usart_async.o
 .text.usart_async_init
                0x0000bd98       0x60 hal/src/hal_usart_async.o
                0x0000bd98                usart_async_init
 .text.usart_async_enable
                0x0000bdf8       0x10 hal/src/hal_usart_async.o
                0x0000bdf8                usart_async_enable
 .text.usart_async_disable
                0x0000be08       0x10 hal/src/hal_usart_async.o
                0x0000be08                usart_async_disable
 .text.usart_async_get_io_descriptor
                0x0000be18        0x6 hal/src/hal_usart_async.o
                0x0000be18                usart_async_get_io_descriptor
 *fill*         0x0000be1e        0x2 
 .text.usart_async_register_callback
                0x0000be20       0x44 hal/src/hal_usart_async.o
                0x0000be20                usart_async_register_callback
 .text.usart_async_set_parity
                0x0000be64       0x10 hal/src/hal_usart_async.o
                0x0000be64                usart_async_set_parity
 .text.usart_sync_write
                0x0000be74       0x50 hal/src/hal_usart_sync.o
 .text.usart_sync_read
                0x0000bec4       0x38 hal/src/hal_usart_sync.o
 .text.usart_sync_init
                0x0000befc       0x24 hal/src/hal_usart_sync.o
                0x0000befc                usart_sync_init
 .text.usart_sync_enable
                0x0000bf20       0x10 hal/src/hal_usart_sync.o
                0x0000bf20                usart_sync_enable
 .text._usb_d_find_ep
                0x0000bf30       0x30 hal/src/hal_usb_device.o
 .text.usb_d_dummy_cb_false
                0x0000bf60        0x4 hal/src/hal_usb_device.o
 .text.usb_d_cb_trans_more
                0x0000bf64       0x30 hal/src/hal_usb_device.o
 .text._usb_d_cb_trans_done
                0x0000bf94      0x108 hal/src/hal_usb_device.o
 .text.usb_d_cb_trans_setup
                0x0000c09c       0x8c hal/src/hal_usb_device.o
 .text.usb_d_init
                0x0000c128       0x68 hal/src/hal_usb_device.o
                0x0000c128                usb_d_init
 .text.usb_d_register_callback
                0x0000c190        0x8 hal/src/hal_usb_device.o
                0x0000c190                usb_d_register_callback
 .text.usb_d_enable
                0x0000c198        0x8 hal/src/hal_usb_device.o
                0x0000c198                usb_d_enable
 .text.usb_d_attach
                0x0000c1a0        0x8 hal/src/hal_usb_device.o
                0x0000c1a0                usb_d_attach
 .text.usb_d_get_frame_num
                0x0000c1a8        0x8 hal/src/hal_usb_device.o
                0x0000c1a8                usb_d_get_frame_num
 .text.usb_d_set_address
                0x0000c1b0        0x8 hal/src/hal_usb_device.o
                0x0000c1b0                usb_d_set_address
 .text.usb_d_ep_init
                0x0000c1b8       0x50 hal/src/hal_usb_device.o
                0x0000c1b8                usb_d_ep_init
 .text.usb_d_ep0_init
                0x0000c208       0x10 hal/src/hal_usb_device.o
                0x0000c208                usb_d_ep0_init
 .text.usb_d_ep_deinit
                0x0000c218       0x2c hal/src/hal_usb_device.o
                0x0000c218                usb_d_ep_deinit
 .text.usb_d_ep_enable
                0x0000c244       0x40 hal/src/hal_usb_device.o
                0x0000c244                usb_d_ep_enable
 .text.usb_d_ep_transfer
                0x0000c284       0xf8 hal/src/hal_usb_device.o
                0x0000c284                usb_d_ep_transfer
 .text.usb_d_ep_get_status
                0x0000c37c       0x70 hal/src/hal_usb_device.o
                0x0000c37c                usb_d_ep_get_status
 .text.usb_d_ep_halt
                0x0000c3ec       0x64 hal/src/hal_usb_device.o
                0x0000c3ec                usb_d_ep_halt
 .text.usb_d_ep_register_callback
                0x0000c450       0x4c hal/src/hal_usb_device.o
                0x0000c450                usb_d_ep_register_callback
 .text.is_list_element
                0x0000c49c        0xe hal/utils/src/utils_list.o
                0x0000c49c                is_list_element
 .text.list_insert_as_head
                0x0000c4aa        0x8 hal/utils/src/utils_list.o
                0x0000c4aa                list_insert_as_head
 .text.list_insert_after
                0x0000c4b2        0x8 hal/utils/src/utils_list.o
                0x0000c4b2                list_insert_after
 .text.list_insert_at_end
                0x0000c4ba       0x18 hal/utils/src/utils_list.o
                0x0000c4ba                list_insert_at_end
 .text.list_remove_head
                0x0000c4d2        0xc hal/utils/src/utils_list.o
                0x0000c4d2                list_remove_head
 .text.ringbuffer_init
                0x0000c4de       0x18 hal/utils/src/utils_ringbuffer.o
                0x0000c4de                ringbuffer_init
 .text.ringbuffer_get
                0x0000c4f6       0x22 hal/utils/src/utils_ringbuffer.o
                0x0000c4f6                ringbuffer_get
 .text.ringbuffer_put
                0x0000c518       0x26 hal/utils/src/utils_ringbuffer.o
                0x0000c518                ringbuffer_put
 .text.ringbuffer_num
                0x0000c53e        0x8 hal/utils/src/utils_ringbuffer.o
                0x0000c53e                ringbuffer_num
 *fill*         0x0000c546        0x2 
 .text._sbrk    0x0000c548       0x1c hal/utils/src/utils_syscalls.o
                0x0000c548                _sbrk
 .text._close   0x0000c564        0x6 hal/utils/src/utils_syscalls.o
                0x0000c564                _close
 .text._fstat   0x0000c56a        0xa hal/utils/src/utils_syscalls.o
                0x0000c56a                _fstat
 .text._isatty  0x0000c574        0x4 hal/utils/src/utils_syscalls.o
                0x0000c574                _isatty
 .text._lseek   0x0000c578        0x4 hal/utils/src/utils_syscalls.o
                0x0000c578                _lseek
 .text.__NVIC_DisableIRQ
                0x0000c57c       0x28 hpl/adc/hpl_adc.o
 .text.__NVIC_ClearPendingIRQ
                0x0000c5a4       0x20 hpl/adc/hpl_adc.o
 .text.hri_adc_wait_for_sync
                0x0000c5c4        0x8 hpl/adc/hpl_adc.o
 .text.hri_adc_set_CTRLA_ENABLE_bit
                0x0000c5cc       0x14 hpl/adc/hpl_adc.o
 .text.hri_adc_clear_CTRLA_ENABLE_bit
                0x0000c5e0       0x18 hpl/adc/hpl_adc.o
 .text._adc_get_regs
                0x0000c5f8       0x14 hpl/adc/hpl_adc.o
 .text._adc_interrupt_handler
                0x0000c60c       0x4e hpl/adc/hpl_adc.o
 .text._adc_get_irq_num.isra.0
                0x0000c65a       0x14 hpl/adc/hpl_adc.o
 *fill*         0x0000c66e        0x2 
 .text._adc_init
                0x0000c670      0x11c hpl/adc/hpl_adc.o
 .text._adc_async_init
                0x0000c78c       0xb4 hpl/adc/hpl_adc.o
                0x0000c78c                _adc_async_init
 .text._adc_async_enable_channel
                0x0000c840        0xc hpl/adc/hpl_adc.o
                0x0000c840                _adc_async_enable_channel
 .text._adc_async_get_data_size
                0x0000c84c       0x12 hpl/adc/hpl_adc.o
                0x0000c84c                _adc_async_get_data_size
 *fill*         0x0000c85e        0x2 
 .text._adc_async_convert
                0x0000c860       0x18 hpl/adc/hpl_adc.o
                0x0000c860                _adc_async_convert
 .text._adc_async_set_irq_state
                0x0000c878       0x20 hpl/adc/hpl_adc.o
                0x0000c878                _adc_async_set_irq_state
 .text.ADC0_1_Handler
                0x0000c898       0x10 hpl/adc/hpl_adc.o
                0x0000c898                ADC0_1_Handler
 .text.ADC0_0_Handler
                0x0000c8a8        0x8 hpl/adc/hpl_adc.o
                0x0000c8a8                ADC0_0_Handler
 .text.ADC1_1_Handler
                0x0000c8b0       0x10 hpl/adc/hpl_adc.o
                0x0000c8b0                ADC1_1_Handler
 .text.ADC1_0_Handler
                0x0000c8c0        0x8 hpl/adc/hpl_adc.o
                0x0000c8c0                ADC1_0_Handler
 .text._irq_set
                0x0000c8c8       0x1c hpl/core/hpl_core_m4.o
                0x0000c8c8                _irq_set
 .text._get_cycles_for_us
                0x0000c8e4        0x6 hpl/core/hpl_core_m4.o
                0x0000c8e4                _get_cycles_for_us
 *fill*         0x0000c8ea        0x2 
 .text._get_cycles_for_ms
                0x0000c8ec        0xc hpl/core/hpl_core_m4.o
                0x0000c8ec                _get_cycles_for_ms
 .text._init_chip
                0x0000c8f8       0x5c hpl/core/hpl_init.o
                0x0000c8f8                _init_chip
 .text._dmac_handler
                0x0000c954       0x4c hpl/dmac/hpl_dmac.o
 .text._dma_init
                0x0000c9a0       0xd0 hpl/dmac/hpl_dmac.o
                0x0000c9a0                _dma_init
 .text._dma_set_irq_state
                0x0000ca70       0x28 hpl/dmac/hpl_dmac.o
                0x0000ca70                _dma_set_irq_state
 .text._dma_set_destination_address
                0x0000ca98       0x10 hpl/dmac/hpl_dmac.o
                0x0000ca98                _dma_set_destination_address
 .text._dma_set_source_address
                0x0000caa8       0x10 hpl/dmac/hpl_dmac.o
                0x0000caa8                _dma_set_source_address
 .text._dma_srcinc_enable
                0x0000cab8       0x1c hpl/dmac/hpl_dmac.o
                0x0000cab8                _dma_srcinc_enable
 .text._dma_set_data_amount
                0x0000cad4       0x44 hpl/dmac/hpl_dmac.o
                0x0000cad4                _dma_set_data_amount
 .text._dma_enable_transaction
                0x0000cb18       0x3c hpl/dmac/hpl_dmac.o
                0x0000cb18                _dma_enable_transaction
 .text._dma_get_channel_resource
                0x0000cb54       0x14 hpl/dmac/hpl_dmac.o
                0x0000cb54                _dma_get_channel_resource
 .text.DMAC_0_Handler
                0x0000cb68        0x8 hpl/dmac/hpl_dmac.o
                0x0000cb68                DMAC_0_Handler
 .text.DMAC_1_Handler
                0x0000cb70        0x8 hpl/dmac/hpl_dmac.o
                0x0000cb70                DMAC_1_Handler
 .text.DMAC_2_Handler
                0x0000cb78        0x8 hpl/dmac/hpl_dmac.o
                0x0000cb78                DMAC_2_Handler
 .text.DMAC_3_Handler
                0x0000cb80        0x8 hpl/dmac/hpl_dmac.o
                0x0000cb80                DMAC_3_Handler
 .text.DMAC_4_Handler
                0x0000cb88        0x8 hpl/dmac/hpl_dmac.o
                0x0000cb88                DMAC_4_Handler
 .text._crc_sync_init
                0x0000cb90        0x6 hpl/dsu/hpl_dsu.o
                0x0000cb90                _crc_sync_init
 *fill*         0x0000cb96        0x2 
 .text._event_system_init
                0x0000cb98       0x58 hpl/evsys/hpl_evsys.o
                0x0000cb98                _event_system_init
 .text.hri_gclk_wait_for_sync.constprop.0
                0x0000cbf0       0x14 hpl/gclk/hpl_gclk.o
 .text._gclk_init_generators_by_fref
                0x0000cc04       0x58 hpl/gclk/hpl_gclk.o
                0x0000cc04                _gclk_init_generators_by_fref
 .text._mclk_init
                0x0000cc5c        0xc hpl/mclk/hpl_mclk.o
                0x0000cc5c                _mclk_init
 .text._flash_program
                0x0000cc68       0x3c hpl/nvmctrl/hpl_nvmctrl.o
 .text._user_row_write_exec
                0x0000cca4       0x88 hpl/nvmctrl/hpl_nvmctrl.o
 .text._flash_init
                0x0000cd2c       0x4c hpl/nvmctrl/hpl_nvmctrl.o
                0x0000cd2c                _flash_init
 .text._flash_get_page_size
                0x0000cd78        0x6 hpl/nvmctrl/hpl_nvmctrl.o
                0x0000cd78                _flash_get_page_size
 .text._flash_get_total_pages
                0x0000cd7e        0x8 hpl/nvmctrl/hpl_nvmctrl.o
                0x0000cd7e                _flash_get_total_pages
 .text._flash_read
                0x0000cd86       0x1e hpl/nvmctrl/hpl_nvmctrl.o
                0x0000cd86                _flash_read
 .text._flash_write
                0x0000cda4       0xd0 hpl/nvmctrl/hpl_nvmctrl.o
                0x0000cda4                _flash_write
 .text._flash_erase
                0x0000ce74       0xa8 hpl/nvmctrl/hpl_nvmctrl.o
                0x0000ce74                _flash_erase
 .text._flash_is_locked
                0x0000cf1c       0x18 hpl/nvmctrl/hpl_nvmctrl.o
                0x0000cf1c                _flash_is_locked
 .text.NVMCTRL_1_Handler
                0x0000cf34       0x2c hpl/nvmctrl/hpl_nvmctrl.o
                0x0000cf34                NVMCTRL_1_Handler
 .text.NVMCTRL_0_Handler
                0x0000cf60        0x8 hpl/nvmctrl/hpl_nvmctrl.o
                0x0000cf60                NVMCTRL_0_Handler
 .text._user_area_read
                0x0000cf68       0x60 hpl/nvmctrl/hpl_nvmctrl.o
                0x0000cf68                _user_area_read
 .text._user_area_write
                0x0000cfc8       0x78 hpl/nvmctrl/hpl_nvmctrl.o
                0x0000cfc8                _user_area_write
 .text._osc32kctrl_init_sources
                0x0000d040       0x14 hpl/osc32kctrl/hpl_osc32kctrl.o
                0x0000d040                _osc32kctrl_init_sources
 .text._oscctrl_init_sources
                0x0000d054        0x2 hpl/oscctrl/hpl_oscctrl.o
                0x0000d054                _oscctrl_init_sources
 *fill*         0x0000d056        0x2 
 .text._oscctrl_init_referenced_generators
                0x0000d058       0xfc hpl/oscctrl/hpl_oscctrl.o
                0x0000d058                _oscctrl_init_referenced_generators
 .text._qspi_dma_tx_complete
                0x0000d154       0x14 hpl/qspi/hpl_qspi.o
 .text._qspi_dma_rx_complete
                0x0000d168        0x8 hpl/qspi/hpl_qspi.o
 .text._qspi_dma_error_occured
                0x0000d170        0xa hpl/qspi/hpl_qspi.o
 *fill*         0x0000d17a        0x2 
 .text._qspi_dma_init
                0x0000d17c       0x58 hpl/qspi/hpl_qspi.o
                0x0000d17c                _qspi_dma_init
 .text.RAMECC_Handler
                0x0000d1d4       0x3c hpl/ramecc/hpl_ramecc.o
                0x0000d1d4                RAMECC_Handler
 .text.hri_rtcmode0_wait_for_sync
                0x0000d210        0x8 hpl/rtc/hpl_rtc.o
 .text._rtc_timer_stop
                0x0000d218       0x1c hpl/rtc/hpl_rtc.o
                0x0000d218                _rtc_timer_stop
 .text._rtc_timer_set_period
                0x0000d234       0x10 hpl/rtc/hpl_rtc.o
                0x0000d234                _rtc_timer_set_period
 .text._rtc_timer_get_period
                0x0000d244       0x14 hpl/rtc/hpl_rtc.o
                0x0000d244                _rtc_timer_get_period
 .text._rtc_timer_is_started
                0x0000d258       0x1c hpl/rtc/hpl_rtc.o
                0x0000d258                _rtc_timer_is_started
 .text._rtc_timer_set_irq
                0x0000d274        0x2 hpl/rtc/hpl_rtc.o
                0x0000d274                _rtc_timer_set_irq
 *fill*         0x0000d276        0x2 
 .text._rtc_timer_start
                0x0000d278       0x3c hpl/rtc/hpl_rtc.o
                0x0000d278                _rtc_timer_start
 .text._rtc_timer_deinit
                0x0000d2b4       0x28 hpl/rtc/hpl_rtc.o
                0x0000d2b4                _rtc_timer_deinit
 .text._rtc_timer_init
                0x0000d2dc       0x48 hpl/rtc/hpl_rtc.o
                0x0000d2dc                _rtc_timer_init
 .text._rtc_get_timer
                0x0000d324        0x8 hpl/rtc/hpl_rtc.o
                0x0000d324                _rtc_get_timer
 .text.RTC_Handler
                0x0000d32c       0x24 hpl/rtc/hpl_rtc.o
                0x0000d32c                RTC_Handler
 .text.__NVIC_EnableIRQ
                0x0000d350       0x1c hpl/sercom/hpl_sercom.o
 .text.__NVIC_DisableIRQ
                0x0000d36c       0x28 hpl/sercom/hpl_sercom.o
 .text.__NVIC_ClearPendingIRQ
                0x0000d394       0x20 hpl/sercom/hpl_sercom.o
 .text.hri_sercomi2cm_wait_for_sync
                0x0000d3b4        0x8 hpl/sercom/hpl_sercom.o
 .text.hri_sercomspi_wait_for_sync
                0x0000d3bc        0x8 hpl/sercom/hpl_sercom.o
 .text.hri_sercomusart_wait_for_sync
                0x0000d3c4        0x8 hpl/sercom/hpl_sercom.o
 .text.hri_sercomi2cm_clear_CTRLA_ENABLE_bit
                0x0000d3cc       0x14 hpl/sercom/hpl_sercom.o
 .text.hri_sercomspi_clear_CTRLA_ENABLE_bit
                0x0000d3e0       0x14 hpl/sercom/hpl_sercom.o
 .text.hri_sercomusart_get_CTRLA_ENABLE_bit
                0x0000d3f4       0x14 hpl/sercom/hpl_sercom.o
 .text.hri_sercomusart_write_CTRLA_ENABLE_bit
                0x0000d408       0x18 hpl/sercom/hpl_sercom.o
 .text.hri_sercomusart_clear_CTRLA_ENABLE_bit
                0x0000d420       0x14 hpl/sercom/hpl_sercom.o
 .text._sercom_get_hardware_index
                0x0000d434       0x34 hpl/sercom/hpl_sercom.o
 .text._sercom_usart_interrupt_handler
                0x0000d468       0x70 hpl/sercom/hpl_sercom.o
 .text._sercom_init_irq_param
                0x0000d4d8       0x60 hpl/sercom/hpl_sercom.o
 .text._get_i2cm_index
                0x0000d538       0x14 hpl/sercom/hpl_sercom.o
 .text._sercom_get_irq_num
                0x0000d54c       0x14 hpl/sercom/hpl_sercom.o
 .text._spi_sync_enable
                0x0000d560       0x28 hpl/sercom/hpl_sercom.o
 .text._spi_get_regs
                0x0000d588       0x2c hpl/sercom/hpl_sercom.o
 .text._spi_get_tx_dma_channel
                0x0000d5b4       0x14 hpl/sercom/hpl_sercom.o
 .text._spi_get_rx_dma_channel
                0x0000d5c8       0x14 hpl/sercom/hpl_sercom.o
 .text._spi_dma_tx_complete
                0x0000d5dc        0xa hpl/sercom/hpl_sercom.o
 .text._spi_dma_error_occured
                0x0000d5e6        0xa hpl/sercom/hpl_sercom.o
 .text._usart_set_parity
                0x0000d5f0       0x78 hpl/sercom/hpl_sercom.o
 .text._sercom_i2c_send_stop
                0x0000d668       0x14 hpl/sercom/hpl_sercom.o
 .text._sercom_i2c_sync_analyse_flags
                0x0000d67c      0x16c hpl/sercom/hpl_sercom.o
 .text._spi_load_regs_master
                0x0000d7e8       0x3c hpl/sercom/hpl_sercom.o
 .text._spi_set_mode
                0x0000d824       0x34 hpl/sercom/hpl_sercom.o
 .text._i2c_m_sync_init_impl
                0x0000d858       0xb0 hpl/sercom/hpl_sercom.o
 .text._usart_init
                0x0000d908       0xdc hpl/sercom/hpl_sercom.o
 .text._usart_sync_init
                0x0000d9e4        0xc hpl/sercom/hpl_sercom.o
                0x0000d9e4                _usart_sync_init
 .text._usart_async_init
                0x0000d9f0       0x64 hpl/sercom/hpl_sercom.o
                0x0000d9f0                _usart_async_init
 .text._usart_sync_enable
                0x0000da54       0x14 hpl/sercom/hpl_sercom.o
                0x0000da54                _usart_sync_enable
 .text._usart_async_enable
                0x0000da68       0x14 hpl/sercom/hpl_sercom.o
                0x0000da68                _usart_async_enable
 .text._usart_async_disable
                0x0000da7c        0xc hpl/sercom/hpl_sercom.o
                0x0000da7c                _usart_async_disable
 .text._usart_async_set_parity
                0x0000da88        0xc hpl/sercom/hpl_sercom.o
                0x0000da88                _usart_async_set_parity
 .text._usart_sync_write_byte
                0x0000da94        0x6 hpl/sercom/hpl_sercom.o
                0x0000da94                _usart_sync_write_byte
 .text._usart_async_write_byte
                0x0000da9a        0x6 hpl/sercom/hpl_sercom.o
                0x0000da9a                _usart_async_write_byte
 .text._usart_sync_read_byte
                0x0000daa0        0x8 hpl/sercom/hpl_sercom.o
                0x0000daa0                _usart_sync_read_byte
 .text._usart_sync_is_ready_to_send
                0x0000daa8        0xa hpl/sercom/hpl_sercom.o
                0x0000daa8                _usart_sync_is_ready_to_send
 .text._usart_sync_is_transmit_done
                0x0000dab2        0xa hpl/sercom/hpl_sercom.o
                0x0000dab2                _usart_sync_is_transmit_done
 .text._usart_sync_is_byte_received
                0x0000dabc        0xa hpl/sercom/hpl_sercom.o
                0x0000dabc                _usart_sync_is_byte_received
 .text._usart_async_enable_byte_sent_irq
                0x0000dac6        0x8 hpl/sercom/hpl_sercom.o
                0x0000dac6                _usart_async_enable_byte_sent_irq
 .text._usart_async_enable_tx_done_irq
                0x0000dace        0x8 hpl/sercom/hpl_sercom.o
                0x0000dace                _usart_async_enable_tx_done_irq
 .text._usart_async_set_irq_state
                0x0000dad6       0x32 hpl/sercom/hpl_sercom.o
                0x0000dad6                _usart_async_set_irq_state
 .text._i2c_m_async_init
                0x0000db08       0x64 hpl/sercom/hpl_sercom.o
                0x0000db08                _i2c_m_async_init
 .text._i2c_m_async_transfer
                0x0000db6c       0xc0 hpl/sercom/hpl_sercom.o
                0x0000db6c                _i2c_m_async_transfer
 .text._i2c_m_async_register_callback
                0x0000dc2c       0x1a hpl/sercom/hpl_sercom.o
                0x0000dc2c                _i2c_m_async_register_callback
 *fill*         0x0000dc46        0x2 
 .text.SERCOM0_3_Handler
                0x0000dc48       0x10 hpl/sercom/hpl_sercom.o
                0x0000dc48                SERCOM0_3_Handler
 .text.SERCOM0_2_Handler
                0x0000dc58        0x8 hpl/sercom/hpl_sercom.o
                0x0000dc58                SERCOM0_2_Handler
 .text.SERCOM0_1_Handler
                0x0000dc60        0x8 hpl/sercom/hpl_sercom.o
                0x0000dc60                SERCOM0_1_Handler
 .text.SERCOM0_0_Handler
                0x0000dc68        0x8 hpl/sercom/hpl_sercom.o
                0x0000dc68                SERCOM0_0_Handler
 .text.SERCOM1_3_Handler
                0x0000dc70       0x10 hpl/sercom/hpl_sercom.o
                0x0000dc70                SERCOM1_3_Handler
 .text.SERCOM1_2_Handler
                0x0000dc80        0x8 hpl/sercom/hpl_sercom.o
                0x0000dc80                SERCOM1_2_Handler
 .text.SERCOM1_1_Handler
                0x0000dc88        0x8 hpl/sercom/hpl_sercom.o
                0x0000dc88                SERCOM1_1_Handler
 .text.SERCOM1_0_Handler
                0x0000dc90        0x8 hpl/sercom/hpl_sercom.o
                0x0000dc90                SERCOM1_0_Handler
 .text.SERCOM3_3_Handler
                0x0000dc98       0x44 hpl/sercom/hpl_sercom.o
                0x0000dc98                SERCOM3_3_Handler
 .text.SERCOM3_2_Handler
                0x0000dcdc        0x8 hpl/sercom/hpl_sercom.o
                0x0000dcdc                SERCOM3_2_Handler
 .text.SERCOM3_1_Handler
                0x0000dce4        0x8 hpl/sercom/hpl_sercom.o
                0x0000dce4                SERCOM3_1_Handler
 .text.SERCOM3_0_Handler
                0x0000dcec        0x8 hpl/sercom/hpl_sercom.o
                0x0000dcec                SERCOM3_0_Handler
 .text.SERCOM4_3_Handler
                0x0000dcf4       0x10 hpl/sercom/hpl_sercom.o
                0x0000dcf4                SERCOM4_3_Handler
 .text.SERCOM4_2_Handler
                0x0000dd04        0x8 hpl/sercom/hpl_sercom.o
                0x0000dd04                SERCOM4_2_Handler
 .text.SERCOM4_1_Handler
                0x0000dd0c        0x8 hpl/sercom/hpl_sercom.o
                0x0000dd0c                SERCOM4_1_Handler
 .text.SERCOM4_0_Handler
                0x0000dd14        0x8 hpl/sercom/hpl_sercom.o
                0x0000dd14                SERCOM4_0_Handler
 .text.SERCOM5_3_Handler
                0x0000dd1c       0x68 hpl/sercom/hpl_sercom.o
                0x0000dd1c                SERCOM5_3_Handler
 .text.SERCOM5_2_Handler
                0x0000dd84        0x8 hpl/sercom/hpl_sercom.o
                0x0000dd84                SERCOM5_2_Handler
 .text.SERCOM5_1_Handler
                0x0000dd8c        0x8 hpl/sercom/hpl_sercom.o
                0x0000dd8c                SERCOM5_1_Handler
 .text.SERCOM5_0_Handler
                0x0000dd94        0x8 hpl/sercom/hpl_sercom.o
                0x0000dd94                SERCOM5_0_Handler
 .text.SERCOM6_3_Handler
                0x0000dd9c       0x10 hpl/sercom/hpl_sercom.o
                0x0000dd9c                SERCOM6_3_Handler
 .text.SERCOM6_2_Handler
                0x0000ddac        0x8 hpl/sercom/hpl_sercom.o
                0x0000ddac                SERCOM6_2_Handler
 .text.SERCOM6_1_Handler
                0x0000ddb4        0x8 hpl/sercom/hpl_sercom.o
                0x0000ddb4                SERCOM6_1_Handler
 .text.SERCOM6_0_Handler
                0x0000ddbc        0x8 hpl/sercom/hpl_sercom.o
                0x0000ddbc                SERCOM6_0_Handler
 .text._spi_m_sync_init
                0x0000ddc4       0xd0 hpl/sercom/hpl_sercom.o
                0x0000ddc4                _spi_m_sync_init
 .text._spi_m_async_init
                0x0000de94       0x58 hpl/sercom/hpl_sercom.o
                0x0000de94                _spi_m_async_init
 .text._spi_s_async_enable
                0x0000deec       0x34 hpl/sercom/hpl_sercom.o
                0x0000deec                _spi_s_async_enable
 .text._spi_m_async_enable
                0x0000df20        0x8 hpl/sercom/hpl_sercom.o
                0x0000df20                _spi_m_async_enable
 .text._spi_s_async_set_mode
                0x0000df28        0xc hpl/sercom/hpl_sercom.o
                0x0000df28                _spi_s_async_set_mode
 .text._spi_m_async_set_mode
                0x0000df34        0x8 hpl/sercom/hpl_sercom.o
                0x0000df34                _spi_m_async_set_mode
 .text._spi_m_async_set_baudrate
                0x0000df3c       0x14 hpl/sercom/hpl_sercom.o
                0x0000df3c                _spi_m_async_set_baudrate
 .text._spi_m_async_enable_tx
                0x0000df50       0x10 hpl/sercom/hpl_sercom.o
                0x0000df50                _spi_m_async_enable_tx
 .text._spi_m_async_enable_rx
                0x0000df60       0x10 hpl/sercom/hpl_sercom.o
                0x0000df60                _spi_m_async_enable_rx
 .text._spi_m_async_enable_tx_complete
                0x0000df70       0x10 hpl/sercom/hpl_sercom.o
                0x0000df70                _spi_m_async_enable_tx_complete
 .text._spi_m_async_write_one
                0x0000df80        0x8 hpl/sercom/hpl_sercom.o
                0x0000df80                _spi_m_async_write_one
 .text._spi_m_async_read_one
                0x0000df88        0x8 hpl/sercom/hpl_sercom.o
                0x0000df88                _spi_m_async_read_one
 .text._spi_m_async_register_callback
                0x0000df90        0xa hpl/sercom/hpl_sercom.o
                0x0000df90                _spi_m_async_register_callback
 .text._spi_m_async_set_irq_state
                0x0000df9a       0x12 hpl/sercom/hpl_sercom.o
                0x0000df9a                _spi_m_async_set_irq_state
 .text._spi_m_dma_init
                0x0000dfac       0xa0 hpl/sercom/hpl_sercom.o
                0x0000dfac                _spi_m_dma_init
 .text._spi_m_dma_enable
                0x0000e04c        0xc hpl/sercom/hpl_sercom.o
                0x0000e04c                _spi_m_dma_enable
 .text._spi_m_dma_register_callback
                0x0000e058       0x64 hpl/sercom/hpl_sercom.o
                0x0000e058                _spi_m_dma_register_callback
 .text._spi_m_dma_transfer
                0x0000e0bc       0xf8 hpl/sercom/hpl_sercom.o
                0x0000e0bc                _spi_m_dma_transfer
 .text._delay_init
                0x0000e1b4       0x14 hpl/systick/hpl_systick.o
                0x0000e1b4                _delay_init
 .text._delay_cycles
                0x0000e1c8       0x38 hpl/systick/hpl_systick.o
                0x0000e1c8                _delay_cycles
 .text.__NVIC_DisableIRQ
                0x0000e200       0x28 hpl/tc/hpl_tc.o
 .text.hri_tc_wait_for_sync
                0x0000e228        0x8 hpl/tc/hpl_tc.o
 .text._tc_timer_start
                0x0000e230       0x14 hpl/tc/hpl_tc.o
                0x0000e230                _tc_timer_start
 .text._tc_timer_get_period
                0x0000e244       0x50 hpl/tc/hpl_tc.o
                0x0000e244                _tc_timer_get_period
 .text._tc_timer_is_started
                0x0000e294       0x18 hpl/tc/hpl_tc.o
                0x0000e294                _tc_timer_is_started
 .text.tc_interrupt_handler
                0x0000e2ac       0x12 hpl/tc/hpl_tc.o
 *fill*         0x0000e2be        0x2 
 .text.get_tc_index
                0x0000e2c0       0x50 hpl/tc/hpl_tc.o
 .text._tc_timer_set_irq
                0x0000e310       0x28 hpl/tc/hpl_tc.o
                0x0000e310                _tc_timer_set_irq
 .text._tc_timer_stop
                0x0000e338       0x14 hpl/tc/hpl_tc.o
                0x0000e338                _tc_timer_stop
 .text._tc_timer_deinit
                0x0000e34c       0x4c hpl/tc/hpl_tc.o
                0x0000e34c                _tc_timer_deinit
 .text._tc_timer_init
                0x0000e398      0x150 hpl/tc/hpl_tc.o
                0x0000e398                _tc_timer_init
 .text._tc_timer_set_period
                0x0000e4e8       0x3c hpl/tc/hpl_tc.o
                0x0000e4e8                _tc_timer_set_period
 .text._tc_get_timer
                0x0000e524        0x8 hpl/tc/hpl_tc.o
                0x0000e524                _tc_get_timer
 .text.TC0_Handler
                0x0000e52c       0x10 hpl/tc/hpl_tc.o
                0x0000e52c                TC0_Handler
 .text.TC1_Handler
                0x0000e53c       0x10 hpl/tc/hpl_tc.o
                0x0000e53c                TC1_Handler
 .text.TC2_Handler
                0x0000e54c       0x10 hpl/tc/hpl_tc.o
                0x0000e54c                TC2_Handler
 .text.TC3_Handler
                0x0000e55c       0x10 hpl/tc/hpl_tc.o
                0x0000e55c                TC3_Handler
 .text._rand_sync_init
                0x0000e56c       0x28 hpl/trng/hpl_trng.o
                0x0000e56c                _rand_sync_init
 .text._rand_sync_enable
                0x0000e594        0xe hpl/trng/hpl_trng.o
                0x0000e594                _rand_sync_enable
 .text._rand_sync_read_one
                0x0000e5a2        0xc hpl/trng/hpl_trng.o
                0x0000e5a2                _rand_sync_read_one
 .text._dummy_func_no_return
                0x0000e5ae        0x4 hpl/usb/hpl_usb.o
 *fill*         0x0000e5b2        0x2 
 .text._usb_d_dev_wait_dfll_rdy
                0x0000e5b4       0x24 hpl/usb/hpl_usb.o
 .text._usb_d_dev_ept
                0x0000e5d8       0x18 hpl/usb/hpl_usb.o
 .text._usb_d_dev_handle_setup
                0x0000e5f0       0x84 hpl/usb/hpl_usb.o
 .text._usb_d_dev_handle_stall
                0x0000e674       0x28 hpl/usb/hpl_usb.o
 .text._usb_d_dev_trans_done
                0x0000e69c       0x24 hpl/usb/hpl_usb.o
 .text._usb_d_dev_trans_stop
                0x0000e6c0       0x64 hpl/usb/hpl_usb.o
 .text._usb_d_dev_handle_trfail
                0x0000e724       0xec hpl/usb/hpl_usb.o
 .text._usb_d_dev_reset_epts
                0x0000e810       0x3c hpl/usb/hpl_usb.o
 .text._usb_d_dev_in_next
                0x0000e84c      0x158 hpl/usb/hpl_usb.o
 .text._usb_d_dev_out_next
                0x0000e9a4      0x1ac hpl/usb/hpl_usb.o
 .text._usb_d_dev_handler
                0x0000eb50      0x1dc hpl/usb/hpl_usb.o
 .text._usbd_ep_pcksize_size
                0x0000ed2c       0x3e hpl/usb/hpl_usb.o
 *fill*         0x0000ed6a        0x2 
 .text._usb_d_dev_init
                0x0000ed6c       0xe8 hpl/usb/hpl_usb.o
                0x0000ed6c                _usb_d_dev_init
 .text._usb_d_dev_enable
                0x0000ee54       0x5c hpl/usb/hpl_usb.o
                0x0000ee54                _usb_d_dev_enable
 .text._usb_d_dev_attach
                0x0000eeb0       0x12 hpl/usb/hpl_usb.o
                0x0000eeb0                _usb_d_dev_attach
 .text._usb_d_dev_set_address
                0x0000eec2        0xc hpl/usb/hpl_usb.o
                0x0000eec2                _usb_d_dev_set_address
 .text._usb_d_dev_get_frame_n
                0x0000eece        0xc hpl/usb/hpl_usb.o
                0x0000eece                _usb_d_dev_get_frame_n
 *fill*         0x0000eeda        0x2 
 .text._usb_d_dev_ep_init
                0x0000eedc       0xc0 hpl/usb/hpl_usb.o
                0x0000eedc                _usb_d_dev_ep_init
 .text._usb_d_dev_ep_deinit
                0x0000ef9c       0x84 hpl/usb/hpl_usb.o
                0x0000ef9c                _usb_d_dev_ep_deinit
 .text._usb_d_dev_ep_enable
                0x0000f020      0x17c hpl/usb/hpl_usb.o
                0x0000f020                _usb_d_dev_ep_enable
 .text._usb_d_dev_ep_stall
                0x0000f19c       0xe4 hpl/usb/hpl_usb.o
                0x0000f19c                _usb_d_dev_ep_stall
 .text._usb_d_dev_ep_read_req
                0x0000f280       0x54 hpl/usb/hpl_usb.o
                0x0000f280                _usb_d_dev_ep_read_req
 .text._usb_d_dev_ep_trans
                0x0000f2d4      0x108 hpl/usb/hpl_usb.o
                0x0000f2d4                _usb_d_dev_ep_trans
 .text._usb_d_dev_ep_get_status
                0x0000f3dc       0x78 hpl/usb/hpl_usb.o
                0x0000f3dc                _usb_d_dev_ep_get_status
 .text._usb_d_dev_register_callback
                0x0000f454       0x24 hpl/usb/hpl_usb.o
                0x0000f454                _usb_d_dev_register_callback
 .text._usb_d_dev_register_ep_callback
                0x0000f478       0x2c hpl/usb/hpl_usb.o
                0x0000f478                _usb_d_dev_register_ep_callback
 .text.USB_0_Handler
                0x0000f4a4        0x8 hpl/usb/hpl_usb.o
                0x0000f4a4                USB_0_Handler
 .text.USB_1_Handler
                0x0000f4ac        0x8 hpl/usb/hpl_usb.o
                0x0000f4ac                USB_1_Handler
 .text.USB_2_Handler
                0x0000f4b4        0x8 hpl/usb/hpl_usb.o
                0x0000f4b4                USB_2_Handler
 .text.USB_3_Handler
                0x0000f4bc        0x8 hpl/usb/hpl_usb.o
                0x0000f4bc                USB_3_Handler
 .text._wdt_init
                0x0000f4c4       0x42 hpl/wdt/hpl_wdt.o
                0x0000f4c4                _wdt_init
 *fill*         0x0000f506        0x2 
 .text.RTC_Scheduler_ping_cb
                0x0000f508       0x50 main.o
 .text.RTC_Scheduler_report_cb
                0x0000f558        0xc main.o
 .text.RTC_Scheduler_heartbeat_cb
                0x0000f564       0x1c main.o
 .text.RTC_Scheduler_realtime_cb
                0x0000f580       0x80 main.o
 .text.init_timer
                0x0000f600       0x84 main.o
                0x0000f600                init_timer
 .text.startup.main
                0x0000f684      0x540 main.o
                0x0000f684                main
 .text._read    0x0000fbc4       0x20 stdio_redirect/gcc/read.o
                0x0000fbc4                _read
 .text._write   0x0000fbe4       0x24 stdio_redirect/gcc/write.o
                0x0000fbe4                _write
 .text.stdio_io_init
                0x0000fc08       0x2c stdio_redirect/stdio_io.o
                0x0000fc08                stdio_io_init
 .text.stdio_io_read
                0x0000fc34       0x1c stdio_redirect/stdio_io.o
                0x0000fc34                stdio_io_read
 .text.stdio_io_write
                0x0000fc50       0x1c stdio_redirect/stdio_io.o
                0x0000fc50                stdio_io_write
 .text.stdio_redirect_init
                0x0000fc6c       0x20 stdio_start.o
                0x0000fc6c                stdio_redirect_init
 .text.cdcdf_acm_req
                0x0000fc8c       0xdc usb/class/cdc/device/cdcdf_acm.o
 .text.cdcdf_acm_ctrl
                0x0000fd68      0x138 usb/class/cdc/device/cdcdf_acm.o
 .text.cdcdf_acm_init
                0x0000fea0       0x44 usb/class/cdc/device/cdcdf_acm.o
                0x0000fea0                cdcdf_acm_init
 .text.cdcdf_acm_read
                0x0000fee4       0x2c usb/class/cdc/device/cdcdf_acm.o
                0x0000fee4                cdcdf_acm_read
 .text.cdcdf_acm_write
                0x0000ff10       0x2c usb/class/cdc/device/cdcdf_acm.o
                0x0000ff10                cdcdf_acm_write
 .text.cdcdf_acm_register_callback
                0x0000ff3c       0x40 usb/class/cdc/device/cdcdf_acm.o
                0x0000ff3c                cdcdf_acm_register_callback
 .text.hid_keyboard_req
                0x0000ff7c       0x88 usb/class/hid/device/hiddf_keyboard.o
 .text.hid_keyboard_ctrl
                0x00010004      0x110 usb/class/hid/device/hiddf_keyboard.o
 .text.hiddf_keyboard_init
                0x00010114       0x44 usb/class/hid/device/hiddf_keyboard.o
                0x00010114                hiddf_keyboard_init
 .text.hiddf_keyboard_keys_state_change
                0x00010158       0x8c usb/class/hid/device/hiddf_keyboard.o
                0x00010158                hiddf_keyboard_keys_state_change
 .text.hid_mouse_req
                0x000101e4       0x88 usb/class/hid/device/hiddf_mouse.o
 .text.hid_mouse_ctrl
                0x0001026c       0xe4 usb/class/hid/device/hiddf_mouse.o
 .text.hiddf_mouse_init
                0x00010350       0x44 usb/class/hid/device/hiddf_mouse.o
                0x00010350                hiddf_mouse_init
 .text.hiddf_mouse_move
                0x00010394       0x48 usb/class/hid/device/hiddf_mouse.o
                0x00010394                hiddf_mouse_move
 .text.audio_midi_req
                0x000103dc       0x78 usb/class/midi/device/audiodf_midi.o
 .text.audio_midi_ctrl
                0x00010454      0x180 usb/class/midi/device/audiodf_midi.o
 .text.audiodf_midi_init
                0x000105d4       0x44 usb/class/midi/device/audiodf_midi.o
                0x000105d4                audiodf_midi_init
 .text.audiodf_midi_write
                0x00010618       0x28 usb/class/midi/device/audiodf_midi.o
                0x00010618                audiodf_midi_write
 .text.audiodf_midi_write_status
                0x00010640       0x1c usb/class/midi/device/audiodf_midi.o
                0x00010640                audiodf_midi_write_status
 .text.audiodf_midi_read
                0x0001065c       0x20 usb/class/midi/device/audiodf_midi.o
                0x0001065c                audiodf_midi_read
 .text.audiodf_midi_register_callback
                0x0001067c       0x30 usb/class/midi/device/audiodf_midi.o
                0x0001067c                audiodf_midi_register_callback
 .text.usbdc_unconfig
                0x000106ac       0x1c usb/device/usbdc.o
 .text.usbdc_change_notify
                0x000106c8       0x20 usb/device/usbdc.o
 .text.usbdc_request_handler
                0x000106e8       0x38 usb/device/usbdc.o
 .text.usbd_sof_cb
                0x00010720       0x18 usb/device/usbdc.o
 .text.usbdc_cb_ctl_done
                0x00010738       0x68 usb/device/usbdc.o
 .text.usbdc_reset
                0x000107a0       0x5c usb/device/usbdc.o
                0x000107a0                usbdc_reset
 .text.usbd_event_cb
                0x000107fc       0x18 usb/device/usbdc.o
 .text.usbdc_xfer
                0x00010814       0x20 usb/device/usbdc.o
                0x00010814                usbdc_xfer
 .text.usbdc_cb_ctl_req
                0x00010834      0x328 usb/device/usbdc.o
 .text.usbdc_register_handler
                0x00010b5c       0x2c usb/device/usbdc.o
                0x00010b5c                usbdc_register_handler
 .text.usbdc_init
                0x00010b88       0x44 usb/device/usbdc.o
                0x00010b88                usbdc_init
 .text.usbdc_register_function
                0x00010bcc       0x10 usb/device/usbdc.o
                0x00010bcc                usbdc_register_function
 .text.usbdc_start
                0x00010bdc       0x34 usb/device/usbdc.o
                0x00010bdc                usbdc_start
 .text.usbdc_attach
                0x00010c10        0x8 usb/device/usbdc.o
                0x00010c10                usbdc_attach
 .text.usbdc_get_ctrl_buffer
                0x00010c18        0xc usb/device/usbdc.o
                0x00010c18                usbdc_get_ctrl_buffer
 .text.usbdc_get_state
                0x00010c24       0x14 usb/device/usbdc.o
                0x00010c24                usbdc_get_state
 .text.usb_find_desc
                0x00010c38       0x1a usb/usb_protocol.o
                0x00010c38                usb_find_desc
 .text.usb_find_ep_desc
                0x00010c52       0x1c usb/usb_protocol.o
                0x00010c52                usb_find_ep_desc
 *fill*         0x00010c6e        0x2 
 .text.usb_find_cfg_desc
                0x00010c70       0x3c usb/usb_protocol.o
                0x00010c70                usb_find_cfg_desc
 .text.usb_find_str_desc
                0x00010cac       0x30 usb/usb_protocol.o
                0x00010cac                usb_find_str_desc
 .text.gpio_get_pin_level