Archive member included to satisfy reference by file (symbol)

c:/program files (x86)/atmel/studio/7.0/toolchain/arm/arm-gnu-toolchain/bin/../lib/gcc/arm-none-eabi/6.3.1/thumb/v7e-m\libgcc.a(_arm_addsubdf3.o)
                              hpl/sercom/hpl_sercom.o (__aeabi_dsub)
c:/program files (x86)/atmel/studio/7.0/toolchain/arm/arm-gnu-toolchain/bin/../lib/gcc/arm-none-eabi/6.3.1/thumb/v7e-m\libgcc.a(_arm_muldivdf3.o)
                              grid/grid_hardwaretest.o (__aeabi_dmul)
c:/program files (x86)/atmel/studio/7.0/toolchain/arm/arm-gnu-toolchain/bin/../lib/gcc/arm-none-eabi/6.3.1/thumb/v7e-m\libgcc.a(_arm_fixunsdfsi.o)
                              grid/grid_hardwaretest.o (__aeabi_d2uiz)
c:/program files (x86)/atmel/studio/7.0/toolchain/arm/arm-gnu-toolchain/bin/../lib/gcc/arm-none-eabi/6.3.1/thumb/v7e-m\libgcc.a(_aeabi_uldivmod.o)
                              hpl/sercom/hpl_sercom.o (__aeabi_uldivmod)
c:/program files (x86)/atmel/studio/7.0/toolchain/arm/arm-gnu-toolchain/bin/../lib/gcc/arm-none-eabi/6.3.1/thumb/v7e-m\libgcc.a(_udivmoddi4.o)
                              c:/program files (x86)/atmel/studio/7.0/toolchain/arm/arm-gnu-toolchain/bin/../lib/gcc/arm-none-eabi/6.3.1/thumb/v7e-m\libgcc.a(_aeabi_uldivmod.o) (__udivmoddi4)
c:/program files (x86)/atmel/studio/7.0/toolchain/arm/arm-gnu-toolchain/bin/../lib/gcc/arm-none-eabi/6.3.1/thumb/v7e-m\libgcc.a(_dvmd_tls.o)
                              c:/program files (x86)/atmel/studio/7.0/toolchain/arm/arm-gnu-toolchain/bin/../lib/gcc/arm-none-eabi/6.3.1/thumb/v7e-m\libgcc.a(_aeabi_uldivmod.o) (__aeabi_ldiv0)
c:/program files (x86)/atmel/studio/7.0/toolchain/arm/arm-gnu-toolchain/bin/../lib/gcc/arm-none-eabi/6.3.1/../../../../arm-none-eabi/lib/thumb/v7e-m\libc_nano.a(lib_a-exit.o)
                              c:/program files (x86)/atmel/studio/7.0/toolchain/arm/arm-gnu-toolchain/bin/../lib/gcc/arm-none-eabi/6.3.1/../../../../arm-none-eabi/lib/thumb/v7e-m/crt0.o (exit)
c:/program files (x86)/atmel/studio/7.0/toolchain/arm/arm-gnu-toolchain/bin/../lib/gcc/arm-none-eabi/6.3.1/../../../../arm-none-eabi/lib/thumb/v7e-m\libc_nano.a(lib_a-impure.o)
                              c:/program files (x86)/atmel/studio/7.0/toolchain/arm/arm-gnu-toolchain/bin/../lib/gcc/arm-none-eabi/6.3.1/../../../../arm-none-eabi/lib/thumb/v7e-m\libc_nano.a(lib_a-exit.o) (_global_impure_ptr)
c:/program files (x86)/atmel/studio/7.0/toolchain/arm/arm-gnu-toolchain/bin/../lib/gcc/arm-none-eabi/6.3.1/../../../../arm-none-eabi/lib/thumb/v7e-m\libc_nano.a(lib_a-init.o)
                              c:/program files (x86)/atmel/studio/7.0/toolchain/arm/arm-gnu-toolchain/bin/../lib/gcc/arm-none-eabi/6.3.1/../../../../arm-none-eabi/lib/thumb/v7e-m/crt0.o (__libc_init_array)
c:/program files (x86)/atmel/studio/7.0/toolchain/arm/arm-gnu-toolchain/bin/../lib/gcc/arm-none-eabi/6.3.1/../../../../arm-none-eabi/lib/thumb/v7e-m\libc_nano.a(lib_a-malloc.o)
                              grid/grid_ain.o (malloc)
c:/program files (x86)/atmel/studio/7.0/toolchain/arm/arm-gnu-toolchain/bin/../lib/gcc/arm-none-eabi/6.3.1/../../../../arm-none-eabi/lib/thumb/v7e-m\libc_nano.a(lib_a-memcpy-stub.o)
                              hpl/nvmctrl/hpl_nvmctrl.o (memcpy)
c:/program files (x86)/atmel/studio/7.0/toolchain/arm/arm-gnu-toolchain/bin/../lib/gcc/arm-none-eabi/6.3.1/../../../../arm-none-eabi/lib/thumb/v7e-m\libc_nano.a(lib_a-memset.o)
                              c:/program files (x86)/atmel/studio/7.0/toolchain/arm/arm-gnu-toolchain/bin/../lib/gcc/arm-none-eabi/6.3.1/../../../../arm-none-eabi/lib/thumb/v7e-m/crt0.o (memset)
c:/program files (x86)/atmel/studio/7.0/toolchain/arm/arm-gnu-toolchain/bin/../lib/gcc/arm-none-eabi/6.3.1/../../../../arm-none-eabi/lib/thumb/v7e-m\libc_nano.a(lib_a-nano-freer.o)
                              c:/program files (x86)/atmel/studio/7.0/toolchain/arm/arm-gnu-toolchain/bin/../lib/gcc/arm-none-eabi/6.3.1/../../../../arm-none-eabi/lib/thumb/v7e-m\libc_nano.a(lib_a-malloc.o) (_free_r)
c:/program files (x86)/atmel/studio/7.0/toolchain/arm/arm-gnu-toolchain/bin/../lib/gcc/arm-none-eabi/6.3.1/../../../../arm-none-eabi/lib/thumb/v7e-m\libc_nano.a(lib_a-nano-mallocr.o)
                              c:/program files (x86)/atmel/studio/7.0/toolchain/arm/arm-gnu-toolchain/bin/../lib/gcc/arm-none-eabi/6.3.1/../../../../arm-none-eabi/lib/thumb/v7e-m\libc_nano.a(lib_a-malloc.o) (_malloc_r)
c:/program files (x86)/atmel/studio/7.0/toolchain/arm/arm-gnu-toolchain/bin/../lib/gcc/arm-none-eabi/6.3.1/../../../../arm-none-eabi/lib/thumb/v7e-m\libc_nano.a(lib_a-printf.o)
                              grid/grid_d51.o (printf)
c:/program files (x86)/atmel/studio/7.0/toolchain/arm/arm-gnu-toolchain/bin/../lib/gcc/arm-none-eabi/6.3.1/../../../../arm-none-eabi/lib/thumb/v7e-m\libc_nano.a(lib_a-puts.o)
                              grid/grid_unittest.o (puts)
[...]
Memory Configuration

Name             Origin             Length             Attributes
rom              0x00004000         0x0007a000         xr
ram              0x20000000         0x00040000         xrw
bkupram          0x47000000         0x00002000         xrw
qspi             0x04000000         0x01000000         xrw
*default*        0x00000000         0xffffffff

Linker script and memory map

LOAD c:/program files (x86)/atmel/studio/7.0/toolchain/arm/arm-gnu-toolchain/bin/../lib/gcc/arm-none-eabi/6.3.1/thumb/v7e-m/crti.o
LOAD c:/program files (x86)/atmel/studio/7.0/toolchain/arm/arm-gnu-toolchain/bin/../lib/gcc/arm-none-eabi/6.3.1/thumb/v7e-m/crtbegin.o
LOAD c:/program files (x86)/atmel/studio/7.0/toolchain/arm/arm-gnu-toolchain/bin/../lib/gcc/arm-none-eabi/6.3.1/../../../../arm-none-eabi/lib/thumb/v7e-m/crt0.o
LOAD atmel_start.o
LOAD Device_Startup/startup_samd51.o
LOAD Device_Startup/system_samd51.o
LOAD driver_init.o
LOAD examples/driver_examples.o
LOAD flash/n25q256a.o
LOAD flash/spi_nor_flash.o
LOAD grid/grid_d51.o
LOAD grid/grid_debug.o
LOAD grid/grid_hardwaretest.o
LOAD grid/grid_msg.o
LOAD grid/grid_nvm.o
LOAD grid/grid_unittest.o
LOAD grid/grid_ain.o
LOAD grid/grid_buf.o
LOAD grid/grid_led.o
LOAD grid/grid_module.o
LOAD grid/grid_module_bu16_revb.o
LOAD grid/grid_module_en16_reva.o
LOAD grid/grid_module_pbf4_reva.o
LOAD grid/grid_module_po16_revb.o
LOAD grid/grid_sys.o
LOAD grid/grid_ui.o
LOAD grid/grid_usb.o
LOAD hal/src/hal_adc_async.o
LOAD hal/src/hal_atomic.o
LOAD hal/src/hal_cache.o
LOAD hal/src/hal_crc_sync.o
LOAD hal/src/hal_delay.o
LOAD hal/src/hal_evsys.o
LOAD hal/src/hal_flash.o
LOAD hal/src/hal_gpio.o
LOAD hal/src/hal_i2c_m_async.o
LOAD hal/src/hal_init.o
LOAD hal/src/hal_io.o
LOAD hal/src/hal_qspi_dma.o
LOAD hal/src/hal_sleep.o
LOAD hal/src/hal_spi_m_async.o
LOAD hal/src/hal_spi_m_dma.o
LOAD hal/src/hal_timer.o
LOAD hal/src/hal_usart_async.o
LOAD hal/src/hal_usart_sync.o
LOAD hal/src/hal_usb_device.o
LOAD hal/src/hal_wdt.o
LOAD hal/utils/src/utils_assert.o
LOAD hal/utils/src/utils_event.o
LOAD hal/utils/src/utils_list.o
LOAD hal/utils/src/utils_ringbuffer.o
LOAD hal/utils/src/utils_syscalls.o
LOAD hpl/adc/hpl_adc.o
LOAD hpl/cmcc/hpl_cmcc.o
LOAD hpl/core/hpl_core_m4.o
LOAD hpl/core/hpl_init.o
LOAD hpl/dmac/hpl_dmac.o
LOAD hpl/dsu/hpl_dsu.o
LOAD hpl/evsys/hpl_evsys.o
LOAD hpl/gclk/hpl_gclk.o
LOAD hpl/mclk/hpl_mclk.o
LOAD hpl/nvmctrl/hpl_nvmctrl.o
LOAD hpl/osc32kctrl/hpl_osc32kctrl.o
LOAD hpl/oscctrl/hpl_oscctrl.o
LOAD hpl/pac/hpl_pac.o
LOAD hpl/pm/hpl_pm.o
LOAD hpl/qspi/hpl_qspi.o
LOAD hpl/ramecc/hpl_ramecc.o
LOAD hpl/rtc/hpl_rtc.o
LOAD hpl/sercom/hpl_sercom.o
LOAD hpl/systick/hpl_systick.o
LOAD hpl/tc/hpl_tc.o
LOAD hpl/usb/hpl_usb.o
LOAD hpl/wdt/hpl_wdt.o
LOAD main.o
LOAD stdio_redirect/gcc/read.o
LOAD stdio_redirect/gcc/write.o
LOAD stdio_redirect/stdio_io.o
LOAD stdio_start.o
LOAD usb/class/cdc/device/cdcdf_acm.o
LOAD usb/class/hid/device/hiddf_generic.o
LOAD usb/class/hid/device/hiddf_keyboard.o
LOAD usb/class/hid/device/hiddf_mouse.o
LOAD usb/class/midi/device/audiodf_midi.o
LOAD usb/class/midi/usb_protocol_midi.o
LOAD usb/class/msc/device/mscdf.o
LOAD usb/device/usbdc.o
LOAD usb/usb_protocol.o
LOAD usb_start.o
START GROUP
LOAD c:/program files (x86)/atmel/studio/7.0/toolchain/arm/arm-gnu-toolchain/bin/../lib/gcc/arm-none-eabi/6.3.1/../../../../arm-none-eabi/lib/thumb/v7e-m\libm.a
END GROUP
START GROUP
LOAD c:/program files (x86)/atmel/studio/7.0/toolchain/arm/arm-gnu-toolchain/bin/../lib/gcc/arm-none-eabi/6.3.1/thumb/v7e-m\libgcc.a
LOAD c:/program files (x86)/atmel/studio/7.0/toolchain/arm/arm-gnu-toolchain/bin/../lib/gcc/arm-none-eabi/6.3.1/../../../../arm-none-eabi/lib/thumb/v7e-m\libc_nano.a
END GROUP
START GROUP
LOAD c:/program files (x86)/atmel/studio/7.0/toolchain/arm/arm-gnu-toolchain/bin/../lib/gcc/arm-none-eabi/6.3.1/thumb/v7e-m\libgcc.a
LOAD c:/program files (x86)/atmel/studio/7.0/toolchain/arm/arm-gnu-toolchain/bin/../lib/gcc/arm-none-eabi/6.3.1/../../../../arm-none-eabi/lib/thumb/v7e-m\libc_nano.a
END GROUP
LOAD c:/program files (x86)/atmel/studio/7.0/toolchain/arm/arm-gnu-toolchain/bin/../lib/gcc/arm-none-eabi/6.3.1/thumb/v7e-m/crtend.o
LOAD c:/program files (x86)/atmel/studio/7.0/toolchain/arm/arm-gnu-toolchain/bin/../lib/gcc/arm-none-eabi/6.3.1/thumb/v7e-m/crtn.o
                0x00010000                STACK_SIZE = DEFINED (STACK_SIZE)?STACK_SIZE:DEFINED (__stack_size__)?__stack_size__:0x10000

.text           0x00004000     0xeef8
                0x00004000                . = ALIGN (0x4)
                0x00004000                _sfixed = .
 *(.vectors .vectors.*)
 .vectors       0x00004000      0x264 Device_Startup/startup_samd51.o
                0x00004000                exception_table
 *(.text .text.* .gnu.linkonce.t.*)
 .text          0x00004264       0x6c c:/program files (x86)/atmel/studio/7.0/toolchain/arm/arm-gnu-toolchain/bin/../lib/gcc/arm-none-eabi/6.3.1/thumb/v7e-m/crtbegin.o
 .text.atmel_start_init
                0x000042d0       0x20 atmel_start.o
                0x000042d0                atmel_start_init
 .text.Dummy_Handler
                0x000042f0        0x2 Device_Startup/startup_samd51.o
                0x000042f0                EIC_5_Handler
                0x000042f0                SVCall_Handler
                0x000042f0                EIC_13_Handler
                0x000042f0                EVSYS_0_Handler
                0x000042f0                TCC1_3_Handler
                0x000042f0                DAC_3_Handler
                0x000042f0                TRNG_Handler
                0x000042f0                HardFault_Handler
                0x000042f0                PDEC_2_Handler
                0x000042f0                EIC_4_Handler
                0x000042f0                AC_Handler
                0x000042f0                SysTick_Handler
                0x000042f0                TCC2_3_Handler
                0x000042f0                PendSV_Handler
                0x000042f0                TC7_Handler
                0x000042f0                EVSYS_3_Handler
                0x000042f0                PDEC_0_Handler
                0x000042f0                QSPI_Handler
                0x000042f0                NonMaskableInt_Handler
                0x000042f0                TCC0_0_Handler
                0x000042f0                EIC_3_Handler
                0x000042f0                MemManagement_Handler
                0x000042f0                DAC_2_Handler
                0x000042f0                UsageFault_Handler
                0x000042f0                EIC_10_Handler
                0x000042f0                EIC_11_Handler
                0x000042f0                EIC_9_Handler
                0x000042f0                OSC32KCTRL_Handler
                0x000042f0                TCC2_1_Handler
                0x000042f0                SUPC_1_Handler
                0x000042f0                TCC0_5_Handler
                0x000042f0                TCC0_6_Handler
                0x000042f0                EVSYS_1_Handler
                0x000042f0                TCC1_4_Handler
                0x000042f0                TC6_Handler
                0x000042f0                WDT_Handler
                0x000042f0                EIC_8_Handler
                0x000042f0                EIC_15_Handler
                0x000042f0                TC4_Handler
                0x000042f0                OSCCTRL_4_Handler
                0x000042f0                EIC_12_Handler
                0x000042f0                TCC4_2_Handler
                0x000042f0                PAC_Handler
                0x000042f0                TCC1_0_Handler
                0x000042f0                OSCCTRL_0_Handler
                0x000042f0                EIC_0_Handler
                0x000042f0                OSCCTRL_3_Handler
                0x000042f0                Dummy_Handler
                0x000042f0                TCC3_0_Handler
                0x000042f0                TCC2_2_Handler
                0x000042f0                TCC1_1_Handler
                0x000042f0                OSCCTRL_2_Handler
                0x000042f0                TCC1_2_Handler
                0x000042f0                SERCOM7_1_Handler
                0x000042f0                PM_Handler
                0x000042f0                SERCOM2_3_Handler
                0x000042f0                DAC_4_Handler
                0x000042f0                TCC3_2_Handler
                0x000042f0                SERCOM7_0_Handler
                0x000042f0                TCC0_2_Handler
                0x000042f0                TCC4_0_Handler
                0x000042f0                SERCOM7_3_Handler
                0x000042f0                SDHC1_Handler
                0x000042f0                SERCOM7_2_Handler
                0x000042f0                TCC2_0_Handler
                0x000042f0                PDEC_1_Handler
                0x000042f0                TCC4_1_Handler
                0x000042f0                SDHC0_Handler
                0x000042f0                I2S_Handler
                0x000042f0                EIC_2_Handler
                0x000042f0                PCC_Handler
                0x000042f0                DAC_0_Handler
                0x000042f0                TCC0_1_Handler
                0x000042f0                EIC_6_Handler
                0x000042f0                OSCCTRL_1_Handler
                0x000042f0                PUKCC_Handler
                0x000042f0                SERCOM2_1_Handler
                0x000042f0                EIC_1_Handler
                0x000042f0                EVSYS_4_Handler
                0x000042f0                EIC_7_Handler
                0x000042f0                SERCOM2_2_Handler
                0x000042f0                TCC3_1_Handler
                0x000042f0                EIC_14_Handler
                0x000042f0                DAC_1_Handler
                0x000042f0                MCLK_Handler
                0x000042f0                EVSYS_2_Handler
                0x000042f0                SUPC_0_Handler
                0x000042f0                BusFault_Handler
                0x000042f0                FREQM_Handler
                0x000042f0                TCC0_3_Handler
                0x000042f0                DebugMonitor_Handler
                0x000042f0                TCC0_4_Handler
                0x000042f0                TC5_Handler
                0x000042f0                SERCOM2_0_Handler
                0x000042f0                AES_Handler
                0x000042f0                ICM_Handler
 *fill*         0x000042f2        0x2 
 .text.Reset_Handler
                0x000042f4       0x78 Device_Startup/startup_samd51.o
                0x000042f4                Reset_Handler
 .text._gpio_set_pin_function
                0x0000436c       0x68 driver_init.o
 .text.gpio_set_pin_direction
                0x000043d4       0x68 driver_init.o
 .text.ADC_0_init
                0x0000443c       0x80 driver_init.o
                0x0000443c                ADC_0_init
 .text.ADC_1_init
                0x000044bc       0x84 driver_init.o
                0x000044bc                ADC_1_init
 .text.CRC_0_init
                0x00004540       0x24 driver_init.o
                0x00004540                CRC_0_init
 .text.EVENT_SYSTEM_0_init
                0x00004564       0x30 driver_init.o
                0x00004564                EVENT_SYSTEM_0_init
 .text.FLASH_0_CLOCK_init
                0x00004594       0x10 driver_init.o
                0x00004594                FLASH_0_CLOCK_init
 .text.FLASH_0_init
                0x000045a4       0x24 driver_init.o
                0x000045a4                FLASH_0_init
 .text.QSPI_INSTANCE_PORT_init
                0x000045c8       0xdc driver_init.o
                0x000045c8                QSPI_INSTANCE_PORT_init
 .text.QSPI_INSTANCE_CLOCK_init
                0x000046a4       0x20 driver_init.o
                0x000046a4                QSPI_INSTANCE_CLOCK_init
 .text.QSPI_INSTANCE_init
                0x000046c4       0x2c driver_init.o
                0x000046c4                QSPI_INSTANCE_init
 .text.USART_EAST_CLOCK_init
                0x000046f0       0x24 driver_init.o
                0x000046f0                USART_EAST_CLOCK_init
 .text.USART_EAST_PORT_init
                0x00004714       0x24 driver_init.o
                0x00004714                USART_EAST_PORT_init
 .text.USART_EAST_init
                0x00004738       0x38 driver_init.o
                0x00004738                USART_EAST_init
 .text.USART_NORTH_CLOCK_init
                0x00004770       0x24 driver_init.o
                0x00004770                USART_NORTH_CLOCK_init
 .text.USART_NORTH_PORT_init
                0x00004794       0x24 driver_init.o
                0x00004794                USART_NORTH_PORT_init
 .text.USART_NORTH_init
                0x000047b8       0x38 driver_init.o
                0x000047b8                USART_NORTH_init
 .text.GRID_AUX_PORT_init
                0x000047f0       0x24 driver_init.o
                0x000047f0                GRID_AUX_PORT_init
 .text.GRID_AUX_CLOCK_init
                0x00004814       0x24 driver_init.o
                0x00004814                GRID_AUX_CLOCK_init
 .text.GRID_AUX_init
                0x00004838       0x2c driver_init.o
                0x00004838                GRID_AUX_init
 .text.UI_SPI_PORT_init
                0x00004864       0x68 driver_init.o
                0x00004864                UI_SPI_PORT_init
 .text.UI_SPI_CLOCK_init
                0x000048cc       0x24 driver_init.o
                0x000048cc                UI_SPI_CLOCK_init
 .text.UI_SPI_init
                0x000048f0       0x2c driver_init.o
                0x000048f0                UI_SPI_init
 .text.USART_WEST_CLOCK_init
                0x0000491c       0x24 driver_init.o
                0x0000491c                USART_WEST_CLOCK_init
 .text.USART_WEST_PORT_init
                0x00004940       0x24 driver_init.o
                0x00004940                USART_WEST_PORT_init
 .text.USART_WEST_init
                0x00004964       0x38 driver_init.o
                0x00004964                USART_WEST_init
 .text.SYS_I2C_PORT_init
                0x0000499c       0x40 driver_init.o
                0x0000499c                SYS_I2C_PORT_init
 .text.SYS_I2C_CLOCK_init
                0x000049dc       0x24 driver_init.o
                0x000049dc                SYS_I2C_CLOCK_init
 .text.SYS_I2C_init
                0x00004a00       0x2c driver_init.o
                0x00004a00                SYS_I2C_init
 .text.USART_SOUTH_CLOCK_init
                0x00004a2c       0x24 driver_init.o
                0x00004a2c                USART_SOUTH_CLOCK_init
 .text.USART_SOUTH_PORT_init
                0x00004a50       0x24 driver_init.o
                0x00004a50                USART_SOUTH_PORT_init
 .text.USART_SOUTH_init
                0x00004a74       0x38 driver_init.o
                0x00004a74                USART_SOUTH_init
 .text.GRID_LED_PORT_init
                0x00004aac       0x68 driver_init.o
                0x00004aac                GRID_LED_PORT_init
 .text.GRID_LED_CLOCK_init
                0x00004b14       0x24 driver_init.o
                0x00004b14                GRID_LED_CLOCK_init
 .text.GRID_LED_init
                0x00004b38       0x2c driver_init.o
                0x00004b38                GRID_LED_init
 .text.delay_driver_init
                0x00004b64       0x10 driver_init.o
                0x00004b64                delay_driver_init
 .text.USB_DEVICE_INSTANCE_PORT_init
                0x00004b74       0x60 driver_init.o
                0x00004b74                USB_DEVICE_INSTANCE_PORT_init
 .text.USB_DEVICE_INSTANCE_CLOCK_init
                0x00004bd4       0x24 driver_init.o
                0x00004bd4                USB_DEVICE_INSTANCE_CLOCK_init
 .text.USB_DEVICE_INSTANCE_init
                0x00004bf8       0x20 driver_init.o
                0x00004bf8                USB_DEVICE_INSTANCE_init
 .text.WDT_0_CLOCK_init
                0x00004c18       0x10 driver_init.o
                0x00004c18                WDT_0_CLOCK_init
 .text.WDT_0_init
                0x00004c28       0x24 driver_init.o
                0x00004c28                WDT_0_init
 .text.system_init
                0x00004c4c      0x2a8 driver_init.o
                0x00004c4c                system_init
 .text.grid_d51_bitmap_write_bit
                0x00004ef4       0x3a grid/grid_d51.o
                0x00004ef4                grid_d51_bitmap_write_bit
 *fill*         0x00004f2e        0x2 
 .text.grid_d51_verify_user_row
                0x00004f30      0x198 grid/grid_d51.o
                0x00004f30                grid_d51_verify_user_row
 .text.grid_d51_init
                0x000050c8       0x4c grid/grid_d51.o
                0x000050c8                grid_d51_init
 .text.grid_msg_header_set_len
                0x00005114       0x20 grid/grid_msg.o
                0x00005114                grid_msg_header_set_len
 .text.grid_msg_header_set_id
                0x00005134       0x20 grid/grid_msg.o
                0x00005134                grid_msg_header_set_id
 .text.grid_msg_header_set_dx
                0x00005154       0x20 grid/grid_msg.o
                0x00005154                grid_msg_header_set_dx
 .text.grid_msg_header_get_dx
                0x00005174       0x1c grid/grid_msg.o
                0x00005174                grid_msg_header_get_dx
 .text.grid_msg_header_set_dy
                0x00005190       0x20 grid/grid_msg.o
                0x00005190                grid_msg_header_set_dy
 .text.grid_msg_header_get_dy
                0x000051b0       0x1c grid/grid_msg.o
                0x000051b0                grid_msg_header_get_dy
 .text.grid_msg_header_set_rot
                0x000051cc       0x20 grid/grid_msg.o
                0x000051cc                grid_msg_header_set_rot
 .text.grid_msg_header_set_age
                0x000051ec       0x20 grid/grid_msg.o
                0x000051ec                grid_msg_header_set_age
 .text.grid_msg_packet_get_length
                0x0000520c       0x12 grid/grid_msg.o
                0x0000520c                grid_msg_packet_get_length
 .text.grid_msg_body_get_length
                0x0000521e        0x6 grid/grid_msg.o
                0x0000521e                grid_msg_body_get_length
 .text.grid_msg_body_append_text
                0x00005224       0x20 grid/grid_msg.o
                0x00005224                grid_msg_body_append_text
 .text.grid_msg_body_append_text_escaped
                0x00005244       0x36 grid/grid_msg.o
                0x00005244                grid_msg_body_append_text_escaped
 *fill*         0x0000527a        0x2 
 .text.grid_msg_text_get_parameter
                0x0000527c       0x18 grid/grid_msg.o
                0x0000527c                grid_msg_text_get_parameter
 .text.grid_msg_text_set_parameter
                0x00005294       0x18 grid/grid_msg.o
                0x00005294                grid_msg_text_set_parameter
 .text.grid_msg_init
                0x000052ac       0x44 grid/grid_msg.o
                0x000052ac                grid_msg_init
 .text.grid_msg_init_header
                0x000052f0       0x6c grid/grid_msg.o
                0x000052f0                grid_msg_init_header
 .text.grid_msg_packet_receive_char
                0x0000535c       0x4e grid/grid_msg.o
                0x0000535c                grid_msg_packet_receive_char
 .text.grid_msg_packet_send_char
                0x000053aa       0x3a grid/grid_msg.o
                0x000053aa                grid_msg_packet_send_char
 .text.grid_msg_packet_close
                0x000053e4       0xd4 grid/grid_msg.o
                0x000053e4                grid_msg_packet_close
 .text.grid_msg_packet_send_everywhere
                0x000054b8       0x5c grid/grid_msg.o
                0x000054b8                grid_msg_packet_send_everywhere
 .text.grid_nvm_ui_bulk_read_init
                0x00005514        0xe grid/grid_nvm.o
                0x00005514                grid_nvm_ui_bulk_read_init
 .text.grid_nvm_ui_bulk_read_is_in_progress
                0x00005522        0x6 grid/grid_nvm.o
                0x00005522                grid_nvm_ui_bulk_read_is_in_progress
 .text.grid_nvm_ui_bulk_read_next
                0x00005528      0x104 grid/grid_nvm.o
                0x00005528                grid_nvm_ui_bulk_read_next
 .text.grid_nvm_ui_bulk_clear_init
                0x0000562c        0xe grid/grid_nvm.o
                0x0000562c                grid_nvm_ui_bulk_clear_init
 .text.grid_nvm_ui_bulk_clear_is_in_progress
                0x0000563a        0x6 grid/grid_nvm.o
                0x0000563a                grid_nvm_ui_bulk_clear_is_in_progress
 .text.grid_nvm_ui_bulk_clear_next
                0x00005640      0x104 grid/grid_nvm.o
                0x00005640                grid_nvm_ui_bulk_clear_next
 .text.grid_nvm_clear_read_buffer
                0x00005744       0x20 grid/grid_nvm.o
                0x00005744                grid_nvm_clear_read_buffer
 .text.grid_nvm_clear_write_buffer
                0x00005764       0x28 grid/grid_nvm.o
                0x00005764                grid_nvm_clear_write_buffer
 .text.grid_nvm_init
                0x0000578c       0x44 grid/grid_nvm.o
                0x0000578c                grid_nvm_init
 .text.grid_nvm_calculate_event_page_offset
                0x000057d0       0x1c grid/grid_nvm.o
                0x000057d0                grid_nvm_calculate_event_page_offset
 .text.grid_ain_channel_init
                0x000057ec       0x34 grid/grid_ain.o
                0x000057ec                grid_ain_channel_init
 .text.grid_ain_init
                0x00005820       0x44 grid/grid_ain.o
                0x00005820                grid_ain_init
 .text.grid_ain_add_sample
                0x00005864       0xd0 grid/grid_ain.o
                0x00005864                grid_ain_add_sample
 .text.grid_ain_get_changed
                0x00005934       0x10 grid/grid_ain.o
                0x00005934                grid_ain_get_changed
 .text.grid_ain_get_average
                0x00005944       0x28 grid/grid_ain.o
                0x00005944                grid_ain_get_average
 .text.grid_port_reset_receiver
                0x0000596c       0xac grid/grid_buf.o
                0x0000596c                grid_port_reset_receiver
 .text.grid_buffer_init
                0x00005a18       0x3c grid/grid_buf.o
                0x00005a18                grid_buffer_init
 .text.grid_buffer_get_space
                0x00005a54       0x18 grid/grid_buf.o
                0x00005a54                grid_buffer_get_space
 .text.grid_buffer_write_init
                0x00005a6c       0x3c grid/grid_buf.o
                0x00005a6c                grid_buffer_write_init
 .text.grid_buffer_write_character
                0x00005aa8       0x1e grid/grid_buf.o
                0x00005aa8                grid_buffer_write_character
 *fill*         0x00005ac6        0x2 
 .text.grid_buffer_write_acknowledge
                0x00005ac8       0x28 grid/grid_buf.o
                0x00005ac8                grid_buffer_write_acknowledge
 .text.grid_port_receive_decode
                0x00005af0      0x4e0 grid/grid_buf.o
                0x00005af0                grid_port_receive_decode
 .text.grid_port_receive_task
                0x00005fd0      0x17c grid/grid_buf.o
                0x00005fd0                grid_port_receive_task
 .text.grid_buffer_read_size
                0x0000614c       0x52 grid/grid_buf.o
                0x0000614c                grid_buffer_read_size
 .text.grid_buffer_read_init
                0x0000619e       0x66 grid/grid_buf.o
                0x0000619e                grid_buffer_read_init
 .text.grid_buffer_read_character
                0x00006204       0x2a grid/grid_buf.o
                0x00006204                grid_buffer_read_character
 .text.grid_buffer_read_acknowledge
                0x0000622e       0x16 grid/grid_buf.o
                0x0000622e                grid_buffer_read_acknowledge
 .text.grid_port_init
                0x00006244      0x164 grid/grid_buf.o
                0x00006244                grid_port_init
 .text.grid_port_init_all
                0x000063a8       0xa4 grid/grid_buf.o
                0x000063a8                grid_port_init_all
 .text.grid_port_process_inbound
                0x0000644c      0x1cc grid/grid_buf.o
                0x0000644c                grid_port_process_inbound
 .text.grid_port_process_outbound_usb
                0x00006618      0x218 grid/grid_buf.o
                0x00006618                grid_port_process_outbound_usb
 .text.grid_port_process_outbound_ui
                0x00006830      0xa48 grid/grid_buf.o
                0x00006830                grid_port_process_outbound_ui
 .text.grid_port_process_outbound_usart
                0x00007278       0x6c grid/grid_buf.o
                0x00007278                grid_port_process_outbound_usart
 .text.grid_led_lowlevel_hardware_transfer_complete_cb
                0x000072e4        0xc grid/grid_led.o
                0x000072e4                grid_led_lowlevel_hardware_transfer_complete_cb
 .text.grid_led_lowlevel_set_color
                0x000072f0       0x4c grid/grid_led.o
                0x000072f0                grid_led_lowlevel_set_color
 .text.grid_led_hardware_init
                0x0000733c       0x2c grid/grid_led.o
                0x0000733c                grid_led_hardware_init
 .text.grid_led_get_led_number
                0x00007368        0x4 grid/grid_led.o
                0x00007368                grid_led_get_led_number
 .text.grid_led_tick
                0x0000736c       0x34 grid/grid_led.o
                0x0000736c                grid_led_tick
 .text.grid_led_set_min
                0x000073a0       0x20 grid/grid_led.o
                0x000073a0                grid_led_set_min
 .text.grid_led_set_mid
                0x000073c0       0x20 grid/grid_led.o
                0x000073c0                grid_led_set_mid
 .text.grid_led_set_max
                0x000073e0       0x20 grid/grid_led.o
                0x000073e0                grid_led_set_max
 .text.grid_led_set_color
                0x00007400       0x6c grid/grid_led.o
                0x00007400                grid_led_set_color
 .text.grid_led_set_phase
                0x0000746c       0x14 grid/grid_led.o
                0x0000746c                grid_led_set_phase
 .text.grid_led_set_frequency
                0x00007480       0x14 grid/grid_led.o
                0x00007480                grid_led_set_frequency
 .text.grid_led_buffer_init
                0x00007494      0x16c grid/grid_led.o
                0x00007494                grid_led_buffer_init
 .text.grid_led_lowlevel_init
                0x00007600       0xb0 grid/grid_led.o
                0x00007600                grid_led_lowlevel_init
 .text.grid_led_lowlevel_render
                0x000076b0       0xb0 grid/grid_led.o
                0x000076b0                grid_led_lowlevel_render
 .text.grid_led_lowlevel_render_all
                0x00007760       0x20 grid/grid_led.o
                0x00007760                grid_led_lowlevel_render_all
 .text.grid_led_lowlevel_hardware_start_transfer
                0x00007780       0x30 grid/grid_led.o
                0x00007780                grid_led_lowlevel_hardware_start_transfer
 .text.grid_module_common_init
                0x000077b0      0x250 grid/grid_module.o
                0x000077b0                grid_module_common_init
 .text.grid_module_bu16_revb_hardware_start_transfer
                0x00007a00       0x20 grid/grid_module_bu16_revb.o
                0x00007a00                grid_module_bu16_revb_hardware_start_transfer
 .text.grid_module_bu16_revb_hardware_transfer_complete_cb
                0x00007a20      0x27c grid/grid_module_bu16_revb.o
 .text.grid_module_bu16_revb_hardware_init
                0x00007c9c       0x48 grid/grid_module_bu16_revb.o
                0x00007c9c                grid_module_bu16_revb_hardware_init
 .text.grid_module_bu16_revb_init
                0x00007ce4       0x70 grid/grid_module_bu16_revb.o
                0x00007ce4                grid_module_bu16_revb_init
 .text.grid_module_en16_reva_hardware_start_transfer
                0x00007d54       0x3c grid/grid_module_en16_reva.o
                0x00007d54                grid_module_en16_reva_hardware_start_transfer
 .text.grid_module_en16_reva_hardware_transfer_complete_cb
                0x00007d90      0x37c grid/grid_module_en16_reva.o
                0x00007d90                grid_module_en16_reva_hardware_transfer_complete_cb
 .text.grid_module_en16_reva_hardware_init
                0x0000810c       0x68 grid/grid_module_en16_reva.o
                0x0000810c                grid_module_en16_reva_hardware_init
 .text.grid_module_en16_reva_init
                0x00008174       0x9c grid/grid_module_en16_reva.o
                0x00008174                grid_module_en16_reva_init
 .text.grid_module_pbf4_reva_hardware_start_transfer
                0x00008210       0x20 grid/grid_module_pbf4_reva.o
                0x00008210                grid_module_pbf4_reva_hardware_start_transfer
 .text.grid_module_pbf4_reva_hardware_transfer_complete_cb
                0x00008230      0x354 grid/grid_module_pbf4_reva.o
                0x00008230                grid_module_pbf4_reva_hardware_transfer_complete_cb
 .text.grid_module_pbf4_reva_hardware_init
                0x00008584       0x48 grid/grid_module_pbf4_reva.o
                0x00008584                grid_module_pbf4_reva_hardware_init
 .text.grid_module_pbf4_reva_init
                0x000085cc       0x84 grid/grid_module_pbf4_reva.o
                0x000085cc                grid_module_pbf4_reva_init
 .text.grid_module_po16_revb_hardware_start_transfer
                0x00008650       0x20 grid/grid_module_po16_revb.o
                0x00008650                grid_module_po16_revb_hardware_start_transfer
 .text.grid_module_po16_revb_hardware_transfer_complete_cb
                0x00008670      0x240 grid/grid_module_po16_revb.o
 .text.grid_module_po16_revb_hardware_init
                0x000088b0       0x48 grid/grid_module_po16_revb.o
                0x000088b0                grid_module_po16_revb_hardware_init
 .text.grid_module_po16_revb_init
                0x000088f8       0x80 grid/grid_module_po16_revb.o
                0x000088f8                grid_module_po16_revb_init
 .text.gpio_set_pin_pull_mode.constprop.3
                0x00008978       0x28 grid/grid_sys.o
 .text.grid_task_enter_task
                0x000089a0        0x8 grid/grid_sys.o
                0x000089a0                grid_task_enter_task
 .text.grid_task_timer_tick
                0x000089a8        0xe grid/grid_sys.o
                0x000089a8                grid_task_timer_tick
 .text.grid_task_timer_reset
                0x000089b6       0x10 grid/grid_sys.o
                0x000089b6                grid_task_timer_reset
 .text.grid_task_timer_read
                0x000089c6        0x8 grid/grid_sys.o
                0x000089c6                grid_task_timer_read
 *fill*         0x000089ce        0x2 
 .text.grid_sys_nvm_store_configuration
                0x000089d0      0x1f8 grid/grid_sys.o
                0x000089d0                grid_sys_nvm_store_configuration
 .text.grid_sys_recall_configuration
                0x00008bc8      0x15c grid/grid_sys.o
                0x00008bc8                grid_sys_recall_configuration
 .text.grid_sys_nvm_load_configuration
                0x00008d24       0xf8 grid/grid_sys.o
                0x00008d24                grid_sys_nvm_load_configuration
 .text.grid_sys_nvm_clear_configuration
                0x00008e1c       0x9c grid/grid_sys.o
                0x00008e1c                grid_sys_nvm_clear_configuration
 .text.grid_debug_print_text
                0x00008eb8       0xec grid/grid_sys.o
                0x00008eb8                grid_debug_print_text
 .text.tx_cb_USART_GRID
                0x00008fa4       0x1a grid/grid_sys.o
                0x00008fa4                tx_cb_USART_GRID
 *fill*         0x00008fbe        0x2 
 .text.tx_cb_USART_GRID_W
                0x00008fc0       0x10 grid/grid_sys.o
 .text.tx_cb_USART_GRID_S
                0x00008fd0       0x10 grid/grid_sys.o
 .text.tx_cb_USART_GRID_E
                0x00008fe0       0x10 grid/grid_sys.o
 .text.tx_cb_USART_GRID_N
                0x00008ff0       0x10 grid/grid_sys.o
 .text.err_cb_USART_GRID
                0x00009000       0x10 grid/grid_sys.o
                0x00009000                err_cb_USART_GRID
 .text.err_cb_USART_GRID_W
                0x00009010       0x10 grid/grid_sys.o
 .text.err_cb_USART_GRID_S
                0x00009020       0x10 grid/grid_sys.o
 .text.err_cb_USART_GRID_E
                0x00009030       0x10 grid/grid_sys.o
 .text.err_cb_USART_GRID_N
                0x00009040       0x10 grid/grid_sys.o
 .text.grid_sys_port_reset_dma
                0x00009050       0x20 grid/grid_sys.o
                0x00009050                grid_sys_port_reset_dma
 .text.dma_transfer_complete_n_cb
                0x00009070       0x10 grid/grid_sys.o
                0x00009070                dma_transfer_complete_n_cb
 .text.dma_transfer_complete_e_cb
                0x00009080       0x10 grid/grid_sys.o
                0x00009080                dma_transfer_complete_e_cb
 .text.dma_transfer_complete_s_cb
                0x00009090       0x10 grid/grid_sys.o
                0x00009090                dma_transfer_complete_s_cb
 .text.dma_transfer_complete_w_cb
                0x000090a0       0x10 grid/grid_sys.o
                0x000090a0                dma_transfer_complete_w_cb
 .text.grid_sys_uart_init
                0x000090b0      0x104 grid/grid_sys.o
                0x000090b0                grid_sys_uart_init
 .text.grid_sys_dma_rx_init_one
                0x000091b4       0x64 grid/grid_sys.o
                0x000091b4                grid_sys_dma_rx_init_one
 .text.grid_sys_dma_rx_init
                0x00009218       0x6c grid/grid_sys.o
                0x00009218                grid_sys_dma_rx_init
 .text.grid_sys_init
                0x00009284       0x8c grid/grid_sys.o
                0x00009284                grid_sys_init
 .text.grid_sys_bank_enable
                0x00009310        0xc grid/grid_sys.o
                0x00009310                grid_sys_bank_enable
 .text.grid_sys_bank_disable
                0x0000931c        0xc grid/grid_sys.o
                0x0000931c                grid_sys_bank_disable
 .text.grid_sys_bank_set_color
                0x00009328       0x16 grid/grid_sys.o
                0x00009328                grid_sys_bank_set_color
 .text.grid_sys_get_bank_num
                0x0000933e        0x4 grid/grid_sys.o
                0x0000933e                grid_sys_get_bank_num
 .text.grid_sys_get_bank_valid
                0x00009342        0x6 grid/grid_sys.o
                0x00009342                grid_sys_get_bank_valid
 .text.grid_sys_get_bank_red
                0x00009348        0x6 grid/grid_sys.o
                0x00009348                grid_sys_get_bank_red
 .text.grid_sys_get_bank_gre
                0x0000934e        0x6 grid/grid_sys.o
                0x0000934e                grid_sys_get_bank_gre
 .text.grid_sys_get_bank_blu
                0x00009354        0x6 grid/grid_sys.o
                0x00009354                grid_sys_get_bank_blu
 .text.grid_sys_get_bank_next
                0x0000935a       0x24 grid/grid_sys.o
                0x0000935a                grid_sys_get_bank_next
 .text.grid_sys_get_bank_number_of_first_valid
                0x0000937e       0x1a grid/grid_sys.o
                0x0000937e                grid_sys_get_bank_number_of_first_valid
 .text.grid_sys_set_bank
                0x00009398       0x48 grid/grid_sys.o
                0x00009398                grid_sys_set_bank
 .text.grid_sys_rtc_get_time
                0x000093e0        0x4 grid/grid_sys.o
                0x000093e0                grid_sys_rtc_get_time
 .text.grid_sys_rtc_get_elapsed_time
                0x000093e4        0x6 grid/grid_sys.o
                0x000093e4                grid_sys_rtc_get_elapsed_time
 .text.grid_sys_rtc_tick_time
                0x000093ea       0x12 grid/grid_sys.o
                0x000093ea                grid_sys_rtc_tick_time
 .text.grid_sys_alert_read_color_changed_flag
                0x000093fc        0x4 grid/grid_sys.o
                0x000093fc                grid_sys_alert_read_color_changed_flag
 .text.grid_sys_alert_clear_color_changed_flag
                0x00009400        0x6 grid/grid_sys.o
                0x00009400                grid_sys_alert_clear_color_changed_flag
 .text.grid_sys_alert_get_color_intensity
                0x00009406       0x42 grid/grid_sys.o
                0x00009406                grid_sys_alert_get_color_intensity
 .text.grid_sys_alert_set_alert
                0x00009448       0x1a grid/grid_sys.o
                0x00009448                grid_sys_alert_set_alert
 .text.grid_sys_alert_get_color_r
                0x00009462        0x4 grid/grid_sys.o
                0x00009462                grid_sys_alert_get_color_r
 .text.grid_sys_alert_get_color_g
                0x00009466        0x4 grid/grid_sys.o
                0x00009466                grid_sys_alert_get_color_g
 .text.grid_sys_alert_get_color_b
                0x0000946a        0x4 grid/grid_sys.o
                0x0000946a                grid_sys_alert_get_color_b
 .text.grid_sys_read_hex_char_value
                0x0000946e       0x28 grid/grid_sys.o
                0x0000946e                grid_sys_read_hex_char_value
 *fill*         0x00009496        0x2 
 .text.grid_sys_read_hex_string_value
                0x00009498       0x30 grid/grid_sys.o
                0x00009498                grid_sys_read_hex_string_value
 .text.grid_sys_write_hex_string_value
                0x000094c8       0x34 grid/grid_sys.o
                0x000094c8                grid_sys_write_hex_string_value
 .text.grid_sys_get_id
                0x000094fc       0x2c grid/grid_sys.o
                0x000094fc                grid_sys_get_id
 .text.grid_sys_get_hwcfg
                0x00009528       0xe4 grid/grid_sys.o
                0x00009528                grid_sys_get_hwcfg
 .text.grid_msg_calculate_checksum_of_packet_string
                0x0000960c       0x1a grid/grid_sys.o
                0x0000960c                grid_msg_calculate_checksum_of_packet_string
 *fill*         0x00009626        0x2 
 .text.grid_msg_checksum_read
                0x00009628       0x1c grid/grid_sys.o
                0x00009628                grid_msg_checksum_read
 .text.grid_msg_checksum_write
                0x00009644       0x10 grid/grid_sys.o
                0x00009644                grid_msg_checksum_write
 .text.grid_msg_get_parameter
                0x00009654       0x18 grid/grid_sys.o
                0x00009654                grid_msg_get_parameter
 .text.grid_msg_set_parameter
                0x0000966c       0x14 grid/grid_sys.o
                0x0000966c                grid_msg_set_parameter
 .text.grid_msg_find_recent
                0x00009680       0x1a grid/grid_sys.o
                0x00009680                grid_msg_find_recent
 .text.grid_msg_push_recent
                0x0000969a       0x16 grid/grid_sys.o
                0x0000969a                grid_msg_push_recent
 .text.grid_ui_model_init
                0x000096b0       0x34 grid/grid_ui.o
                0x000096b0                grid_ui_model_init
 .text.grid_ui_bank_init
                0x000096e4       0x40 grid/grid_ui.o
                0x000096e4                grid_ui_bank_init
 .text.grid_ui_nvm_load_all_configuration
                0x00009724       0x10 grid/grid_ui.o
                0x00009724                grid_ui_nvm_load_all_configuration
 .text.grid_ui_nvm_clear_all_configuration
                0x00009734       0x10 grid/grid_ui.o
                0x00009734                grid_ui_nvm_clear_all_configuration
 .text.grid_ui_recall_event_configuration
                0x00009744      0x238 grid/grid_ui.o
                0x00009744                grid_ui_recall_event_configuration
 .text.grid_ui_nvm_store_event_configuration
                0x0000997c      0x1e4 grid/grid_ui.o
                0x0000997c                grid_ui_nvm_store_event_configuration
 .text.grid_ui_nvm_store_all_configuration
                0x00009b60      0x108 grid/grid_ui.o
                0x00009b60                grid_ui_nvm_store_all_configuration
 .text.grid_ui_nvm_load_event_configuration
                0x00009c68       0x78 grid/grid_ui.o
                0x00009c68                grid_ui_nvm_load_event_configuration
 .text.grid_ui_nvm_clear_event_configuration
                0x00009ce0       0x28 grid/grid_ui.o
                0x00009ce0                grid_ui_nvm_clear_event_configuration
 .text.grid_ui_event_find
                0x00009d08       0x2a grid/grid_ui.o
                0x00009d08                grid_ui_event_find
 .text.grid_ui_event_trigger
                0x00009d32       0x14 grid/grid_ui.o
                0x00009d32                grid_ui_event_trigger
 .text.grid_ui_event_render_action
                0x00009d46       0x46 grid/grid_ui.o
                0x00009d46                grid_ui_event_render_action
 .text.grid_port_process_ui
                0x00009d8c      0x478 grid/grid_ui.o
                0x00009d8c                grid_port_process_ui
 .text.grid_ui_event_template_action
                0x0000a204      0x240 grid/grid_ui.o
                0x0000a204                grid_ui_event_template_action
 .text.grid_ui_event_register_actionstring
                0x0000a444      0x114 grid/grid_ui.o
                0x0000a444                grid_ui_event_register_actionstring
 .text.grid_ui_event_generate_actionstring
                0x0000a558      0x104 grid/grid_ui.o
                0x0000a558                grid_ui_event_generate_actionstring
 .text.grid_ui_reinit
                0x0000a65c       0x78 grid/grid_ui.o
                0x0000a65c                grid_ui_reinit
 .text.grid_ui_smart_trigger
                0x0000a6d4       0x50 grid/grid_ui.o
                0x0000a6d4                grid_ui_smart_trigger
 .text.grid_ui_event_register_eventstring
                0x0000a724      0x16c grid/grid_ui.o
                0x0000a724                grid_ui_event_register_eventstring
 .text.grid_ui_event_generate_eventstring
                0x0000a890       0xe0 grid/grid_ui.o
                0x0000a890                grid_ui_event_generate_eventstring
 .text.grid_ui_event_init
                0x0000a970       0xb0 grid/grid_ui.o
                0x0000a970                grid_ui_event_init
 .text.grid_ui_element_init
                0x0000aa20      0x108 grid/grid_ui.o
                0x0000aa20                grid_ui_element_init
 .text.grid_usb_serial_bulkin_cb
                0x0000ab28        0x4 grid/grid_usb.o
 .text.grid_usb_serial_statechange_cb
                0x0000ab2c       0x28 grid/grid_usb.o
 .text.grid_usb_midi_bulkin_cb
                0x0000ab54       0x28 grid/grid_usb.o
 .text.grid_usb_midi_bulkout_cb
                0x0000ab7c       0x28 grid/grid_usb.o
 .text.grid_usb_serial_bulkout_cb
                0x0000aba4        0x4 grid/grid_usb.o
 .text.grid_usb_serial_init
                0x0000aba8       0x10 grid/grid_usb.o
                0x0000aba8                grid_usb_serial_init
 .text.grid_keyboard_init
                0x0000abb8       0x24 grid/grid_usb.o
                0x0000abb8                grid_keyboard_init
 .text.grid_midi_buffer_init
                0x0000abdc       0x26 grid/grid_usb.o
                0x0000abdc                grid_midi_buffer_init
 *fill*         0x0000ac02        0x2 
 .text.grid_usb_midi_init
                0x0000ac04       0x48 grid/grid_usb.o
                0x0000ac04                grid_usb_midi_init
 .text.grid_midi_tx_push
                0x0000ac4c       0x28 grid/grid_usb.o
                0x0000ac4c                grid_midi_tx_push
 .text.grid_midi_tx_pop
                0x0000ac74       0x54 grid/grid_usb.o
                0x0000ac74                grid_midi_tx_pop
 .text.adc_async_window_threshold_reached
                0x0000acc8        0x8 hal/src/hal_adc_async.o
 .text.adc_async_error_occured
                0x0000acd0        0x8 hal/src/hal_adc_async.o
 .text.adc_async_channel_conversion_done
                0x0000acd8       0x68 hal/src/hal_adc_async.o
 .text.adc_async_init
                0x0000ad40       0x4c hal/src/hal_adc_async.o
                0x0000ad40                adc_async_init
 .text.adc_async_register_channel_buffer
                0x0000ad8c       0x6c hal/src/hal_adc_async.o
                0x0000ad8c                adc_async_register_channel_buffer
 .text.adc_async_enable_channel
                0x0000adf8       0x10 hal/src/hal_adc_async.o
                0x0000adf8                adc_async_enable_channel
 .text.adc_async_register_callback
                0x0000ae08       0x3c hal/src/hal_adc_async.o
                0x0000ae08                adc_async_register_callback
 .text.adc_async_read_channel
                0x0000ae44       0x74 hal/src/hal_adc_async.o
                0x0000ae44                adc_async_read_channel
 .text.adc_async_start_conversion
                0x0000aeb8       0x10 hal/src/hal_adc_async.o
                0x0000aeb8                adc_async_start_conversion
 .text.atomic_enter_critical
                0x0000aec8        0xe hal/src/hal_atomic.o
                0x0000aec8                atomic_enter_critical
 .text.atomic_leave_critical
                0x0000aed6        0xc hal/src/hal_atomic.o
                0x0000aed6                atomic_leave_critical
 *fill*         0x0000aee2        0x2 
 .text.crc_sync_init
                0x0000aee4        0x8 hal/src/hal_crc_sync.o
                0x0000aee4                crc_sync_init
 .text.delay_init
                0x0000aeec       0x10 hal/src/hal_delay.o
                0x0000aeec                delay_init
 .text.delay_us
                0x0000aefc       0x24 hal/src/hal_delay.o
                0x0000aefc                delay_us
 .text.delay_ms
                0x0000af20       0x24 hal/src/hal_delay.o
                0x0000af20                delay_ms
 .text.event_system_init
                0x0000af44        0x8 hal/src/hal_evsys.o
                0x0000af44                event_system_init
 .text.flash_ready
                0x0000af4c        0x8 hal/src/hal_flash.o
 .text.flash_error
                0x0000af54        0x8 hal/src/hal_flash.o
 .text.flash_init
                0x0000af5c       0x20 hal/src/hal_flash.o
                0x0000af5c                flash_init
 .text.flash_read
                0x0000af7c       0x4c hal/src/hal_flash.o
                0x0000af7c                flash_read
 .text.flash_write
                0x0000afc8       0x64 hal/src/hal_flash.o
                0x0000afc8                flash_write
 .text.flash_erase
                0x0000b02c       0x60 hal/src/hal_flash.o
                0x0000b02c                flash_erase
 .text.i2c_m_async_write
                0x0000b08c       0x2c hal/src/hal_i2c_m_async.o
 .text.i2c_m_async_read
                0x0000b0b8       0x2c hal/src/hal_i2c_m_async.o
 .text.i2c_tx_complete
                0x0000b0e4        0xe hal/src/hal_i2c_m_async.o
 .text.i2c_rx_complete
                0x0000b0f2        0xe hal/src/hal_i2c_m_async.o
 .text.i2c_error
                0x0000b100        0xe hal/src/hal_i2c_m_async.o
 *fill*         0x0000b10e        0x2 
 .text.i2c_m_async_init
                0x0000b110       0x50 hal/src/hal_i2c_m_async.o
                0x0000b110                i2c_m_async_init
 .text.io_write
                0x0000b160        0x4 hal/src/hal_io.o
                0x0000b160                io_write
 .text.io_read  0x0000b164        0x4 hal/src/hal_io.o
                0x0000b164                io_read
 .text.qspi_dma_init
                0x0000b168        0x8 hal/src/hal_qspi_dma.o
                0x0000b168                qspi_dma_init
 .text._spi_m_async_io_write
                0x0000b170       0x20 hal/src/hal_spi_m_async.o
 .text._spi_m_async_io_read
                0x0000b190       0x34 hal/src/hal_spi_m_async.o
 .text._spi_dev_error
                0x0000b1c4       0x40 hal/src/hal_spi_m_async.o
 .text._spi_dev_complete
                0x0000b204       0x2c hal/src/hal_spi_m_async.o
 .text._spi_dev_rx
                0x0000b230       0x7c hal/src/hal_spi_m_async.o
 .text._spi_dev_tx
                0x0000b2ac       0x48 hal/src/hal_spi_m_async.o
 .text.spi_m_async_init
                0x0000b2f4       0x64 hal/src/hal_spi_m_async.o
                0x0000b2f4                spi_m_async_init
 .text.spi_m_async_enable
                0x0000b358        0xc hal/src/hal_spi_m_async.o
                0x0000b358                spi_m_async_enable
 .text.spi_m_async_set_baudrate
                0x0000b364       0x18 hal/src/hal_spi_m_async.o
                0x0000b364                spi_m_async_set_baudrate
 .text.spi_m_async_set_mode
                0x0000b37c       0x18 hal/src/hal_spi_m_async.o
                0x0000b37c                spi_m_async_set_mode
 .text.spi_m_async_transfer
                0x0000b394       0x48 hal/src/hal_spi_m_async.o
                0x0000b394                spi_m_async_transfer
 .text.spi_m_async_register_callback
                0x0000b3dc       0x1c hal/src/hal_spi_m_async.o
                0x0000b3dc                spi_m_async_register_callback
 .text.spi_m_async_get_io_descriptor
                0x0000b3f8        0x8 hal/src/hal_spi_m_async.o
                0x0000b3f8                spi_m_async_get_io_descriptor
 .text._spi_m_dma_io_write
                0x0000b400       0x18 hal/src/hal_spi_m_dma.o
 .text._spi_m_dma_io_read
                0x0000b418       0x18 hal/src/hal_spi_m_dma.o
 .text.spi_m_dma_init
                0x0000b430       0x24 hal/src/hal_spi_m_dma.o
                0x0000b430                spi_m_dma_init
 .text.spi_m_dma_enable
                0x0000b454        0xc hal/src/hal_spi_m_dma.o
                0x0000b454                spi_m_dma_enable
 .text.spi_m_dma_register_callback
                0x0000b460        0xc hal/src/hal_spi_m_dma.o
                0x0000b460                spi_m_dma_register_callback
 .text.spi_m_dma_get_io_descriptor
                0x0000b46c        0x8 hal/src/hal_spi_m_dma.o
                0x0000b46c                spi_m_dma_get_io_descriptor
 .text.timer_add_timer_task
                0x0000b474       0x4c hal/src/hal_timer.o
 .text.timer_process_counted
                0x0000b4c0       0x6c hal/src/hal_timer.o
 .text.timer_init
                0x0000b52c       0x1c hal/src/hal_timer.o
                0x0000b52c                timer_init
 .text.timer_start
                0x0000b548       0x24 hal/src/hal_timer.o
                0x0000b548                timer_start
 .text.timer_add_task
                0x0000b56c       0x78 hal/src/hal_timer.o
                0x0000b56c                timer_add_task
 .text.usart_transmission_complete
                0x0000b5e4       0x10 hal/src/hal_usart_async.o
 .text.usart_error
                0x0000b5f4       0x10 hal/src/hal_usart_async.o
 .text.usart_fill_rx_buffer
                0x0000b604       0x20 hal/src/hal_usart_async.o
 .text.usart_async_write
                0x0000b624       0x34 hal/src/hal_usart_async.o
 .text.usart_process_byte_sent
                0x0000b658       0x34 hal/src/hal_usart_async.o
 .text.usart_async_read
                0x0000b68c       0x54 hal/src/hal_usart_async.o
 .text.usart_async_init
                0x0000b6e0       0x60 hal/src/hal_usart_async.o
                0x0000b6e0                usart_async_init
 .text.usart_async_enable
                0x0000b740       0x10 hal/src/hal_usart_async.o
                0x0000b740                usart_async_enable
 .text.usart_async_disable
                0x0000b750       0x10 hal/src/hal_usart_async.o
                0x0000b750                usart_async_disable
 .text.usart_async_get_io_descriptor
                0x0000b760        0x6 hal/src/hal_usart_async.o
                0x0000b760                usart_async_get_io_descriptor
 *fill*         0x0000b766        0x2 
 .text.usart_async_register_callback
                0x0000b768       0x44 hal/src/hal_usart_async.o
                0x0000b768                usart_async_register_callback
 .text.usart_async_set_parity
                0x0000b7ac       0x10 hal/src/hal_usart_async.o
                0x0000b7ac                usart_async_set_parity
 .text.usart_sync_write
                0x0000b7bc       0x50 hal/src/hal_usart_sync.o
 .text.usart_sync_read
                0x0000b80c       0x38 hal/src/hal_usart_sync.o
 .text.usart_sync_init
                0x0000b844       0x24 hal/src/hal_usart_sync.o
                0x0000b844                usart_sync_init
 .text.usart_sync_enable
                0x0000b868       0x10 hal/src/hal_usart_sync.o
                0x0000b868                usart_sync_enable
 .text._usb_d_find_ep
                0x0000b878       0x30 hal/src/hal_usb_device.o
 .text.usb_d_dummy_cb_false
                0x0000b8a8        0x4 hal/src/hal_usb_device.o
 .text.usb_d_cb_trans_more
                0x0000b8ac       0x30 hal/src/hal_usb_device.o
 .text._usb_d_cb_trans_done
                0x0000b8dc      0x108 hal/src/hal_usb_device.o
 .text.usb_d_cb_trans_setup
                0x0000b9e4       0x8c hal/src/hal_usb_device.o
 .text.usb_d_init
                0x0000ba70       0x68 hal/src/hal_usb_device.o
                0x0000ba70                usb_d_init
 .text.usb_d_register_callback
                0x0000bad8        0x8 hal/src/hal_usb_device.o
                0x0000bad8                usb_d_register_callback
 .text.usb_d_enable
                0x0000bae0        0x8 hal/src/hal_usb_device.o
                0x0000bae0                usb_d_enable
 .text.usb_d_attach
                0x0000bae8        0x8 hal/src/hal_usb_device.o
                0x0000bae8                usb_d_attach
 .text.usb_d_get_frame_num
                0x0000baf0        0x8 hal/src/hal_usb_device.o
                0x0000baf0                usb_d_get_frame_num
 .text.usb_d_set_address
                0x0000baf8        0x8 hal/src/hal_usb_device.o
                0x0000baf8                usb_d_set_address
 .text.usb_d_ep_init
                0x0000bb00       0x50 hal/src/hal_usb_device.o
                0x0000bb00                usb_d_ep_init
 .text.usb_d_ep0_init
                0x0000bb50       0x10 hal/src/hal_usb_device.o
                0x0000bb50                usb_d_ep0_init
 .text.usb_d_ep_deinit
                0x0000bb60       0x2c hal/src/hal_usb_device.o
                0x0000bb60                usb_d_ep_deinit
 .text.usb_d_ep_enable
                0x0000bb8c       0x40 hal/src/hal_usb_device.o
                0x0000bb8c                usb_d_ep_enable
 .text.usb_d_ep_transfer
                0x0000bbcc       0xf8 hal/src/hal_usb_device.o
                0x0000bbcc                usb_d_ep_transfer
 .text.usb_d_ep_get_status
                0x0000bcc4       0x70 hal/src/hal_usb_device.o
                0x0000bcc4                usb_d_ep_get_status
 .text.usb_d_ep_halt
                0x0000bd34       0x64 hal/src/hal_usb_device.o
                0x0000bd34                usb_d_ep_halt
 .text.usb_d_ep_register_callback
                0x0000bd98       0x4c hal/src/hal_usb_device.o
                0x0000bd98                usb_d_ep_register_callback
 .text.is_list_element
                0x0000bde4        0xe hal/utils/src/utils_list.o
                0x0000bde4                is_list_element
 .text.list_insert_as_head
                0x0000bdf2        0x8 hal/utils/src/utils_list.o
                0x0000bdf2                list_insert_as_head
 .text.list_insert_after
                0x0000bdfa        0x8 hal/utils/src/utils_list.o
                0x0000bdfa                list_insert_after
 .text.list_insert_at_end
                0x0000be02       0x18 hal/utils/src/utils_list.o
                0x0000be02                list_insert_at_end
 .text.list_remove_head
                0x0000be1a        0xc hal/utils/src/utils_list.o
                0x0000be1a                list_remove_head
 .text.ringbuffer_init
                0x0000be26       0x18 hal/utils/src/utils_ringbuffer.o
                0x0000be26                ringbuffer_init
 .text.ringbuffer_get
                0x0000be3e       0x22 hal/utils/src/utils_ringbuffer.o
                0x0000be3e                ringbuffer_get
 .text.ringbuffer_put
                0x0000be60       0x26 hal/utils/src/utils_ringbuffer.o
                0x0000be60                ringbuffer_put
 .text.ringbuffer_num
                0x0000be86        0x8 hal/utils/src/utils_ringbuffer.o
                0x0000be86                ringbuffer_num
 *fill*         0x0000be8e        0x2 
 .text._sbrk    0x0000be90       0x1c hal/utils/src/utils_syscalls.o
                0x0000be90                _sbrk
 .text._close   0x0000beac        0x6 hal/utils/src/utils_syscalls.o
                0x0000beac                _close
 .text._fstat   0x0000beb2        0xa hal/utils/src/utils_syscalls.o
                0x0000beb2                _fstat
 .text._isatty  0x0000bebc        0x4 hal/utils/src/utils_syscalls.o
                0x0000bebc                _isatty
 .text._lseek   0x0000bec0        0x4 hal/utils/src/utils_syscalls.o
                0x0000bec0                _lseek
 .text.__NVIC_DisableIRQ
                0x0000bec4       0x28 hpl/adc/hpl_adc.o
 .text.__NVIC_ClearPendingIRQ
                0x0000beec       0x20 hpl/adc/hpl_adc.o
 .text.hri_adc_wait_for_sync
                0x0000bf0c        0x8 hpl/adc/hpl_adc.o
 .text.hri_adc_set_CTRLA_ENABLE_bit
                0x0000bf14       0x14 hpl/adc/hpl_adc.o
 .text.hri_adc_clear_CTRLA_ENABLE_bit
                0x0000bf28       0x18 hpl/adc/hpl_adc.o
 .text._adc_get_regs
                0x0000bf40       0x14 hpl/adc/hpl_adc.o
 .text._adc_interrupt_handler
                0x0000bf54       0x4e hpl/adc/hpl_adc.o
 .text._adc_get_irq_num.isra.0
                0x0000bfa2       0x14 hpl/adc/hpl_adc.o
 *fill*         0x0000bfb6        0x2 
 .text._adc_init
                0x0000bfb8       0xc8 hpl/adc/hpl_adc.o
 .text._adc_async_init
                0x0000c080       0xb4 hpl/adc/hpl_adc.o
                0x0000c080                _adc_async_init
 .text._adc_async_enable_channel
                0x0000c134        0xc hpl/adc/hpl_adc.o
                0x0000c134                _adc_async_enable_channel
 .text._adc_async_get_data_size
                0x0000c140       0x12 hpl/adc/hpl_adc.o
                0x0000c140                _adc_async_get_data_size
 *fill*         0x0000c152        0x2 
 .text._adc_async_convert
                0x0000c154       0x18 hpl/adc/hpl_adc.o
                0x0000c154                _adc_async_convert
 .text._adc_async_set_irq_state
                0x0000c16c       0x20 hpl/adc/hpl_adc.o
                0x0000c16c                _adc_async_set_irq_state
 .text.ADC0_1_Handler
                0x0000c18c       0x10 hpl/adc/hpl_adc.o
                0x0000c18c                ADC0_1_Handler
 .text.ADC0_0_Handler
                0x0000c19c        0x8 hpl/adc/hpl_adc.o
                0x0000c19c                ADC0_0_Handler
 .text.ADC1_1_Handler
                0x0000c1a4       0x10 hpl/adc/hpl_adc.o
                0x0000c1a4                ADC1_1_Handler
 .text.ADC1_0_Handler
                0x0000c1b4        0x8 hpl/adc/hpl_adc.o
                0x0000c1b4                ADC1_0_Handler
 .text._irq_set
                0x0000c1bc       0x1c hpl/core/hpl_core_m4.o
                0x0000c1bc                _irq_set
 .text._get_cycles_for_us
                0x0000c1d8        0x6 hpl/core/hpl_core_m4.o
                0x0000c1d8                _get_cycles_for_us
 *fill*         0x0000c1de        0x2 
 .text._get_cycles_for_ms
                0x0000c1e0        0xc hpl/core/hpl_core_m4.o
                0x0000c1e0                _get_cycles_for_ms
 .text._init_chip
                0x0000c1ec       0x5c hpl/core/hpl_init.o
                0x0000c1ec                _init_chip
 .text._dmac_handler
                0x0000c248       0x50 hpl/dmac/hpl_dmac.o
 .text._dma_init
                0x0000c298       0xd0 hpl/dmac/hpl_dmac.o
                0x0000c298                _dma_init
 .text._dma_set_irq_state
                0x0000c368       0x28 hpl/dmac/hpl_dmac.o
                0x0000c368                _dma_set_irq_state
 .text._dma_set_destination_address
                0x0000c390       0x10 hpl/dmac/hpl_dmac.o
                0x0000c390                _dma_set_destination_address
 .text._dma_set_source_address
                0x0000c3a0       0x10 hpl/dmac/hpl_dmac.o
                0x0000c3a0                _dma_set_source_address
 .text._dma_srcinc_enable
                0x0000c3b0       0x1c hpl/dmac/hpl_dmac.o
                0x0000c3b0                _dma_srcinc_enable
 .text._dma_set_data_amount
                0x0000c3cc       0x44 hpl/dmac/hpl_dmac.o
                0x0000c3cc                _dma_set_data_amount
 .text._dma_enable_transaction
                0x0000c410       0x3c hpl/dmac/hpl_dmac.o
                0x0000c410                _dma_enable_transaction
 .text._dma_get_channel_resource
                0x0000c44c       0x14 hpl/dmac/hpl_dmac.o
                0x0000c44c                _dma_get_channel_resource
 .text.DMAC_0_Handler
                0x0000c460        0x8 hpl/dmac/hpl_dmac.o
                0x0000c460                DMAC_0_Handler
 .text.DMAC_1_Handler
                0x0000c468        0x8 hpl/dmac/hpl_dmac.o
                0x0000c468                DMAC_1_Handler
 .text.DMAC_2_Handler
                0x0000c470        0x8 hpl/dmac/hpl_dmac.o
                0x0000c470                DMAC_2_Handler
 .text.DMAC_3_Handler
                0x0000c478        0x8 hpl/dmac/hpl_dmac.o
                0x0000c478                DMAC_3_Handler
 .text.DMAC_4_Handler
                0x0000c480        0x8 hpl/dmac/hpl_dmac.o
                0x0000c480                DMAC_4_Handler
 .text._crc_sync_init
                0x0000c488        0x6 hpl/dsu/hpl_dsu.o
                0x0000c488                _crc_sync_init
 *fill*         0x0000c48e        0x2 
 .text._event_system_init
                0x0000c490       0x58 hpl/evsys/hpl_evsys.o
                0x0000c490                _event_system_init
 .text.hri_gclk_wait_for_sync.constprop.0
                0x0000c4e8       0x14 hpl/gclk/hpl_gclk.o
 .text._gclk_init_generators_by_fref
                0x0000c4fc       0x58 hpl/gclk/hpl_gclk.o
                0x0000c4fc                _gclk_init_generators_by_fref
 .text._mclk_init
                0x0000c554        0xc hpl/mclk/hpl_mclk.o
                0x0000c554                _mclk_init
 .text._flash_program
                0x0000c560       0x3c hpl/nvmctrl/hpl_nvmctrl.o
 .text._user_row_write_exec
                0x0000c59c       0x88 hpl/nvmctrl/hpl_nvmctrl.o
 .text._flash_init
                0x0000c624       0x4c hpl/nvmctrl/hpl_nvmctrl.o
                0x0000c624                _flash_init
 .text._flash_get_page_size
                0x0000c670        0x6 hpl/nvmctrl/hpl_nvmctrl.o
                0x0000c670                _flash_get_page_size
 .text._flash_get_total_pages
                0x0000c676        0x8 hpl/nvmctrl/hpl_nvmctrl.o
                0x0000c676                _flash_get_total_pages
 .text._flash_read
                0x0000c67e       0x1e hpl/nvmctrl/hpl_nvmctrl.o
                0x0000c67e                _flash_read
 .text._flash_write
                0x0000c69c       0xd0 hpl/nvmctrl/hpl_nvmctrl.o
                0x0000c69c                _flash_write
 .text._flash_erase
                0x0000c76c       0xa8 hpl/nvmctrl/hpl_nvmctrl.o
                0x0000c76c                _flash_erase
 .text._flash_is_locked
                0x0000c814       0x18 hpl/nvmctrl/hpl_nvmctrl.o
                0x0000c814                _flash_is_locked
 .text.NVMCTRL_1_Handler
                0x0000c82c       0x2c hpl/nvmctrl/hpl_nvmctrl.o
                0x0000c82c                NVMCTRL_1_Handler
 .text.NVMCTRL_0_Handler
                0x0000c858        0x8 hpl/nvmctrl/hpl_nvmctrl.o
                0x0000c858                NVMCTRL_0_Handler
 .text._user_area_read
                0x0000c860       0x60 hpl/nvmctrl/hpl_nvmctrl.o
                0x0000c860                _user_area_read
 .text._user_area_write
                0x0000c8c0       0x78 hpl/nvmctrl/hpl_nvmctrl.o
                0x0000c8c0                _user_area_write
 .text._osc32kctrl_init_sources
                0x0000c938       0x14 hpl/osc32kctrl/hpl_osc32kctrl.o
                0x0000c938                _osc32kctrl_init_sources
 .text._oscctrl_init_sources
                0x0000c94c        0x2 hpl/oscctrl/hpl_oscctrl.o
                0x0000c94c                _oscctrl_init_sources
 *fill*         0x0000c94e        0x2 
 .text._oscctrl_init_referenced_generators
                0x0000c950       0xfc hpl/oscctrl/hpl_oscctrl.o
                0x0000c950                _oscctrl_init_referenced_generators
 .text._qspi_dma_tx_complete
                0x0000ca4c       0x14 hpl/qspi/hpl_qspi.o
 .text._qspi_dma_rx_complete
                0x0000ca60        0x8 hpl/qspi/hpl_qspi.o
 .text._qspi_dma_error_occured
                0x0000ca68        0xa hpl/qspi/hpl_qspi.o
 *fill*         0x0000ca72        0x2 
 .text._qspi_dma_init
                0x0000ca74       0x58 hpl/qspi/hpl_qspi.o
                0x0000ca74                _qspi_dma_init
 .text.RAMECC_Handler
                0x0000cacc       0x3c hpl/ramecc/hpl_ramecc.o
                0x0000cacc                RAMECC_Handler
 .text.hri_rtcmode0_wait_for_sync
                0x0000cb08        0x8 hpl/rtc/hpl_rtc.o
 .text._rtc_timer_stop
                0x0000cb10       0x1c hpl/rtc/hpl_rtc.o
                0x0000cb10                _rtc_timer_stop
 .text._rtc_timer_set_period
                0x0000cb2c       0x10 hpl/rtc/hpl_rtc.o
                0x0000cb2c                _rtc_timer_set_period
 .text._rtc_timer_get_period
                0x0000cb3c       0x14 hpl/rtc/hpl_rtc.o
                0x0000cb3c                _rtc_timer_get_period
 .text._rtc_timer_is_started
                0x0000cb50       0x1c hpl/rtc/hpl_rtc.o
                0x0000cb50                _rtc_timer_is_started
 .text._rtc_timer_set_irq
                0x0000cb6c        0x2 hpl/rtc/hpl_rtc.o
                0x0000cb6c                _rtc_timer_set_irq
 *fill*         0x0000cb6e        0x2 
 .text._rtc_timer_start
                0x0000cb70       0x3c hpl/rtc/hpl_rtc.o
                0x0000cb70                _rtc_timer_start
 .text._rtc_timer_deinit
                0x0000cbac       0x28 hpl/rtc/hpl_rtc.o
                0x0000cbac                _rtc_timer_deinit
 .text._rtc_timer_init
                0x0000cbd4       0x48 hpl/rtc/hpl_rtc.o
                0x0000cbd4                _rtc_timer_init
 .text._rtc_get_timer
                0x0000cc1c        0x8 hpl/rtc/hpl_rtc.o
                0x0000cc1c                _rtc_get_timer
 .text.RTC_Handler
                0x0000cc24       0x24 hpl/rtc/hpl_rtc.o
                0x0000cc24                RTC_Handler
 .text.__NVIC_EnableIRQ
                0x0000cc48       0x1c hpl/sercom/hpl_sercom.o
 .text.__NVIC_DisableIRQ
                0x0000cc64       0x28 hpl/sercom/hpl_sercom.o
 .text.__NVIC_ClearPendingIRQ
                0x0000cc8c       0x20 hpl/sercom/hpl_sercom.o
 .text.hri_sercomi2cm_wait_for_sync
                0x0000ccac        0x8 hpl/sercom/hpl_sercom.o
 .text.hri_sercomspi_wait_for_sync
                0x0000ccb4        0x8 hpl/sercom/hpl_sercom.o
 .text.hri_sercomusart_wait_for_sync
                0x0000ccbc        0x8 hpl/sercom/hpl_sercom.o
 .text.hri_sercomi2cm_clear_CTRLA_ENABLE_bit
                0x0000ccc4       0x14 hpl/sercom/hpl_sercom.o
 .text.hri_sercomspi_clear_CTRLA_ENABLE_bit
                0x0000ccd8       0x14 hpl/sercom/hpl_sercom.o
 .text.hri_sercomusart_get_CTRLA_ENABLE_bit
                0x0000ccec       0x14 hpl/sercom/hpl_sercom.o
 .text.hri_sercomusart_write_CTRLA_ENABLE_bit
                0x0000cd00       0x18 hpl/sercom/hpl_sercom.o
 .text.hri_sercomusart_clear_CTRLA_ENABLE_bit
                0x0000cd18       0x14 hpl/sercom/hpl_sercom.o
 .text._sercom_get_hardware_index
                0x0000cd2c       0x34 hpl/sercom/hpl_sercom.o
 .text._sercom_usart_interrupt_handler
                0x0000cd60       0x70 hpl/sercom/hpl_sercom.o
 .text._sercom_init_irq_param
                0x0000cdd0       0x60 hpl/sercom/hpl_sercom.o
 .text._get_i2cm_index
                0x0000ce30       0x14 hpl/sercom/hpl_sercom.o
 .text._sercom_get_irq_num
                0x0000ce44       0x14 hpl/sercom/hpl_sercom.o
 .text._spi_sync_enable
                0x0000ce58       0x28 hpl/sercom/hpl_sercom.o
 .text._spi_get_regs
                0x0000ce80       0x2c hpl/sercom/hpl_sercom.o
 .text._spi_get_tx_dma_channel
                0x0000ceac       0x14 hpl/sercom/hpl_sercom.o
 .text._spi_get_rx_dma_channel
                0x0000cec0       0x14 hpl/sercom/hpl_sercom.o
 .text._spi_dma_rx_complete
                0x0000ced4        0xa hpl/sercom/hpl_sercom.o
 .text._spi_dma_tx_complete
                0x0000cede        0xa hpl/sercom/hpl_sercom.o
 .text._spi_dma_error_occured
                0x0000cee8        0xa hpl/sercom/hpl_sercom.o
 *fill*         0x0000cef2        0x2 
 .text._usart_set_parity
                0x0000cef4       0x78 hpl/sercom/hpl_sercom.o
 .text._sercom_i2c_send_stop
                0x0000cf6c       0x14 hpl/sercom/hpl_sercom.o
 .text._sercom_i2c_sync_analyse_flags
                0x0000cf80      0x16c hpl/sercom/hpl_sercom.o
 .text._spi_load_regs_master
                0x0000d0ec       0x3c hpl/sercom/hpl_sercom.o
 .text._spi_set_mode
                0x0000d128       0x34 hpl/sercom/hpl_sercom.o
 .text._i2c_m_sync_init_impl
                0x0000d15c       0xb0 hpl/sercom/hpl_sercom.o
 .text._usart_init
                0x0000d20c       0xdc hpl/sercom/hpl_sercom.o
 .text._usart_sync_init
                0x0000d2e8        0xc hpl/sercom/hpl_sercom.o
                0x0000d2e8                _usart_sync_init
 .text._usart_async_init
                0x0000d2f4       0x64 hpl/sercom/hpl_sercom.o
                0x0000d2f4                _usart_async_init
 .text._usart_sync_enable
                0x0000d358       0x14 hpl/sercom/hpl_sercom.o
                0x0000d358                _usart_sync_enable
 .text._usart_async_enable
                0x0000d36c       0x14 hpl/sercom/hpl_sercom.o
                0x0000d36c                _usart_async_enable
 .text._usart_async_disable
                0x0000d380        0xc hpl/sercom/hpl_sercom.o
                0x0000d380                _usart_async_disable
 .text._usart_async_set_parity
                0x0000d38c        0xc hpl/sercom/hpl_sercom.o
                0x0000d38c                _usart_async_set_parity
 .text._usart_sync_write_byte
                0x0000d398        0x6 hpl/sercom/hpl_sercom.o
                0x0000d398                _usart_sync_write_byte
 .text._usart_async_write_byte
                0x0000d39e        0x6 hpl/sercom/hpl_sercom.o
                0x0000d39e                _usart_async_write_byte
 .text._usart_sync_read_byte
                0x0000d3a4        0x8 hpl/sercom/hpl_sercom.o
                0x0000d3a4                _usart_sync_read_byte
 .text._usart_sync_is_ready_to_send
                0x0000d3ac        0xa hpl/sercom/hpl_sercom.o
                0x0000d3ac                _usart_sync_is_ready_to_send
 .text._usart_sync_is_transmit_done
                0x0000d3b6        0xa hpl/sercom/hpl_sercom.o
                0x0000d3b6                _usart_sync_is_transmit_done
 .text._usart_sync_is_byte_received
                0x0000d3c0        0xa hpl/sercom/hpl_sercom.o
                0x0000d3c0                _usart_sync_is_byte_received
 .text._usart_async_enable_byte_sent_irq
                0x0000d3ca        0x8 hpl/sercom/hpl_sercom.o
                0x0000d3ca                _usart_async_enable_byte_sent_irq
 .text._usart_async_enable_tx_done_irq
                0x0000d3d2        0x8 hpl/sercom/hpl_sercom.o
                0x0000d3d2                _usart_async_enable_tx_done_irq
 .text._usart_async_set_irq_state
                0x0000d3da       0x32 hpl/sercom/hpl_sercom.o
                0x0000d3da                _usart_async_set_irq_state
 .text._i2c_m_async_init
                0x0000d40c       0x64 hpl/sercom/hpl_sercom.o
                0x0000d40c                _i2c_m_async_init
 .text._i2c_m_async_transfer
                0x0000d470       0xc0 hpl/sercom/hpl_sercom.o
                0x0000d470                _i2c_m_async_transfer
 .text._i2c_m_async_register_callback
                0x0000d530       0x1a hpl/sercom/hpl_sercom.o
                0x0000d530                _i2c_m_async_register_callback
 *fill*         0x0000d54a        0x2 
 .text.SERCOM0_3_Handler
                0x0000d54c       0x10 hpl/sercom/hpl_sercom.o
                0x0000d54c                SERCOM0_3_Handler
 .text.SERCOM0_2_Handler
                0x0000d55c        0x8 hpl/sercom/hpl_sercom.o
                0x0000d55c                SERCOM0_2_Handler
 .text.SERCOM0_1_Handler
                0x0000d564        0x8 hpl/sercom/hpl_sercom.o
                0x0000d564                SERCOM0_1_Handler
 .text.SERCOM0_0_Handler
                0x0000d56c        0x8 hpl/sercom/hpl_sercom.o
                0x0000d56c                SERCOM0_0_Handler
 .text.SERCOM1_3_Handler
                0x0000d574       0x10 hpl/sercom/hpl_sercom.o
                0x0000d574                SERCOM1_3_Handler
 .text.SERCOM1_2_Handler
                0x0000d584        0x8 hpl/sercom/hpl_sercom.o
                0x0000d584                SERCOM1_2_Handler
 .text.SERCOM1_1_Handler
                0x0000d58c        0x8 hpl/sercom/hpl_sercom.o
                0x0000d58c                SERCOM1_1_Handler
 .text.SERCOM1_0_Handler
                0x0000d594        0x8 hpl/sercom/hpl_sercom.o
                0x0000d594                SERCOM1_0_Handler
 .text.SERCOM3_3_Handler
                0x0000d59c       0x44 hpl/sercom/hpl_sercom.o
                0x0000d59c                SERCOM3_3_Handler
 .text.SERCOM3_2_Handler
                0x0000d5e0        0x8 hpl/sercom/hpl_sercom.o
                0x0000d5e0                SERCOM3_2_Handler
 .text.SERCOM3_1_Handler
                0x0000d5e8        0x8 hpl/sercom/hpl_sercom.o
                0x0000d5e8                SERCOM3_1_Handler
 .text.SERCOM3_0_Handler
                0x0000d5f0        0x8 hpl/sercom/hpl_sercom.o
                0x0000d5f0                SERCOM3_0_Handler
 .text.SERCOM4_3_Handler
                0x0000d5f8       0x10 hpl/sercom/hpl_sercom.o
                0x0000d5f8                SERCOM4_3_Handler
 .text.SERCOM4_2_Handler
                0x0000d608        0x8 hpl/sercom/hpl_sercom.o
                0x0000d608                SERCOM4_2_Handler
 .text.SERCOM4_1_Handler
                0x0000d610        0x8 hpl/sercom/hpl_sercom.o
                0x0000d610                SERCOM4_1_Handler
 .text.SERCOM4_0_Handler
                0x0000d618        0x8 hpl/sercom/hpl_sercom.o
                0x0000d618                SERCOM4_0_Handler
 .text.SERCOM5_3_Handler
                0x0000d620       0x64 hpl/sercom/hpl_sercom.o
                0x0000d620                SERCOM5_3_Handler
 .text.SERCOM5_2_Handler
                0x0000d684        0x8 hpl/sercom/hpl_sercom.o
                0x0000d684                SERCOM5_2_Handler
 .text.SERCOM5_1_Handler
                0x0000d68c        0x8 hpl/sercom/hpl_sercom.o
                0x0000d68c                SERCOM5_1_Handler
 .text.SERCOM5_0_Handler
                0x0000d694        0x8 hpl/sercom/hpl_sercom.o
                0x0000d694                SERCOM5_0_Handler
 .text.SERCOM6_3_Handler
                0x0000d69c       0x10 hpl/sercom/hpl_sercom.o
                0x0000d69c                SERCOM6_3_Handler
 .text.SERCOM6_2_Handler
                0x0000d6ac        0x8 hpl/sercom/hpl_sercom.o
                0x0000d6ac                SERCOM6_2_Handler
 .text.SERCOM6_1_Handler
                0x0000d6b4        0x8 hpl/sercom/hpl_sercom.o
                0x0000d6b4                SERCOM6_1_Handler
 .text.SERCOM6_0_Handler
                0x0000d6bc        0x8 hpl/sercom/hpl_sercom.o
                0x0000d6bc                SERCOM6_0_Handler
 .text._spi_m_sync_init
                0x0000d6c4       0xd0 hpl/sercom/hpl_sercom.o
                0x0000d6c4                _spi_m_sync_init
 .text._spi_m_async_init
                0x0000d794       0x58 hpl/sercom/hpl_sercom.o
                0x0000d794                _spi_m_async_init
 .text._spi_s_async_enable
                0x0000d7ec       0x34 hpl/sercom/hpl_sercom.o
                0x0000d7ec                _spi_s_async_enable
 .text._spi_m_async_enable
                0x0000d820        0x8 hpl/sercom/hpl_sercom.o
                0x0000d820                _spi_m_async_enable
 .text._spi_s_async_set_mode
                0x0000d828        0xc hpl/sercom/hpl_sercom.o
                0x0000d828                _spi_s_async_set_mode
 .text._spi_m_async_set_mode
                0x0000d834        0x8 hpl/sercom/hpl_sercom.o
                0x0000d834                _spi_m_async_set_mode
 .text._spi_m_async_set_baudrate
                0x0000d83c       0x14 hpl/sercom/hpl_sercom.o
                0x0000d83c                _spi_m_async_set_baudrate
 .text._spi_m_async_enable_tx
                0x0000d850       0x10 hpl/sercom/hpl_sercom.o
                0x0000d850                _spi_m_async_enable_tx
 .text._spi_m_async_enable_rx
                0x0000d860       0x10 hpl/sercom/hpl_sercom.o
                0x0000d860                _spi_m_async_enable_rx
 .text._spi_m_async_enable_tx_complete
                0x0000d870       0x10 hpl/sercom/hpl_sercom.o
                0x0000d870                _spi_m_async_enable_tx_complete
 .text._spi_m_async_write_one
                0x0000d880        0x8 hpl/sercom/hpl_sercom.o
                0x0000d880                _spi_m_async_write_one
 .text._spi_m_async_read_one
                0x0000d888        0x8 hpl/sercom/hpl_sercom.o
                0x0000d888                _spi_m_async_read_one
 .text._spi_m_async_register_callback
                0x0000d890        0xa hpl/sercom/hpl_sercom.o
                0x0000d890                _spi_m_async_register_callback
 .text._spi_m_async_set_irq_state
                0x0000d89a       0x12 hpl/sercom/hpl_sercom.o
                0x0000d89a                _spi_m_async_set_irq_state
 .text._spi_m_dma_init
                0x0000d8ac       0xc4 hpl/sercom/hpl_sercom.o
                0x0000d8ac                _spi_m_dma_init
 .text._spi_m_dma_enable
                0x0000d970        0xc hpl/sercom/hpl_sercom.o
                0x0000d970                _spi_m_dma_enable
 .text._spi_m_dma_register_callback
                0x0000d97c       0x64 hpl/sercom/hpl_sercom.o
                0x0000d97c                _spi_m_dma_register_callback
 .text._spi_m_dma_transfer
                0x0000d9e0       0xf8 hpl/sercom/hpl_sercom.o
                0x0000d9e0                _spi_m_dma_transfer
 .text._delay_init
                0x0000dad8       0x14 hpl/systick/hpl_systick.o
                0x0000dad8                _delay_init
 .text._delay_cycles
                0x0000daec       0x38 hpl/systick/hpl_systick.o
                0x0000daec                _delay_cycles
 .text.__NVIC_DisableIRQ
                0x0000db24       0x28 hpl/tc/hpl_tc.o
 .text.hri_tc_wait_for_sync
                0x0000db4c        0x8 hpl/tc/hpl_tc.o
 .text._tc_timer_start
                0x0000db54       0x14 hpl/tc/hpl_tc.o
                0x0000db54                _tc_timer_start
 .text._tc_timer_get_period
                0x0000db68       0x50 hpl/tc/hpl_tc.o
                0x0000db68                _tc_timer_get_period
 .text._tc_timer_is_started
                0x0000dbb8       0x18 hpl/tc/hpl_tc.o
                0x0000dbb8                _tc_timer_is_started
 .text.tc_interrupt_handler
                0x0000dbd0       0x12 hpl/tc/hpl_tc.o
 *fill*         0x0000dbe2        0x2 
 .text.get_tc_index
                0x0000dbe4       0x50 hpl/tc/hpl_tc.o
 .text._tc_timer_set_irq
                0x0000dc34       0x28 hpl/tc/hpl_tc.o
                0x0000dc34                _tc_timer_set_irq
 .text._tc_timer_stop
                0x0000dc5c       0x14 hpl/tc/hpl_tc.o
                0x0000dc5c                _tc_timer_stop
 .text._tc_timer_deinit
                0x0000dc70       0x4c hpl/tc/hpl_tc.o
                0x0000dc70                _tc_timer_deinit
 .text._tc_timer_init
                0x0000dcbc      0x150 hpl/tc/hpl_tc.o
                0x0000dcbc                _tc_timer_init
 .text._tc_timer_set_period
                0x0000de0c       0x3c hpl/tc/hpl_tc.o
                0x0000de0c                _tc_timer_set_period
 .text._tc_get_timer
                0x0000de48        0x8 hpl/tc/hpl_tc.o
                0x0000de48                _tc_get_timer
 .text.TC0_Handler
                0x0000de50       0x10 hpl/tc/hpl_tc.o
                0x0000de50                TC0_Handler
 .text.TC1_Handler
                0x0000de60       0x10 hpl/tc/hpl_tc.o
                0x0000de60                TC1_Handler
 .text.TC2_Handler
                0x0000de70       0x10 hpl/tc/hpl_tc.o
                0x0000de70                TC2_Handler
 .text.TC3_Handler
                0x0000de80       0x10 hpl/tc/hpl_tc.o
                0x0000de80                TC3_Handler
 .text._dummy_func_no_return
                0x0000de90        0x4 hpl/usb/hpl_usb.o
 .text._usb_d_dev_wait_dfll_rdy
                0x0000de94       0x24 hpl/usb/hpl_usb.o
 .text._usb_d_dev_ept
                0x0000deb8       0x18 hpl/usb/hpl_usb.o
 .text._usb_d_dev_handle_setup
                0x0000ded0       0x84 hpl/usb/hpl_usb.o
 .text._usb_d_dev_handle_stall
                0x0000df54       0x28 hpl/usb/hpl_usb.o
 .text._usb_d_dev_trans_done
                0x0000df7c       0x24 hpl/usb/hpl_usb.o
 .text._usb_d_dev_trans_stop
                0x0000dfa0       0x64 hpl/usb/hpl_usb.o
 .text._usb_d_dev_handle_trfail
                0x0000e004       0xec hpl/usb/hpl_usb.o
 .text._usb_d_dev_reset_epts
                0x0000e0f0       0x3c hpl/usb/hpl_usb.o
 .text._usb_d_dev_in_next
                0x0000e12c      0x158 hpl/usb/hpl_usb.o
 .text._usb_d_dev_out_next
                0x0000e284      0x1ac hpl/usb/hpl_usb.o
 .text._usb_d_dev_handler
                0x0000e430      0x1dc hpl/usb/hpl_usb.o
 .text._usbd_ep_pcksize_size
                0x0000e60c       0x3e hpl/usb/hpl_usb.o
 *fill*         0x0000e64a        0x2 
 .text._usb_d_dev_init
                0x0000e64c       0xe8 hpl/usb/hpl_usb.o
                0x0000e64c                _usb_d_dev_init
 .text._usb_d_dev_enable
                0x0000e734       0x5c hpl/usb/hpl_usb.o
                0x0000e734                _usb_d_dev_enable
 .text._usb_d_dev_attach
                0x0000e790       0x12 hpl/usb/hpl_usb.o
                0x0000e790                _usb_d_dev_attach
 .text._usb_d_dev_set_address
                0x0000e7a2        0xc hpl/usb/hpl_usb.o
                0x0000e7a2                _usb_d_dev_set_address
 .text._usb_d_dev_get_frame_n
                0x0000e7ae        0xc hpl/usb/hpl_usb.o
                0x0000e7ae                _usb_d_dev_get_frame_n
 *fill*         0x0000e7ba        0x2 
 .text._usb_d_dev_ep_init
                0x0000e7bc       0xc0 hpl/usb/hpl_usb.o
                0x0000e7bc                _usb_d_dev_ep_init
 .text._usb_d_dev_ep_deinit
                0x0000e87c       0x84 hpl/usb/hpl_usb.o
                0x0000e87c                _usb_d_dev_ep_deinit
 .text._usb_d_dev_ep_enable
                0x0000e900      0x17c hpl/usb/hpl_usb.o
                0x0000e900                _usb_d_dev_ep_enable
 .text._usb_d_dev_ep_stall
                0x0000ea7c       0xe4 hpl/usb/hpl_usb.o
                0x0000ea7c                _usb_d_dev_ep_stall
 .text._usb_d_dev_ep_read_req
                0x0000eb60       0x54 hpl/usb/hpl_usb.o
                0x0000eb60                _usb_d_dev_ep_read_req
 .text._usb_d_dev_ep_trans
                0x0000ebb4      0x108 hpl/usb/hpl_usb.o
                0x0000ebb4                _usb_d_dev_ep_trans
 .text._usb_d_dev_ep_get_status
                0x0000ecbc       0x78 hpl/usb/hpl_usb.o
                0x0000ecbc                _usb_d_dev_ep_get_status
 .text._usb_d_dev_register_callback
                0x0000ed34       0x24 hpl/usb/hpl_usb.o
                0x0000ed34                _usb_d_dev_register_callback
 .text._usb_d_dev_register_ep_callback
                0x0000ed58       0x2c hpl/usb/hpl_usb.o
                0x0000ed58                _usb_d_dev_register_ep_callback
 .text.USB_0_Handler
                0x0000ed84        0x8 hpl/usb/hpl_usb.o
                0x0000ed84                USB_0_Handler
 .text.USB_1_Handler
                0x0000ed8c        0x8 hpl/usb/hpl_usb.o
                0x0000ed8c                USB_1_Handler
 .text.USB_2_Handler
                0x0000ed94        0x8 hpl/usb/hpl_usb.o
                0x0000ed94                USB_2_Handler
 .text.USB_3_Handler
                0x0000ed9c        0x8 hpl/usb/hpl_usb.o
                0x0000ed9c                USB_3_Handler
 .text._wdt_init
                0x0000eda4       0x42 hpl/wdt/hpl_wdt.o
                0x0000eda4                _wdt_init
 *fill*         0x0000ede6        0x2 
 .text.RTC_Scheduler_ping_cb
                0x0000ede8       0x50 main.o
 .text.RTC_Scheduler_report_cb
                0x0000ee38        0xc main.o
 .text.RTC_Scheduler_heartbeat_cb
                0x0000ee44       0x1c main.o
 .text.RTC_Scheduler_realtime_cb
                0x0000ee60       0x80 main.o
 .text.init_timer
                0x0000eee0       0x84 main.o
                0x0000eee0                init_timer
 .text.startup.main
                0x0000ef64      0x52c main.o
                0x0000ef64                main
 .text._read    0x0000f490       0x20 stdio_redirect/gcc/read.o
                0x0000f490                _read
 .text._write   0x0000f4b0       0x24 stdio_redirect/gcc/write.o
                0x0000f4b0                _write
 .text.stdio_io_init
                0x0000f4d4       0x2c stdio_redirect/stdio_io.o
                0x0000f4d4                stdio_io_init
 .text.stdio_io_read
                0x0000f500       0x1c stdio_redirect/stdio_io.o
                0x0000f500                stdio_io_read
 .text.stdio_io_write
                0x0000f51c       0x1c stdio_redirect/stdio_io.o
                0x0000f51c                stdio_io_write
 .text.stdio_redirect_init
                0x0000f538       0x20 stdio_start.o
                0x0000f538                stdio_redirect_init
 .text.cdcdf_acm_req
                0x0000f558       0xdc usb/class/cdc/device/cdcdf_acm.o
 .text.cdcdf_acm_ctrl
                0x0000f634      0x138 usb/class/cdc/device/cdcdf_acm.o
 .text.cdcdf_acm_init
                0x0000f76c       0x44 usb/class/cdc/device/cdcdf_acm.o
                0x0000f76c                cdcdf_acm_init
 .text.cdcdf_acm_read
                0x0000f7b0       0x2c usb/class/cdc/device/cdcdf_acm.o
                0x0000f7b0                cdcdf_acm_read
 .text.cdcdf_acm_write
                0x0000f7dc       0x2c usb/class/cdc/device/cdcdf_acm.o
                0x0000f7dc                cdcdf_acm_write
 .text.cdcdf_acm_register_callback
                0x0000f808       0x40 usb/class/cdc/device/cdcdf_acm.o
                0x0000f808                cdcdf_acm_register_callback
 .text.hid_keyboard_req
                0x0000f848       0x88 usb/class/hid/device/hiddf_keyboard.o
 .text.hid_keyboard_ctrl
                0x0000f8d0      0x110 usb/class/hid/device/hiddf_keyboard.o
 .text.hiddf_keyboard_init
                0x0000f9e0       0x44 usb/class/hid/device/hiddf_keyboard.o
                0x0000f9e0                hiddf_keyboard_init
 .text.hiddf_keyboard_keys_state_change
                0x0000fa24       0x8c usb/class/hid/device/hiddf_keyboard.o
                0x0000fa24                hiddf_keyboard_keys_state_change
 .text.hid_mouse_req
                0x0000fab0       0x88 usb/class/hid/device/hiddf_mouse.o
 .text.hid_mouse_ctrl
                0x0000fb38       0xe4 usb/class/hid/device/hiddf_mouse.o
 .text.hiddf_mouse_init
                0x0000fc1c       0x44 usb/class/hid/device/hiddf_mouse.o
                0x0000fc1c                hiddf_mouse_init
 .text.hiddf_mouse_move
                0x0000fc60       0x48 usb/class/hid/device/hiddf_mouse.o
                0x0000fc60                hiddf_mouse_move
 .text.audio_midi_req
                0x0000fca8       0x78 usb/class/midi/device/audiodf_midi.o
 .text.audio_midi_ctrl
                0x0000fd20      0x180 usb/class/midi/device/audiodf_midi.o
 .text.audiodf_midi_init
                0x0000fea0       0x44 usb/class/midi/device/audiodf_midi.o
                0x0000fea0                audiodf_midi_init
 .text.audiodf_midi_write
                0x0000fee4       0x28 usb/class/midi/device/audiodf_midi.o
                0x0000fee4                audiodf_midi_write
 .text.audiodf_midi_write_status
                0x0000ff0c       0x1c usb/class/midi/device/audiodf_midi.o
                0x0000ff0c                audiodf_midi_write_status
 .text.audiodf_midi_read
                0x0000ff28       0x20 usb/class/midi/device/audiodf_midi.o
                0x0000ff28                audiodf_midi_read
 .text.audiodf_midi_register_callback
                0x0000ff48       0x30 usb/class/midi/device/audiodf_midi.o
                0x0000ff48                audiodf_midi_register_callback
 .text.usbdc_unconfig
                0x0000ff78       0x1c usb/device/usbdc.o
 .text.usbdc_change_notify
                0x0000ff94       0x20 usb/device/usbdc.o
 .text.usbdc_request_handler
                0x0000ffb4       0x38 usb/device/usbdc.o
 .text.usbd_sof_cb
                0x0000ffec       0x18 usb/device/usbdc.o
 .text.usbdc_cb_ctl_done
                0x00010004       0x68 usb/device/usbdc.o
 .text.usbdc_reset
                0x0001006c       0x5c usb/device/usbdc.o
                0x0001006c                usbdc_reset
 .text.usbd_event_cb
                0x000100c8       0x18 usb/device/usbdc.o
 .text.usbdc_xfer
                0x000100e0       0x20 usb/device/usbdc.o
                0x000100e0                usbdc_xfer
 .text.usbdc_cb_ctl_req
                0x00010100      0x328 usb/device/usbdc.o
 .text.usbdc_register_handler
                0x00010428       0x2c usb/device/usbdc.o
                0x00010428                usbdc_register_handler
 .text.usbdc_init
                0x00010454       0x44 usb/device/usbdc.o
                0x00010454                usbdc_init
 .text.usbdc_register_function
                0x00010498       0x10 usb/device/usbdc.o
                0x00010498                usbdc_register_function
 .text.usbdc_start
                0x000104a8       0x34 usb/device/usbdc.o
                0x000104a8                usbdc_start
 .text.usbdc_attach
                0x000104dc        0x8 usb/device/usbdc.o
                0x000104dc                usbdc_attach
 .text.usbdc_get_ctrl_buffer
                0x000104e4        0xc usb/device/usbdc.o
                0x000104e4                usbdc_get_ctrl_buffer
 .text.usbdc_get_state
                0x000104f0       0x14 usb/device/usbdc.o
                0x000104f0                usbdc_get_state
 .text.usb_find_desc
                0x00010504       0x1a usb/usb_protocol.o
                0x00010504                usb_find_desc
 .text.usb_find_ep_desc
                0x0001051e       0x1c usb/usb_protocol.o
                0x0001051e                usb_find_ep_desc
 *fill*         0x0001053a        0x2 
 .text.usb_find_cfg_desc
                0x0001053c       0x3c usb/usb_protocol.o
                0x0001053c                usb_find_cfg_desc
 .text.usb_find_str_desc
                0x00010578       0x30 usb/usb_protocol.o
                0x00010578                usb_find_str_desc
 .text.gpio_get_pin_level
                0x000105a8       0x48 usb_start.o
 .text.hiddf_demo_sof_event
                0x000105f0       0x78 usb_start.o
 .text.composite_device_init
                0x00010668       0x2c usb_start.o
                0x00010668                composite_device_init
 .text.composite_device_start
                0x00010694       0x1c usb_start.o
                0x00010694                composite_device_start
 .text.usb_init
                0x000106b0        0x8 usb_start.o
                0x000106b0                usb_init
 .text          0x000106b8      0x370 c:/program files (x86)/atmel/studio/7.0/toolchain/arm/arm-gnu-toolchain/bin/../lib/gcc/arm-none-eabi/6.3.1/thumb/v7e-m\libgcc.a(_arm_addsubdf3.o)
                0x000106b8                __aeabi_drsub
                0x000106c0                __aeabi_dsub
                0x000106c0                __subdf3
                0x000106c4                __aeabi_dadd
                0x000106c4                __adddf3
                0x0001093c                __floatunsidf
                0x0001093c                __aeabi_ui2d
                0x0001095c                __floatsidf
                0x0001095c                __aeabi_i2d
                0x00010980                __aeabi_f2d
                0x00010980                __extendsfdf2
                0x000109bc                __floatundidf
                0x000109bc                __aeabi_ul2d
                0x000109cc                __floatdidf
                0x000109cc                __aeabi_l2d
 .text          0x00010a28      0x424 c:/program files (x86)/atmel/studio/7.0/toolchain/arm/arm-gnu-toolchain/bin/../lib/gcc/arm-none-eabi/6.3.1/thumb/v7e-m\libgcc.a(_arm_muldivdf3.o)
                0x00010a28                __aeabi_dmul
                0x00010a28                __muldf3
                0x00010c7c                __divdf3
                0x00010c7c                __aeabi_ddiv