Archive member included to satisfy reference by file (symbol)

c:/program files (x86)/atmel/studio/7.0/toolchain/arm/arm-gnu-toolchain/bin/../lib/gcc/arm-none-eabi/6.3.1/thumb/v7e-m\libgcc.a(_arm_addsubdf3.o)
                              hpl/sercom/hpl_sercom.o (__aeabi_dsub)
c:/program files (x86)/atmel/studio/7.0/toolchain/arm/arm-gnu-toolchain/bin/../lib/gcc/arm-none-eabi/6.3.1/thumb/v7e-m\libgcc.a(_arm_muldivdf3.o)
                              grid/grid_hardwaretest.o (__aeabi_dmul)
c:/program files (x86)/atmel/studio/7.0/toolchain/arm/arm-gnu-toolchain/bin/../lib/gcc/arm-none-eabi/6.3.1/thumb/v7e-m\libgcc.a(_arm_fixunsdfsi.o)
                              grid/grid_hardwaretest.o (__aeabi_d2uiz)
c:/program files (x86)/atmel/studio/7.0/toolchain/arm/arm-gnu-toolchain/bin/../lib/gcc/arm-none-eabi/6.3.1/thumb/v7e-m\libgcc.a(_aeabi_uldivmod.o)
                              hpl/sercom/hpl_sercom.o (__aeabi_uldivmod)
c:/program files (x86)/atmel/studio/7.0/toolchain/arm/arm-gnu-toolchain/bin/../lib/gcc/arm-none-eabi/6.3.1/thumb/v7e-m\libgcc.a(_udivmoddi4.o)
                              c:/program files (x86)/atmel/studio/7.0/toolchain/arm/arm-gnu-toolchain/bin/../lib/gcc/arm-none-eabi/6.3.1/thumb/v7e-m\libgcc.a(_aeabi_uldivmod.o) (__udivmoddi4)
c:/program files (x86)/atmel/studio/7.0/toolchain/arm/arm-gnu-toolchain/bin/../lib/gcc/arm-none-eabi/6.3.1/thumb/v7e-m\libgcc.a(_dvmd_tls.o)
                              c:/program files (x86)/atmel/studio/7.0/toolchain/arm/arm-gnu-toolchain/bin/../lib/gcc/arm-none-eabi/6.3.1/thumb/v7e-m\libgcc.a(_aeabi_uldivmod.o) (__aeabi_ldiv0)
c:/program files (x86)/atmel/studio/7.0/toolchain/arm/arm-gnu-toolchain/bin/../lib/gcc/arm-none-eabi/6.3.1/../../../../arm-none-eabi/lib/thumb/v7e-m\libc_nano.a(lib_a-exit.o)
                              c:/program files (x86)/atmel/studio/7.0/toolchain/arm/arm-gnu-toolchain/bin/../lib/gcc/arm-none-eabi/6.3.1/../../../../arm-none-eabi/lib/thumb/v7e-m/crt0.o (exit)
c:/program files (x86)/atmel/studio/7.0/toolchain/arm/arm-gnu-toolchain/bin/../lib/gcc/arm-none-eabi/6.3.1/../../../../arm-none-eabi/lib/thumb/v7e-m\libc_nano.a(lib_a-impure.o)
                              c:/program files (x86)/atmel/studio/7.0/toolchain/arm/arm-gnu-toolchain/bin/../lib/gcc/arm-none-eabi/6.3.1/../../../../arm-none-eabi/lib/thumb/v7e-m\libc_nano.a(lib_a-exit.o) (_global_impure_ptr)
c:/program files (x86)/atmel/studio/7.0/toolchain/arm/arm-gnu-toolchain/bin/../lib/gcc/arm-none-eabi/6.3.1/../../../../arm-none-eabi/lib/thumb/v7e-m\libc_nano.a(lib_a-init.o)
                              c:/program files (x86)/atmel/studio/7.0/toolchain/arm/arm-gnu-toolchain/bin/../lib/gcc/arm-none-eabi/6.3.1/../../../../arm-none-eabi/lib/thumb/v7e-m/crt0.o (__libc_init_array)
c:/program files (x86)/atmel/studio/7.0/toolchain/arm/arm-gnu-toolchain/bin/../lib/gcc/arm-none-eabi/6.3.1/../../../../arm-none-eabi/lib/thumb/v7e-m\libc_nano.a(lib_a-malloc.o)
                              grid/grid_ain.o (malloc)
c:/program files (x86)/atmel/studio/7.0/toolchain/arm/arm-gnu-toolchain/bin/../lib/gcc/arm-none-eabi/6.3.1/../../../../arm-none-eabi/lib/thumb/v7e-m\libc_nano.a(lib_a-memcpy-stub.o)
                              hpl/nvmctrl/hpl_nvmctrl.o (memcpy)
c:/program files (x86)/atmel/studio/7.0/toolchain/arm/arm-gnu-toolchain/bin/../lib/gcc/arm-none-eabi/6.3.1/../../../../arm-none-eabi/lib/thumb/v7e-m\libc_nano.a(lib_a-memset.o)
                              c:/program files (x86)/atmel/studio/7.0/toolchain/arm/arm-gnu-toolchain/bin/../lib/gcc/arm-none-eabi/6.3.1/../../../../arm-none-eabi/lib/thumb/v7e-m/crt0.o (memset)
c:/program files (x86)/atmel/studio/7.0/toolchain/arm/arm-gnu-toolchain/bin/../lib/gcc/arm-none-eabi/6.3.1/../../../../arm-none-eabi/lib/thumb/v7e-m\libc_nano.a(lib_a-nano-freer.o)
                              c:/program files (x86)/atmel/studio/7.0/toolchain/arm/arm-gnu-toolchain/bin/../lib/gcc/arm-none-eabi/6.3.1/../../../../arm-none-eabi/lib/thumb/v7e-m\libc_nano.a(lib_a-malloc.o) (_free_r)
c:/program files (x86)/atmel/studio/7.0/toolchain/arm/arm-gnu-toolchain/bin/../lib/gcc/arm-none-eabi/6.3.1/../../../../arm-none-eabi/lib/thumb/v7e-m\libc_nano.a(lib_a-nano-mallocr.o)
                              c:/program files (x86)/atmel/studio/7.0/toolchain/arm/arm-gnu-toolchain/bin/../lib/gcc/arm-none-eabi/6.3.1/../../../../arm-none-eabi/lib/thumb/v7e-m\libc_nano.a(lib_a-malloc.o) (_malloc_r)
c:/program files (x86)/atmel/studio/7.0/toolchain/arm/arm-gnu-toolchain/bin/../lib/gcc/arm-none-eabi/6.3.1/../../../../arm-none-eabi/lib/thumb/v7e-m\libc_nano.a(lib_a-printf.o)
                              grid/grid_d51.o (printf)
c:/program files (x86)/atmel/studio/7.0/toolchain/arm/arm-gnu-toolchain/bin/../lib/gcc/arm-none-eabi/6.3.1/../../../../arm-none-eabi/lib/thumb/v7e-m\libc_nano.a(lib_a-puts.o)
                              grid/grid_unittest.o (puts)
[...]
Memory Configuration

Name             Origin             Length             Attributes
rom              0x00004000         0x0007a000         xr
ram              0x20000000         0x00040000         xrw
bkupram          0x47000000         0x00002000         xrw
qspi             0x04000000         0x01000000         xrw
*default*        0x00000000         0xffffffff

Linker script and memory map

LOAD c:/program files (x86)/atmel/studio/7.0/toolchain/arm/arm-gnu-toolchain/bin/../lib/gcc/arm-none-eabi/6.3.1/thumb/v7e-m/crti.o
LOAD c:/program files (x86)/atmel/studio/7.0/toolchain/arm/arm-gnu-toolchain/bin/../lib/gcc/arm-none-eabi/6.3.1/thumb/v7e-m/crtbegin.o
LOAD c:/program files (x86)/atmel/studio/7.0/toolchain/arm/arm-gnu-toolchain/bin/../lib/gcc/arm-none-eabi/6.3.1/../../../../arm-none-eabi/lib/thumb/v7e-m/crt0.o
LOAD atmel_start.o
LOAD Device_Startup/startup_samd51.o
LOAD Device_Startup/system_samd51.o
LOAD driver_init.o
LOAD examples/driver_examples.o
LOAD flash/n25q256a.o
LOAD flash/spi_nor_flash.o
LOAD grid/grid_d51.o
LOAD grid/grid_debug.o
LOAD grid/grid_hardwaretest.o
LOAD grid/grid_msg.o
LOAD grid/grid_nvm.o
LOAD grid/grid_unittest.o
LOAD grid/grid_ain.o
LOAD grid/grid_buf.o
LOAD grid/grid_led.o
LOAD grid/grid_module.o
LOAD grid/grid_module_bu16_revb.o
LOAD grid/grid_module_en16_reva.o
LOAD grid/grid_module_pbf4_reva.o
LOAD grid/grid_module_po16_revb.o
LOAD grid/grid_sys.o
LOAD grid/grid_ui.o
LOAD grid/grid_usb.o
LOAD hal/src/hal_adc_async.o
LOAD hal/src/hal_atomic.o
LOAD hal/src/hal_cache.o
LOAD hal/src/hal_crc_sync.o
LOAD hal/src/hal_delay.o
LOAD hal/src/hal_evsys.o
LOAD hal/src/hal_flash.o
LOAD hal/src/hal_gpio.o
LOAD hal/src/hal_i2c_m_async.o
LOAD hal/src/hal_init.o
LOAD hal/src/hal_io.o
LOAD hal/src/hal_qspi_dma.o
LOAD hal/src/hal_sleep.o
LOAD hal/src/hal_spi_m_async.o
LOAD hal/src/hal_spi_m_dma.o
LOAD hal/src/hal_timer.o
LOAD hal/src/hal_usart_async.o
LOAD hal/src/hal_usart_sync.o
LOAD hal/src/hal_usb_device.o
LOAD hal/src/hal_wdt.o
LOAD hal/utils/src/utils_assert.o
LOAD hal/utils/src/utils_event.o
LOAD hal/utils/src/utils_list.o
LOAD hal/utils/src/utils_ringbuffer.o
LOAD hal/utils/src/utils_syscalls.o
LOAD hpl/adc/hpl_adc.o
LOAD hpl/cmcc/hpl_cmcc.o
LOAD hpl/core/hpl_core_m4.o
LOAD hpl/core/hpl_init.o
LOAD hpl/dmac/hpl_dmac.o
LOAD hpl/dsu/hpl_dsu.o
LOAD hpl/evsys/hpl_evsys.o
LOAD hpl/gclk/hpl_gclk.o
LOAD hpl/mclk/hpl_mclk.o
LOAD hpl/nvmctrl/hpl_nvmctrl.o
LOAD hpl/osc32kctrl/hpl_osc32kctrl.o
LOAD hpl/oscctrl/hpl_oscctrl.o
LOAD hpl/pac/hpl_pac.o
LOAD hpl/pm/hpl_pm.o
LOAD hpl/qspi/hpl_qspi.o
LOAD hpl/ramecc/hpl_ramecc.o
LOAD hpl/rtc/hpl_rtc.o
LOAD hpl/sercom/hpl_sercom.o
LOAD hpl/systick/hpl_systick.o
LOAD hpl/tc/hpl_tc.o
LOAD hpl/usb/hpl_usb.o
LOAD hpl/wdt/hpl_wdt.o
LOAD main.o
LOAD stdio_redirect/gcc/read.o
LOAD stdio_redirect/gcc/write.o
LOAD stdio_redirect/stdio_io.o
LOAD stdio_start.o
LOAD usb/class/cdc/device/cdcdf_acm.o
LOAD usb/class/hid/device/hiddf_generic.o
LOAD usb/class/hid/device/hiddf_keyboard.o
LOAD usb/class/hid/device/hiddf_mouse.o
LOAD usb/class/midi/device/audiodf_midi.o
LOAD usb/class/midi/usb_protocol_midi.o
LOAD usb/class/msc/device/mscdf.o
LOAD usb/device/usbdc.o
LOAD usb/usb_protocol.o
LOAD usb_start.o
START GROUP
LOAD c:/program files (x86)/atmel/studio/7.0/toolchain/arm/arm-gnu-toolchain/bin/../lib/gcc/arm-none-eabi/6.3.1/../../../../arm-none-eabi/lib/thumb/v7e-m\libm.a
END GROUP
START GROUP
LOAD c:/program files (x86)/atmel/studio/7.0/toolchain/arm/arm-gnu-toolchain/bin/../lib/gcc/arm-none-eabi/6.3.1/thumb/v7e-m\libgcc.a
LOAD c:/program files (x86)/atmel/studio/7.0/toolchain/arm/arm-gnu-toolchain/bin/../lib/gcc/arm-none-eabi/6.3.1/../../../../arm-none-eabi/lib/thumb/v7e-m\libc_nano.a
END GROUP
START GROUP
LOAD c:/program files (x86)/atmel/studio/7.0/toolchain/arm/arm-gnu-toolchain/bin/../lib/gcc/arm-none-eabi/6.3.1/thumb/v7e-m\libgcc.a
LOAD c:/program files (x86)/atmel/studio/7.0/toolchain/arm/arm-gnu-toolchain/bin/../lib/gcc/arm-none-eabi/6.3.1/../../../../arm-none-eabi/lib/thumb/v7e-m\libc_nano.a
END GROUP
LOAD c:/program files (x86)/atmel/studio/7.0/toolchain/arm/arm-gnu-toolchain/bin/../lib/gcc/arm-none-eabi/6.3.1/thumb/v7e-m/crtend.o
LOAD c:/program files (x86)/atmel/studio/7.0/toolchain/arm/arm-gnu-toolchain/bin/../lib/gcc/arm-none-eabi/6.3.1/thumb/v7e-m/crtn.o
                0x00010000                STACK_SIZE = DEFINED (STACK_SIZE)?STACK_SIZE:DEFINED (__stack_size__)?__stack_size__:0x10000

.text           0x00004000     0xdcc0
                0x00004000                . = ALIGN (0x4)
                0x00004000                _sfixed = .
 *(.vectors .vectors.*)
 .vectors       0x00004000      0x264 Device_Startup/startup_samd51.o
                0x00004000                exception_table
 *(.text .text.* .gnu.linkonce.t.*)
 .text          0x00004264       0x6c c:/program files (x86)/atmel/studio/7.0/toolchain/arm/arm-gnu-toolchain/bin/../lib/gcc/arm-none-eabi/6.3.1/thumb/v7e-m/crtbegin.o
 .text.atmel_start_init
                0x000042d0       0x20 atmel_start.o
                0x000042d0                atmel_start_init
 .text.Dummy_Handler
                0x000042f0        0x2 Device_Startup/startup_samd51.o
                0x000042f0                EIC_5_Handler
                0x000042f0                SVCall_Handler
                0x000042f0                EIC_13_Handler
                0x000042f0                EVSYS_0_Handler
                0x000042f0                TCC1_3_Handler
                0x000042f0                DAC_3_Handler
                0x000042f0                TRNG_Handler
                0x000042f0                HardFault_Handler
                0x000042f0                PDEC_2_Handler
                0x000042f0                EIC_4_Handler
                0x000042f0                AC_Handler
                0x000042f0                SysTick_Handler
                0x000042f0                TCC2_3_Handler
                0x000042f0                PendSV_Handler
                0x000042f0                TC7_Handler
                0x000042f0                EVSYS_3_Handler
                0x000042f0                PDEC_0_Handler
                0x000042f0                QSPI_Handler
                0x000042f0                NonMaskableInt_Handler
                0x000042f0                TCC0_0_Handler
                0x000042f0                EIC_3_Handler
                0x000042f0                MemManagement_Handler
                0x000042f0                DAC_2_Handler
                0x000042f0                UsageFault_Handler
                0x000042f0                EIC_10_Handler
                0x000042f0                EIC_11_Handler
                0x000042f0                EIC_9_Handler
                0x000042f0                OSC32KCTRL_Handler
                0x000042f0                TCC2_1_Handler
                0x000042f0                SUPC_1_Handler
                0x000042f0                TCC0_5_Handler
                0x000042f0                TCC0_6_Handler
                0x000042f0                EVSYS_1_Handler
                0x000042f0                TCC1_4_Handler
                0x000042f0                TC6_Handler
                0x000042f0                WDT_Handler
                0x000042f0                EIC_8_Handler
                0x000042f0                EIC_15_Handler
                0x000042f0                TC4_Handler
                0x000042f0                OSCCTRL_4_Handler
                0x000042f0                EIC_12_Handler
                0x000042f0                TCC4_2_Handler
                0x000042f0                PAC_Handler
                0x000042f0                TCC1_0_Handler
                0x000042f0                OSCCTRL_0_Handler
                0x000042f0                EIC_0_Handler
                0x000042f0                OSCCTRL_3_Handler
                0x000042f0                Dummy_Handler
                0x000042f0                TCC3_0_Handler
                0x000042f0                TCC2_2_Handler
                0x000042f0                TCC1_1_Handler
                0x000042f0                OSCCTRL_2_Handler
                0x000042f0                TCC1_2_Handler
                0x000042f0                SERCOM7_1_Handler
                0x000042f0                PM_Handler
                0x000042f0                SERCOM2_3_Handler
                0x000042f0                DAC_4_Handler
                0x000042f0                TCC3_2_Handler
                0x000042f0                SERCOM7_0_Handler
                0x000042f0                TCC0_2_Handler
                0x000042f0                TCC4_0_Handler
                0x000042f0                SERCOM7_3_Handler
                0x000042f0                SDHC1_Handler
                0x000042f0                SERCOM7_2_Handler
                0x000042f0                TCC2_0_Handler
                0x000042f0                PDEC_1_Handler
                0x000042f0                TCC4_1_Handler
                0x000042f0                SDHC0_Handler
                0x000042f0                I2S_Handler
                0x000042f0                EIC_2_Handler
                0x000042f0                PCC_Handler
                0x000042f0                DAC_0_Handler
                0x000042f0                TCC0_1_Handler
                0x000042f0                EIC_6_Handler
                0x000042f0                OSCCTRL_1_Handler
                0x000042f0                PUKCC_Handler
                0x000042f0                SERCOM2_1_Handler
                0x000042f0                EIC_1_Handler
                0x000042f0                EVSYS_4_Handler
                0x000042f0                EIC_7_Handler
                0x000042f0                SERCOM2_2_Handler
                0x000042f0                TCC3_1_Handler
                0x000042f0                EIC_14_Handler
                0x000042f0                DAC_1_Handler
                0x000042f0                MCLK_Handler
                0x000042f0                EVSYS_2_Handler
                0x000042f0                SUPC_0_Handler
                0x000042f0                BusFault_Handler
                0x000042f0                FREQM_Handler
                0x000042f0                TCC0_3_Handler
                0x000042f0                DebugMonitor_Handler
                0x000042f0                TCC0_4_Handler
                0x000042f0                TC5_Handler
                0x000042f0                SERCOM2_0_Handler
                0x000042f0                AES_Handler
                0x000042f0                ICM_Handler
 *fill*         0x000042f2        0x2 
 .text.Reset_Handler
                0x000042f4       0x78 Device_Startup/startup_samd51.o
                0x000042f4                Reset_Handler
 .text._gpio_set_pin_function
                0x0000436c       0x68 driver_init.o
 .text.gpio_set_pin_direction
                0x000043d4       0x68 driver_init.o
 .text.ADC_0_init
                0x0000443c       0x80 driver_init.o
                0x0000443c                ADC_0_init
 .text.ADC_1_init
                0x000044bc       0x84 driver_init.o
                0x000044bc                ADC_1_init
 .text.CRC_0_init
                0x00004540       0x24 driver_init.o
                0x00004540                CRC_0_init
 .text.EVENT_SYSTEM_0_init
                0x00004564       0x30 driver_init.o
                0x00004564                EVENT_SYSTEM_0_init
 .text.FLASH_0_CLOCK_init
                0x00004594       0x10 driver_init.o
                0x00004594                FLASH_0_CLOCK_init
 .text.FLASH_0_init
                0x000045a4       0x24 driver_init.o
                0x000045a4                FLASH_0_init
 .text.QSPI_INSTANCE_PORT_init
                0x000045c8       0xdc driver_init.o
                0x000045c8                QSPI_INSTANCE_PORT_init
 .text.QSPI_INSTANCE_CLOCK_init
                0x000046a4       0x20 driver_init.o
                0x000046a4                QSPI_INSTANCE_CLOCK_init
 .text.QSPI_INSTANCE_init
                0x000046c4       0x2c driver_init.o
                0x000046c4                QSPI_INSTANCE_init
 .text.USART_EAST_CLOCK_init
                0x000046f0       0x24 driver_init.o
                0x000046f0                USART_EAST_CLOCK_init
 .text.USART_EAST_PORT_init
                0x00004714       0x24 driver_init.o
                0x00004714                USART_EAST_PORT_init
 .text.USART_EAST_init
                0x00004738       0x38 driver_init.o
                0x00004738                USART_EAST_init
 .text.USART_NORTH_CLOCK_init
                0x00004770       0x24 driver_init.o
                0x00004770                USART_NORTH_CLOCK_init
 .text.USART_NORTH_PORT_init
                0x00004794       0x24 driver_init.o
                0x00004794                USART_NORTH_PORT_init
 .text.USART_NORTH_init
                0x000047b8       0x38 driver_init.o
                0x000047b8                USART_NORTH_init
 .text.GRID_AUX_PORT_init
                0x000047f0       0x24 driver_init.o
                0x000047f0                GRID_AUX_PORT_init
 .text.GRID_AUX_CLOCK_init
                0x00004814       0x24 driver_init.o
                0x00004814                GRID_AUX_CLOCK_init
 .text.GRID_AUX_init
                0x00004838       0x2c driver_init.o
                0x00004838                GRID_AUX_init
 .text.UI_SPI_PORT_init
                0x00004864       0x68 driver_init.o
                0x00004864                UI_SPI_PORT_init
 .text.UI_SPI_CLOCK_init
                0x000048cc       0x24 driver_init.o
                0x000048cc                UI_SPI_CLOCK_init
 .text.UI_SPI_init
                0x000048f0       0x2c driver_init.o
                0x000048f0                UI_SPI_init
 .text.USART_WEST_CLOCK_init
                0x0000491c       0x24 driver_init.o
                0x0000491c                USART_WEST_CLOCK_init
 .text.USART_WEST_PORT_init
                0x00004940       0x24 driver_init.o
                0x00004940                USART_WEST_PORT_init
 .text.USART_WEST_init
                0x00004964       0x38 driver_init.o
                0x00004964                USART_WEST_init
 .text.SYS_I2C_PORT_init
                0x0000499c       0x40 driver_init.o
                0x0000499c                SYS_I2C_PORT_init
 .text.SYS_I2C_CLOCK_init
                0x000049dc       0x24 driver_init.o
                0x000049dc                SYS_I2C_CLOCK_init
 .text.SYS_I2C_init
                0x00004a00       0x2c driver_init.o
                0x00004a00                SYS_I2C_init
 .text.USART_SOUTH_CLOCK_init
                0x00004a2c       0x24 driver_init.o
                0x00004a2c                USART_SOUTH_CLOCK_init
 .text.USART_SOUTH_PORT_init
                0x00004a50       0x24 driver_init.o
                0x00004a50                USART_SOUTH_PORT_init
 .text.USART_SOUTH_init
                0x00004a74       0x38 driver_init.o
                0x00004a74                USART_SOUTH_init
 .text.GRID_LED_PORT_init
                0x00004aac       0x68 driver_init.o
                0x00004aac                GRID_LED_PORT_init
 .text.GRID_LED_CLOCK_init
                0x00004b14       0x24 driver_init.o
                0x00004b14                GRID_LED_CLOCK_init
 .text.GRID_LED_init
                0x00004b38       0x2c driver_init.o
                0x00004b38                GRID_LED_init
 .text.delay_driver_init
                0x00004b64       0x10 driver_init.o
                0x00004b64                delay_driver_init
 .text.USB_DEVICE_INSTANCE_PORT_init
                0x00004b74       0x60 driver_init.o
                0x00004b74                USB_DEVICE_INSTANCE_PORT_init
 .text.USB_DEVICE_INSTANCE_CLOCK_init
                0x00004bd4       0x24 driver_init.o
                0x00004bd4                USB_DEVICE_INSTANCE_CLOCK_init
 .text.USB_DEVICE_INSTANCE_init
                0x00004bf8       0x20 driver_init.o
                0x00004bf8                USB_DEVICE_INSTANCE_init
 .text.WDT_0_CLOCK_init
                0x00004c18       0x10 driver_init.o
                0x00004c18                WDT_0_CLOCK_init
 .text.WDT_0_init
                0x00004c28       0x24 driver_init.o
                0x00004c28                WDT_0_init
 .text.system_init
                0x00004c4c      0x2a8 driver_init.o
                0x00004c4c                system_init
 .text.grid_d51_bitmap_write_bit
                0x00004ef4       0x3a grid/grid_d51.o
                0x00004ef4                grid_d51_bitmap_write_bit
 *fill*         0x00004f2e        0x2 
 .text.grid_d51_verify_user_row
                0x00004f30      0x198 grid/grid_d51.o
                0x00004f30                grid_d51_verify_user_row
 .text.grid_d51_init
                0x000050c8       0x4c grid/grid_d51.o
                0x000050c8                grid_d51_init
 .text.grid_msg_header_set_len
                0x00005114       0x20 grid/grid_msg.o
                0x00005114                grid_msg_header_set_len
 .text.grid_msg_header_set_id
                0x00005134       0x20 grid/grid_msg.o
                0x00005134                grid_msg_header_set_id
 .text.grid_msg_header_set_dx
                0x00005154       0x20 grid/grid_msg.o
                0x00005154                grid_msg_header_set_dx
 .text.grid_msg_header_get_dx
                0x00005174       0x1c grid/grid_msg.o
                0x00005174                grid_msg_header_get_dx
 .text.grid_msg_header_set_dy
                0x00005190       0x20 grid/grid_msg.o
                0x00005190                grid_msg_header_set_dy
 .text.grid_msg_header_get_dy
                0x000051b0       0x1c grid/grid_msg.o
                0x000051b0                grid_msg_header_get_dy
 .text.grid_msg_header_set_rot
                0x000051cc       0x20 grid/grid_msg.o
                0x000051cc                grid_msg_header_set_rot
 .text.grid_msg_header_set_age
                0x000051ec       0x20 grid/grid_msg.o
                0x000051ec                grid_msg_header_set_age
 .text.grid_msg_packet_get_length
                0x0000520c       0x12 grid/grid_msg.o
                0x0000520c                grid_msg_packet_get_length
 .text.grid_msg_body_get_length
                0x0000521e        0x6 grid/grid_msg.o
                0x0000521e                grid_msg_body_get_length
 .text.grid_msg_body_append_text
                0x00005224       0x20 grid/grid_msg.o
                0x00005224                grid_msg_body_append_text
 .text.grid_msg_text_get_parameter
                0x00005244       0x18 grid/grid_msg.o
                0x00005244                grid_msg_text_get_parameter
 .text.grid_msg_text_set_parameter
                0x0000525c       0x18 grid/grid_msg.o
                0x0000525c                grid_msg_text_set_parameter
 .text.grid_msg_init
                0x00005274       0x44 grid/grid_msg.o
                0x00005274                grid_msg_init
 .text.grid_msg_init_header
                0x000052b8       0x6c grid/grid_msg.o
                0x000052b8                grid_msg_init_header
 .text.grid_msg_packet_receive_char
                0x00005324       0x4e grid/grid_msg.o
                0x00005324                grid_msg_packet_receive_char
 .text.grid_msg_packet_send_char
                0x00005372       0x3a grid/grid_msg.o
                0x00005372                grid_msg_packet_send_char
 .text.grid_msg_packet_close
                0x000053ac       0xd4 grid/grid_msg.o
                0x000053ac                grid_msg_packet_close
 .text.grid_nvm_clear_read_buffer
                0x00005480       0x26 grid/grid_nvm.o
                0x00005480                grid_nvm_clear_read_buffer
 .text.grid_nvm_clear_write_buffer
                0x000054a6       0x26 grid/grid_nvm.o
                0x000054a6                grid_nvm_clear_write_buffer
 .text.grid_nvm_init
                0x000054cc       0x2c grid/grid_nvm.o
                0x000054cc                grid_nvm_init
 .text.grid_ain_channel_init
                0x000054f8       0x34 grid/grid_ain.o
                0x000054f8                grid_ain_channel_init
 .text.grid_ain_init
                0x0000552c       0x44 grid/grid_ain.o
                0x0000552c                grid_ain_init
 .text.grid_ain_add_sample
                0x00005570       0xd0 grid/grid_ain.o
                0x00005570                grid_ain_add_sample
 .text.grid_ain_get_changed
                0x00005640       0x10 grid/grid_ain.o
                0x00005640                grid_ain_get_changed
 .text.grid_ain_get_average
                0x00005650       0x28 grid/grid_ain.o
                0x00005650                grid_ain_get_average
 .text.grid_port_reset_receiver
                0x00005678       0x90 grid/grid_buf.o
                0x00005678                grid_port_reset_receiver
 .text.grid_buffer_init
                0x00005708       0x4c grid/grid_buf.o
                0x00005708                grid_buffer_init
 .text.grid_buffer_write_size
                0x00005754       0x14 grid/grid_buf.o
                0x00005754                grid_buffer_write_size
 .text.grid_buffer_write_init
                0x00005768       0x3c grid/grid_buf.o
                0x00005768                grid_buffer_write_init
 .text.grid_buffer_write_character
                0x000057a4       0x1c grid/grid_buf.o
                0x000057a4                grid_buffer_write_character
 .text.grid_buffer_write_acknowledge
                0x000057c0       0x20 grid/grid_buf.o
                0x000057c0                grid_buffer_write_acknowledge
 .text.grid_port_receive_decode
                0x000057e0      0x51c grid/grid_buf.o
                0x000057e0                grid_port_receive_decode
 .text.grid_port_receive_task
                0x00005cfc      0x168 grid/grid_buf.o
                0x00005cfc                grid_port_receive_task
 .text.grid_buffer_read_size
                0x00005e64       0x4c grid/grid_buf.o
                0x00005e64                grid_buffer_read_size
 .text.grid_buffer_read_init
                0x00005eb0       0x5c grid/grid_buf.o
                0x00005eb0                grid_buffer_read_init
 .text.grid_buffer_read_character
                0x00005f0c       0x24 grid/grid_buf.o
                0x00005f0c                grid_buffer_read_character
 .text.grid_buffer_read_acknowledge
                0x00005f30       0x10 grid/grid_buf.o
                0x00005f30                grid_buffer_read_acknowledge
 .text.grid_port_init
                0x00005f40      0x158 grid/grid_buf.o
                0x00005f40                grid_port_init
 .text.grid_port_init_all
                0x00006098       0xd4 grid/grid_buf.o
                0x00006098                grid_port_init_all
 .text.grid_port_process_inbound
                0x0000616c      0x1ac grid/grid_buf.o
                0x0000616c                grid_port_process_inbound
 .text.grid_port_process_outbound_usb
                0x00006318      0x1ec grid/grid_buf.o
                0x00006318                grid_port_process_outbound_usb
 .text.grid_port_process_outbound_ui
                0x00006504      0x4f8 grid/grid_buf.o
                0x00006504                grid_port_process_outbound_ui
 .text.grid_port_process_outbound_usart
                0x000069fc       0x6c grid/grid_buf.o
                0x000069fc                grid_port_process_outbound_usart
 .text.grid_led_lowlevel_hardware_transfer_complete_cb
                0x00006a68        0xc grid/grid_led.o
                0x00006a68                grid_led_lowlevel_hardware_transfer_complete_cb
 .text.grid_led_lowlevel_set_color
                0x00006a74       0x4c grid/grid_led.o
                0x00006a74                grid_led_lowlevel_set_color
 .text.grid_led_hardware_init
                0x00006ac0       0x2c grid/grid_led.o
                0x00006ac0                grid_led_hardware_init
 .text.grid_led_get_led_number
                0x00006aec        0x4 grid/grid_led.o
                0x00006aec                grid_led_get_led_number
 .text.grid_led_tick
                0x00006af0       0x34 grid/grid_led.o
                0x00006af0                grid_led_tick
 .text.grid_led_set_min
                0x00006b24       0x20 grid/grid_led.o
                0x00006b24                grid_led_set_min
 .text.grid_led_set_mid
                0x00006b44       0x20 grid/grid_led.o
                0x00006b44                grid_led_set_mid
 .text.grid_led_set_max
                0x00006b64       0x20 grid/grid_led.o
                0x00006b64                grid_led_set_max
 .text.grid_led_set_color
                0x00006b84       0x6c grid/grid_led.o
                0x00006b84                grid_led_set_color
 .text.grid_led_set_phase
                0x00006bf0       0x14 grid/grid_led.o
                0x00006bf0                grid_led_set_phase
 .text.grid_led_set_frequency
                0x00006c04       0x14 grid/grid_led.o
                0x00006c04                grid_led_set_frequency
 .text.grid_led_buffer_init
                0x00006c18      0x16c grid/grid_led.o
                0x00006c18                grid_led_buffer_init
 .text.grid_led_lowlevel_init
                0x00006d84       0xb0 grid/grid_led.o
                0x00006d84                grid_led_lowlevel_init
 .text.grid_led_lowlevel_render
                0x00006e34       0xb0 grid/grid_led.o
                0x00006e34                grid_led_lowlevel_render
 .text.grid_led_lowlevel_render_all
                0x00006ee4       0x20 grid/grid_led.o
                0x00006ee4                grid_led_lowlevel_render_all
 .text.grid_led_lowlevel_hardware_start_transfer
                0x00006f04       0x30 grid/grid_led.o
                0x00006f04                grid_led_lowlevel_hardware_start_transfer
 .text.grid_module_common_init
                0x00006f34      0x25c grid/grid_module.o
                0x00006f34                grid_module_common_init
 .text.grid_module_bu16_revb_hardware_start_transfer
                0x00007190       0x20 grid/grid_module_bu16_revb.o
                0x00007190                grid_module_bu16_revb_hardware_start_transfer
 .text.grid_module_bu16_revb_hardware_transfer_complete_cb
                0x000071b0      0x200 grid/grid_module_bu16_revb.o
 .text.grid_module_bu16_revb_hardware_init
                0x000073b0       0x48 grid/grid_module_bu16_revb.o
                0x000073b0                grid_module_bu16_revb_hardware_init
 .text.grid_module_bu16_revb_init
                0x000073f8      0x15c grid/grid_module_bu16_revb.o
                0x000073f8                grid_module_bu16_revb_init
 .text.grid_module_en16_reva_hardware_start_transfer
                0x00007554       0x3c grid/grid_module_en16_reva.o
                0x00007554                grid_module_en16_reva_hardware_start_transfer
 .text.grid_module_en16_reva_hardware_transfer_complete_cb
                0x00007590      0x320 grid/grid_module_en16_reva.o
                0x00007590                grid_module_en16_reva_hardware_transfer_complete_cb
 .text.grid_module_en16_reva_hardware_init
                0x000078b0       0x68 grid/grid_module_en16_reva.o
                0x000078b0                grid_module_en16_reva_hardware_init
 .text.grid_module_en16_reva_init
                0x00007918      0x1c4 grid/grid_module_en16_reva.o
                0x00007918                grid_module_en16_reva_init
 .text.grid_module_pbf4_reva_hardware_start_transfer
                0x00007adc       0x20 grid/grid_module_pbf4_reva.o
                0x00007adc                grid_module_pbf4_reva_hardware_start_transfer
 *fill*         0x00007afc        0x4 
 .text.grid_module_pbf4_reva_hardware_transfer_complete_cb
                0x00007b00      0x320 grid/grid_module_pbf4_reva.o
                0x00007b00                grid_module_pbf4_reva_hardware_transfer_complete_cb
 .text.grid_module_pbf4_reva_hardware_init
                0x00007e20       0x48 grid/grid_module_pbf4_reva.o
                0x00007e20                grid_module_pbf4_reva_hardware_init
 .text.grid_module_pbf4_reva_init
                0x00007e68      0x1bc grid/grid_module_pbf4_reva.o
                0x00007e68                grid_module_pbf4_reva_init
 .text.grid_module_po16_revb_hardware_start_transfer
                0x00008024       0x20 grid/grid_module_po16_revb.o
                0x00008024                grid_module_po16_revb_hardware_start_transfer
 *fill*         0x00008044        0x4 
 .text.grid_module_po16_revb_hardware_transfer_complete_cb
                0x00008048      0x248 grid/grid_module_po16_revb.o
 .text.grid_module_po16_revb_hardware_init
                0x00008290       0x48 grid/grid_module_po16_revb.o
                0x00008290                grid_module_po16_revb_hardware_init
 .text.grid_module_po16_revb_init
                0x000082d8      0x11c grid/grid_module_po16_revb.o
                0x000082d8                grid_module_po16_revb_init
 .text.gpio_set_pin_pull_mode.constprop.3
                0x000083f4       0x28 grid/grid_sys.o
 .text.grid_task_enter_task
                0x0000841c        0x8 grid/grid_sys.o
                0x0000841c                grid_task_enter_task
 .text.grid_task_timer_tick
                0x00008424        0xe grid/grid_sys.o
                0x00008424                grid_task_timer_tick
 .text.grid_task_timer_reset
                0x00008432       0x10 grid/grid_sys.o
                0x00008432                grid_task_timer_reset
 .text.grid_task_timer_read
                0x00008442        0x8 grid/grid_sys.o
                0x00008442                grid_task_timer_read
 *fill*         0x0000844a        0x2 
 .text.grid_sys_store_bank_settings
                0x0000844c      0x198 grid/grid_sys.o
                0x0000844c                grid_sys_store_bank_settings
 .text.grid_sys_load_bank_settings
                0x000085e4       0x6c grid/grid_sys.o
                0x000085e4                grid_sys_load_bank_settings
 .text.grid_sys_clear_bank_settings
                0x00008650       0x18 grid/grid_sys.o
                0x00008650                grid_sys_clear_bank_settings
 .text.grid_debug_print_text
                0x00008668      0x130 grid/grid_sys.o
                0x00008668                grid_debug_print_text
 .text.tx_cb_USART_GRID
                0x00008798       0x1a grid/grid_sys.o
                0x00008798                tx_cb_USART_GRID
 *fill*         0x000087b2        0x2 
 .text.tx_cb_USART_GRID_W
                0x000087b4       0x10 grid/grid_sys.o
 .text.tx_cb_USART_GRID_S
                0x000087c4       0x10 grid/grid_sys.o
 .text.tx_cb_USART_GRID_E
                0x000087d4       0x10 grid/grid_sys.o
 .text.tx_cb_USART_GRID_N
                0x000087e4       0x10 grid/grid_sys.o
 .text.err_cb_USART_GRID
                0x000087f4       0x10 grid/grid_sys.o
                0x000087f4                err_cb_USART_GRID
 .text.err_cb_USART_GRID_W
                0x00008804       0x10 grid/grid_sys.o
 .text.err_cb_USART_GRID_S
                0x00008814       0x10 grid/grid_sys.o
 .text.err_cb_USART_GRID_E
                0x00008824       0x10 grid/grid_sys.o
 .text.err_cb_USART_GRID_N
                0x00008834       0x10 grid/grid_sys.o
 .text.grid_sys_port_reset_dma
                0x00008844       0x20 grid/grid_sys.o
                0x00008844                grid_sys_port_reset_dma
 .text.dma_transfer_complete_n_cb
                0x00008864       0x10 grid/grid_sys.o
                0x00008864                dma_transfer_complete_n_cb
 .text.dma_transfer_complete_e_cb
                0x00008874       0x10 grid/grid_sys.o
                0x00008874                dma_transfer_complete_e_cb
 .text.dma_transfer_complete_s_cb
                0x00008884       0x10 grid/grid_sys.o
                0x00008884                dma_transfer_complete_s_cb
 .text.dma_transfer_complete_w_cb
                0x00008894       0x10 grid/grid_sys.o
                0x00008894                dma_transfer_complete_w_cb
 .text.grid_sys_uart_init
                0x000088a4      0x104 grid/grid_sys.o
                0x000088a4                grid_sys_uart_init
 .text.grid_sys_dma_rx_init_one
                0x000089a8       0x64 grid/grid_sys.o
                0x000089a8                grid_sys_dma_rx_init_one
 .text.grid_sys_dma_rx_init
                0x00008a0c       0x6c grid/grid_sys.o
                0x00008a0c                grid_sys_dma_rx_init
 .text.grid_sys_init
                0x00008a78       0x70 grid/grid_sys.o
                0x00008a78                grid_sys_init
 .text.grid_sys_bank_enable
                0x00008ae8        0xc grid/grid_sys.o
                0x00008ae8                grid_sys_bank_enable
 .text.grid_sys_bank_disable
                0x00008af4        0xc grid/grid_sys.o
                0x00008af4                grid_sys_bank_disable
 .text.grid_sys_bank_set_color
                0x00008b00       0x16 grid/grid_sys.o
                0x00008b00                grid_sys_bank_set_color
 .text.grid_sys_get_bank_num
                0x00008b16        0x4 grid/grid_sys.o
                0x00008b16                grid_sys_get_bank_num
 .text.grid_sys_get_bank_valid
                0x00008b1a        0x4 grid/grid_sys.o
                0x00008b1a                grid_sys_get_bank_valid
 .text.grid_sys_get_bank_red
                0x00008b1e        0x4 grid/grid_sys.o
                0x00008b1e                grid_sys_get_bank_red
 .text.grid_sys_get_bank_gre
                0x00008b22        0x4 grid/grid_sys.o
                0x00008b22                grid_sys_get_bank_gre
 .text.grid_sys_get_bank_blu
                0x00008b26        0x6 grid/grid_sys.o
                0x00008b26                grid_sys_get_bank_blu
 .text.grid_sys_get_bank_next
                0x00008b2c       0x24 grid/grid_sys.o
                0x00008b2c                grid_sys_get_bank_next
 .text.grid_sys_get_bank_number_of_first_valid
                0x00008b50       0x1a grid/grid_sys.o
                0x00008b50                grid_sys_get_bank_number_of_first_valid
 .text.grid_sys_set_bank
                0x00008b6a       0x3c grid/grid_sys.o
                0x00008b6a                grid_sys_set_bank
 .text.grid_sys_rtc_get_time
                0x00008ba6        0x4 grid/grid_sys.o
                0x00008ba6                grid_sys_rtc_get_time
 .text.grid_sys_rtc_get_elapsed_time
                0x00008baa        0x6 grid/grid_sys.o
                0x00008baa                grid_sys_rtc_get_elapsed_time
 .text.grid_sys_rtc_tick_time
                0x00008bb0        0x8 grid/grid_sys.o
                0x00008bb0                grid_sys_rtc_tick_time
 .text.grid_sys_alert_read_color_changed_flag
                0x00008bb8        0x4 grid/grid_sys.o
                0x00008bb8                grid_sys_alert_read_color_changed_flag
 .text.grid_sys_alert_clear_color_changed_flag
                0x00008bbc        0x6 grid/grid_sys.o
                0x00008bbc                grid_sys_alert_clear_color_changed_flag
 .text.grid_sys_alert_get_color_intensity
                0x00008bc2       0x42 grid/grid_sys.o
                0x00008bc2                grid_sys_alert_get_color_intensity
 .text.grid_sys_alert_set_alert
                0x00008c04       0x1a grid/grid_sys.o
                0x00008c04                grid_sys_alert_set_alert
 .text.grid_sys_alert_get_color_r
                0x00008c1e        0x4 grid/grid_sys.o
                0x00008c1e                grid_sys_alert_get_color_r
 .text.grid_sys_alert_get_color_g
                0x00008c22        0x4 grid/grid_sys.o
                0x00008c22                grid_sys_alert_get_color_g
 .text.grid_sys_alert_get_color_b
                0x00008c26        0x4 grid/grid_sys.o
                0x00008c26                grid_sys_alert_get_color_b
 .text.grid_sys_read_hex_char_value
                0x00008c2a       0x28 grid/grid_sys.o
                0x00008c2a                grid_sys_read_hex_char_value
 *fill*         0x00008c52        0x2 
 .text.grid_sys_read_hex_string_value
                0x00008c54       0x30 grid/grid_sys.o
                0x00008c54                grid_sys_read_hex_string_value
 .text.grid_sys_write_hex_string_value
                0x00008c84       0x34 grid/grid_sys.o
                0x00008c84                grid_sys_write_hex_string_value
 .text.grid_sys_get_hwcfg
                0x00008cb8       0xe4 grid/grid_sys.o
                0x00008cb8                grid_sys_get_hwcfg
 .text.grid_msg_calculate_checksum_of_packet_string
                0x00008d9c       0x1a grid/grid_sys.o
                0x00008d9c                grid_msg_calculate_checksum_of_packet_string
 *fill*         0x00008db6        0x2 
 .text.grid_msg_checksum_read
                0x00008db8       0x1c grid/grid_sys.o
                0x00008db8                grid_msg_checksum_read
 .text.grid_msg_checksum_write
                0x00008dd4       0x10 grid/grid_sys.o
                0x00008dd4                grid_msg_checksum_write
 .text.grid_msg_get_parameter
                0x00008de4       0x18 grid/grid_sys.o
                0x00008de4                grid_msg_get_parameter
 .text.grid_msg_set_parameter
                0x00008dfc       0x14 grid/grid_sys.o
                0x00008dfc                grid_msg_set_parameter
 .text.grid_msg_find_recent
                0x00008e10       0x1a grid/grid_sys.o
                0x00008e10                grid_msg_find_recent
 .text.grid_msg_push_recent
                0x00008e2a       0x16 grid/grid_sys.o
                0x00008e2a                grid_msg_push_recent
 .text.grid_ui_model_init
                0x00008e40       0x34 grid/grid_ui.o
                0x00008e40                grid_ui_model_init
 .text.grid_ui_bank_init
                0x00008e74       0x40 grid/grid_ui.o
                0x00008e74                grid_ui_bank_init
 .text.grid_ui_event_init
                0x00008eb4       0x84 grid/grid_ui.o
                0x00008eb4                grid_ui_event_init
 .text.grid_ui_element_init
                0x00008f38      0x104 grid/grid_ui.o
                0x00008f38                grid_ui_element_init
 .text.grid_ui_event_find
                0x0000903c       0x28 grid/grid_ui.o
                0x0000903c                grid_ui_event_find
 .text.grid_ui_event_trigger
                0x00009064       0x12 grid/grid_ui.o
                0x00009064                grid_ui_event_trigger
 .text.grid_ui_event_render_action
                0x00009076       0x34 grid/grid_ui.o
                0x00009076                grid_ui_event_render_action
 *fill*         0x000090aa        0x2 
 .text.grid_port_process_ui
                0x000090ac      0x558 grid/grid_ui.o
                0x000090ac                grid_port_process_ui
 .text.grid_ui_event_template_action
                0x00009604      0x1d8 grid/grid_ui.o
                0x00009604                grid_ui_event_template_action
 .text.grid_ui_smart_trigger
                0x000097dc       0x50 grid/grid_ui.o
                0x000097dc                grid_ui_smart_trigger
 .text.grid_ui_event_register_eventstring
                0x0000982c      0x15c grid/grid_ui.o
                0x0000982c                grid_ui_event_register_eventstring
 .text.grid_ui_event_generate_eventstring
                0x00009988       0xdc grid/grid_ui.o
                0x00009988                grid_ui_event_generate_eventstring
 .text.grid_ui_event_register_actionstring
                0x00009a64      0x128 grid/grid_ui.o
                0x00009a64                grid_ui_event_register_actionstring
 .text.grid_usb_serial_bulkin_cb
                0x00009b8c        0x4 grid/grid_usb.o
 .text.grid_usb_serial_statechange_cb
                0x00009b90       0x28 grid/grid_usb.o
 .text.grid_usb_midi_bulkin_cb
                0x00009bb8       0x28 grid/grid_usb.o
 .text.grid_usb_midi_bulkout_cb
                0x00009be0       0x28 grid/grid_usb.o
 .text.grid_usb_serial_bulkout_cb
                0x00009c08        0x4 grid/grid_usb.o
 .text.grid_usb_serial_init
                0x00009c0c       0x10 grid/grid_usb.o
                0x00009c0c                grid_usb_serial_init
 .text.grid_usb_midi_init
                0x00009c1c       0x24 grid/grid_usb.o
                0x00009c1c                grid_usb_midi_init
 .text.adc_async_window_threshold_reached
                0x00009c40        0x8 hal/src/hal_adc_async.o
 .text.adc_async_error_occured
                0x00009c48        0x8 hal/src/hal_adc_async.o
 .text.adc_async_channel_conversion_done
                0x00009c50       0x68 hal/src/hal_adc_async.o
 .text.adc_async_init
                0x00009cb8       0x4c hal/src/hal_adc_async.o
                0x00009cb8                adc_async_init
 .text.adc_async_register_channel_buffer
                0x00009d04       0x6c hal/src/hal_adc_async.o
                0x00009d04                adc_async_register_channel_buffer
 .text.adc_async_enable_channel
                0x00009d70       0x10 hal/src/hal_adc_async.o
                0x00009d70                adc_async_enable_channel
 .text.adc_async_register_callback
                0x00009d80       0x3c hal/src/hal_adc_async.o
                0x00009d80                adc_async_register_callback
 .text.adc_async_read_channel
                0x00009dbc       0x74 hal/src/hal_adc_async.o
                0x00009dbc                adc_async_read_channel
 .text.adc_async_start_conversion
                0x00009e30       0x10 hal/src/hal_adc_async.o
                0x00009e30                adc_async_start_conversion
 .text.atomic_enter_critical
                0x00009e40        0xe hal/src/hal_atomic.o
                0x00009e40                atomic_enter_critical
 .text.atomic_leave_critical
                0x00009e4e        0xc hal/src/hal_atomic.o
                0x00009e4e                atomic_leave_critical
 *fill*         0x00009e5a        0x2 
 .text.crc_sync_init
                0x00009e5c        0x8 hal/src/hal_crc_sync.o
                0x00009e5c                crc_sync_init
 .text.delay_init
                0x00009e64       0x10 hal/src/hal_delay.o
                0x00009e64                delay_init
 .text.delay_us
                0x00009e74       0x24 hal/src/hal_delay.o
                0x00009e74                delay_us
 .text.delay_ms
                0x00009e98       0x24 hal/src/hal_delay.o
                0x00009e98                delay_ms
 .text.event_system_init
                0x00009ebc        0x8 hal/src/hal_evsys.o
                0x00009ebc                event_system_init
 .text.flash_ready
                0x00009ec4        0x8 hal/src/hal_flash.o
 .text.flash_error
                0x00009ecc        0x8 hal/src/hal_flash.o
 .text.flash_init
                0x00009ed4       0x20 hal/src/hal_flash.o
                0x00009ed4                flash_init
 .text.flash_read
                0x00009ef4       0x4c hal/src/hal_flash.o
                0x00009ef4                flash_read
 .text.flash_write
                0x00009f40       0x64 hal/src/hal_flash.o
                0x00009f40                flash_write
 .text.flash_erase
                0x00009fa4       0x60 hal/src/hal_flash.o
                0x00009fa4                flash_erase
 .text.i2c_m_async_write
                0x0000a004       0x2c hal/src/hal_i2c_m_async.o
 .text.i2c_m_async_read
                0x0000a030       0x2c hal/src/hal_i2c_m_async.o
 .text.i2c_tx_complete
                0x0000a05c        0xe hal/src/hal_i2c_m_async.o
 .text.i2c_rx_complete
                0x0000a06a        0xe hal/src/hal_i2c_m_async.o
 .text.i2c_error
                0x0000a078        0xe hal/src/hal_i2c_m_async.o
 *fill*         0x0000a086        0x2 
 .text.i2c_m_async_init
                0x0000a088       0x50 hal/src/hal_i2c_m_async.o
                0x0000a088                i2c_m_async_init
 .text.io_write
                0x0000a0d8        0x4 hal/src/hal_io.o
                0x0000a0d8                io_write
 .text.io_read  0x0000a0dc        0x4 hal/src/hal_io.o
                0x0000a0dc                io_read
 .text.qspi_dma_init
                0x0000a0e0        0x8 hal/src/hal_qspi_dma.o
                0x0000a0e0                qspi_dma_init
 .text._spi_m_async_io_write
                0x0000a0e8       0x20 hal/src/hal_spi_m_async.o
 .text._spi_m_async_io_read
                0x0000a108       0x34 hal/src/hal_spi_m_async.o
 .text._spi_dev_error
                0x0000a13c       0x40 hal/src/hal_spi_m_async.o
 .text._spi_dev_complete
                0x0000a17c       0x2c hal/src/hal_spi_m_async.o
 .text._spi_dev_rx
                0x0000a1a8       0x7c hal/src/hal_spi_m_async.o
 .text._spi_dev_tx
                0x0000a224       0x48 hal/src/hal_spi_m_async.o
 .text.spi_m_async_init
                0x0000a26c       0x64 hal/src/hal_spi_m_async.o
                0x0000a26c                spi_m_async_init
 .text.spi_m_async_enable
                0x0000a2d0        0xc hal/src/hal_spi_m_async.o
                0x0000a2d0                spi_m_async_enable
 .text.spi_m_async_set_baudrate
                0x0000a2dc       0x18 hal/src/hal_spi_m_async.o
                0x0000a2dc                spi_m_async_set_baudrate
 .text.spi_m_async_set_mode
                0x0000a2f4       0x18 hal/src/hal_spi_m_async.o
                0x0000a2f4                spi_m_async_set_mode
 .text.spi_m_async_transfer
                0x0000a30c       0x48 hal/src/hal_spi_m_async.o
                0x0000a30c                spi_m_async_transfer
 .text.spi_m_async_register_callback
                0x0000a354       0x1c hal/src/hal_spi_m_async.o
                0x0000a354                spi_m_async_register_callback
 .text.spi_m_async_get_io_descriptor
                0x0000a370        0x8 hal/src/hal_spi_m_async.o
                0x0000a370                spi_m_async_get_io_descriptor
 .text._spi_m_dma_io_write
                0x0000a378       0x18 hal/src/hal_spi_m_dma.o
 .text._spi_m_dma_io_read
                0x0000a390       0x18 hal/src/hal_spi_m_dma.o
 .text.spi_m_dma_init
                0x0000a3a8       0x24 hal/src/hal_spi_m_dma.o
                0x0000a3a8                spi_m_dma_init
 .text.spi_m_dma_enable
                0x0000a3cc        0xc hal/src/hal_spi_m_dma.o
                0x0000a3cc                spi_m_dma_enable
 .text.spi_m_dma_register_callback
                0x0000a3d8        0xc hal/src/hal_spi_m_dma.o
                0x0000a3d8                spi_m_dma_register_callback
 .text.spi_m_dma_get_io_descriptor
                0x0000a3e4        0x8 hal/src/hal_spi_m_dma.o
                0x0000a3e4                spi_m_dma_get_io_descriptor
 .text.timer_add_timer_task
                0x0000a3ec       0x4c hal/src/hal_timer.o
 .text.timer_process_counted
                0x0000a438       0x6c hal/src/hal_timer.o
 .text.timer_init
                0x0000a4a4       0x1c hal/src/hal_timer.o
                0x0000a4a4                timer_init
 .text.timer_start
                0x0000a4c0       0x24 hal/src/hal_timer.o
                0x0000a4c0                timer_start
 .text.timer_add_task
                0x0000a4e4       0x78 hal/src/hal_timer.o
                0x0000a4e4                timer_add_task
 .text.usart_transmission_complete
                0x0000a55c       0x10 hal/src/hal_usart_async.o
 .text.usart_error
                0x0000a56c       0x10 hal/src/hal_usart_async.o
 .text.usart_fill_rx_buffer
                0x0000a57c       0x20 hal/src/hal_usart_async.o
 .text.usart_async_write
                0x0000a59c       0x34 hal/src/hal_usart_async.o
 .text.usart_process_byte_sent
                0x0000a5d0       0x34 hal/src/hal_usart_async.o
 .text.usart_async_read
                0x0000a604       0x54 hal/src/hal_usart_async.o
 .text.usart_async_init
                0x0000a658       0x60 hal/src/hal_usart_async.o
                0x0000a658                usart_async_init
 .text.usart_async_enable
                0x0000a6b8       0x10 hal/src/hal_usart_async.o
                0x0000a6b8                usart_async_enable
 .text.usart_async_disable
                0x0000a6c8       0x10 hal/src/hal_usart_async.o
                0x0000a6c8                usart_async_disable
 .text.usart_async_get_io_descriptor
                0x0000a6d8        0x6 hal/src/hal_usart_async.o
                0x0000a6d8                usart_async_get_io_descriptor
 *fill*         0x0000a6de        0x2 
 .text.usart_async_register_callback
                0x0000a6e0       0x44 hal/src/hal_usart_async.o
                0x0000a6e0                usart_async_register_callback
 .text.usart_async_set_parity
                0x0000a724       0x10 hal/src/hal_usart_async.o
                0x0000a724                usart_async_set_parity
 .text.usart_sync_write
                0x0000a734       0x50 hal/src/hal_usart_sync.o
 .text.usart_sync_read
                0x0000a784       0x38 hal/src/hal_usart_sync.o
 .text.usart_sync_init
                0x0000a7bc       0x24 hal/src/hal_usart_sync.o
                0x0000a7bc                usart_sync_init
 .text.usart_sync_enable
                0x0000a7e0       0x10 hal/src/hal_usart_sync.o
                0x0000a7e0                usart_sync_enable
 .text._usb_d_find_ep
                0x0000a7f0       0x30 hal/src/hal_usb_device.o
 .text.usb_d_dummy_cb_false
                0x0000a820        0x4 hal/src/hal_usb_device.o
 .text.usb_d_cb_trans_more
                0x0000a824       0x30 hal/src/hal_usb_device.o
 .text._usb_d_cb_trans_done
                0x0000a854      0x108 hal/src/hal_usb_device.o
 .text.usb_d_cb_trans_setup
                0x0000a95c       0x8c hal/src/hal_usb_device.o
 .text.usb_d_init
                0x0000a9e8       0x68 hal/src/hal_usb_device.o
                0x0000a9e8                usb_d_init
 .text.usb_d_register_callback
                0x0000aa50        0x8 hal/src/hal_usb_device.o
                0x0000aa50                usb_d_register_callback
 .text.usb_d_enable
                0x0000aa58        0x8 hal/src/hal_usb_device.o
                0x0000aa58                usb_d_enable
 .text.usb_d_attach
                0x0000aa60        0x8 hal/src/hal_usb_device.o
                0x0000aa60                usb_d_attach
 .text.usb_d_get_frame_num
                0x0000aa68        0x8 hal/src/hal_usb_device.o
                0x0000aa68                usb_d_get_frame_num
 .text.usb_d_set_address
                0x0000aa70        0x8 hal/src/hal_usb_device.o
                0x0000aa70                usb_d_set_address
 .text.usb_d_ep_init
                0x0000aa78       0x50 hal/src/hal_usb_device.o
                0x0000aa78                usb_d_ep_init
 .text.usb_d_ep0_init
                0x0000aac8       0x10 hal/src/hal_usb_device.o
                0x0000aac8                usb_d_ep0_init
 .text.usb_d_ep_deinit
                0x0000aad8       0x2c hal/src/hal_usb_device.o
                0x0000aad8                usb_d_ep_deinit
 .text.usb_d_ep_enable
                0x0000ab04       0x40 hal/src/hal_usb_device.o
                0x0000ab04                usb_d_ep_enable
 .text.usb_d_ep_transfer
                0x0000ab44       0xf8 hal/src/hal_usb_device.o
                0x0000ab44                usb_d_ep_transfer
 .text.usb_d_ep_halt
                0x0000ac3c       0x64 hal/src/hal_usb_device.o
                0x0000ac3c                usb_d_ep_halt
 .text.usb_d_ep_register_callback
                0x0000aca0       0x4c hal/src/hal_usb_device.o
                0x0000aca0                usb_d_ep_register_callback
 .text.is_list_element
                0x0000acec        0xe hal/utils/src/utils_list.o
                0x0000acec                is_list_element
 .text.list_insert_as_head
                0x0000acfa        0x8 hal/utils/src/utils_list.o
                0x0000acfa                list_insert_as_head
 .text.list_insert_after
                0x0000ad02        0x8 hal/utils/src/utils_list.o
                0x0000ad02                list_insert_after
 .text.list_insert_at_end
                0x0000ad0a       0x18 hal/utils/src/utils_list.o
                0x0000ad0a                list_insert_at_end
 .text.list_remove_head
                0x0000ad22        0xc hal/utils/src/utils_list.o
                0x0000ad22                list_remove_head
 .text.ringbuffer_init
                0x0000ad2e       0x18 hal/utils/src/utils_ringbuffer.o
                0x0000ad2e                ringbuffer_init
 .text.ringbuffer_get
                0x0000ad46       0x22 hal/utils/src/utils_ringbuffer.o
                0x0000ad46                ringbuffer_get
 .text.ringbuffer_put
                0x0000ad68       0x26 hal/utils/src/utils_ringbuffer.o
                0x0000ad68                ringbuffer_put
 .text.ringbuffer_num
                0x0000ad8e        0x8 hal/utils/src/utils_ringbuffer.o
                0x0000ad8e                ringbuffer_num
 *fill*         0x0000ad96        0x2 
 .text._sbrk    0x0000ad98       0x1c hal/utils/src/utils_syscalls.o
                0x0000ad98                _sbrk
 .text._close   0x0000adb4        0x6 hal/utils/src/utils_syscalls.o
                0x0000adb4                _close
 .text._fstat   0x0000adba        0xa hal/utils/src/utils_syscalls.o
                0x0000adba                _fstat
 .text._isatty  0x0000adc4        0x4 hal/utils/src/utils_syscalls.o
                0x0000adc4                _isatty
 .text._lseek   0x0000adc8        0x4 hal/utils/src/utils_syscalls.o
                0x0000adc8                _lseek
 .text.__NVIC_DisableIRQ
                0x0000adcc       0x28 hpl/adc/hpl_adc.o
 .text.__NVIC_ClearPendingIRQ
                0x0000adf4       0x20 hpl/adc/hpl_adc.o
 .text.hri_adc_wait_for_sync
                0x0000ae14        0x8 hpl/adc/hpl_adc.o
 .text.hri_adc_set_CTRLA_ENABLE_bit
                0x0000ae1c       0x14 hpl/adc/hpl_adc.o
 .text.hri_adc_clear_CTRLA_ENABLE_bit
                0x0000ae30       0x18 hpl/adc/hpl_adc.o
 .text._adc_get_regs
                0x0000ae48       0x14 hpl/adc/hpl_adc.o
 .text._adc_interrupt_handler
                0x0000ae5c       0x4e hpl/adc/hpl_adc.o
 .text._adc_get_irq_num.isra.0
                0x0000aeaa       0x14 hpl/adc/hpl_adc.o
 *fill*         0x0000aebe        0x2 
 .text._adc_init
                0x0000aec0       0xc8 hpl/adc/hpl_adc.o
 .text._adc_async_init
                0x0000af88       0xb4 hpl/adc/hpl_adc.o
                0x0000af88                _adc_async_init
 .text._adc_async_enable_channel
                0x0000b03c        0xc hpl/adc/hpl_adc.o
                0x0000b03c                _adc_async_enable_channel
 .text._adc_async_get_data_size
                0x0000b048       0x12 hpl/adc/hpl_adc.o
                0x0000b048                _adc_async_get_data_size
 *fill*         0x0000b05a        0x2 
 .text._adc_async_convert
                0x0000b05c       0x18 hpl/adc/hpl_adc.o
                0x0000b05c                _adc_async_convert
 .text._adc_async_set_irq_state
                0x0000b074       0x20 hpl/adc/hpl_adc.o
                0x0000b074                _adc_async_set_irq_state
 .text.ADC0_1_Handler
                0x0000b094       0x10 hpl/adc/hpl_adc.o
                0x0000b094                ADC0_1_Handler
 .text.ADC0_0_Handler
                0x0000b0a4        0x8 hpl/adc/hpl_adc.o
                0x0000b0a4                ADC0_0_Handler
 .text.ADC1_1_Handler
                0x0000b0ac       0x10 hpl/adc/hpl_adc.o
                0x0000b0ac                ADC1_1_Handler
 .text.ADC1_0_Handler
                0x0000b0bc        0x8 hpl/adc/hpl_adc.o
                0x0000b0bc                ADC1_0_Handler
 .text._irq_set
                0x0000b0c4       0x1c hpl/core/hpl_core_m4.o
                0x0000b0c4                _irq_set
 .text._get_cycles_for_us
                0x0000b0e0        0x6 hpl/core/hpl_core_m4.o
                0x0000b0e0                _get_cycles_for_us
 *fill*         0x0000b0e6        0x2 
 .text._get_cycles_for_ms
                0x0000b0e8        0xc hpl/core/hpl_core_m4.o
                0x0000b0e8                _get_cycles_for_ms
 .text._init_chip
                0x0000b0f4       0x5c hpl/core/hpl_init.o
                0x0000b0f4                _init_chip
 .text._dmac_handler
                0x0000b150       0x50 hpl/dmac/hpl_dmac.o
 .text._dma_init
                0x0000b1a0       0xd0 hpl/dmac/hpl_dmac.o
                0x0000b1a0                _dma_init
 .text._dma_set_irq_state
                0x0000b270       0x28 hpl/dmac/hpl_dmac.o
                0x0000b270                _dma_set_irq_state
 .text._dma_set_destination_address
                0x0000b298       0x10 hpl/dmac/hpl_dmac.o
                0x0000b298                _dma_set_destination_address
 .text._dma_set_source_address
                0x0000b2a8       0x10 hpl/dmac/hpl_dmac.o
                0x0000b2a8                _dma_set_source_address
 .text._dma_srcinc_enable
                0x0000b2b8       0x1c hpl/dmac/hpl_dmac.o
                0x0000b2b8                _dma_srcinc_enable
 .text._dma_set_data_amount
                0x0000b2d4       0x44 hpl/dmac/hpl_dmac.o
                0x0000b2d4                _dma_set_data_amount
 .text._dma_enable_transaction
                0x0000b318       0x3c hpl/dmac/hpl_dmac.o
                0x0000b318                _dma_enable_transaction
 .text._dma_get_channel_resource
                0x0000b354       0x14 hpl/dmac/hpl_dmac.o
                0x0000b354                _dma_get_channel_resource
 .text.DMAC_0_Handler
                0x0000b368        0x8 hpl/dmac/hpl_dmac.o
                0x0000b368                DMAC_0_Handler
 .text.DMAC_1_Handler
                0x0000b370        0x8 hpl/dmac/hpl_dmac.o
                0x0000b370                DMAC_1_Handler
 .text.DMAC_2_Handler
                0x0000b378        0x8 hpl/dmac/hpl_dmac.o
                0x0000b378                DMAC_2_Handler
 .text.DMAC_3_Handler
                0x0000b380        0x8 hpl/dmac/hpl_dmac.o
                0x0000b380                DMAC_3_Handler
 .text.DMAC_4_Handler
                0x0000b388        0x8 hpl/dmac/hpl_dmac.o
                0x0000b388                DMAC_4_Handler
 .text._crc_sync_init
                0x0000b390        0x6 hpl/dsu/hpl_dsu.o
                0x0000b390                _crc_sync_init
 *fill*         0x0000b396        0x2 
 .text._event_system_init
                0x0000b398       0x58 hpl/evsys/hpl_evsys.o
                0x0000b398                _event_system_init
 .text.hri_gclk_wait_for_sync.constprop.0
                0x0000b3f0       0x14 hpl/gclk/hpl_gclk.o
 .text._gclk_init_generators_by_fref
                0x0000b404       0x58 hpl/gclk/hpl_gclk.o
                0x0000b404                _gclk_init_generators_by_fref
 .text._mclk_init
                0x0000b45c        0xc hpl/mclk/hpl_mclk.o
                0x0000b45c                _mclk_init
 .text._flash_program
                0x0000b468       0x3c hpl/nvmctrl/hpl_nvmctrl.o
 .text._user_row_write_exec
                0x0000b4a4       0x88 hpl/nvmctrl/hpl_nvmctrl.o
 .text._flash_init
                0x0000b52c       0x4c hpl/nvmctrl/hpl_nvmctrl.o
                0x0000b52c                _flash_init
 .text._flash_get_page_size
                0x0000b578        0x6 hpl/nvmctrl/hpl_nvmctrl.o
                0x0000b578                _flash_get_page_size
 .text._flash_get_total_pages
                0x0000b57e        0x8 hpl/nvmctrl/hpl_nvmctrl.o
                0x0000b57e                _flash_get_total_pages
 .text._flash_read
                0x0000b586       0x1e hpl/nvmctrl/hpl_nvmctrl.o
                0x0000b586                _flash_read
 .text._flash_write
                0x0000b5a4       0xd0 hpl/nvmctrl/hpl_nvmctrl.o
                0x0000b5a4                _flash_write
 .text._flash_erase
                0x0000b674       0xa8 hpl/nvmctrl/hpl_nvmctrl.o
                0x0000b674                _flash_erase
 .text._flash_is_locked
                0x0000b71c       0x18 hpl/nvmctrl/hpl_nvmctrl.o
                0x0000b71c                _flash_is_locked
 .text.NVMCTRL_1_Handler
                0x0000b734       0x2c hpl/nvmctrl/hpl_nvmctrl.o
                0x0000b734                NVMCTRL_1_Handler
 .text.NVMCTRL_0_Handler
                0x0000b760        0x8 hpl/nvmctrl/hpl_nvmctrl.o
                0x0000b760                NVMCTRL_0_Handler
 .text._user_area_read
                0x0000b768       0x60 hpl/nvmctrl/hpl_nvmctrl.o
                0x0000b768                _user_area_read
 .text._user_area_write
                0x0000b7c8       0x78 hpl/nvmctrl/hpl_nvmctrl.o
                0x0000b7c8                _user_area_write
 .text._osc32kctrl_init_sources
                0x0000b840       0x14 hpl/osc32kctrl/hpl_osc32kctrl.o
                0x0000b840                _osc32kctrl_init_sources
 .text._oscctrl_init_sources
                0x0000b854        0x2 hpl/oscctrl/hpl_oscctrl.o
                0x0000b854                _oscctrl_init_sources
 *fill*         0x0000b856        0x2 
 .text._oscctrl_init_referenced_generators
                0x0000b858       0xfc hpl/oscctrl/hpl_oscctrl.o
                0x0000b858                _oscctrl_init_referenced_generators
 .text._qspi_dma_tx_complete
                0x0000b954       0x14 hpl/qspi/hpl_qspi.o
 .text._qspi_dma_rx_complete
                0x0000b968        0x8 hpl/qspi/hpl_qspi.o
 .text._qspi_dma_error_occured
                0x0000b970        0xa hpl/qspi/hpl_qspi.o
 *fill*         0x0000b97a        0x2 
 .text._qspi_dma_init
                0x0000b97c       0x58 hpl/qspi/hpl_qspi.o
                0x0000b97c                _qspi_dma_init
 .text.RAMECC_Handler
                0x0000b9d4       0x3c hpl/ramecc/hpl_ramecc.o
                0x0000b9d4                RAMECC_Handler
 .text.hri_rtcmode0_wait_for_sync
                0x0000ba10        0x8 hpl/rtc/hpl_rtc.o
 .text._rtc_timer_stop
                0x0000ba18       0x1c hpl/rtc/hpl_rtc.o
                0x0000ba18                _rtc_timer_stop
 .text._rtc_timer_set_period
                0x0000ba34       0x10 hpl/rtc/hpl_rtc.o
                0x0000ba34                _rtc_timer_set_period
 .text._rtc_timer_get_period
                0x0000ba44       0x14 hpl/rtc/hpl_rtc.o
                0x0000ba44                _rtc_timer_get_period
 .text._rtc_timer_is_started
                0x0000ba58       0x1c hpl/rtc/hpl_rtc.o
                0x0000ba58                _rtc_timer_is_started
 .text._rtc_timer_set_irq
                0x0000ba74        0x2 hpl/rtc/hpl_rtc.o
                0x0000ba74                _rtc_timer_set_irq
 *fill*         0x0000ba76        0x2 
 .text._rtc_timer_start
                0x0000ba78       0x3c hpl/rtc/hpl_rtc.o
                0x0000ba78                _rtc_timer_start
 .text._rtc_timer_deinit
                0x0000bab4       0x28 hpl/rtc/hpl_rtc.o
                0x0000bab4                _rtc_timer_deinit
 .text._rtc_timer_init
                0x0000badc       0x48 hpl/rtc/hpl_rtc.o
                0x0000badc                _rtc_timer_init
 .text._rtc_get_timer
                0x0000bb24        0x8 hpl/rtc/hpl_rtc.o
                0x0000bb24                _rtc_get_timer
 .text.RTC_Handler
                0x0000bb2c       0x24 hpl/rtc/hpl_rtc.o
                0x0000bb2c                RTC_Handler
 .text.__NVIC_EnableIRQ
                0x0000bb50       0x1c hpl/sercom/hpl_sercom.o
 .text.__NVIC_DisableIRQ
                0x0000bb6c       0x28 hpl/sercom/hpl_sercom.o
 .text.__NVIC_ClearPendingIRQ
                0x0000bb94       0x20 hpl/sercom/hpl_sercom.o
 .text.hri_sercomi2cm_wait_for_sync
                0x0000bbb4        0x8 hpl/sercom/hpl_sercom.o
 .text.hri_sercomspi_wait_for_sync
                0x0000bbbc        0x8 hpl/sercom/hpl_sercom.o
 .text.hri_sercomusart_wait_for_sync
                0x0000bbc4        0x8 hpl/sercom/hpl_sercom.o
 .text.hri_sercomi2cm_clear_CTRLA_ENABLE_bit
                0x0000bbcc       0x14 hpl/sercom/hpl_sercom.o
 .text.hri_sercomspi_clear_CTRLA_ENABLE_bit
                0x0000bbe0       0x14 hpl/sercom/hpl_sercom.o
 .text.hri_sercomusart_get_CTRLA_ENABLE_bit
                0x0000bbf4       0x14 hpl/sercom/hpl_sercom.o
 .text.hri_sercomusart_write_CTRLA_ENABLE_bit
                0x0000bc08       0x18 hpl/sercom/hpl_sercom.o
 .text.hri_sercomusart_clear_CTRLA_ENABLE_bit
                0x0000bc20       0x14 hpl/sercom/hpl_sercom.o
 .text._sercom_get_hardware_index
                0x0000bc34       0x34 hpl/sercom/hpl_sercom.o
 .text._sercom_usart_interrupt_handler
                0x0000bc68       0x70 hpl/sercom/hpl_sercom.o
 .text._sercom_init_irq_param
                0x0000bcd8       0x60 hpl/sercom/hpl_sercom.o
 .text._get_i2cm_index
                0x0000bd38       0x14 hpl/sercom/hpl_sercom.o
 .text._sercom_get_irq_num
                0x0000bd4c       0x14 hpl/sercom/hpl_sercom.o
 .text._spi_sync_enable
                0x0000bd60       0x28 hpl/sercom/hpl_sercom.o
 .text._spi_get_regs
                0x0000bd88       0x2c hpl/sercom/hpl_sercom.o
 .text._spi_get_tx_dma_channel
                0x0000bdb4       0x14 hpl/sercom/hpl_sercom.o
 .text._spi_get_rx_dma_channel
                0x0000bdc8       0x14 hpl/sercom/hpl_sercom.o
 .text._spi_dma_rx_complete
                0x0000bddc        0xa hpl/sercom/hpl_sercom.o
 .text._spi_dma_tx_complete
                0x0000bde6        0xa hpl/sercom/hpl_sercom.o
 .text._spi_dma_error_occured
                0x0000bdf0        0xa hpl/sercom/hpl_sercom.o
 *fill*         0x0000bdfa        0x2 
 .text._usart_set_parity
                0x0000bdfc       0x78 hpl/sercom/hpl_sercom.o
 .text._sercom_i2c_send_stop
                0x0000be74       0x14 hpl/sercom/hpl_sercom.o
 .text._sercom_i2c_sync_analyse_flags
                0x0000be88      0x16c hpl/sercom/hpl_sercom.o
 .text._spi_load_regs_master
                0x0000bff4       0x3c hpl/sercom/hpl_sercom.o
 .text._spi_set_mode
                0x0000c030       0x34 hpl/sercom/hpl_sercom.o
 .text._i2c_m_sync_init_impl
                0x0000c064       0xb0 hpl/sercom/hpl_sercom.o
 .text._usart_init
                0x0000c114       0xdc hpl/sercom/hpl_sercom.o
 .text._usart_sync_init
                0x0000c1f0        0xc hpl/sercom/hpl_sercom.o
                0x0000c1f0                _usart_sync_init
 .text._usart_async_init
                0x0000c1fc       0x64 hpl/sercom/hpl_sercom.o
                0x0000c1fc                _usart_async_init
 .text._usart_sync_enable
                0x0000c260       0x14 hpl/sercom/hpl_sercom.o
                0x0000c260                _usart_sync_enable
 .text._usart_async_enable
                0x0000c274       0x14 hpl/sercom/hpl_sercom.o
                0x0000c274                _usart_async_enable
 .text._usart_async_disable
                0x0000c288        0xc hpl/sercom/hpl_sercom.o
                0x0000c288                _usart_async_disable
 .text._usart_async_set_parity
                0x0000c294        0xc hpl/sercom/hpl_sercom.o
                0x0000c294                _usart_async_set_parity
 .text._usart_sync_write_byte
                0x0000c2a0        0x6 hpl/sercom/hpl_sercom.o
                0x0000c2a0                _usart_sync_write_byte
 .text._usart_async_write_byte
                0x0000c2a6        0x6 hpl/sercom/hpl_sercom.o
                0x0000c2a6                _usart_async_write_byte
 .text._usart_sync_read_byte
                0x0000c2ac        0x8 hpl/sercom/hpl_sercom.o
                0x0000c2ac                _usart_sync_read_byte
 .text._usart_sync_is_ready_to_send
                0x0000c2b4        0xa hpl/sercom/hpl_sercom.o
                0x0000c2b4                _usart_sync_is_ready_to_send
 .text._usart_sync_is_transmit_done
                0x0000c2be        0xa hpl/sercom/hpl_sercom.o
                0x0000c2be                _usart_sync_is_transmit_done
 .text._usart_sync_is_byte_received
                0x0000c2c8        0xa hpl/sercom/hpl_sercom.o
                0x0000c2c8                _usart_sync_is_byte_received
 .text._usart_async_enable_byte_sent_irq
                0x0000c2d2        0x8 hpl/sercom/hpl_sercom.o
                0x0000c2d2                _usart_async_enable_byte_sent_irq
 .text._usart_async_enable_tx_done_irq
                0x0000c2da        0x8 hpl/sercom/hpl_sercom.o
                0x0000c2da                _usart_async_enable_tx_done_irq
 .text._usart_async_set_irq_state
                0x0000c2e2       0x32 hpl/sercom/hpl_sercom.o
                0x0000c2e2                _usart_async_set_irq_state
 .text._i2c_m_async_init
                0x0000c314       0x64 hpl/sercom/hpl_sercom.o
                0x0000c314                _i2c_m_async_init
 .text._i2c_m_async_transfer
                0x0000c378       0xc0 hpl/sercom/hpl_sercom.o
                0x0000c378                _i2c_m_async_transfer
 .text._i2c_m_async_register_callback
                0x0000c438       0x1a hpl/sercom/hpl_sercom.o
                0x0000c438                _i2c_m_async_register_callback
 *fill*         0x0000c452        0x2 
 .text.SERCOM0_3_Handler
                0x0000c454       0x10 hpl/sercom/hpl_sercom.o
                0x0000c454                SERCOM0_3_Handler
 .text.SERCOM0_2_Handler
                0x0000c464        0x8 hpl/sercom/hpl_sercom.o
                0x0000c464                SERCOM0_2_Handler
 .text.SERCOM0_1_Handler
                0x0000c46c        0x8 hpl/sercom/hpl_sercom.o
                0x0000c46c                SERCOM0_1_Handler
 .text.SERCOM0_0_Handler
                0x0000c474        0x8 hpl/sercom/hpl_sercom.o
                0x0000c474                SERCOM0_0_Handler
 .text.SERCOM1_3_Handler
                0x0000c47c       0x10 hpl/sercom/hpl_sercom.o
                0x0000c47c                SERCOM1_3_Handler
 .text.SERCOM1_2_Handler
                0x0000c48c        0x8 hpl/sercom/hpl_sercom.o
                0x0000c48c                SERCOM1_2_Handler
 .text.SERCOM1_1_Handler
                0x0000c494        0x8 hpl/sercom/hpl_sercom.o
                0x0000c494                SERCOM1_1_Handler
 .text.SERCOM1_0_Handler
                0x0000c49c        0x8 hpl/sercom/hpl_sercom.o
                0x0000c49c                SERCOM1_0_Handler
 .text.SERCOM3_3_Handler
                0x0000c4a4       0x44 hpl/sercom/hpl_sercom.o
                0x0000c4a4                SERCOM3_3_Handler
 .text.SERCOM3_2_Handler
                0x0000c4e8        0x8 hpl/sercom/hpl_sercom.o
                0x0000c4e8                SERCOM3_2_Handler
 .text.SERCOM3_1_Handler
                0x0000c4f0        0x8 hpl/sercom/hpl_sercom.o
                0x0000c4f0                SERCOM3_1_Handler
 .text.SERCOM3_0_Handler
                0x0000c4f8        0x8 hpl/sercom/hpl_sercom.o
                0x0000c4f8                SERCOM3_0_Handler
 .text.SERCOM4_3_Handler
                0x0000c500       0x10 hpl/sercom/hpl_sercom.o
                0x0000c500                SERCOM4_3_Handler
 .text.SERCOM4_2_Handler
                0x0000c510        0x8 hpl/sercom/hpl_sercom.o
                0x0000c510                SERCOM4_2_Handler
 .text.SERCOM4_1_Handler
                0x0000c518        0x8 hpl/sercom/hpl_sercom.o
                0x0000c518                SERCOM4_1_Handler
 .text.SERCOM4_0_Handler
                0x0000c520        0x8 hpl/sercom/hpl_sercom.o
                0x0000c520                SERCOM4_0_Handler
 .text.SERCOM5_3_Handler
                0x0000c528       0x64 hpl/sercom/hpl_sercom.o
                0x0000c528                SERCOM5_3_Handler
 .text.SERCOM5_2_Handler
                0x0000c58c        0x8 hpl/sercom/hpl_sercom.o
                0x0000c58c                SERCOM5_2_Handler
 .text.SERCOM5_1_Handler
                0x0000c594        0x8 hpl/sercom/hpl_sercom.o
                0x0000c594                SERCOM5_1_Handler
 .text.SERCOM5_0_Handler
                0x0000c59c        0x8 hpl/sercom/hpl_sercom.o
                0x0000c59c                SERCOM5_0_Handler
 .text.SERCOM6_3_Handler
                0x0000c5a4       0x10 hpl/sercom/hpl_sercom.o
                0x0000c5a4                SERCOM6_3_Handler
 .text.SERCOM6_2_Handler
                0x0000c5b4        0x8 hpl/sercom/hpl_sercom.o
                0x0000c5b4                SERCOM6_2_Handler
 .text.SERCOM6_1_Handler
                0x0000c5bc        0x8 hpl/sercom/hpl_sercom.o
                0x0000c5bc                SERCOM6_1_Handler
 .text.SERCOM6_0_Handler
                0x0000c5c4        0x8 hpl/sercom/hpl_sercom.o
                0x0000c5c4                SERCOM6_0_Handler
 .text._spi_m_sync_init
                0x0000c5cc       0xd0 hpl/sercom/hpl_sercom.o
                0x0000c5cc                _spi_m_sync_init
 .text._spi_m_async_init
                0x0000c69c       0x58 hpl/sercom/hpl_sercom.o
                0x0000c69c                _spi_m_async_init
 .text._spi_s_async_enable
                0x0000c6f4       0x34 hpl/sercom/hpl_sercom.o
                0x0000c6f4                _spi_s_async_enable
 .text._spi_m_async_enable
                0x0000c728        0x8 hpl/sercom/hpl_sercom.o
                0x0000c728                _spi_m_async_enable
 .text._spi_s_async_set_mode
                0x0000c730        0xc hpl/sercom/hpl_sercom.o
                0x0000c730                _spi_s_async_set_mode
 .text._spi_m_async_set_mode
                0x0000c73c        0x8 hpl/sercom/hpl_sercom.o
                0x0000c73c                _spi_m_async_set_mode
 .text._spi_m_async_set_baudrate
                0x0000c744       0x14 hpl/sercom/hpl_sercom.o
                0x0000c744                _spi_m_async_set_baudrate
 .text._spi_m_async_enable_tx
                0x0000c758       0x10 hpl/sercom/hpl_sercom.o
                0x0000c758                _spi_m_async_enable_tx
 .text._spi_m_async_enable_rx
                0x0000c768       0x10 hpl/sercom/hpl_sercom.o
                0x0000c768                _spi_m_async_enable_rx
 .text._spi_m_async_enable_tx_complete
                0x0000c778       0x10 hpl/sercom/hpl_sercom.o
                0x0000c778                _spi_m_async_enable_tx_complete
 .text._spi_m_async_write_one
                0x0000c788        0x8 hpl/sercom/hpl_sercom.o
                0x0000c788                _spi_m_async_write_one
 .text._spi_m_async_read_one
                0x0000c790        0x8 hpl/sercom/hpl_sercom.o
                0x0000c790                _spi_m_async_read_one
 .text._spi_m_async_register_callback
                0x0000c798        0xa hpl/sercom/hpl_sercom.o
                0x0000c798                _spi_m_async_register_callback
 .text._spi_m_async_set_irq_state
                0x0000c7a2       0x12 hpl/sercom/hpl_sercom.o
                0x0000c7a2                _spi_m_async_set_irq_state
 .text._spi_m_dma_init
                0x0000c7b4       0xc4 hpl/sercom/hpl_sercom.o
                0x0000c7b4                _spi_m_dma_init
 .text._spi_m_dma_enable
                0x0000c878        0xc hpl/sercom/hpl_sercom.o
                0x0000c878                _spi_m_dma_enable
 .text._spi_m_dma_register_callback
                0x0000c884       0x64 hpl/sercom/hpl_sercom.o
                0x0000c884                _spi_m_dma_register_callback
 .text._spi_m_dma_transfer
                0x0000c8e8       0xf8 hpl/sercom/hpl_sercom.o
                0x0000c8e8                _spi_m_dma_transfer
 .text._delay_init
                0x0000c9e0       0x14 hpl/systick/hpl_systick.o
                0x0000c9e0                _delay_init
 .text._delay_cycles
                0x0000c9f4       0x38 hpl/systick/hpl_systick.o
                0x0000c9f4                _delay_cycles
 .text.__NVIC_DisableIRQ
                0x0000ca2c       0x28 hpl/tc/hpl_tc.o
 .text.hri_tc_wait_for_sync
                0x0000ca54        0x8 hpl/tc/hpl_tc.o
 .text._tc_timer_start
                0x0000ca5c       0x14 hpl/tc/hpl_tc.o
                0x0000ca5c                _tc_timer_start
 .text._tc_timer_get_period
                0x0000ca70       0x50 hpl/tc/hpl_tc.o
                0x0000ca70                _tc_timer_get_period
 .text._tc_timer_is_started
                0x0000cac0       0x18 hpl/tc/hpl_tc.o
                0x0000cac0                _tc_timer_is_started
 .text.tc_interrupt_handler
                0x0000cad8       0x12 hpl/tc/hpl_tc.o
 *fill*         0x0000caea        0x2 
 .text.get_tc_index
                0x0000caec       0x50 hpl/tc/hpl_tc.o
 .text._tc_timer_set_irq
                0x0000cb3c       0x28 hpl/tc/hpl_tc.o
                0x0000cb3c                _tc_timer_set_irq
 .text._tc_timer_stop
                0x0000cb64       0x14 hpl/tc/hpl_tc.o
                0x0000cb64                _tc_timer_stop
 .text._tc_timer_deinit
                0x0000cb78       0x4c hpl/tc/hpl_tc.o
                0x0000cb78                _tc_timer_deinit
 .text._tc_timer_init
                0x0000cbc4      0x150 hpl/tc/hpl_tc.o
                0x0000cbc4                _tc_timer_init
 .text._tc_timer_set_period
                0x0000cd14       0x3c hpl/tc/hpl_tc.o
                0x0000cd14                _tc_timer_set_period
 .text._tc_get_timer
                0x0000cd50        0x8 hpl/tc/hpl_tc.o
                0x0000cd50                _tc_get_timer
 .text.TC0_Handler
                0x0000cd58       0x10 hpl/tc/hpl_tc.o
                0x0000cd58                TC0_Handler
 .text.TC1_Handler
                0x0000cd68       0x10 hpl/tc/hpl_tc.o
                0x0000cd68                TC1_Handler
 .text.TC2_Handler
                0x0000cd78       0x10 hpl/tc/hpl_tc.o
                0x0000cd78                TC2_Handler
 .text.TC3_Handler
                0x0000cd88       0x10 hpl/tc/hpl_tc.o
                0x0000cd88                TC3_Handler
 .text._dummy_func_no_return
                0x0000cd98        0x4 hpl/usb/hpl_usb.o
 .text._usb_d_dev_wait_dfll_rdy
                0x0000cd9c       0x24 hpl/usb/hpl_usb.o
 .text._usb_d_dev_ept
                0x0000cdc0       0x18 hpl/usb/hpl_usb.o
 .text._usb_d_dev_handle_setup
                0x0000cdd8       0x84 hpl/usb/hpl_usb.o
 .text._usb_d_dev_handle_stall
                0x0000ce5c       0x28 hpl/usb/hpl_usb.o
 .text._usb_d_dev_trans_done
                0x0000ce84       0x24 hpl/usb/hpl_usb.o
 .text._usb_d_dev_trans_stop
                0x0000cea8       0x64 hpl/usb/hpl_usb.o
 .text._usb_d_dev_handle_trfail
                0x0000cf0c       0xec hpl/usb/hpl_usb.o
 .text._usb_d_dev_reset_epts
                0x0000cff8       0x3c hpl/usb/hpl_usb.o
 .text._usb_d_dev_in_next
                0x0000d034      0x158 hpl/usb/hpl_usb.o
 .text._usb_d_dev_out_next
                0x0000d18c      0x1ac hpl/usb/hpl_usb.o
 .text._usb_d_dev_handler
                0x0000d338      0x1dc hpl/usb/hpl_usb.o
 .text._usbd_ep_pcksize_size
                0x0000d514       0x3e hpl/usb/hpl_usb.o
 *fill*         0x0000d552        0x2 
 .text._usb_d_dev_init
                0x0000d554       0xe8 hpl/usb/hpl_usb.o
                0x0000d554                _usb_d_dev_init
 .text._usb_d_dev_enable
                0x0000d63c       0x5c hpl/usb/hpl_usb.o
                0x0000d63c                _usb_d_dev_enable
 .text._usb_d_dev_attach
                0x0000d698       0x12 hpl/usb/hpl_usb.o
                0x0000d698                _usb_d_dev_attach
 .text._usb_d_dev_set_address
                0x0000d6aa        0xc hpl/usb/hpl_usb.o
                0x0000d6aa                _usb_d_dev_set_address
 .text._usb_d_dev_get_frame_n
                0x0000d6b6        0xc hpl/usb/hpl_usb.o
                0x0000d6b6                _usb_d_dev_get_frame_n
 *fill*         0x0000d6c2        0x2 
 .text._usb_d_dev_ep_init
                0x0000d6c4       0xc0 hpl/usb/hpl_usb.o
                0x0000d6c4                _usb_d_dev_ep_init
 .text._usb_d_dev_ep_deinit
                0x0000d784       0x84 hpl/usb/hpl_usb.o
                0x0000d784                _usb_d_dev_ep_deinit
 .text._usb_d_dev_ep_enable
                0x0000d808      0x17c hpl/usb/hpl_usb.o
                0x0000d808                _usb_d_dev_ep_enable
 .text._usb_d_dev_ep_stall
                0x0000d984       0xe4 hpl/usb/hpl_usb.o
                0x0000d984                _usb_d_dev_ep_stall
 .text._usb_d_dev_ep_read_req
                0x0000da68       0x54 hpl/usb/hpl_usb.o
                0x0000da68                _usb_d_dev_ep_read_req
 .text._usb_d_dev_ep_trans
                0x0000dabc      0x108 hpl/usb/hpl_usb.o
                0x0000dabc                _usb_d_dev_ep_trans
 .text._usb_d_dev_register_callback
                0x0000dbc4       0x24 hpl/usb/hpl_usb.o
                0x0000dbc4                _usb_d_dev_register_callback
 .text._usb_d_dev_register_ep_callback
                0x0000dbe8       0x2c hpl/usb/hpl_usb.o
                0x0000dbe8                _usb_d_dev_register_ep_callback
 .text.USB_0_Handler
                0x0000dc14        0x8 hpl/usb/hpl_usb.o
                0x0000dc14                USB_0_Handler
 .text.USB_1_Handler
                0x0000dc1c        0x8 hpl/usb/hpl_usb.o
                0x0000dc1c                USB_1_Handler
 .text.USB_2_Handler
                0x0000dc24        0x8 hpl/usb/hpl_usb.o
                0x0000dc24                USB_2_Handler
 .text.USB_3_Handler
                0x0000dc2c        0x8 hpl/usb/hpl_usb.o
                0x0000dc2c                USB_3_Handler
 .text._wdt_init
                0x0000dc34       0x42 hpl/wdt/hpl_wdt.o
                0x0000dc34                _wdt_init
 *fill*         0x0000dc76        0x2 
 .text.RTC_Scheduler_ping_cb
                0x0000dc78       0x50 main.o
 .text.RTC_Scheduler_report_cb
                0x0000dcc8        0xc main.o
 .text.RTC_Scheduler_heartbeat_cb
                0x0000dcd4       0x1c main.o
 .text.RTC_Scheduler_realtime_cb
                0x0000dcf0       0x80 main.o
 .text.init_timer
                0x0000dd70       0x84 main.o
                0x0000dd70                init_timer
 .text.startup.main
                0x0000ddf4      0x4b4 main.o
                0x0000ddf4                main
 .text._read    0x0000e2a8       0x20 stdio_redirect/gcc/read.o
                0x0000e2a8                _read
 .text._write   0x0000e2c8       0x24 stdio_redirect/gcc/write.o
                0x0000e2c8                _write
 .text.stdio_io_init
                0x0000e2ec       0x2c stdio_redirect/stdio_io.o
                0x0000e2ec                stdio_io_init
 .text.stdio_io_read
                0x0000e318       0x1c stdio_redirect/stdio_io.o
                0x0000e318                stdio_io_read
 .text.stdio_io_write
                0x0000e334       0x1c stdio_redirect/stdio_io.o
                0x0000e334                stdio_io_write
 .text.stdio_redirect_init
                0x0000e350       0x20 stdio_start.o
                0x0000e350                stdio_redirect_init
 .text.cdcdf_acm_req
                0x0000e370       0xdc usb/class/cdc/device/cdcdf_acm.o
 .text.cdcdf_acm_ctrl
                0x0000e44c      0x138 usb/class/cdc/device/cdcdf_acm.o
 .text.cdcdf_acm_init
                0x0000e584       0x44 usb/class/cdc/device/cdcdf_acm.o
                0x0000e584                cdcdf_acm_init
 .text.cdcdf_acm_read
                0x0000e5c8       0x2c usb/class/cdc/device/cdcdf_acm.o
                0x0000e5c8                cdcdf_acm_read
 .text.cdcdf_acm_write
                0x0000e5f4       0x2c usb/class/cdc/device/cdcdf_acm.o
                0x0000e5f4                cdcdf_acm_write
 .text.cdcdf_acm_register_callback
                0x0000e620       0x40 usb/class/cdc/device/cdcdf_acm.o
                0x0000e620                cdcdf_acm_register_callback
 .text.hid_keyboard_req
                0x0000e660       0x88 usb/class/hid/device/hiddf_keyboard.o
 .text.hid_keyboard_ctrl
                0x0000e6e8      0x110 usb/class/hid/device/hiddf_keyboard.o
 .text.hiddf_keyboard_init
                0x0000e7f8       0x44 usb/class/hid/device/hiddf_keyboard.o
                0x0000e7f8                hiddf_keyboard_init
 .text.hiddf_keyboard_keys_state_change
                0x0000e83c       0x8c usb/class/hid/device/hiddf_keyboard.o
                0x0000e83c                hiddf_keyboard_keys_state_change
 .text.hid_mouse_req
                0x0000e8c8       0x88 usb/class/hid/device/hiddf_mouse.o
 .text.hid_mouse_ctrl
                0x0000e950       0xe4 usb/class/hid/device/hiddf_mouse.o
 .text.hiddf_mouse_init
                0x0000ea34       0x44 usb/class/hid/device/hiddf_mouse.o
                0x0000ea34                hiddf_mouse_init
 .text.hiddf_mouse_move
                0x0000ea78       0x48 usb/class/hid/device/hiddf_mouse.o
                0x0000ea78                hiddf_mouse_move
 .text.audio_midi_req
                0x0000eac0       0x78 usb/class/midi/device/audiodf_midi.o
 .text.audio_midi_ctrl
                0x0000eb38      0x180 usb/class/midi/device/audiodf_midi.o
 .text.audiodf_midi_init
                0x0000ecb8       0x44 usb/class/midi/device/audiodf_midi.o
                0x0000ecb8                audiodf_midi_init
 .text.audiodf_midi_write
                0x0000ecfc       0x28 usb/class/midi/device/audiodf_midi.o
                0x0000ecfc                audiodf_midi_write
 .text.audiodf_midi_read
                0x0000ed24       0x20 usb/class/midi/device/audiodf_midi.o
                0x0000ed24                audiodf_midi_read
 .text.audiodf_midi_register_callback
                0x0000ed44       0x30 usb/class/midi/device/audiodf_midi.o
                0x0000ed44                audiodf_midi_register_callback
 .text.usbdc_unconfig
                0x0000ed74       0x1c usb/device/usbdc.o
 .text.usbdc_change_notify
                0x0000ed90       0x20 usb/device/usbdc.o
 .text.usbdc_request_handler
                0x0000edb0       0x38 usb/device/usbdc.o
 .text.usbd_sof_cb
                0x0000ede8       0x18 usb/device/usbdc.o
 .text.usbdc_cb_ctl_done
                0x0000ee00       0x68 usb/device/usbdc.o
 .text.usbdc_reset
                0x0000ee68       0x5c usb/device/usbdc.o
                0x0000ee68                usbdc_reset
 .text.usbd_event_cb
                0x0000eec4       0x18 usb/device/usbdc.o
 .text.usbdc_xfer
                0x0000eedc       0x20 usb/device/usbdc.o
                0x0000eedc                usbdc_xfer
 .text.usbdc_cb_ctl_req
                0x0000eefc      0x328 usb/device/usbdc.o
 .text.usbdc_register_handler
                0x0000f224       0x2c usb/device/usbdc.o
                0x0000f224                usbdc_register_handler
 .text.usbdc_init
                0x0000f250       0x44 usb/device/usbdc.o
                0x0000f250                usbdc_init
 .text.usbdc_register_function
                0x0000f294       0x10 usb/device/usbdc.o
                0x0000f294                usbdc_register_function
 .text.usbdc_start
                0x0000f2a4       0x34 usb/device/usbdc.o
                0x0000f2a4                usbdc_start
 .text.usbdc_attach
                0x0000f2d8        0x8 usb/device/usbdc.o
                0x0000f2d8                usbdc_attach
 .text.usbdc_get_ctrl_buffer
                0x0000f2e0        0xc usb/device/usbdc.o
                0x0000f2e0                usbdc_get_ctrl_buffer
 .text.usbdc_get_state
                0x0000f2ec       0x14 usb/device/usbdc.o
                0x0000f2ec                usbdc_get_state
 .text.usb_find_desc
                0x0000f300       0x1a usb/usb_protocol.o
                0x0000f300                usb_find_desc
 .text.usb_find_ep_desc
                0x0000f31a       0x1c usb/usb_protocol.o
                0x0000f31a                usb_find_ep_desc
 *fill*         0x0000f336        0x2 
 .text.usb_find_cfg_desc
                0x0000f338       0x3c usb/usb_protocol.o
                0x0000f338                usb_find_cfg_desc
 .text.usb_find_str_desc
                0x0000f374       0x30 usb/usb_protocol.o
                0x0000f374                usb_find_str_desc
 .text.gpio_get_pin_level
                0x0000f3a4       0x48 usb_start.o
 .text.hiddf_demo_sof_event
                0x0000f3ec       0x78 usb_start.o
 .text.composite_device_init
                0x0000f464       0x2c usb_start.o
                0x0000f464                composite_device_init
 .text.composite_device_start
                0x0000f490       0x1c usb_start.o
                0x0000f490                composite_device_start
 .text.usb_init
                0x0000f4ac        0x8 usb_start.o
                0x0000f4ac                usb_init
 .text          0x0000f4b4      0x370 c:/program files (x86)/atmel/studio/7.0/toolchain/arm/arm-gnu-toolchain/bin/../lib/gcc/arm-none-eabi/6.3.1/thumb/v7e-m\libgcc.a(_arm_addsubdf3.o)
                0x0000f4b4                __aeabi_drsub
                0x0000f4bc                __aeabi_dsub
                0x0000f4bc                __subdf3
                0x0000f4c0                __aeabi_dadd
                0x0000f4c0                __adddf3
                0x0000f738                __floatunsidf
                0x0000f738                __aeabi_ui2d
                0x0000f758                __floatsidf
                0x0000f758                __aeabi_i2d
                0x0000f77c                __aeabi_f2d
                0x0000f77c                __extendsfdf2
                0x0000f7b8                __floatundidf
                0x0000f7b8                __aeabi_ul2d
                0x0000f7c8                __floatdidf
                0x0000f7c8                __aeabi_l2d
 .text          0x0000f824      0x424 c:/program files (x86)/atmel/studio/7.0/toolchain/arm/arm-gnu-toolchain/bin/../lib/gcc/arm-none-eabi/6.3.1/thumb/v7e-m\libgcc.a(_arm_muldivdf3.o)
                0x0000f824                __aeabi_dmul
                0x0000f824                __muldf3
                0x0000fa78                __divdf3
                0x0000fa78                __aeabi_ddiv
 .text          0x0000fc48       0x40 c:/program files (x86)/atmel/studio/7.0/toolchain/arm/arm-gnu-toolchain/bin/../lib/gcc/arm-none-eabi/6.3.1/thumb/v7e-m\libgcc.a(_arm_fixunsdfsi.o)
                0x0000fc48                __aeabi_d2uiz
                0x0000fc48                __fixunsdfsi
 .text.__libc_init_array
                0x0000fc88       0x48 c:/program files (x86)/atmel/studio/7.0/toolchain/arm/arm-gnu-toolchain/bin/../lib/gcc/arm-none-eabi/6.3.1/../../../../arm-none-eabi/lib/thumb/v7e-m\libc_nano.a(lib_a-init.o)
                0x0000fc88                __libc_init_array
 .text.malloc   0x0000fcd0       0x10 c:/program files (x86)/atmel/studio/7.0/toolchain/arm/arm-gnu-toolchain/bin/../lib/gcc/arm-none-eabi/6.3.1/../../../../arm-none-eabi/lib/thumb/v7e-m\libc_nano.a(lib_a-malloc.o)
                0x0000fcd0                malloc
 .text.memcpy   0x0000fce0       0x16 c:/program files (x86)/atmel/studio/7.0/toolchain/arm/arm-gnu-toolchain/bin/../lib/gcc/arm-none-eabi/6.3.1/../../../../arm-none-eabi/lib/thumb/v7e-m\libc_nano.a(lib_a-memcpy-stub.o)
                0x0000fce0                memcpy
 .text.memset   0x0000fcf6       0x10 c:/program files (x86)/atmel/studio/7.0/toolchain/arm/arm-gnu-toolchain/bin/../lib/gcc/arm-none-eabi/6.3.1/../../../../arm-none-eabi/lib/thumb/v7e-m\libc_nano.a(lib_a-memset.o)
                0x0000fcf6                memset
 *fill*         0x0000fd06        0x2 
 .text._free_r  0x0000fd08       0x9c c:/program files (x86)/atmel/studio/7.0/toolchain/arm/arm-gnu-toolchain/bin/../lib/gcc/arm-none-eabi/6.3.1/../../../../arm-none-eabi/lib/thumb/v7e-m\libc_nano.a(lib_a-nano-freer.o)
                0x0000fd08                _free_r
 .text._malloc_r
                0x0000fda4       0xbc c:/program files (x86)/atmel/studio/7.0/toolchain/arm/arm-gnu-toolchain/bin/../lib/gcc/arm-none-eabi/6.3.1/../../../../arm-none-eabi/lib/thumb/v7e-m\libc_nano.a(lib_a-nano-mallocr.o)
                0x0000fda4                _malloc_r
 .text.printf   0x0000fe60       0x30 c:/program files (x86)/atmel/studio/7.0/toolchain/arm/arm-gnu-toolchain/bin/../lib/gcc/arm-none-eabi/6.3.1/../../../../arm-none-eabi/lib/thumb/v7e-m\libc_nano.a(lib_a-printf.o)
                0x0000fe60                iprintf
                0x0000fe60                printf
 .text._puts_r  0x0000fe90       0xb8 c:/program files (x86)/atmel/studio/7.0/toolchain/arm/arm-gnu-toolchain/bin/../lib/gcc/arm-none-eabi/6.3.1/../../../../arm-none-eabi/lib/thumb/v7e-m\libc_nano.a(lib_a-puts.o)
                0x0000fe90                _puts_r
 .text.puts     0x0000ff48       0x10 c:/program files (x86)/atmel/studio/7.0/toolchain/arm/arm-gnu-toolchain/bin/../lib/gcc/arm-none-eabi/6.3.1/../../../../arm-none-eabi/lib/thumb/v7e-m\libc_nano.a(lib_a-puts.o)
                0x0000ff48                puts
 .text._sbrk_r  0x0000ff58       0x20 c:/program files (x86)/atmel/studio/7.0/toolchain/arm/arm-gnu-toolchain/bin/../lib/gcc/arm-none-eabi/6.3.1/../../../../arm-none-eabi/lib/thumb/v7e-m\libc_nano.a(lib_a-sbrkr.o)
                0x0000ff58                _sbrk_r
 .text.setbuf   0x0000ff78       0x10 c:/program files (x86)/atmel/studio/7.0/toolchain/arm/arm-gnu-toolchain/bin/../lib/gcc/arm-none-eabi/6.3.1/../../../../arm-none-eabi/lib/thumb/v7e-m\libc_nano.a(lib_a-setbuf.o)
                0x0000ff78                setbuf
 .text.setvbuf  0x0000ff88      0x15c c:/program files (x86)/atmel/studio/7.0/toolchain/arm/arm-gnu-toolchain/bin/../lib/gcc/arm-none-eabi/6.3.1/../../../../arm-none-eabi/lib/thumb/v7e-m\libc_nano.a(lib_a-setvbuf.o)
                0x0000ff88                setvbuf
 .text.sprintf  0x000100e4       0x48 c:/program files (x86)/atmel/studio/7.0/toolchain/arm/arm-gnu-toolchain/bin/../lib/gcc/arm-none-eabi/6.3.1/../../../../arm-none-eabi/lib/thumb/v7e-m\libc_nano.a(lib_a-sprintf.o)
                0x000100e4                siprintf
                0x000100e4                sprintf
 .text.strcpy   0x0001012c       0x10 c:/program files (x86)/atmel/studio/7.0/toolchain/arm/arm-gnu-toolchain/bin/../lib/gcc/arm-none-eabi/6.3.1/../../../../arm-none-eabi/lib/thumb/v7e-m\libc_nano.a(lib_a-strcpy.o)
                0x0001012c                strcpy
 .text          0x0001013c       0x10 c:/program files (x86)/atmel/studio/7.0/toolchain/arm/arm-gnu-toolchain/bin/../lib/gcc/arm-none-eabi/6.3.1/../../../../arm-none-eabi/lib/thumb/v7e-m\libc_nano.a(lib_a-strlen.o)
                0x0001013c                strlen