Archive member included to satisfy reference by file (symbol)

c:/program files (x86)/atmel/studio/7.0/toolchain/arm/arm-gnu-toolchain/bin/../lib/gcc/arm-none-eabi/6.3.1/thumb/v7e-m\libgcc.a(_arm_addsubdf3.o)
                              hpl/sercom/hpl_sercom.o (__aeabi_dsub)
c:/program files (x86)/atmel/studio/7.0/toolchain/arm/arm-gnu-toolchain/bin/../lib/gcc/arm-none-eabi/6.3.1/thumb/v7e-m\libgcc.a(_arm_muldivdf3.o)
                              grid/grid_hardwaretest.o (__aeabi_dmul)
c:/program files (x86)/atmel/studio/7.0/toolchain/arm/arm-gnu-toolchain/bin/../lib/gcc/arm-none-eabi/6.3.1/thumb/v7e-m\libgcc.a(_arm_fixunsdfsi.o)
                              grid/grid_hardwaretest.o (__aeabi_d2uiz)
c:/program files (x86)/atmel/studio/7.0/toolchain/arm/arm-gnu-toolchain/bin/../lib/gcc/arm-none-eabi/6.3.1/thumb/v7e-m\libgcc.a(_aeabi_uldivmod.o)
                              hpl/sercom/hpl_sercom.o (__aeabi_uldivmod)
c:/program files (x86)/atmel/studio/7.0/toolchain/arm/arm-gnu-toolchain/bin/../lib/gcc/arm-none-eabi/6.3.1/thumb/v7e-m\libgcc.a(_udivmoddi4.o)
                              c:/program files (x86)/atmel/studio/7.0/toolchain/arm/arm-gnu-toolchain/bin/../lib/gcc/arm-none-eabi/6.3.1/thumb/v7e-m\libgcc.a(_aeabi_uldivmod.o) (__udivmoddi4)
c:/program files (x86)/atmel/studio/7.0/toolchain/arm/arm-gnu-toolchain/bin/../lib/gcc/arm-none-eabi/6.3.1/thumb/v7e-m\libgcc.a(_dvmd_tls.o)
                              c:/program files (x86)/atmel/studio/7.0/toolchain/arm/arm-gnu-toolchain/bin/../lib/gcc/arm-none-eabi/6.3.1/thumb/v7e-m\libgcc.a(_aeabi_uldivmod.o) (__aeabi_ldiv0)
c:/program files (x86)/atmel/studio/7.0/toolchain/arm/arm-gnu-toolchain/bin/../lib/gcc/arm-none-eabi/6.3.1/../../../../arm-none-eabi/lib/thumb/v7e-m\libc_nano.a(lib_a-exit.o)
                              c:/program files (x86)/atmel/studio/7.0/toolchain/arm/arm-gnu-toolchain/bin/../lib/gcc/arm-none-eabi/6.3.1/../../../../arm-none-eabi/lib/thumb/v7e-m/crt0.o (exit)
c:/program files (x86)/atmel/studio/7.0/toolchain/arm/arm-gnu-toolchain/bin/../lib/gcc/arm-none-eabi/6.3.1/../../../../arm-none-eabi/lib/thumb/v7e-m\libc_nano.a(lib_a-impure.o)
                              c:/program files (x86)/atmel/studio/7.0/toolchain/arm/arm-gnu-toolchain/bin/../lib/gcc/arm-none-eabi/6.3.1/../../../../arm-none-eabi/lib/thumb/v7e-m\libc_nano.a(lib_a-exit.o) (_global_impure_ptr)
c:/program files (x86)/atmel/studio/7.0/toolchain/arm/arm-gnu-toolchain/bin/../lib/gcc/arm-none-eabi/6.3.1/../../../../arm-none-eabi/lib/thumb/v7e-m\libc_nano.a(lib_a-init.o)
                              c:/program files (x86)/atmel/studio/7.0/toolchain/arm/arm-gnu-toolchain/bin/../lib/gcc/arm-none-eabi/6.3.1/../../../../arm-none-eabi/lib/thumb/v7e-m/crt0.o (__libc_init_array)
c:/program files (x86)/atmel/studio/7.0/toolchain/arm/arm-gnu-toolchain/bin/../lib/gcc/arm-none-eabi/6.3.1/../../../../arm-none-eabi/lib/thumb/v7e-m\libc_nano.a(lib_a-malloc.o)
                              grid/grid_ain.o (malloc)
c:/program files (x86)/atmel/studio/7.0/toolchain/arm/arm-gnu-toolchain/bin/../lib/gcc/arm-none-eabi/6.3.1/../../../../arm-none-eabi/lib/thumb/v7e-m\libc_nano.a(lib_a-memcpy-stub.o)
                              hpl/nvmctrl/hpl_nvmctrl.o (memcpy)
c:/program files (x86)/atmel/studio/7.0/toolchain/arm/arm-gnu-toolchain/bin/../lib/gcc/arm-none-eabi/6.3.1/../../../../arm-none-eabi/lib/thumb/v7e-m\libc_nano.a(lib_a-memset.o)
                              c:/program files (x86)/atmel/studio/7.0/toolchain/arm/arm-gnu-toolchain/bin/../lib/gcc/arm-none-eabi/6.3.1/../../../../arm-none-eabi/lib/thumb/v7e-m/crt0.o (memset)
c:/program files (x86)/atmel/studio/7.0/toolchain/arm/arm-gnu-toolchain/bin/../lib/gcc/arm-none-eabi/6.3.1/../../../../arm-none-eabi/lib/thumb/v7e-m\libc_nano.a(lib_a-nano-freer.o)
                              c:/program files (x86)/atmel/studio/7.0/toolchain/arm/arm-gnu-toolchain/bin/../lib/gcc/arm-none-eabi/6.3.1/../../../../arm-none-eabi/lib/thumb/v7e-m\libc_nano.a(lib_a-malloc.o) (_free_r)
c:/program files (x86)/atmel/studio/7.0/toolchain/arm/arm-gnu-toolchain/bin/../lib/gcc/arm-none-eabi/6.3.1/../../../../arm-none-eabi/lib/thumb/v7e-m\libc_nano.a(lib_a-nano-mallocr.o)
                              c:/program files (x86)/atmel/studio/7.0/toolchain/arm/arm-gnu-toolchain/bin/../lib/gcc/arm-none-eabi/6.3.1/../../../../arm-none-eabi/lib/thumb/v7e-m\libc_nano.a(lib_a-malloc.o) (_malloc_r)
c:/program files (x86)/atmel/studio/7.0/toolchain/arm/arm-gnu-toolchain/bin/../lib/gcc/arm-none-eabi/6.3.1/../../../../arm-none-eabi/lib/thumb/v7e-m\libc_nano.a(lib_a-printf.o)
                              grid/grid_d51.o (printf)
c:/program files (x86)/atmel/studio/7.0/toolchain/arm/arm-gnu-toolchain/bin/../lib/gcc/arm-none-eabi/6.3.1/../../../../arm-none-eabi/lib/thumb/v7e-m\libc_nano.a(lib_a-puts.o)
                              grid/grid_unittest.o (puts)
[...]
Memory Configuration

Name             Origin             Length             Attributes
rom              0x00004000         0x0007a000         xr
ram              0x20000000         0x00040000         xrw
bkupram          0x47000000         0x00002000         xrw
qspi             0x04000000         0x01000000         xrw
*default*        0x00000000         0xffffffff

Linker script and memory map

LOAD c:/program files (x86)/atmel/studio/7.0/toolchain/arm/arm-gnu-toolchain/bin/../lib/gcc/arm-none-eabi/6.3.1/thumb/v7e-m/crti.o
LOAD c:/program files (x86)/atmel/studio/7.0/toolchain/arm/arm-gnu-toolchain/bin/../lib/gcc/arm-none-eabi/6.3.1/thumb/v7e-m/crtbegin.o
LOAD c:/program files (x86)/atmel/studio/7.0/toolchain/arm/arm-gnu-toolchain/bin/../lib/gcc/arm-none-eabi/6.3.1/../../../../arm-none-eabi/lib/thumb/v7e-m/crt0.o
LOAD atmel_start.o
LOAD Device_Startup/startup_samd51.o
LOAD Device_Startup/system_samd51.o
LOAD driver_init.o
LOAD examples/driver_examples.o
LOAD flash/n25q256a.o
LOAD flash/spi_nor_flash.o
LOAD grid/grid_d51.o
LOAD grid/grid_debug.o
LOAD grid/grid_hardwaretest.o
LOAD grid/grid_msg.o
LOAD grid/grid_nvm.o
LOAD grid/grid_unittest.o
LOAD grid/grid_ain.o
LOAD grid/grid_buf.o
LOAD grid/grid_led.o
LOAD grid/grid_module.o
LOAD grid/grid_module_bu16_revb.o
LOAD grid/grid_module_en16_reva.o
LOAD grid/grid_module_pbf4_reva.o
LOAD grid/grid_module_po16_revb.o
LOAD grid/grid_sys.o
LOAD grid/grid_ui.o
LOAD grid/grid_usb.o
LOAD hal/src/hal_adc_async.o
LOAD hal/src/hal_atomic.o
LOAD hal/src/hal_cache.o
LOAD hal/src/hal_crc_sync.o
LOAD hal/src/hal_delay.o
LOAD hal/src/hal_evsys.o
LOAD hal/src/hal_flash.o
LOAD hal/src/hal_gpio.o
LOAD hal/src/hal_i2c_m_async.o
LOAD hal/src/hal_init.o
LOAD hal/src/hal_io.o
LOAD hal/src/hal_qspi_dma.o
LOAD hal/src/hal_sleep.o
LOAD hal/src/hal_spi_m_async.o
LOAD hal/src/hal_spi_m_dma.o
LOAD hal/src/hal_timer.o
LOAD hal/src/hal_usart_async.o
LOAD hal/src/hal_usart_sync.o
LOAD hal/src/hal_usb_device.o
LOAD hal/src/hal_wdt.o
LOAD hal/utils/src/utils_assert.o
LOAD hal/utils/src/utils_event.o
LOAD hal/utils/src/utils_list.o
LOAD hal/utils/src/utils_ringbuffer.o
LOAD hal/utils/src/utils_syscalls.o
LOAD hpl/adc/hpl_adc.o
LOAD hpl/cmcc/hpl_cmcc.o
LOAD hpl/core/hpl_core_m4.o
LOAD hpl/core/hpl_init.o
LOAD hpl/dmac/hpl_dmac.o
LOAD hpl/dsu/hpl_dsu.o
LOAD hpl/evsys/hpl_evsys.o
LOAD hpl/gclk/hpl_gclk.o
LOAD hpl/mclk/hpl_mclk.o
LOAD hpl/nvmctrl/hpl_nvmctrl.o
LOAD hpl/osc32kctrl/hpl_osc32kctrl.o
LOAD hpl/oscctrl/hpl_oscctrl.o
LOAD hpl/pac/hpl_pac.o
LOAD hpl/pm/hpl_pm.o
LOAD hpl/qspi/hpl_qspi.o
LOAD hpl/ramecc/hpl_ramecc.o
LOAD hpl/rtc/hpl_rtc.o
LOAD hpl/sercom/hpl_sercom.o
LOAD hpl/systick/hpl_systick.o
LOAD hpl/tc/hpl_tc.o
LOAD hpl/usb/hpl_usb.o
LOAD hpl/wdt/hpl_wdt.o
LOAD main.o
LOAD stdio_redirect/gcc/read.o
LOAD stdio_redirect/gcc/write.o
LOAD stdio_redirect/stdio_io.o
LOAD stdio_start.o
LOAD usb/class/cdc/device/cdcdf_acm.o
LOAD usb/class/hid/device/hiddf_generic.o
LOAD usb/class/hid/device/hiddf_keyboard.o
LOAD usb/class/hid/device/hiddf_mouse.o
LOAD usb/class/midi/device/audiodf_midi.o
LOAD usb/class/midi/usb_protocol_midi.o
LOAD usb/class/msc/device/mscdf.o
LOAD usb/device/usbdc.o
LOAD usb/usb_protocol.o
LOAD usb_start.o
START GROUP
LOAD c:/program files (x86)/atmel/studio/7.0/toolchain/arm/arm-gnu-toolchain/bin/../lib/gcc/arm-none-eabi/6.3.1/../../../../arm-none-eabi/lib/thumb/v7e-m\libm.a
END GROUP
START GROUP
LOAD c:/program files (x86)/atmel/studio/7.0/toolchain/arm/arm-gnu-toolchain/bin/../lib/gcc/arm-none-eabi/6.3.1/thumb/v7e-m\libgcc.a
LOAD c:/program files (x86)/atmel/studio/7.0/toolchain/arm/arm-gnu-toolchain/bin/../lib/gcc/arm-none-eabi/6.3.1/../../../../arm-none-eabi/lib/thumb/v7e-m\libc_nano.a
END GROUP
START GROUP
LOAD c:/program files (x86)/atmel/studio/7.0/toolchain/arm/arm-gnu-toolchain/bin/../lib/gcc/arm-none-eabi/6.3.1/thumb/v7e-m\libgcc.a
LOAD c:/program files (x86)/atmel/studio/7.0/toolchain/arm/arm-gnu-toolchain/bin/../lib/gcc/arm-none-eabi/6.3.1/../../../../arm-none-eabi/lib/thumb/v7e-m\libc_nano.a
END GROUP
LOAD c:/program files (x86)/atmel/studio/7.0/toolchain/arm/arm-gnu-toolchain/bin/../lib/gcc/arm-none-eabi/6.3.1/thumb/v7e-m/crtend.o
LOAD c:/program files (x86)/atmel/studio/7.0/toolchain/arm/arm-gnu-toolchain/bin/../lib/gcc/arm-none-eabi/6.3.1/thumb/v7e-m/crtn.o
                0x00010000                STACK_SIZE = DEFINED (STACK_SIZE)?STACK_SIZE:DEFINED (__stack_size__)?__stack_size__:0x10000

.text           0x00004000     0xe6bc
                0x00004000                . = ALIGN (0x4)
                0x00004000                _sfixed = .
 *(.vectors .vectors.*)
 .vectors       0x00004000      0x264 Device_Startup/startup_samd51.o
                0x00004000                exception_table
 *(.text .text.* .gnu.linkonce.t.*)
 .text          0x00004264       0x6c c:/program files (x86)/atmel/studio/7.0/toolchain/arm/arm-gnu-toolchain/bin/../lib/gcc/arm-none-eabi/6.3.1/thumb/v7e-m/crtbegin.o
 .text.atmel_start_init
                0x000042d0       0x20 atmel_start.o
                0x000042d0                atmel_start_init
 .text.Dummy_Handler
                0x000042f0        0x2 Device_Startup/startup_samd51.o
                0x000042f0                EIC_5_Handler
                0x000042f0                SVCall_Handler
                0x000042f0                EIC_13_Handler
                0x000042f0                EVSYS_0_Handler
                0x000042f0                TCC1_3_Handler
                0x000042f0                DAC_3_Handler
                0x000042f0                TRNG_Handler
                0x000042f0                HardFault_Handler
                0x000042f0                PDEC_2_Handler
                0x000042f0                EIC_4_Handler
                0x000042f0                AC_Handler
                0x000042f0                SysTick_Handler
                0x000042f0                TCC2_3_Handler
                0x000042f0                PendSV_Handler
                0x000042f0                TC7_Handler
                0x000042f0                EVSYS_3_Handler
                0x000042f0                PDEC_0_Handler
                0x000042f0                QSPI_Handler
                0x000042f0                NonMaskableInt_Handler
                0x000042f0                TCC0_0_Handler
                0x000042f0                EIC_3_Handler
                0x000042f0                MemManagement_Handler
                0x000042f0                DAC_2_Handler
                0x000042f0                UsageFault_Handler
                0x000042f0                EIC_10_Handler
                0x000042f0                EIC_11_Handler
                0x000042f0                EIC_9_Handler
                0x000042f0                OSC32KCTRL_Handler
                0x000042f0                TCC2_1_Handler
                0x000042f0                SUPC_1_Handler
                0x000042f0                TCC0_5_Handler
                0x000042f0                TCC0_6_Handler
                0x000042f0                EVSYS_1_Handler
                0x000042f0                TCC1_4_Handler
                0x000042f0                TC6_Handler
                0x000042f0                WDT_Handler
                0x000042f0                EIC_8_Handler
                0x000042f0                EIC_15_Handler
                0x000042f0                TC4_Handler
                0x000042f0                OSCCTRL_4_Handler
                0x000042f0                EIC_12_Handler
                0x000042f0                TCC4_2_Handler
                0x000042f0                PAC_Handler
                0x000042f0                TCC1_0_Handler
                0x000042f0                OSCCTRL_0_Handler
                0x000042f0                EIC_0_Handler
                0x000042f0                OSCCTRL_3_Handler
                0x000042f0                Dummy_Handler
                0x000042f0                TCC3_0_Handler
                0x000042f0                TCC2_2_Handler
                0x000042f0                TCC1_1_Handler
                0x000042f0                OSCCTRL_2_Handler
                0x000042f0                TCC1_2_Handler
                0x000042f0                SERCOM7_1_Handler
                0x000042f0                PM_Handler
                0x000042f0                SERCOM2_3_Handler
                0x000042f0                DAC_4_Handler
                0x000042f0                TCC3_2_Handler
                0x000042f0                SERCOM7_0_Handler
                0x000042f0                TCC0_2_Handler
                0x000042f0                TCC4_0_Handler
                0x000042f0                SERCOM7_3_Handler
                0x000042f0                SDHC1_Handler
                0x000042f0                SERCOM7_2_Handler
                0x000042f0                TCC2_0_Handler
                0x000042f0                PDEC_1_Handler
                0x000042f0                TCC4_1_Handler
                0x000042f0                SDHC0_Handler
                0x000042f0                I2S_Handler
                0x000042f0                EIC_2_Handler
                0x000042f0                PCC_Handler
                0x000042f0                DAC_0_Handler
                0x000042f0                TCC0_1_Handler
                0x000042f0                EIC_6_Handler
                0x000042f0                OSCCTRL_1_Handler
                0x000042f0                PUKCC_Handler
                0x000042f0                SERCOM2_1_Handler
                0x000042f0                EIC_1_Handler
                0x000042f0                EVSYS_4_Handler
                0x000042f0                EIC_7_Handler
                0x000042f0                SERCOM2_2_Handler
                0x000042f0                TCC3_1_Handler
                0x000042f0                EIC_14_Handler
                0x000042f0                DAC_1_Handler
                0x000042f0                MCLK_Handler
                0x000042f0                EVSYS_2_Handler
                0x000042f0                SUPC_0_Handler
                0x000042f0                BusFault_Handler
                0x000042f0                FREQM_Handler
                0x000042f0                TCC0_3_Handler
                0x000042f0                DebugMonitor_Handler
                0x000042f0                TCC0_4_Handler
                0x000042f0                TC5_Handler
                0x000042f0                SERCOM2_0_Handler
                0x000042f0                AES_Handler
                0x000042f0                ICM_Handler
 *fill*         0x000042f2        0x2 
 .text.Reset_Handler
                0x000042f4       0x78 Device_Startup/startup_samd51.o
                0x000042f4                Reset_Handler
 .text._gpio_set_pin_function
                0x0000436c       0x68 driver_init.o
 .text.gpio_set_pin_direction
                0x000043d4       0x68 driver_init.o
 .text.ADC_0_init
                0x0000443c       0x80 driver_init.o
                0x0000443c                ADC_0_init
 .text.ADC_1_init
                0x000044bc       0x84 driver_init.o
                0x000044bc                ADC_1_init
 .text.CRC_0_init
                0x00004540       0x24 driver_init.o
                0x00004540                CRC_0_init
 .text.EVENT_SYSTEM_0_init
                0x00004564       0x30 driver_init.o
                0x00004564                EVENT_SYSTEM_0_init
 .text.FLASH_0_CLOCK_init
                0x00004594       0x10 driver_init.o
                0x00004594                FLASH_0_CLOCK_init
 .text.FLASH_0_init
                0x000045a4       0x24 driver_init.o
                0x000045a4                FLASH_0_init
 .text.QSPI_INSTANCE_PORT_init
                0x000045c8       0xdc driver_init.o
                0x000045c8                QSPI_INSTANCE_PORT_init
 .text.QSPI_INSTANCE_CLOCK_init
                0x000046a4       0x20 driver_init.o
                0x000046a4                QSPI_INSTANCE_CLOCK_init
 .text.QSPI_INSTANCE_init
                0x000046c4       0x2c driver_init.o
                0x000046c4                QSPI_INSTANCE_init
 .text.USART_EAST_CLOCK_init
                0x000046f0       0x24 driver_init.o
                0x000046f0                USART_EAST_CLOCK_init
 .text.USART_EAST_PORT_init
                0x00004714       0x24 driver_init.o
                0x00004714                USART_EAST_PORT_init
 .text.USART_EAST_init
                0x00004738       0x38 driver_init.o
                0x00004738                USART_EAST_init
 .text.USART_NORTH_CLOCK_init
                0x00004770       0x24 driver_init.o
                0x00004770                USART_NORTH_CLOCK_init
 .text.USART_NORTH_PORT_init
                0x00004794       0x24 driver_init.o
                0x00004794                USART_NORTH_PORT_init
 .text.USART_NORTH_init
                0x000047b8       0x38 driver_init.o
                0x000047b8                USART_NORTH_init
 .text.GRID_AUX_PORT_init
                0x000047f0       0x24 driver_init.o
                0x000047f0                GRID_AUX_PORT_init
 .text.GRID_AUX_CLOCK_init
                0x00004814       0x24 driver_init.o
                0x00004814                GRID_AUX_CLOCK_init
 .text.GRID_AUX_init
                0x00004838       0x2c driver_init.o
                0x00004838                GRID_AUX_init
 .text.UI_SPI_PORT_init
                0x00004864       0x68 driver_init.o
                0x00004864                UI_SPI_PORT_init
 .text.UI_SPI_CLOCK_init
                0x000048cc       0x24 driver_init.o
                0x000048cc                UI_SPI_CLOCK_init
 .text.UI_SPI_init
                0x000048f0       0x2c driver_init.o
                0x000048f0                UI_SPI_init
 .text.USART_WEST_CLOCK_init
                0x0000491c       0x24 driver_init.o
                0x0000491c                USART_WEST_CLOCK_init
 .text.USART_WEST_PORT_init
                0x00004940       0x24 driver_init.o
                0x00004940                USART_WEST_PORT_init
 .text.USART_WEST_init
                0x00004964       0x38 driver_init.o
                0x00004964                USART_WEST_init
 .text.SYS_I2C_PORT_init
                0x0000499c       0x40 driver_init.o
                0x0000499c                SYS_I2C_PORT_init
 .text.SYS_I2C_CLOCK_init
                0x000049dc       0x24 driver_init.o
                0x000049dc                SYS_I2C_CLOCK_init
 .text.SYS_I2C_init
                0x00004a00       0x2c driver_init.o
                0x00004a00                SYS_I2C_init
 .text.USART_SOUTH_CLOCK_init
                0x00004a2c       0x24 driver_init.o
                0x00004a2c                USART_SOUTH_CLOCK_init
 .text.USART_SOUTH_PORT_init
                0x00004a50       0x24 driver_init.o
                0x00004a50                USART_SOUTH_PORT_init
 .text.USART_SOUTH_init
                0x00004a74       0x38 driver_init.o
                0x00004a74                USART_SOUTH_init
 .text.GRID_LED_PORT_init
                0x00004aac       0x68 driver_init.o
                0x00004aac                GRID_LED_PORT_init
 .text.GRID_LED_CLOCK_init
                0x00004b14       0x24 driver_init.o
                0x00004b14                GRID_LED_CLOCK_init
 .text.GRID_LED_init
                0x00004b38       0x2c driver_init.o
                0x00004b38                GRID_LED_init
 .text.delay_driver_init
                0x00004b64       0x10 driver_init.o
                0x00004b64                delay_driver_init
 .text.USB_DEVICE_INSTANCE_PORT_init
                0x00004b74       0x60 driver_init.o
                0x00004b74                USB_DEVICE_INSTANCE_PORT_init
 .text.USB_DEVICE_INSTANCE_CLOCK_init
                0x00004bd4       0x24 driver_init.o
                0x00004bd4                USB_DEVICE_INSTANCE_CLOCK_init
 .text.USB_DEVICE_INSTANCE_init
                0x00004bf8       0x20 driver_init.o
                0x00004bf8                USB_DEVICE_INSTANCE_init
 .text.WDT_0_CLOCK_init
                0x00004c18       0x10 driver_init.o
                0x00004c18                WDT_0_CLOCK_init
 .text.WDT_0_init
                0x00004c28       0x24 driver_init.o
                0x00004c28                WDT_0_init
 .text.system_init
                0x00004c4c      0x2a8 driver_init.o
                0x00004c4c                system_init
 .text.grid_d51_bitmap_write_bit
                0x00004ef4       0x3a grid/grid_d51.o
                0x00004ef4                grid_d51_bitmap_write_bit
 *fill*         0x00004f2e        0x2 
 .text.grid_d51_verify_user_row
                0x00004f30      0x198 grid/grid_d51.o
                0x00004f30                grid_d51_verify_user_row
 .text.grid_d51_init
                0x000050c8       0x4c grid/grid_d51.o
                0x000050c8                grid_d51_init
 .text.grid_msg_header_set_len
                0x00005114       0x20 grid/grid_msg.o
                0x00005114                grid_msg_header_set_len
 .text.grid_msg_header_set_id
                0x00005134       0x20 grid/grid_msg.o
                0x00005134                grid_msg_header_set_id
 .text.grid_msg_header_set_dx
                0x00005154       0x20 grid/grid_msg.o
                0x00005154                grid_msg_header_set_dx
 .text.grid_msg_header_get_dx
                0x00005174       0x1c grid/grid_msg.o
                0x00005174                grid_msg_header_get_dx
 .text.grid_msg_header_set_dy
                0x00005190       0x20 grid/grid_msg.o
                0x00005190                grid_msg_header_set_dy
 .text.grid_msg_header_get_dy
                0x000051b0       0x1c grid/grid_msg.o
                0x000051b0                grid_msg_header_get_dy
 .text.grid_msg_header_set_rot
                0x000051cc       0x20 grid/grid_msg.o
                0x000051cc                grid_msg_header_set_rot
 .text.grid_msg_header_set_age
                0x000051ec       0x20 grid/grid_msg.o
                0x000051ec                grid_msg_header_set_age
 .text.grid_msg_packet_get_length
                0x0000520c       0x12 grid/grid_msg.o
                0x0000520c                grid_msg_packet_get_length
 .text.grid_msg_body_get_length
                0x0000521e        0x6 grid/grid_msg.o
                0x0000521e                grid_msg_body_get_length
 .text.grid_msg_body_append_text
                0x00005224       0x20 grid/grid_msg.o
                0x00005224                grid_msg_body_append_text
 .text.grid_msg_body_append_text_escaped
                0x00005244       0x30 grid/grid_msg.o
                0x00005244                grid_msg_body_append_text_escaped
 .text.grid_msg_text_get_parameter
                0x00005274       0x18 grid/grid_msg.o
                0x00005274                grid_msg_text_get_parameter
 .text.grid_msg_text_set_parameter
                0x0000528c       0x18 grid/grid_msg.o
                0x0000528c                grid_msg_text_set_parameter
 .text.grid_msg_init
                0x000052a4       0x44 grid/grid_msg.o
                0x000052a4                grid_msg_init
 .text.grid_msg_init_header
                0x000052e8       0x6c grid/grid_msg.o
                0x000052e8                grid_msg_init_header
 .text.grid_msg_packet_receive_char
                0x00005354       0x4e grid/grid_msg.o
                0x00005354                grid_msg_packet_receive_char
 .text.grid_msg_packet_send_char
                0x000053a2       0x3a grid/grid_msg.o
                0x000053a2                grid_msg_packet_send_char
 .text.grid_msg_packet_close
                0x000053dc       0xd4 grid/grid_msg.o
                0x000053dc                grid_msg_packet_close
 .text.grid_msg_packet_send_everywhere
                0x000054b0       0x5c grid/grid_msg.o
                0x000054b0                grid_msg_packet_send_everywhere
 .text.grid_nvm_ui_bulk_read_init
                0x0000550c        0xe grid/grid_nvm.o
                0x0000550c                grid_nvm_ui_bulk_read_init
 .text.grid_nvm_ui_bulk_read_is_in_progress
                0x0000551a        0x6 grid/grid_nvm.o
                0x0000551a                grid_nvm_ui_bulk_read_is_in_progress
 .text.grid_nvm_ui_bulk_read_next
                0x00005520      0x104 grid/grid_nvm.o
                0x00005520                grid_nvm_ui_bulk_read_next
 .text.grid_nvm_ui_bulk_clear_init
                0x00005624        0xe grid/grid_nvm.o
                0x00005624                grid_nvm_ui_bulk_clear_init
 .text.grid_nvm_ui_bulk_clear_is_in_progress
                0x00005632        0x6 grid/grid_nvm.o
                0x00005632                grid_nvm_ui_bulk_clear_is_in_progress
 .text.grid_nvm_ui_bulk_clear_next
                0x00005638      0x104 grid/grid_nvm.o
                0x00005638                grid_nvm_ui_bulk_clear_next
 .text.grid_nvm_clear_read_buffer
                0x0000573c       0x20 grid/grid_nvm.o
                0x0000573c                grid_nvm_clear_read_buffer
 .text.grid_nvm_clear_write_buffer
                0x0000575c       0x28 grid/grid_nvm.o
                0x0000575c                grid_nvm_clear_write_buffer
 .text.grid_nvm_init
                0x00005784       0x44 grid/grid_nvm.o
                0x00005784                grid_nvm_init
 .text.grid_nvm_calculate_event_page_offset
                0x000057c8       0x1c grid/grid_nvm.o
                0x000057c8                grid_nvm_calculate_event_page_offset
 .text.grid_ain_channel_init
                0x000057e4       0x34 grid/grid_ain.o
                0x000057e4                grid_ain_channel_init
 .text.grid_ain_init
                0x00005818       0x44 grid/grid_ain.o
                0x00005818                grid_ain_init
 .text.grid_ain_add_sample
                0x0000585c       0xd0 grid/grid_ain.o
                0x0000585c                grid_ain_add_sample
 .text.grid_ain_get_changed
                0x0000592c       0x10 grid/grid_ain.o
                0x0000592c                grid_ain_get_changed
 .text.grid_ain_get_average
                0x0000593c       0x28 grid/grid_ain.o
                0x0000593c                grid_ain_get_average
 .text.grid_port_reset_receiver
                0x00005964       0x90 grid/grid_buf.o
                0x00005964                grid_port_reset_receiver
 .text.grid_buffer_init
                0x000059f4       0x3c grid/grid_buf.o
                0x000059f4                grid_buffer_init
 .text.grid_buffer_get_space
                0x00005a30       0x18 grid/grid_buf.o
                0x00005a30                grid_buffer_get_space
 .text.grid_buffer_write_init
                0x00005a48       0x3c grid/grid_buf.o
                0x00005a48                grid_buffer_write_init
 .text.grid_buffer_write_character
                0x00005a84       0x1e grid/grid_buf.o
                0x00005a84                grid_buffer_write_character
 *fill*         0x00005aa2        0x2 
 .text.grid_buffer_write_acknowledge
                0x00005aa4       0x28 grid/grid_buf.o
                0x00005aa4                grid_buffer_write_acknowledge
 .text.grid_port_receive_decode
                0x00005acc      0x524 grid/grid_buf.o
                0x00005acc                grid_port_receive_decode
 .text.grid_port_receive_task
                0x00005ff0      0x168 grid/grid_buf.o
                0x00005ff0                grid_port_receive_task
 .text.grid_buffer_read_size
                0x00006158       0x52 grid/grid_buf.o
                0x00006158                grid_buffer_read_size
 .text.grid_buffer_read_init
                0x000061aa       0x66 grid/grid_buf.o
                0x000061aa                grid_buffer_read_init
 .text.grid_buffer_read_character
                0x00006210       0x2a grid/grid_buf.o
                0x00006210                grid_buffer_read_character
 .text.grid_buffer_read_acknowledge
                0x0000623a       0x16 grid/grid_buf.o
                0x0000623a                grid_buffer_read_acknowledge
 .text.grid_port_init
                0x00006250      0x15c grid/grid_buf.o
                0x00006250                grid_port_init
 .text.grid_port_init_all
                0x000063ac       0xa4 grid/grid_buf.o
                0x000063ac                grid_port_init_all
 .text.grid_port_process_inbound
                0x00006450      0x1bc grid/grid_buf.o
                0x00006450                grid_port_process_inbound
 .text.grid_port_process_outbound_usb
                0x0000660c      0x1ec grid/grid_buf.o
                0x0000660c                grid_port_process_outbound_usb
 .text.grid_port_process_outbound_ui
                0x000067f8      0x838 grid/grid_buf.o
                0x000067f8                grid_port_process_outbound_ui
 .text.grid_port_process_outbound_usart
                0x00007030       0x6c grid/grid_buf.o
                0x00007030                grid_port_process_outbound_usart
 .text.grid_led_lowlevel_hardware_transfer_complete_cb
                0x0000709c        0xc grid/grid_led.o
                0x0000709c                grid_led_lowlevel_hardware_transfer_complete_cb
 .text.grid_led_lowlevel_set_color
                0x000070a8       0x4c grid/grid_led.o
                0x000070a8                grid_led_lowlevel_set_color
 .text.grid_led_hardware_init
                0x000070f4       0x2c grid/grid_led.o
                0x000070f4                grid_led_hardware_init
 .text.grid_led_get_led_number
                0x00007120        0x4 grid/grid_led.o
                0x00007120                grid_led_get_led_number
 .text.grid_led_tick
                0x00007124       0x34 grid/grid_led.o
                0x00007124                grid_led_tick
 .text.grid_led_set_min
                0x00007158       0x20 grid/grid_led.o
                0x00007158                grid_led_set_min
 .text.grid_led_set_mid
                0x00007178       0x20 grid/grid_led.o
                0x00007178                grid_led_set_mid
 .text.grid_led_set_max
                0x00007198       0x20 grid/grid_led.o
                0x00007198                grid_led_set_max
 .text.grid_led_set_color
                0x000071b8       0x6c grid/grid_led.o
                0x000071b8                grid_led_set_color
 .text.grid_led_set_phase
                0x00007224       0x14 grid/grid_led.o
                0x00007224                grid_led_set_phase
 .text.grid_led_set_frequency
                0x00007238       0x14 grid/grid_led.o
                0x00007238                grid_led_set_frequency
 .text.grid_led_buffer_init
                0x0000724c      0x16c grid/grid_led.o
                0x0000724c                grid_led_buffer_init
 .text.grid_led_lowlevel_init
                0x000073b8       0xb0 grid/grid_led.o
                0x000073b8                grid_led_lowlevel_init
 .text.grid_led_lowlevel_render
                0x00007468       0xb0 grid/grid_led.o
                0x00007468                grid_led_lowlevel_render
 .text.grid_led_lowlevel_render_all
                0x00007518       0x20 grid/grid_led.o
                0x00007518                grid_led_lowlevel_render_all
 .text.grid_led_lowlevel_hardware_start_transfer
                0x00007538       0x30 grid/grid_led.o
                0x00007538                grid_led_lowlevel_hardware_start_transfer
 .text.grid_module_common_init
                0x00007568      0x250 grid/grid_module.o
                0x00007568                grid_module_common_init
 .text.grid_module_bu16_revb_hardware_start_transfer
                0x000077b8       0x20 grid/grid_module_bu16_revb.o
                0x000077b8                grid_module_bu16_revb_hardware_start_transfer
 .text.grid_module_bu16_revb_hardware_transfer_complete_cb
                0x000077d8      0x200 grid/grid_module_bu16_revb.o
 .text.grid_module_bu16_revb_hardware_init
                0x000079d8       0x48 grid/grid_module_bu16_revb.o
                0x000079d8                grid_module_bu16_revb_hardware_init
 .text.grid_module_bu16_revb_init
                0x00007a20       0x70 grid/grid_module_bu16_revb.o
                0x00007a20                grid_module_bu16_revb_init
 .text.grid_module_en16_reva_hardware_start_transfer
                0x00007a90       0x3c grid/grid_module_en16_reva.o
                0x00007a90                grid_module_en16_reva_hardware_start_transfer
 *fill*         0x00007acc        0x4 
 .text.grid_module_en16_reva_hardware_transfer_complete_cb
                0x00007ad0      0x320 grid/grid_module_en16_reva.o
                0x00007ad0                grid_module_en16_reva_hardware_transfer_complete_cb
 .text.grid_module_en16_reva_hardware_init
                0x00007df0       0x68 grid/grid_module_en16_reva.o
                0x00007df0                grid_module_en16_reva_hardware_init
 .text.grid_module_en16_reva_init
                0x00007e58       0x9c grid/grid_module_en16_reva.o
                0x00007e58                grid_module_en16_reva_init
 .text.grid_module_pbf4_reva_hardware_start_transfer
                0x00007ef4       0x20 grid/grid_module_pbf4_reva.o
                0x00007ef4                grid_module_pbf4_reva_hardware_start_transfer
 *fill*         0x00007f14        0x4 
 .text.grid_module_pbf4_reva_hardware_transfer_complete_cb
                0x00007f18      0x320 grid/grid_module_pbf4_reva.o
                0x00007f18                grid_module_pbf4_reva_hardware_transfer_complete_cb
 .text.grid_module_pbf4_reva_hardware_init
                0x00008238       0x48 grid/grid_module_pbf4_reva.o
                0x00008238                grid_module_pbf4_reva_hardware_init
 .text.grid_module_pbf4_reva_init
                0x00008280       0x84 grid/grid_module_pbf4_reva.o
                0x00008280                grid_module_pbf4_reva_init
 .text.grid_module_po16_revb_hardware_start_transfer
                0x00008304       0x20 grid/grid_module_po16_revb.o
                0x00008304                grid_module_po16_revb_hardware_start_transfer
 *fill*         0x00008324        0x4 
 .text.grid_module_po16_revb_hardware_transfer_complete_cb
                0x00008328      0x248 grid/grid_module_po16_revb.o
 .text.grid_module_po16_revb_hardware_init
                0x00008570       0x48 grid/grid_module_po16_revb.o
                0x00008570                grid_module_po16_revb_hardware_init
 .text.grid_module_po16_revb_init
                0x000085b8       0x80 grid/grid_module_po16_revb.o
                0x000085b8                grid_module_po16_revb_init
 .text.gpio_set_pin_pull_mode.constprop.3
                0x00008638       0x28 grid/grid_sys.o
 .text.grid_task_enter_task
                0x00008660        0x8 grid/grid_sys.o
                0x00008660                grid_task_enter_task
 .text.grid_task_timer_tick
                0x00008668        0xe grid/grid_sys.o
                0x00008668                grid_task_timer_tick
 .text.grid_task_timer_reset
                0x00008676       0x10 grid/grid_sys.o
                0x00008676                grid_task_timer_reset
 .text.grid_task_timer_read
                0x00008686        0x8 grid/grid_sys.o
                0x00008686                grid_task_timer_read
 *fill*         0x0000868e        0x2 
 .text.grid_sys_nvm_store_configuration
                0x00008690      0x1f8 grid/grid_sys.o
                0x00008690                grid_sys_nvm_store_configuration
 .text.grid_sys_recall_configuration
                0x00008888      0x15c grid/grid_sys.o
                0x00008888                grid_sys_recall_configuration
 .text.grid_sys_nvm_load_configuration
                0x000089e4       0xf8 grid/grid_sys.o
                0x000089e4                grid_sys_nvm_load_configuration
 .text.grid_sys_nvm_clear_configuration
                0x00008adc       0x9c grid/grid_sys.o
                0x00008adc                grid_sys_nvm_clear_configuration
 .text.grid_debug_print_text
                0x00008b78       0xec grid/grid_sys.o
                0x00008b78                grid_debug_print_text
 .text.tx_cb_USART_GRID
                0x00008c64       0x1a grid/grid_sys.o
                0x00008c64                tx_cb_USART_GRID
 *fill*         0x00008c7e        0x2 
 .text.tx_cb_USART_GRID_W
                0x00008c80       0x10 grid/grid_sys.o
 .text.tx_cb_USART_GRID_S
                0x00008c90       0x10 grid/grid_sys.o
 .text.tx_cb_USART_GRID_E
                0x00008ca0       0x10 grid/grid_sys.o
 .text.tx_cb_USART_GRID_N
                0x00008cb0       0x10 grid/grid_sys.o
 .text.err_cb_USART_GRID
                0x00008cc0       0x10 grid/grid_sys.o
                0x00008cc0                err_cb_USART_GRID
 .text.err_cb_USART_GRID_W
                0x00008cd0       0x10 grid/grid_sys.o
 .text.err_cb_USART_GRID_S
                0x00008ce0       0x10 grid/grid_sys.o
 .text.err_cb_USART_GRID_E
                0x00008cf0       0x10 grid/grid_sys.o
 .text.err_cb_USART_GRID_N
                0x00008d00       0x10 grid/grid_sys.o
 .text.grid_sys_port_reset_dma
                0x00008d10       0x20 grid/grid_sys.o
                0x00008d10                grid_sys_port_reset_dma
 .text.dma_transfer_complete_n_cb
                0x00008d30       0x10 grid/grid_sys.o
                0x00008d30                dma_transfer_complete_n_cb
 .text.dma_transfer_complete_e_cb
                0x00008d40       0x10 grid/grid_sys.o
                0x00008d40                dma_transfer_complete_e_cb
 .text.dma_transfer_complete_s_cb
                0x00008d50       0x10 grid/grid_sys.o
                0x00008d50                dma_transfer_complete_s_cb
 .text.dma_transfer_complete_w_cb
                0x00008d60       0x10 grid/grid_sys.o
                0x00008d60                dma_transfer_complete_w_cb
 .text.grid_sys_uart_init
                0x00008d70      0x104 grid/grid_sys.o
                0x00008d70                grid_sys_uart_init
 .text.grid_sys_dma_rx_init_one
                0x00008e74       0x64 grid/grid_sys.o
                0x00008e74                grid_sys_dma_rx_init_one
 .text.grid_sys_dma_rx_init
                0x00008ed8       0x6c grid/grid_sys.o
                0x00008ed8                grid_sys_dma_rx_init
 .text.grid_sys_init
                0x00008f44       0x70 grid/grid_sys.o
                0x00008f44                grid_sys_init
 .text.grid_sys_bank_enable
                0x00008fb4        0xc grid/grid_sys.o
                0x00008fb4                grid_sys_bank_enable
 .text.grid_sys_bank_disable
                0x00008fc0        0xc grid/grid_sys.o
                0x00008fc0                grid_sys_bank_disable
 .text.grid_sys_bank_set_color
                0x00008fcc       0x16 grid/grid_sys.o
                0x00008fcc                grid_sys_bank_set_color
 .text.grid_sys_get_bank_num
                0x00008fe2        0x4 grid/grid_sys.o
                0x00008fe2                grid_sys_get_bank_num
 .text.grid_sys_get_bank_valid
                0x00008fe6        0x4 grid/grid_sys.o
                0x00008fe6                grid_sys_get_bank_valid
 .text.grid_sys_get_bank_red
                0x00008fea        0x4 grid/grid_sys.o
                0x00008fea                grid_sys_get_bank_red
 .text.grid_sys_get_bank_gre
                0x00008fee        0x4 grid/grid_sys.o
                0x00008fee                grid_sys_get_bank_gre
 .text.grid_sys_get_bank_blu
                0x00008ff2        0x6 grid/grid_sys.o
                0x00008ff2                grid_sys_get_bank_blu
 .text.grid_sys_get_bank_next
                0x00008ff8       0x24 grid/grid_sys.o
                0x00008ff8                grid_sys_get_bank_next
 .text.grid_sys_get_bank_number_of_first_valid
                0x0000901c       0x1a grid/grid_sys.o
                0x0000901c                grid_sys_get_bank_number_of_first_valid
 .text.grid_sys_set_bank
                0x00009036       0x3c grid/grid_sys.o
                0x00009036                grid_sys_set_bank
 .text.grid_sys_rtc_get_time
                0x00009072        0x4 grid/grid_sys.o
                0x00009072                grid_sys_rtc_get_time
 .text.grid_sys_rtc_get_elapsed_time
                0x00009076        0x6 grid/grid_sys.o
                0x00009076                grid_sys_rtc_get_elapsed_time
 .text.grid_sys_rtc_tick_time
                0x0000907c        0x8 grid/grid_sys.o
                0x0000907c                grid_sys_rtc_tick_time
 .text.grid_sys_alert_read_color_changed_flag
                0x00009084        0x4 grid/grid_sys.o
                0x00009084                grid_sys_alert_read_color_changed_flag
 .text.grid_sys_alert_clear_color_changed_flag
                0x00009088        0x6 grid/grid_sys.o
                0x00009088                grid_sys_alert_clear_color_changed_flag
 .text.grid_sys_alert_get_color_intensity
                0x0000908e       0x42 grid/grid_sys.o
                0x0000908e                grid_sys_alert_get_color_intensity
 .text.grid_sys_alert_set_alert
                0x000090d0       0x1a grid/grid_sys.o
                0x000090d0                grid_sys_alert_set_alert
 .text.grid_sys_alert_get_color_r
                0x000090ea        0x4 grid/grid_sys.o
                0x000090ea                grid_sys_alert_get_color_r
 .text.grid_sys_alert_get_color_g
                0x000090ee        0x4 grid/grid_sys.o
                0x000090ee                grid_sys_alert_get_color_g
 .text.grid_sys_alert_get_color_b
                0x000090f2        0x4 grid/grid_sys.o
                0x000090f2                grid_sys_alert_get_color_b
 .text.grid_sys_read_hex_char_value
                0x000090f6       0x28 grid/grid_sys.o
                0x000090f6                grid_sys_read_hex_char_value
 *fill*         0x0000911e        0x2 
 .text.grid_sys_read_hex_string_value
                0x00009120       0x30 grid/grid_sys.o
                0x00009120                grid_sys_read_hex_string_value
 .text.grid_sys_write_hex_string_value
                0x00009150       0x34 grid/grid_sys.o
                0x00009150                grid_sys_write_hex_string_value
 .text.grid_sys_get_id
                0x00009184       0x2c grid/grid_sys.o
                0x00009184                grid_sys_get_id
 .text.grid_sys_get_hwcfg
                0x000091b0       0xe4 grid/grid_sys.o
                0x000091b0                grid_sys_get_hwcfg
 .text.grid_msg_calculate_checksum_of_packet_string
                0x00009294       0x1a grid/grid_sys.o
                0x00009294                grid_msg_calculate_checksum_of_packet_string
 *fill*         0x000092ae        0x2 
 .text.grid_msg_checksum_read
                0x000092b0       0x1c grid/grid_sys.o
                0x000092b0                grid_msg_checksum_read
 .text.grid_msg_checksum_write
                0x000092cc       0x10 grid/grid_sys.o
                0x000092cc                grid_msg_checksum_write
 .text.grid_msg_get_parameter
                0x000092dc       0x18 grid/grid_sys.o
                0x000092dc                grid_msg_get_parameter
 .text.grid_msg_set_parameter
                0x000092f4       0x14 grid/grid_sys.o
                0x000092f4                grid_msg_set_parameter
 .text.grid_msg_find_recent
                0x00009308       0x1a grid/grid_sys.o
                0x00009308                grid_msg_find_recent
 .text.grid_msg_push_recent
                0x00009322       0x16 grid/grid_sys.o
                0x00009322                grid_msg_push_recent
 .text.grid_ui_model_init
                0x00009338       0x34 grid/grid_ui.o
                0x00009338                grid_ui_model_init
 .text.grid_ui_bank_init
                0x0000936c       0x40 grid/grid_ui.o
                0x0000936c                grid_ui_bank_init
 .text.grid_ui_nvm_load_all_configuration
                0x000093ac       0x10 grid/grid_ui.o
                0x000093ac                grid_ui_nvm_load_all_configuration
 .text.grid_ui_nvm_clear_all_configuration
                0x000093bc       0x10 grid/grid_ui.o
                0x000093bc                grid_ui_nvm_clear_all_configuration
 .text.grid_ui_nvm_store_event_configuration
                0x000093cc      0x1e4 grid/grid_ui.o
                0x000093cc                grid_ui_nvm_store_event_configuration
 .text.grid_ui_nvm_store_all_configuration
                0x000095b0      0x108 grid/grid_ui.o
                0x000095b0                grid_ui_nvm_store_all_configuration
 .text.grid_ui_nvm_load_event_configuration
                0x000096b8       0x78 grid/grid_ui.o
                0x000096b8                grid_ui_nvm_load_event_configuration
 .text.grid_ui_nvm_clear_event_configuration
                0x00009730       0x28 grid/grid_ui.o
                0x00009730                grid_ui_nvm_clear_event_configuration
 .text.grid_ui_event_find
                0x00009758       0x2a grid/grid_ui.o
                0x00009758                grid_ui_event_find
 .text.grid_ui_event_trigger
                0x00009782       0x14 grid/grid_ui.o
                0x00009782                grid_ui_event_trigger
 .text.grid_ui_event_render_action
                0x00009796       0x38 grid/grid_ui.o
                0x00009796                grid_ui_event_render_action
 *fill*         0x000097ce        0x2 
 .text.grid_port_process_ui
                0x000097d0      0x470 grid/grid_ui.o
                0x000097d0                grid_port_process_ui
 .text.grid_ui_event_template_action
                0x00009c40      0x1f4 grid/grid_ui.o
                0x00009c40                grid_ui_event_template_action
 .text.grid_ui_event_register_actionstring
                0x00009e34      0x100 grid/grid_ui.o
                0x00009e34                grid_ui_event_register_actionstring
 .text.grid_ui_event_generate_actionstring
                0x00009f34       0xfc grid/grid_ui.o
                0x00009f34                grid_ui_event_generate_actionstring
 .text.grid_ui_reinit
                0x0000a030       0x6c grid/grid_ui.o
                0x0000a030                grid_ui_reinit
 .text.grid_ui_smart_trigger
                0x0000a09c       0x50 grid/grid_ui.o
                0x0000a09c                grid_ui_smart_trigger
 .text.grid_ui_event_register_eventstring
                0x0000a0ec      0x164 grid/grid_ui.o
                0x0000a0ec                grid_ui_event_register_eventstring
 .text.grid_ui_event_generate_eventstring
                0x0000a250       0xe0 grid/grid_ui.o
                0x0000a250                grid_ui_event_generate_eventstring
 .text.grid_ui_event_init
                0x0000a330       0xb0 grid/grid_ui.o
                0x0000a330                grid_ui_event_init
 .text.grid_ui_element_init
                0x0000a3e0      0x108 grid/grid_ui.o
                0x0000a3e0                grid_ui_element_init
 .text.grid_usb_serial_bulkin_cb
                0x0000a4e8        0x4 grid/grid_usb.o
 .text.grid_usb_serial_statechange_cb
                0x0000a4ec       0x28 grid/grid_usb.o
 .text.grid_usb_midi_bulkin_cb
                0x0000a514       0x28 grid/grid_usb.o
 .text.grid_usb_midi_bulkout_cb
                0x0000a53c       0x28 grid/grid_usb.o
 .text.grid_usb_serial_bulkout_cb
                0x0000a564        0x4 grid/grid_usb.o
 .text.grid_usb_serial_init
                0x0000a568       0x10 grid/grid_usb.o
                0x0000a568                grid_usb_serial_init
 .text.grid_usb_midi_init
                0x0000a578       0x24 grid/grid_usb.o
                0x0000a578                grid_usb_midi_init
 .text.adc_async_window_threshold_reached
                0x0000a59c        0x8 hal/src/hal_adc_async.o
 .text.adc_async_error_occured
                0x0000a5a4        0x8 hal/src/hal_adc_async.o
 .text.adc_async_channel_conversion_done
                0x0000a5ac       0x68 hal/src/hal_adc_async.o
 .text.adc_async_init
                0x0000a614       0x4c hal/src/hal_adc_async.o
                0x0000a614                adc_async_init
 .text.adc_async_register_channel_buffer
                0x0000a660       0x6c hal/src/hal_adc_async.o
                0x0000a660                adc_async_register_channel_buffer
 .text.adc_async_enable_channel
                0x0000a6cc       0x10 hal/src/hal_adc_async.o
                0x0000a6cc                adc_async_enable_channel
 .text.adc_async_register_callback
                0x0000a6dc       0x3c hal/src/hal_adc_async.o
                0x0000a6dc                adc_async_register_callback
 .text.adc_async_read_channel
                0x0000a718       0x74 hal/src/hal_adc_async.o
                0x0000a718                adc_async_read_channel
 .text.adc_async_start_conversion
                0x0000a78c       0x10 hal/src/hal_adc_async.o
                0x0000a78c                adc_async_start_conversion
 .text.atomic_enter_critical
                0x0000a79c        0xe hal/src/hal_atomic.o
                0x0000a79c                atomic_enter_critical
 .text.atomic_leave_critical
                0x0000a7aa        0xc hal/src/hal_atomic.o
                0x0000a7aa                atomic_leave_critical
 *fill*         0x0000a7b6        0x2 
 .text.crc_sync_init
                0x0000a7b8        0x8 hal/src/hal_crc_sync.o
                0x0000a7b8                crc_sync_init
 .text.delay_init
                0x0000a7c0       0x10 hal/src/hal_delay.o
                0x0000a7c0                delay_init
 .text.delay_us
                0x0000a7d0       0x24 hal/src/hal_delay.o
                0x0000a7d0                delay_us
 .text.delay_ms
                0x0000a7f4       0x24 hal/src/hal_delay.o
                0x0000a7f4                delay_ms
 .text.event_system_init
                0x0000a818        0x8 hal/src/hal_evsys.o
                0x0000a818                event_system_init
 .text.flash_ready
                0x0000a820        0x8 hal/src/hal_flash.o
 .text.flash_error
                0x0000a828        0x8 hal/src/hal_flash.o
 .text.flash_init
                0x0000a830       0x20 hal/src/hal_flash.o
                0x0000a830                flash_init
 .text.flash_read
                0x0000a850       0x4c hal/src/hal_flash.o
                0x0000a850                flash_read
 .text.flash_write
                0x0000a89c       0x64 hal/src/hal_flash.o
                0x0000a89c                flash_write
 .text.flash_erase
                0x0000a900       0x60 hal/src/hal_flash.o
                0x0000a900                flash_erase
 .text.i2c_m_async_write
                0x0000a960       0x2c hal/src/hal_i2c_m_async.o
 .text.i2c_m_async_read
                0x0000a98c       0x2c hal/src/hal_i2c_m_async.o
 .text.i2c_tx_complete
                0x0000a9b8        0xe hal/src/hal_i2c_m_async.o
 .text.i2c_rx_complete
                0x0000a9c6        0xe hal/src/hal_i2c_m_async.o
 .text.i2c_error
                0x0000a9d4        0xe hal/src/hal_i2c_m_async.o
 *fill*         0x0000a9e2        0x2 
 .text.i2c_m_async_init
                0x0000a9e4       0x50 hal/src/hal_i2c_m_async.o
                0x0000a9e4                i2c_m_async_init
 .text.io_write
                0x0000aa34        0x4 hal/src/hal_io.o
                0x0000aa34                io_write
 .text.io_read  0x0000aa38        0x4 hal/src/hal_io.o
                0x0000aa38                io_read
 .text.qspi_dma_init
                0x0000aa3c        0x8 hal/src/hal_qspi_dma.o
                0x0000aa3c                qspi_dma_init
 .text._spi_m_async_io_write
                0x0000aa44       0x20 hal/src/hal_spi_m_async.o
 .text._spi_m_async_io_read
                0x0000aa64       0x34 hal/src/hal_spi_m_async.o
 .text._spi_dev_error
                0x0000aa98       0x40 hal/src/hal_spi_m_async.o
 .text._spi_dev_complete
                0x0000aad8       0x2c hal/src/hal_spi_m_async.o
 .text._spi_dev_rx
                0x0000ab04       0x7c hal/src/hal_spi_m_async.o
 .text._spi_dev_tx
                0x0000ab80       0x48 hal/src/hal_spi_m_async.o
 .text.spi_m_async_init
                0x0000abc8       0x64 hal/src/hal_spi_m_async.o
                0x0000abc8                spi_m_async_init
 .text.spi_m_async_enable
                0x0000ac2c        0xc hal/src/hal_spi_m_async.o
                0x0000ac2c                spi_m_async_enable
 .text.spi_m_async_set_baudrate
                0x0000ac38       0x18 hal/src/hal_spi_m_async.o
                0x0000ac38                spi_m_async_set_baudrate
 .text.spi_m_async_set_mode
                0x0000ac50       0x18 hal/src/hal_spi_m_async.o
                0x0000ac50                spi_m_async_set_mode
 .text.spi_m_async_transfer
                0x0000ac68       0x48 hal/src/hal_spi_m_async.o
                0x0000ac68                spi_m_async_transfer
 .text.spi_m_async_register_callback
                0x0000acb0       0x1c hal/src/hal_spi_m_async.o
                0x0000acb0                spi_m_async_register_callback
 .text.spi_m_async_get_io_descriptor
                0x0000accc        0x8 hal/src/hal_spi_m_async.o
                0x0000accc                spi_m_async_get_io_descriptor
 .text._spi_m_dma_io_write
                0x0000acd4       0x18 hal/src/hal_spi_m_dma.o
 .text._spi_m_dma_io_read
                0x0000acec       0x18 hal/src/hal_spi_m_dma.o
 .text.spi_m_dma_init
                0x0000ad04       0x24 hal/src/hal_spi_m_dma.o
                0x0000ad04                spi_m_dma_init
 .text.spi_m_dma_enable
                0x0000ad28        0xc hal/src/hal_spi_m_dma.o
                0x0000ad28                spi_m_dma_enable
 .text.spi_m_dma_register_callback
                0x0000ad34        0xc hal/src/hal_spi_m_dma.o
                0x0000ad34                spi_m_dma_register_callback
 .text.spi_m_dma_get_io_descriptor
                0x0000ad40        0x8 hal/src/hal_spi_m_dma.o
                0x0000ad40                spi_m_dma_get_io_descriptor
 .text.timer_add_timer_task
                0x0000ad48       0x4c hal/src/hal_timer.o
 .text.timer_process_counted
                0x0000ad94       0x6c hal/src/hal_timer.o
 .text.timer_init
                0x0000ae00       0x1c hal/src/hal_timer.o
                0x0000ae00                timer_init
 .text.timer_start
                0x0000ae1c       0x24 hal/src/hal_timer.o
                0x0000ae1c                timer_start
 .text.timer_add_task
                0x0000ae40       0x78 hal/src/hal_timer.o
                0x0000ae40                timer_add_task
 .text.usart_transmission_complete
                0x0000aeb8       0x10 hal/src/hal_usart_async.o
 .text.usart_error
                0x0000aec8       0x10 hal/src/hal_usart_async.o
 .text.usart_fill_rx_buffer
                0x0000aed8       0x20 hal/src/hal_usart_async.o
 .text.usart_async_write
                0x0000aef8       0x34 hal/src/hal_usart_async.o
 .text.usart_process_byte_sent
                0x0000af2c       0x34 hal/src/hal_usart_async.o
 .text.usart_async_read
                0x0000af60       0x54 hal/src/hal_usart_async.o
 .text.usart_async_init
                0x0000afb4       0x60 hal/src/hal_usart_async.o
                0x0000afb4                usart_async_init
 .text.usart_async_enable
                0x0000b014       0x10 hal/src/hal_usart_async.o
                0x0000b014                usart_async_enable
 .text.usart_async_disable
                0x0000b024       0x10 hal/src/hal_usart_async.o
                0x0000b024                usart_async_disable
 .text.usart_async_get_io_descriptor
                0x0000b034        0x6 hal/src/hal_usart_async.o
                0x0000b034                usart_async_get_io_descriptor
 *fill*         0x0000b03a        0x2 
 .text.usart_async_register_callback
                0x0000b03c       0x44 hal/src/hal_usart_async.o
                0x0000b03c                usart_async_register_callback
 .text.usart_async_set_parity
                0x0000b080       0x10 hal/src/hal_usart_async.o
                0x0000b080                usart_async_set_parity
 .text.usart_sync_write
                0x0000b090       0x50 hal/src/hal_usart_sync.o
 .text.usart_sync_read
                0x0000b0e0       0x38 hal/src/hal_usart_sync.o
 .text.usart_sync_init
                0x0000b118       0x24 hal/src/hal_usart_sync.o
                0x0000b118                usart_sync_init
 .text.usart_sync_enable
                0x0000b13c       0x10 hal/src/hal_usart_sync.o
                0x0000b13c                usart_sync_enable
 .text._usb_d_find_ep
                0x0000b14c       0x30 hal/src/hal_usb_device.o
 .text.usb_d_dummy_cb_false
                0x0000b17c        0x4 hal/src/hal_usb_device.o
 .text.usb_d_cb_trans_more
                0x0000b180       0x30 hal/src/hal_usb_device.o
 .text._usb_d_cb_trans_done
                0x0000b1b0      0x108 hal/src/hal_usb_device.o
 .text.usb_d_cb_trans_setup
                0x0000b2b8       0x8c hal/src/hal_usb_device.o
 .text.usb_d_init
                0x0000b344       0x68 hal/src/hal_usb_device.o
                0x0000b344                usb_d_init
 .text.usb_d_register_callback
                0x0000b3ac        0x8 hal/src/hal_usb_device.o
                0x0000b3ac                usb_d_register_callback
 .text.usb_d_enable
                0x0000b3b4        0x8 hal/src/hal_usb_device.o
                0x0000b3b4                usb_d_enable
 .text.usb_d_attach
                0x0000b3bc        0x8 hal/src/hal_usb_device.o
                0x0000b3bc                usb_d_attach
 .text.usb_d_get_frame_num
                0x0000b3c4        0x8 hal/src/hal_usb_device.o
                0x0000b3c4                usb_d_get_frame_num
 .text.usb_d_set_address
                0x0000b3cc        0x8 hal/src/hal_usb_device.o
                0x0000b3cc                usb_d_set_address
 .text.usb_d_ep_init
                0x0000b3d4       0x50 hal/src/hal_usb_device.o
                0x0000b3d4                usb_d_ep_init
 .text.usb_d_ep0_init
                0x0000b424       0x10 hal/src/hal_usb_device.o
                0x0000b424                usb_d_ep0_init
 .text.usb_d_ep_deinit
                0x0000b434       0x2c hal/src/hal_usb_device.o
                0x0000b434                usb_d_ep_deinit
 .text.usb_d_ep_enable
                0x0000b460       0x40 hal/src/hal_usb_device.o
                0x0000b460                usb_d_ep_enable
 .text.usb_d_ep_transfer
                0x0000b4a0       0xf8 hal/src/hal_usb_device.o
                0x0000b4a0                usb_d_ep_transfer
 .text.usb_d_ep_halt
                0x0000b598       0x64 hal/src/hal_usb_device.o
                0x0000b598                usb_d_ep_halt
 .text.usb_d_ep_register_callback
                0x0000b5fc       0x4c hal/src/hal_usb_device.o
                0x0000b5fc                usb_d_ep_register_callback
 .text.is_list_element
                0x0000b648        0xe hal/utils/src/utils_list.o
                0x0000b648                is_list_element
 .text.list_insert_as_head
                0x0000b656        0x8 hal/utils/src/utils_list.o
                0x0000b656                list_insert_as_head
 .text.list_insert_after
                0x0000b65e        0x8 hal/utils/src/utils_list.o
                0x0000b65e                list_insert_after
 .text.list_insert_at_end
                0x0000b666       0x18 hal/utils/src/utils_list.o
                0x0000b666                list_insert_at_end
 .text.list_remove_head
                0x0000b67e        0xc hal/utils/src/utils_list.o
                0x0000b67e                list_remove_head
 .text.ringbuffer_init
                0x0000b68a       0x18 hal/utils/src/utils_ringbuffer.o
                0x0000b68a                ringbuffer_init
 .text.ringbuffer_get
                0x0000b6a2       0x22 hal/utils/src/utils_ringbuffer.o
                0x0000b6a2                ringbuffer_get
 .text.ringbuffer_put
                0x0000b6c4       0x26 hal/utils/src/utils_ringbuffer.o
                0x0000b6c4                ringbuffer_put
 .text.ringbuffer_num
                0x0000b6ea        0x8 hal/utils/src/utils_ringbuffer.o
                0x0000b6ea                ringbuffer_num
 *fill*         0x0000b6f2        0x2 
 .text._sbrk    0x0000b6f4       0x1c hal/utils/src/utils_syscalls.o
                0x0000b6f4                _sbrk
 .text._close   0x0000b710        0x6 hal/utils/src/utils_syscalls.o
                0x0000b710                _close
 .text._fstat   0x0000b716        0xa hal/utils/src/utils_syscalls.o
                0x0000b716                _fstat
 .text._isatty  0x0000b720        0x4 hal/utils/src/utils_syscalls.o
                0x0000b720                _isatty
 .text._lseek   0x0000b724        0x4 hal/utils/src/utils_syscalls.o
                0x0000b724                _lseek
 .text.__NVIC_DisableIRQ
                0x0000b728       0x28 hpl/adc/hpl_adc.o
 .text.__NVIC_ClearPendingIRQ
                0x0000b750       0x20 hpl/adc/hpl_adc.o
 .text.hri_adc_wait_for_sync
                0x0000b770        0x8 hpl/adc/hpl_adc.o
 .text.hri_adc_set_CTRLA_ENABLE_bit
                0x0000b778       0x14 hpl/adc/hpl_adc.o
 .text.hri_adc_clear_CTRLA_ENABLE_bit
                0x0000b78c       0x18 hpl/adc/hpl_adc.o
 .text._adc_get_regs
                0x0000b7a4       0x14 hpl/adc/hpl_adc.o
 .text._adc_interrupt_handler
                0x0000b7b8       0x4e hpl/adc/hpl_adc.o
 .text._adc_get_irq_num.isra.0
                0x0000b806       0x14 hpl/adc/hpl_adc.o
 *fill*         0x0000b81a        0x2 
 .text._adc_init
                0x0000b81c       0xc8 hpl/adc/hpl_adc.o
 .text._adc_async_init
                0x0000b8e4       0xb4 hpl/adc/hpl_adc.o
                0x0000b8e4                _adc_async_init
 .text._adc_async_enable_channel
                0x0000b998        0xc hpl/adc/hpl_adc.o
                0x0000b998                _adc_async_enable_channel
 .text._adc_async_get_data_size
                0x0000b9a4       0x12 hpl/adc/hpl_adc.o
                0x0000b9a4                _adc_async_get_data_size
 *fill*         0x0000b9b6        0x2 
 .text._adc_async_convert
                0x0000b9b8       0x18 hpl/adc/hpl_adc.o
                0x0000b9b8                _adc_async_convert
 .text._adc_async_set_irq_state
                0x0000b9d0       0x20 hpl/adc/hpl_adc.o
                0x0000b9d0                _adc_async_set_irq_state
 .text.ADC0_1_Handler
                0x0000b9f0       0x10 hpl/adc/hpl_adc.o
                0x0000b9f0                ADC0_1_Handler
 .text.ADC0_0_Handler
                0x0000ba00        0x8 hpl/adc/hpl_adc.o
                0x0000ba00                ADC0_0_Handler
 .text.ADC1_1_Handler
                0x0000ba08       0x10 hpl/adc/hpl_adc.o
                0x0000ba08                ADC1_1_Handler
 .text.ADC1_0_Handler
                0x0000ba18        0x8 hpl/adc/hpl_adc.o
                0x0000ba18                ADC1_0_Handler
 .text._irq_set
                0x0000ba20       0x1c hpl/core/hpl_core_m4.o
                0x0000ba20                _irq_set
 .text._get_cycles_for_us
                0x0000ba3c        0x6 hpl/core/hpl_core_m4.o
                0x0000ba3c                _get_cycles_for_us
 *fill*         0x0000ba42        0x2 
 .text._get_cycles_for_ms
                0x0000ba44        0xc hpl/core/hpl_core_m4.o
                0x0000ba44                _get_cycles_for_ms
 .text._init_chip
                0x0000ba50       0x5c hpl/core/hpl_init.o
                0x0000ba50                _init_chip
 .text._dmac_handler
                0x0000baac       0x50 hpl/dmac/hpl_dmac.o
 .text._dma_init
                0x0000bafc       0xd0 hpl/dmac/hpl_dmac.o
                0x0000bafc                _dma_init
 .text._dma_set_irq_state
                0x0000bbcc       0x28 hpl/dmac/hpl_dmac.o
                0x0000bbcc                _dma_set_irq_state
 .text._dma_set_destination_address
                0x0000bbf4       0x10 hpl/dmac/hpl_dmac.o
                0x0000bbf4                _dma_set_destination_address
 .text._dma_set_source_address
                0x0000bc04       0x10 hpl/dmac/hpl_dmac.o
                0x0000bc04                _dma_set_source_address
 .text._dma_srcinc_enable
                0x0000bc14       0x1c hpl/dmac/hpl_dmac.o
                0x0000bc14                _dma_srcinc_enable
 .text._dma_set_data_amount
                0x0000bc30       0x44 hpl/dmac/hpl_dmac.o
                0x0000bc30                _dma_set_data_amount
 .text._dma_enable_transaction
                0x0000bc74       0x3c hpl/dmac/hpl_dmac.o
                0x0000bc74                _dma_enable_transaction
 .text._dma_get_channel_resource
                0x0000bcb0       0x14 hpl/dmac/hpl_dmac.o
                0x0000bcb0                _dma_get_channel_resource
 .text.DMAC_0_Handler
                0x0000bcc4        0x8 hpl/dmac/hpl_dmac.o
                0x0000bcc4                DMAC_0_Handler
 .text.DMAC_1_Handler
                0x0000bccc        0x8 hpl/dmac/hpl_dmac.o
                0x0000bccc                DMAC_1_Handler
 .text.DMAC_2_Handler
                0x0000bcd4        0x8 hpl/dmac/hpl_dmac.o
                0x0000bcd4                DMAC_2_Handler
 .text.DMAC_3_Handler
                0x0000bcdc        0x8 hpl/dmac/hpl_dmac.o
                0x0000bcdc                DMAC_3_Handler
 .text.DMAC_4_Handler
                0x0000bce4        0x8 hpl/dmac/hpl_dmac.o
                0x0000bce4                DMAC_4_Handler
 .text._crc_sync_init
                0x0000bcec        0x6 hpl/dsu/hpl_dsu.o
                0x0000bcec                _crc_sync_init
 *fill*         0x0000bcf2        0x2 
 .text._event_system_init
                0x0000bcf4       0x58 hpl/evsys/hpl_evsys.o
                0x0000bcf4                _event_system_init
 .text.hri_gclk_wait_for_sync.constprop.0
                0x0000bd4c       0x14 hpl/gclk/hpl_gclk.o
 .text._gclk_init_generators_by_fref
                0x0000bd60       0x58 hpl/gclk/hpl_gclk.o
                0x0000bd60                _gclk_init_generators_by_fref
 .text._mclk_init
                0x0000bdb8        0xc hpl/mclk/hpl_mclk.o
                0x0000bdb8                _mclk_init
 .text._flash_program
                0x0000bdc4       0x3c hpl/nvmctrl/hpl_nvmctrl.o
 .text._user_row_write_exec
                0x0000be00       0x88 hpl/nvmctrl/hpl_nvmctrl.o
 .text._flash_init
                0x0000be88       0x4c hpl/nvmctrl/hpl_nvmctrl.o
                0x0000be88                _flash_init
 .text._flash_get_page_size
                0x0000bed4        0x6 hpl/nvmctrl/hpl_nvmctrl.o
                0x0000bed4                _flash_get_page_size
 .text._flash_get_total_pages
                0x0000beda        0x8 hpl/nvmctrl/hpl_nvmctrl.o
                0x0000beda                _flash_get_total_pages
 .text._flash_read
                0x0000bee2       0x1e hpl/nvmctrl/hpl_nvmctrl.o
                0x0000bee2                _flash_read
 .text._flash_write
                0x0000bf00       0xd0 hpl/nvmctrl/hpl_nvmctrl.o
                0x0000bf00                _flash_write
 .text._flash_erase
                0x0000bfd0       0xa8 hpl/nvmctrl/hpl_nvmctrl.o
                0x0000bfd0                _flash_erase
 .text._flash_is_locked
                0x0000c078       0x18 hpl/nvmctrl/hpl_nvmctrl.o
                0x0000c078                _flash_is_locked
 .text.NVMCTRL_1_Handler
                0x0000c090       0x2c hpl/nvmctrl/hpl_nvmctrl.o
                0x0000c090                NVMCTRL_1_Handler
 .text.NVMCTRL_0_Handler
                0x0000c0bc        0x8 hpl/nvmctrl/hpl_nvmctrl.o
                0x0000c0bc                NVMCTRL_0_Handler
 .text._user_area_read
                0x0000c0c4       0x60 hpl/nvmctrl/hpl_nvmctrl.o
                0x0000c0c4                _user_area_read
 .text._user_area_write
                0x0000c124       0x78 hpl/nvmctrl/hpl_nvmctrl.o
                0x0000c124                _user_area_write
 .text._osc32kctrl_init_sources
                0x0000c19c       0x14 hpl/osc32kctrl/hpl_osc32kctrl.o
                0x0000c19c                _osc32kctrl_init_sources
 .text._oscctrl_init_sources
                0x0000c1b0        0x2 hpl/oscctrl/hpl_oscctrl.o
                0x0000c1b0                _oscctrl_init_sources
 *fill*         0x0000c1b2        0x2 
 .text._oscctrl_init_referenced_generators
                0x0000c1b4       0xfc hpl/oscctrl/hpl_oscctrl.o
                0x0000c1b4                _oscctrl_init_referenced_generators
 .text._qspi_dma_tx_complete
                0x0000c2b0       0x14 hpl/qspi/hpl_qspi.o
 .text._qspi_dma_rx_complete
                0x0000c2c4        0x8 hpl/qspi/hpl_qspi.o
 .text._qspi_dma_error_occured
                0x0000c2cc        0xa hpl/qspi/hpl_qspi.o
 *fill*         0x0000c2d6        0x2 
 .text._qspi_dma_init
                0x0000c2d8       0x58 hpl/qspi/hpl_qspi.o
                0x0000c2d8                _qspi_dma_init
 .text.RAMECC_Handler
                0x0000c330       0x3c hpl/ramecc/hpl_ramecc.o
                0x0000c330                RAMECC_Handler
 .text.hri_rtcmode0_wait_for_sync
                0x0000c36c        0x8 hpl/rtc/hpl_rtc.o
 .text._rtc_timer_stop
                0x0000c374       0x1c hpl/rtc/hpl_rtc.o
                0x0000c374                _rtc_timer_stop
 .text._rtc_timer_set_period
                0x0000c390       0x10 hpl/rtc/hpl_rtc.o
                0x0000c390                _rtc_timer_set_period
 .text._rtc_timer_get_period
                0x0000c3a0       0x14 hpl/rtc/hpl_rtc.o
                0x0000c3a0                _rtc_timer_get_period
 .text._rtc_timer_is_started
                0x0000c3b4       0x1c hpl/rtc/hpl_rtc.o
                0x0000c3b4                _rtc_timer_is_started
 .text._rtc_timer_set_irq
                0x0000c3d0        0x2 hpl/rtc/hpl_rtc.o
                0x0000c3d0                _rtc_timer_set_irq
 *fill*         0x0000c3d2        0x2 
 .text._rtc_timer_start
                0x0000c3d4       0x3c hpl/rtc/hpl_rtc.o
                0x0000c3d4                _rtc_timer_start
 .text._rtc_timer_deinit
                0x0000c410       0x28 hpl/rtc/hpl_rtc.o
                0x0000c410                _rtc_timer_deinit
 .text._rtc_timer_init
                0x0000c438       0x48 hpl/rtc/hpl_rtc.o
                0x0000c438                _rtc_timer_init
 .text._rtc_get_timer
                0x0000c480        0x8 hpl/rtc/hpl_rtc.o
                0x0000c480                _rtc_get_timer
 .text.RTC_Handler
                0x0000c488       0x24 hpl/rtc/hpl_rtc.o
                0x0000c488                RTC_Handler
 .text.__NVIC_EnableIRQ
                0x0000c4ac       0x1c hpl/sercom/hpl_sercom.o
 .text.__NVIC_DisableIRQ
                0x0000c4c8       0x28 hpl/sercom/hpl_sercom.o
 .text.__NVIC_ClearPendingIRQ
                0x0000c4f0       0x20 hpl/sercom/hpl_sercom.o
 .text.hri_sercomi2cm_wait_for_sync
                0x0000c510        0x8 hpl/sercom/hpl_sercom.o
 .text.hri_sercomspi_wait_for_sync
                0x0000c518        0x8 hpl/sercom/hpl_sercom.o
 .text.hri_sercomusart_wait_for_sync
                0x0000c520        0x8 hpl/sercom/hpl_sercom.o
 .text.hri_sercomi2cm_clear_CTRLA_ENABLE_bit
                0x0000c528       0x14 hpl/sercom/hpl_sercom.o
 .text.hri_sercomspi_clear_CTRLA_ENABLE_bit
                0x0000c53c       0x14 hpl/sercom/hpl_sercom.o
 .text.hri_sercomusart_get_CTRLA_ENABLE_bit
                0x0000c550       0x14 hpl/sercom/hpl_sercom.o
 .text.hri_sercomusart_write_CTRLA_ENABLE_bit
                0x0000c564       0x18 hpl/sercom/hpl_sercom.o
 .text.hri_sercomusart_clear_CTRLA_ENABLE_bit
                0x0000c57c       0x14 hpl/sercom/hpl_sercom.o
 .text._sercom_get_hardware_index
                0x0000c590       0x34 hpl/sercom/hpl_sercom.o
 .text._sercom_usart_interrupt_handler
                0x0000c5c4       0x70 hpl/sercom/hpl_sercom.o
 .text._sercom_init_irq_param
                0x0000c634       0x60 hpl/sercom/hpl_sercom.o
 .text._get_i2cm_index
                0x0000c694       0x14 hpl/sercom/hpl_sercom.o
 .text._sercom_get_irq_num
                0x0000c6a8       0x14 hpl/sercom/hpl_sercom.o
 .text._spi_sync_enable
                0x0000c6bc       0x28 hpl/sercom/hpl_sercom.o
 .text._spi_get_regs
                0x0000c6e4       0x2c hpl/sercom/hpl_sercom.o
 .text._spi_get_tx_dma_channel
                0x0000c710       0x14 hpl/sercom/hpl_sercom.o
 .text._spi_get_rx_dma_channel
                0x0000c724       0x14 hpl/sercom/hpl_sercom.o
 .text._spi_dma_rx_complete
                0x0000c738        0xa hpl/sercom/hpl_sercom.o
 .text._spi_dma_tx_complete
                0x0000c742        0xa hpl/sercom/hpl_sercom.o
 .text._spi_dma_error_occured
                0x0000c74c        0xa hpl/sercom/hpl_sercom.o
 *fill*         0x0000c756        0x2 
 .text._usart_set_parity
                0x0000c758       0x78 hpl/sercom/hpl_sercom.o
 .text._sercom_i2c_send_stop
                0x0000c7d0       0x14 hpl/sercom/hpl_sercom.o
 .text._sercom_i2c_sync_analyse_flags
                0x0000c7e4      0x16c hpl/sercom/hpl_sercom.o
 .text._spi_load_regs_master
                0x0000c950       0x3c hpl/sercom/hpl_sercom.o
 .text._spi_set_mode
                0x0000c98c       0x34 hpl/sercom/hpl_sercom.o
 .text._i2c_m_sync_init_impl
                0x0000c9c0       0xb0 hpl/sercom/hpl_sercom.o
 .text._usart_init
                0x0000ca70       0xdc hpl/sercom/hpl_sercom.o
 .text._usart_sync_init
                0x0000cb4c        0xc hpl/sercom/hpl_sercom.o
                0x0000cb4c                _usart_sync_init
 .text._usart_async_init
                0x0000cb58       0x64 hpl/sercom/hpl_sercom.o
                0x0000cb58                _usart_async_init
 .text._usart_sync_enable
                0x0000cbbc       0x14 hpl/sercom/hpl_sercom.o
                0x0000cbbc                _usart_sync_enable
 .text._usart_async_enable
                0x0000cbd0       0x14 hpl/sercom/hpl_sercom.o
                0x0000cbd0                _usart_async_enable
 .text._usart_async_disable
                0x0000cbe4        0xc hpl/sercom/hpl_sercom.o
                0x0000cbe4                _usart_async_disable
 .text._usart_async_set_parity
                0x0000cbf0        0xc hpl/sercom/hpl_sercom.o
                0x0000cbf0                _usart_async_set_parity
 .text._usart_sync_write_byte
                0x0000cbfc        0x6 hpl/sercom/hpl_sercom.o
                0x0000cbfc                _usart_sync_write_byte
 .text._usart_async_write_byte
                0x0000cc02        0x6 hpl/sercom/hpl_sercom.o
                0x0000cc02                _usart_async_write_byte
 .text._usart_sync_read_byte
                0x0000cc08        0x8 hpl/sercom/hpl_sercom.o
                0x0000cc08                _usart_sync_read_byte
 .text._usart_sync_is_ready_to_send
                0x0000cc10        0xa hpl/sercom/hpl_sercom.o
                0x0000cc10                _usart_sync_is_ready_to_send
 .text._usart_sync_is_transmit_done
                0x0000cc1a        0xa hpl/sercom/hpl_sercom.o
                0x0000cc1a                _usart_sync_is_transmit_done
 .text._usart_sync_is_byte_received
                0x0000cc24        0xa hpl/sercom/hpl_sercom.o
                0x0000cc24                _usart_sync_is_byte_received
 .text._usart_async_enable_byte_sent_irq
                0x0000cc2e        0x8 hpl/sercom/hpl_sercom.o
                0x0000cc2e                _usart_async_enable_byte_sent_irq
 .text._usart_async_enable_tx_done_irq
                0x0000cc36        0x8 hpl/sercom/hpl_sercom.o
                0x0000cc36                _usart_async_enable_tx_done_irq
 .text._usart_async_set_irq_state
                0x0000cc3e       0x32 hpl/sercom/hpl_sercom.o
                0x0000cc3e                _usart_async_set_irq_state
 .text._i2c_m_async_init
                0x0000cc70       0x64 hpl/sercom/hpl_sercom.o
                0x0000cc70                _i2c_m_async_init
 .text._i2c_m_async_transfer
                0x0000ccd4       0xc0 hpl/sercom/hpl_sercom.o
                0x0000ccd4                _i2c_m_async_transfer
 .text._i2c_m_async_register_callback
                0x0000cd94       0x1a hpl/sercom/hpl_sercom.o
                0x0000cd94                _i2c_m_async_register_callback
 *fill*         0x0000cdae        0x2 
 .text.SERCOM0_3_Handler
                0x0000cdb0       0x10 hpl/sercom/hpl_sercom.o
                0x0000cdb0                SERCOM0_3_Handler
 .text.SERCOM0_2_Handler
                0x0000cdc0        0x8 hpl/sercom/hpl_sercom.o
                0x0000cdc0                SERCOM0_2_Handler
 .text.SERCOM0_1_Handler
                0x0000cdc8        0x8 hpl/sercom/hpl_sercom.o
                0x0000cdc8                SERCOM0_1_Handler
 .text.SERCOM0_0_Handler
                0x0000cdd0        0x8 hpl/sercom/hpl_sercom.o
                0x0000cdd0                SERCOM0_0_Handler
 .text.SERCOM1_3_Handler
                0x0000cdd8       0x10 hpl/sercom/hpl_sercom.o
                0x0000cdd8                SERCOM1_3_Handler
 .text.SERCOM1_2_Handler
                0x0000cde8        0x8 hpl/sercom/hpl_sercom.o
                0x0000cde8                SERCOM1_2_Handler
 .text.SERCOM1_1_Handler
                0x0000cdf0        0x8 hpl/sercom/hpl_sercom.o
                0x0000cdf0                SERCOM1_1_Handler
 .text.SERCOM1_0_Handler
                0x0000cdf8        0x8 hpl/sercom/hpl_sercom.o
                0x0000cdf8                SERCOM1_0_Handler
 .text.SERCOM3_3_Handler
                0x0000ce00       0x44 hpl/sercom/hpl_sercom.o
                0x0000ce00                SERCOM3_3_Handler
 .text.SERCOM3_2_Handler
                0x0000ce44        0x8 hpl/sercom/hpl_sercom.o
                0x0000ce44                SERCOM3_2_Handler
 .text.SERCOM3_1_Handler
                0x0000ce4c        0x8 hpl/sercom/hpl_sercom.o
                0x0000ce4c                SERCOM3_1_Handler
 .text.SERCOM3_0_Handler
                0x0000ce54        0x8 hpl/sercom/hpl_sercom.o
                0x0000ce54                SERCOM3_0_Handler
 .text.SERCOM4_3_Handler
                0x0000ce5c       0x10 hpl/sercom/hpl_sercom.o
                0x0000ce5c                SERCOM4_3_Handler
 .text.SERCOM4_2_Handler
                0x0000ce6c        0x8 hpl/sercom/hpl_sercom.o
                0x0000ce6c                SERCOM4_2_Handler
 .text.SERCOM4_1_Handler
                0x0000ce74        0x8 hpl/sercom/hpl_sercom.o
                0x0000ce74                SERCOM4_1_Handler
 .text.SERCOM4_0_Handler
                0x0000ce7c        0x8 hpl/sercom/hpl_sercom.o
                0x0000ce7c                SERCOM4_0_Handler
 .text.SERCOM5_3_Handler
                0x0000ce84       0x64 hpl/sercom/hpl_sercom.o
                0x0000ce84                SERCOM5_3_Handler
 .text.SERCOM5_2_Handler
                0x0000cee8        0x8 hpl/sercom/hpl_sercom.o
                0x0000cee8                SERCOM5_2_Handler
 .text.SERCOM5_1_Handler
                0x0000cef0        0x8 hpl/sercom/hpl_sercom.o
                0x0000cef0                SERCOM5_1_Handler
 .text.SERCOM5_0_Handler
                0x0000cef8        0x8 hpl/sercom/hpl_sercom.o
                0x0000cef8                SERCOM5_0_Handler
 .text.SERCOM6_3_Handler
                0x0000cf00       0x10 hpl/sercom/hpl_sercom.o
                0x0000cf00                SERCOM6_3_Handler
 .text.SERCOM6_2_Handler
                0x0000cf10        0x8 hpl/sercom/hpl_sercom.o
                0x0000cf10                SERCOM6_2_Handler
 .text.SERCOM6_1_Handler
                0x0000cf18        0x8 hpl/sercom/hpl_sercom.o
                0x0000cf18                SERCOM6_1_Handler
 .text.SERCOM6_0_Handler
                0x0000cf20        0x8 hpl/sercom/hpl_sercom.o
                0x0000cf20                SERCOM6_0_Handler
 .text._spi_m_sync_init
                0x0000cf28       0xd0 hpl/sercom/hpl_sercom.o
                0x0000cf28                _spi_m_sync_init
 .text._spi_m_async_init
                0x0000cff8       0x58 hpl/sercom/hpl_sercom.o
                0x0000cff8                _spi_m_async_init
 .text._spi_s_async_enable
                0x0000d050       0x34 hpl/sercom/hpl_sercom.o
                0x0000d050                _spi_s_async_enable
 .text._spi_m_async_enable
                0x0000d084        0x8 hpl/sercom/hpl_sercom.o
                0x0000d084                _spi_m_async_enable
 .text._spi_s_async_set_mode
                0x0000d08c        0xc hpl/sercom/hpl_sercom.o
                0x0000d08c                _spi_s_async_set_mode
 .text._spi_m_async_set_mode
                0x0000d098        0x8 hpl/sercom/hpl_sercom.o
                0x0000d098                _spi_m_async_set_mode
 .text._spi_m_async_set_baudrate
                0x0000d0a0       0x14 hpl/sercom/hpl_sercom.o
                0x0000d0a0                _spi_m_async_set_baudrate
 .text._spi_m_async_enable_tx
                0x0000d0b4       0x10 hpl/sercom/hpl_sercom.o
                0x0000d0b4                _spi_m_async_enable_tx
 .text._spi_m_async_enable_rx
                0x0000d0c4       0x10 hpl/sercom/hpl_sercom.o
                0x0000d0c4                _spi_m_async_enable_rx
 .text._spi_m_async_enable_tx_complete
                0x0000d0d4       0x10 hpl/sercom/hpl_sercom.o
                0x0000d0d4                _spi_m_async_enable_tx_complete
 .text._spi_m_async_write_one
                0x0000d0e4        0x8 hpl/sercom/hpl_sercom.o
                0x0000d0e4                _spi_m_async_write_one
 .text._spi_m_async_read_one
                0x0000d0ec        0x8 hpl/sercom/hpl_sercom.o
                0x0000d0ec                _spi_m_async_read_one
 .text._spi_m_async_register_callback
                0x0000d0f4        0xa hpl/sercom/hpl_sercom.o
                0x0000d0f4                _spi_m_async_register_callback
 .text._spi_m_async_set_irq_state
                0x0000d0fe       0x12 hpl/sercom/hpl_sercom.o
                0x0000d0fe                _spi_m_async_set_irq_state
 .text._spi_m_dma_init
                0x0000d110       0xc4 hpl/sercom/hpl_sercom.o
                0x0000d110                _spi_m_dma_init
 .text._spi_m_dma_enable
                0x0000d1d4        0xc hpl/sercom/hpl_sercom.o
                0x0000d1d4                _spi_m_dma_enable
 .text._spi_m_dma_register_callback
                0x0000d1e0       0x64 hpl/sercom/hpl_sercom.o
                0x0000d1e0                _spi_m_dma_register_callback
 .text._spi_m_dma_transfer
                0x0000d244       0xf8 hpl/sercom/hpl_sercom.o
                0x0000d244                _spi_m_dma_transfer
 .text._delay_init
                0x0000d33c       0x14 hpl/systick/hpl_systick.o
                0x0000d33c                _delay_init
 .text._delay_cycles
                0x0000d350       0x38 hpl/systick/hpl_systick.o
                0x0000d350                _delay_cycles
 .text.__NVIC_DisableIRQ
                0x0000d388       0x28 hpl/tc/hpl_tc.o
 .text.hri_tc_wait_for_sync
                0x0000d3b0        0x8 hpl/tc/hpl_tc.o
 .text._tc_timer_start
                0x0000d3b8       0x14 hpl/tc/hpl_tc.o
                0x0000d3b8                _tc_timer_start
 .text._tc_timer_get_period
                0x0000d3cc       0x50 hpl/tc/hpl_tc.o
                0x0000d3cc                _tc_timer_get_period
 .text._tc_timer_is_started
                0x0000d41c       0x18 hpl/tc/hpl_tc.o
                0x0000d41c                _tc_timer_is_started
 .text.tc_interrupt_handler
                0x0000d434       0x12 hpl/tc/hpl_tc.o
 *fill*         0x0000d446        0x2 
 .text.get_tc_index
                0x0000d448       0x50 hpl/tc/hpl_tc.o
 .text._tc_timer_set_irq
                0x0000d498       0x28 hpl/tc/hpl_tc.o
                0x0000d498                _tc_timer_set_irq
 .text._tc_timer_stop
                0x0000d4c0       0x14 hpl/tc/hpl_tc.o
                0x0000d4c0                _tc_timer_stop
 .text._tc_timer_deinit
                0x0000d4d4       0x4c hpl/tc/hpl_tc.o
                0x0000d4d4                _tc_timer_deinit
 .text._tc_timer_init
                0x0000d520      0x150 hpl/tc/hpl_tc.o
                0x0000d520                _tc_timer_init
 .text._tc_timer_set_period
                0x0000d670       0x3c hpl/tc/hpl_tc.o
                0x0000d670                _tc_timer_set_period
 .text._tc_get_timer
                0x0000d6ac        0x8 hpl/tc/hpl_tc.o
                0x0000d6ac                _tc_get_timer
 .text.TC0_Handler
                0x0000d6b4       0x10 hpl/tc/hpl_tc.o
                0x0000d6b4                TC0_Handler
 .text.TC1_Handler
                0x0000d6c4       0x10 hpl/tc/hpl_tc.o
                0x0000d6c4                TC1_Handler
 .text.TC2_Handler
                0x0000d6d4       0x10 hpl/tc/hpl_tc.o
                0x0000d6d4                TC2_Handler
 .text.TC3_Handler
                0x0000d6e4       0x10 hpl/tc/hpl_tc.o
                0x0000d6e4                TC3_Handler
 .text._dummy_func_no_return
                0x0000d6f4        0x4 hpl/usb/hpl_usb.o
 .text._usb_d_dev_wait_dfll_rdy
                0x0000d6f8       0x24 hpl/usb/hpl_usb.o
 .text._usb_d_dev_ept
                0x0000d71c       0x18 hpl/usb/hpl_usb.o
 .text._usb_d_dev_handle_setup
                0x0000d734       0x84 hpl/usb/hpl_usb.o
 .text._usb_d_dev_handle_stall
                0x0000d7b8       0x28 hpl/usb/hpl_usb.o
 .text._usb_d_dev_trans_done
                0x0000d7e0       0x24 hpl/usb/hpl_usb.o
 .text._usb_d_dev_trans_stop
                0x0000d804       0x64 hpl/usb/hpl_usb.o
 .text._usb_d_dev_handle_trfail
                0x0000d868       0xec hpl/usb/hpl_usb.o
 .text._usb_d_dev_reset_epts
                0x0000d954       0x3c hpl/usb/hpl_usb.o
 .text._usb_d_dev_in_next
                0x0000d990      0x158 hpl/usb/hpl_usb.o
 .text._usb_d_dev_out_next
                0x0000dae8      0x1ac hpl/usb/hpl_usb.o
 .text._usb_d_dev_handler
                0x0000dc94      0x1dc hpl/usb/hpl_usb.o
 .text._usbd_ep_pcksize_size
                0x0000de70       0x3e hpl/usb/hpl_usb.o
 *fill*         0x0000deae        0x2 
 .text._usb_d_dev_init
                0x0000deb0       0xe8 hpl/usb/hpl_usb.o
                0x0000deb0                _usb_d_dev_init
 .text._usb_d_dev_enable
                0x0000df98       0x5c hpl/usb/hpl_usb.o
                0x0000df98                _usb_d_dev_enable
 .text._usb_d_dev_attach
                0x0000dff4       0x12 hpl/usb/hpl_usb.o
                0x0000dff4                _usb_d_dev_attach
 .text._usb_d_dev_set_address
                0x0000e006        0xc hpl/usb/hpl_usb.o
                0x0000e006                _usb_d_dev_set_address
 .text._usb_d_dev_get_frame_n
                0x0000e012        0xc hpl/usb/hpl_usb.o
                0x0000e012                _usb_d_dev_get_frame_n
 *fill*         0x0000e01e        0x2 
 .text._usb_d_dev_ep_init
                0x0000e020       0xc0 hpl/usb/hpl_usb.o
                0x0000e020                _usb_d_dev_ep_init
 .text._usb_d_dev_ep_deinit
                0x0000e0e0       0x84 hpl/usb/hpl_usb.o
                0x0000e0e0                _usb_d_dev_ep_deinit
 .text._usb_d_dev_ep_enable
                0x0000e164      0x17c hpl/usb/hpl_usb.o
                0x0000e164                _usb_d_dev_ep_enable
 .text._usb_d_dev_ep_stall
                0x0000e2e0       0xe4 hpl/usb/hpl_usb.o
                0x0000e2e0                _usb_d_dev_ep_stall
 .text._usb_d_dev_ep_read_req
                0x0000e3c4       0x54 hpl/usb/hpl_usb.o
                0x0000e3c4                _usb_d_dev_ep_read_req
 .text._usb_d_dev_ep_trans
                0x0000e418      0x108 hpl/usb/hpl_usb.o
                0x0000e418                _usb_d_dev_ep_trans
 .text._usb_d_dev_register_callback
                0x0000e520       0x24 hpl/usb/hpl_usb.o
                0x0000e520                _usb_d_dev_register_callback
 .text._usb_d_dev_register_ep_callback
                0x0000e544       0x2c hpl/usb/hpl_usb.o
                0x0000e544                _usb_d_dev_register_ep_callback
 .text.USB_0_Handler
                0x0000e570        0x8 hpl/usb/hpl_usb.o
                0x0000e570                USB_0_Handler
 .text.USB_1_Handler
                0x0000e578        0x8 hpl/usb/hpl_usb.o
                0x0000e578                USB_1_Handler
 .text.USB_2_Handler
                0x0000e580        0x8 hpl/usb/hpl_usb.o
                0x0000e580                USB_2_Handler
 .text.USB_3_Handler
                0x0000e588        0x8 hpl/usb/hpl_usb.o
                0x0000e588                USB_3_Handler
 .text._wdt_init
                0x0000e590       0x42 hpl/wdt/hpl_wdt.o
                0x0000e590                _wdt_init
 *fill*         0x0000e5d2        0x2 
 .text.RTC_Scheduler_ping_cb
                0x0000e5d4       0x50 main.o
 .text.RTC_Scheduler_report_cb
                0x0000e624        0xc main.o
 .text.RTC_Scheduler_heartbeat_cb
                0x0000e630       0x1c main.o
 .text.RTC_Scheduler_realtime_cb
                0x0000e64c       0x80 main.o
 .text.init_timer
                0x0000e6cc       0x84 main.o
                0x0000e6cc                init_timer
 .text.startup.main
                0x0000e750      0x510 main.o
                0x0000e750                main
 .text._read    0x0000ec60       0x20 stdio_redirect/gcc/read.o
                0x0000ec60                _read
 .text._write   0x0000ec80       0x24 stdio_redirect/gcc/write.o
                0x0000ec80                _write
 .text.stdio_io_init
                0x0000eca4       0x2c stdio_redirect/stdio_io.o
                0x0000eca4                stdio_io_init
 .text.stdio_io_read
                0x0000ecd0       0x1c stdio_redirect/stdio_io.o
                0x0000ecd0                stdio_io_read
 .text.stdio_io_write
                0x0000ecec       0x1c stdio_redirect/stdio_io.o
                0x0000ecec                stdio_io_write
 .text.stdio_redirect_init
                0x0000ed08       0x20 stdio_start.o
                0x0000ed08                stdio_redirect_init
 .text.cdcdf_acm_req
                0x0000ed28       0xdc usb/class/cdc/device/cdcdf_acm.o
 .text.cdcdf_acm_ctrl
                0x0000ee04      0x138 usb/class/cdc/device/cdcdf_acm.o
 .text.cdcdf_acm_init
                0x0000ef3c       0x44 usb/class/cdc/device/cdcdf_acm.o
                0x0000ef3c                cdcdf_acm_init
 .text.cdcdf_acm_read
                0x0000ef80       0x2c usb/class/cdc/device/cdcdf_acm.o
                0x0000ef80                cdcdf_acm_read
 .text.cdcdf_acm_write
                0x0000efac       0x2c usb/class/cdc/device/cdcdf_acm.o
                0x0000efac                cdcdf_acm_write
 .text.cdcdf_acm_register_callback
                0x0000efd8       0x40 usb/class/cdc/device/cdcdf_acm.o
                0x0000efd8                cdcdf_acm_register_callback
 .text.hid_keyboard_req
                0x0000f018       0x88 usb/class/hid/device/hiddf_keyboard.o
 .text.hid_keyboard_ctrl
                0x0000f0a0      0x110 usb/class/hid/device/hiddf_keyboard.o
 .text.hiddf_keyboard_init
                0x0000f1b0       0x44 usb/class/hid/device/hiddf_keyboard.o
                0x0000f1b0                hiddf_keyboard_init
 .text.hiddf_keyboard_keys_state_change
                0x0000f1f4       0x8c usb/class/hid/device/hiddf_keyboard.o
                0x0000f1f4                hiddf_keyboard_keys_state_change
 .text.hid_mouse_req
                0x0000f280       0x88 usb/class/hid/device/hiddf_mouse.o
 .text.hid_mouse_ctrl
                0x0000f308       0xe4 usb/class/hid/device/hiddf_mouse.o
 .text.hiddf_mouse_init
                0x0000f3ec       0x44 usb/class/hid/device/hiddf_mouse.o
                0x0000f3ec                hiddf_mouse_init
 .text.hiddf_mouse_move
                0x0000f430       0x48 usb/class/hid/device/hiddf_mouse.o
                0x0000f430                hiddf_mouse_move
 .text.audio_midi_req
                0x0000f478       0x78 usb/class/midi/device/audiodf_midi.o
 .text.audio_midi_ctrl
                0x0000f4f0      0x180 usb/class/midi/device/audiodf_midi.o
 .text.audiodf_midi_init
                0x0000f670       0x44 usb/class/midi/device/audiodf_midi.o
                0x0000f670                audiodf_midi_init
 .text.audiodf_midi_write
                0x0000f6b4       0x28 usb/class/midi/device/audiodf_midi.o
                0x0000f6b4                audiodf_midi_write
 .text.audiodf_midi_read
                0x0000f6dc       0x20 usb/class/midi/device/audiodf_midi.o
                0x0000f6dc                audiodf_midi_read
 .text.audiodf_midi_register_callback
                0x0000f6fc       0x30 usb/class/midi/device/audiodf_midi.o
                0x0000f6fc                audiodf_midi_register_callback
 .text.usbdc_unconfig
                0x0000f72c       0x1c usb/device/usbdc.o
 .text.usbdc_change_notify
                0x0000f748       0x20 usb/device/usbdc.o
 .text.usbdc_request_handler
                0x0000f768       0x38 usb/device/usbdc.o
 .text.usbd_sof_cb
                0x0000f7a0       0x18 usb/device/usbdc.o
 .text.usbdc_cb_ctl_done
                0x0000f7b8       0x68 usb/device/usbdc.o
 .text.usbdc_reset
                0x0000f820       0x5c usb/device/usbdc.o
                0x0000f820                usbdc_reset
 .text.usbd_event_cb
                0x0000f87c       0x18 usb/device/usbdc.o
 .text.usbdc_xfer
                0x0000f894       0x20 usb/device/usbdc.o
                0x0000f894                usbdc_xfer
 .text.usbdc_cb_ctl_req
                0x0000f8b4      0x328 usb/device/usbdc.o
 .text.usbdc_register_handler
                0x0000fbdc       0x2c usb/device/usbdc.o
                0x0000fbdc                usbdc_register_handler
 .text.usbdc_init
                0x0000fc08       0x44 usb/device/usbdc.o
                0x0000fc08                usbdc_init
 .text.usbdc_register_function
                0x0000fc4c       0x10 usb/device/usbdc.o
                0x0000fc4c                usbdc_register_function
 .text.usbdc_start
                0x0000fc5c       0x34 usb/device/usbdc.o
                0x0000fc5c                usbdc_start
 .text.usbdc_attach
                0x0000fc90        0x8 usb/device/usbdc.o
                0x0000fc90                usbdc_attach
 .text.usbdc_get_ctrl_buffer
                0x0000fc98        0xc usb/device/usbdc.o
                0x0000fc98                usbdc_get_ctrl_buffer
 .text.usbdc_get_state
                0x0000fca4       0x14 usb/device/usbdc.o
                0x0000fca4                usbdc_get_state
 .text.usb_find_desc
                0x0000fcb8       0x1a usb/usb_protocol.o
                0x0000fcb8                usb_find_desc
 .text.usb_find_ep_desc
                0x0000fcd2       0x1c usb/usb_protocol.o
                0x0000fcd2                usb_find_ep_desc
 *fill*         0x0000fcee        0x2 
 .text.usb_find_cfg_desc
                0x0000fcf0       0x3c usb/usb_protocol.o
                0x0000fcf0                usb_find_cfg_desc
 .text.usb_find_str_desc
                0x0000fd2c       0x30 usb/usb_protocol.o
                0x0000fd2c                usb_find_str_desc
 .text.gpio_get_pin_level
                0x0000fd5c       0x48 usb_start.o
 .text.hiddf_demo_sof_event
                0x0000fda4       0x78 usb_start.o
 .text.composite_device_init
                0x0000fe1c       0x2c usb_start.o
                0x0000fe1c                composite_device_init
 .text.composite_device_start
                0x0000fe48       0x1c usb_start.o
                0x0000fe48                composite_device_start
 .text.usb_init
                0x0000fe64        0x8 usb_start.o
                0x0000fe64                usb_init
 .text          0x0000fe6c      0x370 c:/program files (x86)/atmel/studio/7.0/toolchain/arm/arm-gnu-toolchain/bin/../lib/gcc/arm-none-eabi/6.3.1/thumb/v7e-m\libgcc.a(_arm_addsubdf3.o)
                0x0000fe6c                __aeabi_drsub
                0x0000fe74                __aeabi_dsub
                0x0000fe74                __subdf3
                0x0000fe78                __aeabi_dadd
                0x0000fe78                __adddf3
                0x000100f0                __floatunsidf
                0x000100f0                __aeabi_ui2d
                0x00010110                __floatsidf
                0x00010110                __aeabi_i2d
                0x00010134                __aeabi_f2d
                0x00010134                __extendsfdf2
                0x00010170                __floatundidf
                0x00010170                __aeabi_ul2d
                0x00010180                __floatdidf
                0x00010180                __aeabi_l2d
 .text          0x000101dc      0x424 c:/program files (x86)/atmel/studio/7.0/toolchain/arm/arm-gnu-toolchain/bin/../lib/gcc/arm-none-eabi/6.3.1/thumb/v7e-m\libgcc.a(_arm_muldivdf3.o)
                0x000101dc                __aeabi_dmul
                0x000101dc                __muldf3
                0x00010430                __divdf3
                0x00010430                __aeabi_ddiv
 .text          0x00010600       0x40 c:/program files (x86)/atmel/studio/7.0/toolchain/arm/arm-gnu-toolchain/bin/../lib/gcc/arm-none-eabi/6.3.1/thumb/v7e-m\libgcc.a(_arm_fixunsdfsi.o)
                0x00010600                __aeabi_d2uiz
                0x00010600                __fixunsdfsi
 .text.__libc_init_array
                0x00010640       0x48 c:/program files (x86)/atmel/studio/7.0/toolchain/arm/arm-gnu-toolchain/bin/../lib/gcc/arm-none-eabi/6.3.1/../../../../arm-none-eabi/lib/thumb/v7e-m\libc_nano.a(lib_a-init.o)
                0x00010640                __libc_init_array
 .text.malloc   0x00010688       0x10 c:/program files (x86)/atmel/studio/7.0/toolchain/arm/arm-gnu-toolchain/bin/../lib/gcc/arm-none-eabi/6.3.1/../../../../arm-none-eabi/lib/thumb/v7e-m\libc_nano.a(lib_a-malloc.o)
                0x00010688                malloc
 .text.memcpy   0x00010698       0x16 c:/program files (x86)/atmel/studio/7.0/toolchain/arm/arm-gnu-toolchain/bin/../lib/gcc/arm-none-eabi/6.3.1/../../../../arm-none-eabi/lib/thumb/v7e-m\libc_nano.a(lib_a-memcpy-stub.o)
                0x00010698                memcpy