Archive member included to satisfy reference by file (symbol)

c:/program files (x86)/atmel/studio/7.0/toolchain/arm/arm-gnu-toolchain/bin/../lib/gcc/arm-none-eabi/6.3.1/thumb/v7e-m\libgcc.a(_arm_addsubdf3.o)
                              hpl/sercom/hpl_sercom.o (__aeabi_dsub)
c:/program files (x86)/atmel/studio/7.0/toolchain/arm/arm-gnu-toolchain/bin/../lib/gcc/arm-none-eabi/6.3.1/thumb/v7e-m\libgcc.a(_arm_muldivdf3.o)
                              hpl/sercom/hpl_sercom.o (__aeabi_dmul)
c:/program files (x86)/atmel/studio/7.0/toolchain/arm/arm-gnu-toolchain/bin/../lib/gcc/arm-none-eabi/6.3.1/thumb/v7e-m\libgcc.a(_arm_fixunsdfsi.o)
                              hpl/sercom/hpl_sercom.o (__aeabi_d2uiz)
c:/program files (x86)/atmel/studio/7.0/toolchain/arm/arm-gnu-toolchain/bin/../lib/gcc/arm-none-eabi/6.3.1/thumb/v7e-m\libgcc.a(_aeabi_uldivmod.o)
                              hpl/sercom/hpl_sercom.o (__aeabi_uldivmod)
c:/program files (x86)/atmel/studio/7.0/toolchain/arm/arm-gnu-toolchain/bin/../lib/gcc/arm-none-eabi/6.3.1/thumb/v7e-m\libgcc.a(_udivmoddi4.o)
                              c:/program files (x86)/atmel/studio/7.0/toolchain/arm/arm-gnu-toolchain/bin/../lib/gcc/arm-none-eabi/6.3.1/thumb/v7e-m\libgcc.a(_aeabi_uldivmod.o) (__udivmoddi4)
c:/program files (x86)/atmel/studio/7.0/toolchain/arm/arm-gnu-toolchain/bin/../lib/gcc/arm-none-eabi/6.3.1/thumb/v7e-m\libgcc.a(_dvmd_tls.o)
                              c:/program files (x86)/atmel/studio/7.0/toolchain/arm/arm-gnu-toolchain/bin/../lib/gcc/arm-none-eabi/6.3.1/thumb/v7e-m\libgcc.a(_aeabi_uldivmod.o) (__aeabi_ldiv0)
c:/program files (x86)/atmel/studio/7.0/toolchain/arm/arm-gnu-toolchain/bin/../lib/gcc/arm-none-eabi/6.3.1/../../../../arm-none-eabi/lib/thumb/v7e-m\libc_nano.a(lib_a-exit.o)
                              c:/program files (x86)/atmel/studio/7.0/toolchain/arm/arm-gnu-toolchain/bin/../lib/gcc/arm-none-eabi/6.3.1/../../../../arm-none-eabi/lib/thumb/v7e-m/crt0.o (exit)
c:/program files (x86)/atmel/studio/7.0/toolchain/arm/arm-gnu-toolchain/bin/../lib/gcc/arm-none-eabi/6.3.1/../../../../arm-none-eabi/lib/thumb/v7e-m\libc_nano.a(lib_a-impure.o)
                              c:/program files (x86)/atmel/studio/7.0/toolchain/arm/arm-gnu-toolchain/bin/../lib/gcc/arm-none-eabi/6.3.1/../../../../arm-none-eabi/lib/thumb/v7e-m\libc_nano.a(lib_a-exit.o) (_global_impure_ptr)
c:/program files (x86)/atmel/studio/7.0/toolchain/arm/arm-gnu-toolchain/bin/../lib/gcc/arm-none-eabi/6.3.1/../../../../arm-none-eabi/lib/thumb/v7e-m\libc_nano.a(lib_a-init.o)
                              c:/program files (x86)/atmel/studio/7.0/toolchain/arm/arm-gnu-toolchain/bin/../lib/gcc/arm-none-eabi/6.3.1/../../../../arm-none-eabi/lib/thumb/v7e-m/crt0.o (__libc_init_array)
c:/program files (x86)/atmel/studio/7.0/toolchain/arm/arm-gnu-toolchain/bin/../lib/gcc/arm-none-eabi/6.3.1/../../../../arm-none-eabi/lib/thumb/v7e-m\libc_nano.a(lib_a-malloc.o)
                              main.o (malloc)
c:/program files (x86)/atmel/studio/7.0/toolchain/arm/arm-gnu-toolchain/bin/../lib/gcc/arm-none-eabi/6.3.1/../../../../arm-none-eabi/lib/thumb/v7e-m\libc_nano.a(lib_a-memcpy-stub.o)
                              hpl/nvmctrl/hpl_nvmctrl.o (memcpy)
c:/program files (x86)/atmel/studio/7.0/toolchain/arm/arm-gnu-toolchain/bin/../lib/gcc/arm-none-eabi/6.3.1/../../../../arm-none-eabi/lib/thumb/v7e-m\libc_nano.a(lib_a-memset.o)
                              c:/program files (x86)/atmel/studio/7.0/toolchain/arm/arm-gnu-toolchain/bin/../lib/gcc/arm-none-eabi/6.3.1/../../../../arm-none-eabi/lib/thumb/v7e-m/crt0.o (memset)
c:/program files (x86)/atmel/studio/7.0/toolchain/arm/arm-gnu-toolchain/bin/../lib/gcc/arm-none-eabi/6.3.1/../../../../arm-none-eabi/lib/thumb/v7e-m\libc_nano.a(lib_a-nano-freer.o)
                              c:/program files (x86)/atmel/studio/7.0/toolchain/arm/arm-gnu-toolchain/bin/../lib/gcc/arm-none-eabi/6.3.1/../../../../arm-none-eabi/lib/thumb/v7e-m\libc_nano.a(lib_a-malloc.o) (_free_r)
c:/program files (x86)/atmel/studio/7.0/toolchain/arm/arm-gnu-toolchain/bin/../lib/gcc/arm-none-eabi/6.3.1/../../../../arm-none-eabi/lib/thumb/v7e-m\libc_nano.a(lib_a-nano-mallocr.o)
                              c:/program files (x86)/atmel/studio/7.0/toolchain/arm/arm-gnu-toolchain/bin/../lib/gcc/arm-none-eabi/6.3.1/../../../../arm-none-eabi/lib/thumb/v7e-m\libc_nano.a(lib_a-malloc.o) (_malloc_r)
c:/program files (x86)/atmel/studio/7.0/toolchain/arm/arm-gnu-toolchain/bin/../lib/gcc/arm-none-eabi/6.3.1/../../../../arm-none-eabi/lib/thumb/v7e-m\libc_nano.a(lib_a-printf.o)
                              hal/utils/src/utils_syscalls.o (printf)
c:/program files (x86)/atmel/studio/7.0/toolchain/arm/arm-gnu-toolchain/bin/../lib/gcc/arm-none-eabi/6.3.1/../../../../arm-none-eabi/lib/thumb/v7e-m\libc_nano.a(lib_a-sbrkr.o)
[...]
Memory Configuration

Name             Origin             Length             Attributes
rom              0x00004000         0x0007a000         xr
ram              0x20000000         0x00040000         xrw
bkupram          0x47000000         0x00002000         xrw
qspi             0x04000000         0x01000000         xrw
*default*        0x00000000         0xffffffff

Linker script and memory map

LOAD c:/program files (x86)/atmel/studio/7.0/toolchain/arm/arm-gnu-toolchain/bin/../lib/gcc/arm-none-eabi/6.3.1/thumb/v7e-m/crti.o
LOAD c:/program files (x86)/atmel/studio/7.0/toolchain/arm/arm-gnu-toolchain/bin/../lib/gcc/arm-none-eabi/6.3.1/thumb/v7e-m/crtbegin.o
LOAD c:/program files (x86)/atmel/studio/7.0/toolchain/arm/arm-gnu-toolchain/bin/../lib/gcc/arm-none-eabi/6.3.1/../../../../arm-none-eabi/lib/thumb/v7e-m/crt0.o
LOAD atmel_start.o
LOAD Device_Startup/startup_samd51.o
LOAD Device_Startup/system_samd51.o
LOAD driver_init.o
LOAD examples/driver_examples.o
LOAD hal/src/hal_adc_async.o
LOAD hal/src/hal_atomic.o
LOAD hal/src/hal_cache.o
LOAD hal/src/hal_crc_sync.o
LOAD hal/src/hal_delay.o
LOAD hal/src/hal_flash.o
LOAD hal/src/hal_gpio.o
LOAD hal/src/hal_i2c_m_async.o
LOAD hal/src/hal_init.o
LOAD hal/src/hal_io.o
LOAD hal/src/hal_sleep.o
LOAD hal/src/hal_spi_m_dma.o
LOAD hal/src/hal_timer.o
LOAD hal/src/hal_usart_async.o
LOAD hal/src/hal_usb_device.o
LOAD hal/utils/src/utils_assert.o
LOAD hal/utils/src/utils_event.o
LOAD hal/utils/src/utils_list.o
LOAD hal/utils/src/utils_ringbuffer.o
LOAD hal/utils/src/utils_syscalls.o
LOAD hpl/adc/hpl_adc.o
LOAD hpl/cmcc/hpl_cmcc.o
LOAD hpl/core/hpl_core_m4.o
LOAD hpl/core/hpl_init.o
LOAD hpl/dmac/hpl_dmac.o
LOAD hpl/dsu/hpl_dsu.o
LOAD hpl/gclk/hpl_gclk.o
LOAD hpl/mclk/hpl_mclk.o
LOAD hpl/nvmctrl/hpl_nvmctrl.o
LOAD hpl/osc32kctrl/hpl_osc32kctrl.o
LOAD hpl/oscctrl/hpl_oscctrl.o
LOAD hpl/pac/hpl_pac.o
LOAD hpl/pm/hpl_pm.o
LOAD hpl/ramecc/hpl_ramecc.o
LOAD hpl/rtc/hpl_rtc.o
LOAD hpl/sercom/hpl_sercom.o
LOAD hpl/systick/hpl_systick.o
LOAD hpl/usb/hpl_usb.o
LOAD main.o
LOAD usb/class/cdc/device/cdcdf_acm.o
LOAD usb/device/usbdc.o
LOAD usb/usb_protocol.o
LOAD usb_start.o
START GROUP
LOAD c:/program files (x86)/atmel/studio/7.0/toolchain/arm/arm-gnu-toolchain/bin/../lib/gcc/arm-none-eabi/6.3.1/../../../../arm-none-eabi/lib/thumb/v7e-m\libm.a
END GROUP
START GROUP
LOAD c:/program files (x86)/atmel/studio/7.0/toolchain/arm/arm-gnu-toolchain/bin/../lib/gcc/arm-none-eabi/6.3.1/thumb/v7e-m\libgcc.a
LOAD c:/program files (x86)/atmel/studio/7.0/toolchain/arm/arm-gnu-toolchain/bin/../lib/gcc/arm-none-eabi/6.3.1/../../../../arm-none-eabi/lib/thumb/v7e-m\libc_nano.a
END GROUP
START GROUP
LOAD c:/program files (x86)/atmel/studio/7.0/toolchain/arm/arm-gnu-toolchain/bin/../lib/gcc/arm-none-eabi/6.3.1/thumb/v7e-m\libgcc.a
LOAD c:/program files (x86)/atmel/studio/7.0/toolchain/arm/arm-gnu-toolchain/bin/../lib/gcc/arm-none-eabi/6.3.1/../../../../arm-none-eabi/lib/thumb/v7e-m\libc_nano.a
END GROUP
LOAD c:/program files (x86)/atmel/studio/7.0/toolchain/arm/arm-gnu-toolchain/bin/../lib/gcc/arm-none-eabi/6.3.1/thumb/v7e-m/crtend.o
LOAD c:/program files (x86)/atmel/studio/7.0/toolchain/arm/arm-gnu-toolchain/bin/../lib/gcc/arm-none-eabi/6.3.1/thumb/v7e-m/crtn.o
                0x00010000                STACK_SIZE = DEFINED (STACK_SIZE)?STACK_SIZE:DEFINED (__stack_size__)?__stack_size__:0x10000

.text           0x00004000     0x5f98
                0x00004000                . = ALIGN (0x4)
                0x00004000                _sfixed = .
 *(.vectors .vectors.*)
 .vectors       0x00004000      0x264 Device_Startup/startup_samd51.o
                0x00004000                exception_table
 *(.text .text.* .gnu.linkonce.t.*)
 .text          0x00004264       0x6c c:/program files (x86)/atmel/studio/7.0/toolchain/arm/arm-gnu-toolchain/bin/../lib/gcc/arm-none-eabi/6.3.1/thumb/v7e-m/crtbegin.o
 .text.atmel_start_init
                0x000042d0       0x18 atmel_start.o
                0x000042d0                atmel_start_init
 .text.Dummy_Handler
                0x000042e8        0x2 Device_Startup/startup_samd51.o
                0x000042e8                EIC_5_Handler
                0x000042e8                SVCall_Handler
                0x000042e8                EIC_13_Handler
                0x000042e8                EVSYS_0_Handler
                0x000042e8                TCC1_3_Handler
                0x000042e8                DAC_3_Handler
                0x000042e8                TRNG_Handler
                0x000042e8                HardFault_Handler
                0x000042e8                TC2_Handler
                0x000042e8                PDEC_2_Handler
                0x000042e8                EIC_4_Handler
                0x000042e8                AC_Handler
                0x000042e8                SERCOM3_1_Handler
                0x000042e8                SysTick_Handler
                0x000042e8                TCC2_3_Handler
                0x000042e8                SERCOM3_2_Handler
                0x000042e8                PendSV_Handler
                0x000042e8                TC7_Handler
                0x000042e8                EVSYS_3_Handler
                0x000042e8                PDEC_0_Handler
                0x000042e8                QSPI_Handler
                0x000042e8                NonMaskableInt_Handler
                0x000042e8                TCC0_0_Handler
                0x000042e8                EIC_3_Handler
                0x000042e8                MemManagement_Handler
                0x000042e8                DAC_2_Handler
                0x000042e8                UsageFault_Handler
                0x000042e8                EIC_10_Handler
                0x000042e8                EIC_11_Handler
                0x000042e8                EIC_9_Handler
                0x000042e8                OSC32KCTRL_Handler
                0x000042e8                TCC2_1_Handler
                0x000042e8                SUPC_1_Handler
                0x000042e8                TCC0_5_Handler
                0x000042e8                TCC0_6_Handler
                0x000042e8                EVSYS_1_Handler
                0x000042e8                TCC1_4_Handler
                0x000042e8                TC6_Handler
                0x000042e8                WDT_Handler
                0x000042e8                EIC_8_Handler
                0x000042e8                EIC_15_Handler
                0x000042e8                TC4_Handler
                0x000042e8                TC1_Handler
                0x000042e8                OSCCTRL_4_Handler
                0x000042e8                EIC_12_Handler
                0x000042e8                TCC4_2_Handler
                0x000042e8                PAC_Handler
                0x000042e8                TCC1_0_Handler
                0x000042e8                OSCCTRL_0_Handler
                0x000042e8                EIC_0_Handler
                0x000042e8                OSCCTRL_3_Handler
                0x000042e8                TC3_Handler
                0x000042e8                Dummy_Handler
                0x000042e8                TCC3_0_Handler
                0x000042e8                TCC2_2_Handler
                0x000042e8                TCC1_1_Handler
                0x000042e8                OSCCTRL_2_Handler
                0x000042e8                TCC1_2_Handler
                0x000042e8                SERCOM7_1_Handler
                0x000042e8                PM_Handler
                0x000042e8                DAC_4_Handler
                0x000042e8                TCC3_2_Handler
                0x000042e8                SERCOM7_0_Handler
                0x000042e8                TCC0_2_Handler
                0x000042e8                TCC4_0_Handler
                0x000042e8                SERCOM7_3_Handler
                0x000042e8                SDHC1_Handler
                0x000042e8                SERCOM7_2_Handler
                0x000042e8                TCC2_0_Handler
                0x000042e8                PDEC_1_Handler
                0x000042e8                TCC4_1_Handler
                0x000042e8                SDHC0_Handler
                0x000042e8                I2S_Handler
                0x000042e8                EIC_2_Handler
                0x000042e8                PCC_Handler
                0x000042e8                DAC_0_Handler
                0x000042e8                TCC0_1_Handler
                0x000042e8                EIC_6_Handler
                0x000042e8                OSCCTRL_1_Handler
                0x000042e8                PUKCC_Handler
                0x000042e8                SERCOM3_0_Handler
                0x000042e8                EIC_1_Handler
                0x000042e8                EVSYS_4_Handler
                0x000042e8                EIC_7_Handler
                0x000042e8                SERCOM3_3_Handler
                0x000042e8                TCC3_1_Handler
                0x000042e8                EIC_14_Handler
                0x000042e8                DAC_1_Handler
                0x000042e8                MCLK_Handler
                0x000042e8                EVSYS_2_Handler
                0x000042e8                SUPC_0_Handler
                0x000042e8                BusFault_Handler
                0x000042e8                FREQM_Handler
                0x000042e8                TC0_Handler
                0x000042e8                TCC0_3_Handler
                0x000042e8                DebugMonitor_Handler
                0x000042e8                TCC0_4_Handler
                0x000042e8                TC5_Handler
                0x000042e8                AES_Handler
                0x000042e8                ICM_Handler
 *fill*         0x000042ea        0x2 
 .text.Reset_Handler
                0x000042ec       0x78 Device_Startup/startup_samd51.o
                0x000042ec                Reset_Handler
 .text._gpio_set_pin_function
                0x00004364       0x68 driver_init.o
 .text.gpio_set_pin_direction
                0x000043cc       0x68 driver_init.o
 .text.ADC_0_init
                0x00004434       0x80 driver_init.o
                0x00004434                ADC_0_init
 .text.ADC_1_init
                0x000044b4       0x84 driver_init.o
                0x000044b4                ADC_1_init
 .text.CRC_0_init
                0x00004538       0x24 driver_init.o
                0x00004538                CRC_0_init
 .text.FLASH_0_CLOCK_init
                0x0000455c       0x10 driver_init.o
                0x0000455c                FLASH_0_CLOCK_init
 .text.FLASH_0_init
                0x0000456c       0x24 driver_init.o
                0x0000456c                FLASH_0_init
 .text.USART_EAST_CLOCK_init
                0x00004590       0x24 driver_init.o
                0x00004590                USART_EAST_CLOCK_init
 .text.USART_EAST_PORT_init
                0x000045b4       0x24 driver_init.o
                0x000045b4                USART_EAST_PORT_init
 .text.USART_EAST_init
                0x000045d8       0x38 driver_init.o
                0x000045d8                USART_EAST_init
 .text.USART_NORTH_CLOCK_init
                0x00004610       0x24 driver_init.o
                0x00004610                USART_NORTH_CLOCK_init
 .text.USART_NORTH_PORT_init
                0x00004634       0x24 driver_init.o
                0x00004634                USART_NORTH_PORT_init
 .text.USART_NORTH_init
                0x00004658       0x38 driver_init.o
                0x00004658                USART_NORTH_init
 .text.GRID_AUX_CLOCK_init
                0x00004690       0x24 driver_init.o
                0x00004690                GRID_AUX_CLOCK_init
 .text.GRID_AUX_PORT_init
                0x000046b4       0x24 driver_init.o
                0x000046b4                GRID_AUX_PORT_init
 .text.GRID_AUX_init
                0x000046d8       0x38 driver_init.o
                0x000046d8                GRID_AUX_init
 .text.USART_WEST_CLOCK_init
                0x00004710       0x24 driver_init.o
                0x00004710                USART_WEST_CLOCK_init
 .text.USART_WEST_PORT_init
                0x00004734       0x24 driver_init.o
                0x00004734                USART_WEST_PORT_init
 .text.USART_WEST_init
                0x00004758       0x38 driver_init.o
                0x00004758                USART_WEST_init
 .text.SYS_I2C_PORT_init
                0x00004790       0x40 driver_init.o
                0x00004790                SYS_I2C_PORT_init
 .text.SYS_I2C_CLOCK_init
                0x000047d0       0x24 driver_init.o
                0x000047d0                SYS_I2C_CLOCK_init
 .text.SYS_I2C_init
                0x000047f4       0x2c driver_init.o
                0x000047f4                SYS_I2C_init
 .text.USART_SOUTH_CLOCK_init
                0x00004820       0x24 driver_init.o
                0x00004820                USART_SOUTH_CLOCK_init
 .text.USART_SOUTH_PORT_init
                0x00004844       0x24 driver_init.o
                0x00004844                USART_SOUTH_PORT_init
 .text.USART_SOUTH_init
                0x00004868       0x38 driver_init.o
                0x00004868                USART_SOUTH_init
 .text.GRID_LED_PORT_init
                0x000048a0       0x68 driver_init.o
                0x000048a0                GRID_LED_PORT_init
 .text.GRID_LED_CLOCK_init
                0x00004908       0x24 driver_init.o
                0x00004908                GRID_LED_CLOCK_init
 .text.GRID_LED_init
                0x0000492c       0x2c driver_init.o
                0x0000492c                GRID_LED_init
 .text.delay_driver_init
                0x00004958       0x10 driver_init.o
                0x00004958                delay_driver_init
 .text.USB_0_PORT_init
                0x00004968       0x60 driver_init.o
                0x00004968                USB_0_PORT_init
 .text.USB_0_CLOCK_init
                0x000049c8       0x24 driver_init.o
                0x000049c8                USB_0_CLOCK_init
 .text.USB_0_init
                0x000049ec       0x20 driver_init.o
                0x000049ec                USB_0_init
 .text.system_init
                0x00004a0c      0x1a4 driver_init.o
                0x00004a0c                system_init
 .text.adc_async_window_threshold_reached
                0x00004bb0        0x8 hal/src/hal_adc_async.o
 .text.adc_async_error_occured
                0x00004bb8        0x8 hal/src/hal_adc_async.o
 .text.adc_async_channel_conversion_done
                0x00004bc0       0x68 hal/src/hal_adc_async.o
 .text.adc_async_init
                0x00004c28       0x4c hal/src/hal_adc_async.o
                0x00004c28                adc_async_init
 .text.adc_async_register_channel_buffer
                0x00004c74       0x6c hal/src/hal_adc_async.o
                0x00004c74                adc_async_register_channel_buffer
 .text.adc_async_enable_channel
                0x00004ce0       0x10 hal/src/hal_adc_async.o
                0x00004ce0                adc_async_enable_channel
 .text.adc_async_register_callback
                0x00004cf0       0x3c hal/src/hal_adc_async.o
                0x00004cf0                adc_async_register_callback
 .text.adc_async_read_channel
                0x00004d2c       0x74 hal/src/hal_adc_async.o
                0x00004d2c                adc_async_read_channel
 .text.adc_async_start_conversion
                0x00004da0       0x10 hal/src/hal_adc_async.o
                0x00004da0                adc_async_start_conversion
 .text.atomic_enter_critical
                0x00004db0        0xe hal/src/hal_atomic.o
                0x00004db0                atomic_enter_critical
 .text.atomic_leave_critical
                0x00004dbe        0xc hal/src/hal_atomic.o
                0x00004dbe                atomic_leave_critical
 *fill*         0x00004dca        0x2 
 .text.crc_sync_init
                0x00004dcc        0x8 hal/src/hal_crc_sync.o
                0x00004dcc                crc_sync_init
 .text.delay_init
                0x00004dd4       0x10 hal/src/hal_delay.o
                0x00004dd4                delay_init
 .text.delay_us
                0x00004de4       0x24 hal/src/hal_delay.o
                0x00004de4                delay_us
 .text.delay_ms
                0x00004e08       0x24 hal/src/hal_delay.o
                0x00004e08                delay_ms
 .text.flash_ready
                0x00004e2c        0x8 hal/src/hal_flash.o
 .text.flash_error
                0x00004e34        0x8 hal/src/hal_flash.o
 .text.flash_init
                0x00004e3c       0x20 hal/src/hal_flash.o
                0x00004e3c                flash_init
 .text.i2c_m_async_write
                0x00004e5c       0x2c hal/src/hal_i2c_m_async.o
 .text.i2c_m_async_read
                0x00004e88       0x2c hal/src/hal_i2c_m_async.o
 .text.i2c_tx_complete
                0x00004eb4        0xe hal/src/hal_i2c_m_async.o
 .text.i2c_rx_complete
                0x00004ec2        0xe hal/src/hal_i2c_m_async.o
 .text.i2c_error
                0x00004ed0        0xe hal/src/hal_i2c_m_async.o
 *fill*         0x00004ede        0x2 
 .text.i2c_m_async_init
                0x00004ee0       0x50 hal/src/hal_i2c_m_async.o
                0x00004ee0                i2c_m_async_init
 .text.io_write
                0x00004f30        0x4 hal/src/hal_io.o
                0x00004f30                io_write
 .text.io_read  0x00004f34        0x4 hal/src/hal_io.o
                0x00004f34                io_read
 .text._spi_m_dma_io_write
                0x00004f38       0x18 hal/src/hal_spi_m_dma.o
 .text._spi_m_dma_io_read
                0x00004f50       0x18 hal/src/hal_spi_m_dma.o
 .text.spi_m_dma_init
                0x00004f68       0x24 hal/src/hal_spi_m_dma.o
                0x00004f68                spi_m_dma_init
 .text.spi_m_dma_enable
                0x00004f8c        0xc hal/src/hal_spi_m_dma.o
                0x00004f8c                spi_m_dma_enable
 .text.spi_m_dma_register_callback
                0x00004f98        0xc hal/src/hal_spi_m_dma.o
                0x00004f98                spi_m_dma_register_callback
 .text.spi_m_dma_get_io_descriptor
                0x00004fa4        0x8 hal/src/hal_spi_m_dma.o
                0x00004fa4                spi_m_dma_get_io_descriptor
 .text.timer_add_timer_task
                0x00004fac       0x4c hal/src/hal_timer.o
 .text.timer_process_counted
                0x00004ff8       0x6c hal/src/hal_timer.o
 .text.timer_init
                0x00005064       0x1c hal/src/hal_timer.o
                0x00005064                timer_init
 .text.timer_start
                0x00005080       0x24 hal/src/hal_timer.o
                0x00005080                timer_start
 .text.timer_add_task
                0x000050a4       0x7c hal/src/hal_timer.o
                0x000050a4                timer_add_task
 .text.usart_transmission_complete
                0x00005120       0x10 hal/src/hal_usart_async.o
 .text.usart_error
                0x00005130       0x10 hal/src/hal_usart_async.o
 .text.usart_fill_rx_buffer
                0x00005140       0x20 hal/src/hal_usart_async.o
 .text.usart_async_write
                0x00005160       0x34 hal/src/hal_usart_async.o
 .text.usart_process_byte_sent
                0x00005194       0x34 hal/src/hal_usart_async.o
 .text.usart_async_read
                0x000051c8       0x54 hal/src/hal_usart_async.o
 .text.usart_async_init
                0x0000521c       0x60 hal/src/hal_usart_async.o
                0x0000521c                usart_async_init
 .text.usart_async_enable
                0x0000527c       0x10 hal/src/hal_usart_async.o
                0x0000527c                usart_async_enable
 .text.usart_async_get_io_descriptor
                0x0000528c        0x6 hal/src/hal_usart_async.o
                0x0000528c                usart_async_get_io_descriptor
 *fill*         0x00005292        0x2 
 .text.usart_async_register_callback
                0x00005294       0x44 hal/src/hal_usart_async.o
                0x00005294                usart_async_register_callback
 .text.usart_async_is_rx_not_empty
                0x000052d8       0x14 hal/src/hal_usart_async.o
                0x000052d8                usart_async_is_rx_not_empty
 .text._usb_d_find_ep
                0x000052ec       0x30 hal/src/hal_usb_device.o
 .text.usb_d_dummy_cb_false
                0x0000531c        0x4 hal/src/hal_usb_device.o
 .text.usb_d_cb_trans_more
                0x00005320       0x30 hal/src/hal_usb_device.o
 .text._usb_d_cb_trans_done
                0x00005350      0x108 hal/src/hal_usb_device.o
 .text.usb_d_cb_trans_setup
                0x00005458       0x8c hal/src/hal_usb_device.o
 .text.usb_d_init
                0x000054e4       0x68 hal/src/hal_usb_device.o
                0x000054e4                usb_d_init
 .text.usb_d_register_callback
                0x0000554c        0x8 hal/src/hal_usb_device.o
                0x0000554c                usb_d_register_callback
 .text.usb_d_enable
                0x00005554        0x8 hal/src/hal_usb_device.o
                0x00005554                usb_d_enable
 .text.usb_d_attach
                0x0000555c        0x8 hal/src/hal_usb_device.o
                0x0000555c                usb_d_attach
 .text.usb_d_set_address
                0x00005564        0x8 hal/src/hal_usb_device.o
                0x00005564                usb_d_set_address
 .text.usb_d_ep_init
                0x0000556c       0x50 hal/src/hal_usb_device.o
                0x0000556c                usb_d_ep_init
 .text.usb_d_ep0_init
                0x000055bc       0x10 hal/src/hal_usb_device.o
                0x000055bc                usb_d_ep0_init
 .text.usb_d_ep_deinit
                0x000055cc       0x2c hal/src/hal_usb_device.o
                0x000055cc                usb_d_ep_deinit
 .text.usb_d_ep_enable
                0x000055f8       0x40 hal/src/hal_usb_device.o
                0x000055f8                usb_d_ep_enable
 .text.usb_d_ep_transfer
                0x00005638       0xf8 hal/src/hal_usb_device.o
                0x00005638                usb_d_ep_transfer
 .text.usb_d_ep_halt
                0x00005730       0x64 hal/src/hal_usb_device.o
                0x00005730                usb_d_ep_halt
 .text.usb_d_ep_register_callback
                0x00005794       0x4c hal/src/hal_usb_device.o
                0x00005794                usb_d_ep_register_callback
 .text.is_list_element
                0x000057e0        0xe hal/utils/src/utils_list.o
                0x000057e0                is_list_element
 .text.list_insert_as_head
                0x000057ee        0x8 hal/utils/src/utils_list.o
                0x000057ee                list_insert_as_head
 .text.list_insert_after
                0x000057f6        0x8 hal/utils/src/utils_list.o
                0x000057f6                list_insert_after
 .text.list_insert_at_end
                0x000057fe       0x18 hal/utils/src/utils_list.o
                0x000057fe                list_insert_at_end
 .text.list_remove_head
                0x00005816        0xc hal/utils/src/utils_list.o
                0x00005816                list_remove_head
 .text.ringbuffer_init
                0x00005822       0x18 hal/utils/src/utils_ringbuffer.o
                0x00005822                ringbuffer_init
 .text.ringbuffer_get
                0x0000583a       0x22 hal/utils/src/utils_ringbuffer.o
                0x0000583a                ringbuffer_get
 .text.ringbuffer_put
                0x0000585c       0x26 hal/utils/src/utils_ringbuffer.o
                0x0000585c                ringbuffer_put
 .text.ringbuffer_num
                0x00005882        0x8 hal/utils/src/utils_ringbuffer.o
                0x00005882                ringbuffer_num
 *fill*         0x0000588a        0x2 
 .text._sbrk    0x0000588c       0x1c hal/utils/src/utils_syscalls.o
                0x0000588c                _sbrk
 .text.__NVIC_DisableIRQ
                0x000058a8       0x28 hpl/adc/hpl_adc.o
 .text.__NVIC_ClearPendingIRQ
                0x000058d0       0x20 hpl/adc/hpl_adc.o
 .text.hri_adc_wait_for_sync
                0x000058f0        0x8 hpl/adc/hpl_adc.o
 .text.hri_adc_set_CTRLA_ENABLE_bit
                0x000058f8       0x14 hpl/adc/hpl_adc.o
 .text.hri_adc_clear_CTRLA_ENABLE_bit
                0x0000590c       0x18 hpl/adc/hpl_adc.o
 .text._adc_get_regs
                0x00005924       0x14 hpl/adc/hpl_adc.o
 .text._adc_interrupt_handler
                0x00005938       0x4e hpl/adc/hpl_adc.o
 .text._adc_get_irq_num.isra.0
                0x00005986       0x14 hpl/adc/hpl_adc.o
 *fill*         0x0000599a        0x2 
 .text._adc_init
                0x0000599c       0xc8 hpl/adc/hpl_adc.o
 .text._adc_async_init
                0x00005a64       0xb4 hpl/adc/hpl_adc.o
                0x00005a64                _adc_async_init
 .text._adc_async_enable_channel
                0x00005b18        0xc hpl/adc/hpl_adc.o
                0x00005b18                _adc_async_enable_channel
 .text._adc_async_get_data_size
                0x00005b24       0x12 hpl/adc/hpl_adc.o
                0x00005b24                _adc_async_get_data_size
 *fill*         0x00005b36        0x2 
 .text._adc_async_convert
                0x00005b38       0x18 hpl/adc/hpl_adc.o
                0x00005b38                _adc_async_convert
 .text._adc_async_set_irq_state
                0x00005b50       0x20 hpl/adc/hpl_adc.o
                0x00005b50                _adc_async_set_irq_state
 .text.ADC0_1_Handler
                0x00005b70       0x10 hpl/adc/hpl_adc.o
                0x00005b70                ADC0_1_Handler
 .text.ADC0_0_Handler
                0x00005b80        0x8 hpl/adc/hpl_adc.o
                0x00005b80                ADC0_0_Handler
 .text.ADC1_1_Handler
                0x00005b88       0x10 hpl/adc/hpl_adc.o
                0x00005b88                ADC1_1_Handler
 .text.ADC1_0_Handler
                0x00005b98        0x8 hpl/adc/hpl_adc.o
                0x00005b98                ADC1_0_Handler
 .text._get_cycles_for_us
                0x00005ba0        0x6 hpl/core/hpl_core_m4.o
                0x00005ba0                _get_cycles_for_us
 *fill*         0x00005ba6        0x2 
 .text._get_cycles_for_ms
                0x00005ba8        0xc hpl/core/hpl_core_m4.o
                0x00005ba8                _get_cycles_for_ms
 .text._init_chip
                0x00005bb4       0x5c hpl/core/hpl_init.o
                0x00005bb4                _init_chip
 .text._dmac_handler
                0x00005c10       0x50 hpl/dmac/hpl_dmac.o
 .text._dma_init
                0x00005c60       0xcc hpl/dmac/hpl_dmac.o
                0x00005c60                _dma_init
 .text._dma_set_irq_state
                0x00005d2c       0x28 hpl/dmac/hpl_dmac.o
                0x00005d2c                _dma_set_irq_state
 .text._dma_set_destination_address
                0x00005d54       0x10 hpl/dmac/hpl_dmac.o
                0x00005d54                _dma_set_destination_address
 .text._dma_set_source_address
                0x00005d64       0x10 hpl/dmac/hpl_dmac.o
                0x00005d64                _dma_set_source_address
 .text._dma_srcinc_enable
                0x00005d74       0x1c hpl/dmac/hpl_dmac.o
                0x00005d74                _dma_srcinc_enable
 .text._dma_set_data_amount
                0x00005d90       0x44 hpl/dmac/hpl_dmac.o
                0x00005d90                _dma_set_data_amount
 .text._dma_enable_transaction
                0x00005dd4       0x3c hpl/dmac/hpl_dmac.o
                0x00005dd4                _dma_enable_transaction
 .text._dma_get_channel_resource
                0x00005e10       0x14 hpl/dmac/hpl_dmac.o
                0x00005e10                _dma_get_channel_resource
 .text.DMAC_0_Handler
                0x00005e24        0x8 hpl/dmac/hpl_dmac.o
                0x00005e24                DMAC_0_Handler
 .text.DMAC_1_Handler
                0x00005e2c        0x8 hpl/dmac/hpl_dmac.o
                0x00005e2c                DMAC_1_Handler
 .text.DMAC_2_Handler
                0x00005e34        0x8 hpl/dmac/hpl_dmac.o
                0x00005e34                DMAC_2_Handler
 .text.DMAC_3_Handler
                0x00005e3c        0x8 hpl/dmac/hpl_dmac.o
                0x00005e3c                DMAC_3_Handler
 .text.DMAC_4_Handler
                0x00005e44        0x8 hpl/dmac/hpl_dmac.o
                0x00005e44                DMAC_4_Handler
 .text._crc_sync_init
                0x00005e4c        0x6 hpl/dsu/hpl_dsu.o
                0x00005e4c                _crc_sync_init
 *fill*         0x00005e52        0x2 
 .text.hri_gclk_wait_for_sync.constprop.0
                0x00005e54       0x14 hpl/gclk/hpl_gclk.o
 .text._gclk_init_generators_by_fref
                0x00005e68       0x58 hpl/gclk/hpl_gclk.o
                0x00005e68                _gclk_init_generators_by_fref
 .text._mclk_init
                0x00005ec0        0xc hpl/mclk/hpl_mclk.o
                0x00005ec0                _mclk_init
 .text._flash_init
                0x00005ecc       0x4c hpl/nvmctrl/hpl_nvmctrl.o
                0x00005ecc                _flash_init
 .text.NVMCTRL_1_Handler
                0x00005f18       0x2c hpl/nvmctrl/hpl_nvmctrl.o
                0x00005f18                NVMCTRL_1_Handler
 .text.NVMCTRL_0_Handler
                0x00005f44        0x8 hpl/nvmctrl/hpl_nvmctrl.o
                0x00005f44                NVMCTRL_0_Handler
 .text._osc32kctrl_init_sources
                0x00005f4c       0x20 hpl/osc32kctrl/hpl_osc32kctrl.o
                0x00005f4c                _osc32kctrl_init_sources
 .text._oscctrl_init_sources
                0x00005f6c        0x2 hpl/oscctrl/hpl_oscctrl.o
                0x00005f6c                _oscctrl_init_sources
 *fill*         0x00005f6e        0x2 
 .text._oscctrl_init_referenced_generators
                0x00005f70       0xf8 hpl/oscctrl/hpl_oscctrl.o
                0x00005f70                _oscctrl_init_referenced_generators
 .text.RAMECC_Handler
                0x00006068       0x3c hpl/ramecc/hpl_ramecc.o
                0x00006068                RAMECC_Handler
 .text.hri_rtcmode0_wait_for_sync
                0x000060a4        0x8 hpl/rtc/hpl_rtc.o
 .text._timer_init
                0x000060ac       0x48 hpl/rtc/hpl_rtc.o
                0x000060ac                _timer_init
 .text._timer_start
                0x000060f4       0x3c hpl/rtc/hpl_rtc.o
                0x000060f4                _timer_start
 .text._timer_is_started
                0x00006130       0x1c hpl/rtc/hpl_rtc.o
                0x00006130                _timer_is_started
 .text._timer_set_irq
                0x0000614c        0x2 hpl/rtc/hpl_rtc.o
                0x0000614c                _timer_set_irq
 .text._rtc_get_timer
                0x0000614e        0x4 hpl/rtc/hpl_rtc.o
                0x0000614e                _rtc_get_timer
 *fill*         0x00006152        0x2 
 .text.RTC_Handler
                0x00006154       0x24 hpl/rtc/hpl_rtc.o
                0x00006154                RTC_Handler
 .text.__NVIC_EnableIRQ
                0x00006178       0x1c hpl/sercom/hpl_sercom.o
 .text.__NVIC_DisableIRQ
                0x00006194       0x28 hpl/sercom/hpl_sercom.o
 .text.__NVIC_ClearPendingIRQ
                0x000061bc       0x20 hpl/sercom/hpl_sercom.o
 .text.hri_sercomi2cm_wait_for_sync
                0x000061dc        0x8 hpl/sercom/hpl_sercom.o
 .text.hri_sercomspi_wait_for_sync
                0x000061e4        0x8 hpl/sercom/hpl_sercom.o
 .text.hri_sercomusart_wait_for_sync
                0x000061ec        0x8 hpl/sercom/hpl_sercom.o
 .text.hri_sercomi2cm_clear_CTRLA_ENABLE_bit
                0x000061f4       0x14 hpl/sercom/hpl_sercom.o
 .text.hri_sercomspi_clear_CTRLA_ENABLE_bit
                0x00006208       0x14 hpl/sercom/hpl_sercom.o
 .text.hri_sercomusart_clear_CTRLA_ENABLE_bit
                0x0000621c       0x14 hpl/sercom/hpl_sercom.o
 .text._sercom_get_hardware_index
                0x00006230       0x34 hpl/sercom/hpl_sercom.o
 .text._sercom_usart_interrupt_handler
                0x00006264       0x70 hpl/sercom/hpl_sercom.o
 .text._sercom_init_irq_param
                0x000062d4       0x60 hpl/sercom/hpl_sercom.o
 .text._get_i2cm_index
                0x00006334       0x14 hpl/sercom/hpl_sercom.o
 .text._sercom_get_irq_num
                0x00006348       0x14 hpl/sercom/hpl_sercom.o
 .text._spi_sync_enable
                0x0000635c       0x28 hpl/sercom/hpl_sercom.o
 .text._spi_get_regs
                0x00006384       0x18 hpl/sercom/hpl_sercom.o
 .text._spi_get_rx_dma_channel
                0x0000639c       0x14 hpl/sercom/hpl_sercom.o
 .text._spi_dma_rx_complete
                0x000063b0        0xa hpl/sercom/hpl_sercom.o
 .text._spi_dma_tx_complete
                0x000063ba        0xa hpl/sercom/hpl_sercom.o
 .text._spi_dma_error_occured
                0x000063c4        0xa hpl/sercom/hpl_sercom.o
 *fill*         0x000063ce        0x2 
 .text._sercom_i2c_send_stop
                0x000063d0       0x14 hpl/sercom/hpl_sercom.o
 .text._sercom_i2c_sync_analyse_flags
                0x000063e4      0x16c hpl/sercom/hpl_sercom.o
 .text._spi_load_regs_master
                0x00006550       0x3c hpl/sercom/hpl_sercom.o
 .text._i2c_m_sync_init_impl
                0x0000658c       0xb0 hpl/sercom/hpl_sercom.o
 .text._usart_init
                0x0000663c       0xdc hpl/sercom/hpl_sercom.o
 .text._usart_async_init
                0x00006718       0x64 hpl/sercom/hpl_sercom.o
                0x00006718                _usart_async_init
 .text._usart_async_enable
                0x0000677c       0x14 hpl/sercom/hpl_sercom.o
                0x0000677c                _usart_async_enable
 .text._usart_async_write_byte
                0x00006790        0x6 hpl/sercom/hpl_sercom.o
                0x00006790                _usart_async_write_byte
 .text._usart_async_enable_byte_sent_irq
                0x00006796        0x8 hpl/sercom/hpl_sercom.o
                0x00006796                _usart_async_enable_byte_sent_irq
 .text._usart_async_enable_tx_done_irq
                0x0000679e        0x8 hpl/sercom/hpl_sercom.o
                0x0000679e                _usart_async_enable_tx_done_irq
 .text._usart_async_set_irq_state
                0x000067a6       0x32 hpl/sercom/hpl_sercom.o
                0x000067a6                _usart_async_set_irq_state
 .text._i2c_m_async_init
                0x000067d8       0x64 hpl/sercom/hpl_sercom.o
                0x000067d8                _i2c_m_async_init
 .text._i2c_m_async_transfer
                0x0000683c       0xc0 hpl/sercom/hpl_sercom.o
                0x0000683c                _i2c_m_async_transfer
 .text._i2c_m_async_register_callback
                0x000068fc       0x1a hpl/sercom/hpl_sercom.o
                0x000068fc                _i2c_m_async_register_callback
 *fill*         0x00006916        0x2 
 .text.SERCOM0_3_Handler
                0x00006918       0x10 hpl/sercom/hpl_sercom.o
                0x00006918                SERCOM0_3_Handler
 .text.SERCOM0_2_Handler
                0x00006928        0x8 hpl/sercom/hpl_sercom.o
                0x00006928                SERCOM0_2_Handler
 .text.SERCOM0_1_Handler
                0x00006930        0x8 hpl/sercom/hpl_sercom.o
                0x00006930                SERCOM0_1_Handler
 .text.SERCOM0_0_Handler
                0x00006938        0x8 hpl/sercom/hpl_sercom.o
                0x00006938                SERCOM0_0_Handler
 .text.SERCOM1_3_Handler
                0x00006940       0x10 hpl/sercom/hpl_sercom.o
                0x00006940                SERCOM1_3_Handler
 .text.SERCOM1_2_Handler
                0x00006950        0x8 hpl/sercom/hpl_sercom.o
                0x00006950                SERCOM1_2_Handler
 .text.SERCOM1_1_Handler
                0x00006958        0x8 hpl/sercom/hpl_sercom.o
                0x00006958                SERCOM1_1_Handler
 .text.SERCOM1_0_Handler
                0x00006960        0x8 hpl/sercom/hpl_sercom.o
                0x00006960                SERCOM1_0_Handler
 .text.SERCOM2_3_Handler
                0x00006968       0x10 hpl/sercom/hpl_sercom.o
                0x00006968                SERCOM2_3_Handler
 .text.SERCOM2_2_Handler
                0x00006978        0x8 hpl/sercom/hpl_sercom.o
                0x00006978                SERCOM2_2_Handler
 .text.SERCOM2_1_Handler
                0x00006980        0x8 hpl/sercom/hpl_sercom.o
                0x00006980                SERCOM2_1_Handler
 .text.SERCOM2_0_Handler
                0x00006988        0x8 hpl/sercom/hpl_sercom.o
                0x00006988                SERCOM2_0_Handler
 .text.SERCOM4_3_Handler
                0x00006990       0x10 hpl/sercom/hpl_sercom.o
                0x00006990                SERCOM4_3_Handler
 .text.SERCOM4_2_Handler
                0x000069a0        0x8 hpl/sercom/hpl_sercom.o
                0x000069a0                SERCOM4_2_Handler
 .text.SERCOM4_1_Handler
                0x000069a8        0x8 hpl/sercom/hpl_sercom.o
                0x000069a8                SERCOM4_1_Handler
 .text.SERCOM4_0_Handler
                0x000069b0        0x8 hpl/sercom/hpl_sercom.o
                0x000069b0                SERCOM4_0_Handler
 .text.SERCOM5_3_Handler
                0x000069b8       0x64 hpl/sercom/hpl_sercom.o
                0x000069b8                SERCOM5_3_Handler
 .text.SERCOM5_2_Handler
                0x00006a1c        0x8 hpl/sercom/hpl_sercom.o
                0x00006a1c                SERCOM5_2_Handler
 .text.SERCOM5_1_Handler
                0x00006a24        0x8 hpl/sercom/hpl_sercom.o
                0x00006a24                SERCOM5_1_Handler
 .text.SERCOM5_0_Handler
                0x00006a2c        0x8 hpl/sercom/hpl_sercom.o
                0x00006a2c                SERCOM5_0_Handler
 .text.SERCOM6_3_Handler
                0x00006a34       0x10 hpl/sercom/hpl_sercom.o
                0x00006a34                SERCOM6_3_Handler
 .text.SERCOM6_2_Handler
                0x00006a44        0x8 hpl/sercom/hpl_sercom.o
                0x00006a44                SERCOM6_2_Handler
 .text.SERCOM6_1_Handler
                0x00006a4c        0x8 hpl/sercom/hpl_sercom.o
                0x00006a4c                SERCOM6_1_Handler
 .text.SERCOM6_0_Handler
                0x00006a54        0x8 hpl/sercom/hpl_sercom.o
                0x00006a54                SERCOM6_0_Handler
 .text._spi_m_dma_init
                0x00006a5c       0xb4 hpl/sercom/hpl_sercom.o
                0x00006a5c                _spi_m_dma_init
 .text._spi_m_dma_enable
                0x00006b10        0xc hpl/sercom/hpl_sercom.o
                0x00006b10                _spi_m_dma_enable
 .text._spi_m_dma_register_callback
                0x00006b1c       0x60 hpl/sercom/hpl_sercom.o
                0x00006b1c                _spi_m_dma_register_callback
 .text._spi_m_dma_transfer
                0x00006b7c       0xec hpl/sercom/hpl_sercom.o
                0x00006b7c                _spi_m_dma_transfer
 .text._delay_init
                0x00006c68       0x14 hpl/systick/hpl_systick.o
                0x00006c68                _delay_init
 .text._delay_cycles
                0x00006c7c       0x38 hpl/systick/hpl_systick.o
                0x00006c7c                _delay_cycles
 .text._dummy_func_no_return
                0x00006cb4        0x4 hpl/usb/hpl_usb.o
 .text._usb_d_dev_wait_dfll_rdy
                0x00006cb8       0x24 hpl/usb/hpl_usb.o
 .text._usb_d_dev_ept
                0x00006cdc       0x18 hpl/usb/hpl_usb.o
 .text._usb_d_dev_handle_setup
                0x00006cf4       0x84 hpl/usb/hpl_usb.o
 .text._usb_d_dev_handle_stall
                0x00006d78       0x28 hpl/usb/hpl_usb.o
 .text._usb_d_dev_trans_done
                0x00006da0       0x24 hpl/usb/hpl_usb.o
 .text._usb_d_dev_trans_stop
                0x00006dc4       0x64 hpl/usb/hpl_usb.o
 .text._usb_d_dev_handle_trfail
                0x00006e28       0xec hpl/usb/hpl_usb.o
 .text._usb_d_dev_reset_epts
                0x00006f14       0x3c hpl/usb/hpl_usb.o
 .text._usb_d_dev_in_next
                0x00006f50      0x158 hpl/usb/hpl_usb.o
 .text._usb_d_dev_out_next
                0x000070a8      0x1ac hpl/usb/hpl_usb.o
 .text._usb_d_dev_handler
                0x00007254      0x1e4 hpl/usb/hpl_usb.o
 .text._usbd_ep_pcksize_size
                0x00007438       0x3e hpl/usb/hpl_usb.o
 *fill*         0x00007476        0x2 
 .text._usb_d_dev_init
                0x00007478       0xe8 hpl/usb/hpl_usb.o
                0x00007478                _usb_d_dev_init
 .text._usb_d_dev_enable
                0x00007560       0x5c hpl/usb/hpl_usb.o
                0x00007560                _usb_d_dev_enable
 .text._usb_d_dev_attach
                0x000075bc       0x12 hpl/usb/hpl_usb.o
                0x000075bc                _usb_d_dev_attach
 .text._usb_d_dev_set_address
                0x000075ce        0xc hpl/usb/hpl_usb.o
                0x000075ce                _usb_d_dev_set_address
 *fill*         0x000075da        0x2 
 .text._usb_d_dev_ep_init
                0x000075dc       0xc0 hpl/usb/hpl_usb.o
                0x000075dc                _usb_d_dev_ep_init
 .text._usb_d_dev_ep_deinit
                0x0000769c       0x84 hpl/usb/hpl_usb.o
                0x0000769c                _usb_d_dev_ep_deinit
 .text._usb_d_dev_ep_enable
                0x00007720      0x17c hpl/usb/hpl_usb.o
                0x00007720                _usb_d_dev_ep_enable
 .text._usb_d_dev_ep_stall
                0x0000789c       0xe4 hpl/usb/hpl_usb.o
                0x0000789c                _usb_d_dev_ep_stall
 .text._usb_d_dev_ep_read_req
                0x00007980       0x54 hpl/usb/hpl_usb.o
                0x00007980                _usb_d_dev_ep_read_req
 .text._usb_d_dev_ep_trans
                0x000079d4      0x108 hpl/usb/hpl_usb.o
                0x000079d4                _usb_d_dev_ep_trans
 .text._usb_d_dev_register_callback
                0x00007adc       0x24 hpl/usb/hpl_usb.o
                0x00007adc                _usb_d_dev_register_callback
 .text._usb_d_dev_register_ep_callback
                0x00007b00       0x2c hpl/usb/hpl_usb.o
                0x00007b00                _usb_d_dev_register_ep_callback
 .text.USB_0_Handler
                0x00007b2c        0x8 hpl/usb/hpl_usb.o
                0x00007b2c                USB_0_Handler
 .text.USB_1_Handler
                0x00007b34        0x8 hpl/usb/hpl_usb.o
                0x00007b34                USB_1_Handler
 .text.USB_2_Handler
                0x00007b3c        0x8 hpl/usb/hpl_usb.o
                0x00007b3c                USB_2_Handler
 .text.USB_3_Handler
                0x00007b44        0x8 hpl/usb/hpl_usb.o
                0x00007b44                USB_3_Handler
 .text.convert_cb_ADC_0
                0x00007b4c        0xc main.o
 .text.tx_complete_cb_GRID_LED
                0x00007b58        0xc main.o
 .text.RTC_Scheduler_tick_cb
                0x00007b64       0x1c main.o
 .text.RTC_Scheduler_report_cb
                0x00007b80       0x1c main.o
 .text.RTC_Scheduler_task2_cb
                0x00007b9c       0x1c main.o
 .text._gpio_get_level
                0x00007bb8       0x34 main.o
 .text.tx_cb_USART_GRID
                0x00007bec       0x2c main.o
 .text.rx_cb_USART_GRID
                0x00007c18       0x2c main.o
 .text.grid_led_set_color
                0x00007c44       0x38 main.o
                0x00007c44                grid_led_set_color
 .text.grid_led_tick
                0x00007c7c       0x40 main.o
                0x00007c7c                grid_led_tick
 .text.grid_led_set_min
                0x00007cbc       0x28 main.o
                0x00007cbc                grid_led_set_min
 .text.grid_led_set_mid
                0x00007ce4       0x28 main.o
                0x00007ce4                grid_led_set_mid
 .text.grid_led_set_max
                0x00007d0c       0x28 main.o
                0x00007d0c                grid_led_set_max
 .text.grid_led_set_phase
                0x00007d34       0x20 main.o
                0x00007d34                grid_led_set_phase
 .text.grid_led_set_frequency
                0x00007d54       0x20 main.o
                0x00007d54                grid_led_set_frequency
 .text.grid_led_init
                0x00007d74      0x1a8 main.o
                0x00007d74                grid_led_init
 .text.grid_led_render
                0x00007f1c       0xb4 main.o
                0x00007f1c                grid_led_render
 .text.grid_led_render_all
                0x00007fd0       0x20 main.o
                0x00007fd0                grid_led_render_all
 .text.grid_ain_channel_init
                0x00007ff0       0x34 main.o
                0x00007ff0                grid_ain_channel_init
 .text.grid_ain_init
                0x00008024       0x4c main.o
                0x00008024                grid_ain_init
 .text.grid_ain_add_sample
                0x00008070       0xd0 main.o
                0x00008070                grid_ain_add_sample
 .text.convert_cb_ADC_1
                0x00008140       0xdc main.o
 .text.grid_ain_get_changed
                0x0000821c       0x14 main.o
                0x0000821c                grid_ain_get_changed
 .text.grid_ain_get_average
                0x00008230       0x18 main.o
                0x00008230                grid_ain_get_average
 .text.grid_tel_event_handler
                0x00008248       0x28 main.o
                0x00008248                grid_tel_event_handler
 .text.grid_tel_event_register
                0x00008270       0x40 main.o
                0x00008270                grid_tel_event_register
 .text.grid_tel_calculate_event_frequency
                0x000082b0       0x1e main.o
                0x000082b0                grid_tel_calculate_event_frequency
 *fill*         0x000082ce        0x2 
 .text.grid_tel_frequency_tick
                0x000082d0       0x20 main.o
                0x000082d0                grid_tel_frequency_tick
 .text.grid_sys_get_id
                0x000082f0       0x2c main.o
                0x000082f0                grid_sys_get_id
 .text.grid_sys_get_hwcfg
                0x0000831c       0xc0 main.o
                0x0000831c                grid_sys_get_hwcfg
 .text.grid_sys_uart_init
                0x000083dc       0x78 main.o
                0x000083dc                grid_sys_uart_init
 .text.grid_msg_process
                0x00008454       0x48 main.o
                0x00008454                grid_msg_process
 .text.grid_msg_process_all
                0x0000849c       0x24 main.o
                0x0000849c                grid_msg_process_all
 .text.grid_sys_ping
                0x000084c0       0x10 main.o
                0x000084c0                grid_sys_ping
 .text.grid_sys_ping_all
                0x000084d0       0x20 main.o
                0x000084d0                grid_sys_ping_all
 .text.RTC_Scheduler_ping_cb
                0x000084f0        0x8 main.o
 .text.grid_module_init
                0x000084f8       0xd0 main.o
                0x000084f8                grid_module_init
 .text.init_timer
                0x000085c8       0x98 main.o
                0x000085c8                init_timer
 .text.startup.main
                0x00008660      0x350 main.o
                0x00008660                main
 .text.cdcdf_acm_req
                0x000089b0       0xdc usb/class/cdc/device/cdcdf_acm.o
 .text.cdcdf_acm_ctrl
                0x00008a8c      0x138 usb/class/cdc/device/cdcdf_acm.o
 .text.cdcdf_acm_init
                0x00008bc4       0x44 usb/class/cdc/device/cdcdf_acm.o
                0x00008bc4                cdcdf_acm_init
 .text.cdcdf_acm_write
                0x00008c08       0x2c usb/class/cdc/device/cdcdf_acm.o
                0x00008c08                cdcdf_acm_write
 .text.usbdc_unconfig
                0x00008c34       0x1c usb/device/usbdc.o
 .text.usbdc_change_notify
                0x00008c50       0x20 usb/device/usbdc.o
 .text.usbdc_request_handler
                0x00008c70       0x38 usb/device/usbdc.o
 .text.usbd_sof_cb
                0x00008ca8       0x18 usb/device/usbdc.o
 .text.usbdc_cb_ctl_done
                0x00008cc0       0x68 usb/device/usbdc.o
 .text.usbdc_reset
                0x00008d28       0x5c usb/device/usbdc.o
                0x00008d28                usbdc_reset
 .text.usbd_event_cb
                0x00008d84       0x18 usb/device/usbdc.o
 .text.usbdc_xfer
                0x00008d9c       0x20 usb/device/usbdc.o
                0x00008d9c                usbdc_xfer
 .text.usbdc_cb_ctl_req
                0x00008dbc      0x328 usb/device/usbdc.o
 .text.usbdc_register_handler
                0x000090e4       0x2c usb/device/usbdc.o
                0x000090e4                usbdc_register_handler
 .text.usbdc_init
                0x00009110       0x44 usb/device/usbdc.o
                0x00009110                usbdc_init
 .text.usbdc_register_function
                0x00009154       0x10 usb/device/usbdc.o
                0x00009154                usbdc_register_function
 .text.usbdc_start
                0x00009164       0x34 usb/device/usbdc.o
                0x00009164                usbdc_start
 .text.usbdc_attach
                0x00009198        0x8 usb/device/usbdc.o
                0x00009198                usbdc_attach
 .text.usbdc_get_ctrl_buffer
                0x000091a0        0xc usb/device/usbdc.o
                0x000091a0                usbdc_get_ctrl_buffer
 .text.usbdc_get_state
                0x000091ac       0x14 usb/device/usbdc.o
                0x000091ac                usbdc_get_state
 .text.usb_find_desc
                0x000091c0       0x1a usb/usb_protocol.o
                0x000091c0                usb_find_desc
 .text.usb_find_ep_desc
                0x000091da       0x1c usb/usb_protocol.o
                0x000091da                usb_find_ep_desc
 *fill*         0x000091f6        0x2 
 .text.usb_find_cfg_desc
                0x000091f8       0x3c usb/usb_protocol.o
                0x000091f8                usb_find_cfg_desc
 .text.usb_find_str_desc
                0x00009234       0x30 usb/usb_protocol.o
                0x00009234                usb_find_str_desc
 .text.cdc_device_acm_init
                0x00009264       0x34 usb_start.o
                0x00009264                cdc_device_acm_init
 .text.usb_init
                0x00009298        0x8 usb_start.o
                0x00009298                usb_init
 .text.__libc_init_array
                0x000092a0       0x48 c:/program files (x86)/atmel/studio/7.0/toolchain/arm/arm-gnu-toolchain/bin/../lib/gcc/arm-none-eabi/6.3.1/../../../../arm-none-eabi/lib/thumb/v7e-m\libc_nano.a(lib_a-init.o)
                0x000092a0                __libc_init_array
 .text.malloc   0x000092e8       0x10 c:/program files (x86)/atmel/studio/7.0/toolchain/arm/arm-gnu-toolchain/bin/../lib/gcc/arm-none-eabi/6.3.1/../../../../arm-none-eabi/lib/thumb/v7e-m\libc_nano.a(lib_a-malloc.o)
                0x000092e8                malloc
 .text.memcpy   0x000092f8       0x16 c:/program files (x86)/atmel/studio/7.0/toolchain/arm/arm-gnu-toolchain/bin/../lib/gcc/arm-none-eabi/6.3.1/../../../../arm-none-eabi/lib/thumb/v7e-m\libc_nano.a(lib_a-memcpy-stub.o)
                0x000092f8                memcpy
 .text.memset   0x0000930e       0x10 c:/program files (x86)/atmel/studio/7.0/toolchain/arm/arm-gnu-toolchain/bin/../lib/gcc/arm-none-eabi/6.3.1/../../../../arm-none-eabi/lib/thumb/v7e-m\libc_nano.a(lib_a-memset.o)
                0x0000930e                memset
 *fill*         0x0000931e        0x2 
 .text._free_r  0x00009320       0x9c c:/program files (x86)/atmel/studio/7.0/toolchain/arm/arm-gnu-toolchain/bin/../lib/gcc/arm-none-eabi/6.3.1/../../../../arm-none-eabi/lib/thumb/v7e-m\libc_nano.a(lib_a-nano-freer.o)
                0x00009320                _free_r
 .text._malloc_r
                0x000093bc       0xbc c:/program files (x86)/atmel/studio/7.0/toolchain/arm/arm-gnu-toolchain/bin/../lib/gcc/arm-none-eabi/6.3.1/../../../../arm-none-eabi/lib/thumb/v7e-m\libc_nano.a(lib_a-nano-mallocr.o)
                0x000093bc                _malloc_r
 .text._sbrk_r  0x00009478       0x20 c:/program files (x86)/atmel/studio/7.0/toolchain/arm/arm-gnu-toolchain/bin/../lib/gcc/arm-none-eabi/6.3.1/../../../../arm-none-eabi/lib/thumb/v7e-m\libc_nano.a(lib_a-sbrkr.o)
                0x00009478                _sbrk_r
 .text.sprintf  0x00009498       0x48 c:/program files (x86)/atmel/studio/7.0/toolchain/arm/arm-gnu-toolchain/bin/../lib/gcc/arm-none-eabi/6.3.1/../../../../arm-none-eabi/lib/thumb/v7e-m\libc_nano.a(lib_a-sprintf.o)
                0x00009498                siprintf
                0x00009498                sprintf
 .text.strcpy   0x000094e0       0x10 c:/program files (x86)/atmel/studio/7.0/toolchain/arm/arm-gnu-toolchain/bin/../lib/gcc/arm-none-eabi/6.3.1/../../../../arm-none-eabi/lib/thumb/v7e-m\libc_nano.a(lib_a-strcpy.o)
                0x000094e0                strcpy
 .text          0x000094f0       0x10 c:/program files (x86)/atmel/studio/7.0/toolchain/arm/arm-gnu-toolchain/bin/../lib/gcc/arm-none-eabi/6.3.1/../../../../arm-none-eabi/lib/thumb/v7e-m\libc_nano.a(lib_a-strlen.o)
                0x000094f0                strlen
 .text.__malloc_lock
                0x00009500        0x2 c:/program files (x86)/atmel/studio/7.0/toolchain/arm/arm-gnu-toolchain/bin/../lib/gcc/arm-none-eabi/6.3.1/../../../../arm-none-eabi/lib/thumb/v7e-m\libc_nano.a(lib_a-mlock.o)
                0x00009500                __malloc_lock
 .text.__malloc_unlock
                0x00009502        0x2 c:/program files (x86)/atmel/studio/7.0/toolchain/arm/arm-gnu-toolchain/bin/../lib/gcc/arm-none-eabi/6.3.1/../../../../arm-none-eabi/lib/thumb/v7e-m\libc_nano.a(lib_a-mlock.o)
                0x00009502                __malloc_unlock
 .text.__ssputs_r
                0x00009504       0xb6 c:/program files (x86)/atmel/studio/7.0/toolchain/arm/arm-gnu-toolchain/bin/../lib/gcc/arm-none-eabi/6.3.1/../../../../arm-none-eabi/lib/thumb/v7e-m\libc_nano.a(lib_a-nano-svfprintf.o)
                0x00009504                __ssputs_r
 *fill*         0x000095ba        0x2 
 .text._svfprintf_r
                0x000095bc      0x1e8 c:/program files (x86)/atmel/studio/7.0/toolchain/arm/arm-gnu-toolchain/bin/../lib/gcc/arm-none-eabi/6.3.1/../../../../arm-none-eabi/lib/thumb/v7e-m\libc_nano.a(lib_a-nano-svfprintf.o)
                0x000095bc                _svfiprintf_r
                0x000095bc                _svfprintf_r
 .text._printf_common
                0x000097a4       0xec c:/program files (x86)/atmel/studio/7.0/toolchain/arm/arm-gnu-toolchain/bin/../lib/gcc/arm-none-eabi/6.3.1/../../../../arm-none-eabi/lib/thumb/v7e-m\libc_nano.a(lib_a-nano-vfprintf_i.o)
                0x000097a4                _printf_common
 .text._printf_i
                0x00009890      0x240 c:/program files (x86)/atmel/studio/7.0/toolchain/arm/arm-gnu-toolchain/bin/../lib/gcc/arm-none-eabi/6.3.1/../../../../arm-none-eabi/lib/thumb/v7e-m\libc_nano.a(lib_a-nano-vfprintf_i.o)
                0x00009890                _printf_i
 .text          0x00009ad0       0xa0 c:/program files (x86)/atmel/studio/7.0/toolchain/arm/arm-gnu-toolchain/bin/../lib/gcc/arm-none-eabi/6.3.1/../../../../arm-none-eabi/lib/thumb/v7e-m\libc_nano.a(lib_a-memchr.o)
                0x00009ad0                memchr
 .text.memmove  0x00009b70       0x34 c:/program files (x86)/atmel/studio/7.0/toolchain/arm/arm-gnu-toolchain/bin/../lib/gcc/arm-none-eabi/6.3.1/../../../../arm-none-eabi/lib/thumb/v7e-m\libc_nano.a(lib_a-memmove.o)
                0x00009b70                memmove
 .text._realloc_r
                0x00009ba4       0x4c c:/program files (x86)/atmel/studio/7.0/toolchain/arm/arm-gnu-toolchain/bin/../lib/gcc/arm-none-eabi/6.3.1/../../../../arm-none-eabi/lib/thumb/v7e-m\libc_nano.a(lib_a-nano-reallocr.o)
                0x00009ba4                _realloc_r
 .text._malloc_usable_size_r
                0x00009bf0       0x12 c:/program files (x86)/atmel/studio/7.0/toolchain/arm/arm-gnu-toolchain/bin/../lib/gcc/arm-none-eabi/6.3.1/../../../../arm-none-eabi/lib/thumb/v7e-m\libc_nano.a(lib_a-nano-msizer.o)
                0x00009bf0                _malloc_usable_size_r
 *(.glue_7t)
 .glue_7t       0x00009c02        0x0 linker stubs
 *(.glue_7)
 .glue_7        0x00009c02        0x0 linker stubs
 *(.rodata .rodata* .gnu.linkonce.r.*)
 .rodata        0x00009c02       0x2c hpl/adc/hpl_adc.o
 *fill*         0x00009c2e        0x2 
 .rodata        0x00009c30      0x100 hpl/dmac/hpl_dmac.o
 .rodata        0x00009d30       0xc4 hpl/sercom/hpl_sercom.o
 .rodata        0x00009df4       0x24 hpl/usb/hpl_usb.o
 .rodata        0x00009e18       0x7a main.o
                0x00009e18                grid_module_mux_lookup
                0x00009e8f                grid_module_din_buffer_size
                0x00009e90                grid_module_ain_buffer_size
                0x00009e91                grid_module_led_buffer_size
 .rodata.str1.1
                0x00009e92       0x50 main.o
 *fill*         0x00009ee2        0x2 
 .rodata.__sf_fake_stderr
                0x00009ee4       0x20 c:/program files (x86)/atmel/studio/7.0/toolchain/arm/arm-gnu-toolchain/bin/../lib/gcc/arm-none-eabi/6.3.1/../../../../arm-none-eabi/lib/thumb/v7e-m\libc_nano.a(lib_a-findfp.o)
                0x00009ee4                __sf_fake_stderr
 .rodata.__sf_fake_stdin
                0x00009f04       0x20 c:/program files (x86)/atmel/studio/7.0/toolchain/arm/arm-gnu-toolchain/bin/../lib/gcc/arm-none-eabi/6.3.1/../../../../arm-none-eabi/lib/thumb/v7e-m\libc_nano.a(lib_a-findfp.o)
                0x00009f04                __sf_fake_stdin
 .rodata.__sf_fake_stdout
                0x00009f24       0x20 c:/program files (x86)/atmel/studio/7.0/toolchain/arm/arm-gnu-toolchain/bin/../lib/gcc/arm-none-eabi/6.3.1/../../../../arm-none-eabi/lib/thumb/v7e-m\libc_nano.a(lib_a-findfp.o)
                0x00009f24                __sf_fake_stdout
 .rodata._svfprintf_r.str1.1
                0x00009f44       0x11 c:/program files (x86)/atmel/studio/7.0/toolchain/arm/arm-gnu-toolchain/bin/../lib/gcc/arm-none-eabi/6.3.1/../../../../arm-none-eabi/lib/thumb/v7e-m\libc_nano.a(lib_a-nano-svfprintf.o)
 .rodata._printf_i.str1.1
                0x00009f55       0x22 c:/program files (x86)/atmel/studio/7.0/toolchain/arm/arm-gnu-toolchain/bin/../lib/gcc/arm-none-eabi/6.3.1/../../../../arm-none-eabi/lib/thumb/v7e-m\libc_nano.a(lib_a-nano-vfprintf_i.o)
 *(.ARM.extab* .gnu.linkonce.armextab.*)
                0x00009f78                . = ALIGN (0x4)
 *fill*         0x00009f77        0x1 
 *(.init)
 .init          0x00009f78        0x4 c:/program files (x86)/atmel/studio/7.0/toolchain/arm/arm-gnu-toolchain/bin/../lib/gcc/arm-none-eabi/6.3.1/thumb/v7e-m/crti.o
                0x00009f78                _init
 .init          0x00009f7c        0x8 c:/program files (x86)/atmel/studio/7.0/toolchain/arm/arm-gnu-toolchain/bin/../lib/gcc/arm-none-eabi/6.3.1/thumb/v7e-m/crtn.o
                0x00009f84                . = ALIGN (0x4)
                0x00009f84                __preinit_array_start = .
 *(.preinit_array)
                0x00009f84                __preinit_array_end = .
                0x00009f84                . = ALIGN (0x4)
                0x00009f84                __init_array_start = .
 *(SORT(.init_array.*))
 *(.init_array)
 .init_array    0x00009f84        0x4 c:/program files (x86)/atmel/studio/7.0/toolchain/arm/arm-gnu-toolchain/bin/../lib/gcc/arm-none-eabi/6.3.1/thumb/v7e-m/crtbegin.o
                0x00009f88                __init_array_end = .
                0x00009f88                . = ALIGN (0x4)
 *crtbegin.o(.ctors)
 *(EXCLUDE_FILE(*crtend.o) .ctors)
 *(SORT(.ctors.*))
 *crtend.o(.ctors)
                0x00009f88                . = ALIGN (0x4)
 *(.fini)
 .fini          0x00009f88        0x4 c:/program files (x86)/atmel/studio/7.0/toolchain/arm/arm-gnu-toolchain/bin/../lib/gcc/arm-none-eabi/6.3.1/thumb/v7e-m/crti.o
                0x00009f88                _fini
 .fini          0x00009f8c        0x8 c:/program files (x86)/atmel/studio/7.0/toolchain/arm/arm-gnu-toolchain/bin/../lib/gcc/arm-none-eabi/6.3.1/thumb/v7e-m/crtn.o
                0x00009f94                . = ALIGN (0x4)
                0x00009f94                __fini_array_start = .
 *(.fini_array)
 .fini_array    0x00009f94        0x4 c:/program files (x86)/atmel/studio/7.0/toolchain/arm/arm-gnu-toolchain/bin/../lib/gcc/arm-none-eabi/6.3.1/thumb/v7e-m/crtbegin.o
 *(SORT(.fini_array.*))
                0x00009f98                __fini_array_end = .
 *crtbegin.o(.dtors)
 *(EXCLUDE_FILE(*crtend.o) .dtors)
 *(SORT(.dtors.*))
 *crtend.o(.dtors)
                0x00009f98                . = ALIGN (0x4)
                0x00009f98                _efixed = .
                [!provide]                PROVIDE (__exidx_start, .)

.vfp11_veneer   0x00009f98        0x0
 .vfp11_veneer  0x00009f98        0x0 linker stubs

.v4_bx          0x00009f98        0x0
 .v4_bx         0x00009f98        0x0 linker stubs

.iplt           0x00009f98        0x0
 .iplt          0x00009f98        0x0 c:/program files (x86)/atmel/studio/7.0/toolchain/arm/arm-gnu-toolchain/bin/../lib/gcc/arm-none-eabi/6.3.1/thumb/v7e-m/crtbegin.o

.eh_frame       0x00009f98        0x0
 .eh_frame      0x00009f98        0x0 c:/program files (x86)/atmel/studio/7.0/toolchain/arm/arm-gnu-toolchain/bin/../lib/gcc/arm-none-eabi/6.3.1/thumb/v7e-m/crtbegin.o

.rel.dyn        0x00009f98        0x0
 .rel.iplt      0x00009f98        0x0 c:/program files (x86)/atmel/studio/7.0/toolchain/arm/arm-gnu-toolchain/bin/../lib/gcc/arm-none-eabi/6.3.1/thumb/v7e-m/crtbegin.o

.jcr            0x00009f98        0x0
 .jcr           0x00009f98        0x0 c:/program files (x86)/atmel/studio/7.0/toolchain/arm/arm-gnu-toolchain/bin/../lib/gcc/arm-none-eabi/6.3.1/thumb/v7e-m/crtbegin.o

.igot.plt       0x00009f98        0x0
 .igot.plt      0x00009f98        0x0 c:/program files (x86)/atmel/studio/7.0/toolchain/arm/arm-gnu-toolchain/bin/../lib/gcc/arm-none-eabi/6.3.1/thumb/v7e-m/crtbegin.o

.ARM.exidx
 *(.ARM.exidx* .gnu.linkonce.armexidx.*)
                [!provide]                PROVIDE (__exidx_end, .)
                0x00009f98                . = ALIGN (0x4)
                0x00009f98                _etext = .

.relocate       0x20000000      0x3d8 load address 0x00009f98
                0x20000000                . = ALIGN (0x4)
                0x20000000                _srelocate = .
 *(.ramfunc .ramfunc.*)
 *(.data .data.*)
 .data          0x20000000      0x30c main.o
                0x20000000                min_lookup
                0x20000100                mid_lookup
                0x20000200                max_lookup
                0x20000300                grid_sys_hwfcg
 .data          0x2000030c        0x8 usb/class/cdc/device/cdcdf_acm.o
 .data          0x20000314       0x5d usb_start.o
 *fill*         0x20000371        0x3 
 .data._impure_ptr
                0x20000374        0x4 c:/program files (x86)/atmel/studio/7.0/toolchain/arm/arm-gnu-toolchain/bin/../lib/gcc/arm-none-eabi/6.3.1/../../../../arm-none-eabi/lib/thumb/v7e-m\libc_nano.a(lib_a-impure.o)
                0x20000374                _impure_ptr
 .data.impure_data
                0x20000378       0x60 c:/program files (x86)/atmel/studio/7.0/toolchain/arm/arm-gnu-toolchain/bin/../lib/gcc/arm-none-eabi/6.3.1/../../../../arm-none-eabi/lib/thumb/v7e-m\libc_nano.a(lib_a-impure.o)
                0x200003d8                . = ALIGN (0x4)
                0x200003d8                _erelocate = .

.bkupram        0x47000000        0x0
                0x47000000                . = ALIGN (0x8)
                0x47000000                _sbkupram = .
 *(.bkupram .bkupram.*)
                0x47000000                . = ALIGN (0x8)
                0x47000000                _ebkupram = .

.qspi           0x04000000        0x0
                0x04000000                . = ALIGN (0x8)
                0x04000000                _sqspi = .
 *(.qspi .qspi.*)
                0x04000000                . = ALIGN (0x8)
                0x04000000                _eqspi = .

.bss            0x200003e0     0x13c0 load address 0x0000a380
                0x200003e0                . = ALIGN (0x4)
                0x200003e0                _sbss = .
                0x200003e0                _szero = .
 *(.bss .bss.*)
 .bss           0x200003e0       0x1c c:/program files (x86)/atmel/studio/7.0/toolchain/arm/arm-gnu-toolchain/bin/../lib/gcc/arm-none-eabi/6.3.1/thumb/v7e-m/crtbegin.o
 .bss           0x200003fc       0x72 driver_init.o
 *fill*         0x2000046e        0x2 
 .bss           0x20000470        0x4 hal/src/hal_delay.o
 .bss           0x20000474      0x1a0 hal/src/hal_usb_device.o
 .bss           0x20000614        0x4 hal/utils/src/utils_syscalls.o
 .bss           0x20000618        0x8 hpl/adc/hpl_adc.o
 .bss           0x20000620      0x180 hpl/dmac/hpl_dmac.o
 .bss           0x200007a0        0x4 hpl/nvmctrl/hpl_nvmctrl.o
 .bss           0x200007a4        0x4 hpl/rtc/hpl_rtc.o
 .bss           0x200007a8       0x18 hpl/sercom/hpl_sercom.o
 .bss           0x200007c0      0x350 hpl/usb/hpl_usb.o
 .bss           0x20000b10      0x4d0 main.o
                0x20000b18                realtime
                0x20000b1c                task_current
                0x20000b20                task_counter
                0x20000b40                reportflag
                0x20000b41                task2flag
                0x20000b44                grid_sys_tx_counter
                0x20000b54                grid_sys_rx_counter
                0x20000f7d                grid_module_mux
                0x20000f80                grid_tel_event_head
                0x20000f84                grid_sys_ping_counter
                0x20000fd8                task1flag
                0x20000fdc                grid_tel_system_uptime
 .bss           0x20000fe0       0x24 usb/class/cdc/device/cdcdf_acm.o
 .bss           0x20001004       0x20 usb/device/usbdc.o
 .bss           0x20001024       0x80 usb_start.o
 .bss.__malloc_free_list
                0x200010a4        0x4 c:/program files (x86)/atmel/studio/7.0/toolchain/arm/arm-gnu-toolchain/bin/../lib/gcc/arm-none-eabi/6.3.1/../../../../arm-none-eabi/lib/thumb/v7e-m\libc_nano.a(lib_a-nano-mallocr.o)
                0x200010a4                __malloc_free_list
 .bss.__malloc_sbrk_start
                0x200010a8        0x4 c:/program files (x86)/atmel/studio/7.0/toolchain/arm/arm-gnu-toolchain/bin/../lib/gcc/arm-none-eabi/6.3.1/../../../../arm-none-eabi/lib/thumb/v7e-m\libc_nano.a(lib_a-nano-mallocr.o)
                0x200010a8                __malloc_sbrk_start
 *(COMMON)
 COMMON         0x200010ac      0x2c0 driver_init.o
                0x200010ac                RTC_Scheduler
                0x200010c8                FLASH_0
                0x200010e4                CRC_0
                0x200010e8                ADC_1_ch
                0x20001100                SYS_I2C
                0x20001140                GRID_AUX
                0x20001190                ADC_0
                0x200011bc                USART_EAST
                0x2000120c                USART_NORTH
                0x2000125c                GRID_LED
                0x20001288                ADC_0_ch
                0x200012a0                USART_WEST
                0x200012f0                USART_SOUTH
                0x20001340                ADC_1
 *fill*         0x2000136c        0x4 
 COMMON         0x20001370      0x400 hpl/dmac/hpl_dmac.o
                0x20001370                _descriptor_section
                0x20001570                _write_back_section
 COMMON         0x20001770       0x10 hpl/ramecc/hpl_ramecc.o
                0x20001770                device
 COMMON         0x20001780       0x1c main.o
                0x20001780                led_smart_buffer
                0x20001784                grid_sys_north_io
                0x20001788                io
                0x2000178c                grid_sys_east_io
                0x20001790                grid_sys_south_io
                0x20001794                grid_sys_west_io
                0x20001798                io2
 COMMON         0x2000179c        0x4 c:/program files (x86)/atmel/studio/7.0/toolchain/arm/arm-gnu-toolchain/bin/../lib/gcc/arm-none-eabi/6.3.1/../../../../arm-none-eabi/lib/thumb/v7e-m\libc_nano.a(lib_a-reent.o)
                0x2000179c                errno
                0x200017a0                . = ALIGN (0x4)
                0x200017a0                _ebss = .
                0x200017a0                _ezero = .

.stack          0x200017a0    0x10000 load address 0x0000b740
                0x200017a0                . = ALIGN (0x8)
                0x200017a0                _sstack = .
                0x200117a0                . = (. + STACK_SIZE)
 *fill*         0x200017a0    0x10000 
                0x200117a0                . = ALIGN (0x8)
                0x200117a0                _estack = .
                0x200117a0                . = ALIGN (0x4)
                0x200117a0                _end = .
OUTPUT(grid_toplevel.elf elf32-littlearm)

.ARM.attributes
                0x00000000       0x2e
 .ARM.attributes
                0x00000000       0x1e c:/program files (x86)/atmel/studio/7.0/toolchain/arm/arm-gnu-toolchain/bin/../lib/gcc/arm-none-eabi/6.3.1/thumb/v7e-m/crti.o
 .ARM.attributes
                0x0000001e       0x2e c:/program files (x86)/atmel/studio/7.0/toolchain/arm/arm-gnu-toolchain/bin/../lib/gcc/arm-none-eabi/6.3.1/thumb/v7e-m/crtbegin.o
 .ARM.attributes
                0x0000004c       0x37 atmel_start.o
 .ARM.attributes
                0x00000083       0x37 Device_Startup/startup_samd51.o
 .ARM.attributes
                0x000000ba       0x37 driver_init.o
 .ARM.attributes
                0x000000f1       0x37 hal/src/hal_adc_async.o
 .ARM.attributes
                0x00000128       0x37 hal/src/hal_atomic.o
 .ARM.attributes
                0x0000015f       0x37 hal/src/hal_crc_sync.o
 .ARM.attributes
                0x00000196       0x37 hal/src/hal_delay.o
 .ARM.attributes
                0x000001cd       0x37 hal/src/hal_flash.o
 .ARM.attributes
                0x00000204       0x37 hal/src/hal_i2c_m_async.o
 .ARM.attributes
                0x0000023b       0x37 hal/src/hal_io.o
 .ARM.attributes
                0x00000272       0x37 hal/src/hal_spi_m_dma.o
 .ARM.attributes
                0x000002a9       0x37 hal/src/hal_timer.o
 .ARM.attributes
                0x000002e0       0x37 hal/src/hal_usart_async.o
 .ARM.attributes
                0x00000317       0x37 hal/src/hal_usb_device.o
 .ARM.attributes
                0x0000034e       0x37 hal/utils/src/utils_list.o
 .ARM.attributes
                0x00000385       0x37 hal/utils/src/utils_ringbuffer.o
 .ARM.attributes
                0x000003bc       0x37 hal/utils/src/utils_syscalls.o
 .ARM.attributes
                0x000003f3       0x37 hpl/adc/hpl_adc.o
 .ARM.attributes
                0x0000042a       0x37 hpl/core/hpl_core_m4.o
 .ARM.attributes
                0x00000461       0x37 hpl/core/hpl_init.o
 .ARM.attributes
                0x00000498       0x37 hpl/dmac/hpl_dmac.o
 .ARM.attributes
                0x000004cf       0x37 hpl/dsu/hpl_dsu.o
 .ARM.attributes
                0x00000506       0x37 hpl/gclk/hpl_gclk.o
 .ARM.attributes
                0x0000053d       0x37 hpl/mclk/hpl_mclk.o
 .ARM.attributes
                0x00000574       0x37 hpl/nvmctrl/hpl_nvmctrl.o
 .ARM.attributes
                0x000005ab       0x37 hpl/osc32kctrl/hpl_osc32kctrl.o
 .ARM.attributes
                0x000005e2       0x37 hpl/oscctrl/hpl_oscctrl.o
 .ARM.attributes
                0x00000619       0x37 hpl/ramecc/hpl_ramecc.o
 .ARM.attributes
                0x00000650       0x37 hpl/rtc/hpl_rtc.o
 .ARM.attributes
                0x00000687       0x37 hpl/sercom/hpl_sercom.o
 .ARM.attributes
                0x000006be       0x37 hpl/systick/hpl_systick.o
 .ARM.attributes
                0x000006f5       0x37 hpl/usb/hpl_usb.o
 .ARM.attributes
                0x0000072c       0x37 main.o
 .ARM.attributes
                0x00000763       0x37 usb/class/cdc/device/cdcdf_acm.o
 .ARM.attributes
                0x0000079a       0x37 usb/device/usbdc.o
 .ARM.attributes
                0x000007d1       0x37 usb/usb_protocol.o
 .ARM.attributes
                0x00000808       0x37 usb_start.o
 .ARM.attributes
                0x0000083f       0x2e c:/program files (x86)/atmel/studio/7.0/toolchain/arm/arm-gnu-toolchain/bin/../lib/gcc/arm-none-eabi/6.3.1/../../../../arm-none-eabi/lib/thumb/v7e-m\libc_nano.a(lib_a-impure.o)
 .ARM.attributes
                0x0000086d       0x2e c:/program files (x86)/atmel/studio/7.0/toolchain/arm/arm-gnu-toolchain/bin/../lib/gcc/arm-none-eabi/6.3.1/../../../../arm-none-eabi/lib/thumb/v7e-m\libc_nano.a(lib_a-init.o)
 .ARM.attributes
                0x0000089b       0x2e c:/program files (x86)/atmel/studio/7.0/toolchain/arm/arm-gnu-toolchain/bin/../lib/gcc/arm-none-eabi/6.3.1/../../../../arm-none-eabi/lib/thumb/v7e-m\libc_nano.a(lib_a-malloc.o)
 .ARM.attributes
                0x000008c9       0x2e c:/program files (x86)/atmel/studio/7.0/toolchain/arm/arm-gnu-toolchain/bin/../lib/gcc/arm-none-eabi/6.3.1/../../../../arm-none-eabi/lib/thumb/v7e-m\libc_nano.a(lib_a-memcpy-stub.o)
 .ARM.attributes
                0x000008f7       0x2e c:/program files (x86)/atmel/studio/7.0/toolchain/arm/arm-gnu-toolchain/bin/../lib/gcc/arm-none-eabi/6.3.1/../../../../arm-none-eabi/lib/thumb/v7e-m\libc_nano.a(lib_a-memset.o)
 .ARM.attributes
                0x00000925       0x2e c:/program files (x86)/atmel/studio/7.0/toolchain/arm/arm-gnu-toolchain/bin/../lib/gcc/arm-none-eabi/6.3.1/../../../../arm-none-eabi/lib/thumb/v7e-m\libc_nano.a(lib_a-nano-freer.o)
 .ARM.attributes
                0x00000953       0x2e c:/program files (x86)/atmel/studio/7.0/toolchain/arm/arm-gnu-toolchain/bin/../lib/gcc/arm-none-eabi/6.3.1/../../../../arm-none-eabi/lib/thumb/v7e-m\libc_nano.a(lib_a-nano-mallocr.o)
 .ARM.attributes
                0x00000981       0x2e c:/program files (x86)/atmel/studio/7.0/toolchain/arm/arm-gnu-toolchain/bin/../lib/gcc/arm-none-eabi/6.3.1/../../../../arm-none-eabi/lib/thumb/v7e-m\libc_nano.a(lib_a-sbrkr.o)
 .ARM.attributes
                0x000009af       0x2e c:/program files (x86)/atmel/studio/7.0/toolchain/arm/arm-gnu-toolchain/bin/../lib/gcc/arm-none-eabi/6.3.1/../../../../arm-none-eabi/lib/thumb/v7e-m\libc_nano.a(lib_a-sprintf.o)
 .ARM.attributes
                0x000009dd       0x2e c:/program files (x86)/atmel/studio/7.0/toolchain/arm/arm-gnu-toolchain/bin/../lib/gcc/arm-none-eabi/6.3.1/../../../../arm-none-eabi/lib/thumb/v7e-m\libc_nano.a(lib_a-strcpy.o)
 .ARM.attributes
                0x00000a0b       0x17 c:/program files (x86)/atmel/studio/7.0/toolchain/arm/arm-gnu-toolchain/bin/../lib/gcc/arm-none-eabi/6.3.1/../../../../arm-none-eabi/lib/thumb/v7e-m\libc_nano.a(lib_a-strlen.o)
 .ARM.attributes
                0x00000a22       0x2e c:/program files (x86)/atmel/studio/7.0/toolchain/arm/arm-gnu-toolchain/bin/../lib/gcc/arm-none-eabi/6.3.1/../../../../arm-none-eabi/lib/thumb/v7e-m\libc_nano.a(lib_a-findfp.o)
 .ARM.attributes
                0x00000a50       0x2e c:/program files (x86)/atmel/studio/7.0/toolchain/arm/arm-gnu-toolchain/bin/../lib/gcc/arm-none-eabi/6.3.1/../../../../arm-none-eabi/lib/thumb/v7e-m\libc_nano.a(lib_a-mlock.o)
 .ARM.attributes
                0x00000a7e       0x2e c:/program files (x86)/atmel/studio/7.0/toolchain/arm/arm-gnu-toolchain/bin/../lib/gcc/arm-none-eabi/6.3.1/../../../../arm-none-eabi/lib/thumb/v7e-m\libc_nano.a(lib_a-nano-svfprintf.o)
 .ARM.attributes
                0x00000aac       0x2e c:/program files (x86)/atmel/studio/7.0/toolchain/arm/arm-gnu-toolchain/bin/../lib/gcc/arm-none-eabi/6.3.1/../../../../arm-none-eabi/lib/thumb/v7e-m\libc_nano.a(lib_a-nano-vfprintf_i.o)
 .ARM.attributes
                0x00000ada       0x2e c:/program files (x86)/atmel/studio/7.0/toolchain/arm/arm-gnu-toolchain/bin/../lib/gcc/arm-none-eabi/6.3.1/../../../../arm-none-eabi/lib/thumb/v7e-m\libc_nano.a(lib_a-reent.o)
 .ARM.attributes
                0x00000b08       0x1c c:/program files (x86)/atmel/studio/7.0/toolchain/arm/arm-gnu-toolchain/bin/../lib/gcc/arm-none-eabi/6.3.1/../../../../arm-none-eabi/lib/thumb/v7e-m\libc_nano.a(lib_a-memchr.o)
 .ARM.attributes
                0x00000b24       0x2e c:/program files (x86)/atmel/studio/7.0/toolchain/arm/arm-gnu-toolchain/bin/../lib/gcc/arm-none-eabi/6.3.1/../../../../arm-none-eabi/lib/thumb/v7e-m\libc_nano.a(lib_a-memmove.o)
 .ARM.attributes
                0x00000b52       0x2e c:/program files (x86)/atmel/studio/7.0/toolchain/arm/arm-gnu-toolchain/bin/../lib/gcc/arm-none-eabi/6.3.1/../../../../arm-none-eabi/lib/thumb/v7e-m\libc_nano.a(lib_a-nano-reallocr.o)
 .ARM.attributes
                0x00000b80       0x2e c:/program files (x86)/atmel/studio/7.0/toolchain/arm/arm-gnu-toolchain/bin/../lib/gcc/arm-none-eabi/6.3.1/../../../../arm-none-eabi/lib/thumb/v7e-m\libc_nano.a(lib_a-nano-msizer.o)
 .ARM.attributes
                0x00000bae       0x1e c:/program files (x86)/atmel/studio/7.0/toolchain/arm/arm-gnu-toolchain/bin/../lib/gcc/arm-none-eabi/6.3.1/thumb/v7e-m/crtn.o

.comment        0x00000000       0x59
 .comment       0x00000000       0x59 atmel_start.o
                                 0x5a (size before relaxing)
 .comment       0x00000059       0x5a Device_Startup/startup_samd51.o
 .comment       0x00000059       0x5a driver_init.o
 .comment       0x00000059       0x5a hal/src/hal_adc_async.o
 .comment       0x00000059       0x5a hal/src/hal_atomic.o
 .comment       0x00000059       0x5a hal/src/hal_crc_sync.o
 .comment       0x00000059       0x5a hal/src/hal_delay.o
 .comment       0x00000059       0x5a hal/src/hal_flash.o
 .comment       0x00000059       0x5a hal/src/hal_i2c_m_async.o
 .comment       0x00000059       0x5a hal/src/hal_io.o
 .comment       0x00000059       0x5a hal/src/hal_spi_m_dma.o
 .comment       0x00000059       0x5a hal/src/hal_timer.o
 .comment       0x00000059       0x5a hal/src/hal_usart_async.o
 .comment       0x00000059       0x5a hal/src/hal_usb_device.o
 .comment       0x00000059       0x5a hal/utils/src/utils_list.o
 .comment       0x00000059       0x5a hal/utils/src/utils_ringbuffer.o
 .comment       0x00000059       0x5a hal/utils/src/utils_syscalls.o
 .comment       0x00000059       0x5a hpl/adc/hpl_adc.o
 .comment       0x00000059       0x5a hpl/core/hpl_core_m4.o
 .comment       0x00000059       0x5a hpl/core/hpl_init.o
 .comment       0x00000059       0x5a hpl/dmac/hpl_dmac.o
 .comment       0x00000059       0x5a hpl/dsu/hpl_dsu.o
 .comment       0x00000059       0x5a hpl/gclk/hpl_gclk.o
 .comment       0x00000059       0x5a hpl/mclk/hpl_mclk.o
 .comment       0x00000059       0x5a hpl/nvmctrl/hpl_nvmctrl.o
 .comment       0x00000059       0x5a hpl/osc32kctrl/hpl_osc32kctrl.o
 .comment       0x00000059       0x5a hpl/oscctrl/hpl_oscctrl.o
 .comment       0x00000059       0x5a hpl/ramecc/hpl_ramecc.o
 .comment       0x00000059       0x5a hpl/rtc/hpl_rtc.o
 .comment       0x00000059       0x5a hpl/sercom/hpl_sercom.o
 .comment       0x00000059       0x5a hpl/systick/hpl_systick.o
 .comment       0x00000059       0x5a hpl/usb/hpl_usb.o
 .comment       0x00000059       0x5a main.o
 .comment       0x00000059       0x5a usb/class/cdc/device/cdcdf_acm.o
 .comment       0x00000059       0x5a usb/device/usbdc.o
 .comment       0x00000059       0x5a usb/usb_protocol.o
 .comment       0x00000059       0x5a usb_start.o

.debug_frame    0x00000000      0x4e0
 .debug_frame   0x00000000       0x2c c:/program files (x86)/atmel/studio/7.0/toolchain/arm/arm-gnu-toolchain/bin/../lib/gcc/arm-none-eabi/6.3.1/../../../../arm-none-eabi/lib/thumb/v7e-m\libc_nano.a(lib_a-init.o)
 .debug_frame   0x0000002c       0x30 c:/program files (x86)/atmel/studio/7.0/toolchain/arm/arm-gnu-toolchain/bin/../lib/gcc/arm-none-eabi/6.3.1/../../../../arm-none-eabi/lib/thumb/v7e-m\libc_nano.a(lib_a-malloc.o)
 .debug_frame   0x0000005c       0x28 c:/program files (x86)/atmel/studio/7.0/toolchain/arm/arm-gnu-toolchain/bin/../lib/gcc/arm-none-eabi/6.3.1/../../../../arm-none-eabi/lib/thumb/v7e-m\libc_nano.a(lib_a-memcpy-stub.o)
 .debug_frame   0x00000084       0x20 c:/program files (x86)/atmel/studio/7.0/toolchain/arm/arm-gnu-toolchain/bin/../lib/gcc/arm-none-eabi/6.3.1/../../../../arm-none-eabi/lib/thumb/v7e-m\libc_nano.a(lib_a-memset.o)
 .debug_frame   0x000000a4       0x38 c:/program files (x86)/atmel/studio/7.0/toolchain/arm/arm-gnu-toolchain/bin/../lib/gcc/arm-none-eabi/6.3.1/../../../../arm-none-eabi/lib/thumb/v7e-m\libc_nano.a(lib_a-nano-freer.o)
 .debug_frame   0x000000dc       0x2c c:/program files (x86)/atmel/studio/7.0/toolchain/arm/arm-gnu-toolchain/bin/../lib/gcc/arm-none-eabi/6.3.1/../../../../arm-none-eabi/lib/thumb/v7e-m\libc_nano.a(lib_a-nano-mallocr.o)
 .debug_frame   0x00000108       0x2c c:/program files (x86)/atmel/studio/7.0/toolchain/arm/arm-gnu-toolchain/bin/../lib/gcc/arm-none-eabi/6.3.1/../../../../arm-none-eabi/lib/thumb/v7e-m\libc_nano.a(lib_a-sbrkr.o)
 .debug_frame   0x00000134       0x70 c:/program files (x86)/atmel/studio/7.0/toolchain/arm/arm-gnu-toolchain/bin/../lib/gcc/arm-none-eabi/6.3.1/../../../../arm-none-eabi/lib/thumb/v7e-m\libc_nano.a(lib_a-sprintf.o)
 .debug_frame   0x000001a4       0x20 c:/program files (x86)/atmel/studio/7.0/toolchain/arm/arm-gnu-toolchain/bin/../lib/gcc/arm-none-eabi/6.3.1/../../../../arm-none-eabi/lib/thumb/v7e-m\libc_nano.a(lib_a-strcpy.o)
 .debug_frame   0x000001c4      0x11c c:/program files (x86)/atmel/studio/7.0/toolchain/arm/arm-gnu-toolchain/bin/../lib/gcc/arm-none-eabi/6.3.1/../../../../arm-none-eabi/lib/thumb/v7e-m\libc_nano.a(lib_a-findfp.o)
 .debug_frame   0x000002e0       0x30 c:/program files (x86)/atmel/studio/7.0/toolchain/arm/arm-gnu-toolchain/bin/../lib/gcc/arm-none-eabi/6.3.1/../../../../arm-none-eabi/lib/thumb/v7e-m\libc_nano.a(lib_a-mlock.o)
 .debug_frame   0x00000310       0x90 c:/program files (x86)/atmel/studio/7.0/toolchain/arm/arm-gnu-toolchain/bin/../lib/gcc/arm-none-eabi/6.3.1/../../../../arm-none-eabi/lib/thumb/v7e-m\libc_nano.a(lib_a-nano-svfprintf.o)
 .debug_frame   0x000003a0       0x60 c:/program files (x86)/atmel/studio/7.0/toolchain/arm/arm-gnu-toolchain/bin/../lib/gcc/arm-none-eabi/6.3.1/../../../../arm-none-eabi/lib/thumb/v7e-m\libc_nano.a(lib_a-nano-vfprintf_i.o)
 .debug_frame   0x00000400       0x5c c:/program files (x86)/atmel/studio/7.0/toolchain/arm/arm-gnu-toolchain/bin/../lib/gcc/arm-none-eabi/6.3.1/../../../../arm-none-eabi/lib/thumb/v7e-m\libc_nano.a(lib_a-reent.o)
 .debug_frame   0x0000045c       0x28 c:/program files (x86)/atmel/studio/7.0/toolchain/arm/arm-gnu-toolchain/bin/../lib/gcc/arm-none-eabi/6.3.1/../../../../arm-none-eabi/lib/thumb/v7e-m\libc_nano.a(lib_a-memmove.o)
 .debug_frame   0x00000484       0x3c c:/program files (x86)/atmel/studio/7.0/toolchain/arm/arm-gnu-toolchain/bin/../lib/gcc/arm-none-eabi/6.3.1/../../../../arm-none-eabi/lib/thumb/v7e-m\libc_nano.a(lib_a-nano-reallocr.o)
 .debug_frame   0x000004c0       0x20 c:/program files (x86)/atmel/studio/7.0/toolchain/arm/arm-gnu-toolchain/bin/../lib/gcc/arm-none-eabi/6.3.1/../../../../arm-none-eabi/lib/thumb/v7e-m\libc_nano.a(lib_a-nano-msizer.o)
