Archive member included to satisfy reference by file (symbol)

c:/program files (x86)/atmel/studio/7.0/toolchain/arm/arm-gnu-toolchain/bin/../lib/gcc/arm-none-eabi/6.3.1/thumb/v7e-m\libgcc.a(_arm_addsubdf3.o)
                              hpl/sercom/hpl_sercom.o (__aeabi_dsub)
c:/program files (x86)/atmel/studio/7.0/toolchain/arm/arm-gnu-toolchain/bin/../lib/gcc/arm-none-eabi/6.3.1/thumb/v7e-m\libgcc.a(_arm_muldivdf3.o)
                              grid/grid_hardwaretest.o (__aeabi_dmul)
c:/program files (x86)/atmel/studio/7.0/toolchain/arm/arm-gnu-toolchain/bin/../lib/gcc/arm-none-eabi/6.3.1/thumb/v7e-m\libgcc.a(_arm_fixunsdfsi.o)
                              grid/grid_hardwaretest.o (__aeabi_d2uiz)
c:/program files (x86)/atmel/studio/7.0/toolchain/arm/arm-gnu-toolchain/bin/../lib/gcc/arm-none-eabi/6.3.1/thumb/v7e-m\libgcc.a(_aeabi_uldivmod.o)
                              hpl/sercom/hpl_sercom.o (__aeabi_uldivmod)
c:/program files (x86)/atmel/studio/7.0/toolchain/arm/arm-gnu-toolchain/bin/../lib/gcc/arm-none-eabi/6.3.1/thumb/v7e-m\libgcc.a(_udivmoddi4.o)
                              c:/program files (x86)/atmel/studio/7.0/toolchain/arm/arm-gnu-toolchain/bin/../lib/gcc/arm-none-eabi/6.3.1/thumb/v7e-m\libgcc.a(_aeabi_uldivmod.o) (__udivmoddi4)
c:/program files (x86)/atmel/studio/7.0/toolchain/arm/arm-gnu-toolchain/bin/../lib/gcc/arm-none-eabi/6.3.1/thumb/v7e-m\libgcc.a(_dvmd_tls.o)
                              c:/program files (x86)/atmel/studio/7.0/toolchain/arm/arm-gnu-toolchain/bin/../lib/gcc/arm-none-eabi/6.3.1/thumb/v7e-m\libgcc.a(_aeabi_uldivmod.o) (__aeabi_ldiv0)
c:/program files (x86)/atmel/studio/7.0/toolchain/arm/arm-gnu-toolchain/bin/../lib/gcc/arm-none-eabi/6.3.1/../../../../arm-none-eabi/lib/thumb/v7e-m\libc_nano.a(lib_a-exit.o)
                              c:/program files (x86)/atmel/studio/7.0/toolchain/arm/arm-gnu-toolchain/bin/../lib/gcc/arm-none-eabi/6.3.1/../../../../arm-none-eabi/lib/thumb/v7e-m/crt0.o (exit)
c:/program files (x86)/atmel/studio/7.0/toolchain/arm/arm-gnu-toolchain/bin/../lib/gcc/arm-none-eabi/6.3.1/../../../../arm-none-eabi/lib/thumb/v7e-m\libc_nano.a(lib_a-impure.o)
                              c:/program files (x86)/atmel/studio/7.0/toolchain/arm/arm-gnu-toolchain/bin/../lib/gcc/arm-none-eabi/6.3.1/../../../../arm-none-eabi/lib/thumb/v7e-m\libc_nano.a(lib_a-exit.o) (_global_impure_ptr)
c:/program files (x86)/atmel/studio/7.0/toolchain/arm/arm-gnu-toolchain/bin/../lib/gcc/arm-none-eabi/6.3.1/../../../../arm-none-eabi/lib/thumb/v7e-m\libc_nano.a(lib_a-init.o)
                              c:/program files (x86)/atmel/studio/7.0/toolchain/arm/arm-gnu-toolchain/bin/../lib/gcc/arm-none-eabi/6.3.1/../../../../arm-none-eabi/lib/thumb/v7e-m/crt0.o (__libc_init_array)
c:/program files (x86)/atmel/studio/7.0/toolchain/arm/arm-gnu-toolchain/bin/../lib/gcc/arm-none-eabi/6.3.1/../../../../arm-none-eabi/lib/thumb/v7e-m\libc_nano.a(lib_a-malloc.o)
                              grid/grid_ain.o (malloc)
c:/program files (x86)/atmel/studio/7.0/toolchain/arm/arm-gnu-toolchain/bin/../lib/gcc/arm-none-eabi/6.3.1/../../../../arm-none-eabi/lib/thumb/v7e-m\libc_nano.a(lib_a-memcpy-stub.o)
                              hpl/nvmctrl/hpl_nvmctrl.o (memcpy)
c:/program files (x86)/atmel/studio/7.0/toolchain/arm/arm-gnu-toolchain/bin/../lib/gcc/arm-none-eabi/6.3.1/../../../../arm-none-eabi/lib/thumb/v7e-m\libc_nano.a(lib_a-memset.o)
                              c:/program files (x86)/atmel/studio/7.0/toolchain/arm/arm-gnu-toolchain/bin/../lib/gcc/arm-none-eabi/6.3.1/../../../../arm-none-eabi/lib/thumb/v7e-m/crt0.o (memset)
c:/program files (x86)/atmel/studio/7.0/toolchain/arm/arm-gnu-toolchain/bin/../lib/gcc/arm-none-eabi/6.3.1/../../../../arm-none-eabi/lib/thumb/v7e-m\libc_nano.a(lib_a-nano-freer.o)
                              c:/program files (x86)/atmel/studio/7.0/toolchain/arm/arm-gnu-toolchain/bin/../lib/gcc/arm-none-eabi/6.3.1/../../../../arm-none-eabi/lib/thumb/v7e-m\libc_nano.a(lib_a-malloc.o) (_free_r)
c:/program files (x86)/atmel/studio/7.0/toolchain/arm/arm-gnu-toolchain/bin/../lib/gcc/arm-none-eabi/6.3.1/../../../../arm-none-eabi/lib/thumb/v7e-m\libc_nano.a(lib_a-nano-mallocr.o)
                              c:/program files (x86)/atmel/studio/7.0/toolchain/arm/arm-gnu-toolchain/bin/../lib/gcc/arm-none-eabi/6.3.1/../../../../arm-none-eabi/lib/thumb/v7e-m\libc_nano.a(lib_a-malloc.o) (_malloc_r)
c:/program files (x86)/atmel/studio/7.0/toolchain/arm/arm-gnu-toolchain/bin/../lib/gcc/arm-none-eabi/6.3.1/../../../../arm-none-eabi/lib/thumb/v7e-m\libc_nano.a(lib_a-printf.o)
                              grid/grid_d51.o (printf)
c:/program files (x86)/atmel/studio/7.0/toolchain/arm/arm-gnu-toolchain/bin/../lib/gcc/arm-none-eabi/6.3.1/../../../../arm-none-eabi/lib/thumb/v7e-m\libc_nano.a(lib_a-puts.o)
                              grid/grid_unittest.o (puts)
[...]
Memory Configuration

Name             Origin             Length             Attributes
rom              0x00004000         0x0007a000         xr
ram              0x20000000         0x00040000         xrw
bkupram          0x47000000         0x00002000         xrw
qspi             0x04000000         0x01000000         xrw
*default*        0x00000000         0xffffffff

Linker script and memory map

LOAD c:/program files (x86)/atmel/studio/7.0/toolchain/arm/arm-gnu-toolchain/bin/../lib/gcc/arm-none-eabi/6.3.1/thumb/v7e-m/crti.o
LOAD c:/program files (x86)/atmel/studio/7.0/toolchain/arm/arm-gnu-toolchain/bin/../lib/gcc/arm-none-eabi/6.3.1/thumb/v7e-m/crtbegin.o
LOAD c:/program files (x86)/atmel/studio/7.0/toolchain/arm/arm-gnu-toolchain/bin/../lib/gcc/arm-none-eabi/6.3.1/../../../../arm-none-eabi/lib/thumb/v7e-m/crt0.o
LOAD atmel_start.o
LOAD Device_Startup/startup_samd51.o
LOAD Device_Startup/system_samd51.o
LOAD driver_init.o
LOAD examples/driver_examples.o
LOAD flash/n25q256a.o
LOAD flash/spi_nor_flash.o
LOAD grid/grid_d51.o
LOAD grid/grid_debug.o
LOAD grid/grid_hardwaretest.o
LOAD grid/grid_unittest.o
LOAD grid/grid_ain.o
LOAD grid/grid_buf.o
LOAD grid/grid_led.o
LOAD grid/grid_module.o
LOAD grid/grid_module_bu16_revb.o
LOAD grid/grid_module_en16_reva.o
LOAD grid/grid_module_pbf4_reva.o
LOAD grid/grid_module_po16_revb.o
LOAD grid/grid_sys.o
LOAD grid/grid_ui.o
LOAD hal/src/hal_adc_async.o
LOAD hal/src/hal_atomic.o
LOAD hal/src/hal_cache.o
LOAD hal/src/hal_crc_sync.o
LOAD hal/src/hal_delay.o
LOAD hal/src/hal_evsys.o
LOAD hal/src/hal_flash.o
LOAD hal/src/hal_gpio.o
LOAD hal/src/hal_i2c_m_async.o
LOAD hal/src/hal_init.o
LOAD hal/src/hal_io.o
LOAD hal/src/hal_qspi_dma.o
LOAD hal/src/hal_sleep.o
LOAD hal/src/hal_spi_m_async.o
LOAD hal/src/hal_spi_m_dma.o
LOAD hal/src/hal_timer.o
LOAD hal/src/hal_usart_async.o
LOAD hal/src/hal_usart_sync.o
LOAD hal/src/hal_usb_device.o
LOAD hal/src/hal_wdt.o
LOAD hal/utils/src/utils_assert.o
LOAD hal/utils/src/utils_event.o
LOAD hal/utils/src/utils_list.o
LOAD hal/utils/src/utils_ringbuffer.o
LOAD hal/utils/src/utils_syscalls.o
LOAD hpl/adc/hpl_adc.o
LOAD hpl/cmcc/hpl_cmcc.o
LOAD hpl/core/hpl_core_m4.o
LOAD hpl/core/hpl_init.o
LOAD hpl/dmac/hpl_dmac.o
LOAD hpl/dsu/hpl_dsu.o
LOAD hpl/evsys/hpl_evsys.o
LOAD hpl/gclk/hpl_gclk.o
LOAD hpl/mclk/hpl_mclk.o
LOAD hpl/nvmctrl/hpl_nvmctrl.o
LOAD hpl/osc32kctrl/hpl_osc32kctrl.o
LOAD hpl/oscctrl/hpl_oscctrl.o
LOAD hpl/pac/hpl_pac.o
LOAD hpl/pm/hpl_pm.o
LOAD hpl/qspi/hpl_qspi.o
LOAD hpl/ramecc/hpl_ramecc.o
LOAD hpl/rtc/hpl_rtc.o
LOAD hpl/sercom/hpl_sercom.o
LOAD hpl/systick/hpl_systick.o
LOAD hpl/tc/hpl_tc.o
LOAD hpl/usb/hpl_usb.o
LOAD hpl/wdt/hpl_wdt.o
LOAD main.o
LOAD stdio_redirect/gcc/read.o
LOAD stdio_redirect/gcc/write.o
LOAD stdio_redirect/stdio_io.o
LOAD stdio_start.o
LOAD usb/class/cdc/device/cdcdf_acm.o
LOAD usb/class/hid/device/hiddf_generic.o
LOAD usb/class/hid/device/hiddf_keyboard.o
LOAD usb/class/hid/device/hiddf_mouse.o
LOAD usb/class/midi/device/audiodf_midi.o
LOAD usb/class/midi/usb_protocol_midi.o
LOAD usb/class/msc/device/mscdf.o
LOAD usb/device/usbdc.o
LOAD usb/usb_protocol.o
LOAD usb_start.o
START GROUP
LOAD c:/program files (x86)/atmel/studio/7.0/toolchain/arm/arm-gnu-toolchain/bin/../lib/gcc/arm-none-eabi/6.3.1/../../../../arm-none-eabi/lib/thumb/v7e-m\libm.a
END GROUP
START GROUP
LOAD c:/program files (x86)/atmel/studio/7.0/toolchain/arm/arm-gnu-toolchain/bin/../lib/gcc/arm-none-eabi/6.3.1/thumb/v7e-m\libgcc.a
LOAD c:/program files (x86)/atmel/studio/7.0/toolchain/arm/arm-gnu-toolchain/bin/../lib/gcc/arm-none-eabi/6.3.1/../../../../arm-none-eabi/lib/thumb/v7e-m\libc_nano.a
END GROUP
START GROUP
LOAD c:/program files (x86)/atmel/studio/7.0/toolchain/arm/arm-gnu-toolchain/bin/../lib/gcc/arm-none-eabi/6.3.1/thumb/v7e-m\libgcc.a
LOAD c:/program files (x86)/atmel/studio/7.0/toolchain/arm/arm-gnu-toolchain/bin/../lib/gcc/arm-none-eabi/6.3.1/../../../../arm-none-eabi/lib/thumb/v7e-m\libc_nano.a
END GROUP
LOAD c:/program files (x86)/atmel/studio/7.0/toolchain/arm/arm-gnu-toolchain/bin/../lib/gcc/arm-none-eabi/6.3.1/thumb/v7e-m/crtend.o
LOAD c:/program files (x86)/atmel/studio/7.0/toolchain/arm/arm-gnu-toolchain/bin/../lib/gcc/arm-none-eabi/6.3.1/thumb/v7e-m/crtn.o
                0x00010000                STACK_SIZE = DEFINED (STACK_SIZE)?STACK_SIZE:DEFINED (__stack_size__)?__stack_size__:0x10000

.text           0x00004000     0xc460
                0x00004000                . = ALIGN (0x4)
                0x00004000                _sfixed = .
 *(.vectors .vectors.*)
 .vectors       0x00004000      0x264 Device_Startup/startup_samd51.o
                0x00004000                exception_table
 *(.text .text.* .gnu.linkonce.t.*)
 .text          0x00004264       0x6c c:/program files (x86)/atmel/studio/7.0/toolchain/arm/arm-gnu-toolchain/bin/../lib/gcc/arm-none-eabi/6.3.1/thumb/v7e-m/crtbegin.o
 .text.atmel_start_init
                0x000042d0       0x20 atmel_start.o
                0x000042d0                atmel_start_init
 .text.Dummy_Handler
                0x000042f0        0x2 Device_Startup/startup_samd51.o
                0x000042f0                EIC_5_Handler
                0x000042f0                SVCall_Handler
                0x000042f0                EIC_13_Handler
                0x000042f0                EVSYS_0_Handler
                0x000042f0                TCC1_3_Handler
                0x000042f0                DAC_3_Handler
                0x000042f0                TRNG_Handler
                0x000042f0                HardFault_Handler
                0x000042f0                PDEC_2_Handler
                0x000042f0                EIC_4_Handler
                0x000042f0                AC_Handler
                0x000042f0                SysTick_Handler
                0x000042f0                TCC2_3_Handler
                0x000042f0                PendSV_Handler
                0x000042f0                TC7_Handler
                0x000042f0                EVSYS_3_Handler
                0x000042f0                PDEC_0_Handler
                0x000042f0                QSPI_Handler
                0x000042f0                NonMaskableInt_Handler
                0x000042f0                TCC0_0_Handler
                0x000042f0                EIC_3_Handler
                0x000042f0                MemManagement_Handler
                0x000042f0                DAC_2_Handler
                0x000042f0                UsageFault_Handler
                0x000042f0                EIC_10_Handler
                0x000042f0                EIC_11_Handler
                0x000042f0                EIC_9_Handler
                0x000042f0                OSC32KCTRL_Handler
                0x000042f0                TCC2_1_Handler
                0x000042f0                SUPC_1_Handler
                0x000042f0                TCC0_5_Handler
                0x000042f0                TCC0_6_Handler
                0x000042f0                EVSYS_1_Handler
                0x000042f0                TCC1_4_Handler
                0x000042f0                TC6_Handler
                0x000042f0                WDT_Handler
                0x000042f0                EIC_8_Handler
                0x000042f0                EIC_15_Handler
                0x000042f0                TC4_Handler
                0x000042f0                OSCCTRL_4_Handler
                0x000042f0                EIC_12_Handler
                0x000042f0                TCC4_2_Handler
                0x000042f0                PAC_Handler
                0x000042f0                TCC1_0_Handler
                0x000042f0                OSCCTRL_0_Handler
                0x000042f0                EIC_0_Handler
                0x000042f0                OSCCTRL_3_Handler
                0x000042f0                Dummy_Handler
                0x000042f0                TCC3_0_Handler
                0x000042f0                TCC2_2_Handler
                0x000042f0                TCC1_1_Handler
                0x000042f0                OSCCTRL_2_Handler
                0x000042f0                TCC1_2_Handler
                0x000042f0                SERCOM7_1_Handler
                0x000042f0                PM_Handler
                0x000042f0                SERCOM2_3_Handler
                0x000042f0                DAC_4_Handler
                0x000042f0                TCC3_2_Handler
                0x000042f0                SERCOM7_0_Handler
                0x000042f0                TCC0_2_Handler
                0x000042f0                TCC4_0_Handler
                0x000042f0                SERCOM7_3_Handler
                0x000042f0                SDHC1_Handler
                0x000042f0                SERCOM7_2_Handler
                0x000042f0                TCC2_0_Handler
                0x000042f0                PDEC_1_Handler
                0x000042f0                TCC4_1_Handler
                0x000042f0                SDHC0_Handler
                0x000042f0                I2S_Handler
                0x000042f0                EIC_2_Handler
                0x000042f0                PCC_Handler
                0x000042f0                DAC_0_Handler
                0x000042f0                TCC0_1_Handler
                0x000042f0                EIC_6_Handler
                0x000042f0                OSCCTRL_1_Handler
                0x000042f0                PUKCC_Handler
                0x000042f0                SERCOM2_1_Handler
                0x000042f0                EIC_1_Handler
                0x000042f0                EVSYS_4_Handler
                0x000042f0                EIC_7_Handler
                0x000042f0                SERCOM2_2_Handler
                0x000042f0                TCC3_1_Handler
                0x000042f0                EIC_14_Handler
                0x000042f0                DAC_1_Handler
                0x000042f0                MCLK_Handler
                0x000042f0                EVSYS_2_Handler
                0x000042f0                SUPC_0_Handler
                0x000042f0                BusFault_Handler
                0x000042f0                FREQM_Handler
                0x000042f0                TCC0_3_Handler
                0x000042f0                DebugMonitor_Handler
                0x000042f0                TCC0_4_Handler
                0x000042f0                TC5_Handler
                0x000042f0                SERCOM2_0_Handler
                0x000042f0                AES_Handler
                0x000042f0                ICM_Handler
 *fill*         0x000042f2        0x2 
 .text.Reset_Handler
                0x000042f4       0x78 Device_Startup/startup_samd51.o
                0x000042f4                Reset_Handler
 .text._gpio_set_pin_function
                0x0000436c       0x68 driver_init.o
 .text.gpio_set_pin_direction
                0x000043d4       0x68 driver_init.o
 .text.ADC_0_init
                0x0000443c       0x80 driver_init.o
                0x0000443c                ADC_0_init
 .text.ADC_1_init
                0x000044bc       0x84 driver_init.o
                0x000044bc                ADC_1_init
 .text.CRC_0_init
                0x00004540       0x24 driver_init.o
                0x00004540                CRC_0_init
 .text.EVENT_SYSTEM_0_init
                0x00004564       0x30 driver_init.o
                0x00004564                EVENT_SYSTEM_0_init
 .text.FLASH_0_CLOCK_init
                0x00004594       0x10 driver_init.o
                0x00004594                FLASH_0_CLOCK_init
 .text.FLASH_0_init
                0x000045a4       0x24 driver_init.o
                0x000045a4                FLASH_0_init
 .text.QSPI_INSTANCE_PORT_init
                0x000045c8       0xdc driver_init.o
                0x000045c8                QSPI_INSTANCE_PORT_init
 .text.QSPI_INSTANCE_CLOCK_init
                0x000046a4       0x20 driver_init.o
                0x000046a4                QSPI_INSTANCE_CLOCK_init
 .text.QSPI_INSTANCE_init
                0x000046c4       0x2c driver_init.o
                0x000046c4                QSPI_INSTANCE_init
 .text.USART_EAST_CLOCK_init
                0x000046f0       0x24 driver_init.o
                0x000046f0                USART_EAST_CLOCK_init
 .text.USART_EAST_PORT_init
                0x00004714       0x24 driver_init.o
                0x00004714                USART_EAST_PORT_init
 .text.USART_EAST_init
                0x00004738       0x38 driver_init.o
                0x00004738                USART_EAST_init
 .text.USART_NORTH_CLOCK_init
                0x00004770       0x24 driver_init.o
                0x00004770                USART_NORTH_CLOCK_init
 .text.USART_NORTH_PORT_init
                0x00004794       0x24 driver_init.o
                0x00004794                USART_NORTH_PORT_init
 .text.USART_NORTH_init
                0x000047b8       0x38 driver_init.o
                0x000047b8                USART_NORTH_init
 .text.GRID_AUX_PORT_init
                0x000047f0       0x24 driver_init.o
                0x000047f0                GRID_AUX_PORT_init
 .text.GRID_AUX_CLOCK_init
                0x00004814       0x24 driver_init.o
                0x00004814                GRID_AUX_CLOCK_init
 .text.GRID_AUX_init
                0x00004838       0x2c driver_init.o
                0x00004838                GRID_AUX_init
 .text.UI_SPI_PORT_init
                0x00004864       0x68 driver_init.o
                0x00004864                UI_SPI_PORT_init
 .text.UI_SPI_CLOCK_init
                0x000048cc       0x24 driver_init.o
                0x000048cc                UI_SPI_CLOCK_init
 .text.UI_SPI_init
                0x000048f0       0x2c driver_init.o
                0x000048f0                UI_SPI_init
 .text.USART_WEST_CLOCK_init
                0x0000491c       0x24 driver_init.o
                0x0000491c                USART_WEST_CLOCK_init
 .text.USART_WEST_PORT_init
                0x00004940       0x24 driver_init.o
                0x00004940                USART_WEST_PORT_init
 .text.USART_WEST_init
                0x00004964       0x38 driver_init.o
                0x00004964                USART_WEST_init
 .text.SYS_I2C_PORT_init
                0x0000499c       0x40 driver_init.o
                0x0000499c                SYS_I2C_PORT_init
 .text.SYS_I2C_CLOCK_init
                0x000049dc       0x24 driver_init.o
                0x000049dc                SYS_I2C_CLOCK_init
 .text.SYS_I2C_init
                0x00004a00       0x2c driver_init.o
                0x00004a00                SYS_I2C_init
 .text.USART_SOUTH_CLOCK_init
                0x00004a2c       0x24 driver_init.o
                0x00004a2c                USART_SOUTH_CLOCK_init
 .text.USART_SOUTH_PORT_init
                0x00004a50       0x24 driver_init.o
                0x00004a50                USART_SOUTH_PORT_init
 .text.USART_SOUTH_init
                0x00004a74       0x38 driver_init.o
                0x00004a74                USART_SOUTH_init
 .text.GRID_LED_PORT_init
                0x00004aac       0x68 driver_init.o
                0x00004aac                GRID_LED_PORT_init
 .text.GRID_LED_CLOCK_init
                0x00004b14       0x24 driver_init.o
                0x00004b14                GRID_LED_CLOCK_init
 .text.GRID_LED_init
                0x00004b38       0x2c driver_init.o
                0x00004b38                GRID_LED_init
 .text.delay_driver_init
                0x00004b64       0x10 driver_init.o
                0x00004b64                delay_driver_init
 .text.USB_DEVICE_INSTANCE_PORT_init
                0x00004b74       0x60 driver_init.o
                0x00004b74                USB_DEVICE_INSTANCE_PORT_init
 .text.USB_DEVICE_INSTANCE_CLOCK_init
                0x00004bd4       0x24 driver_init.o
                0x00004bd4                USB_DEVICE_INSTANCE_CLOCK_init
 .text.USB_DEVICE_INSTANCE_init
                0x00004bf8       0x20 driver_init.o
                0x00004bf8                USB_DEVICE_INSTANCE_init
 .text.WDT_0_CLOCK_init
                0x00004c18       0x10 driver_init.o
                0x00004c18                WDT_0_CLOCK_init
 .text.WDT_0_init
                0x00004c28       0x24 driver_init.o
                0x00004c28                WDT_0_init
 .text.system_init
                0x00004c4c      0x2a8 driver_init.o
                0x00004c4c                system_init
 .text.grid_d51_bitmap_write_bit
                0x00004ef4       0x3a grid/grid_d51.o
                0x00004ef4                grid_d51_bitmap_write_bit
 *fill*         0x00004f2e        0x2 
 .text.grid_d51_verify_user_row
                0x00004f30      0x198 grid/grid_d51.o
                0x00004f30                grid_d51_verify_user_row
 .text.grid_d51_init
                0x000050c8       0x30 grid/grid_d51.o
                0x000050c8                grid_d51_init
 .text.grid_ain_channel_init
                0x000050f8       0x34 grid/grid_ain.o
                0x000050f8                grid_ain_channel_init
 .text.grid_ain_init
                0x0000512c       0x44 grid/grid_ain.o
                0x0000512c                grid_ain_init
 .text.grid_ain_add_sample
                0x00005170       0xd0 grid/grid_ain.o
                0x00005170                grid_ain_add_sample
 .text.grid_ain_get_changed
                0x00005240       0x10 grid/grid_ain.o
                0x00005240                grid_ain_get_changed
 .text.grid_ain_get_average
                0x00005250       0x28 grid/grid_ain.o
                0x00005250                grid_ain_get_average
 .text.grid_buffer_init
                0x00005278       0x44 grid/grid_buf.o
                0x00005278                grid_buffer_init
 .text.grid_buffer_write_size
                0x000052bc       0x14 grid/grid_buf.o
                0x000052bc                grid_buffer_write_size
 .text.grid_buffer_write_init
                0x000052d0       0x2c grid/grid_buf.o
                0x000052d0                grid_buffer_write_init
 .text.grid_buffer_write_character
                0x000052fc       0x1c grid/grid_buf.o
                0x000052fc                grid_buffer_write_character
 .text.grid_buffer_write_acknowledge
                0x00005318       0x10 grid/grid_buf.o
                0x00005318                grid_buffer_write_acknowledge
 .text.grid_buffer_read_size
                0x00005328       0x4c grid/grid_buf.o
                0x00005328                grid_buffer_read_size
 .text.grid_buffer_read_init
                0x00005374       0x5c grid/grid_buf.o
                0x00005374                grid_buffer_read_init
 .text.grid_buffer_read_character
                0x000053d0       0x24 grid/grid_buf.o
                0x000053d0                grid_buffer_read_character
 .text.grid_buffer_read_acknowledge
                0x000053f4       0x10 grid/grid_buf.o
                0x000053f4                grid_buffer_read_acknowledge
 .text.grid_port_init
                0x00005404       0xd8 grid/grid_buf.o
                0x00005404                grid_port_init
 .text.grid_port_init_all
                0x000054dc       0xf4 grid/grid_buf.o
                0x000054dc                grid_port_init_all
 .text.grid_port_process_inbound
                0x000055d0      0x1a0 grid/grid_buf.o
                0x000055d0                grid_port_process_inbound
 .text.grid_port_process_outbound_usb
                0x00005770      0x3bc grid/grid_buf.o
                0x00005770                grid_port_process_outbound_usb
 .text.grid_port_process_outbound_ui
                0x00005b2c      0x134 grid/grid_buf.o
                0x00005b2c                grid_port_process_outbound_ui
 .text.grid_port_process_outbound_usart
                0x00005c60       0x6c grid/grid_buf.o
                0x00005c60                grid_port_process_outbound_usart
 .text.grid_led_hardware_transfer_complete_cb
                0x00005ccc        0xc grid/grid_led.o
 .text.grid_led_set_color
                0x00005cd8       0x4c grid/grid_led.o
                0x00005cd8                grid_led_set_color
 .text.grid_led_hardware_init
                0x00005d24       0x2c grid/grid_led.o
                0x00005d24                grid_led_hardware_init
 .text.grid_led_get_led_number
                0x00005d50        0x4 grid/grid_led.o
                0x00005d50                grid_led_get_led_number
 .text.grid_led_tick
                0x00005d54       0x34 grid/grid_led.o
                0x00005d54                grid_led_tick
 .text.grid_led_set_min
                0x00005d88       0x20 grid/grid_led.o
                0x00005d88                grid_led_set_min
 .text.grid_led_set_mid
                0x00005da8       0x20 grid/grid_led.o
                0x00005da8                grid_led_set_mid
 .text.grid_led_set_max
                0x00005dc8       0x20 grid/grid_led.o
                0x00005dc8                grid_led_set_max
 .text.grid_led_set_phase
                0x00005de8       0x14 grid/grid_led.o
                0x00005de8                grid_led_set_phase
 .text.grid_led_set_frequency
                0x00005dfc       0x14 grid/grid_led.o
                0x00005dfc                grid_led_set_frequency
 .text.grid_led_buffer_init
                0x00005e10      0x16c grid/grid_led.o
                0x00005e10                grid_led_buffer_init
 .text.grid_led_render
                0x00005f7c       0xb0 grid/grid_led.o
                0x00005f7c                grid_led_render
 .text.grid_led_render_all
                0x0000602c       0x20 grid/grid_led.o
                0x0000602c                grid_led_render_all
 .text.grid_led_hardware_start_transfer_blocking
                0x0000604c       0x34 grid/grid_led.o
                0x0000604c                grid_led_hardware_start_transfer_blocking
 .text.grid_led_startup_animation
                0x00006080       0xb8 grid/grid_led.o
                0x00006080                grid_led_startup_animation
 .text.grid_led_init
                0x00006138       0xbc grid/grid_led.o
                0x00006138                grid_led_init
 .text.grid_led_hardware_start_transfer
                0x000061f4       0x30 grid/grid_led.o
                0x000061f4                grid_led_hardware_start_transfer
 .text.grid_module_common_init
                0x00006224       0x6c grid/grid_module.o
                0x00006224                grid_module_common_init
 .text.grid_module_bu16_revb_hardware_start_transfer
                0x00006290       0x20 grid/grid_module_bu16_revb.o
                0x00006290                grid_module_bu16_revb_hardware_start_transfer
 .text.grid_module_bu16_revb_hardware_transfer_complete_cb
                0x000062b0      0x230 grid/grid_module_bu16_revb.o
 .text.grid_module_bu16_revb_hardware_init
                0x000064e0       0x48 grid/grid_module_bu16_revb.o
                0x000064e0                grid_module_bu16_revb_hardware_init
 .text.grid_module_bu16_revb_init
                0x00006528       0xfc grid/grid_module_bu16_revb.o
                0x00006528                grid_module_bu16_revb_init
 .text.grid_module_en16_reva_hardware_start_transfer
                0x00006624       0x3c grid/grid_module_en16_reva.o
                0x00006624                grid_module_en16_reva_hardware_start_transfer
 .text.grid_module_en16_reva_hardware_transfer_complete_cb
                0x00006660      0x310 grid/grid_module_en16_reva.o
                0x00006660                grid_module_en16_reva_hardware_transfer_complete_cb
 .text.grid_module_en16_reva_hardware_init
                0x00006970       0x68 grid/grid_module_en16_reva.o
                0x00006970                grid_module_en16_reva_hardware_init
 .text.grid_module_en16_reva_init
                0x000069d8      0x128 grid/grid_module_en16_reva.o
                0x000069d8                grid_module_en16_reva_init
 .text.grid_module_pbf4_reva_hardware_start_transfer
                0x00006b00       0x20 grid/grid_module_pbf4_reva.o
                0x00006b00                grid_module_pbf4_reva_hardware_start_transfer
 .text.grid_module_pbf4_reva_hardware_transfer_complete_cb
                0x00006b20      0x3b4 grid/grid_module_pbf4_reva.o
                0x00006b20                grid_module_pbf4_reva_hardware_transfer_complete_cb
 .text.grid_module_pbf4_reva_hardware_init
                0x00006ed4       0x48 grid/grid_module_pbf4_reva.o
                0x00006ed4                grid_module_pbf4_reva_hardware_init
 .text.grid_module_pbf4_reva_init
                0x00006f1c       0xf0 grid/grid_module_pbf4_reva.o
                0x00006f1c                grid_module_pbf4_reva_init
 .text.grid_module_po16_revb_hardware_start_transfer
                0x0000700c       0x20 grid/grid_module_po16_revb.o
                0x0000700c                grid_module_po16_revb_hardware_start_transfer
 *fill*         0x0000702c        0x4 
 .text.grid_module_po16_revb_hardware_transfer_complete_cb
                0x00007030      0x228 grid/grid_module_po16_revb.o
 .text.grid_module_po16_revb_hardware_init
                0x00007258       0x48 grid/grid_module_po16_revb.o
                0x00007258                grid_module_po16_revb_hardware_init
 .text.grid_module_po16_revb_init
                0x000072a0       0xe4 grid/grid_module_po16_revb.o
                0x000072a0                grid_module_po16_revb_init
 .text.gpio_set_pin_pull_mode.constprop.2
                0x00007384       0x28 grid/grid_sys.o
 .text.tx_cb_USART_GRID
                0x000073ac       0x1a grid/grid_sys.o
                0x000073ac                tx_cb_USART_GRID
 *fill*         0x000073c6        0x2 
 .text.tx_cb_USART_GRID_W
                0x000073c8       0x10 grid/grid_sys.o
 .text.tx_cb_USART_GRID_S
                0x000073d8       0x10 grid/grid_sys.o
 .text.tx_cb_USART_GRID_E
                0x000073e8       0x10 grid/grid_sys.o
 .text.tx_cb_USART_GRID_N
                0x000073f8       0x10 grid/grid_sys.o
 .text.err_cb_USART_GRID
                0x00007408       0x10 grid/grid_sys.o
                0x00007408                err_cb_USART_GRID
 .text.err_cb_USART_GRID_W
                0x00007418       0x10 grid/grid_sys.o
 .text.err_cb_USART_GRID_S
                0x00007428       0x10 grid/grid_sys.o
 .text.err_cb_USART_GRID_E
                0x00007438       0x10 grid/grid_sys.o
 .text.err_cb_USART_GRID_N
                0x00007448       0x10 grid/grid_sys.o
 .text.grid_sys_port_reset_dma
                0x00007458       0x20 grid/grid_sys.o
                0x00007458                grid_sys_port_reset_dma
 .text.dma_transfer_complete_n_cb
                0x00007478       0x10 grid/grid_sys.o
                0x00007478                dma_transfer_complete_n_cb
 .text.dma_transfer_complete_e_cb
                0x00007488       0x10 grid/grid_sys.o
                0x00007488                dma_transfer_complete_e_cb
 .text.dma_transfer_complete_s_cb
                0x00007498       0x10 grid/grid_sys.o
                0x00007498                dma_transfer_complete_s_cb
 .text.dma_transfer_complete_w_cb
                0x000074a8       0x10 grid/grid_sys.o
                0x000074a8                dma_transfer_complete_w_cb
 .text.grid_sys_uart_init
                0x000074b8      0x104 grid/grid_sys.o
                0x000074b8                grid_sys_uart_init
 .text.grid_sys_dma_rx_init_one
                0x000075bc       0x64 grid/grid_sys.o
                0x000075bc                grid_sys_dma_rx_init_one
 .text.grid_sys_dma_rx_init
                0x00007620       0x6c grid/grid_sys.o
                0x00007620                grid_sys_dma_rx_init
 .text.grid_sys_rtc_get_time
                0x0000768c        0x4 grid/grid_sys.o
                0x0000768c                grid_sys_rtc_get_time
 .text.grid_sys_rtc_get_elapsed_time
                0x00007690        0x6 grid/grid_sys.o
                0x00007690                grid_sys_rtc_get_elapsed_time
 .text.grid_sys_rtc_tick_time
                0x00007696        0x8 grid/grid_sys.o
                0x00007696                grid_sys_rtc_tick_time
 .text.grid_sys_alert_read_color_changed_flag
                0x0000769e        0x4 grid/grid_sys.o
                0x0000769e                grid_sys_alert_read_color_changed_flag
 .text.grid_sys_alert_clear_color_changed_flag
                0x000076a2        0x6 grid/grid_sys.o
                0x000076a2                grid_sys_alert_clear_color_changed_flag
 .text.grid_sys_alert_get_color_intensity
                0x000076a8       0x42 grid/grid_sys.o
                0x000076a8                grid_sys_alert_get_color_intensity
 .text.grid_sys_alert_set_alert
                0x000076ea       0x1a grid/grid_sys.o
                0x000076ea                grid_sys_alert_set_alert
 .text.grid_sys_alert_get_color_r
                0x00007704        0x4 grid/grid_sys.o
                0x00007704                grid_sys_alert_get_color_r
 .text.grid_sys_alert_get_color_g
                0x00007708        0x4 grid/grid_sys.o
                0x00007708                grid_sys_alert_get_color_g
 .text.grid_sys_alert_get_color_b
                0x0000770c        0x4 grid/grid_sys.o
                0x0000770c                grid_sys_alert_get_color_b
 .text.grid_sys_read_hex_char_value
                0x00007710       0x28 grid/grid_sys.o
                0x00007710                grid_sys_read_hex_char_value
 .text.grid_sys_read_hex_string_value
                0x00007738       0x30 grid/grid_sys.o
                0x00007738                grid_sys_read_hex_string_value
 .text.grid_sys_write_hex_string_value
                0x00007768       0x34 grid/grid_sys.o
                0x00007768                grid_sys_write_hex_string_value
 .text.grid_sys_get_hwcfg
                0x0000779c       0xe4 grid/grid_sys.o
                0x0000779c                grid_sys_get_hwcfg
 .text.grid_sys_bank_select
                0x00007880      0x16c grid/grid_sys.o
                0x00007880                grid_sys_bank_select
 .text.grid_sys_init
                0x000079ec       0x50 grid/grid_sys.o
                0x000079ec                grid_sys_init
 .text.grid_msg_checksum_calculate
                0x00007a3c       0x1a grid/grid_sys.o
                0x00007a3c                grid_msg_checksum_calculate
 *fill*         0x00007a56        0x2 
 .text.grid_msg_checksum_read
                0x00007a58       0x1c grid/grid_sys.o
                0x00007a58                grid_msg_checksum_read
 .text.grid_msg_checksum_write
                0x00007a74       0x10 grid/grid_sys.o
                0x00007a74                grid_msg_checksum_write
 .text.grid_msg_get_id
                0x00007a84       0x20 grid/grid_sys.o
                0x00007a84                grid_msg_get_id
 .text.grid_msg_get_dx
                0x00007aa4       0x20 grid/grid_sys.o
                0x00007aa4                grid_msg_get_dx
 .text.grid_msg_get_dy
                0x00007ac4       0x20 grid/grid_sys.o
                0x00007ac4                grid_msg_get_dy
 .text.grid_msg_get_age
                0x00007ae4       0x20 grid/grid_sys.o
                0x00007ae4                grid_msg_get_age
 .text.grid_msg_set_id
                0x00007b04       0x10 grid/grid_sys.o
                0x00007b04                grid_msg_set_id
 .text.grid_msg_set_dx
                0x00007b14       0x10 grid/grid_sys.o
                0x00007b14                grid_msg_set_dx
 .text.grid_msg_set_dy
                0x00007b24       0x10 grid/grid_sys.o
                0x00007b24                grid_msg_set_dy
 .text.grid_msg_set_age
                0x00007b34       0x10 grid/grid_sys.o
                0x00007b34                grid_msg_set_age
 .text.grid_msg_find_recent
                0x00007b44       0x1a grid/grid_sys.o
                0x00007b44                grid_msg_find_recent
 .text.grid_msg_push_recent
                0x00007b5e       0x16 grid/grid_sys.o
                0x00007b5e                grid_msg_push_recent
 .text.grid_ui_model_init
                0x00007b74       0x20 grid/grid_ui.o
                0x00007b74                grid_ui_model_init
 .text.grid_report_init
                0x00007b94       0x84 grid/grid_ui.o
                0x00007b94                grid_report_init
 .text.grid_report_ui_init
                0x00007c18       0x18 grid/grid_ui.o
                0x00007c18                grid_report_ui_init
 .text.grid_report_sys_init
                0x00007c30      0x1c0 grid/grid_ui.o
                0x00007c30                grid_report_sys_init
 .text.grid_report_render
                0x00007df0       0x20 grid/grid_ui.o
                0x00007df0                grid_report_render
 .text.grid_report_ui_set_changed_flag
                0x00007e10        0xe grid/grid_ui.o
                0x00007e10                grid_report_ui_set_changed_flag
 .text.grid_report_sys_set_changed_flag
                0x00007e1e        0xa grid/grid_ui.o
                0x00007e1e                grid_report_sys_set_changed_flag
 .text.grid_report_sys_clear_changed_flag
                0x00007e28        0xa grid/grid_ui.o
                0x00007e28                grid_report_sys_clear_changed_flag
 *fill*         0x00007e32        0x2 
 .text.grid_port_process_ui
                0x00007e34      0x470 grid/grid_ui.o
                0x00007e34                grid_port_process_ui
 .text.adc_async_window_threshold_reached
                0x000082a4        0x8 hal/src/hal_adc_async.o
 .text.adc_async_error_occured
                0x000082ac        0x8 hal/src/hal_adc_async.o
 .text.adc_async_channel_conversion_done
                0x000082b4       0x68 hal/src/hal_adc_async.o
 .text.adc_async_init
                0x0000831c       0x4c hal/src/hal_adc_async.o
                0x0000831c                adc_async_init
 .text.adc_async_register_channel_buffer
                0x00008368       0x6c hal/src/hal_adc_async.o
                0x00008368                adc_async_register_channel_buffer
 .text.adc_async_enable_channel
                0x000083d4       0x10 hal/src/hal_adc_async.o
                0x000083d4                adc_async_enable_channel
 .text.adc_async_register_callback
                0x000083e4       0x3c hal/src/hal_adc_async.o
                0x000083e4                adc_async_register_callback
 .text.adc_async_read_channel
                0x00008420       0x74 hal/src/hal_adc_async.o
                0x00008420                adc_async_read_channel
 .text.adc_async_start_conversion
                0x00008494       0x10 hal/src/hal_adc_async.o
                0x00008494                adc_async_start_conversion
 .text.atomic_enter_critical
                0x000084a4        0xe hal/src/hal_atomic.o
                0x000084a4                atomic_enter_critical
 .text.atomic_leave_critical
                0x000084b2        0xc hal/src/hal_atomic.o
                0x000084b2                atomic_leave_critical
 *fill*         0x000084be        0x2 
 .text.crc_sync_init
                0x000084c0        0x8 hal/src/hal_crc_sync.o
                0x000084c0                crc_sync_init
 .text.delay_init
                0x000084c8       0x10 hal/src/hal_delay.o
                0x000084c8                delay_init
 .text.delay_us
                0x000084d8       0x24 hal/src/hal_delay.o
                0x000084d8                delay_us
 .text.delay_ms
                0x000084fc       0x24 hal/src/hal_delay.o
                0x000084fc                delay_ms
 .text.event_system_init
                0x00008520        0x8 hal/src/hal_evsys.o
                0x00008520                event_system_init
 .text.flash_ready
                0x00008528        0x8 hal/src/hal_flash.o
 .text.flash_error
                0x00008530        0x8 hal/src/hal_flash.o
 .text.flash_init
                0x00008538       0x20 hal/src/hal_flash.o
                0x00008538                flash_init
 .text.i2c_m_async_write
                0x00008558       0x2c hal/src/hal_i2c_m_async.o
 .text.i2c_m_async_read
                0x00008584       0x2c hal/src/hal_i2c_m_async.o
 .text.i2c_tx_complete
                0x000085b0        0xe hal/src/hal_i2c_m_async.o
 .text.i2c_rx_complete
                0x000085be        0xe hal/src/hal_i2c_m_async.o
 .text.i2c_error
                0x000085cc        0xe hal/src/hal_i2c_m_async.o
 *fill*         0x000085da        0x2 
 .text.i2c_m_async_init
                0x000085dc       0x50 hal/src/hal_i2c_m_async.o
                0x000085dc                i2c_m_async_init
 .text.io_write
                0x0000862c        0x4 hal/src/hal_io.o
                0x0000862c                io_write
 .text.io_read  0x00008630        0x4 hal/src/hal_io.o
                0x00008630                io_read
 .text.qspi_dma_init
                0x00008634        0x8 hal/src/hal_qspi_dma.o
                0x00008634                qspi_dma_init
 .text._spi_m_async_io_write
                0x0000863c       0x20 hal/src/hal_spi_m_async.o
 .text._spi_m_async_io_read
                0x0000865c       0x34 hal/src/hal_spi_m_async.o
 .text._spi_dev_error
                0x00008690       0x40 hal/src/hal_spi_m_async.o
 .text._spi_dev_complete
                0x000086d0       0x2c hal/src/hal_spi_m_async.o
 .text._spi_dev_rx
                0x000086fc       0x7c hal/src/hal_spi_m_async.o
 .text._spi_dev_tx
                0x00008778       0x48 hal/src/hal_spi_m_async.o
 .text.spi_m_async_init
                0x000087c0       0x64 hal/src/hal_spi_m_async.o
                0x000087c0                spi_m_async_init
 .text.spi_m_async_enable
                0x00008824        0xc hal/src/hal_spi_m_async.o
                0x00008824                spi_m_async_enable
 .text.spi_m_async_set_baudrate
                0x00008830       0x18 hal/src/hal_spi_m_async.o
                0x00008830                spi_m_async_set_baudrate
 .text.spi_m_async_set_mode
                0x00008848       0x18 hal/src/hal_spi_m_async.o
                0x00008848                spi_m_async_set_mode
 .text.spi_m_async_transfer
                0x00008860       0x48 hal/src/hal_spi_m_async.o
                0x00008860                spi_m_async_transfer
 .text.spi_m_async_register_callback
                0x000088a8       0x1c hal/src/hal_spi_m_async.o
                0x000088a8                spi_m_async_register_callback
 .text.spi_m_async_get_io_descriptor
                0x000088c4        0x8 hal/src/hal_spi_m_async.o
                0x000088c4                spi_m_async_get_io_descriptor
 .text._spi_m_dma_io_write
                0x000088cc       0x18 hal/src/hal_spi_m_dma.o
 .text._spi_m_dma_io_read
                0x000088e4       0x18 hal/src/hal_spi_m_dma.o
 .text.spi_m_dma_init
                0x000088fc       0x24 hal/src/hal_spi_m_dma.o
                0x000088fc                spi_m_dma_init
 .text.spi_m_dma_enable
                0x00008920        0xc hal/src/hal_spi_m_dma.o
                0x00008920                spi_m_dma_enable
 .text.spi_m_dma_register_callback
                0x0000892c        0xc hal/src/hal_spi_m_dma.o
                0x0000892c                spi_m_dma_register_callback
 .text.spi_m_dma_get_io_descriptor
                0x00008938        0x8 hal/src/hal_spi_m_dma.o
                0x00008938                spi_m_dma_get_io_descriptor
 .text.timer_add_timer_task
                0x00008940       0x4c hal/src/hal_timer.o
 .text.timer_process_counted
                0x0000898c       0x6c hal/src/hal_timer.o
 .text.timer_init
                0x000089f8       0x1c hal/src/hal_timer.o
                0x000089f8                timer_init
 .text.timer_start
                0x00008a14       0x24 hal/src/hal_timer.o
                0x00008a14                timer_start
 .text.timer_add_task
                0x00008a38       0x78 hal/src/hal_timer.o
                0x00008a38                timer_add_task
 .text.usart_transmission_complete
                0x00008ab0       0x10 hal/src/hal_usart_async.o
 .text.usart_error
                0x00008ac0       0x10 hal/src/hal_usart_async.o
 .text.usart_fill_rx_buffer
                0x00008ad0       0x20 hal/src/hal_usart_async.o
 .text.usart_async_write
                0x00008af0       0x34 hal/src/hal_usart_async.o
 .text.usart_process_byte_sent
                0x00008b24       0x34 hal/src/hal_usart_async.o
 .text.usart_async_read
                0x00008b58       0x54 hal/src/hal_usart_async.o
 .text.usart_async_init
                0x00008bac       0x60 hal/src/hal_usart_async.o
                0x00008bac                usart_async_init
 .text.usart_async_enable
                0x00008c0c       0x10 hal/src/hal_usart_async.o
                0x00008c0c                usart_async_enable
 .text.usart_async_disable
                0x00008c1c       0x10 hal/src/hal_usart_async.o
                0x00008c1c                usart_async_disable
 .text.usart_async_get_io_descriptor
                0x00008c2c        0x6 hal/src/hal_usart_async.o
                0x00008c2c                usart_async_get_io_descriptor
 *fill*         0x00008c32        0x2 
 .text.usart_async_register_callback
                0x00008c34       0x44 hal/src/hal_usart_async.o
                0x00008c34                usart_async_register_callback
 .text.usart_async_set_parity
                0x00008c78       0x10 hal/src/hal_usart_async.o
                0x00008c78                usart_async_set_parity
 .text.usart_sync_write
                0x00008c88       0x50 hal/src/hal_usart_sync.o
 .text.usart_sync_read
                0x00008cd8       0x38 hal/src/hal_usart_sync.o
 .text.usart_sync_init
                0x00008d10       0x24 hal/src/hal_usart_sync.o
                0x00008d10                usart_sync_init
 .text.usart_sync_enable
                0x00008d34       0x10 hal/src/hal_usart_sync.o
                0x00008d34                usart_sync_enable
 .text._usb_d_find_ep
                0x00008d44       0x30 hal/src/hal_usb_device.o
 .text.usb_d_dummy_cb_false
                0x00008d74        0x4 hal/src/hal_usb_device.o
 .text.usb_d_cb_trans_more
                0x00008d78       0x30 hal/src/hal_usb_device.o
 .text._usb_d_cb_trans_done
                0x00008da8      0x108 hal/src/hal_usb_device.o
 .text.usb_d_cb_trans_setup
                0x00008eb0       0x8c hal/src/hal_usb_device.o
 .text.usb_d_init
                0x00008f3c       0x68 hal/src/hal_usb_device.o
                0x00008f3c                usb_d_init
 .text.usb_d_register_callback
                0x00008fa4        0x8 hal/src/hal_usb_device.o
                0x00008fa4                usb_d_register_callback
 .text.usb_d_enable
                0x00008fac        0x8 hal/src/hal_usb_device.o
                0x00008fac                usb_d_enable
 .text.usb_d_attach
                0x00008fb4        0x8 hal/src/hal_usb_device.o
                0x00008fb4                usb_d_attach
 .text.usb_d_get_frame_num
                0x00008fbc        0x8 hal/src/hal_usb_device.o
                0x00008fbc                usb_d_get_frame_num
 .text.usb_d_set_address
                0x00008fc4        0x8 hal/src/hal_usb_device.o
                0x00008fc4                usb_d_set_address
 .text.usb_d_ep_init
                0x00008fcc       0x50 hal/src/hal_usb_device.o
                0x00008fcc                usb_d_ep_init
 .text.usb_d_ep0_init
                0x0000901c       0x10 hal/src/hal_usb_device.o
                0x0000901c                usb_d_ep0_init
 .text.usb_d_ep_deinit
                0x0000902c       0x2c hal/src/hal_usb_device.o
                0x0000902c                usb_d_ep_deinit
 .text.usb_d_ep_enable
                0x00009058       0x40 hal/src/hal_usb_device.o
                0x00009058                usb_d_ep_enable
 .text.usb_d_ep_transfer
                0x00009098       0xf8 hal/src/hal_usb_device.o
                0x00009098                usb_d_ep_transfer
 .text.usb_d_ep_halt
                0x00009190       0x64 hal/src/hal_usb_device.o
                0x00009190                usb_d_ep_halt
 .text.usb_d_ep_register_callback
                0x000091f4       0x4c hal/src/hal_usb_device.o
                0x000091f4                usb_d_ep_register_callback
 .text.is_list_element
                0x00009240        0xe hal/utils/src/utils_list.o
                0x00009240                is_list_element
 .text.list_insert_as_head
                0x0000924e        0x8 hal/utils/src/utils_list.o
                0x0000924e                list_insert_as_head
 .text.list_insert_after
                0x00009256        0x8 hal/utils/src/utils_list.o
                0x00009256                list_insert_after
 .text.list_insert_at_end
                0x0000925e       0x18 hal/utils/src/utils_list.o
                0x0000925e                list_insert_at_end
 .text.list_remove_head
                0x00009276        0xc hal/utils/src/utils_list.o
                0x00009276                list_remove_head
 .text.ringbuffer_init
                0x00009282       0x18 hal/utils/src/utils_ringbuffer.o
                0x00009282                ringbuffer_init
 .text.ringbuffer_get
                0x0000929a       0x22 hal/utils/src/utils_ringbuffer.o
                0x0000929a                ringbuffer_get
 .text.ringbuffer_put
                0x000092bc       0x26 hal/utils/src/utils_ringbuffer.o
                0x000092bc                ringbuffer_put
 .text.ringbuffer_num
                0x000092e2        0x8 hal/utils/src/utils_ringbuffer.o
                0x000092e2                ringbuffer_num
 *fill*         0x000092ea        0x2 
 .text._sbrk    0x000092ec       0x1c hal/utils/src/utils_syscalls.o
                0x000092ec                _sbrk
 .text._close   0x00009308        0x6 hal/utils/src/utils_syscalls.o
                0x00009308                _close
 .text._fstat   0x0000930e        0xa hal/utils/src/utils_syscalls.o
                0x0000930e                _fstat
 .text._isatty  0x00009318        0x4 hal/utils/src/utils_syscalls.o
                0x00009318                _isatty
 .text._lseek   0x0000931c        0x4 hal/utils/src/utils_syscalls.o
                0x0000931c                _lseek
 .text.__NVIC_DisableIRQ
                0x00009320       0x28 hpl/adc/hpl_adc.o
 .text.__NVIC_ClearPendingIRQ
                0x00009348       0x20 hpl/adc/hpl_adc.o
 .text.hri_adc_wait_for_sync
                0x00009368        0x8 hpl/adc/hpl_adc.o
 .text.hri_adc_set_CTRLA_ENABLE_bit
                0x00009370       0x14 hpl/adc/hpl_adc.o
 .text.hri_adc_clear_CTRLA_ENABLE_bit
                0x00009384       0x18 hpl/adc/hpl_adc.o
 .text._adc_get_regs
                0x0000939c       0x14 hpl/adc/hpl_adc.o
 .text._adc_interrupt_handler
                0x000093b0       0x4e hpl/adc/hpl_adc.o
 .text._adc_get_irq_num.isra.0
                0x000093fe       0x14 hpl/adc/hpl_adc.o
 *fill*         0x00009412        0x2 
 .text._adc_init
                0x00009414       0xc8 hpl/adc/hpl_adc.o
 .text._adc_async_init
                0x000094dc       0xb4 hpl/adc/hpl_adc.o
                0x000094dc                _adc_async_init
 .text._adc_async_enable_channel
                0x00009590        0xc hpl/adc/hpl_adc.o
                0x00009590                _adc_async_enable_channel
 .text._adc_async_get_data_size
                0x0000959c       0x12 hpl/adc/hpl_adc.o
                0x0000959c                _adc_async_get_data_size
 *fill*         0x000095ae        0x2 
 .text._adc_async_convert
                0x000095b0       0x18 hpl/adc/hpl_adc.o
                0x000095b0                _adc_async_convert
 .text._adc_async_set_irq_state
                0x000095c8       0x20 hpl/adc/hpl_adc.o
                0x000095c8                _adc_async_set_irq_state
 .text.ADC0_1_Handler
                0x000095e8       0x10 hpl/adc/hpl_adc.o
                0x000095e8                ADC0_1_Handler
 .text.ADC0_0_Handler
                0x000095f8        0x8 hpl/adc/hpl_adc.o
                0x000095f8                ADC0_0_Handler
 .text.ADC1_1_Handler
                0x00009600       0x10 hpl/adc/hpl_adc.o
                0x00009600                ADC1_1_Handler
 .text.ADC1_0_Handler
                0x00009610        0x8 hpl/adc/hpl_adc.o
                0x00009610                ADC1_0_Handler
 .text._irq_set
                0x00009618       0x1c hpl/core/hpl_core_m4.o
                0x00009618                _irq_set
 .text._get_cycles_for_us
                0x00009634        0x6 hpl/core/hpl_core_m4.o
                0x00009634                _get_cycles_for_us
 *fill*         0x0000963a        0x2 
 .text._get_cycles_for_ms
                0x0000963c        0xc hpl/core/hpl_core_m4.o
                0x0000963c                _get_cycles_for_ms
 .text._init_chip
                0x00009648       0x5c hpl/core/hpl_init.o
                0x00009648                _init_chip
 .text._dmac_handler
                0x000096a4       0x50 hpl/dmac/hpl_dmac.o
 .text._dma_init
                0x000096f4       0xd0 hpl/dmac/hpl_dmac.o
                0x000096f4                _dma_init
 .text._dma_set_irq_state
                0x000097c4       0x28 hpl/dmac/hpl_dmac.o
                0x000097c4                _dma_set_irq_state
 .text._dma_set_destination_address
                0x000097ec       0x10 hpl/dmac/hpl_dmac.o
                0x000097ec                _dma_set_destination_address
 .text._dma_set_source_address
                0x000097fc       0x10 hpl/dmac/hpl_dmac.o
                0x000097fc                _dma_set_source_address
 .text._dma_srcinc_enable
                0x0000980c       0x1c hpl/dmac/hpl_dmac.o
                0x0000980c                _dma_srcinc_enable
 .text._dma_set_data_amount
                0x00009828       0x44 hpl/dmac/hpl_dmac.o
                0x00009828                _dma_set_data_amount
 .text._dma_enable_transaction
                0x0000986c       0x3c hpl/dmac/hpl_dmac.o
                0x0000986c                _dma_enable_transaction
 .text._dma_get_channel_resource
                0x000098a8       0x14 hpl/dmac/hpl_dmac.o
                0x000098a8                _dma_get_channel_resource
 .text.DMAC_0_Handler
                0x000098bc        0x8 hpl/dmac/hpl_dmac.o
                0x000098bc                DMAC_0_Handler
 .text.DMAC_1_Handler
                0x000098c4        0x8 hpl/dmac/hpl_dmac.o
                0x000098c4                DMAC_1_Handler
 .text.DMAC_2_Handler
                0x000098cc        0x8 hpl/dmac/hpl_dmac.o
                0x000098cc                DMAC_2_Handler
 .text.DMAC_3_Handler
                0x000098d4        0x8 hpl/dmac/hpl_dmac.o
                0x000098d4                DMAC_3_Handler
 .text.DMAC_4_Handler
                0x000098dc        0x8 hpl/dmac/hpl_dmac.o
                0x000098dc                DMAC_4_Handler
 .text._crc_sync_init
                0x000098e4        0x6 hpl/dsu/hpl_dsu.o
                0x000098e4                _crc_sync_init
 *fill*         0x000098ea        0x2 
 .text._event_system_init
                0x000098ec       0x58 hpl/evsys/hpl_evsys.o
                0x000098ec                _event_system_init
 .text.hri_gclk_wait_for_sync.constprop.0
                0x00009944       0x14 hpl/gclk/hpl_gclk.o
 .text._gclk_init_generators_by_fref
                0x00009958       0x58 hpl/gclk/hpl_gclk.o
                0x00009958                _gclk_init_generators_by_fref
 .text._mclk_init
                0x000099b0        0xc hpl/mclk/hpl_mclk.o
                0x000099b0                _mclk_init
 .text._user_row_write_exec
                0x000099bc       0x88 hpl/nvmctrl/hpl_nvmctrl.o
 .text._flash_init
                0x00009a44       0x4c hpl/nvmctrl/hpl_nvmctrl.o
                0x00009a44                _flash_init
 .text.NVMCTRL_1_Handler
                0x00009a90       0x2c hpl/nvmctrl/hpl_nvmctrl.o
                0x00009a90                NVMCTRL_1_Handler
 .text.NVMCTRL_0_Handler
                0x00009abc        0x8 hpl/nvmctrl/hpl_nvmctrl.o
                0x00009abc                NVMCTRL_0_Handler
 .text._user_area_read
                0x00009ac4       0x60 hpl/nvmctrl/hpl_nvmctrl.o
                0x00009ac4                _user_area_read
 .text._user_area_write
                0x00009b24       0x78 hpl/nvmctrl/hpl_nvmctrl.o
                0x00009b24                _user_area_write
 .text._osc32kctrl_init_sources
                0x00009b9c       0x14 hpl/osc32kctrl/hpl_osc32kctrl.o
                0x00009b9c                _osc32kctrl_init_sources
 .text._oscctrl_init_sources
                0x00009bb0        0x2 hpl/oscctrl/hpl_oscctrl.o
                0x00009bb0                _oscctrl_init_sources
 *fill*         0x00009bb2        0x2 
 .text._oscctrl_init_referenced_generators
                0x00009bb4       0xfc hpl/oscctrl/hpl_oscctrl.o
                0x00009bb4                _oscctrl_init_referenced_generators
 .text._qspi_dma_tx_complete
                0x00009cb0       0x14 hpl/qspi/hpl_qspi.o
 .text._qspi_dma_rx_complete
                0x00009cc4        0x8 hpl/qspi/hpl_qspi.o
 .text._qspi_dma_error_occured
                0x00009ccc        0xa hpl/qspi/hpl_qspi.o
 *fill*         0x00009cd6        0x2 
 .text._qspi_dma_init
                0x00009cd8       0x58 hpl/qspi/hpl_qspi.o
                0x00009cd8                _qspi_dma_init
 .text.RAMECC_Handler
                0x00009d30       0x3c hpl/ramecc/hpl_ramecc.o
                0x00009d30                RAMECC_Handler
 .text.hri_rtcmode0_wait_for_sync
                0x00009d6c        0x8 hpl/rtc/hpl_rtc.o
 .text._rtc_timer_stop
                0x00009d74       0x1c hpl/rtc/hpl_rtc.o
                0x00009d74                _rtc_timer_stop
 .text._rtc_timer_set_period
                0x00009d90       0x10 hpl/rtc/hpl_rtc.o
                0x00009d90                _rtc_timer_set_period
 .text._rtc_timer_get_period
                0x00009da0       0x14 hpl/rtc/hpl_rtc.o
                0x00009da0                _rtc_timer_get_period
 .text._rtc_timer_is_started
                0x00009db4       0x1c hpl/rtc/hpl_rtc.o
                0x00009db4                _rtc_timer_is_started
 .text._rtc_timer_set_irq
                0x00009dd0        0x2 hpl/rtc/hpl_rtc.o
                0x00009dd0                _rtc_timer_set_irq
 *fill*         0x00009dd2        0x2 
 .text._rtc_timer_start
                0x00009dd4       0x3c hpl/rtc/hpl_rtc.o
                0x00009dd4                _rtc_timer_start
 .text._rtc_timer_deinit
                0x00009e10       0x28 hpl/rtc/hpl_rtc.o
                0x00009e10                _rtc_timer_deinit
 .text._rtc_timer_init
                0x00009e38       0x48 hpl/rtc/hpl_rtc.o
                0x00009e38                _rtc_timer_init
 .text._rtc_get_timer
                0x00009e80        0x8 hpl/rtc/hpl_rtc.o
                0x00009e80                _rtc_get_timer
 .text.RTC_Handler
                0x00009e88       0x24 hpl/rtc/hpl_rtc.o
                0x00009e88                RTC_Handler
 .text.__NVIC_EnableIRQ
                0x00009eac       0x1c hpl/sercom/hpl_sercom.o
 .text.__NVIC_DisableIRQ
                0x00009ec8       0x28 hpl/sercom/hpl_sercom.o
 .text.__NVIC_ClearPendingIRQ
                0x00009ef0       0x20 hpl/sercom/hpl_sercom.o
 .text.hri_sercomi2cm_wait_for_sync
                0x00009f10        0x8 hpl/sercom/hpl_sercom.o
 .text.hri_sercomspi_wait_for_sync
                0x00009f18        0x8 hpl/sercom/hpl_sercom.o
 .text.hri_sercomusart_wait_for_sync
                0x00009f20        0x8 hpl/sercom/hpl_sercom.o
 .text.hri_sercomi2cm_clear_CTRLA_ENABLE_bit
                0x00009f28       0x14 hpl/sercom/hpl_sercom.o
 .text.hri_sercomspi_clear_CTRLA_ENABLE_bit
                0x00009f3c       0x14 hpl/sercom/hpl_sercom.o
 .text.hri_sercomusart_get_CTRLA_ENABLE_bit
                0x00009f50       0x14 hpl/sercom/hpl_sercom.o
 .text.hri_sercomusart_write_CTRLA_ENABLE_bit
                0x00009f64       0x18 hpl/sercom/hpl_sercom.o
 .text.hri_sercomusart_clear_CTRLA_ENABLE_bit
                0x00009f7c       0x14 hpl/sercom/hpl_sercom.o
 .text._sercom_get_hardware_index
                0x00009f90       0x34 hpl/sercom/hpl_sercom.o
 .text._sercom_usart_interrupt_handler
                0x00009fc4       0x70 hpl/sercom/hpl_sercom.o
 .text._sercom_init_irq_param
                0x0000a034       0x60 hpl/sercom/hpl_sercom.o
 .text._get_i2cm_index
                0x0000a094       0x14 hpl/sercom/hpl_sercom.o
 .text._sercom_get_irq_num
                0x0000a0a8       0x14 hpl/sercom/hpl_sercom.o
 .text._spi_sync_enable
                0x0000a0bc       0x28 hpl/sercom/hpl_sercom.o
 .text._spi_get_regs
                0x0000a0e4       0x2c hpl/sercom/hpl_sercom.o
 .text._spi_get_tx_dma_channel
                0x0000a110       0x14 hpl/sercom/hpl_sercom.o
 .text._spi_get_rx_dma_channel
                0x0000a124       0x14 hpl/sercom/hpl_sercom.o
 .text._spi_dma_rx_complete
                0x0000a138        0xa hpl/sercom/hpl_sercom.o
 .text._spi_dma_tx_complete
                0x0000a142        0xa hpl/sercom/hpl_sercom.o
 .text._spi_dma_error_occured
                0x0000a14c        0xa hpl/sercom/hpl_sercom.o
 *fill*         0x0000a156        0x2 
 .text._usart_set_parity
                0x0000a158       0x78 hpl/sercom/hpl_sercom.o
 .text._sercom_i2c_send_stop
                0x0000a1d0       0x14 hpl/sercom/hpl_sercom.o
 .text._sercom_i2c_sync_analyse_flags
                0x0000a1e4      0x16c hpl/sercom/hpl_sercom.o
 .text._spi_load_regs_master
                0x0000a350       0x3c hpl/sercom/hpl_sercom.o
 .text._spi_set_mode
                0x0000a38c       0x34 hpl/sercom/hpl_sercom.o
 .text._i2c_m_sync_init_impl
                0x0000a3c0       0xb0 hpl/sercom/hpl_sercom.o
 .text._usart_init
                0x0000a470       0xdc hpl/sercom/hpl_sercom.o
 .text._usart_sync_init
                0x0000a54c        0xc hpl/sercom/hpl_sercom.o
                0x0000a54c                _usart_sync_init
 .text._usart_async_init
                0x0000a558       0x64 hpl/sercom/hpl_sercom.o
                0x0000a558                _usart_async_init
 .text._usart_sync_enable
                0x0000a5bc       0x14 hpl/sercom/hpl_sercom.o
                0x0000a5bc                _usart_sync_enable
 .text._usart_async_enable
                0x0000a5d0       0x14 hpl/sercom/hpl_sercom.o
                0x0000a5d0                _usart_async_enable
 .text._usart_async_disable
                0x0000a5e4        0xc hpl/sercom/hpl_sercom.o
                0x0000a5e4                _usart_async_disable
 .text._usart_async_set_parity
                0x0000a5f0        0xc hpl/sercom/hpl_sercom.o
                0x0000a5f0                _usart_async_set_parity
 .text._usart_sync_write_byte
                0x0000a5fc        0x6 hpl/sercom/hpl_sercom.o
                0x0000a5fc                _usart_sync_write_byte
 .text._usart_async_write_byte
                0x0000a602        0x6 hpl/sercom/hpl_sercom.o
                0x0000a602                _usart_async_write_byte
 .text._usart_sync_read_byte
                0x0000a608        0x8 hpl/sercom/hpl_sercom.o
                0x0000a608                _usart_sync_read_byte
 .text._usart_sync_is_ready_to_send
                0x0000a610        0xa hpl/sercom/hpl_sercom.o
                0x0000a610                _usart_sync_is_ready_to_send
 .text._usart_sync_is_transmit_done
                0x0000a61a        0xa hpl/sercom/hpl_sercom.o
                0x0000a61a                _usart_sync_is_transmit_done
 .text._usart_sync_is_byte_received
                0x0000a624        0xa hpl/sercom/hpl_sercom.o
                0x0000a624                _usart_sync_is_byte_received
 .text._usart_async_enable_byte_sent_irq
                0x0000a62e        0x8 hpl/sercom/hpl_sercom.o
                0x0000a62e                _usart_async_enable_byte_sent_irq
 .text._usart_async_enable_tx_done_irq
                0x0000a636        0x8 hpl/sercom/hpl_sercom.o
                0x0000a636                _usart_async_enable_tx_done_irq
 .text._usart_async_set_irq_state
                0x0000a63e       0x32 hpl/sercom/hpl_sercom.o
                0x0000a63e                _usart_async_set_irq_state
 .text._i2c_m_async_init
                0x0000a670       0x64 hpl/sercom/hpl_sercom.o
                0x0000a670                _i2c_m_async_init
 .text._i2c_m_async_transfer
                0x0000a6d4       0xc0 hpl/sercom/hpl_sercom.o
                0x0000a6d4                _i2c_m_async_transfer
 .text._i2c_m_async_register_callback
                0x0000a794       0x1a hpl/sercom/hpl_sercom.o
                0x0000a794                _i2c_m_async_register_callback
 *fill*         0x0000a7ae        0x2 
 .text.SERCOM0_3_Handler
                0x0000a7b0       0x10 hpl/sercom/hpl_sercom.o
                0x0000a7b0                SERCOM0_3_Handler
 .text.SERCOM0_2_Handler
                0x0000a7c0        0x8 hpl/sercom/hpl_sercom.o
                0x0000a7c0                SERCOM0_2_Handler
 .text.SERCOM0_1_Handler
                0x0000a7c8        0x8 hpl/sercom/hpl_sercom.o
                0x0000a7c8                SERCOM0_1_Handler
 .text.SERCOM0_0_Handler
                0x0000a7d0        0x8 hpl/sercom/hpl_sercom.o
                0x0000a7d0                SERCOM0_0_Handler
 .text.SERCOM1_3_Handler
                0x0000a7d8       0x10 hpl/sercom/hpl_sercom.o
                0x0000a7d8                SERCOM1_3_Handler
 .text.SERCOM1_2_Handler
                0x0000a7e8        0x8 hpl/sercom/hpl_sercom.o
                0x0000a7e8                SERCOM1_2_Handler
 .text.SERCOM1_1_Handler
                0x0000a7f0        0x8 hpl/sercom/hpl_sercom.o
                0x0000a7f0                SERCOM1_1_Handler
 .text.SERCOM1_0_Handler
                0x0000a7f8        0x8 hpl/sercom/hpl_sercom.o
                0x0000a7f8                SERCOM1_0_Handler
 .text.SERCOM3_3_Handler
                0x0000a800       0x44 hpl/sercom/hpl_sercom.o
                0x0000a800                SERCOM3_3_Handler
 .text.SERCOM3_2_Handler
                0x0000a844        0x8 hpl/sercom/hpl_sercom.o
                0x0000a844                SERCOM3_2_Handler
 .text.SERCOM3_1_Handler
                0x0000a84c        0x8 hpl/sercom/hpl_sercom.o
                0x0000a84c                SERCOM3_1_Handler
 .text.SERCOM3_0_Handler
                0x0000a854        0x8 hpl/sercom/hpl_sercom.o
                0x0000a854                SERCOM3_0_Handler
 .text.SERCOM4_3_Handler
                0x0000a85c       0x10 hpl/sercom/hpl_sercom.o
                0x0000a85c                SERCOM4_3_Handler
 .text.SERCOM4_2_Handler
                0x0000a86c        0x8 hpl/sercom/hpl_sercom.o
                0x0000a86c                SERCOM4_2_Handler
 .text.SERCOM4_1_Handler
                0x0000a874        0x8 hpl/sercom/hpl_sercom.o
                0x0000a874                SERCOM4_1_Handler
 .text.SERCOM4_0_Handler
                0x0000a87c        0x8 hpl/sercom/hpl_sercom.o
                0x0000a87c                SERCOM4_0_Handler
 .text.SERCOM5_3_Handler
                0x0000a884       0x64 hpl/sercom/hpl_sercom.o
                0x0000a884                SERCOM5_3_Handler
 .text.SERCOM5_2_Handler
                0x0000a8e8        0x8 hpl/sercom/hpl_sercom.o
                0x0000a8e8                SERCOM5_2_Handler
 .text.SERCOM5_1_Handler
                0x0000a8f0        0x8 hpl/sercom/hpl_sercom.o
                0x0000a8f0                SERCOM5_1_Handler
 .text.SERCOM5_0_Handler
                0x0000a8f8        0x8 hpl/sercom/hpl_sercom.o
                0x0000a8f8                SERCOM5_0_Handler
 .text.SERCOM6_3_Handler
                0x0000a900       0x10 hpl/sercom/hpl_sercom.o
                0x0000a900                SERCOM6_3_Handler
 .text.SERCOM6_2_Handler
                0x0000a910        0x8 hpl/sercom/hpl_sercom.o
                0x0000a910                SERCOM6_2_Handler
 .text.SERCOM6_1_Handler
                0x0000a918        0x8 hpl/sercom/hpl_sercom.o
                0x0000a918                SERCOM6_1_Handler
 .text.SERCOM6_0_Handler
                0x0000a920        0x8 hpl/sercom/hpl_sercom.o
                0x0000a920                SERCOM6_0_Handler
 .text._spi_m_sync_init
                0x0000a928       0xd0 hpl/sercom/hpl_sercom.o
                0x0000a928                _spi_m_sync_init
 .text._spi_m_async_init
                0x0000a9f8       0x58 hpl/sercom/hpl_sercom.o
                0x0000a9f8                _spi_m_async_init
 .text._spi_s_async_enable
                0x0000aa50       0x34 hpl/sercom/hpl_sercom.o
                0x0000aa50                _spi_s_async_enable
 .text._spi_m_async_enable
                0x0000aa84        0x8 hpl/sercom/hpl_sercom.o
                0x0000aa84                _spi_m_async_enable
 .text._spi_s_async_set_mode
                0x0000aa8c        0xc hpl/sercom/hpl_sercom.o
                0x0000aa8c                _spi_s_async_set_mode
 .text._spi_m_async_set_mode
                0x0000aa98        0x8 hpl/sercom/hpl_sercom.o
                0x0000aa98                _spi_m_async_set_mode
 .text._spi_m_async_set_baudrate
                0x0000aaa0       0x14 hpl/sercom/hpl_sercom.o
                0x0000aaa0                _spi_m_async_set_baudrate
 .text._spi_m_async_enable_tx
                0x0000aab4       0x10 hpl/sercom/hpl_sercom.o
                0x0000aab4                _spi_m_async_enable_tx
 .text._spi_m_async_enable_rx
                0x0000aac4       0x10 hpl/sercom/hpl_sercom.o
                0x0000aac4                _spi_m_async_enable_rx
 .text._spi_m_async_enable_tx_complete
                0x0000aad4       0x10 hpl/sercom/hpl_sercom.o
                0x0000aad4                _spi_m_async_enable_tx_complete
 .text._spi_m_async_write_one
                0x0000aae4        0x8 hpl/sercom/hpl_sercom.o
                0x0000aae4                _spi_m_async_write_one
 .text._spi_m_async_read_one
                0x0000aaec        0x8 hpl/sercom/hpl_sercom.o
                0x0000aaec                _spi_m_async_read_one
 .text._spi_m_async_register_callback
                0x0000aaf4        0xa hpl/sercom/hpl_sercom.o
                0x0000aaf4                _spi_m_async_register_callback
 .text._spi_m_async_set_irq_state
                0x0000aafe       0x12 hpl/sercom/hpl_sercom.o
                0x0000aafe                _spi_m_async_set_irq_state
 .text._spi_m_dma_init
                0x0000ab10       0xc4 hpl/sercom/hpl_sercom.o
                0x0000ab10                _spi_m_dma_init
 .text._spi_m_dma_enable
                0x0000abd4        0xc hpl/sercom/hpl_sercom.o
                0x0000abd4                _spi_m_dma_enable
 .text._spi_m_dma_register_callback
                0x0000abe0       0x64 hpl/sercom/hpl_sercom.o
                0x0000abe0                _spi_m_dma_register_callback
 .text._spi_m_dma_transfer
                0x0000ac44       0xf8 hpl/sercom/hpl_sercom.o
                0x0000ac44                _spi_m_dma_transfer
 .text._delay_init
                0x0000ad3c       0x14 hpl/systick/hpl_systick.o
                0x0000ad3c                _delay_init
 .text._delay_cycles
                0x0000ad50       0x38 hpl/systick/hpl_systick.o
                0x0000ad50                _delay_cycles
 .text.__NVIC_DisableIRQ
                0x0000ad88       0x28 hpl/tc/hpl_tc.o
 .text.hri_tc_wait_for_sync
                0x0000adb0        0x8 hpl/tc/hpl_tc.o
 .text._tc_timer_start
                0x0000adb8       0x14 hpl/tc/hpl_tc.o
                0x0000adb8                _tc_timer_start
 .text._tc_timer_get_period
                0x0000adcc       0x50 hpl/tc/hpl_tc.o
                0x0000adcc                _tc_timer_get_period
 .text._tc_timer_is_started
                0x0000ae1c       0x18 hpl/tc/hpl_tc.o
                0x0000ae1c                _tc_timer_is_started
 .text.tc_interrupt_handler
                0x0000ae34       0x12 hpl/tc/hpl_tc.o
 *fill*         0x0000ae46        0x2 
 .text.get_tc_index
                0x0000ae48       0x50 hpl/tc/hpl_tc.o
 .text._tc_timer_set_irq
                0x0000ae98       0x28 hpl/tc/hpl_tc.o
                0x0000ae98                _tc_timer_set_irq
 .text._tc_timer_stop
                0x0000aec0       0x14 hpl/tc/hpl_tc.o
                0x0000aec0                _tc_timer_stop
 .text._tc_timer_deinit
                0x0000aed4       0x4c hpl/tc/hpl_tc.o
                0x0000aed4                _tc_timer_deinit
 .text._tc_timer_init
                0x0000af20      0x150 hpl/tc/hpl_tc.o
                0x0000af20                _tc_timer_init
 .text._tc_timer_set_period
                0x0000b070       0x3c hpl/tc/hpl_tc.o
                0x0000b070                _tc_timer_set_period
 .text._tc_get_timer
                0x0000b0ac        0x8 hpl/tc/hpl_tc.o
                0x0000b0ac                _tc_get_timer
 .text.TC0_Handler
                0x0000b0b4       0x10 hpl/tc/hpl_tc.o
                0x0000b0b4                TC0_Handler
 .text.TC1_Handler
                0x0000b0c4       0x10 hpl/tc/hpl_tc.o
                0x0000b0c4                TC1_Handler
 .text.TC2_Handler
                0x0000b0d4       0x10 hpl/tc/hpl_tc.o
                0x0000b0d4                TC2_Handler
 .text.TC3_Handler
                0x0000b0e4       0x10 hpl/tc/hpl_tc.o
                0x0000b0e4                TC3_Handler
 .text._dummy_func_no_return
                0x0000b0f4        0x4 hpl/usb/hpl_usb.o
 .text._usb_d_dev_wait_dfll_rdy
                0x0000b0f8       0x24 hpl/usb/hpl_usb.o
 .text._usb_d_dev_ept
                0x0000b11c       0x18 hpl/usb/hpl_usb.o
 .text._usb_d_dev_handle_setup
                0x0000b134       0x84 hpl/usb/hpl_usb.o
 .text._usb_d_dev_handle_stall
                0x0000b1b8       0x28 hpl/usb/hpl_usb.o
 .text._usb_d_dev_trans_done
                0x0000b1e0       0x24 hpl/usb/hpl_usb.o
 .text._usb_d_dev_trans_stop
                0x0000b204       0x64 hpl/usb/hpl_usb.o
 .text._usb_d_dev_handle_trfail
                0x0000b268       0xec hpl/usb/hpl_usb.o
 .text._usb_d_dev_reset_epts
                0x0000b354       0x3c hpl/usb/hpl_usb.o
 .text._usb_d_dev_in_next
                0x0000b390      0x158 hpl/usb/hpl_usb.o
 .text._usb_d_dev_out_next
                0x0000b4e8      0x1ac hpl/usb/hpl_usb.o
 .text._usb_d_dev_handler
                0x0000b694      0x1dc hpl/usb/hpl_usb.o
 .text._usbd_ep_pcksize_size
                0x0000b870       0x3e hpl/usb/hpl_usb.o
 *fill*         0x0000b8ae        0x2 
 .text._usb_d_dev_init
                0x0000b8b0       0xe8 hpl/usb/hpl_usb.o
                0x0000b8b0                _usb_d_dev_init
 .text._usb_d_dev_enable
                0x0000b998       0x5c hpl/usb/hpl_usb.o
                0x0000b998                _usb_d_dev_enable
 .text._usb_d_dev_attach
                0x0000b9f4       0x12 hpl/usb/hpl_usb.o
                0x0000b9f4                _usb_d_dev_attach
 .text._usb_d_dev_set_address
                0x0000ba06        0xc hpl/usb/hpl_usb.o
                0x0000ba06                _usb_d_dev_set_address
 .text._usb_d_dev_get_frame_n
                0x0000ba12        0xc hpl/usb/hpl_usb.o
                0x0000ba12                _usb_d_dev_get_frame_n
 *fill*         0x0000ba1e        0x2 
 .text._usb_d_dev_ep_init
                0x0000ba20       0xc0 hpl/usb/hpl_usb.o
                0x0000ba20                _usb_d_dev_ep_init
 .text._usb_d_dev_ep_deinit
                0x0000bae0       0x84 hpl/usb/hpl_usb.o
                0x0000bae0                _usb_d_dev_ep_deinit
 .text._usb_d_dev_ep_enable
                0x0000bb64      0x17c hpl/usb/hpl_usb.o
                0x0000bb64                _usb_d_dev_ep_enable
 .text._usb_d_dev_ep_stall
                0x0000bce0       0xe4 hpl/usb/hpl_usb.o
                0x0000bce0                _usb_d_dev_ep_stall
 .text._usb_d_dev_ep_read_req
                0x0000bdc4       0x54 hpl/usb/hpl_usb.o
                0x0000bdc4                _usb_d_dev_ep_read_req
 .text._usb_d_dev_ep_trans
                0x0000be18      0x108 hpl/usb/hpl_usb.o
                0x0000be18                _usb_d_dev_ep_trans
 .text._usb_d_dev_register_callback
                0x0000bf20       0x24 hpl/usb/hpl_usb.o
                0x0000bf20                _usb_d_dev_register_callback
 .text._usb_d_dev_register_ep_callback
                0x0000bf44       0x2c hpl/usb/hpl_usb.o
                0x0000bf44                _usb_d_dev_register_ep_callback
 .text.USB_0_Handler
                0x0000bf70        0x8 hpl/usb/hpl_usb.o
                0x0000bf70                USB_0_Handler
 .text.USB_1_Handler
                0x0000bf78        0x8 hpl/usb/hpl_usb.o
                0x0000bf78                USB_1_Handler
 .text.USB_2_Handler
                0x0000bf80        0x8 hpl/usb/hpl_usb.o
                0x0000bf80                USB_2_Handler
 .text.USB_3_Handler
                0x0000bf88        0x8 hpl/usb/hpl_usb.o
                0x0000bf88                USB_3_Handler
 .text._wdt_init
                0x0000bf90       0x42 hpl/wdt/hpl_wdt.o
                0x0000bf90                _wdt_init
 *fill*         0x0000bfd2        0x2 
 .text.RTC_Scheduler_report_cb
                0x0000bfd4        0xc main.o
 .text.RTC_Scheduler_heartbeat_cb
                0x0000bfe0       0x10 main.o
 .text.RTC_Scheduler_ping_cb
                0x0000bff0       0x3c main.o
 .text.grid_task_timer_tick
                0x0000c02c        0xe main.o
                0x0000c02c                grid_task_timer_tick
 *fill*         0x0000c03a        0x2 
 .text.RTC_Scheduler_realtime_cb
                0x0000c03c       0x94 main.o
 .text.grid_task_timer_reset
                0x0000c0d0       0x10 main.o
                0x0000c0d0                grid_task_timer_reset
 .text.grid_port_reset_receiver
                0x0000c0e0       0x78 main.o
                0x0000c0e0                grid_port_reset_receiver
 .text.grid_port_receive_task
                0x0000c158      0x104 main.o
                0x0000c158                grid_port_receive_task
 .text.grid_port_receive_decode
                0x0000c25c      0x4c8 main.o
                0x0000c25c                grid_port_receive_decode
 .text.grid_port_receive_complete_task
                0x0000c724       0x70 main.o
                0x0000c724                grid_port_receive_complete_task
 .text.init_timer
                0x0000c794       0x84 main.o
                0x0000c794                init_timer
 .text.startup.main
                0x0000c818      0x3d8 main.o
                0x0000c818                main
 .text._read    0x0000cbf0       0x20 stdio_redirect/gcc/read.o
                0x0000cbf0                _read
 .text._write   0x0000cc10       0x24 stdio_redirect/gcc/write.o
                0x0000cc10                _write
 .text.stdio_io_init
                0x0000cc34       0x2c stdio_redirect/stdio_io.o
                0x0000cc34                stdio_io_init
 .text.stdio_io_read
                0x0000cc60       0x1c stdio_redirect/stdio_io.o
                0x0000cc60                stdio_io_read
 .text.stdio_io_write
                0x0000cc7c       0x1c stdio_redirect/stdio_io.o
                0x0000cc7c                stdio_io_write
 .text.stdio_redirect_init
                0x0000cc98       0x20 stdio_start.o
                0x0000cc98                stdio_redirect_init
 .text.cdcdf_acm_req
                0x0000ccb8       0xdc usb/class/cdc/device/cdcdf_acm.o
 .text.cdcdf_acm_ctrl
                0x0000cd94      0x138 usb/class/cdc/device/cdcdf_acm.o
 .text.cdcdf_acm_init
                0x0000cecc       0x44 usb/class/cdc/device/cdcdf_acm.o
                0x0000cecc                cdcdf_acm_init
 .text.cdcdf_acm_write
                0x0000cf10       0x2c usb/class/cdc/device/cdcdf_acm.o
                0x0000cf10                cdcdf_acm_write
 .text.hid_keyboard_req
                0x0000cf3c       0x88 usb/class/hid/device/hiddf_keyboard.o
 .text.hid_keyboard_ctrl
                0x0000cfc4      0x110 usb/class/hid/device/hiddf_keyboard.o
 .text.hiddf_keyboard_init
                0x0000d0d4       0x44 usb/class/hid/device/hiddf_keyboard.o
                0x0000d0d4                hiddf_keyboard_init
 .text.hiddf_keyboard_keys_state_change
                0x0000d118       0x8c usb/class/hid/device/hiddf_keyboard.o
                0x0000d118                hiddf_keyboard_keys_state_change
 .text.hid_mouse_req
                0x0000d1a4       0x88 usb/class/hid/device/hiddf_mouse.o
 .text.hid_mouse_ctrl
                0x0000d22c       0xe4 usb/class/hid/device/hiddf_mouse.o
 .text.hiddf_mouse_init
                0x0000d310       0x44 usb/class/hid/device/hiddf_mouse.o
                0x0000d310                hiddf_mouse_init
 .text.hiddf_mouse_move
                0x0000d354       0x48 usb/class/hid/device/hiddf_mouse.o
                0x0000d354                hiddf_mouse_move
 .text.midi_cb_ep_bulk_in
                0x0000d39c        0x2 usb/class/midi/device/audiodf_midi.o
 .text.midi_cb_ep_bulk_out
                0x0000d39e        0x2 usb/class/midi/device/audiodf_midi.o
 .text.audio_midi_req
                0x0000d3a0       0x78 usb/class/midi/device/audiodf_midi.o
 .text.audio_midi_ctrl
                0x0000d418      0x1a8 usb/class/midi/device/audiodf_midi.o
 .text.audiodf_midi_init
                0x0000d5c0       0x44 usb/class/midi/device/audiodf_midi.o
                0x0000d5c0                audiodf_midi_init
 .text.audiodf_midi_xfer_packet
                0x0000d604       0x28 usb/class/midi/device/audiodf_midi.o
                0x0000d604                audiodf_midi_xfer_packet
 .text.usbdc_unconfig
                0x0000d62c       0x1c usb/device/usbdc.o
 .text.usbdc_change_notify
                0x0000d648       0x20 usb/device/usbdc.o
 .text.usbdc_request_handler
                0x0000d668       0x38 usb/device/usbdc.o
 .text.usbd_sof_cb
                0x0000d6a0       0x18 usb/device/usbdc.o
 .text.usbdc_cb_ctl_done
                0x0000d6b8       0x68 usb/device/usbdc.o
 .text.usbdc_reset
                0x0000d720       0x5c usb/device/usbdc.o
                0x0000d720                usbdc_reset
 .text.usbd_event_cb
                0x0000d77c       0x18 usb/device/usbdc.o
 .text.usbdc_xfer
                0x0000d794       0x20 usb/device/usbdc.o
                0x0000d794                usbdc_xfer
 .text.usbdc_cb_ctl_req
                0x0000d7b4      0x328 usb/device/usbdc.o
 .text.usbdc_register_handler
                0x0000dadc       0x2c usb/device/usbdc.o
                0x0000dadc                usbdc_register_handler
 .text.usbdc_init
                0x0000db08       0x44 usb/device/usbdc.o
                0x0000db08                usbdc_init
 .text.usbdc_register_function
                0x0000db4c       0x10 usb/device/usbdc.o
                0x0000db4c                usbdc_register_function
 .text.usbdc_start
                0x0000db5c       0x34 usb/device/usbdc.o
                0x0000db5c                usbdc_start
 .text.usbdc_attach
                0x0000db90        0x8 usb/device/usbdc.o
                0x0000db90                usbdc_attach
 .text.usbdc_get_ctrl_buffer
                0x0000db98        0xc usb/device/usbdc.o
                0x0000db98                usbdc_get_ctrl_buffer
 .text.usbdc_get_state
                0x0000dba4       0x14 usb/device/usbdc.o
                0x0000dba4                usbdc_get_state
 .text.usb_find_desc
                0x0000dbb8       0x1a usb/usb_protocol.o
                0x0000dbb8                usb_find_desc
 .text.usb_find_ep_desc
                0x0000dbd2       0x1c usb/usb_protocol.o
                0x0000dbd2                usb_find_ep_desc
 *fill*         0x0000dbee        0x2 
 .text.usb_find_cfg_desc
                0x0000dbf0       0x3c usb/usb_protocol.o
                0x0000dbf0                usb_find_cfg_desc
 .text.usb_find_str_desc
                0x0000dc2c       0x30 usb/usb_protocol.o
                0x0000dc2c                usb_find_str_desc
 .text.gpio_get_pin_level
                0x0000dc5c       0x48 usb_start.o
 .text.hiddf_demo_sof_event
                0x0000dca4       0x78 usb_start.o
 .text.composite_device_init
                0x0000dd1c       0x2c usb_start.o
                0x0000dd1c                composite_device_init
 .text.composite_device_start
                0x0000dd48       0x1c usb_start.o
                0x0000dd48                composite_device_start
 .text.usb_init
                0x0000dd64        0x8 usb_start.o
                0x0000dd64                usb_init
 .text          0x0000dd6c      0x370 c:/program files (x86)/atmel/studio/7.0/toolchain/arm/arm-gnu-toolchain/bin/../lib/gcc/arm-none-eabi/6.3.1/thumb/v7e-m\libgcc.a(_arm_addsubdf3.o)
                0x0000dd6c                __aeabi_drsub
                0x0000dd74                __aeabi_dsub
                0x0000dd74                __subdf3
                0x0000dd78                __aeabi_dadd
                0x0000dd78                __adddf3
                0x0000dff0                __floatunsidf
                0x0000dff0                __aeabi_ui2d
                0x0000e010                __floatsidf
                0x0000e010                __aeabi_i2d
                0x0000e034                __aeabi_f2d
                0x0000e034                __extendsfdf2
                0x0000e070                __floatundidf
                0x0000e070                __aeabi_ul2d
                0x0000e080                __floatdidf
                0x0000e080                __aeabi_l2d
 .text          0x0000e0dc      0x424 c:/program files (x86)/atmel/studio/7.0/toolchain/arm/arm-gnu-toolchain/bin/../lib/gcc/arm-none-eabi/6.3.1/thumb/v7e-m\libgcc.a(_arm_muldivdf3.o)
                0x0000e0dc                __aeabi_dmul
                0x0000e0dc                __muldf3
                0x0000e330                __divdf3
                0x0000e330                __aeabi_ddiv
 .text          0x0000e500       0x40 c:/program files (x86)/atmel/studio/7.0/toolchain/arm/arm-gnu-toolchain/bin/../lib/gcc/arm-none-eabi/6.3.1/thumb/v7e-m\libgcc.a(_arm_fixunsdfsi.o)
                0x0000e500                __aeabi_d2uiz
                0x0000e500                __fixunsdfsi
 .text.__libc_init_array
                0x0000e540       0x48 c:/program files (x86)/atmel/studio/7.0/toolchain/arm/arm-gnu-toolchain/bin/../lib/gcc/arm-none-eabi/6.3.1/../../../../arm-none-eabi/lib/thumb/v7e-m\libc_nano.a(lib_a-init.o)
                0x0000e540                __libc_init_array
 .text.malloc   0x0000e588       0x10 c:/program files (x86)/atmel/studio/7.0/toolchain/arm/arm-gnu-toolchain/bin/../lib/gcc/arm-none-eabi/6.3.1/../../../../arm-none-eabi/lib/thumb/v7e-m\libc_nano.a(lib_a-malloc.o)
                0x0000e588                malloc
 .text.memcpy   0x0000e598       0x16 c:/program files (x86)/atmel/studio/7.0/toolchain/arm/arm-gnu-toolchain/bin/../lib/gcc/arm-none-eabi/6.3.1/../../../../arm-none-eabi/lib/thumb/v7e-m\libc_nano.a(lib_a-memcpy-stub.o)
                0x0000e598                memcpy
 .text.memset   0x0000e5ae       0x10 c:/program files (x86)/atmel/studio/7.0/toolchain/arm/arm-gnu-toolchain/bin/../lib/gcc/arm-none-eabi/6.3.1/../../../../arm-none-eabi/lib/thumb/v7e-m\libc_nano.a(lib_a-memset.o)
                0x0000e5ae                memset
 *fill*         0x0000e5be        0x2 
 .text._free_r  0x0000e5c0       0x9c c:/program files (x86)/atmel/studio/7.0/toolchain/arm/arm-gnu-toolchain/bin/../lib/gcc/arm-none-eabi/6.3.1/../../../../arm-none-eabi/lib/thumb/v7e-m\libc_nano.a(lib_a-nano-freer.o)
                0x0000e5c0                _free_r
 .text._malloc_r
                0x0000e65c       0xbc c:/program files (x86)/atmel/studio/7.0/toolchain/arm/arm-gnu-toolchain/bin/../lib/gcc/arm-none-eabi/6.3.1/../../../../arm-none-eabi/lib/thumb/v7e-m\libc_nano.a(lib_a-nano-mallocr.o)
                0x0000e65c                _malloc_r
 .text.printf   0x0000e718       0x30 c:/program files (x86)/atmel/studio/7.0/toolchain/arm/arm-gnu-toolchain/bin/../lib/gcc/arm-none-eabi/6.3.1/../../../../arm-none-eabi/lib/thumb/v7e-m\libc_nano.a(lib_a-printf.o)
                0x0000e718                iprintf
                0x0000e718                printf
 .text._puts_r  0x0000e748       0xb8 c:/program files (x86)/atmel/studio/7.0/toolchain/arm/arm-gnu-toolchain/bin/../lib/gcc/arm-none-eabi/6.3.1/../../../../arm-none-eabi/lib/thumb/v7e-m\libc_nano.a(lib_a-puts.o)
                0x0000e748                _puts_r
 .text.puts     0x0000e800       0x10 c:/program files (x86)/atmel/studio/7.0/toolchain/arm/arm-gnu-toolchain/bin/../lib/gcc/arm-none-eabi/6.3.1/../../../../arm-none-eabi/lib/thumb/v7e-m\libc_nano.a(lib_a-puts.o)
                0x0000e800                puts
 .text._sbrk_r  0x0000e810       0x20 c:/program files (x86)/atmel/studio/7.0/toolchain/arm/arm-gnu-toolchain/bin/../lib/gcc/arm-none-eabi/6.3.1/../../../../arm-none-eabi/lib/thumb/v7e-m\libc_nano.a(lib_a-sbrkr.o)
                0x0000e810                _sbrk_r
 .text.setbuf   0x0000e830       0x10 c:/program files (x86)/atmel/studio/7.0/toolchain/arm/arm-gnu-toolchain/bin/../lib/gcc/arm-none-eabi/6.3.1/../../../../arm-none-eabi/lib/thumb/v7e-m\libc_nano.a(lib_a-setbuf.o)
                0x0000e830                setbuf
 .text.setvbuf  0x0000e840      0x15c c:/program files (x86)/atmel/studio/7.0/toolchain/arm/arm-gnu-toolchain/bin/../lib/gcc/arm-none-eabi/6.3.1/../../../../arm-none-eabi/lib/thumb/v7e-m\libc_nano.a(lib_a-setvbuf.o)
                0x0000e840                setvbuf
 .text.sprintf  0x0000e99c       0x48 c:/program files (x86)/atmel/studio/7.0/toolchain/arm/arm-gnu-toolchain/bin/../lib/gcc/arm-none-eabi/6.3.1/../../../../arm-none-eabi/lib/thumb/v7e-m\libc_nano.a(lib_a-sprintf.o)
                0x0000e99c                siprintf
                0x0000e99c                sprintf
 .text.strcpy   0x0000e9e4       0x10 c:/program files (x86)/atmel/studio/7.0/toolchain/arm/arm-gnu-toolchain/bin/../lib/gcc/arm-none-eabi/6.3.1/../../../../arm-none-eabi/lib/thumb/v7e-m\libc_nano.a(lib_a-strcpy.o)
                0x0000e9e4                strcpy
 .text          0x0000e9f4       0x10 c:/program files (x86)/atmel/studio/7.0/toolchain/arm/arm-gnu-toolchain/bin/../lib/gcc/arm-none-eabi/6.3.1/../../../../arm-none-eabi/lib/thumb/v7e-m\libc_nano.a(lib_a-strlen.o)
                0x0000e9f4                strlen
 .text.__swbuf_r
                0x0000ea04       0xa4 c:/program files (x86)/atmel/studio/7.0/toolchain/arm/arm-gnu-toolchain/bin/../lib/gcc/arm-none-eabi/6.3.1/../../../../arm-none-eabi/lib/thumb/v7e-m\libc_nano.a(lib_a-wbuf.o)
                0x0000ea04                __swbuf_r
 .text.__swsetup_r
                0x0000eaa8       0xdc c:/program files (x86)/atmel/studio/7.0/toolchain/arm/arm-gnu-toolchain/bin/../lib/gcc/arm-none-eabi/6.3.1/../../../../arm-none-eabi/lib/thumb/v7e-m\libc_nano.a(lib_a-wsetup.o)
                0x0000eaa8                __swsetup_r
 .text.__sflush_r
                0x0000eb84      0x110 c:/program files (x86)/atmel/studio/7.0/toolchain/arm/arm-gnu-toolchain/bin/../lib/gcc/arm-none-eabi/6.3.1/../../../../arm-none-eabi/lib/thumb/v7e-m\libc_nano.a(lib_a-fflush.o)
                0x0000eb84                __sflush_r
 .text._fflush_r
                0x0000ec94       0x54 c:/program files (x86)/atmel/studio/7.0/toolchain/arm/arm-gnu-toolchain/bin/../lib/gcc/arm-none-eabi/6.3.1/../../../../arm-none-eabi/lib/thumb/v7e-m\libc_nano.a(lib_a-fflush.o)
                0x0000ec94                _fflush_r
 .text._cleanup_r
                0x0000ece8        0xc c:/program files (x86)/atmel/studio/7.0/toolchain/arm/arm-gnu-toolchain/bin/../lib/gcc/arm-none-eabi/6.3.1/../../../../arm-none-eabi/lib/thumb/v7e-m\libc_nano.a(lib_a-findfp.o)
                0x0000ece8                _cleanup_r
 .text.std.isra.0
                0x0000ecf4       0x48 c:/program files (x86)/atmel/studio/7.0/toolchain/arm/arm-gnu-toolchain/bin/../lib/gcc/arm-none-eabi/6.3.1/../../../../arm-none-eabi/lib/thumb/v7e-m\libc_nano.a(lib_a-findfp.o)
 .text.__sfmoreglue
                0x0000ed3c       0x2c c:/program files (x86)/atmel/studio/7.0/toolchain/arm/arm-gnu-toolchain/bin/../lib/gcc/arm-none-eabi/6.3.1/../../../../arm-none-eabi/lib/thumb/v7e-m\libc_nano.a(lib_a-findfp.o)
                0x0000ed3c                __sfmoreglue
 .text.__sinit  0x0000ed68       0x60 c:/program files (x86)/atmel/studio/7.0/toolchain/arm/arm-gnu-toolchain/bin/../lib/gcc/arm-none-eabi/6.3.1/../../../../arm-none-eabi/lib/thumb/v7e-m\libc_nano.a(lib_a-findfp.o)
                0x0000ed68                __sinit
 .text.__sfp    0x0000edc8       0x78 c:/program files (x86)/atmel/studio/7.0/toolchain/arm/arm-gnu-toolchain/bin/../lib/gcc/arm-none-eabi/6.3.1/../../../../arm-none-eabi/lib/thumb/v7e-m\libc_nano.a(lib_a-findfp.o)
                0x0000edc8                __sfp
 .text._fwalk_reent
                0x0000ee40       0x3c c:/program files (x86)/atmel/studio/7.0/toolchain/arm/arm-gnu-toolchain/bin/../lib/gcc/arm-none-eabi/6.3.1/../../../../arm-none-eabi/lib/thumb/v7e-m\libc_nano.a(lib_a-fwalk.o)
                0x0000ee40                _fwalk_reent
 .text.__swhatbuf_r
                0x0000ee7c       0x48 c:/program files (x86)/atmel/studio/7.0/toolchain/arm/arm-gnu-toolchain/bin/../lib/gcc/arm-none-eabi/6.3.1/../../../../arm-none-eabi/lib/thumb/v7e-m\libc_nano.a(lib_a-makebuf.o)
                0x0000ee7c                __swhatbuf_r
 .text.__smakebuf_r
                0x0000eec4       0x80 c:/program files (x86)/atmel/studio/7.0/toolchain/arm/arm-gnu-toolchain/bin/../lib/gcc/arm-none-eabi/6.3.1/../../../../arm-none-eabi/lib/thumb/v7e-m\libc_nano.a(lib_a-makebuf.o)
                0x0000eec4                __smakebuf_r
 .text.__malloc_lock
                0x0000ef44        0x2 c:/program files (x86)/atmel/studio/7.0/toolchain/arm/arm-gnu-toolchain/bin/../lib/gcc/arm-none-eabi/6.3.1/../../../../arm-none-eabi/lib/thumb/v7e-m\libc_nano.a(lib_a-mlock.o)
                0x0000ef44                __malloc_lock
 .text.__malloc_unlock
                0x0000ef46        0x2 c:/program files (x86)/atmel/studio/7.0/toolchain/arm/arm-gnu-toolchain/bin/../lib/gcc/arm-none-eabi/6.3.1/../../../../arm-none-eabi/lib/thumb/v7e-m\libc_nano.a(lib_a-mlock.o)
                0x0000ef46                __malloc_unlock
 .text.__ssputs_r
                0x0000ef48       0xb6 c:/program files (x86)/atmel/studio/7.0/toolchain/arm/arm-gnu-toolchain/bin/../lib/gcc/arm-none-eabi/6.3.1/../../../../arm-none-eabi/lib/thumb/v7e-m\libc_nano.a(lib_a-nano-svfprintf.o)
                0x0000ef48                __ssputs_r
 *fill*         0x0000effe        0x2 
 .text._svfprintf_r
                0x0000f000      0x1e8 c:/program files (x86)/atmel/studio/7.0/toolchain/arm/arm-gnu-toolchain/bin/../lib/gcc/arm-none-eabi/6.3.1/../../../../arm-none-eabi/lib/thumb/v7e-m\libc_nano.a(lib_a-nano-svfprintf.o)
                0x0000f000                _svfiprintf_r
                0x0000f000                _svfprintf_r
 .text.__sfputc_r
                0x0000f1e8       0x2c c:/program files (x86)/atmel/studio/7.0/toolchain/arm/arm-gnu-toolchain/bin/../lib/gcc/arm-none-eabi/6.3.1/../../../../arm-none-eabi/lib/thumb/v7e-m\libc_nano.a(lib_a-nano-vfprintf.o)
 .text.__sfputs_r
                0x0000f214       0x24 c:/program files (x86)/atmel/studio/7.0/toolchain/arm/arm-gnu-toolchain/bin/../lib/gcc/arm-none-eabi/6.3.1/../../../../arm-none-eabi/lib/thumb/v7e-m\libc_nano.a(lib_a-nano-vfprintf.o)
                0x0000f214                __sfputs_r
 .text._vfprintf_r
                0x0000f238      0x22c c:/program files (x86)/atmel/studio/7.0/toolchain/arm/arm-gnu-toolchain/bin/../lib/gcc/arm-none-eabi/6.3.1/../../../../arm-none-eabi/lib/thumb/v7e-m\libc_nano.a(lib_a-nano-vfprintf.o)
                0x0000f238                _vfprintf_r
                0x0000f238                _vfiprintf_r
 .text._printf_common
                0x0000f464       0xec c:/program files (x86)/atmel/studio/7.0/toolchain/arm/arm-gnu-toolchain/bin/../lib/gcc/arm-none-eabi/6.3.1/../../../../arm-none-eabi/lib/thumb/v7e-m\libc_nano.a(lib_a-nano-vfprintf_i.o)
                0x0000f464                _printf_common
 .text._printf_i
                0x0000f550      0x240 c:/program files (x86)/atmel/studio/7.0/toolchain/arm/arm-gnu-toolchain/bin/../lib/gcc/arm-none-eabi/6.3.1/../../../../arm-none-eabi/lib/thumb/v7e-m\libc_nano.a(lib_a-nano-vfprintf_i.o)
                0x0000f550                _printf_i
 .text.__sread  0x0000f790       0x22 c:/program files (x86)/atmel/studio/7.0/toolchain/arm/arm-gnu-toolchain/bin/../lib/gcc/arm-none-eabi/6.3.1/../../../../arm-none-eabi/lib/thumb/v7e-m\libc_nano.a(lib_a-stdio.o)
                0x0000f790                __sread
 .text.__swrite
                0x0000f7b2       0x38 c:/program files (x86)/atmel/studio/7.0/toolchain/arm/arm-gnu-toolchain/bin/../lib/gcc/arm-none-eabi/6.3.1/../../../../arm-none-eabi/lib/thumb/v7e-m\libc_nano.a(lib_a-stdio.o)
                0x0000f7b2                __swrite
 .text.__sseek  0x0000f7ea       0x24 c:/program files (x86)/atmel/studio/7.0/toolchain/arm/arm-gnu-toolchain/bin/../lib/gcc/arm-none-eabi/6.3.1/../../../../arm-none-eabi/lib/thumb/v7e-m\libc_nano.a(lib_a-stdio.o)
                0x0000f7ea                __sseek
 .text.__sclose
                0x0000f80e        0x8 c:/program files (x86)/atmel/studio/7.0/toolchain/arm/arm-gnu-toolchain/bin/../lib/gcc/arm-none-eabi/6.3.1/../../../../arm-none-eabi/lib/thumb/v7e-m\libc_nano.a(lib_a-stdio.o)
                0x0000f80e                __sclose
 *fill*         0x0000f816        0x2 
 .text._write_r
                0x0000f818       0x24 c:/program files (x86)/atmel/studio/7.0/toolchain/arm/arm-gnu-toolchain/bin/../lib/gcc/arm-none-eabi/6.3.1/../../../../arm-none-eabi/lib/thumb/v7e-m\libc_nano.a(lib_a-writer.o)
                0x0000f818                _write_r
 .text._close_r
                0x0000f83c       0x20 c:/program files (x86)/atmel/studio/7.0/toolchain/arm/arm-gnu-toolchain/bin/../lib/gcc/arm-none-eabi/6.3.1/../../../../arm-none-eabi/lib/thumb/v7e-m\libc_nano.a(lib_a-closer.o)
                0x0000f83c                _close_r
 .text._fstat_r