Archive member included to satisfy reference by file (symbol)

c:/program files (x86)/atmel/studio/7.0/toolchain/arm/arm-gnu-toolchain/bin/../lib/gcc/arm-none-eabi/6.3.1/thumb/v7e-m\libgcc.a(_arm_addsubdf3.o)
                              hpl/sercom/hpl_sercom.o (__aeabi_dsub)
c:/program files (x86)/atmel/studio/7.0/toolchain/arm/arm-gnu-toolchain/bin/../lib/gcc/arm-none-eabi/6.3.1/thumb/v7e-m\libgcc.a(_arm_muldivdf3.o)
                              grid/grid_hardwaretest.o (__aeabi_dmul)
c:/program files (x86)/atmel/studio/7.0/toolchain/arm/arm-gnu-toolchain/bin/../lib/gcc/arm-none-eabi/6.3.1/thumb/v7e-m\libgcc.a(_arm_fixunsdfsi.o)
                              grid/grid_hardwaretest.o (__aeabi_d2uiz)
c:/program files (x86)/atmel/studio/7.0/toolchain/arm/arm-gnu-toolchain/bin/../lib/gcc/arm-none-eabi/6.3.1/thumb/v7e-m\libgcc.a(_aeabi_uldivmod.o)
                              hpl/sercom/hpl_sercom.o (__aeabi_uldivmod)
c:/program files (x86)/atmel/studio/7.0/toolchain/arm/arm-gnu-toolchain/bin/../lib/gcc/arm-none-eabi/6.3.1/thumb/v7e-m\libgcc.a(_udivmoddi4.o)
                              c:/program files (x86)/atmel/studio/7.0/toolchain/arm/arm-gnu-toolchain/bin/../lib/gcc/arm-none-eabi/6.3.1/thumb/v7e-m\libgcc.a(_aeabi_uldivmod.o) (__udivmoddi4)
c:/program files (x86)/atmel/studio/7.0/toolchain/arm/arm-gnu-toolchain/bin/../lib/gcc/arm-none-eabi/6.3.1/thumb/v7e-m\libgcc.a(_dvmd_tls.o)
                              c:/program files (x86)/atmel/studio/7.0/toolchain/arm/arm-gnu-toolchain/bin/../lib/gcc/arm-none-eabi/6.3.1/thumb/v7e-m\libgcc.a(_aeabi_uldivmod.o) (__aeabi_ldiv0)
c:/program files (x86)/atmel/studio/7.0/toolchain/arm/arm-gnu-toolchain/bin/../lib/gcc/arm-none-eabi/6.3.1/../../../../arm-none-eabi/lib/thumb/v7e-m\libc_nano.a(lib_a-exit.o)
                              c:/program files (x86)/atmel/studio/7.0/toolchain/arm/arm-gnu-toolchain/bin/../lib/gcc/arm-none-eabi/6.3.1/../../../../arm-none-eabi/lib/thumb/v7e-m/crt0.o (exit)
c:/program files (x86)/atmel/studio/7.0/toolchain/arm/arm-gnu-toolchain/bin/../lib/gcc/arm-none-eabi/6.3.1/../../../../arm-none-eabi/lib/thumb/v7e-m\libc_nano.a(lib_a-impure.o)
                              c:/program files (x86)/atmel/studio/7.0/toolchain/arm/arm-gnu-toolchain/bin/../lib/gcc/arm-none-eabi/6.3.1/../../../../arm-none-eabi/lib/thumb/v7e-m\libc_nano.a(lib_a-exit.o) (_global_impure_ptr)
c:/program files (x86)/atmel/studio/7.0/toolchain/arm/arm-gnu-toolchain/bin/../lib/gcc/arm-none-eabi/6.3.1/../../../../arm-none-eabi/lib/thumb/v7e-m\libc_nano.a(lib_a-init.o)
                              c:/program files (x86)/atmel/studio/7.0/toolchain/arm/arm-gnu-toolchain/bin/../lib/gcc/arm-none-eabi/6.3.1/../../../../arm-none-eabi/lib/thumb/v7e-m/crt0.o (__libc_init_array)
c:/program files (x86)/atmel/studio/7.0/toolchain/arm/arm-gnu-toolchain/bin/../lib/gcc/arm-none-eabi/6.3.1/../../../../arm-none-eabi/lib/thumb/v7e-m\libc_nano.a(lib_a-malloc.o)
                              grid/grid_ain.o (malloc)
c:/program files (x86)/atmel/studio/7.0/toolchain/arm/arm-gnu-toolchain/bin/../lib/gcc/arm-none-eabi/6.3.1/../../../../arm-none-eabi/lib/thumb/v7e-m\libc_nano.a(lib_a-memcpy-stub.o)
                              hpl/nvmctrl/hpl_nvmctrl.o (memcpy)
c:/program files (x86)/atmel/studio/7.0/toolchain/arm/arm-gnu-toolchain/bin/../lib/gcc/arm-none-eabi/6.3.1/../../../../arm-none-eabi/lib/thumb/v7e-m\libc_nano.a(lib_a-memset.o)
                              c:/program files (x86)/atmel/studio/7.0/toolchain/arm/arm-gnu-toolchain/bin/../lib/gcc/arm-none-eabi/6.3.1/../../../../arm-none-eabi/lib/thumb/v7e-m/crt0.o (memset)
c:/program files (x86)/atmel/studio/7.0/toolchain/arm/arm-gnu-toolchain/bin/../lib/gcc/arm-none-eabi/6.3.1/../../../../arm-none-eabi/lib/thumb/v7e-m\libc_nano.a(lib_a-nano-freer.o)
                              c:/program files (x86)/atmel/studio/7.0/toolchain/arm/arm-gnu-toolchain/bin/../lib/gcc/arm-none-eabi/6.3.1/../../../../arm-none-eabi/lib/thumb/v7e-m\libc_nano.a(lib_a-malloc.o) (_free_r)
c:/program files (x86)/atmel/studio/7.0/toolchain/arm/arm-gnu-toolchain/bin/../lib/gcc/arm-none-eabi/6.3.1/../../../../arm-none-eabi/lib/thumb/v7e-m\libc_nano.a(lib_a-nano-mallocr.o)
                              c:/program files (x86)/atmel/studio/7.0/toolchain/arm/arm-gnu-toolchain/bin/../lib/gcc/arm-none-eabi/6.3.1/../../../../arm-none-eabi/lib/thumb/v7e-m\libc_nano.a(lib_a-malloc.o) (_malloc_r)
c:/program files (x86)/atmel/studio/7.0/toolchain/arm/arm-gnu-toolchain/bin/../lib/gcc/arm-none-eabi/6.3.1/../../../../arm-none-eabi/lib/thumb/v7e-m\libc_nano.a(lib_a-printf.o)
                              grid/grid_d51.o (printf)
c:/program files (x86)/atmel/studio/7.0/toolchain/arm/arm-gnu-toolchain/bin/../lib/gcc/arm-none-eabi/6.3.1/../../../../arm-none-eabi/lib/thumb/v7e-m\libc_nano.a(lib_a-puts.o)
                              grid/grid_unittest.o (puts)
[...]
Memory Configuration

Name             Origin             Length             Attributes
rom              0x00004000         0x0007a000         xr
ram              0x20000000         0x00040000         xrw
bkupram          0x47000000         0x00002000         xrw
qspi             0x04000000         0x01000000         xrw
*default*        0x00000000         0xffffffff

Linker script and memory map

LOAD c:/program files (x86)/atmel/studio/7.0/toolchain/arm/arm-gnu-toolchain/bin/../lib/gcc/arm-none-eabi/6.3.1/thumb/v7e-m/crti.o
LOAD c:/program files (x86)/atmel/studio/7.0/toolchain/arm/arm-gnu-toolchain/bin/../lib/gcc/arm-none-eabi/6.3.1/thumb/v7e-m/crtbegin.o
LOAD c:/program files (x86)/atmel/studio/7.0/toolchain/arm/arm-gnu-toolchain/bin/../lib/gcc/arm-none-eabi/6.3.1/../../../../arm-none-eabi/lib/thumb/v7e-m/crt0.o
LOAD atmel_start.o
LOAD Device_Startup/startup_samd51.o
LOAD Device_Startup/system_samd51.o
LOAD driver_init.o
LOAD examples/driver_examples.o
LOAD flash/n25q256a.o
LOAD flash/spi_nor_flash.o
LOAD grid/grid_d51.o
LOAD grid/grid_debug.o
LOAD grid/grid_hardwaretest.o
LOAD grid/grid_unittest.o
LOAD grid/grid_ain.o
LOAD grid/grid_buf.o
LOAD grid/grid_led.o
LOAD grid/grid_module.o
LOAD grid/grid_module_bu16_revb.o
LOAD grid/grid_module_en16_reva.o
LOAD grid/grid_module_pbf4_reva.o
LOAD grid/grid_module_po16_revb.o
LOAD grid/grid_sys.o
LOAD grid/grid_ui.o
LOAD grid/grid_usb.o
LOAD hal/src/hal_adc_async.o
LOAD hal/src/hal_atomic.o
LOAD hal/src/hal_cache.o
LOAD hal/src/hal_crc_sync.o
LOAD hal/src/hal_delay.o
LOAD hal/src/hal_evsys.o
LOAD hal/src/hal_flash.o
LOAD hal/src/hal_gpio.o
LOAD hal/src/hal_i2c_m_async.o
LOAD hal/src/hal_init.o
LOAD hal/src/hal_io.o
LOAD hal/src/hal_qspi_dma.o
LOAD hal/src/hal_sleep.o
LOAD hal/src/hal_spi_m_async.o
LOAD hal/src/hal_spi_m_dma.o
LOAD hal/src/hal_timer.o
LOAD hal/src/hal_usart_async.o
LOAD hal/src/hal_usart_sync.o
LOAD hal/src/hal_usb_device.o
LOAD hal/src/hal_wdt.o
LOAD hal/utils/src/utils_assert.o
LOAD hal/utils/src/utils_event.o
LOAD hal/utils/src/utils_list.o
LOAD hal/utils/src/utils_ringbuffer.o
LOAD hal/utils/src/utils_syscalls.o
LOAD hpl/adc/hpl_adc.o
LOAD hpl/cmcc/hpl_cmcc.o
LOAD hpl/core/hpl_core_m4.o
LOAD hpl/core/hpl_init.o
LOAD hpl/dmac/hpl_dmac.o
LOAD hpl/dsu/hpl_dsu.o
LOAD hpl/evsys/hpl_evsys.o
LOAD hpl/gclk/hpl_gclk.o
LOAD hpl/mclk/hpl_mclk.o
LOAD hpl/nvmctrl/hpl_nvmctrl.o
LOAD hpl/osc32kctrl/hpl_osc32kctrl.o
LOAD hpl/oscctrl/hpl_oscctrl.o
LOAD hpl/pac/hpl_pac.o
LOAD hpl/pm/hpl_pm.o
LOAD hpl/qspi/hpl_qspi.o
LOAD hpl/ramecc/hpl_ramecc.o
LOAD hpl/rtc/hpl_rtc.o
LOAD hpl/sercom/hpl_sercom.o
LOAD hpl/systick/hpl_systick.o
LOAD hpl/tc/hpl_tc.o
LOAD hpl/usb/hpl_usb.o
LOAD hpl/wdt/hpl_wdt.o
LOAD main.o
LOAD stdio_redirect/gcc/read.o
LOAD stdio_redirect/gcc/write.o
LOAD stdio_redirect/stdio_io.o
LOAD stdio_start.o
LOAD usb/class/cdc/device/cdcdf_acm.o
LOAD usb/class/hid/device/hiddf_generic.o
LOAD usb/class/hid/device/hiddf_keyboard.o
LOAD usb/class/hid/device/hiddf_mouse.o
LOAD usb/class/midi/device/audiodf_midi.o
LOAD usb/class/midi/usb_protocol_midi.o
LOAD usb/class/msc/device/mscdf.o
LOAD usb/device/usbdc.o
LOAD usb/usb_protocol.o
LOAD usb_start.o
START GROUP
LOAD c:/program files (x86)/atmel/studio/7.0/toolchain/arm/arm-gnu-toolchain/bin/../lib/gcc/arm-none-eabi/6.3.1/../../../../arm-none-eabi/lib/thumb/v7e-m\libm.a
END GROUP
START GROUP
LOAD c:/program files (x86)/atmel/studio/7.0/toolchain/arm/arm-gnu-toolchain/bin/../lib/gcc/arm-none-eabi/6.3.1/thumb/v7e-m\libgcc.a
LOAD c:/program files (x86)/atmel/studio/7.0/toolchain/arm/arm-gnu-toolchain/bin/../lib/gcc/arm-none-eabi/6.3.1/../../../../arm-none-eabi/lib/thumb/v7e-m\libc_nano.a
END GROUP
START GROUP
LOAD c:/program files (x86)/atmel/studio/7.0/toolchain/arm/arm-gnu-toolchain/bin/../lib/gcc/arm-none-eabi/6.3.1/thumb/v7e-m\libgcc.a
LOAD c:/program files (x86)/atmel/studio/7.0/toolchain/arm/arm-gnu-toolchain/bin/../lib/gcc/arm-none-eabi/6.3.1/../../../../arm-none-eabi/lib/thumb/v7e-m\libc_nano.a
END GROUP
LOAD c:/program files (x86)/atmel/studio/7.0/toolchain/arm/arm-gnu-toolchain/bin/../lib/gcc/arm-none-eabi/6.3.1/thumb/v7e-m/crtend.o
LOAD c:/program files (x86)/atmel/studio/7.0/toolchain/arm/arm-gnu-toolchain/bin/../lib/gcc/arm-none-eabi/6.3.1/thumb/v7e-m/crtn.o
                0x00010000                STACK_SIZE = DEFINED (STACK_SIZE)?STACK_SIZE:DEFINED (__stack_size__)?__stack_size__:0x10000

.text           0x00004000     0xc838
                0x00004000                . = ALIGN (0x4)
                0x00004000                _sfixed = .
 *(.vectors .vectors.*)
 .vectors       0x00004000      0x264 Device_Startup/startup_samd51.o
                0x00004000                exception_table
 *(.text .text.* .gnu.linkonce.t.*)
 .text          0x00004264       0x6c c:/program files (x86)/atmel/studio/7.0/toolchain/arm/arm-gnu-toolchain/bin/../lib/gcc/arm-none-eabi/6.3.1/thumb/v7e-m/crtbegin.o
 .text.atmel_start_init
                0x000042d0       0x20 atmel_start.o
                0x000042d0                atmel_start_init
 .text.Dummy_Handler
                0x000042f0        0x2 Device_Startup/startup_samd51.o
                0x000042f0                EIC_5_Handler
                0x000042f0                SVCall_Handler
                0x000042f0                EIC_13_Handler
                0x000042f0                EVSYS_0_Handler
                0x000042f0                TCC1_3_Handler
                0x000042f0                DAC_3_Handler
                0x000042f0                TRNG_Handler
                0x000042f0                HardFault_Handler
                0x000042f0                PDEC_2_Handler
                0x000042f0                EIC_4_Handler
                0x000042f0                AC_Handler
                0x000042f0                SysTick_Handler
                0x000042f0                TCC2_3_Handler
                0x000042f0                PendSV_Handler
                0x000042f0                TC7_Handler
                0x000042f0                EVSYS_3_Handler
                0x000042f0                PDEC_0_Handler
                0x000042f0                QSPI_Handler
                0x000042f0                NonMaskableInt_Handler
                0x000042f0                TCC0_0_Handler
                0x000042f0                EIC_3_Handler
                0x000042f0                MemManagement_Handler
                0x000042f0                DAC_2_Handler
                0x000042f0                UsageFault_Handler
                0x000042f0                EIC_10_Handler
                0x000042f0                EIC_11_Handler
                0x000042f0                EIC_9_Handler
                0x000042f0                OSC32KCTRL_Handler
                0x000042f0                TCC2_1_Handler
                0x000042f0                SUPC_1_Handler
                0x000042f0                TCC0_5_Handler
                0x000042f0                TCC0_6_Handler
                0x000042f0                EVSYS_1_Handler
                0x000042f0                TCC1_4_Handler
                0x000042f0                TC6_Handler
                0x000042f0                WDT_Handler
                0x000042f0                EIC_8_Handler
                0x000042f0                EIC_15_Handler
                0x000042f0                TC4_Handler
                0x000042f0                OSCCTRL_4_Handler
                0x000042f0                EIC_12_Handler
                0x000042f0                TCC4_2_Handler
                0x000042f0                PAC_Handler
                0x000042f0                TCC1_0_Handler
                0x000042f0                OSCCTRL_0_Handler
                0x000042f0                EIC_0_Handler
                0x000042f0                OSCCTRL_3_Handler
                0x000042f0                Dummy_Handler
                0x000042f0                TCC3_0_Handler
                0x000042f0                TCC2_2_Handler
                0x000042f0                TCC1_1_Handler
                0x000042f0                OSCCTRL_2_Handler
                0x000042f0                TCC1_2_Handler
                0x000042f0                SERCOM7_1_Handler
                0x000042f0                PM_Handler
                0x000042f0                SERCOM2_3_Handler
                0x000042f0                DAC_4_Handler
                0x000042f0                TCC3_2_Handler
                0x000042f0                SERCOM7_0_Handler
                0x000042f0                TCC0_2_Handler
                0x000042f0                TCC4_0_Handler
                0x000042f0                SERCOM7_3_Handler
                0x000042f0                SDHC1_Handler
                0x000042f0                SERCOM7_2_Handler
                0x000042f0                TCC2_0_Handler
                0x000042f0                PDEC_1_Handler
                0x000042f0                TCC4_1_Handler
                0x000042f0                SDHC0_Handler
                0x000042f0                I2S_Handler
                0x000042f0                EIC_2_Handler
                0x000042f0                PCC_Handler
                0x000042f0                DAC_0_Handler
                0x000042f0                TCC0_1_Handler
                0x000042f0                EIC_6_Handler
                0x000042f0                OSCCTRL_1_Handler
                0x000042f0                PUKCC_Handler
                0x000042f0                SERCOM2_1_Handler
                0x000042f0                EIC_1_Handler
                0x000042f0                EVSYS_4_Handler
                0x000042f0                EIC_7_Handler
                0x000042f0                SERCOM2_2_Handler
                0x000042f0                TCC3_1_Handler
                0x000042f0                EIC_14_Handler
                0x000042f0                DAC_1_Handler
                0x000042f0                MCLK_Handler
                0x000042f0                EVSYS_2_Handler
                0x000042f0                SUPC_0_Handler
                0x000042f0                BusFault_Handler
                0x000042f0                FREQM_Handler
                0x000042f0                TCC0_3_Handler
                0x000042f0                DebugMonitor_Handler
                0x000042f0                TCC0_4_Handler
                0x000042f0                TC5_Handler
                0x000042f0                SERCOM2_0_Handler
                0x000042f0                AES_Handler
                0x000042f0                ICM_Handler
 *fill*         0x000042f2        0x2 
 .text.Reset_Handler
                0x000042f4       0x78 Device_Startup/startup_samd51.o
                0x000042f4                Reset_Handler
 .text._gpio_set_pin_function
                0x0000436c       0x68 driver_init.o
 .text.gpio_set_pin_direction
                0x000043d4       0x68 driver_init.o
 .text.ADC_0_init
                0x0000443c       0x80 driver_init.o
                0x0000443c                ADC_0_init
 .text.ADC_1_init
                0x000044bc       0x84 driver_init.o
                0x000044bc                ADC_1_init
 .text.CRC_0_init
                0x00004540       0x24 driver_init.o
                0x00004540                CRC_0_init
 .text.EVENT_SYSTEM_0_init
                0x00004564       0x30 driver_init.o
                0x00004564                EVENT_SYSTEM_0_init
 .text.FLASH_0_CLOCK_init
                0x00004594       0x10 driver_init.o
                0x00004594                FLASH_0_CLOCK_init
 .text.FLASH_0_init
                0x000045a4       0x24 driver_init.o
                0x000045a4                FLASH_0_init
 .text.QSPI_INSTANCE_PORT_init
                0x000045c8       0xdc driver_init.o
                0x000045c8                QSPI_INSTANCE_PORT_init
 .text.QSPI_INSTANCE_CLOCK_init
                0x000046a4       0x20 driver_init.o
                0x000046a4                QSPI_INSTANCE_CLOCK_init
 .text.QSPI_INSTANCE_init
                0x000046c4       0x2c driver_init.o
                0x000046c4                QSPI_INSTANCE_init
 .text.USART_EAST_CLOCK_init
                0x000046f0       0x24 driver_init.o
                0x000046f0                USART_EAST_CLOCK_init
 .text.USART_EAST_PORT_init
                0x00004714       0x24 driver_init.o
                0x00004714                USART_EAST_PORT_init
 .text.USART_EAST_init
                0x00004738       0x38 driver_init.o
                0x00004738                USART_EAST_init
 .text.USART_NORTH_CLOCK_init
                0x00004770       0x24 driver_init.o
                0x00004770                USART_NORTH_CLOCK_init
 .text.USART_NORTH_PORT_init
                0x00004794       0x24 driver_init.o
                0x00004794                USART_NORTH_PORT_init
 .text.USART_NORTH_init
                0x000047b8       0x38 driver_init.o
                0x000047b8                USART_NORTH_init
 .text.GRID_AUX_PORT_init
                0x000047f0       0x24 driver_init.o
                0x000047f0                GRID_AUX_PORT_init
 .text.GRID_AUX_CLOCK_init
                0x00004814       0x24 driver_init.o
                0x00004814                GRID_AUX_CLOCK_init
 .text.GRID_AUX_init
                0x00004838       0x2c driver_init.o
                0x00004838                GRID_AUX_init
 .text.UI_SPI_PORT_init
                0x00004864       0x68 driver_init.o
                0x00004864                UI_SPI_PORT_init
 .text.UI_SPI_CLOCK_init
                0x000048cc       0x24 driver_init.o
                0x000048cc                UI_SPI_CLOCK_init
 .text.UI_SPI_init
                0x000048f0       0x2c driver_init.o
                0x000048f0                UI_SPI_init
 .text.USART_WEST_CLOCK_init
                0x0000491c       0x24 driver_init.o
                0x0000491c                USART_WEST_CLOCK_init
 .text.USART_WEST_PORT_init
                0x00004940       0x24 driver_init.o
                0x00004940                USART_WEST_PORT_init
 .text.USART_WEST_init
                0x00004964       0x38 driver_init.o
                0x00004964                USART_WEST_init
 .text.SYS_I2C_PORT_init
                0x0000499c       0x40 driver_init.o
                0x0000499c                SYS_I2C_PORT_init
 .text.SYS_I2C_CLOCK_init
                0x000049dc       0x24 driver_init.o
                0x000049dc                SYS_I2C_CLOCK_init
 .text.SYS_I2C_init
                0x00004a00       0x2c driver_init.o
                0x00004a00                SYS_I2C_init
 .text.USART_SOUTH_CLOCK_init
                0x00004a2c       0x24 driver_init.o
                0x00004a2c                USART_SOUTH_CLOCK_init
 .text.USART_SOUTH_PORT_init
                0x00004a50       0x24 driver_init.o
                0x00004a50                USART_SOUTH_PORT_init
 .text.USART_SOUTH_init
                0x00004a74       0x38 driver_init.o
                0x00004a74                USART_SOUTH_init
 .text.GRID_LED_PORT_init
                0x00004aac       0x68 driver_init.o
                0x00004aac                GRID_LED_PORT_init
 .text.GRID_LED_CLOCK_init
                0x00004b14       0x24 driver_init.o
                0x00004b14                GRID_LED_CLOCK_init
 .text.GRID_LED_init
                0x00004b38       0x2c driver_init.o
                0x00004b38                GRID_LED_init
 .text.delay_driver_init
                0x00004b64       0x10 driver_init.o
                0x00004b64                delay_driver_init
 .text.USB_DEVICE_INSTANCE_PORT_init
                0x00004b74       0x60 driver_init.o
                0x00004b74                USB_DEVICE_INSTANCE_PORT_init
 .text.USB_DEVICE_INSTANCE_CLOCK_init
                0x00004bd4       0x24 driver_init.o
                0x00004bd4                USB_DEVICE_INSTANCE_CLOCK_init
 .text.USB_DEVICE_INSTANCE_init
                0x00004bf8       0x20 driver_init.o
                0x00004bf8                USB_DEVICE_INSTANCE_init
 .text.WDT_0_CLOCK_init
                0x00004c18       0x10 driver_init.o
                0x00004c18                WDT_0_CLOCK_init
 .text.WDT_0_init
                0x00004c28       0x24 driver_init.o
                0x00004c28                WDT_0_init
 .text.system_init
                0x00004c4c      0x2a8 driver_init.o
                0x00004c4c                system_init
 .text.grid_d51_bitmap_write_bit
                0x00004ef4       0x3a grid/grid_d51.o
                0x00004ef4                grid_d51_bitmap_write_bit
 *fill*         0x00004f2e        0x2 
 .text.grid_d51_verify_user_row
                0x00004f30      0x198 grid/grid_d51.o
                0x00004f30                grid_d51_verify_user_row
 .text.grid_d51_init
                0x000050c8       0x4c grid/grid_d51.o
                0x000050c8                grid_d51_init
 .text.grid_ain_channel_init
                0x00005114       0x34 grid/grid_ain.o
                0x00005114                grid_ain_channel_init
 .text.grid_ain_init
                0x00005148       0x44 grid/grid_ain.o
                0x00005148                grid_ain_init
 .text.grid_ain_add_sample
                0x0000518c       0xd0 grid/grid_ain.o
                0x0000518c                grid_ain_add_sample
 .text.grid_ain_get_changed
                0x0000525c       0x10 grid/grid_ain.o
                0x0000525c                grid_ain_get_changed
 .text.grid_ain_get_average
                0x0000526c       0x28 grid/grid_ain.o
                0x0000526c                grid_ain_get_average
 .text.grid_port_reset_receiver
                0x00005294       0x90 grid/grid_buf.o
                0x00005294                grid_port_reset_receiver
 .text.grid_port_receive_task
                0x00005324      0x118 grid/grid_buf.o
                0x00005324                grid_port_receive_task
 .text.grid_buffer_init
                0x0000543c       0x44 grid/grid_buf.o
                0x0000543c                grid_buffer_init
 .text.grid_buffer_write_size
                0x00005480       0x14 grid/grid_buf.o
                0x00005480                grid_buffer_write_size
 .text.grid_buffer_write_init
                0x00005494       0x2c grid/grid_buf.o
                0x00005494                grid_buffer_write_init
 .text.grid_buffer_write_character
                0x000054c0       0x1c grid/grid_buf.o
                0x000054c0                grid_buffer_write_character
 .text.grid_buffer_write_acknowledge
                0x000054dc       0x10 grid/grid_buf.o
                0x000054dc                grid_buffer_write_acknowledge
 .text.grid_port_receive_decode
                0x000054ec      0x524 grid/grid_buf.o
                0x000054ec                grid_port_receive_decode
 .text.grid_port_receive_complete_task
                0x00005a10       0x74 grid/grid_buf.o
                0x00005a10                grid_port_receive_complete_task
 .text.grid_buffer_read_size
                0x00005a84       0x4c grid/grid_buf.o
                0x00005a84                grid_buffer_read_size
 .text.grid_buffer_read_init
                0x00005ad0       0x5c grid/grid_buf.o
                0x00005ad0                grid_buffer_read_init
 .text.grid_buffer_read_character
                0x00005b2c       0x24 grid/grid_buf.o
                0x00005b2c                grid_buffer_read_character
 .text.grid_buffer_read_acknowledge
                0x00005b50       0x10 grid/grid_buf.o
                0x00005b50                grid_buffer_read_acknowledge
 .text.grid_port_init
                0x00005b60      0x158 grid/grid_buf.o
                0x00005b60                grid_port_init
 .text.grid_port_init_all
                0x00005cb8       0xd4 grid/grid_buf.o
                0x00005cb8                grid_port_init_all
 .text.grid_port_process_inbound
                0x00005d8c      0x1ac grid/grid_buf.o
                0x00005d8c                grid_port_process_inbound
 .text.grid_port_process_outbound_usb
                0x00005f38      0x190 grid/grid_buf.o
                0x00005f38                grid_port_process_outbound_usb
 .text.grid_port_process_outbound_ui
                0x000060c8      0x358 grid/grid_buf.o
                0x000060c8                grid_port_process_outbound_ui
 .text.grid_port_process_outbound_usart
                0x00006420       0x6c grid/grid_buf.o
                0x00006420                grid_port_process_outbound_usart
 .text.grid_led_lowlevel_hardware_transfer_complete_cb
                0x0000648c        0xc grid/grid_led.o
 .text.grid_led_lowlevel_set_color
                0x00006498       0x4c grid/grid_led.o
                0x00006498                grid_led_lowlevel_set_color
 .text.grid_led_hardware_init
                0x000064e4       0x2c grid/grid_led.o
                0x000064e4                grid_led_hardware_init
 .text.grid_led_get_led_number
                0x00006510        0x4 grid/grid_led.o
                0x00006510                grid_led_get_led_number
 .text.grid_led_tick
                0x00006514       0x34 grid/grid_led.o
                0x00006514                grid_led_tick
 .text.grid_led_set_min
                0x00006548       0x20 grid/grid_led.o
                0x00006548                grid_led_set_min
 .text.grid_led_set_mid
                0x00006568       0x20 grid/grid_led.o
                0x00006568                grid_led_set_mid
 .text.grid_led_set_max
                0x00006588       0x20 grid/grid_led.o
                0x00006588                grid_led_set_max
 .text.grid_led_set_color
                0x000065a8       0x6c grid/grid_led.o
                0x000065a8                grid_led_set_color
 .text.grid_led_set_phase
                0x00006614       0x14 grid/grid_led.o
                0x00006614                grid_led_set_phase
 .text.grid_led_set_frequency
                0x00006628       0x14 grid/grid_led.o
                0x00006628                grid_led_set_frequency
 .text.grid_led_buffer_init
                0x0000663c      0x16c grid/grid_led.o
                0x0000663c                grid_led_buffer_init
 .text.grid_led_lowlevel_init
                0x000067a8       0xb0 grid/grid_led.o
                0x000067a8                grid_led_lowlevel_init
 .text.grid_led_lowlevel_render
                0x00006858       0xb0 grid/grid_led.o
                0x00006858                grid_led_lowlevel_render
 .text.grid_led_lowlevel_render_all
                0x00006908       0x20 grid/grid_led.o
                0x00006908                grid_led_lowlevel_render_all
 .text.grid_led_lowlevel_hardware_start_transfer
                0x00006928       0x30 grid/grid_led.o
                0x00006928                grid_led_lowlevel_hardware_start_transfer
 .text.grid_module_common_init
                0x00006958      0x228 grid/grid_module.o
                0x00006958                grid_module_common_init
 .text.grid_module_bu16_revb_hardware_start_transfer
                0x00006b80       0x20 grid/grid_module_bu16_revb.o
                0x00006b80                grid_module_bu16_revb_hardware_start_transfer
 .text.grid_module_bu16_revb_hardware_transfer_complete_cb
                0x00006ba0      0x1cc grid/grid_module_bu16_revb.o
 .text.grid_module_bu16_revb_hardware_init
                0x00006d6c       0x48 grid/grid_module_bu16_revb.o
                0x00006d6c                grid_module_bu16_revb_hardware_init
 .text.grid_module_bu16_revb_init
                0x00006db4       0xb0 grid/grid_module_bu16_revb.o
                0x00006db4                grid_module_bu16_revb_init
 .text.grid_module_en16_reva_hardware_start_transfer
                0x00006e64       0x3c grid/grid_module_en16_reva.o
                0x00006e64                grid_module_en16_reva_hardware_start_transfer
 .text.grid_module_en16_reva_hardware_transfer_complete_cb
                0x00006ea0      0x378 grid/grid_module_en16_reva.o
                0x00006ea0                grid_module_en16_reva_hardware_transfer_complete_cb
 .text.grid_module_en16_reva_hardware_init
                0x00007218       0x68 grid/grid_module_en16_reva.o
                0x00007218                grid_module_en16_reva_hardware_init
 .text.grid_module_en16_reva_init
                0x00007280      0x104 grid/grid_module_en16_reva.o
                0x00007280                grid_module_en16_reva_init
 .text.grid_module_pbf4_reva_hardware_start_transfer
                0x00007384       0x20 grid/grid_module_pbf4_reva.o
                0x00007384                grid_module_pbf4_reva_hardware_start_transfer
 *fill*         0x000073a4        0x4 
 .text.grid_module_pbf4_reva_hardware_transfer_complete_cb
                0x000073a8      0x324 grid/grid_module_pbf4_reva.o
                0x000073a8                grid_module_pbf4_reva_hardware_transfer_complete_cb
 .text.grid_module_pbf4_reva_hardware_init
                0x000076cc       0x48 grid/grid_module_pbf4_reva.o
                0x000076cc                grid_module_pbf4_reva_hardware_init
 .text.grid_module_pbf4_reva_init
                0x00007714      0x100 grid/grid_module_pbf4_reva.o
                0x00007714                grid_module_pbf4_reva_init
 .text.grid_module_po16_revb_hardware_start_transfer
                0x00007814       0x20 grid/grid_module_po16_revb.o
                0x00007814                grid_module_po16_revb_hardware_start_transfer
 *fill*         0x00007834        0x4 
 .text.grid_module_po16_revb_hardware_transfer_complete_cb
                0x00007838      0x20c grid/grid_module_po16_revb.o
 .text.grid_module_po16_revb_hardware_init
                0x00007a44       0x48 grid/grid_module_po16_revb.o
                0x00007a44                grid_module_po16_revb_hardware_init
 .text.grid_module_po16_revb_init
                0x00007a8c       0xa4 grid/grid_module_po16_revb.o
                0x00007a8c                grid_module_po16_revb_init
 .text.gpio_set_pin_pull_mode.constprop.3
                0x00007b30       0x28 grid/grid_sys.o
 .text.grid_task_enter_task
                0x00007b58        0x8 grid/grid_sys.o
                0x00007b58                grid_task_enter_task
 .text.grid_task_timer_tick
                0x00007b60        0xe grid/grid_sys.o
                0x00007b60                grid_task_timer_tick
 .text.grid_task_timer_reset
                0x00007b6e       0x10 grid/grid_sys.o
                0x00007b6e                grid_task_timer_reset
 .text.grid_task_timer_read
                0x00007b7e        0x8 grid/grid_sys.o
                0x00007b7e                grid_task_timer_read
 .text.tx_cb_USART_GRID
                0x00007b86       0x1a grid/grid_sys.o
                0x00007b86                tx_cb_USART_GRID
 .text.tx_cb_USART_GRID_W
                0x00007ba0       0x10 grid/grid_sys.o
 .text.tx_cb_USART_GRID_S
                0x00007bb0       0x10 grid/grid_sys.o
 .text.tx_cb_USART_GRID_E
                0x00007bc0       0x10 grid/grid_sys.o
 .text.tx_cb_USART_GRID_N
                0x00007bd0       0x10 grid/grid_sys.o
 .text.err_cb_USART_GRID
                0x00007be0       0x10 grid/grid_sys.o
                0x00007be0                err_cb_USART_GRID
 .text.err_cb_USART_GRID_W
                0x00007bf0       0x10 grid/grid_sys.o
 .text.err_cb_USART_GRID_S
                0x00007c00       0x10 grid/grid_sys.o
 .text.err_cb_USART_GRID_E
                0x00007c10       0x10 grid/grid_sys.o
 .text.err_cb_USART_GRID_N
                0x00007c20       0x10 grid/grid_sys.o
 .text.grid_sys_port_reset_dma
                0x00007c30       0x20 grid/grid_sys.o
                0x00007c30                grid_sys_port_reset_dma
 .text.dma_transfer_complete_n_cb
                0x00007c50       0x10 grid/grid_sys.o
                0x00007c50                dma_transfer_complete_n_cb
 .text.dma_transfer_complete_e_cb
                0x00007c60       0x10 grid/grid_sys.o
                0x00007c60                dma_transfer_complete_e_cb
 .text.dma_transfer_complete_s_cb
                0x00007c70       0x10 grid/grid_sys.o
                0x00007c70                dma_transfer_complete_s_cb
 .text.dma_transfer_complete_w_cb
                0x00007c80       0x10 grid/grid_sys.o
                0x00007c80                dma_transfer_complete_w_cb
 .text.grid_sys_uart_init
                0x00007c90      0x104 grid/grid_sys.o
                0x00007c90                grid_sys_uart_init
 .text.grid_sys_dma_rx_init_one
                0x00007d94       0x64 grid/grid_sys.o
                0x00007d94                grid_sys_dma_rx_init_one
 .text.grid_sys_dma_rx_init
                0x00007df8       0x6c grid/grid_sys.o
                0x00007df8                grid_sys_dma_rx_init
 .text.grid_sys_bank_enable
                0x00007e64       0x10 grid/grid_sys.o
                0x00007e64                grid_sys_bank_enable
 .text.grid_sys_bank_disable
                0x00007e74       0x12 grid/grid_sys.o
                0x00007e74                grid_sys_bank_disable
 .text.grid_sys_bank_set_color
                0x00007e86       0x16 grid/grid_sys.o
                0x00007e86                grid_sys_bank_set_color
 .text.grid_sys_get_bank_num
                0x00007e9c        0x4 grid/grid_sys.o
                0x00007e9c                grid_sys_get_bank_num
 .text.grid_sys_get_bank_red
                0x00007ea0        0x4 grid/grid_sys.o
                0x00007ea0                grid_sys_get_bank_red
 .text.grid_sys_get_bank_gre
                0x00007ea4        0x4 grid/grid_sys.o
                0x00007ea4                grid_sys_get_bank_gre
 .text.grid_sys_get_bank_blu
                0x00007ea8        0x4 grid/grid_sys.o
                0x00007ea8                grid_sys_get_bank_blu
 .text.grid_sys_get_bank_next
                0x00007eac       0x24 grid/grid_sys.o
                0x00007eac                grid_sys_get_bank_next
 .text.grid_sys_rtc_get_time
                0x00007ed0        0x4 grid/grid_sys.o
                0x00007ed0                grid_sys_rtc_get_time
 .text.grid_sys_rtc_get_elapsed_time
                0x00007ed4        0x6 grid/grid_sys.o
                0x00007ed4                grid_sys_rtc_get_elapsed_time
 .text.grid_sys_rtc_tick_time
                0x00007eda        0x8 grid/grid_sys.o
                0x00007eda                grid_sys_rtc_tick_time
 .text.grid_sys_alert_read_color_changed_flag
                0x00007ee2        0x4 grid/grid_sys.o
                0x00007ee2                grid_sys_alert_read_color_changed_flag
 .text.grid_sys_alert_clear_color_changed_flag
                0x00007ee6        0x6 grid/grid_sys.o
                0x00007ee6                grid_sys_alert_clear_color_changed_flag
 .text.grid_sys_alert_get_color_intensity
                0x00007eec       0x42 grid/grid_sys.o
                0x00007eec                grid_sys_alert_get_color_intensity
 .text.grid_sys_alert_set_alert
                0x00007f2e       0x1a grid/grid_sys.o
                0x00007f2e                grid_sys_alert_set_alert
 .text.grid_sys_alert_get_color_r
                0x00007f48        0x4 grid/grid_sys.o
                0x00007f48                grid_sys_alert_get_color_r
 .text.grid_sys_alert_get_color_g
                0x00007f4c        0x4 grid/grid_sys.o
                0x00007f4c                grid_sys_alert_get_color_g
 .text.grid_sys_alert_get_color_b
                0x00007f50        0x4 grid/grid_sys.o
                0x00007f50                grid_sys_alert_get_color_b
 .text.grid_sys_read_hex_char_value
                0x00007f54       0x28 grid/grid_sys.o
                0x00007f54                grid_sys_read_hex_char_value
 .text.grid_sys_read_hex_string_value
                0x00007f7c       0x30 grid/grid_sys.o
                0x00007f7c                grid_sys_read_hex_string_value
 .text.grid_sys_write_hex_string_value
                0x00007fac       0x34 grid/grid_sys.o
                0x00007fac                grid_sys_write_hex_string_value
 .text.grid_sys_get_hwcfg
                0x00007fe0       0xe4 grid/grid_sys.o
                0x00007fe0                grid_sys_get_hwcfg
 .text.grid_sys_set_bank
                0x000080c4       0xcc grid/grid_sys.o
                0x000080c4                grid_sys_set_bank
 .text.grid_sys_init
                0x00008190       0x60 grid/grid_sys.o
                0x00008190                grid_sys_init
 .text.grid_msg_checksum_calculate
                0x000081f0       0x1a grid/grid_sys.o
                0x000081f0                grid_msg_checksum_calculate
 *fill*         0x0000820a        0x2 
 .text.grid_msg_checksum_read
                0x0000820c       0x1c grid/grid_sys.o
                0x0000820c                grid_msg_checksum_read
 .text.grid_msg_checksum_write
                0x00008228       0x10 grid/grid_sys.o
                0x00008228                grid_msg_checksum_write
 .text.grid_msg_get_parameter
                0x00008238       0x18 grid/grid_sys.o
                0x00008238                grid_msg_get_parameter
 .text.grid_msg_set_parameter
                0x00008250       0x14 grid/grid_sys.o
                0x00008250                grid_msg_set_parameter
 .text.grid_msg_find_recent
                0x00008264       0x1a grid/grid_sys.o
                0x00008264                grid_msg_find_recent
 .text.grid_msg_push_recent
                0x0000827e       0x16 grid/grid_sys.o
                0x0000827e                grid_msg_push_recent
 .text.grid_ui_model_init
                0x00008294       0x34 grid/grid_ui.o
                0x00008294                grid_ui_model_init
 .text.grid_ui_event_init
                0x000082c8       0x44 grid/grid_ui.o
                0x000082c8                grid_ui_event_init
 .text.grid_ui_element_init
                0x0000830c       0xd8 grid/grid_ui.o
                0x0000830c                grid_ui_element_init
 .text.grid_ui_event_register_action
                0x000083e4       0xd6 grid/grid_ui.o
                0x000083e4                grid_ui_event_register_action
 .text.grid_ui_event_find
                0x000084ba       0x26 grid/grid_ui.o
                0x000084ba                grid_ui_event_find
 .text.grid_ui_event_trigger
                0x000084e0        0xa grid/grid_ui.o
                0x000084e0                grid_ui_event_trigger
 .text.grid_ui_event_render_action
                0x000084ea       0x1c grid/grid_ui.o
                0x000084ea                grid_ui_event_render_action
 *fill*         0x00008506        0x2 
 .text.grid_port_process_ui
                0x00008508      0x3b4 grid/grid_ui.o
                0x00008508                grid_port_process_ui
 .text.grid_ui_event_template_action
                0x000088bc       0xdc grid/grid_ui.o
                0x000088bc                grid_ui_event_template_action
 .text.grid_usb_serial_bulkin_cb
                0x00008998        0x4 grid/grid_usb.o
 .text.grid_usb_serial_statechange_cb
                0x0000899c       0x28 grid/grid_usb.o
 .text.grid_usb_midi_bulkin_cb
                0x000089c4       0x28 grid/grid_usb.o
 .text.grid_usb_midi_bulkout_cb
                0x000089ec       0x28 grid/grid_usb.o
 .text.grid_usb_serial_bulkout_cb
                0x00008a14        0x4 grid/grid_usb.o
 .text.grid_usb_serial_init
                0x00008a18       0x10 grid/grid_usb.o
                0x00008a18                grid_usb_serial_init
 .text.grid_usb_midi_init
                0x00008a28       0x24 grid/grid_usb.o
                0x00008a28                grid_usb_midi_init
 .text.adc_async_window_threshold_reached
                0x00008a4c        0x8 hal/src/hal_adc_async.o
 .text.adc_async_error_occured
                0x00008a54        0x8 hal/src/hal_adc_async.o
 .text.adc_async_channel_conversion_done
                0x00008a5c       0x68 hal/src/hal_adc_async.o
 .text.adc_async_init
                0x00008ac4       0x4c hal/src/hal_adc_async.o
                0x00008ac4                adc_async_init
 .text.adc_async_register_channel_buffer
                0x00008b10       0x6c hal/src/hal_adc_async.o
                0x00008b10                adc_async_register_channel_buffer
 .text.adc_async_enable_channel
                0x00008b7c       0x10 hal/src/hal_adc_async.o
                0x00008b7c                adc_async_enable_channel
 .text.adc_async_register_callback
                0x00008b8c       0x3c hal/src/hal_adc_async.o
                0x00008b8c                adc_async_register_callback
 .text.adc_async_read_channel
                0x00008bc8       0x74 hal/src/hal_adc_async.o
                0x00008bc8                adc_async_read_channel
 .text.adc_async_start_conversion
                0x00008c3c       0x10 hal/src/hal_adc_async.o
                0x00008c3c                adc_async_start_conversion
 .text.atomic_enter_critical
                0x00008c4c        0xe hal/src/hal_atomic.o
                0x00008c4c                atomic_enter_critical
 .text.atomic_leave_critical
                0x00008c5a        0xc hal/src/hal_atomic.o
                0x00008c5a                atomic_leave_critical
 *fill*         0x00008c66        0x2 
 .text.crc_sync_init
                0x00008c68        0x8 hal/src/hal_crc_sync.o
                0x00008c68                crc_sync_init
 .text.delay_init
                0x00008c70       0x10 hal/src/hal_delay.o
                0x00008c70                delay_init
 .text.delay_us
                0x00008c80       0x24 hal/src/hal_delay.o
                0x00008c80                delay_us
 .text.delay_ms
                0x00008ca4       0x24 hal/src/hal_delay.o
                0x00008ca4                delay_ms
 .text.event_system_init
                0x00008cc8        0x8 hal/src/hal_evsys.o
                0x00008cc8                event_system_init
 .text.flash_ready
                0x00008cd0        0x8 hal/src/hal_flash.o
 .text.flash_error
                0x00008cd8        0x8 hal/src/hal_flash.o
 .text.flash_init
                0x00008ce0       0x20 hal/src/hal_flash.o
                0x00008ce0                flash_init
 .text.i2c_m_async_write
                0x00008d00       0x2c hal/src/hal_i2c_m_async.o
 .text.i2c_m_async_read
                0x00008d2c       0x2c hal/src/hal_i2c_m_async.o
 .text.i2c_tx_complete
                0x00008d58        0xe hal/src/hal_i2c_m_async.o
 .text.i2c_rx_complete
                0x00008d66        0xe hal/src/hal_i2c_m_async.o
 .text.i2c_error
                0x00008d74        0xe hal/src/hal_i2c_m_async.o
 *fill*         0x00008d82        0x2 
 .text.i2c_m_async_init
                0x00008d84       0x50 hal/src/hal_i2c_m_async.o
                0x00008d84                i2c_m_async_init
 .text.io_write
                0x00008dd4        0x4 hal/src/hal_io.o
                0x00008dd4                io_write
 .text.io_read  0x00008dd8        0x4 hal/src/hal_io.o
                0x00008dd8                io_read
 .text.qspi_dma_init
                0x00008ddc        0x8 hal/src/hal_qspi_dma.o
                0x00008ddc                qspi_dma_init
 .text._spi_m_async_io_write
                0x00008de4       0x20 hal/src/hal_spi_m_async.o
 .text._spi_m_async_io_read
                0x00008e04       0x34 hal/src/hal_spi_m_async.o
 .text._spi_dev_error
                0x00008e38       0x40 hal/src/hal_spi_m_async.o
 .text._spi_dev_complete
                0x00008e78       0x2c hal/src/hal_spi_m_async.o
 .text._spi_dev_rx
                0x00008ea4       0x7c hal/src/hal_spi_m_async.o
 .text._spi_dev_tx
                0x00008f20       0x48 hal/src/hal_spi_m_async.o
 .text.spi_m_async_init
                0x00008f68       0x64 hal/src/hal_spi_m_async.o
                0x00008f68                spi_m_async_init
 .text.spi_m_async_enable
                0x00008fcc        0xc hal/src/hal_spi_m_async.o
                0x00008fcc                spi_m_async_enable
 .text.spi_m_async_set_baudrate
                0x00008fd8       0x18 hal/src/hal_spi_m_async.o
                0x00008fd8                spi_m_async_set_baudrate
 .text.spi_m_async_set_mode
                0x00008ff0       0x18 hal/src/hal_spi_m_async.o
                0x00008ff0                spi_m_async_set_mode
 .text.spi_m_async_transfer
                0x00009008       0x48 hal/src/hal_spi_m_async.o
                0x00009008                spi_m_async_transfer
 .text.spi_m_async_register_callback
                0x00009050       0x1c hal/src/hal_spi_m_async.o
                0x00009050                spi_m_async_register_callback
 .text.spi_m_async_get_io_descriptor
                0x0000906c        0x8 hal/src/hal_spi_m_async.o
                0x0000906c                spi_m_async_get_io_descriptor
 .text._spi_m_dma_io_write
                0x00009074       0x18 hal/src/hal_spi_m_dma.o
 .text._spi_m_dma_io_read
                0x0000908c       0x18 hal/src/hal_spi_m_dma.o
 .text.spi_m_dma_init
                0x000090a4       0x24 hal/src/hal_spi_m_dma.o
                0x000090a4                spi_m_dma_init
 .text.spi_m_dma_enable
                0x000090c8        0xc hal/src/hal_spi_m_dma.o
                0x000090c8                spi_m_dma_enable
 .text.spi_m_dma_register_callback
                0x000090d4        0xc hal/src/hal_spi_m_dma.o
                0x000090d4                spi_m_dma_register_callback
 .text.spi_m_dma_get_io_descriptor
                0x000090e0        0x8 hal/src/hal_spi_m_dma.o
                0x000090e0                spi_m_dma_get_io_descriptor
 .text.timer_add_timer_task
                0x000090e8       0x4c hal/src/hal_timer.o
 .text.timer_process_counted
                0x00009134       0x6c hal/src/hal_timer.o
 .text.timer_init
                0x000091a0       0x1c hal/src/hal_timer.o
                0x000091a0                timer_init
 .text.timer_start
                0x000091bc       0x24 hal/src/hal_timer.o
                0x000091bc                timer_start
 .text.timer_add_task
                0x000091e0       0x78 hal/src/hal_timer.o
                0x000091e0                timer_add_task
 .text.usart_transmission_complete
                0x00009258       0x10 hal/src/hal_usart_async.o
 .text.usart_error
                0x00009268       0x10 hal/src/hal_usart_async.o
 .text.usart_fill_rx_buffer
                0x00009278       0x20 hal/src/hal_usart_async.o
 .text.usart_async_write
                0x00009298       0x34 hal/src/hal_usart_async.o
 .text.usart_process_byte_sent
                0x000092cc       0x34 hal/src/hal_usart_async.o
 .text.usart_async_read
                0x00009300       0x54 hal/src/hal_usart_async.o
 .text.usart_async_init
                0x00009354       0x60 hal/src/hal_usart_async.o
                0x00009354                usart_async_init
 .text.usart_async_enable
                0x000093b4       0x10 hal/src/hal_usart_async.o
                0x000093b4                usart_async_enable
 .text.usart_async_disable
                0x000093c4       0x10 hal/src/hal_usart_async.o
                0x000093c4                usart_async_disable
 .text.usart_async_get_io_descriptor
                0x000093d4        0x6 hal/src/hal_usart_async.o
                0x000093d4                usart_async_get_io_descriptor
 *fill*         0x000093da        0x2 
 .text.usart_async_register_callback
                0x000093dc       0x44 hal/src/hal_usart_async.o
                0x000093dc                usart_async_register_callback
 .text.usart_async_set_parity
                0x00009420       0x10 hal/src/hal_usart_async.o
                0x00009420                usart_async_set_parity
 .text.usart_sync_write
                0x00009430       0x50 hal/src/hal_usart_sync.o
 .text.usart_sync_read
                0x00009480       0x38 hal/src/hal_usart_sync.o
 .text.usart_sync_init
                0x000094b8       0x24 hal/src/hal_usart_sync.o
                0x000094b8                usart_sync_init
 .text.usart_sync_enable
                0x000094dc       0x10 hal/src/hal_usart_sync.o
                0x000094dc                usart_sync_enable
 .text._usb_d_find_ep
                0x000094ec       0x30 hal/src/hal_usb_device.o
 .text.usb_d_dummy_cb_false
                0x0000951c        0x4 hal/src/hal_usb_device.o
 .text.usb_d_cb_trans_more
                0x00009520       0x30 hal/src/hal_usb_device.o
 .text._usb_d_cb_trans_done
                0x00009550      0x108 hal/src/hal_usb_device.o
 .text.usb_d_cb_trans_setup
                0x00009658       0x8c hal/src/hal_usb_device.o
 .text.usb_d_init
                0x000096e4       0x68 hal/src/hal_usb_device.o
                0x000096e4                usb_d_init
 .text.usb_d_register_callback
                0x0000974c        0x8 hal/src/hal_usb_device.o
                0x0000974c                usb_d_register_callback
 .text.usb_d_enable
                0x00009754        0x8 hal/src/hal_usb_device.o
                0x00009754                usb_d_enable
 .text.usb_d_attach
                0x0000975c        0x8 hal/src/hal_usb_device.o
                0x0000975c                usb_d_attach
 .text.usb_d_get_frame_num
                0x00009764        0x8 hal/src/hal_usb_device.o
                0x00009764                usb_d_get_frame_num
 .text.usb_d_set_address
                0x0000976c        0x8 hal/src/hal_usb_device.o
                0x0000976c                usb_d_set_address
 .text.usb_d_ep_init
                0x00009774       0x50 hal/src/hal_usb_device.o
                0x00009774                usb_d_ep_init
 .text.usb_d_ep0_init
                0x000097c4       0x10 hal/src/hal_usb_device.o
                0x000097c4                usb_d_ep0_init
 .text.usb_d_ep_deinit
                0x000097d4       0x2c hal/src/hal_usb_device.o
                0x000097d4                usb_d_ep_deinit
 .text.usb_d_ep_enable
                0x00009800       0x40 hal/src/hal_usb_device.o
                0x00009800                usb_d_ep_enable
 .text.usb_d_ep_transfer
                0x00009840       0xf8 hal/src/hal_usb_device.o
                0x00009840                usb_d_ep_transfer
 .text.usb_d_ep_halt
                0x00009938       0x64 hal/src/hal_usb_device.o
                0x00009938                usb_d_ep_halt
 .text.usb_d_ep_register_callback
                0x0000999c       0x4c hal/src/hal_usb_device.o
                0x0000999c                usb_d_ep_register_callback
 .text.is_list_element
                0x000099e8        0xe hal/utils/src/utils_list.o
                0x000099e8                is_list_element
 .text.list_insert_as_head
                0x000099f6        0x8 hal/utils/src/utils_list.o
                0x000099f6                list_insert_as_head
 .text.list_insert_after
                0x000099fe        0x8 hal/utils/src/utils_list.o
                0x000099fe                list_insert_after
 .text.list_insert_at_end
                0x00009a06       0x18 hal/utils/src/utils_list.o
                0x00009a06                list_insert_at_end
 .text.list_remove_head
                0x00009a1e        0xc hal/utils/src/utils_list.o
                0x00009a1e                list_remove_head
 .text.ringbuffer_init
                0x00009a2a       0x18 hal/utils/src/utils_ringbuffer.o
                0x00009a2a                ringbuffer_init
 .text.ringbuffer_get
                0x00009a42       0x22 hal/utils/src/utils_ringbuffer.o
                0x00009a42                ringbuffer_get
 .text.ringbuffer_put
                0x00009a64       0x26 hal/utils/src/utils_ringbuffer.o
                0x00009a64                ringbuffer_put
 .text.ringbuffer_num
                0x00009a8a        0x8 hal/utils/src/utils_ringbuffer.o
                0x00009a8a                ringbuffer_num
 *fill*         0x00009a92        0x2 
 .text._sbrk    0x00009a94       0x1c hal/utils/src/utils_syscalls.o
                0x00009a94                _sbrk
 .text._close   0x00009ab0        0x6 hal/utils/src/utils_syscalls.o
                0x00009ab0                _close
 .text._fstat   0x00009ab6        0xa hal/utils/src/utils_syscalls.o
                0x00009ab6                _fstat
 .text._isatty  0x00009ac0        0x4 hal/utils/src/utils_syscalls.o
                0x00009ac0                _isatty
 .text._lseek   0x00009ac4        0x4 hal/utils/src/utils_syscalls.o
                0x00009ac4                _lseek
 .text.__NVIC_DisableIRQ
                0x00009ac8       0x28 hpl/adc/hpl_adc.o
 .text.__NVIC_ClearPendingIRQ
                0x00009af0       0x20 hpl/adc/hpl_adc.o
 .text.hri_adc_wait_for_sync
                0x00009b10        0x8 hpl/adc/hpl_adc.o
 .text.hri_adc_set_CTRLA_ENABLE_bit
                0x00009b18       0x14 hpl/adc/hpl_adc.o
 .text.hri_adc_clear_CTRLA_ENABLE_bit
                0x00009b2c       0x18 hpl/adc/hpl_adc.o
 .text._adc_get_regs
                0x00009b44       0x14 hpl/adc/hpl_adc.o
 .text._adc_interrupt_handler
                0x00009b58       0x4e hpl/adc/hpl_adc.o
 .text._adc_get_irq_num.isra.0
                0x00009ba6       0x14 hpl/adc/hpl_adc.o
 *fill*         0x00009bba        0x2 
 .text._adc_init
                0x00009bbc       0xc8 hpl/adc/hpl_adc.o
 .text._adc_async_init
                0x00009c84       0xb4 hpl/adc/hpl_adc.o
                0x00009c84                _adc_async_init
 .text._adc_async_enable_channel
                0x00009d38        0xc hpl/adc/hpl_adc.o
                0x00009d38                _adc_async_enable_channel
 .text._adc_async_get_data_size
                0x00009d44       0x12 hpl/adc/hpl_adc.o
                0x00009d44                _adc_async_get_data_size
 *fill*         0x00009d56        0x2 
 .text._adc_async_convert
                0x00009d58       0x18 hpl/adc/hpl_adc.o
                0x00009d58                _adc_async_convert
 .text._adc_async_set_irq_state
                0x00009d70       0x20 hpl/adc/hpl_adc.o
                0x00009d70                _adc_async_set_irq_state
 .text.ADC0_1_Handler
                0x00009d90       0x10 hpl/adc/hpl_adc.o
                0x00009d90                ADC0_1_Handler
 .text.ADC0_0_Handler
                0x00009da0        0x8 hpl/adc/hpl_adc.o
                0x00009da0                ADC0_0_Handler
 .text.ADC1_1_Handler
                0x00009da8       0x10 hpl/adc/hpl_adc.o
                0x00009da8                ADC1_1_Handler
 .text.ADC1_0_Handler
                0x00009db8        0x8 hpl/adc/hpl_adc.o
                0x00009db8                ADC1_0_Handler
 .text._irq_set
                0x00009dc0       0x1c hpl/core/hpl_core_m4.o
                0x00009dc0                _irq_set
 .text._get_cycles_for_us
                0x00009ddc        0x6 hpl/core/hpl_core_m4.o
                0x00009ddc                _get_cycles_for_us
 *fill*         0x00009de2        0x2 
 .text._get_cycles_for_ms
                0x00009de4        0xc hpl/core/hpl_core_m4.o
                0x00009de4                _get_cycles_for_ms
 .text._init_chip
                0x00009df0       0x5c hpl/core/hpl_init.o
                0x00009df0                _init_chip
 .text._dmac_handler
                0x00009e4c       0x50 hpl/dmac/hpl_dmac.o
 .text._dma_init
                0x00009e9c       0xd0 hpl/dmac/hpl_dmac.o
                0x00009e9c                _dma_init
 .text._dma_set_irq_state
                0x00009f6c       0x28 hpl/dmac/hpl_dmac.o
                0x00009f6c                _dma_set_irq_state
 .text._dma_set_destination_address
                0x00009f94       0x10 hpl/dmac/hpl_dmac.o
                0x00009f94                _dma_set_destination_address
 .text._dma_set_source_address
                0x00009fa4       0x10 hpl/dmac/hpl_dmac.o
                0x00009fa4                _dma_set_source_address
 .text._dma_srcinc_enable
                0x00009fb4       0x1c hpl/dmac/hpl_dmac.o
                0x00009fb4                _dma_srcinc_enable
 .text._dma_set_data_amount
                0x00009fd0       0x44 hpl/dmac/hpl_dmac.o
                0x00009fd0                _dma_set_data_amount
 .text._dma_enable_transaction
                0x0000a014       0x3c hpl/dmac/hpl_dmac.o
                0x0000a014                _dma_enable_transaction
 .text._dma_get_channel_resource
                0x0000a050       0x14 hpl/dmac/hpl_dmac.o
                0x0000a050                _dma_get_channel_resource
 .text.DMAC_0_Handler
                0x0000a064        0x8 hpl/dmac/hpl_dmac.o
                0x0000a064                DMAC_0_Handler
 .text.DMAC_1_Handler
                0x0000a06c        0x8 hpl/dmac/hpl_dmac.o
                0x0000a06c                DMAC_1_Handler
 .text.DMAC_2_Handler
                0x0000a074        0x8 hpl/dmac/hpl_dmac.o
                0x0000a074                DMAC_2_Handler
 .text.DMAC_3_Handler
                0x0000a07c        0x8 hpl/dmac/hpl_dmac.o
                0x0000a07c                DMAC_3_Handler
 .text.DMAC_4_Handler
                0x0000a084        0x8 hpl/dmac/hpl_dmac.o
                0x0000a084                DMAC_4_Handler
 .text._crc_sync_init
                0x0000a08c        0x6 hpl/dsu/hpl_dsu.o
                0x0000a08c                _crc_sync_init
 *fill*         0x0000a092        0x2 
 .text._event_system_init
                0x0000a094       0x58 hpl/evsys/hpl_evsys.o
                0x0000a094                _event_system_init
 .text.hri_gclk_wait_for_sync.constprop.0
                0x0000a0ec       0x14 hpl/gclk/hpl_gclk.o
 .text._gclk_init_generators_by_fref
                0x0000a100       0x58 hpl/gclk/hpl_gclk.o
                0x0000a100                _gclk_init_generators_by_fref
 .text._mclk_init
                0x0000a158        0xc hpl/mclk/hpl_mclk.o
                0x0000a158                _mclk_init
 .text._user_row_write_exec
                0x0000a164       0x88 hpl/nvmctrl/hpl_nvmctrl.o
 .text._flash_init
                0x0000a1ec       0x4c hpl/nvmctrl/hpl_nvmctrl.o
                0x0000a1ec                _flash_init
 .text.NVMCTRL_1_Handler
                0x0000a238       0x2c hpl/nvmctrl/hpl_nvmctrl.o
                0x0000a238                NVMCTRL_1_Handler
 .text.NVMCTRL_0_Handler
                0x0000a264        0x8 hpl/nvmctrl/hpl_nvmctrl.o
                0x0000a264                NVMCTRL_0_Handler
 .text._user_area_read
                0x0000a26c       0x60 hpl/nvmctrl/hpl_nvmctrl.o
                0x0000a26c                _user_area_read
 .text._user_area_write
                0x0000a2cc       0x78 hpl/nvmctrl/hpl_nvmctrl.o
                0x0000a2cc                _user_area_write
 .text._osc32kctrl_init_sources
                0x0000a344       0x14 hpl/osc32kctrl/hpl_osc32kctrl.o
                0x0000a344                _osc32kctrl_init_sources
 .text._oscctrl_init_sources
                0x0000a358        0x2 hpl/oscctrl/hpl_oscctrl.o
                0x0000a358                _oscctrl_init_sources
 *fill*         0x0000a35a        0x2 
 .text._oscctrl_init_referenced_generators
                0x0000a35c       0xfc hpl/oscctrl/hpl_oscctrl.o
                0x0000a35c                _oscctrl_init_referenced_generators
 .text._qspi_dma_tx_complete
                0x0000a458       0x14 hpl/qspi/hpl_qspi.o
 .text._qspi_dma_rx_complete
                0x0000a46c        0x8 hpl/qspi/hpl_qspi.o
 .text._qspi_dma_error_occured
                0x0000a474        0xa hpl/qspi/hpl_qspi.o
 *fill*         0x0000a47e        0x2 
 .text._qspi_dma_init
                0x0000a480       0x58 hpl/qspi/hpl_qspi.o
                0x0000a480                _qspi_dma_init
 .text.RAMECC_Handler
                0x0000a4d8       0x3c hpl/ramecc/hpl_ramecc.o
                0x0000a4d8                RAMECC_Handler
 .text.hri_rtcmode0_wait_for_sync
                0x0000a514        0x8 hpl/rtc/hpl_rtc.o
 .text._rtc_timer_stop
                0x0000a51c       0x1c hpl/rtc/hpl_rtc.o
                0x0000a51c                _rtc_timer_stop
 .text._rtc_timer_set_period
                0x0000a538       0x10 hpl/rtc/hpl_rtc.o
                0x0000a538                _rtc_timer_set_period
 .text._rtc_timer_get_period
                0x0000a548       0x14 hpl/rtc/hpl_rtc.o
                0x0000a548                _rtc_timer_get_period
 .text._rtc_timer_is_started
                0x0000a55c       0x1c hpl/rtc/hpl_rtc.o
                0x0000a55c                _rtc_timer_is_started
 .text._rtc_timer_set_irq
                0x0000a578        0x2 hpl/rtc/hpl_rtc.o
                0x0000a578                _rtc_timer_set_irq
 *fill*         0x0000a57a        0x2 
 .text._rtc_timer_start
                0x0000a57c       0x3c hpl/rtc/hpl_rtc.o
                0x0000a57c                _rtc_timer_start
 .text._rtc_timer_deinit
                0x0000a5b8       0x28 hpl/rtc/hpl_rtc.o
                0x0000a5b8                _rtc_timer_deinit
 .text._rtc_timer_init
                0x0000a5e0       0x48 hpl/rtc/hpl_rtc.o
                0x0000a5e0                _rtc_timer_init
 .text._rtc_get_timer
                0x0000a628        0x8 hpl/rtc/hpl_rtc.o
                0x0000a628                _rtc_get_timer
 .text.RTC_Handler
                0x0000a630       0x24 hpl/rtc/hpl_rtc.o
                0x0000a630                RTC_Handler
 .text.__NVIC_EnableIRQ
                0x0000a654       0x1c hpl/sercom/hpl_sercom.o
 .text.__NVIC_DisableIRQ
                0x0000a670       0x28 hpl/sercom/hpl_sercom.o
 .text.__NVIC_ClearPendingIRQ
                0x0000a698       0x20 hpl/sercom/hpl_sercom.o
 .text.hri_sercomi2cm_wait_for_sync
                0x0000a6b8        0x8 hpl/sercom/hpl_sercom.o
 .text.hri_sercomspi_wait_for_sync
                0x0000a6c0        0x8 hpl/sercom/hpl_sercom.o
 .text.hri_sercomusart_wait_for_sync
                0x0000a6c8        0x8 hpl/sercom/hpl_sercom.o
 .text.hri_sercomi2cm_clear_CTRLA_ENABLE_bit
                0x0000a6d0       0x14 hpl/sercom/hpl_sercom.o
 .text.hri_sercomspi_clear_CTRLA_ENABLE_bit
                0x0000a6e4       0x14 hpl/sercom/hpl_sercom.o
 .text.hri_sercomusart_get_CTRLA_ENABLE_bit
                0x0000a6f8       0x14 hpl/sercom/hpl_sercom.o
 .text.hri_sercomusart_write_CTRLA_ENABLE_bit
                0x0000a70c       0x18 hpl/sercom/hpl_sercom.o
 .text.hri_sercomusart_clear_CTRLA_ENABLE_bit
                0x0000a724       0x14 hpl/sercom/hpl_sercom.o
 .text._sercom_get_hardware_index
                0x0000a738       0x34 hpl/sercom/hpl_sercom.o
 .text._sercom_usart_interrupt_handler
                0x0000a76c       0x70 hpl/sercom/hpl_sercom.o
 .text._sercom_init_irq_param
                0x0000a7dc       0x60 hpl/sercom/hpl_sercom.o
 .text._get_i2cm_index
                0x0000a83c       0x14 hpl/sercom/hpl_sercom.o
 .text._sercom_get_irq_num
                0x0000a850       0x14 hpl/sercom/hpl_sercom.o
 .text._spi_sync_enable
                0x0000a864       0x28 hpl/sercom/hpl_sercom.o
 .text._spi_get_regs
                0x0000a88c       0x2c hpl/sercom/hpl_sercom.o
 .text._spi_get_tx_dma_channel
                0x0000a8b8       0x14 hpl/sercom/hpl_sercom.o
 .text._spi_get_rx_dma_channel
                0x0000a8cc       0x14 hpl/sercom/hpl_sercom.o
 .text._spi_dma_rx_complete
                0x0000a8e0        0xa hpl/sercom/hpl_sercom.o
 .text._spi_dma_tx_complete
                0x0000a8ea        0xa hpl/sercom/hpl_sercom.o
 .text._spi_dma_error_occured
                0x0000a8f4        0xa hpl/sercom/hpl_sercom.o
 *fill*         0x0000a8fe        0x2 
 .text._usart_set_parity
                0x0000a900       0x78 hpl/sercom/hpl_sercom.o
 .text._sercom_i2c_send_stop
                0x0000a978       0x14 hpl/sercom/hpl_sercom.o
 .text._sercom_i2c_sync_analyse_flags
                0x0000a98c      0x16c hpl/sercom/hpl_sercom.o
 .text._spi_load_regs_master
                0x0000aaf8       0x3c hpl/sercom/hpl_sercom.o
 .text._spi_set_mode
                0x0000ab34       0x34 hpl/sercom/hpl_sercom.o
 .text._i2c_m_sync_init_impl
                0x0000ab68       0xb0 hpl/sercom/hpl_sercom.o
 .text._usart_init
                0x0000ac18       0xdc hpl/sercom/hpl_sercom.o
 .text._usart_sync_init
                0x0000acf4        0xc hpl/sercom/hpl_sercom.o
                0x0000acf4                _usart_sync_init
 .text._usart_async_init
                0x0000ad00       0x64 hpl/sercom/hpl_sercom.o
                0x0000ad00                _usart_async_init
 .text._usart_sync_enable
                0x0000ad64       0x14 hpl/sercom/hpl_sercom.o
                0x0000ad64                _usart_sync_enable
 .text._usart_async_enable
                0x0000ad78       0x14 hpl/sercom/hpl_sercom.o
                0x0000ad78                _usart_async_enable
 .text._usart_async_disable
                0x0000ad8c        0xc hpl/sercom/hpl_sercom.o
                0x0000ad8c                _usart_async_disable
 .text._usart_async_set_parity
                0x0000ad98        0xc hpl/sercom/hpl_sercom.o
                0x0000ad98                _usart_async_set_parity
 .text._usart_sync_write_byte
                0x0000ada4        0x6 hpl/sercom/hpl_sercom.o
                0x0000ada4                _usart_sync_write_byte
 .text._usart_async_write_byte
                0x0000adaa        0x6 hpl/sercom/hpl_sercom.o
                0x0000adaa                _usart_async_write_byte
 .text._usart_sync_read_byte
                0x0000adb0        0x8 hpl/sercom/hpl_sercom.o
                0x0000adb0                _usart_sync_read_byte
 .text._usart_sync_is_ready_to_send
                0x0000adb8        0xa hpl/sercom/hpl_sercom.o
                0x0000adb8                _usart_sync_is_ready_to_send
 .text._usart_sync_is_transmit_done
                0x0000adc2        0xa hpl/sercom/hpl_sercom.o
                0x0000adc2                _usart_sync_is_transmit_done
 .text._usart_sync_is_byte_received
                0x0000adcc        0xa hpl/sercom/hpl_sercom.o
                0x0000adcc                _usart_sync_is_byte_received
 .text._usart_async_enable_byte_sent_irq
                0x0000add6        0x8 hpl/sercom/hpl_sercom.o
                0x0000add6                _usart_async_enable_byte_sent_irq
 .text._usart_async_enable_tx_done_irq
                0x0000adde        0x8 hpl/sercom/hpl_sercom.o
                0x0000adde                _usart_async_enable_tx_done_irq
 .text._usart_async_set_irq_state
                0x0000ade6       0x32 hpl/sercom/hpl_sercom.o
                0x0000ade6                _usart_async_set_irq_state
 .text._i2c_m_async_init
                0x0000ae18       0x64 hpl/sercom/hpl_sercom.o
                0x0000ae18                _i2c_m_async_init
 .text._i2c_m_async_transfer
                0x0000ae7c       0xc0 hpl/sercom/hpl_sercom.o
                0x0000ae7c                _i2c_m_async_transfer
 .text._i2c_m_async_register_callback
                0x0000af3c       0x1a hpl/sercom/hpl_sercom.o
                0x0000af3c                _i2c_m_async_register_callback
 *fill*         0x0000af56        0x2 
 .text.SERCOM0_3_Handler
                0x0000af58       0x10 hpl/sercom/hpl_sercom.o
                0x0000af58                SERCOM0_3_Handler
 .text.SERCOM0_2_Handler
                0x0000af68        0x8 hpl/sercom/hpl_sercom.o
                0x0000af68                SERCOM0_2_Handler
 .text.SERCOM0_1_Handler
                0x0000af70        0x8 hpl/sercom/hpl_sercom.o
                0x0000af70                SERCOM0_1_Handler
 .text.SERCOM0_0_Handler
                0x0000af78        0x8 hpl/sercom/hpl_sercom.o
                0x0000af78                SERCOM0_0_Handler
 .text.SERCOM1_3_Handler
                0x0000af80       0x10 hpl/sercom/hpl_sercom.o
                0x0000af80                SERCOM1_3_Handler
 .text.SERCOM1_2_Handler
                0x0000af90        0x8 hpl/sercom/hpl_sercom.o
                0x0000af90                SERCOM1_2_Handler
 .text.SERCOM1_1_Handler
                0x0000af98        0x8 hpl/sercom/hpl_sercom.o
                0x0000af98                SERCOM1_1_Handler
 .text.SERCOM1_0_Handler
                0x0000afa0        0x8 hpl/sercom/hpl_sercom.o
                0x0000afa0                SERCOM1_0_Handler
 .text.SERCOM3_3_Handler
                0x0000afa8       0x44 hpl/sercom/hpl_sercom.o
                0x0000afa8                SERCOM3_3_Handler
 .text.SERCOM3_2_Handler
                0x0000afec        0x8 hpl/sercom/hpl_sercom.o
                0x0000afec                SERCOM3_2_Handler
 .text.SERCOM3_1_Handler
                0x0000aff4        0x8 hpl/sercom/hpl_sercom.o
                0x0000aff4                SERCOM3_1_Handler
 .text.SERCOM3_0_Handler
                0x0000affc        0x8 hpl/sercom/hpl_sercom.o
                0x0000affc                SERCOM3_0_Handler
 .text.SERCOM4_3_Handler
                0x0000b004       0x10 hpl/sercom/hpl_sercom.o
                0x0000b004                SERCOM4_3_Handler
 .text.SERCOM4_2_Handler
                0x0000b014        0x8 hpl/sercom/hpl_sercom.o
                0x0000b014                SERCOM4_2_Handler
 .text.SERCOM4_1_Handler
                0x0000b01c        0x8 hpl/sercom/hpl_sercom.o
                0x0000b01c                SERCOM4_1_Handler
 .text.SERCOM4_0_Handler
                0x0000b024        0x8 hpl/sercom/hpl_sercom.o
                0x0000b024                SERCOM4_0_Handler
 .text.SERCOM5_3_Handler
                0x0000b02c       0x64 hpl/sercom/hpl_sercom.o
                0x0000b02c                SERCOM5_3_Handler
 .text.SERCOM5_2_Handler
                0x0000b090        0x8 hpl/sercom/hpl_sercom.o
                0x0000b090                SERCOM5_2_Handler
 .text.SERCOM5_1_Handler
                0x0000b098        0x8 hpl/sercom/hpl_sercom.o
                0x0000b098                SERCOM5_1_Handler
 .text.SERCOM5_0_Handler
                0x0000b0a0        0x8 hpl/sercom/hpl_sercom.o
                0x0000b0a0                SERCOM5_0_Handler
 .text.SERCOM6_3_Handler
                0x0000b0a8       0x10 hpl/sercom/hpl_sercom.o
                0x0000b0a8                SERCOM6_3_Handler
 .text.SERCOM6_2_Handler
                0x0000b0b8        0x8 hpl/sercom/hpl_sercom.o
                0x0000b0b8                SERCOM6_2_Handler
 .text.SERCOM6_1_Handler
                0x0000b0c0        0x8 hpl/sercom/hpl_sercom.o
                0x0000b0c0                SERCOM6_1_Handler
 .text.SERCOM6_0_Handler
                0x0000b0c8        0x8 hpl/sercom/hpl_sercom.o
                0x0000b0c8                SERCOM6_0_Handler
 .text._spi_m_sync_init
                0x0000b0d0       0xd0 hpl/sercom/hpl_sercom.o
                0x0000b0d0                _spi_m_sync_init
 .text._spi_m_async_init
                0x0000b1a0       0x58 hpl/sercom/hpl_sercom.o
                0x0000b1a0                _spi_m_async_init
 .text._spi_s_async_enable
                0x0000b1f8       0x34 hpl/sercom/hpl_sercom.o
                0x0000b1f8                _spi_s_async_enable
 .text._spi_m_async_enable
                0x0000b22c        0x8 hpl/sercom/hpl_sercom.o
                0x0000b22c                _spi_m_async_enable
 .text._spi_s_async_set_mode
                0x0000b234        0xc hpl/sercom/hpl_sercom.o
                0x0000b234                _spi_s_async_set_mode
 .text._spi_m_async_set_mode
                0x0000b240        0x8 hpl/sercom/hpl_sercom.o
                0x0000b240                _spi_m_async_set_mode
 .text._spi_m_async_set_baudrate
                0x0000b248       0x14 hpl/sercom/hpl_sercom.o
                0x0000b248                _spi_m_async_set_baudrate
 .text._spi_m_async_enable_tx
                0x0000b25c       0x10 hpl/sercom/hpl_sercom.o
                0x0000b25c                _spi_m_async_enable_tx
 .text._spi_m_async_enable_rx
                0x0000b26c       0x10 hpl/sercom/hpl_sercom.o
                0x0000b26c                _spi_m_async_enable_rx
 .text._spi_m_async_enable_tx_complete
                0x0000b27c       0x10 hpl/sercom/hpl_sercom.o
                0x0000b27c                _spi_m_async_enable_tx_complete
 .text._spi_m_async_write_one
                0x0000b28c        0x8 hpl/sercom/hpl_sercom.o
                0x0000b28c                _spi_m_async_write_one
 .text._spi_m_async_read_one
                0x0000b294        0x8 hpl/sercom/hpl_sercom.o
                0x0000b294                _spi_m_async_read_one
 .text._spi_m_async_register_callback
                0x0000b29c        0xa hpl/sercom/hpl_sercom.o
                0x0000b29c                _spi_m_async_register_callback
 .text._spi_m_async_set_irq_state
                0x0000b2a6       0x12 hpl/sercom/hpl_sercom.o
                0x0000b2a6                _spi_m_async_set_irq_state
 .text._spi_m_dma_init
                0x0000b2b8       0xc4 hpl/sercom/hpl_sercom.o
                0x0000b2b8                _spi_m_dma_init
 .text._spi_m_dma_enable
                0x0000b37c        0xc hpl/sercom/hpl_sercom.o
                0x0000b37c                _spi_m_dma_enable
 .text._spi_m_dma_register_callback
                0x0000b388       0x64 hpl/sercom/hpl_sercom.o
                0x0000b388                _spi_m_dma_register_callback
 .text._spi_m_dma_transfer
                0x0000b3ec       0xf8 hpl/sercom/hpl_sercom.o
                0x0000b3ec                _spi_m_dma_transfer
 .text._delay_init
                0x0000b4e4       0x14 hpl/systick/hpl_systick.o
                0x0000b4e4                _delay_init
 .text._delay_cycles
                0x0000b4f8       0x38 hpl/systick/hpl_systick.o
                0x0000b4f8                _delay_cycles
 .text.__NVIC_DisableIRQ
                0x0000b530       0x28 hpl/tc/hpl_tc.o
 .text.hri_tc_wait_for_sync
                0x0000b558        0x8 hpl/tc/hpl_tc.o
 .text._tc_timer_start
                0x0000b560       0x14 hpl/tc/hpl_tc.o
                0x0000b560                _tc_timer_start
 .text._tc_timer_get_period
                0x0000b574       0x50 hpl/tc/hpl_tc.o
                0x0000b574                _tc_timer_get_period
 .text._tc_timer_is_started
                0x0000b5c4       0x18 hpl/tc/hpl_tc.o
                0x0000b5c4                _tc_timer_is_started
 .text.tc_interrupt_handler
                0x0000b5dc       0x12 hpl/tc/hpl_tc.o
 *fill*         0x0000b5ee        0x2 
 .text.get_tc_index
                0x0000b5f0       0x50 hpl/tc/hpl_tc.o
 .text._tc_timer_set_irq
                0x0000b640       0x28 hpl/tc/hpl_tc.o
                0x0000b640                _tc_timer_set_irq
 .text._tc_timer_stop
                0x0000b668       0x14 hpl/tc/hpl_tc.o
                0x0000b668                _tc_timer_stop
 .text._tc_timer_deinit
                0x0000b67c       0x4c hpl/tc/hpl_tc.o
                0x0000b67c                _tc_timer_deinit
 .text._tc_timer_init
                0x0000b6c8      0x150 hpl/tc/hpl_tc.o
                0x0000b6c8                _tc_timer_init
 .text._tc_timer_set_period
                0x0000b818       0x3c hpl/tc/hpl_tc.o
                0x0000b818                _tc_timer_set_period
 .text._tc_get_timer
                0x0000b854        0x8 hpl/tc/hpl_tc.o
                0x0000b854                _tc_get_timer
 .text.TC0_Handler
                0x0000b85c       0x10 hpl/tc/hpl_tc.o
                0x0000b85c                TC0_Handler
 .text.TC1_Handler
                0x0000b86c       0x10 hpl/tc/hpl_tc.o
                0x0000b86c                TC1_Handler
 .text.TC2_Handler
                0x0000b87c       0x10 hpl/tc/hpl_tc.o
                0x0000b87c                TC2_Handler
 .text.TC3_Handler
                0x0000b88c       0x10 hpl/tc/hpl_tc.o
                0x0000b88c                TC3_Handler
 .text._dummy_func_no_return
                0x0000b89c        0x4 hpl/usb/hpl_usb.o
 .text._usb_d_dev_wait_dfll_rdy
                0x0000b8a0       0x24 hpl/usb/hpl_usb.o
 .text._usb_d_dev_ept
                0x0000b8c4       0x18 hpl/usb/hpl_usb.o
 .text._usb_d_dev_handle_setup
                0x0000b8dc       0x84 hpl/usb/hpl_usb.o
 .text._usb_d_dev_handle_stall
                0x0000b960       0x28 hpl/usb/hpl_usb.o
 .text._usb_d_dev_trans_done
                0x0000b988       0x24 hpl/usb/hpl_usb.o
 .text._usb_d_dev_trans_stop
                0x0000b9ac       0x64 hpl/usb/hpl_usb.o
 .text._usb_d_dev_handle_trfail
                0x0000ba10       0xec hpl/usb/hpl_usb.o
 .text._usb_d_dev_reset_epts
                0x0000bafc       0x3c hpl/usb/hpl_usb.o
 .text._usb_d_dev_in_next
                0x0000bb38      0x158 hpl/usb/hpl_usb.o
 .text._usb_d_dev_out_next
                0x0000bc90      0x1ac hpl/usb/hpl_usb.o
 .text._usb_d_dev_handler
                0x0000be3c      0x1dc hpl/usb/hpl_usb.o
 .text._usbd_ep_pcksize_size
                0x0000c018       0x3e hpl/usb/hpl_usb.o
 *fill*         0x0000c056        0x2 
 .text._usb_d_dev_init
                0x0000c058       0xe8 hpl/usb/hpl_usb.o
                0x0000c058                _usb_d_dev_init
 .text._usb_d_dev_enable
                0x0000c140       0x5c hpl/usb/hpl_usb.o
                0x0000c140                _usb_d_dev_enable
 .text._usb_d_dev_attach
                0x0000c19c       0x12 hpl/usb/hpl_usb.o
                0x0000c19c                _usb_d_dev_attach
 .text._usb_d_dev_set_address
                0x0000c1ae        0xc hpl/usb/hpl_usb.o
                0x0000c1ae                _usb_d_dev_set_address
 .text._usb_d_dev_get_frame_n
                0x0000c1ba        0xc hpl/usb/hpl_usb.o
                0x0000c1ba                _usb_d_dev_get_frame_n
 *fill*         0x0000c1c6        0x2 
 .text._usb_d_dev_ep_init
                0x0000c1c8       0xc0 hpl/usb/hpl_usb.o
                0x0000c1c8                _usb_d_dev_ep_init
 .text._usb_d_dev_ep_deinit
                0x0000c288       0x84 hpl/usb/hpl_usb.o
                0x0000c288                _usb_d_dev_ep_deinit
 .text._usb_d_dev_ep_enable
                0x0000c30c      0x17c hpl/usb/hpl_usb.o
                0x0000c30c                _usb_d_dev_ep_enable
 .text._usb_d_dev_ep_stall
                0x0000c488       0xe4 hpl/usb/hpl_usb.o
                0x0000c488                _usb_d_dev_ep_stall
 .text._usb_d_dev_ep_read_req
                0x0000c56c       0x54 hpl/usb/hpl_usb.o
                0x0000c56c                _usb_d_dev_ep_read_req
 .text._usb_d_dev_ep_trans
                0x0000c5c0      0x108 hpl/usb/hpl_usb.o
                0x0000c5c0                _usb_d_dev_ep_trans
 .text._usb_d_dev_register_callback
                0x0000c6c8       0x24 hpl/usb/hpl_usb.o
                0x0000c6c8                _usb_d_dev_register_callback
 .text._usb_d_dev_register_ep_callback
                0x0000c6ec       0x2c hpl/usb/hpl_usb.o
                0x0000c6ec                _usb_d_dev_register_ep_callback
 .text.USB_0_Handler
                0x0000c718        0x8 hpl/usb/hpl_usb.o
                0x0000c718                USB_0_Handler
 .text.USB_1_Handler
                0x0000c720        0x8 hpl/usb/hpl_usb.o
                0x0000c720                USB_1_Handler
 .text.USB_2_Handler
                0x0000c728        0x8 hpl/usb/hpl_usb.o
                0x0000c728                USB_2_Handler
 .text.USB_3_Handler
                0x0000c730        0x8 hpl/usb/hpl_usb.o
                0x0000c730                USB_3_Handler
 .text._wdt_init
                0x0000c738       0x42 hpl/wdt/hpl_wdt.o
                0x0000c738                _wdt_init
 *fill*         0x0000c77a        0x2 
 .text.RTC_Scheduler_ping_cb
                0x0000c77c       0x50 main.o
 .text.RTC_Scheduler_report_cb
                0x0000c7cc        0xc main.o
 .text.RTC_Scheduler_heartbeat_cb
                0x0000c7d8       0x3c main.o
 .text.RTC_Scheduler_realtime_cb
                0x0000c814       0xa0 main.o
 .text.init_timer
                0x0000c8b4       0x84 main.o
                0x0000c8b4                init_timer
 .text.startup.main
                0x0000c938      0x4fc main.o
                0x0000c938                main
 .text._read    0x0000ce34       0x20 stdio_redirect/gcc/read.o
                0x0000ce34                _read
 .text._write   0x0000ce54       0x24 stdio_redirect/gcc/write.o
                0x0000ce54                _write
 .text.stdio_io_init
                0x0000ce78       0x2c stdio_redirect/stdio_io.o
                0x0000ce78                stdio_io_init
 .text.stdio_io_read
                0x0000cea4       0x1c stdio_redirect/stdio_io.o
                0x0000cea4                stdio_io_read
 .text.stdio_io_write
                0x0000cec0       0x1c stdio_redirect/stdio_io.o
                0x0000cec0                stdio_io_write
 .text.stdio_redirect_init
                0x0000cedc       0x20 stdio_start.o
                0x0000cedc                stdio_redirect_init
 .text.cdcdf_acm_req
                0x0000cefc       0xdc usb/class/cdc/device/cdcdf_acm.o
 .text.cdcdf_acm_ctrl
                0x0000cfd8      0x138 usb/class/cdc/device/cdcdf_acm.o
 .text.cdcdf_acm_init
                0x0000d110       0x44 usb/class/cdc/device/cdcdf_acm.o
                0x0000d110                cdcdf_acm_init
 .text.cdcdf_acm_read
                0x0000d154       0x2c usb/class/cdc/device/cdcdf_acm.o
                0x0000d154                cdcdf_acm_read
 .text.cdcdf_acm_write
                0x0000d180       0x2c usb/class/cdc/device/cdcdf_acm.o
                0x0000d180                cdcdf_acm_write
 .text.cdcdf_acm_register_callback
                0x0000d1ac       0x40 usb/class/cdc/device/cdcdf_acm.o
                0x0000d1ac                cdcdf_acm_register_callback
 .text.hid_keyboard_req
                0x0000d1ec       0x88 usb/class/hid/device/hiddf_keyboard.o
 .text.hid_keyboard_ctrl
                0x0000d274      0x110 usb/class/hid/device/hiddf_keyboard.o
 .text.hiddf_keyboard_init
                0x0000d384       0x44 usb/class/hid/device/hiddf_keyboard.o
                0x0000d384                hiddf_keyboard_init
 .text.hiddf_keyboard_keys_state_change
                0x0000d3c8       0x8c usb/class/hid/device/hiddf_keyboard.o
                0x0000d3c8                hiddf_keyboard_keys_state_change
 .text.hid_mouse_req
                0x0000d454       0x88 usb/class/hid/device/hiddf_mouse.o
 .text.hid_mouse_ctrl
                0x0000d4dc       0xe4 usb/class/hid/device/hiddf_mouse.o
 .text.hiddf_mouse_init
                0x0000d5c0       0x44 usb/class/hid/device/hiddf_mouse.o
                0x0000d5c0                hiddf_mouse_init
 .text.hiddf_mouse_move
                0x0000d604       0x48 usb/class/hid/device/hiddf_mouse.o
                0x0000d604                hiddf_mouse_move
 .text.audio_midi_req
                0x0000d64c       0x78 usb/class/midi/device/audiodf_midi.o
 .text.audio_midi_ctrl
                0x0000d6c4      0x180 usb/class/midi/device/audiodf_midi.o
 .text.audiodf_midi_init
                0x0000d844       0x44 usb/class/midi/device/audiodf_midi.o
                0x0000d844                audiodf_midi_init
 .text.audiodf_midi_write
                0x0000d888       0x28 usb/class/midi/device/audiodf_midi.o
                0x0000d888                audiodf_midi_write
 .text.audiodf_midi_read
                0x0000d8b0       0x20 usb/class/midi/device/audiodf_midi.o
                0x0000d8b0                audiodf_midi_read
 .text.audiodf_midi_register_callback
                0x0000d8d0       0x30 usb/class/midi/device/audiodf_midi.o
                0x0000d8d0                audiodf_midi_register_callback
 .text.usbdc_unconfig
                0x0000d900       0x1c usb/device/usbdc.o
 .text.usbdc_change_notify
                0x0000d91c       0x20 usb/device/usbdc.o
 .text.usbdc_request_handler
                0x0000d93c       0x38 usb/device/usbdc.o
 .text.usbd_sof_cb
                0x0000d974       0x18 usb/device/usbdc.o
 .text.usbdc_cb_ctl_done
                0x0000d98c       0x68 usb/device/usbdc.o
 .text.usbdc_reset
                0x0000d9f4       0x5c usb/device/usbdc.o
                0x0000d9f4                usbdc_reset
 .text.usbd_event_cb
                0x0000da50       0x18 usb/device/usbdc.o
 .text.usbdc_xfer
                0x0000da68       0x20 usb/device/usbdc.o
                0x0000da68                usbdc_xfer
 .text.usbdc_cb_ctl_req
                0x0000da88      0x328 usb/device/usbdc.o
 .text.usbdc_register_handler
                0x0000ddb0       0x2c usb/device/usbdc.o
                0x0000ddb0                usbdc_register_handler
 .text.usbdc_init
                0x0000dddc       0x44 usb/device/usbdc.o
                0x0000dddc                usbdc_init
 .text.usbdc_register_function
                0x0000de20       0x10 usb/device/usbdc.o
                0x0000de20                usbdc_register_function
 .text.usbdc_start
                0x0000de30       0x34 usb/device/usbdc.o
                0x0000de30                usbdc_start
 .text.usbdc_attach
                0x0000de64        0x8 usb/device/usbdc.o
                0x0000de64                usbdc_attach
 .text.usbdc_get_ctrl_buffer
                0x0000de6c        0xc usb/device/usbdc.o
                0x0000de6c                usbdc_get_ctrl_buffer
 .text.usbdc_get_state
                0x0000de78       0x14 usb/device/usbdc.o
                0x0000de78                usbdc_get_state
 .text.usb_find_desc
                0x0000de8c       0x1a usb/usb_protocol.o
                0x0000de8c                usb_find_desc
 .text.usb_find_ep_desc
                0x0000dea6       0x1c usb/usb_protocol.o
                0x0000dea6                usb_find_ep_desc
 *fill*         0x0000dec2        0x2 
 .text.usb_find_cfg_desc
                0x0000dec4       0x3c usb/usb_protocol.o
                0x0000dec4                usb_find_cfg_desc
 .text.usb_find_str_desc
                0x0000df00       0x30 usb/usb_protocol.o
                0x0000df00                usb_find_str_desc
 .text.gpio_get_pin_level
                0x0000df30       0x48 usb_start.o
 .text.hiddf_demo_sof_event
                0x0000df78       0x78 usb_start.o
 .text.composite_device_init
                0x0000dff0       0x2c usb_start.o
                0x0000dff0                composite_device_init
 .text.composite_device_start
                0x0000e01c       0x1c usb_start.o
                0x0000e01c                composite_device_start
 .text.usb_init
                0x0000e038        0x8 usb_start.o
                0x0000e038                usb_init
 .text          0x0000e040      0x370 c:/program files (x86)/atmel/studio/7.0/toolchain/arm/arm-gnu-toolchain/bin/../lib/gcc/arm-none-eabi/6.3.1/thumb/v7e-m\libgcc.a(_arm_addsubdf3.o)
                0x0000e040                __aeabi_drsub
                0x0000e048                __aeabi_dsub
                0x0000e048                __subdf3
                0x0000e04c                __aeabi_dadd
                0x0000e04c                __adddf3
                0x0000e2c4                __floatunsidf
                0x0000e2c4                __aeabi_ui2d
                0x0000e2e4                __floatsidf
                0x0000e2e4                __aeabi_i2d
                0x0000e308                __aeabi_f2d
                0x0000e308                __extendsfdf2
                0x0000e344                __floatundidf
                0x0000e344                __aeabi_ul2d
                0x0000e354                __floatdidf
                0x0000e354                __aeabi_l2d
 .text          0x0000e3b0      0x424 c:/program files (x86)/atmel/studio/7.0/toolchain/arm/arm-gnu-toolchain/bin/../lib/gcc/arm-none-eabi/6.3.1/thumb/v7e-m\libgcc.a(_arm_muldivdf3.o)
                0x0000e3b0                __aeabi_dmul
                0x0000e3b0                __muldf3
                0x0000e604                __divdf3
                0x0000e604                __aeabi_ddiv
 .text          0x0000e7d4       0x40 c:/program files (x86)/atmel/studio/7.0/toolchain/arm/arm-gnu-toolchain/bin/../lib/gcc/arm-none-eabi/6.3.1/thumb/v7e-m\libgcc.a(_arm_fixunsdfsi.o)
                0x0000e7d4                __aeabi_d2uiz
                0x0000e7d4                __fixunsdfsi
 .text.__libc_init_array
                0x0000e814       0x48 c:/program files (x86)/atmel/studio/7.0/toolchain/arm/arm-gnu-toolchain/bin/../lib/gcc/arm-none-eabi/6.3.1/../../../../arm-none-eabi/lib/thumb/v7e-m\libc_nano.a(lib_a-init.o)
                0x0000e814                __libc_init_array
 .text.malloc   0x0000e85c       0x10 c:/program files (x86)/atmel/studio/7.0/toolchain/arm/arm-gnu-toolchain/bin/../lib/gcc/arm-none-eabi/6.3.1/../../../../arm-none-eabi/lib/thumb/v7e-m\libc_nano.a(lib_a-malloc.o)
                0x0000e85c                malloc
 .text.memcpy   0x0000e86c       0x16 c:/program files (x86)/atmel/studio/7.0/toolchain/arm/arm-gnu-toolchain/bin/../lib/gcc/arm-none-eabi/6.3.1/../../../../arm-none-eabi/lib/thumb/v7e-m\libc_nano.a(lib_a-memcpy-stub.o)
                0x0000e86c                memcpy
 .text.memset   0x0000e882       0x10 c:/program files (x86)/atmel/studio/7.0/toolchain/arm/arm-gnu-toolchain/bin/../lib/gcc/arm-none-eabi/6.3.1/../../../../arm-none-eabi/lib/thumb/v7e-m\libc_nano.a(lib_a-memset.o)
                0x0000e882                memset
 *fill*         0x0000e892        0x2 
 .text._free_r  0x0000e894       0x9c c:/program files (x86)/atmel/studio/7.0/toolchain/arm/arm-gnu-toolchain/bin/../lib/gcc/arm-none-eabi/6.3.1/../../../../arm-none-eabi/lib/thumb/v7e-m\libc_nano.a(lib_a-nano-freer.o)
                0x0000e894                _free_r
 .text._malloc_r
                0x0000e930       0xbc c:/program files (x86)/atmel/studio/7.0/toolchain/arm/arm-gnu-toolchain/bin/../lib/gcc/arm-none-eabi/6.3.1/../../../../arm-none-eabi/lib/thumb/v7e-m\libc_nano.a(lib_a-nano-mallocr.o)
                0x0000e930                _malloc_r
 .text.printf   0x0000e9ec       0x30 c:/program files (x86)/atmel/studio/7.0/toolchain/arm/arm-gnu-toolchain/bin/../lib/gcc/arm-none-eabi/6.3.1/../../../../arm-none-eabi/lib/thumb/v7e-m\libc_nano.a(lib_a-printf.o)
                0x0000e9ec                iprintf
                0x0000e9ec                printf
 .text._puts_r  0x0000ea1c       0xb8 c:/program files (x86)/atmel/studio/7.0/toolchain/arm/arm-gnu-toolchain/bin/../lib/gcc/arm-none-eabi/6.3.1/../../../../arm-none-eabi/lib/thumb/v7e-m\libc_nano.a(lib_a-puts.o)
                0x0000ea1c                _puts_r
 .text.puts     0x0000ead4       0x10 c:/program files (x86)/atmel/studio/7.0/toolchain/arm/arm-gnu-toolchain/bin/../lib/gcc/arm-none-eabi/6.3.1/../../../../arm-none-eabi/lib/thumb/v7e-m\libc_nano.a(lib_a-puts.o)
                0x0000ead4                puts
 .text._sbrk_r  0x0000eae4       0x20 c:/program files (x86)/atmel/studio/7.0/toolchain/arm/arm-gnu-toolchain/bin/../lib/gcc/arm-none-eabi/6.3.1/../../../../arm-none-eabi/lib/thumb/v7e-m\libc_nano.a(lib_a-sbrkr.o)
                0x0000eae4                _sbrk_r
 .text.setbuf   0x0000eb04       0x10 c:/program files (x86)/atmel/studio/7.0/toolchain/arm/arm-gnu-toolchain/bin/../lib/gcc/arm-none-eabi/6.3.1/../../../../arm-none-eabi/lib/thumb/v7e-m\libc_nano.a(lib_a-setbuf.o)
                0x0000eb04                setbuf
 .text.setvbuf  0x0000eb14      0x15c c:/program files (x86)/atmel/studio/7.0/toolchain/arm/arm-gnu-toolchain/bin/../lib/gcc/arm-none-eabi/6.3.1/../../../../arm-none-eabi/lib/thumb/v7e-m\libc_nano.a(lib_a-setvbuf.o)
                0x0000eb14                setvbuf
 .text.sprintf  0x0000ec70       0x48 c:/program files (x86)/atmel/studio/7.0/toolchain/arm/arm-gnu-toolchain/bin/../lib/gcc/arm-none-eabi/6.3.1/../../../../arm-none-eabi/lib/thumb/v7e-m\libc_nano.a(lib_a-sprintf.o)
                0x0000ec70                siprintf
                0x0000ec70                sprintf
 .text.strcpy   0x0000ecb8       0x10 c:/program files (x86)/atmel/studio/7.0/toolchain/arm/arm-gnu-toolchain/bin/../lib/gcc/arm-none-eabi/6.3.1/../../../../arm-none-eabi/lib/thumb/v7e-m\libc_nano.a(lib_a-strcpy.o)
                0x0000ecb8                strcpy
 .text          0x0000ecc8       0x10 c:/program files (x86)/atmel/studio/7.0/toolchain/arm/arm-gnu-toolchain/bin/../lib/gcc/arm-none-eabi/6.3.1/../../../../arm-none-eabi/lib/thumb/v7e-m\libc_nano.a(lib_a-strlen.o)
                0x0000ecc8                strlen
 .text.__swbuf_r
                0x0000ecd8       0xa4 c:/program files (x86)/atmel/studio/7.0/toolchain/arm/arm-gnu-toolchain/bin/../lib/gcc/arm-none-eabi/6.3.1/../../../../arm-none-eabi/lib/thumb/v7e-m\libc_nano.a(lib_a-wbuf.o)
                0x0000ecd8                __swbuf_r
 .text.__swsetup_r
                0x0000ed7c       0xdc c:/program files (x86)/atmel/studio/7.0/toolchain/arm/arm-gnu-toolchain/bin/../lib/gcc/arm-none-eabi/6.3.1/../../../../arm-none-eabi/lib/thumb/v7e-m\libc_nano.a(lib_a-wsetup.o)
                0x0000ed7c                __swsetup_r
 .text.__sflush_r
                0x0000ee58      0x110 c:/program files (x86)/atmel/studio/7.0/toolchain/arm/arm-gnu-toolchain/bin/../lib/gcc/arm-none-eabi/6.3.1/../../../../arm-none-eabi/lib/thumb/v7e-m\libc_nano.a(lib_a-fflush.o)
                0x0000ee58                __sflush_r
 .text._fflush_r
                0x0000ef68       0x54 c:/program files (x86)/atmel/studio/7.0/toolchain/arm/arm-gnu-toolchain/bin/../lib/gcc/arm-none-eabi/6.3.1/../../../../arm-none-eabi/lib/thumb/v7e-m\libc_nano.a(lib_a-fflush.o)
                0x0000ef68                _fflush_r
 .text._cleanup_r
                0x0000efbc        0xc c:/program files (x86)/atmel/studio/7.0/toolchain/arm/arm-gnu-toolchain/bin/../lib/gcc/arm-none-eabi/6.3.1/../../../../arm-none-eabi/lib/thumb/v7e-m\libc_nano.a(lib_a-findfp.o)
                0x0000efbc                _cleanup_r
 .text.std.isra.0
                0x0000efc8       0x48 c:/program files (x86)/atmel/studio/7.0/toolchain/arm/arm-gnu-toolchain/bin/../lib/gcc/arm-none-eabi/6.3.1/../../../../arm-none-eabi/lib/thumb/v7e-m\libc_nano.a(lib_a-findfp.o)
 .text.__sfmoreglue
                0x0000f010       0x2c c:/program files (x86)/atmel/studio/7.0/toolchain/arm/arm-gnu-toolchain/bin/../lib/gcc/arm-none-eabi/6.3.1/../../../../arm-none-eabi/lib/thumb/v7e-m\libc_nano.a(lib_a-findfp.o)
                0x0000f010                __sfmoreglue
 .text.__sinit  0x0000f03c       0x60 c:/program files (x86)/atmel/studio/7.0/toolchain/arm/arm-gnu-toolchain/bin/../lib/gcc/arm-none-eabi/6.3.1/../../../../arm-none-eabi/lib/thumb/v7e-m\libc_nano.a(lib_a-findfp.o)
                0x0000f03c                __sinit
 .text.__sfp    0x0000f09c       0x78 c:/program files (x86)/atmel/studio/7.0/toolchain/arm/arm-gnu-toolchain/bin/../lib/gcc/arm-none-eabi/6.3.1/../../../../arm-none-eabi/lib/thumb/v7e-m\libc_nano.a(lib_a-findfp.o)
                0x0000f09c                __sfp
 .text._fwalk_reent
                0x0000f114       0x3c c:/program files (x86)/atmel/studio/7.0/toolchain/arm/arm-gnu-toolchain/bin/../lib/gcc/arm-none-eabi/6.3.1/../../../../arm-none-eabi/lib/thumb/v7e-m\libc_nano.a(lib_a-fwalk.o)
                0x0000f114                _fwalk_reent
 .text.__swhatbuf_r
                0x0000f150       0x48 c:/program files (x86)/atmel/studio/7.0/toolchain/arm/arm-gnu-toolchain/bin/../lib/gcc/arm-none-eabi/6.3.1/../../../../arm-none-eabi/lib/thumb/v7e-m\libc_nano.a(lib_a-makebuf.o)
                0x0000f150                __swhatbuf_r
 .text.__smakebuf_r
                0x0000f198       0x80 c:/program files (x86)/atmel/studio/7.0/toolchain/arm/arm-gnu-toolchain/bin/../lib/gcc/arm-none-eabi/6.3.1/../../../../arm-none-eabi/lib/thumb/v7e-m\libc_nano.a(lib_a-makebuf.o)
                0x0000f198                __smakebuf_r
 .text.__malloc_lock
                0x0000f218        0x2 c:/program files (x86)/atmel/studio/7.0/toolchain/arm/arm-gnu-toolchain/bin/../lib/gcc/arm-none-eabi/6.3.1/../../../../arm-none-eabi/lib/thumb/v7e-m\libc_nano.a(lib_a-mlock.o)
                0x0000f218                __malloc_lock
 .text.__malloc_unlock
                0x0000f21a        0x2 c:/program files (x86)/atmel/studio/7.0/toolchain/arm/arm-gnu-toolchain/bin/../lib/gcc/arm-none-eabi/6.3.1/../../../../arm-none-eabi/lib/thumb/v7e-m\libc_nano.a(lib_a-mlock.o)
                0x0000f21a                __malloc_unlock
 .text.__ssputs_r
                0x0000f21c       0xb6 c:/program files (x86)/atmel/studio/7.0/toolchain/arm/arm-gnu-toolchain/bin/../lib/gcc/arm-none-eabi/6.3.1/../../../../arm-none-eabi/lib/thumb/v7e-m\libc_nano.a(lib_a-nano-svfprintf.o)
                0x0000f21c                __ssputs_r
 *fill*         0x0000f2d2        0x2 
 .text._svfprintf_r
                0x0000f2d4      0x1e8 c:/program files (x86)/atmel/studio/7.0/toolchain/arm/arm-gnu-toolchain/bin/../lib/gcc/arm-none-eabi/6.3.1/../../../../arm-none-eabi/lib/thumb/v7e-m\libc_nano.a(lib_a-nano-svfprintf.o)
                0x0000f2d4                _svfiprintf_r
                0x0000f2d4                _svfprintf_r
 .text.__sfputc_r
                0x0000f4bc       0x2c c:/program files (x86)/atmel/studio/7.0/toolchain/arm/arm-gnu-toolchain/bin/../lib/gcc/arm-none-eabi/6.3.1/../../../../arm-none-eabi/lib/thumb/v7e-m\libc_nano.a(lib_a-nano-vfprintf.o)
 .text.__sfputs_r
                0x0000f4e8       0x24 c:/program files (x86)/atmel/studio/7.0/toolchain/arm/arm-gnu-toolchain/bin/../lib/gcc/arm-none-eabi/6.3.1/../../../../arm-none-eabi/lib/thumb/v7e-m\libc_nano.a(lib_a-nano-vfprintf.o)
                0x0000f4e8                __sfputs_r
 .text._vfprintf_r
                0x0000f50c      0x22c c:/program files (x86)/atmel/studio/7.0/toolchain/arm/arm-gnu-toolchain/bin/../lib/gcc/arm-none-eabi/6.3.1/../../../../arm-none-eabi/lib/thumb/v7e-m\libc_nano.a(lib_a-nano-vfprintf.o)
                0x0000f50c                _vfprintf_r
                0x0000f50c                _vfiprintf_r
 .text._printf_common
                0x0000f738       0xec c:/program files (x86)/atmel/studio/7.0/toolchain/arm/arm-gnu-toolchain/bin/../lib/gcc/arm-none-eabi/6.3.1/../../../../arm-none-eabi/lib/thumb/v7e-m\libc_nano.a(lib_a-nano-vfprintf_i.o)
                0x0000f738                _printf_common
 .text._printf_i
                0x0000f824      0x240 c:/program files (x86)/atmel/studio/7.0/toolchain/arm/arm-gnu-toolchain/bin/../lib/gcc/arm-none-eabi/6.3.1/../../../../arm-none-eabi/lib/thumb/v7e-m\libc_nano.a(lib_a-nano-vfprintf_i.o)
                0x0000f824                _printf_i