Archive member included to satisfy reference by file (symbol)

c:/program files (x86)/atmel/studio/7.0/toolchain/arm/arm-gnu-toolchain/bin/../lib/gcc/arm-none-eabi/6.3.1/thumb/v7e-m\libgcc.a(_arm_addsubdf3.o)
                              hpl/sercom/hpl_sercom.o (__aeabi_dsub)
c:/program files (x86)/atmel/studio/7.0/toolchain/arm/arm-gnu-toolchain/bin/../lib/gcc/arm-none-eabi/6.3.1/thumb/v7e-m\libgcc.a(_arm_muldivdf3.o)
                              hpl/sercom/hpl_sercom.o (__aeabi_dmul)
c:/program files (x86)/atmel/studio/7.0/toolchain/arm/arm-gnu-toolchain/bin/../lib/gcc/arm-none-eabi/6.3.1/thumb/v7e-m\libgcc.a(_arm_fixunsdfsi.o)
                              hpl/sercom/hpl_sercom.o (__aeabi_d2uiz)
c:/program files (x86)/atmel/studio/7.0/toolchain/arm/arm-gnu-toolchain/bin/../lib/gcc/arm-none-eabi/6.3.1/thumb/v7e-m\libgcc.a(_aeabi_uldivmod.o)
                              hpl/sercom/hpl_sercom.o (__aeabi_uldivmod)
c:/program files (x86)/atmel/studio/7.0/toolchain/arm/arm-gnu-toolchain/bin/../lib/gcc/arm-none-eabi/6.3.1/thumb/v7e-m\libgcc.a(_udivmoddi4.o)
                              c:/program files (x86)/atmel/studio/7.0/toolchain/arm/arm-gnu-toolchain/bin/../lib/gcc/arm-none-eabi/6.3.1/thumb/v7e-m\libgcc.a(_aeabi_uldivmod.o) (__udivmoddi4)
c:/program files (x86)/atmel/studio/7.0/toolchain/arm/arm-gnu-toolchain/bin/../lib/gcc/arm-none-eabi/6.3.1/thumb/v7e-m\libgcc.a(_dvmd_tls.o)
                              c:/program files (x86)/atmel/studio/7.0/toolchain/arm/arm-gnu-toolchain/bin/../lib/gcc/arm-none-eabi/6.3.1/thumb/v7e-m\libgcc.a(_aeabi_uldivmod.o) (__aeabi_ldiv0)
c:/program files (x86)/atmel/studio/7.0/toolchain/arm/arm-gnu-toolchain/bin/../lib/gcc/arm-none-eabi/6.3.1/../../../../arm-none-eabi/lib/thumb/v7e-m\libc_nano.a(lib_a-exit.o)
                              c:/program files (x86)/atmel/studio/7.0/toolchain/arm/arm-gnu-toolchain/bin/../lib/gcc/arm-none-eabi/6.3.1/../../../../arm-none-eabi/lib/thumb/v7e-m/crt0.o (exit)
c:/program files (x86)/atmel/studio/7.0/toolchain/arm/arm-gnu-toolchain/bin/../lib/gcc/arm-none-eabi/6.3.1/../../../../arm-none-eabi/lib/thumb/v7e-m\libc_nano.a(lib_a-impure.o)
                              c:/program files (x86)/atmel/studio/7.0/toolchain/arm/arm-gnu-toolchain/bin/../lib/gcc/arm-none-eabi/6.3.1/../../../../arm-none-eabi/lib/thumb/v7e-m\libc_nano.a(lib_a-exit.o) (_global_impure_ptr)
c:/program files (x86)/atmel/studio/7.0/toolchain/arm/arm-gnu-toolchain/bin/../lib/gcc/arm-none-eabi/6.3.1/../../../../arm-none-eabi/lib/thumb/v7e-m\libc_nano.a(lib_a-init.o)
                              c:/program files (x86)/atmel/studio/7.0/toolchain/arm/arm-gnu-toolchain/bin/../lib/gcc/arm-none-eabi/6.3.1/../../../../arm-none-eabi/lib/thumb/v7e-m/crt0.o (__libc_init_array)
c:/program files (x86)/atmel/studio/7.0/toolchain/arm/arm-gnu-toolchain/bin/../lib/gcc/arm-none-eabi/6.3.1/../../../../arm-none-eabi/lib/thumb/v7e-m\libc_nano.a(lib_a-malloc.o)
                              main.o (malloc)
c:/program files (x86)/atmel/studio/7.0/toolchain/arm/arm-gnu-toolchain/bin/../lib/gcc/arm-none-eabi/6.3.1/../../../../arm-none-eabi/lib/thumb/v7e-m\libc_nano.a(lib_a-memcpy-stub.o)
                              hpl/nvmctrl/hpl_nvmctrl.o (memcpy)
c:/program files (x86)/atmel/studio/7.0/toolchain/arm/arm-gnu-toolchain/bin/../lib/gcc/arm-none-eabi/6.3.1/../../../../arm-none-eabi/lib/thumb/v7e-m\libc_nano.a(lib_a-memset.o)
                              c:/program files (x86)/atmel/studio/7.0/toolchain/arm/arm-gnu-toolchain/bin/../lib/gcc/arm-none-eabi/6.3.1/../../../../arm-none-eabi/lib/thumb/v7e-m/crt0.o (memset)
c:/program files (x86)/atmel/studio/7.0/toolchain/arm/arm-gnu-toolchain/bin/../lib/gcc/arm-none-eabi/6.3.1/../../../../arm-none-eabi/lib/thumb/v7e-m\libc_nano.a(lib_a-nano-freer.o)
                              c:/program files (x86)/atmel/studio/7.0/toolchain/arm/arm-gnu-toolchain/bin/../lib/gcc/arm-none-eabi/6.3.1/../../../../arm-none-eabi/lib/thumb/v7e-m\libc_nano.a(lib_a-malloc.o) (_free_r)
c:/program files (x86)/atmel/studio/7.0/toolchain/arm/arm-gnu-toolchain/bin/../lib/gcc/arm-none-eabi/6.3.1/../../../../arm-none-eabi/lib/thumb/v7e-m\libc_nano.a(lib_a-nano-mallocr.o)
                              c:/program files (x86)/atmel/studio/7.0/toolchain/arm/arm-gnu-toolchain/bin/../lib/gcc/arm-none-eabi/6.3.1/../../../../arm-none-eabi/lib/thumb/v7e-m\libc_nano.a(lib_a-malloc.o) (_malloc_r)
c:/program files (x86)/atmel/studio/7.0/toolchain/arm/arm-gnu-toolchain/bin/../lib/gcc/arm-none-eabi/6.3.1/../../../../arm-none-eabi/lib/thumb/v7e-m\libc_nano.a(lib_a-printf.o)
                              hal/utils/src/utils_syscalls.o (printf)
c:/program files (x86)/atmel/studio/7.0/toolchain/arm/arm-gnu-toolchain/bin/../lib/gcc/arm-none-eabi/6.3.1/../../../../arm-none-eabi/lib/thumb/v7e-m\libc_nano.a(lib_a-sbrkr.o)
[...]
Memory Configuration

Name             Origin             Length             Attributes
rom              0x00004000         0x0007a000         xr
ram              0x20000000         0x00040000         xrw
bkupram          0x47000000         0x00002000         xrw
qspi             0x04000000         0x01000000         xrw
*default*        0x00000000         0xffffffff

Linker script and memory map

LOAD c:/program files (x86)/atmel/studio/7.0/toolchain/arm/arm-gnu-toolchain/bin/../lib/gcc/arm-none-eabi/6.3.1/thumb/v7e-m/crti.o
LOAD c:/program files (x86)/atmel/studio/7.0/toolchain/arm/arm-gnu-toolchain/bin/../lib/gcc/arm-none-eabi/6.3.1/thumb/v7e-m/crtbegin.o
LOAD c:/program files (x86)/atmel/studio/7.0/toolchain/arm/arm-gnu-toolchain/bin/../lib/gcc/arm-none-eabi/6.3.1/../../../../arm-none-eabi/lib/thumb/v7e-m/crt0.o
LOAD atmel_start.o
LOAD Device_Startup/startup_samd51.o
LOAD Device_Startup/system_samd51.o
LOAD driver_init.o
LOAD examples/driver_examples.o
LOAD hal/src/hal_adc_async.o
LOAD hal/src/hal_atomic.o
LOAD hal/src/hal_cache.o
LOAD hal/src/hal_delay.o
LOAD hal/src/hal_flash.o
LOAD hal/src/hal_gpio.o
LOAD hal/src/hal_i2c_m_async.o
LOAD hal/src/hal_init.o
LOAD hal/src/hal_io.o
LOAD hal/src/hal_sleep.o
LOAD hal/src/hal_spi_m_dma.o
LOAD hal/src/hal_usart_async.o
LOAD hal/utils/src/utils_assert.o
LOAD hal/utils/src/utils_event.o
LOAD hal/utils/src/utils_list.o
LOAD hal/utils/src/utils_ringbuffer.o
LOAD hal/utils/src/utils_syscalls.o
LOAD hpl/adc/hpl_adc.o
LOAD hpl/cmcc/hpl_cmcc.o
LOAD hpl/core/hpl_core_m4.o
LOAD hpl/core/hpl_init.o
LOAD hpl/dmac/hpl_dmac.o
LOAD hpl/gclk/hpl_gclk.o
LOAD hpl/mclk/hpl_mclk.o
LOAD hpl/nvmctrl/hpl_nvmctrl.o
LOAD hpl/osc32kctrl/hpl_osc32kctrl.o
LOAD hpl/oscctrl/hpl_oscctrl.o
LOAD hpl/pm/hpl_pm.o
LOAD hpl/ramecc/hpl_ramecc.o
LOAD hpl/sercom/hpl_sercom.o
LOAD hpl/systick/hpl_systick.o
LOAD main.o
START GROUP
LOAD c:/program files (x86)/atmel/studio/7.0/toolchain/arm/arm-gnu-toolchain/bin/../lib/gcc/arm-none-eabi/6.3.1/../../../../arm-none-eabi/lib/thumb/v7e-m\libm.a
END GROUP
START GROUP
LOAD c:/program files (x86)/atmel/studio/7.0/toolchain/arm/arm-gnu-toolchain/bin/../lib/gcc/arm-none-eabi/6.3.1/thumb/v7e-m\libgcc.a
LOAD c:/program files (x86)/atmel/studio/7.0/toolchain/arm/arm-gnu-toolchain/bin/../lib/gcc/arm-none-eabi/6.3.1/../../../../arm-none-eabi/lib/thumb/v7e-m\libc_nano.a
END GROUP
START GROUP
LOAD c:/program files (x86)/atmel/studio/7.0/toolchain/arm/arm-gnu-toolchain/bin/../lib/gcc/arm-none-eabi/6.3.1/thumb/v7e-m\libgcc.a
LOAD c:/program files (x86)/atmel/studio/7.0/toolchain/arm/arm-gnu-toolchain/bin/../lib/gcc/arm-none-eabi/6.3.1/../../../../arm-none-eabi/lib/thumb/v7e-m\libc_nano.a
END GROUP
LOAD c:/program files (x86)/atmel/studio/7.0/toolchain/arm/arm-gnu-toolchain/bin/../lib/gcc/arm-none-eabi/6.3.1/thumb/v7e-m/crtend.o
LOAD c:/program files (x86)/atmel/studio/7.0/toolchain/arm/arm-gnu-toolchain/bin/../lib/gcc/arm-none-eabi/6.3.1/thumb/v7e-m/crtn.o
                0x00010000                STACK_SIZE = DEFINED (STACK_SIZE)?STACK_SIZE:DEFINED (__stack_size__)?__stack_size__:0x10000

.text           0x00004000     0x3120
                0x00004000                . = ALIGN (0x4)
                0x00004000                _sfixed = .
 *(.vectors .vectors.*)
 .vectors       0x00004000      0x264 Device_Startup/startup_samd51.o
                0x00004000                exception_table
 *(.text .text.* .gnu.linkonce.t.*)
 .text          0x00004264       0x6c c:/program files (x86)/atmel/studio/7.0/toolchain/arm/arm-gnu-toolchain/bin/../lib/gcc/arm-none-eabi/6.3.1/thumb/v7e-m/crtbegin.o
 .text.atmel_start_init
                0x000042d0        0x8 atmel_start.o
                0x000042d0                atmel_start_init
 .text.Dummy_Handler
                0x000042d8        0x2 Device_Startup/startup_samd51.o
                0x000042d8                EIC_5_Handler
                0x000042d8                SVCall_Handler
                0x000042d8                SERCOM0_2_Handler
                0x000042d8                EIC_13_Handler
                0x000042d8                EVSYS_0_Handler
                0x000042d8                TCC1_3_Handler
                0x000042d8                DAC_3_Handler
                0x000042d8                TRNG_Handler
                0x000042d8                HardFault_Handler
                0x000042d8                TC2_Handler
                0x000042d8                PDEC_2_Handler
                0x000042d8                EIC_4_Handler
                0x000042d8                AC_Handler
                0x000042d8                SERCOM3_1_Handler
                0x000042d8                SysTick_Handler
                0x000042d8                TCC2_3_Handler
                0x000042d8                SERCOM3_2_Handler
                0x000042d8                PendSV_Handler
                0x000042d8                TC7_Handler
                0x000042d8                EVSYS_3_Handler
                0x000042d8                PDEC_0_Handler
                0x000042d8                QSPI_Handler
                0x000042d8                NonMaskableInt_Handler
                0x000042d8                TCC0_0_Handler
                0x000042d8                EIC_3_Handler
                0x000042d8                MemManagement_Handler
                0x000042d8                DAC_2_Handler
                0x000042d8                SERCOM0_0_Handler
                0x000042d8                RTC_Handler
                0x000042d8                UsageFault_Handler
                0x000042d8                SERCOM4_0_Handler
                0x000042d8                EIC_10_Handler
                0x000042d8                SERCOM0_3_Handler
                0x000042d8                EIC_11_Handler
                0x000042d8                EIC_9_Handler
                0x000042d8                OSC32KCTRL_Handler
                0x000042d8                TCC2_1_Handler
                0x000042d8                SUPC_1_Handler
                0x000042d8                TCC0_5_Handler
                0x000042d8                TCC0_6_Handler
                0x000042d8                SERCOM6_2_Handler
                0x000042d8                EVSYS_1_Handler
                0x000042d8                TCC1_4_Handler
                0x000042d8                TC6_Handler
                0x000042d8                WDT_Handler
                0x000042d8                EIC_8_Handler
                0x000042d8                EIC_15_Handler
                0x000042d8                SERCOM6_0_Handler
                0x000042d8                TC4_Handler
                0x000042d8                TC1_Handler
                0x000042d8                OSCCTRL_4_Handler
                0x000042d8                SERCOM4_3_Handler
                0x000042d8                EIC_12_Handler
                0x000042d8                TCC4_2_Handler
                0x000042d8                PAC_Handler
                0x000042d8                TCC1_0_Handler
                0x000042d8                USB_0_Handler
                0x000042d8                OSCCTRL_0_Handler
                0x000042d8                EIC_0_Handler
                0x000042d8                OSCCTRL_3_Handler
                0x000042d8                SERCOM4_1_Handler
                0x000042d8                TC3_Handler
                0x000042d8                Dummy_Handler
                0x000042d8                TCC3_0_Handler
                0x000042d8                TCC2_2_Handler
                0x000042d8                TCC1_1_Handler
                0x000042d8                SERCOM0_1_Handler
                0x000042d8                OSCCTRL_2_Handler
                0x000042d8                TCC1_2_Handler
                0x000042d8                SERCOM7_1_Handler
                0x000042d8                USB_1_Handler
                0x000042d8                PM_Handler
                0x000042d8                SERCOM6_3_Handler
                0x000042d8                DAC_4_Handler
                0x000042d8                TCC3_2_Handler
                0x000042d8                SERCOM7_0_Handler
                0x000042d8                TCC0_2_Handler
                0x000042d8                TCC4_0_Handler
                0x000042d8                SERCOM7_3_Handler
                0x000042d8                SDHC1_Handler
                0x000042d8                USB_3_Handler
                0x000042d8                SERCOM7_2_Handler
                0x000042d8                TCC2_0_Handler
                0x000042d8                PDEC_1_Handler
                0x000042d8                TCC4_1_Handler
                0x000042d8                USB_2_Handler
                0x000042d8                SERCOM6_1_Handler
                0x000042d8                SDHC0_Handler
                0x000042d8                SERCOM1_1_Handler
                0x000042d8                I2S_Handler
                0x000042d8                EIC_2_Handler
                0x000042d8                PCC_Handler
                0x000042d8                DAC_0_Handler
                0x000042d8                TCC0_1_Handler
                0x000042d8                SERCOM1_3_Handler
                0x000042d8                EIC_6_Handler
                0x000042d8                OSCCTRL_1_Handler
                0x000042d8                SERCOM1_0_Handler
                0x000042d8                PUKCC_Handler
                0x000042d8                SERCOM1_2_Handler
                0x000042d8                SERCOM3_0_Handler
                0x000042d8                EIC_1_Handler
                0x000042d8                SERCOM4_2_Handler
                0x000042d8                EVSYS_4_Handler
                0x000042d8                EIC_7_Handler
                0x000042d8                SERCOM3_3_Handler
                0x000042d8                TCC3_1_Handler
                0x000042d8                EIC_14_Handler
                0x000042d8                DAC_1_Handler
                0x000042d8                MCLK_Handler
                0x000042d8                EVSYS_2_Handler
                0x000042d8                SUPC_0_Handler
                0x000042d8                BusFault_Handler
                0x000042d8                FREQM_Handler
                0x000042d8                TC0_Handler
                0x000042d8                TCC0_3_Handler
                0x000042d8                DebugMonitor_Handler
                0x000042d8                TCC0_4_Handler
                0x000042d8                TC5_Handler
                0x000042d8                AES_Handler
                0x000042d8                ICM_Handler
 *fill*         0x000042da        0x2 
 .text.Reset_Handler
                0x000042dc       0x78 Device_Startup/startup_samd51.o
                0x000042dc                Reset_Handler
 .text._gpio_set_pin_function
                0x00004354       0x68 driver_init.o
 .text.ADC_0_init
                0x000043bc       0x8c driver_init.o
                0x000043bc                ADC_0_init
 .text.ADC_1_init
                0x00004448       0x94 driver_init.o
                0x00004448                ADC_1_init
 .text.FLASH_0_CLOCK_init
                0x000044dc       0x10 driver_init.o
                0x000044dc                FLASH_0_CLOCK_init
 .text.FLASH_0_init
                0x000044ec       0x24 driver_init.o
                0x000044ec                FLASH_0_init
 .text.GRID_AUX_CLOCK_init
                0x00004510       0x24 driver_init.o
                0x00004510                GRID_AUX_CLOCK_init
 .text.GRID_AUX_PORT_init
                0x00004534       0x24 driver_init.o
                0x00004534                GRID_AUX_PORT_init
 .text.GRID_AUX_init
                0x00004558       0x38 driver_init.o
                0x00004558                GRID_AUX_init
 .text.SYS_I2C_PORT_init
                0x00004590       0x40 driver_init.o
                0x00004590                SYS_I2C_PORT_init
 .text.SYS_I2C_CLOCK_init
                0x000045d0       0x24 driver_init.o
                0x000045d0                SYS_I2C_CLOCK_init
 .text.SYS_I2C_init
                0x000045f4       0x2c driver_init.o
                0x000045f4                SYS_I2C_init
 .text.GRID_LED_PORT_init
                0x00004620       0x94 driver_init.o
                0x00004620                GRID_LED_PORT_init
 .text.GRID_LED_CLOCK_init
                0x000046b4       0x24 driver_init.o
                0x000046b4                GRID_LED_CLOCK_init
 .text.GRID_LED_init
                0x000046d8       0x2c driver_init.o
                0x000046d8                GRID_LED_init
 .text.delay_driver_init
                0x00004704       0x10 driver_init.o
                0x00004704                delay_driver_init
 .text.system_init
                0x00004714      0x100 driver_init.o
                0x00004714                system_init
 .text.adc_async_window_threshold_reached
                0x00004814        0x8 hal/src/hal_adc_async.o
 .text.adc_async_error_occured
                0x0000481c        0x8 hal/src/hal_adc_async.o
 .text.adc_async_channel_conversion_done
                0x00004824       0x68 hal/src/hal_adc_async.o
 .text.adc_async_init
                0x0000488c       0x4c hal/src/hal_adc_async.o
                0x0000488c                adc_async_init
 .text.adc_async_register_channel_buffer
                0x000048d8       0x6c hal/src/hal_adc_async.o
                0x000048d8                adc_async_register_channel_buffer
 .text.adc_async_enable_channel
                0x00004944       0x10 hal/src/hal_adc_async.o
                0x00004944                adc_async_enable_channel
 .text.adc_async_register_callback
                0x00004954       0x3c hal/src/hal_adc_async.o
                0x00004954                adc_async_register_callback
 .text.adc_async_read_channel
                0x00004990       0x74 hal/src/hal_adc_async.o
                0x00004990                adc_async_read_channel
 .text.adc_async_start_conversion
                0x00004a04       0x10 hal/src/hal_adc_async.o
                0x00004a04                adc_async_start_conversion
 .text.atomic_enter_critical
                0x00004a14        0xe hal/src/hal_atomic.o
                0x00004a14                atomic_enter_critical
 .text.atomic_leave_critical
                0x00004a22        0xc hal/src/hal_atomic.o
                0x00004a22                atomic_leave_critical
 *fill*         0x00004a2e        0x2 
 .text.delay_init
                0x00004a30       0x10 hal/src/hal_delay.o
                0x00004a30                delay_init
 .text.delay_ms
                0x00004a40       0x24 hal/src/hal_delay.o
                0x00004a40                delay_ms
 .text.flash_ready
                0x00004a64        0x8 hal/src/hal_flash.o
 .text.flash_error
                0x00004a6c        0x8 hal/src/hal_flash.o
 .text.flash_init
                0x00004a74       0x20 hal/src/hal_flash.o
                0x00004a74                flash_init
 .text.i2c_m_async_write
                0x00004a94       0x2c hal/src/hal_i2c_m_async.o
 .text.i2c_m_async_read
                0x00004ac0       0x2c hal/src/hal_i2c_m_async.o
 .text.i2c_tx_complete
                0x00004aec        0xe hal/src/hal_i2c_m_async.o
 .text.i2c_rx_complete
                0x00004afa        0xe hal/src/hal_i2c_m_async.o
 .text.i2c_error
                0x00004b08        0xe hal/src/hal_i2c_m_async.o
 *fill*         0x00004b16        0x2 
 .text.i2c_m_async_init
                0x00004b18       0x50 hal/src/hal_i2c_m_async.o
                0x00004b18                i2c_m_async_init
 .text.io_write
                0x00004b68        0x4 hal/src/hal_io.o
                0x00004b68                io_write
 .text._spi_m_dma_io_write
                0x00004b6c       0x18 hal/src/hal_spi_m_dma.o
 .text._spi_m_dma_io_read
                0x00004b84       0x18 hal/src/hal_spi_m_dma.o
 .text.spi_m_dma_init
                0x00004b9c       0x24 hal/src/hal_spi_m_dma.o
                0x00004b9c                spi_m_dma_init
 .text.spi_m_dma_enable
                0x00004bc0        0xc hal/src/hal_spi_m_dma.o
                0x00004bc0                spi_m_dma_enable
 .text.spi_m_dma_register_callback
                0x00004bcc        0xc hal/src/hal_spi_m_dma.o
                0x00004bcc                spi_m_dma_register_callback
 .text.spi_m_dma_get_io_descriptor
                0x00004bd8        0x8 hal/src/hal_spi_m_dma.o
                0x00004bd8                spi_m_dma_get_io_descriptor
 .text.usart_transmission_complete
                0x00004be0       0x10 hal/src/hal_usart_async.o
 .text.usart_error
                0x00004bf0       0x10 hal/src/hal_usart_async.o
 .text.usart_fill_rx_buffer
                0x00004c00       0x20 hal/src/hal_usart_async.o
 .text.usart_async_write
                0x00004c20       0x34 hal/src/hal_usart_async.o
 .text.usart_process_byte_sent
                0x00004c54       0x34 hal/src/hal_usart_async.o
 .text.usart_async_read
                0x00004c88       0x54 hal/src/hal_usart_async.o
 .text.usart_async_init
                0x00004cdc       0x60 hal/src/hal_usart_async.o
                0x00004cdc                usart_async_init
 .text.usart_async_enable
                0x00004d3c       0x10 hal/src/hal_usart_async.o
                0x00004d3c                usart_async_enable
 .text.usart_async_get_io_descriptor
                0x00004d4c        0x6 hal/src/hal_usart_async.o
                0x00004d4c                usart_async_get_io_descriptor
 .text.ringbuffer_init
                0x00004d52       0x18 hal/utils/src/utils_ringbuffer.o
                0x00004d52                ringbuffer_init
 .text.ringbuffer_get
                0x00004d6a       0x22 hal/utils/src/utils_ringbuffer.o
                0x00004d6a                ringbuffer_get
 .text.ringbuffer_put
                0x00004d8c       0x26 hal/utils/src/utils_ringbuffer.o
                0x00004d8c                ringbuffer_put
 .text.ringbuffer_num
                0x00004db2        0x8 hal/utils/src/utils_ringbuffer.o
                0x00004db2                ringbuffer_num
 *fill*         0x00004dba        0x2 
 .text._sbrk    0x00004dbc       0x1c hal/utils/src/utils_syscalls.o
                0x00004dbc                _sbrk
 .text.__NVIC_DisableIRQ
                0x00004dd8       0x28 hpl/adc/hpl_adc.o
 .text.__NVIC_ClearPendingIRQ
                0x00004e00       0x20 hpl/adc/hpl_adc.o
 .text.hri_adc_wait_for_sync
                0x00004e20        0x8 hpl/adc/hpl_adc.o
 .text.hri_adc_set_CTRLA_ENABLE_bit
                0x00004e28       0x14 hpl/adc/hpl_adc.o
 .text.hri_adc_clear_CTRLA_ENABLE_bit
                0x00004e3c       0x18 hpl/adc/hpl_adc.o
 .text._adc_get_regs
                0x00004e54       0x14 hpl/adc/hpl_adc.o
 .text._adc_interrupt_handler
                0x00004e68       0x4e hpl/adc/hpl_adc.o
 .text._adc_get_irq_num.isra.0
                0x00004eb6       0x14 hpl/adc/hpl_adc.o
 *fill*         0x00004eca        0x2 
 .text._adc_init
                0x00004ecc       0xc8 hpl/adc/hpl_adc.o
 .text._adc_async_init
                0x00004f94       0xb4 hpl/adc/hpl_adc.o
                0x00004f94                _adc_async_init
 .text._adc_async_enable_channel
                0x00005048        0xc hpl/adc/hpl_adc.o
                0x00005048                _adc_async_enable_channel
 .text._adc_async_get_data_size
                0x00005054       0x12 hpl/adc/hpl_adc.o
                0x00005054                _adc_async_get_data_size
 *fill*         0x00005066        0x2 
 .text._adc_async_convert
                0x00005068       0x18 hpl/adc/hpl_adc.o
                0x00005068                _adc_async_convert
 .text._adc_async_set_irq_state
                0x00005080       0x20 hpl/adc/hpl_adc.o
                0x00005080                _adc_async_set_irq_state
 .text.ADC0_1_Handler
                0x000050a0       0x10 hpl/adc/hpl_adc.o
                0x000050a0                ADC0_1_Handler
 .text.ADC0_0_Handler
                0x000050b0        0x8 hpl/adc/hpl_adc.o
                0x000050b0                ADC0_0_Handler
 .text.ADC1_1_Handler
                0x000050b8       0x10 hpl/adc/hpl_adc.o
                0x000050b8                ADC1_1_Handler
 .text.ADC1_0_Handler
                0x000050c8        0x8 hpl/adc/hpl_adc.o
                0x000050c8                ADC1_0_Handler
 .text._get_cycles_for_ms
                0x000050d0        0x8 hpl/core/hpl_core_m4.o
                0x000050d0                _get_cycles_for_ms
 .text._init_chip
                0x000050d8       0x58 hpl/core/hpl_init.o
                0x000050d8                _init_chip
 .text._dmac_handler
                0x00005130       0x50 hpl/dmac/hpl_dmac.o
 .text._dma_init
                0x00005180       0xcc hpl/dmac/hpl_dmac.o
                0x00005180                _dma_init
 .text._dma_set_irq_state
                0x0000524c       0x28 hpl/dmac/hpl_dmac.o
                0x0000524c                _dma_set_irq_state
 .text._dma_set_destination_address
                0x00005274       0x10 hpl/dmac/hpl_dmac.o
                0x00005274                _dma_set_destination_address
 .text._dma_set_source_address
                0x00005284       0x10 hpl/dmac/hpl_dmac.o
                0x00005284                _dma_set_source_address
 .text._dma_srcinc_enable
                0x00005294       0x1c hpl/dmac/hpl_dmac.o
                0x00005294                _dma_srcinc_enable
 .text._dma_set_data_amount
                0x000052b0       0x44 hpl/dmac/hpl_dmac.o
                0x000052b0                _dma_set_data_amount
 .text._dma_enable_transaction
                0x000052f4       0x3c hpl/dmac/hpl_dmac.o
                0x000052f4                _dma_enable_transaction
 .text._dma_get_channel_resource
                0x00005330       0x14 hpl/dmac/hpl_dmac.o
                0x00005330                _dma_get_channel_resource
 .text.DMAC_0_Handler
                0x00005344        0x8 hpl/dmac/hpl_dmac.o
                0x00005344                DMAC_0_Handler
 .text.DMAC_1_Handler
                0x0000534c        0x8 hpl/dmac/hpl_dmac.o
                0x0000534c                DMAC_1_Handler
 .text.DMAC_2_Handler
                0x00005354        0x8 hpl/dmac/hpl_dmac.o
                0x00005354                DMAC_2_Handler
 .text.DMAC_3_Handler
                0x0000535c        0x8 hpl/dmac/hpl_dmac.o
                0x0000535c                DMAC_3_Handler
 .text.DMAC_4_Handler
                0x00005364        0x8 hpl/dmac/hpl_dmac.o
                0x00005364                DMAC_4_Handler
 .text._gclk_init_generators_by_fref
                0x0000536c       0x50 hpl/gclk/hpl_gclk.o
                0x0000536c                _gclk_init_generators_by_fref
 .text._mclk_init
                0x000053bc        0xc hpl/mclk/hpl_mclk.o
                0x000053bc                _mclk_init
 .text._flash_init
                0x000053c8       0x4c hpl/nvmctrl/hpl_nvmctrl.o
                0x000053c8                _flash_init
 .text.NVMCTRL_1_Handler
                0x00005414       0x2c hpl/nvmctrl/hpl_nvmctrl.o
                0x00005414                NVMCTRL_1_Handler
 .text.NVMCTRL_0_Handler
                0x00005440        0x8 hpl/nvmctrl/hpl_nvmctrl.o
                0x00005440                NVMCTRL_0_Handler
 .text._osc32kctrl_init_sources
                0x00005448       0x14 hpl/osc32kctrl/hpl_osc32kctrl.o
                0x00005448                _osc32kctrl_init_sources
 .text._oscctrl_init_sources
                0x0000545c       0x18 hpl/oscctrl/hpl_oscctrl.o
                0x0000545c                _oscctrl_init_sources
 .text._oscctrl_init_referenced_generators
                0x00005474       0xc4 hpl/oscctrl/hpl_oscctrl.o
                0x00005474                _oscctrl_init_referenced_generators
 .text.RAMECC_Handler
                0x00005538       0x3c hpl/ramecc/hpl_ramecc.o
                0x00005538                RAMECC_Handler
 .text.__NVIC_EnableIRQ
                0x00005574       0x1c hpl/sercom/hpl_sercom.o
 .text.__NVIC_DisableIRQ
                0x00005590       0x28 hpl/sercom/hpl_sercom.o
 .text.__NVIC_ClearPendingIRQ
                0x000055b8       0x20 hpl/sercom/hpl_sercom.o
 .text.hri_sercomi2cm_wait_for_sync
                0x000055d8        0x8 hpl/sercom/hpl_sercom.o
 .text.hri_sercomspi_wait_for_sync
                0x000055e0        0x8 hpl/sercom/hpl_sercom.o
 .text.hri_sercomusart_wait_for_sync
                0x000055e8        0x8 hpl/sercom/hpl_sercom.o
 .text.hri_sercomi2cm_clear_CTRLA_ENABLE_bit
                0x000055f0       0x14 hpl/sercom/hpl_sercom.o
 .text.hri_sercomspi_clear_CTRLA_ENABLE_bit
                0x00005604       0x14 hpl/sercom/hpl_sercom.o
 .text.hri_sercomusart_clear_CTRLA_ENABLE_bit
                0x00005618       0x14 hpl/sercom/hpl_sercom.o
 .text._sercom_get_hardware_index
                0x0000562c       0x34 hpl/sercom/hpl_sercom.o
 .text._sercom_init_irq_param
                0x00005660       0x24 hpl/sercom/hpl_sercom.o
 .text._get_i2cm_index
                0x00005684       0x14 hpl/sercom/hpl_sercom.o
 .text._sercom_get_irq_num
                0x00005698       0x14 hpl/sercom/hpl_sercom.o
 .text._spi_sync_enable
                0x000056ac       0x28 hpl/sercom/hpl_sercom.o
 .text._spi_get_regs
                0x000056d4       0x18 hpl/sercom/hpl_sercom.o
 .text._spi_get_rx_dma_channel
                0x000056ec       0x14 hpl/sercom/hpl_sercom.o
 .text._spi_dma_rx_complete
                0x00005700        0xa hpl/sercom/hpl_sercom.o
 .text._spi_dma_tx_complete
                0x0000570a        0xa hpl/sercom/hpl_sercom.o
 .text._spi_dma_error_occured
                0x00005714        0xa hpl/sercom/hpl_sercom.o
 *fill*         0x0000571e        0x2 
 .text._sercom_i2c_send_stop
                0x00005720       0x14 hpl/sercom/hpl_sercom.o
 .text._sercom_i2c_sync_analyse_flags
                0x00005734      0x16c hpl/sercom/hpl_sercom.o
 .text._spi_load_regs_master
                0x000058a0       0x3c hpl/sercom/hpl_sercom.o
 .text._i2c_m_sync_init_impl
                0x000058dc       0xb0 hpl/sercom/hpl_sercom.o
 .text._usart_init
                0x0000598c       0x6c hpl/sercom/hpl_sercom.o
 .text._usart_async_init
                0x000059f8       0x64 hpl/sercom/hpl_sercom.o
                0x000059f8                _usart_async_init
 .text._usart_async_enable
                0x00005a5c       0x14 hpl/sercom/hpl_sercom.o
                0x00005a5c                _usart_async_enable
 .text._usart_async_write_byte
                0x00005a70        0x6 hpl/sercom/hpl_sercom.o
                0x00005a70                _usart_async_write_byte
 .text._usart_async_enable_byte_sent_irq
                0x00005a76        0x8 hpl/sercom/hpl_sercom.o
                0x00005a76                _usart_async_enable_byte_sent_irq
 .text._usart_async_enable_tx_done_irq
                0x00005a7e        0x8 hpl/sercom/hpl_sercom.o
                0x00005a7e                _usart_async_enable_tx_done_irq
 *fill*         0x00005a86        0x2 
 .text._i2c_m_async_init
                0x00005a88       0x64 hpl/sercom/hpl_sercom.o
                0x00005a88                _i2c_m_async_init
 .text._i2c_m_async_transfer
                0x00005aec       0xc0 hpl/sercom/hpl_sercom.o
                0x00005aec                _i2c_m_async_transfer
 .text._i2c_m_async_register_callback
                0x00005bac       0x1a hpl/sercom/hpl_sercom.o
                0x00005bac                _i2c_m_async_register_callback
 *fill*         0x00005bc6        0x2 
 .text.SERCOM2_3_Handler
                0x00005bc8       0x6c hpl/sercom/hpl_sercom.o
                0x00005bc8                SERCOM2_3_Handler
 .text.SERCOM2_2_Handler
                0x00005c34        0x8 hpl/sercom/hpl_sercom.o
                0x00005c34                SERCOM2_2_Handler
 .text.SERCOM2_1_Handler
                0x00005c3c        0x8 hpl/sercom/hpl_sercom.o
                0x00005c3c                SERCOM2_1_Handler
 .text.SERCOM2_0_Handler
                0x00005c44        0x8 hpl/sercom/hpl_sercom.o
                0x00005c44                SERCOM2_0_Handler
 .text.SERCOM5_3_Handler
                0x00005c4c       0x64 hpl/sercom/hpl_sercom.o
                0x00005c4c                SERCOM5_3_Handler
 .text.SERCOM5_2_Handler
                0x00005cb0        0x8 hpl/sercom/hpl_sercom.o
                0x00005cb0                SERCOM5_2_Handler
 .text.SERCOM5_1_Handler
                0x00005cb8        0x8 hpl/sercom/hpl_sercom.o
                0x00005cb8                SERCOM5_1_Handler
 .text.SERCOM5_0_Handler
                0x00005cc0        0x8 hpl/sercom/hpl_sercom.o
                0x00005cc0                SERCOM5_0_Handler
 .text._spi_m_dma_init
                0x00005cc8       0xb4 hpl/sercom/hpl_sercom.o
                0x00005cc8                _spi_m_dma_init
 .text._spi_m_dma_enable
                0x00005d7c        0xc hpl/sercom/hpl_sercom.o
                0x00005d7c                _spi_m_dma_enable
 .text._spi_m_dma_register_callback
                0x00005d88       0x60 hpl/sercom/hpl_sercom.o
                0x00005d88                _spi_m_dma_register_callback
 .text._spi_m_dma_transfer
                0x00005de8       0xec hpl/sercom/hpl_sercom.o
                0x00005de8                _spi_m_dma_transfer
 .text._delay_init
                0x00005ed4       0x14 hpl/systick/hpl_systick.o
                0x00005ed4                _delay_init
 .text._delay_cycles
                0x00005ee8       0x38 hpl/systick/hpl_systick.o
                0x00005ee8                _delay_cycles
 .text.convert_cb_ADC_1
                0x00005f20        0xc main.o
 .text.tx_complete_cb_GRID_LED
                0x00005f2c        0xc main.o
 .text.grid_led_set_color
                0x00005f38       0x38 main.o
                0x00005f38                grid_led_set_color
 .text.grid_led_init
                0x00005f70       0xf4 main.o
                0x00005f70                grid_led_init
 .text.grid_led_tick
                0x00006064       0x3c main.o
                0x00006064                grid_led_tick
 .text.grid_led_render
                0x000060a0       0xac main.o
                0x000060a0                grid_led_render
 .text.grid_led_render_all
                0x0000614c       0x20 main.o
                0x0000614c                grid_led_render_all
 .text.grid_ain_channel_init
                0x0000616c       0x34 main.o
                0x0000616c                grid_ain_channel_init
 .text.grid_ain_init
                0x000061a0       0x4c main.o
                0x000061a0                grid_ain_init
 .text.grid_ain_add_sample
                0x000061ec       0xd0 main.o
                0x000061ec                grid_ain_add_sample
 .text.grid_ain_get_average
                0x000062bc       0x18 main.o
                0x000062bc                grid_ain_get_average
 .text.grid_tel_event_handler
                0x000062d4       0x28 main.o
                0x000062d4                grid_tel_event_handler
 .text.grid_tel_event_register
                0x000062fc       0x40 main.o
                0x000062fc                grid_tel_event_register
 .text.grid_tel_calculate_event_frequency
                0x0000633c       0x1e main.o
                0x0000633c                grid_tel_calculate_event_frequency
 *fill*         0x0000635a        0x2 
 .text.grid_tel_frequency_tick
                0x0000635c       0x20 main.o
                0x0000635c                grid_tel_frequency_tick
 .text.startup.main
                0x0000637c      0x224 main.o
                0x0000637c                main
 .text.__libc_init_array
                0x000065a0       0x48 c:/program files (x86)/atmel/studio/7.0/toolchain/arm/arm-gnu-toolchain/bin/../lib/gcc/arm-none-eabi/6.3.1/../../../../arm-none-eabi/lib/thumb/v7e-m\libc_nano.a(lib_a-init.o)
                0x000065a0                __libc_init_array
 .text.malloc   0x000065e8       0x10 c:/program files (x86)/atmel/studio/7.0/toolchain/arm/arm-gnu-toolchain/bin/../lib/gcc/arm-none-eabi/6.3.1/../../../../arm-none-eabi/lib/thumb/v7e-m\libc_nano.a(lib_a-malloc.o)
                0x000065e8                malloc
 .text.memcpy   0x000065f8       0x16 c:/program files (x86)/atmel/studio/7.0/toolchain/arm/arm-gnu-toolchain/bin/../lib/gcc/arm-none-eabi/6.3.1/../../../../arm-none-eabi/lib/thumb/v7e-m\libc_nano.a(lib_a-memcpy-stub.o)
                0x000065f8                memcpy
 *fill*         0x0000660e        0x2 
 .text._free_r  0x00006610       0x9c c:/program files (x86)/atmel/studio/7.0/toolchain/arm/arm-gnu-toolchain/bin/../lib/gcc/arm-none-eabi/6.3.1/../../../../arm-none-eabi/lib/thumb/v7e-m\libc_nano.a(lib_a-nano-freer.o)
                0x00006610                _free_r
 .text._malloc_r
                0x000066ac       0xbc c:/program files (x86)/atmel/studio/7.0/toolchain/arm/arm-gnu-toolchain/bin/../lib/gcc/arm-none-eabi/6.3.1/../../../../arm-none-eabi/lib/thumb/v7e-m\libc_nano.a(lib_a-nano-mallocr.o)
                0x000066ac                _malloc_r
 .text._sbrk_r  0x00006768       0x20 c:/program files (x86)/atmel/studio/7.0/toolchain/arm/arm-gnu-toolchain/bin/../lib/gcc/arm-none-eabi/6.3.1/../../../../arm-none-eabi/lib/thumb/v7e-m\libc_nano.a(lib_a-sbrkr.o)
                0x00006768                _sbrk_r
 .text.sprintf  0x00006788       0x48 c:/program files (x86)/atmel/studio/7.0/toolchain/arm/arm-gnu-toolchain/bin/../lib/gcc/arm-none-eabi/6.3.1/../../../../arm-none-eabi/lib/thumb/v7e-m\libc_nano.a(lib_a-sprintf.o)
                0x00006788                siprintf
                0x00006788                sprintf
 .text.__malloc_lock
                0x000067d0        0x2 c:/program files (x86)/atmel/studio/7.0/toolchain/arm/arm-gnu-toolchain/bin/../lib/gcc/arm-none-eabi/6.3.1/../../../../arm-none-eabi/lib/thumb/v7e-m\libc_nano.a(lib_a-mlock.o)
                0x000067d0                __malloc_lock
 .text.__malloc_unlock
                0x000067d2        0x2 c:/program files (x86)/atmel/studio/7.0/toolchain/arm/arm-gnu-toolchain/bin/../lib/gcc/arm-none-eabi/6.3.1/../../../../arm-none-eabi/lib/thumb/v7e-m\libc_nano.a(lib_a-mlock.o)
                0x000067d2                __malloc_unlock
 .text.__ssputs_r
                0x000067d4       0xb6 c:/program files (x86)/atmel/studio/7.0/toolchain/arm/arm-gnu-toolchain/bin/../lib/gcc/arm-none-eabi/6.3.1/../../../../arm-none-eabi/lib/thumb/v7e-m\libc_nano.a(lib_a-nano-svfprintf.o)
                0x000067d4                __ssputs_r
 *fill*         0x0000688a        0x2 
 .text._svfprintf_r
                0x0000688c      0x1e8 c:/program files (x86)/atmel/studio/7.0/toolchain/arm/arm-gnu-toolchain/bin/../lib/gcc/arm-none-eabi/6.3.1/../../../../arm-none-eabi/lib/thumb/v7e-m\libc_nano.a(lib_a-nano-svfprintf.o)
                0x0000688c                _svfiprintf_r
                0x0000688c                _svfprintf_r
 .text._printf_common
                0x00006a74       0xec c:/program files (x86)/atmel/studio/7.0/toolchain/arm/arm-gnu-toolchain/bin/../lib/gcc/arm-none-eabi/6.3.1/../../../../arm-none-eabi/lib/thumb/v7e-m\libc_nano.a(lib_a-nano-vfprintf_i.o)
                0x00006a74                _printf_common
 .text._printf_i
                0x00006b60      0x240 c:/program files (x86)/atmel/studio/7.0/toolchain/arm/arm-gnu-toolchain/bin/../lib/gcc/arm-none-eabi/6.3.1/../../../../arm-none-eabi/lib/thumb/v7e-m\libc_nano.a(lib_a-nano-vfprintf_i.o)
                0x00006b60                _printf_i
 .text          0x00006da0       0xa0 c:/program files (x86)/atmel/studio/7.0/toolchain/arm/arm-gnu-toolchain/bin/../lib/gcc/arm-none-eabi/6.3.1/../../../../arm-none-eabi/lib/thumb/v7e-m\libc_nano.a(lib_a-memchr.o)
                0x00006da0                memchr
 .text.memmove  0x00006e40       0x34 c:/program files (x86)/atmel/studio/7.0/toolchain/arm/arm-gnu-toolchain/bin/../lib/gcc/arm-none-eabi/6.3.1/../../../../arm-none-eabi/lib/thumb/v7e-m\libc_nano.a(lib_a-memmove.o)
                0x00006e40                memmove
 .text._realloc_r
                0x00006e74       0x4c c:/program files (x86)/atmel/studio/7.0/toolchain/arm/arm-gnu-toolchain/bin/../lib/gcc/arm-none-eabi/6.3.1/../../../../arm-none-eabi/lib/thumb/v7e-m\libc_nano.a(lib_a-nano-reallocr.o)
                0x00006e74                _realloc_r
 .text._malloc_usable_size_r
                0x00006ec0       0x12 c:/program files (x86)/atmel/studio/7.0/toolchain/arm/arm-gnu-toolchain/bin/../lib/gcc/arm-none-eabi/6.3.1/../../../../arm-none-eabi/lib/thumb/v7e-m\libc_nano.a(lib_a-nano-msizer.o)
                0x00006ec0                _malloc_usable_size_r
 *(.glue_7t)
 .glue_7t       0x00006ed2        0x0 linker stubs
 *(.glue_7)
 .glue_7        0x00006ed2        0x0 linker stubs
 *(.rodata .rodata* .gnu.linkonce.r.*)
 .rodata        0x00006ed2       0x2c hpl/adc/hpl_adc.o
 *fill*         0x00006efe        0x2 
 .rodata        0x00006f00      0x100 hpl/dmac/hpl_dmac.o
 .rodata        0x00007000       0x4c hpl/sercom/hpl_sercom.o
 .rodata.str1.1
                0x0000704c       0x20 main.o
 .rodata.__sf_fake_stderr
                0x0000706c       0x20 c:/program files (x86)/atmel/studio/7.0/toolchain/arm/arm-gnu-toolchain/bin/../lib/gcc/arm-none-eabi/6.3.1/../../../../arm-none-eabi/lib/thumb/v7e-m\libc_nano.a(lib_a-findfp.o)
                0x0000706c                __sf_fake_stderr
 .rodata.__sf_fake_stdin
                0x0000708c       0x20 c:/program files (x86)/atmel/studio/7.0/toolchain/arm/arm-gnu-toolchain/bin/../lib/gcc/arm-none-eabi/6.3.1/../../../../arm-none-eabi/lib/thumb/v7e-m\libc_nano.a(lib_a-findfp.o)
                0x0000708c                __sf_fake_stdin
 .rodata.__sf_fake_stdout
                0x000070ac       0x20 c:/program files (x86)/atmel/studio/7.0/toolchain/arm/arm-gnu-toolchain/bin/../lib/gcc/arm-none-eabi/6.3.1/../../../../arm-none-eabi/lib/thumb/v7e-m\libc_nano.a(lib_a-findfp.o)
                0x000070ac                __sf_fake_stdout
 .rodata._svfprintf_r.str1.1
                0x000070cc       0x11 c:/program files (x86)/atmel/studio/7.0/toolchain/arm/arm-gnu-toolchain/bin/../lib/gcc/arm-none-eabi/6.3.1/../../../../arm-none-eabi/lib/thumb/v7e-m\libc_nano.a(lib_a-nano-svfprintf.o)
 .rodata._printf_i.str1.1
                0x000070dd       0x22 c:/program files (x86)/atmel/studio/7.0/toolchain/arm/arm-gnu-toolchain/bin/../lib/gcc/arm-none-eabi/6.3.1/../../../../arm-none-eabi/lib/thumb/v7e-m\libc_nano.a(lib_a-nano-vfprintf_i.o)
 *(.ARM.extab* .gnu.linkonce.armextab.*)
                0x00007100                . = ALIGN (0x4)
 *fill*         0x000070ff        0x1 
 *(.init)
 .init          0x00007100        0x4 c:/program files (x86)/atmel/studio/7.0/toolchain/arm/arm-gnu-toolchain/bin/../lib/gcc/arm-none-eabi/6.3.1/thumb/v7e-m/crti.o
                0x00007100                _init
 .init          0x00007104        0x8 c:/program files (x86)/atmel/studio/7.0/toolchain/arm/arm-gnu-toolchain/bin/../lib/gcc/arm-none-eabi/6.3.1/thumb/v7e-m/crtn.o
                0x0000710c                . = ALIGN (0x4)
                0x0000710c                __preinit_array_start = .
 *(.preinit_array)
                0x0000710c                __preinit_array_end = .
                0x0000710c                . = ALIGN (0x4)
                0x0000710c                __init_array_start = .
 *(SORT(.init_array.*))
 *(.init_array)
 .init_array    0x0000710c        0x4 c:/program files (x86)/atmel/studio/7.0/toolchain/arm/arm-gnu-toolchain/bin/../lib/gcc/arm-none-eabi/6.3.1/thumb/v7e-m/crtbegin.o
                0x00007110                __init_array_end = .
                0x00007110                . = ALIGN (0x4)
 *crtbegin.o(.ctors)
 *(EXCLUDE_FILE(*crtend.o) .ctors)
 *(SORT(.ctors.*))
 *crtend.o(.ctors)
                0x00007110                . = ALIGN (0x4)
 *(.fini)
 .fini          0x00007110        0x4 c:/program files (x86)/atmel/studio/7.0/toolchain/arm/arm-gnu-toolchain/bin/../lib/gcc/arm-none-eabi/6.3.1/thumb/v7e-m/crti.o
                0x00007110                _fini
 .fini          0x00007114        0x8 c:/program files (x86)/atmel/studio/7.0/toolchain/arm/arm-gnu-toolchain/bin/../lib/gcc/arm-none-eabi/6.3.1/thumb/v7e-m/crtn.o
                0x0000711c                . = ALIGN (0x4)
                0x0000711c                __fini_array_start = .
 *(.fini_array)
 .fini_array    0x0000711c        0x4 c:/program files (x86)/atmel/studio/7.0/toolchain/arm/arm-gnu-toolchain/bin/../lib/gcc/arm-none-eabi/6.3.1/thumb/v7e-m/crtbegin.o
 *(SORT(.fini_array.*))
                0x00007120                __fini_array_end = .
 *crtbegin.o(.dtors)
 *(EXCLUDE_FILE(*crtend.o) .dtors)
 *(SORT(.dtors.*))
 *crtend.o(.dtors)
                0x00007120                . = ALIGN (0x4)
                0x00007120                _efixed = .
                [!provide]                PROVIDE (__exidx_start, .)

.vfp11_veneer   0x00007120        0x0
 .vfp11_veneer  0x00007120        0x0 linker stubs

.v4_bx          0x00007120        0x0
 .v4_bx         0x00007120        0x0 linker stubs

.iplt           0x00007120        0x0
 .iplt          0x00007120        0x0 c:/program files (x86)/atmel/studio/7.0/toolchain/arm/arm-gnu-toolchain/bin/../lib/gcc/arm-none-eabi/6.3.1/thumb/v7e-m/crtbegin.o

.eh_frame       0x00007120        0x0
 .eh_frame      0x00007120        0x0 c:/program files (x86)/atmel/studio/7.0/toolchain/arm/arm-gnu-toolchain/bin/../lib/gcc/arm-none-eabi/6.3.1/thumb/v7e-m/crtbegin.o

.rel.dyn        0x00007120        0x0
 .rel.iplt      0x00007120        0x0 c:/program files (x86)/atmel/studio/7.0/toolchain/arm/arm-gnu-toolchain/bin/../lib/gcc/arm-none-eabi/6.3.1/thumb/v7e-m/crtbegin.o

.jcr            0x00007120        0x0
 .jcr           0x00007120        0x0 c:/program files (x86)/atmel/studio/7.0/toolchain/arm/arm-gnu-toolchain/bin/../lib/gcc/arm-none-eabi/6.3.1/thumb/v7e-m/crtbegin.o

.igot.plt       0x00007120        0x0
 .igot.plt      0x00007120        0x0 c:/program files (x86)/atmel/studio/7.0/toolchain/arm/arm-gnu-toolchain/bin/../lib/gcc/arm-none-eabi/6.3.1/thumb/v7e-m/crtbegin.o

.ARM.exidx
 *(.ARM.exidx* .gnu.linkonce.armexidx.*)
                [!provide]                PROVIDE (__exidx_end, .)
                0x00007120                . = ALIGN (0x4)
                0x00007120                _etext = .

.relocate       0x20000000      0x368 load address 0x00007120
                0x20000000                . = ALIGN (0x4)
                0x20000000                _srelocate = .
 *(.ramfunc .ramfunc.*)
 *(.data .data.*)
 .data          0x20000000      0x304 main.o
                0x20000000                min_lookup
                0x20000100                mid_lookup
                0x20000200                max_lookup
 .data._impure_ptr
                0x20000304        0x4 c:/program files (x86)/atmel/studio/7.0/toolchain/arm/arm-gnu-toolchain/bin/../lib/gcc/arm-none-eabi/6.3.1/../../../../arm-none-eabi/lib/thumb/v7e-m\libc_nano.a(lib_a-impure.o)
                0x20000304                _impure_ptr
 .data.impure_data
                0x20000308       0x60 c:/program files (x86)/atmel/studio/7.0/toolchain/arm/arm-gnu-toolchain/bin/../lib/gcc/arm-none-eabi/6.3.1/../../../../arm-none-eabi/lib/thumb/v7e-m\libc_nano.a(lib_a-impure.o)
                0x20000368                . = ALIGN (0x4)
                0x20000368                _erelocate = .

.bkupram        0x47000000        0x0
                0x47000000                . = ALIGN (0x8)
                0x47000000                _sbkupram = .
 *(.bkupram .bkupram.*)
                0x47000000                . = ALIGN (0x8)
                0x47000000                _ebkupram = .

.qspi           0x04000000        0x0
                0x04000000                . = ALIGN (0x8)
                0x04000000                _sqspi = .
 *(.qspi .qspi.*)
                0x04000000                . = ALIGN (0x8)
                0x04000000                _eqspi = .

.bss            0x20000370      0xc04 load address 0x00007490
                0x20000370                . = ALIGN (0x4)
                0x20000370                _sbss = .
                0x20000370                _szero = .
 *(.bss .bss.*)
 .bss           0x20000370       0x1c c:/program files (x86)/atmel/studio/7.0/toolchain/arm/arm-gnu-toolchain/bin/../lib/gcc/arm-none-eabi/6.3.1/thumb/v7e-m/crtbegin.o
 .bss           0x2000038c       0x32 driver_init.o
 *fill*         0x200003be        0x2 
 .bss           0x200003c0        0x4 hal/src/hal_delay.o
 .bss           0x200003c4        0x4 hal/utils/src/utils_syscalls.o
 .bss           0x200003c8        0x8 hpl/adc/hpl_adc.o
 .bss           0x200003d0      0x180 hpl/dmac/hpl_dmac.o
 .bss           0x20000550        0x4 hpl/nvmctrl/hpl_nvmctrl.o
 .bss           0x20000554        0x8 hpl/sercom/hpl_sercom.o
 .bss           0x2000055c      0x428 main.o
                0x2000097c                grid_tel_event_head
                0x20000980                grid_tel_system_uptime
 .bss.__malloc_free_list
                0x20000984        0x4 c:/program files (x86)/atmel/studio/7.0/toolchain/arm/arm-gnu-toolchain/bin/../lib/gcc/arm-none-eabi/6.3.1/../../../../arm-none-eabi/lib/thumb/v7e-m\libc_nano.a(lib_a-nano-mallocr.o)
                0x20000984                __malloc_free_list
 .bss.__malloc_sbrk_start
                0x20000988        0x4 c:/program files (x86)/atmel/studio/7.0/toolchain/arm/arm-gnu-toolchain/bin/../lib/gcc/arm-none-eabi/6.3.1/../../../../arm-none-eabi/lib/thumb/v7e-m\libc_nano.a(lib_a-nano-mallocr.o)
                0x20000988                __malloc_sbrk_start
 *(COMMON)
 COMMON         0x2000098c      0x160 driver_init.o
                0x2000098c                FLASH_0
                0x200009a8                ADC_1_ch
                0x200009c0                SYS_I2C
                0x20000a00                GRID_AUX
                0x20000a50                ADC_0
                0x20000a7c                GRID_LED
                0x20000aa8                ADC_0_ch
                0x20000ac0                ADC_1
 *fill*         0x20000aec        0x4 
 COMMON         0x20000af0      0x400 hpl/dmac/hpl_dmac.o
                0x20000af0                _descriptor_section
                0x20000cf0                _write_back_section
 COMMON         0x20000ef0       0x10 hpl/ramecc/hpl_ramecc.o
                0x20000ef0                device
 COMMON         0x20000f00       0x6e main.o
                0x20000f00                led_smart_buffer
                0x20000f04                l_buffer
                0x20000f6c                adc_buffer
 *fill*         0x20000f6e        0x2 
 COMMON         0x20000f70        0x4 c:/program files (x86)/atmel/studio/7.0/toolchain/arm/arm-gnu-toolchain/bin/../lib/gcc/arm-none-eabi/6.3.1/../../../../arm-none-eabi/lib/thumb/v7e-m\libc_nano.a(lib_a-reent.o)
                0x20000f70                errno
                0x20000f74                . = ALIGN (0x4)
                0x20000f74                _ebss = .
                0x20000f74                _ezero = .

.stack          0x20000f74    0x10004 load address 0x00008094
                0x20000f78                . = ALIGN (0x8)
 *fill*         0x20000f74        0x4 
                0x20000f78                _sstack = .
                0x20010f78                . = (. + STACK_SIZE)
 *fill*         0x20000f78    0x10000 
                0x20010f78                . = ALIGN (0x8)
                0x20010f78                _estack = .
                0x20010f78                . = ALIGN (0x4)
                0x20010f78                _end = .
OUTPUT(grid_toplevel.elf elf32-littlearm)

.ARM.attributes
                0x00000000       0x2e
 .ARM.attributes
                0x00000000       0x1e c:/program files (x86)/atmel/studio/7.0/toolchain/arm/arm-gnu-toolchain/bin/../lib/gcc/arm-none-eabi/6.3.1/thumb/v7e-m/crti.o
 .ARM.attributes
                0x0000001e       0x2e c:/program files (x86)/atmel/studio/7.0/toolchain/arm/arm-gnu-toolchain/bin/../lib/gcc/arm-none-eabi/6.3.1/thumb/v7e-m/crtbegin.o
 .ARM.attributes
                0x0000004c       0x37 atmel_start.o
 .ARM.attributes
                0x00000083       0x37 Device_Startup/startup_samd51.o
 .ARM.attributes
                0x000000ba       0x37 driver_init.o
 .ARM.attributes
                0x000000f1       0x37 hal/src/hal_adc_async.o
 .ARM.attributes
                0x00000128       0x37 hal/src/hal_atomic.o
 .ARM.attributes
                0x0000015f       0x37 hal/src/hal_delay.o
 .ARM.attributes
                0x00000196       0x37 hal/src/hal_flash.o
 .ARM.attributes
                0x000001cd       0x37 hal/src/hal_i2c_m_async.o
 .ARM.attributes
                0x00000204       0x37 hal/src/hal_io.o
 .ARM.attributes
                0x0000023b       0x37 hal/src/hal_spi_m_dma.o
 .ARM.attributes
                0x00000272       0x37 hal/src/hal_usart_async.o
 .ARM.attributes
                0x000002a9       0x37 hal/utils/src/utils_ringbuffer.o
 .ARM.attributes
                0x000002e0       0x37 hal/utils/src/utils_syscalls.o
 .ARM.attributes
                0x00000317       0x37 hpl/adc/hpl_adc.o
 .ARM.attributes
                0x0000034e       0x37 hpl/core/hpl_core_m4.o
 .ARM.attributes
                0x00000385       0x37 hpl/core/hpl_init.o
 .ARM.attributes
                0x000003bc       0x37 hpl/dmac/hpl_dmac.o
 .ARM.attributes
                0x000003f3       0x37 hpl/gclk/hpl_gclk.o
 .ARM.attributes
                0x0000042a       0x37 hpl/mclk/hpl_mclk.o
 .ARM.attributes
                0x00000461       0x37 hpl/nvmctrl/hpl_nvmctrl.o
 .ARM.attributes
                0x00000498       0x37 hpl/osc32kctrl/hpl_osc32kctrl.o
 .ARM.attributes
                0x000004cf       0x37 hpl/oscctrl/hpl_oscctrl.o
 .ARM.attributes
                0x00000506       0x37 hpl/ramecc/hpl_ramecc.o
 .ARM.attributes
                0x0000053d       0x37 hpl/sercom/hpl_sercom.o
 .ARM.attributes
                0x00000574       0x37 hpl/systick/hpl_systick.o
 .ARM.attributes
                0x000005ab       0x37 main.o
 .ARM.attributes
                0x000005e2       0x2e c:/program files (x86)/atmel/studio/7.0/toolchain/arm/arm-gnu-toolchain/bin/../lib/gcc/arm-none-eabi/6.3.1/../../../../arm-none-eabi/lib/thumb/v7e-m\libc_nano.a(lib_a-impure.o)
 .ARM.attributes
                0x00000610       0x2e c:/program files (x86)/atmel/studio/7.0/toolchain/arm/arm-gnu-toolchain/bin/../lib/gcc/arm-none-eabi/6.3.1/../../../../arm-none-eabi/lib/thumb/v7e-m\libc_nano.a(lib_a-init.o)
 .ARM.attributes
                0x0000063e       0x2e c:/program files (x86)/atmel/studio/7.0/toolchain/arm/arm-gnu-toolchain/bin/../lib/gcc/arm-none-eabi/6.3.1/../../../../arm-none-eabi/lib/thumb/v7e-m\libc_nano.a(lib_a-malloc.o)
 .ARM.attributes
                0x0000066c       0x2e c:/program files (x86)/atmel/studio/7.0/toolchain/arm/arm-gnu-toolchain/bin/../lib/gcc/arm-none-eabi/6.3.1/../../../../arm-none-eabi/lib/thumb/v7e-m\libc_nano.a(lib_a-memcpy-stub.o)
 .ARM.attributes
                0x0000069a       0x2e c:/program files (x86)/atmel/studio/7.0/toolchain/arm/arm-gnu-toolchain/bin/../lib/gcc/arm-none-eabi/6.3.1/../../../../arm-none-eabi/lib/thumb/v7e-m\libc_nano.a(lib_a-nano-freer.o)
 .ARM.attributes
                0x000006c8       0x2e c:/program files (x86)/atmel/studio/7.0/toolchain/arm/arm-gnu-toolchain/bin/../lib/gcc/arm-none-eabi/6.3.1/../../../../arm-none-eabi/lib/thumb/v7e-m\libc_nano.a(lib_a-nano-mallocr.o)
 .ARM.attributes
                0x000006f6       0x2e c:/program files (x86)/atmel/studio/7.0/toolchain/arm/arm-gnu-toolchain/bin/../lib/gcc/arm-none-eabi/6.3.1/../../../../arm-none-eabi/lib/thumb/v7e-m\libc_nano.a(lib_a-sbrkr.o)
 .ARM.attributes
                0x00000724       0x2e c:/program files (x86)/atmel/studio/7.0/toolchain/arm/arm-gnu-toolchain/bin/../lib/gcc/arm-none-eabi/6.3.1/../../../../arm-none-eabi/lib/thumb/v7e-m\libc_nano.a(lib_a-sprintf.o)
 .ARM.attributes
                0x00000752       0x2e c:/program files (x86)/atmel/studio/7.0/toolchain/arm/arm-gnu-toolchain/bin/../lib/gcc/arm-none-eabi/6.3.1/../../../../arm-none-eabi/lib/thumb/v7e-m\libc_nano.a(lib_a-findfp.o)
 .ARM.attributes
                0x00000780       0x2e c:/program files (x86)/atmel/studio/7.0/toolchain/arm/arm-gnu-toolchain/bin/../lib/gcc/arm-none-eabi/6.3.1/../../../../arm-none-eabi/lib/thumb/v7e-m\libc_nano.a(lib_a-mlock.o)
 .ARM.attributes
                0x000007ae       0x2e c:/program files (x86)/atmel/studio/7.0/toolchain/arm/arm-gnu-toolchain/bin/../lib/gcc/arm-none-eabi/6.3.1/../../../../arm-none-eabi/lib/thumb/v7e-m\libc_nano.a(lib_a-nano-svfprintf.o)
 .ARM.attributes
                0x000007dc       0x2e c:/program files (x86)/atmel/studio/7.0/toolchain/arm/arm-gnu-toolchain/bin/../lib/gcc/arm-none-eabi/6.3.1/../../../../arm-none-eabi/lib/thumb/v7e-m\libc_nano.a(lib_a-nano-vfprintf_i.o)
 .ARM.attributes
                0x0000080a       0x2e c:/program files (x86)/atmel/studio/7.0/toolchain/arm/arm-gnu-toolchain/bin/../lib/gcc/arm-none-eabi/6.3.1/../../../../arm-none-eabi/lib/thumb/v7e-m\libc_nano.a(lib_a-reent.o)
 .ARM.attributes
                0x00000838       0x1c c:/program files (x86)/atmel/studio/7.0/toolchain/arm/arm-gnu-toolchain/bin/../lib/gcc/arm-none-eabi/6.3.1/../../../../arm-none-eabi/lib/thumb/v7e-m\libc_nano.a(lib_a-memchr.o)
 .ARM.attributes
                0x00000854       0x2e c:/program files (x86)/atmel/studio/7.0/toolchain/arm/arm-gnu-toolchain/bin/../lib/gcc/arm-none-eabi/6.3.1/../../../../arm-none-eabi/lib/thumb/v7e-m\libc_nano.a(lib_a-memmove.o)
 .ARM.attributes
                0x00000882       0x2e c:/program files (x86)/atmel/studio/7.0/toolchain/arm/arm-gnu-toolchain/bin/../lib/gcc/arm-none-eabi/6.3.1/../../../../arm-none-eabi/lib/thumb/v7e-m\libc_nano.a(lib_a-nano-reallocr.o)
 .ARM.attributes
                0x000008b0       0x2e c:/program files (x86)/atmel/studio/7.0/toolchain/arm/arm-gnu-toolchain/bin/../lib/gcc/arm-none-eabi/6.3.1/../../../../arm-none-eabi/lib/thumb/v7e-m\libc_nano.a(lib_a-nano-msizer.o)
 .ARM.attributes
                0x000008de       0x1e c:/program files (x86)/atmel/studio/7.0/toolchain/arm/arm-gnu-toolchain/bin/../lib/gcc/arm-none-eabi/6.3.1/thumb/v7e-m/crtn.o

.comment        0x00000000       0x59
 .comment       0x00000000       0x59 atmel_start.o
                                 0x5a (size before relaxing)
 .comment       0x00000059       0x5a Device_Startup/startup_samd51.o
 .comment       0x00000059       0x5a driver_init.o
 .comment       0x00000059       0x5a hal/src/hal_adc_async.o
 .comment       0x00000059       0x5a hal/src/hal_atomic.o
 .comment       0x00000059       0x5a hal/src/hal_delay.o
 .comment       0x00000059       0x5a hal/src/hal_flash.o
 .comment       0x00000059       0x5a hal/src/hal_i2c_m_async.o
 .comment       0x00000059       0x5a hal/src/hal_io.o
 .comment       0x00000059       0x5a hal/src/hal_spi_m_dma.o
 .comment       0x00000059       0x5a hal/src/hal_usart_async.o
 .comment       0x00000059       0x5a hal/utils/src/utils_ringbuffer.o
 .comment       0x00000059       0x5a hal/utils/src/utils_syscalls.o
 .comment       0x00000059       0x5a hpl/adc/hpl_adc.o
 .comment       0x00000059       0x5a hpl/core/hpl_core_m4.o
 .comment       0x00000059       0x5a hpl/core/hpl_init.o
 .comment       0x00000059       0x5a hpl/dmac/hpl_dmac.o
 .comment       0x00000059       0x5a hpl/gclk/hpl_gclk.o
 .comment       0x00000059       0x5a hpl/mclk/hpl_mclk.o
 .comment       0x00000059       0x5a hpl/nvmctrl/hpl_nvmctrl.o
 .comment       0x00000059       0x5a hpl/osc32kctrl/hpl_osc32kctrl.o
 .comment       0x00000059       0x5a hpl/oscctrl/hpl_oscctrl.o
 .comment       0x00000059       0x5a hpl/ramecc/hpl_ramecc.o
 .comment       0x00000059       0x5a hpl/sercom/hpl_sercom.o
 .comment       0x00000059       0x5a hpl/systick/hpl_systick.o
 .comment       0x00000059       0x5a main.o

.debug_frame    0x00000000      0x4a0
 .debug_frame   0x00000000       0x2c c:/program files (x86)/atmel/studio/7.0/toolchain/arm/arm-gnu-toolchain/bin/../lib/gcc/arm-none-eabi/6.3.1/../../../../arm-none-eabi/lib/thumb/v7e-m\libc_nano.a(lib_a-init.o)
 .debug_frame   0x0000002c       0x30 c:/program files (x86)/atmel/studio/7.0/toolchain/arm/arm-gnu-toolchain/bin/../lib/gcc/arm-none-eabi/6.3.1/../../../../arm-none-eabi/lib/thumb/v7e-m\libc_nano.a(lib_a-malloc.o)
 .debug_frame   0x0000005c       0x28 c:/program files (x86)/atmel/studio/7.0/toolchain/arm/arm-gnu-toolchain/bin/../lib/gcc/arm-none-eabi/6.3.1/../../../../arm-none-eabi/lib/thumb/v7e-m\libc_nano.a(lib_a-memcpy-stub.o)
 .debug_frame   0x00000084       0x38 c:/program files (x86)/atmel/studio/7.0/toolchain/arm/arm-gnu-toolchain/bin/../lib/gcc/arm-none-eabi/6.3.1/../../../../arm-none-eabi/lib/thumb/v7e-m\libc_nano.a(lib_a-nano-freer.o)
 .debug_frame   0x000000bc       0x2c c:/program files (x86)/atmel/studio/7.0/toolchain/arm/arm-gnu-toolchain/bin/../lib/gcc/arm-none-eabi/6.3.1/../../../../arm-none-eabi/lib/thumb/v7e-m\libc_nano.a(lib_a-nano-mallocr.o)
 .debug_frame   0x000000e8       0x2c c:/program files (x86)/atmel/studio/7.0/toolchain/arm/arm-gnu-toolchain/bin/../lib/gcc/arm-none-eabi/6.3.1/../../../../arm-none-eabi/lib/thumb/v7e-m\libc_nano.a(lib_a-sbrkr.o)
 .debug_frame   0x00000114       0x70 c:/program files (x86)/atmel/studio/7.0/toolchain/arm/arm-gnu-toolchain/bin/../lib/gcc/arm-none-eabi/6.3.1/../../../../arm-none-eabi/lib/thumb/v7e-m\libc_nano.a(lib_a-sprintf.o)
 .debug_frame   0x00000184      0x11c c:/program files (x86)/atmel/studio/7.0/toolchain/arm/arm-gnu-toolchain/bin/../lib/gcc/arm-none-eabi/6.3.1/../../../../arm-none-eabi/lib/thumb/v7e-m\libc_nano.a(lib_a-findfp.o)
 .debug_frame   0x000002a0       0x30 c:/program files (x86)/atmel/studio/7.0/toolchain/arm/arm-gnu-toolchain/bin/../lib/gcc/arm-none-eabi/6.3.1/../../../../arm-none-eabi/lib/thumb/v7e-m\libc_nano.a(lib_a-mlock.o)
 .debug_frame   0x000002d0       0x90 c:/program files (x86)/atmel/studio/7.0/toolchain/arm/arm-gnu-toolchain/bin/../lib/gcc/arm-none-eabi/6.3.1/../../../../arm-none-eabi/lib/thumb/v7e-m\libc_nano.a(lib_a-nano-svfprintf.o)
 .debug_frame   0x00000360       0x60 c:/program files (x86)/atmel/studio/7.0/toolchain/arm/arm-gnu-toolchain/bin/../lib/gcc/arm-none-eabi/6.3.1/../../../../arm-none-eabi/lib/thumb/v7e-m\libc_nano.a(lib_a-nano-vfprintf_i.o)
 .debug_frame   0x000003c0       0x5c c:/program files (x86)/atmel/studio/7.0/toolchain/arm/arm-gnu-toolchain/bin/../lib/gcc/arm-none-eabi/6.3.1/../../../../arm-none-eabi/lib/thumb/v7e-m\libc_nano.a(lib_a-reent.o)
 .debug_frame   0x0000041c       0x28 c:/program files (x86)/atmel/studio/7.0/toolchain/arm/arm-gnu-toolchain/bin/../lib/gcc/arm-none-eabi/6.3.1/../../../../arm-none-eabi/lib/thumb/v7e-m\libc_nano.a(lib_a-memmove.o)
 .debug_frame   0x00000444       0x3c c:/program files (x86)/atmel/studio/7.0/toolchain/arm/arm-gnu-toolchain/bin/../lib/gcc/arm-none-eabi/6.3.1/../../../../arm-none-eabi/lib/thumb/v7e-m\libc_nano.a(lib_a-nano-reallocr.o)
 .debug_frame   0x00000480       0x20 c:/program files (x86)/atmel/studio/7.0/toolchain/arm/arm-gnu-toolchain/bin/../lib/gcc/arm-none-eabi/6.3.1/../../../../arm-none-eabi/lib/thumb/v7e-m\libc_nano.a(lib_a-nano-msizer.o)
