Archive member included to satisfy reference by file (symbol)

c:/program files (x86)/atmel/studio/7.0/toolchain/arm/arm-gnu-toolchain/bin/../lib/gcc/arm-none-eabi/6.3.1/thumb/v7e-m\libgcc.a(_arm_addsubdf3.o)
                              hpl/sercom/hpl_sercom.o (__aeabi_dsub)
c:/program files (x86)/atmel/studio/7.0/toolchain/arm/arm-gnu-toolchain/bin/../lib/gcc/arm-none-eabi/6.3.1/thumb/v7e-m\libgcc.a(_arm_muldivdf3.o)
                              grid/grid_hardwaretest.o (__aeabi_dmul)
c:/program files (x86)/atmel/studio/7.0/toolchain/arm/arm-gnu-toolchain/bin/../lib/gcc/arm-none-eabi/6.3.1/thumb/v7e-m\libgcc.a(_arm_fixunsdfsi.o)
                              grid/grid_hardwaretest.o (__aeabi_d2uiz)
c:/program files (x86)/atmel/studio/7.0/toolchain/arm/arm-gnu-toolchain/bin/../lib/gcc/arm-none-eabi/6.3.1/thumb/v7e-m\libgcc.a(_aeabi_uldivmod.o)
                              hpl/sercom/hpl_sercom.o (__aeabi_uldivmod)
c:/program files (x86)/atmel/studio/7.0/toolchain/arm/arm-gnu-toolchain/bin/../lib/gcc/arm-none-eabi/6.3.1/thumb/v7e-m\libgcc.a(_udivmoddi4.o)
                              c:/program files (x86)/atmel/studio/7.0/toolchain/arm/arm-gnu-toolchain/bin/../lib/gcc/arm-none-eabi/6.3.1/thumb/v7e-m\libgcc.a(_aeabi_uldivmod.o) (__udivmoddi4)
c:/program files (x86)/atmel/studio/7.0/toolchain/arm/arm-gnu-toolchain/bin/../lib/gcc/arm-none-eabi/6.3.1/thumb/v7e-m\libgcc.a(_dvmd_tls.o)
                              c:/program files (x86)/atmel/studio/7.0/toolchain/arm/arm-gnu-toolchain/bin/../lib/gcc/arm-none-eabi/6.3.1/thumb/v7e-m\libgcc.a(_aeabi_uldivmod.o) (__aeabi_ldiv0)
c:/program files (x86)/atmel/studio/7.0/toolchain/arm/arm-gnu-toolchain/bin/../lib/gcc/arm-none-eabi/6.3.1/../../../../arm-none-eabi/lib/thumb/v7e-m\libc_nano.a(lib_a-exit.o)
                              c:/program files (x86)/atmel/studio/7.0/toolchain/arm/arm-gnu-toolchain/bin/../lib/gcc/arm-none-eabi/6.3.1/../../../../arm-none-eabi/lib/thumb/v7e-m/crt0.o (exit)
c:/program files (x86)/atmel/studio/7.0/toolchain/arm/arm-gnu-toolchain/bin/../lib/gcc/arm-none-eabi/6.3.1/../../../../arm-none-eabi/lib/thumb/v7e-m\libc_nano.a(lib_a-impure.o)
                              c:/program files (x86)/atmel/studio/7.0/toolchain/arm/arm-gnu-toolchain/bin/../lib/gcc/arm-none-eabi/6.3.1/../../../../arm-none-eabi/lib/thumb/v7e-m\libc_nano.a(lib_a-exit.o) (_global_impure_ptr)
c:/program files (x86)/atmel/studio/7.0/toolchain/arm/arm-gnu-toolchain/bin/../lib/gcc/arm-none-eabi/6.3.1/../../../../arm-none-eabi/lib/thumb/v7e-m\libc_nano.a(lib_a-init.o)
                              c:/program files (x86)/atmel/studio/7.0/toolchain/arm/arm-gnu-toolchain/bin/../lib/gcc/arm-none-eabi/6.3.1/../../../../arm-none-eabi/lib/thumb/v7e-m/crt0.o (__libc_init_array)
c:/program files (x86)/atmel/studio/7.0/toolchain/arm/arm-gnu-toolchain/bin/../lib/gcc/arm-none-eabi/6.3.1/../../../../arm-none-eabi/lib/thumb/v7e-m\libc_nano.a(lib_a-malloc.o)
                              grid/grid_ain.o (malloc)
c:/program files (x86)/atmel/studio/7.0/toolchain/arm/arm-gnu-toolchain/bin/../lib/gcc/arm-none-eabi/6.3.1/../../../../arm-none-eabi/lib/thumb/v7e-m\libc_nano.a(lib_a-memcpy-stub.o)
                              hpl/nvmctrl/hpl_nvmctrl.o (memcpy)
c:/program files (x86)/atmel/studio/7.0/toolchain/arm/arm-gnu-toolchain/bin/../lib/gcc/arm-none-eabi/6.3.1/../../../../arm-none-eabi/lib/thumb/v7e-m\libc_nano.a(lib_a-memset.o)
                              c:/program files (x86)/atmel/studio/7.0/toolchain/arm/arm-gnu-toolchain/bin/../lib/gcc/arm-none-eabi/6.3.1/../../../../arm-none-eabi/lib/thumb/v7e-m/crt0.o (memset)
c:/program files (x86)/atmel/studio/7.0/toolchain/arm/arm-gnu-toolchain/bin/../lib/gcc/arm-none-eabi/6.3.1/../../../../arm-none-eabi/lib/thumb/v7e-m\libc_nano.a(lib_a-nano-freer.o)
                              c:/program files (x86)/atmel/studio/7.0/toolchain/arm/arm-gnu-toolchain/bin/../lib/gcc/arm-none-eabi/6.3.1/../../../../arm-none-eabi/lib/thumb/v7e-m\libc_nano.a(lib_a-malloc.o) (_free_r)
c:/program files (x86)/atmel/studio/7.0/toolchain/arm/arm-gnu-toolchain/bin/../lib/gcc/arm-none-eabi/6.3.1/../../../../arm-none-eabi/lib/thumb/v7e-m\libc_nano.a(lib_a-nano-mallocr.o)
                              c:/program files (x86)/atmel/studio/7.0/toolchain/arm/arm-gnu-toolchain/bin/../lib/gcc/arm-none-eabi/6.3.1/../../../../arm-none-eabi/lib/thumb/v7e-m\libc_nano.a(lib_a-malloc.o) (_malloc_r)
c:/program files (x86)/atmel/studio/7.0/toolchain/arm/arm-gnu-toolchain/bin/../lib/gcc/arm-none-eabi/6.3.1/../../../../arm-none-eabi/lib/thumb/v7e-m\libc_nano.a(lib_a-printf.o)
                              grid/grid_d51.o (printf)
c:/program files (x86)/atmel/studio/7.0/toolchain/arm/arm-gnu-toolchain/bin/../lib/gcc/arm-none-eabi/6.3.1/../../../../arm-none-eabi/lib/thumb/v7e-m\libc_nano.a(lib_a-puts.o)
                              grid/grid_unittest.o (puts)
[...]
Memory Configuration

Name             Origin             Length             Attributes
rom              0x00004000         0x0007a000         xr
ram              0x20000000         0x00040000         xrw
bkupram          0x47000000         0x00002000         xrw
qspi             0x04000000         0x01000000         xrw
*default*        0x00000000         0xffffffff

Linker script and memory map

LOAD c:/program files (x86)/atmel/studio/7.0/toolchain/arm/arm-gnu-toolchain/bin/../lib/gcc/arm-none-eabi/6.3.1/thumb/v7e-m/crti.o
LOAD c:/program files (x86)/atmel/studio/7.0/toolchain/arm/arm-gnu-toolchain/bin/../lib/gcc/arm-none-eabi/6.3.1/thumb/v7e-m/crtbegin.o
LOAD c:/program files (x86)/atmel/studio/7.0/toolchain/arm/arm-gnu-toolchain/bin/../lib/gcc/arm-none-eabi/6.3.1/../../../../arm-none-eabi/lib/thumb/v7e-m/crt0.o
LOAD atmel_start.o
LOAD Device_Startup/startup_samd51.o
LOAD Device_Startup/system_samd51.o
LOAD driver_init.o
LOAD examples/driver_examples.o
LOAD flash/n25q256a.o
LOAD flash/spi_nor_flash.o
LOAD grid/grid_d51.o
LOAD grid/grid_debug.o
LOAD grid/grid_hardwaretest.o
LOAD grid/grid_unittest.o
LOAD grid/grid_ain.o
LOAD grid/grid_buf.o
LOAD grid/grid_led.o
LOAD grid/grid_module.o
LOAD grid/grid_module_bu16_revb.o
LOAD grid/grid_module_en16_reva.o
LOAD grid/grid_module_pbf4_reva.o
LOAD grid/grid_module_po16_revb.o
LOAD grid/grid_sys.o
LOAD grid/grid_ui.o
LOAD grid/grid_usb.o
LOAD hal/src/hal_adc_async.o
LOAD hal/src/hal_atomic.o
LOAD hal/src/hal_cache.o
LOAD hal/src/hal_crc_sync.o
LOAD hal/src/hal_delay.o
LOAD hal/src/hal_evsys.o
LOAD hal/src/hal_flash.o
LOAD hal/src/hal_gpio.o
LOAD hal/src/hal_i2c_m_async.o
LOAD hal/src/hal_init.o
LOAD hal/src/hal_io.o
LOAD hal/src/hal_qspi_dma.o
LOAD hal/src/hal_sleep.o
LOAD hal/src/hal_spi_m_async.o
LOAD hal/src/hal_spi_m_dma.o
LOAD hal/src/hal_timer.o
LOAD hal/src/hal_usart_async.o
LOAD hal/src/hal_usart_sync.o
LOAD hal/src/hal_usb_device.o
LOAD hal/src/hal_wdt.o
LOAD hal/utils/src/utils_assert.o
LOAD hal/utils/src/utils_event.o
LOAD hal/utils/src/utils_list.o
LOAD hal/utils/src/utils_ringbuffer.o
LOAD hal/utils/src/utils_syscalls.o
LOAD hpl/adc/hpl_adc.o
LOAD hpl/cmcc/hpl_cmcc.o
LOAD hpl/core/hpl_core_m4.o
LOAD hpl/core/hpl_init.o
LOAD hpl/dmac/hpl_dmac.o
LOAD hpl/dsu/hpl_dsu.o
LOAD hpl/evsys/hpl_evsys.o
LOAD hpl/gclk/hpl_gclk.o
LOAD hpl/mclk/hpl_mclk.o
LOAD hpl/nvmctrl/hpl_nvmctrl.o
LOAD hpl/osc32kctrl/hpl_osc32kctrl.o
LOAD hpl/oscctrl/hpl_oscctrl.o
LOAD hpl/pac/hpl_pac.o
LOAD hpl/pm/hpl_pm.o
LOAD hpl/qspi/hpl_qspi.o
LOAD hpl/ramecc/hpl_ramecc.o
LOAD hpl/rtc/hpl_rtc.o
LOAD hpl/sercom/hpl_sercom.o
LOAD hpl/systick/hpl_systick.o
LOAD hpl/tc/hpl_tc.o
LOAD hpl/usb/hpl_usb.o
LOAD hpl/wdt/hpl_wdt.o
LOAD main.o
LOAD stdio_redirect/gcc/read.o
LOAD stdio_redirect/gcc/write.o
LOAD stdio_redirect/stdio_io.o
LOAD stdio_start.o
LOAD usb/class/cdc/device/cdcdf_acm.o
LOAD usb/class/hid/device/hiddf_generic.o
LOAD usb/class/hid/device/hiddf_keyboard.o
LOAD usb/class/hid/device/hiddf_mouse.o
LOAD usb/class/midi/device/audiodf_midi.o
LOAD usb/class/midi/usb_protocol_midi.o
LOAD usb/class/msc/device/mscdf.o
LOAD usb/device/usbdc.o
LOAD usb/usb_protocol.o
LOAD usb_start.o
START GROUP
LOAD c:/program files (x86)/atmel/studio/7.0/toolchain/arm/arm-gnu-toolchain/bin/../lib/gcc/arm-none-eabi/6.3.1/../../../../arm-none-eabi/lib/thumb/v7e-m\libm.a
END GROUP
START GROUP
LOAD c:/program files (x86)/atmel/studio/7.0/toolchain/arm/arm-gnu-toolchain/bin/../lib/gcc/arm-none-eabi/6.3.1/thumb/v7e-m\libgcc.a
LOAD c:/program files (x86)/atmel/studio/7.0/toolchain/arm/arm-gnu-toolchain/bin/../lib/gcc/arm-none-eabi/6.3.1/../../../../arm-none-eabi/lib/thumb/v7e-m\libc_nano.a
END GROUP
START GROUP
LOAD c:/program files (x86)/atmel/studio/7.0/toolchain/arm/arm-gnu-toolchain/bin/../lib/gcc/arm-none-eabi/6.3.1/thumb/v7e-m\libgcc.a
LOAD c:/program files (x86)/atmel/studio/7.0/toolchain/arm/arm-gnu-toolchain/bin/../lib/gcc/arm-none-eabi/6.3.1/../../../../arm-none-eabi/lib/thumb/v7e-m\libc_nano.a
END GROUP
LOAD c:/program files (x86)/atmel/studio/7.0/toolchain/arm/arm-gnu-toolchain/bin/../lib/gcc/arm-none-eabi/6.3.1/thumb/v7e-m/crtend.o
LOAD c:/program files (x86)/atmel/studio/7.0/toolchain/arm/arm-gnu-toolchain/bin/../lib/gcc/arm-none-eabi/6.3.1/thumb/v7e-m/crtn.o
                0x00010000                STACK_SIZE = DEFINED (STACK_SIZE)?STACK_SIZE:DEFINED (__stack_size__)?__stack_size__:0x10000

.text           0x00004000     0xc99c
                0x00004000                . = ALIGN (0x4)
                0x00004000                _sfixed = .
 *(.vectors .vectors.*)
 .vectors       0x00004000      0x264 Device_Startup/startup_samd51.o
                0x00004000                exception_table
 *(.text .text.* .gnu.linkonce.t.*)
 .text          0x00004264       0x6c c:/program files (x86)/atmel/studio/7.0/toolchain/arm/arm-gnu-toolchain/bin/../lib/gcc/arm-none-eabi/6.3.1/thumb/v7e-m/crtbegin.o
 .text.atmel_start_init
                0x000042d0       0x20 atmel_start.o
                0x000042d0                atmel_start_init
 .text.Dummy_Handler
                0x000042f0        0x2 Device_Startup/startup_samd51.o
                0x000042f0                EIC_5_Handler
                0x000042f0                SVCall_Handler
                0x000042f0                EIC_13_Handler
                0x000042f0                EVSYS_0_Handler
                0x000042f0                TCC1_3_Handler
                0x000042f0                DAC_3_Handler
                0x000042f0                TRNG_Handler
                0x000042f0                HardFault_Handler
                0x000042f0                PDEC_2_Handler
                0x000042f0                EIC_4_Handler
                0x000042f0                AC_Handler
                0x000042f0                SysTick_Handler
                0x000042f0                TCC2_3_Handler
                0x000042f0                PendSV_Handler
                0x000042f0                TC7_Handler
                0x000042f0                EVSYS_3_Handler
                0x000042f0                PDEC_0_Handler
                0x000042f0                QSPI_Handler
                0x000042f0                NonMaskableInt_Handler
                0x000042f0                TCC0_0_Handler
                0x000042f0                EIC_3_Handler
                0x000042f0                MemManagement_Handler
                0x000042f0                DAC_2_Handler
                0x000042f0                UsageFault_Handler
                0x000042f0                EIC_10_Handler
                0x000042f0                EIC_11_Handler
                0x000042f0                EIC_9_Handler
                0x000042f0                OSC32KCTRL_Handler
                0x000042f0                TCC2_1_Handler
                0x000042f0                SUPC_1_Handler
                0x000042f0                TCC0_5_Handler
                0x000042f0                TCC0_6_Handler
                0x000042f0                EVSYS_1_Handler
                0x000042f0                TCC1_4_Handler
                0x000042f0                TC6_Handler
                0x000042f0                WDT_Handler
                0x000042f0                EIC_8_Handler
                0x000042f0                EIC_15_Handler
                0x000042f0                TC4_Handler
                0x000042f0                OSCCTRL_4_Handler
                0x000042f0                EIC_12_Handler
                0x000042f0                TCC4_2_Handler
                0x000042f0                PAC_Handler
                0x000042f0                TCC1_0_Handler
                0x000042f0                OSCCTRL_0_Handler
                0x000042f0                EIC_0_Handler
                0x000042f0                OSCCTRL_3_Handler
                0x000042f0                Dummy_Handler
                0x000042f0                TCC3_0_Handler
                0x000042f0                TCC2_2_Handler
                0x000042f0                TCC1_1_Handler
                0x000042f0                OSCCTRL_2_Handler
                0x000042f0                TCC1_2_Handler
                0x000042f0                SERCOM7_1_Handler
                0x000042f0                PM_Handler
                0x000042f0                SERCOM2_3_Handler
                0x000042f0                DAC_4_Handler
                0x000042f0                TCC3_2_Handler
                0x000042f0                SERCOM7_0_Handler
                0x000042f0                TCC0_2_Handler
                0x000042f0                TCC4_0_Handler
                0x000042f0                SERCOM7_3_Handler
                0x000042f0                SDHC1_Handler
                0x000042f0                SERCOM7_2_Handler
                0x000042f0                TCC2_0_Handler
                0x000042f0                PDEC_1_Handler
                0x000042f0                TCC4_1_Handler
                0x000042f0                SDHC0_Handler
                0x000042f0                I2S_Handler
                0x000042f0                EIC_2_Handler
                0x000042f0                PCC_Handler
                0x000042f0                DAC_0_Handler
                0x000042f0                TCC0_1_Handler
                0x000042f0                EIC_6_Handler
                0x000042f0                OSCCTRL_1_Handler
                0x000042f0                PUKCC_Handler
                0x000042f0                SERCOM2_1_Handler
                0x000042f0                EIC_1_Handler
                0x000042f0                EVSYS_4_Handler
                0x000042f0                EIC_7_Handler
                0x000042f0                SERCOM2_2_Handler
                0x000042f0                TCC3_1_Handler
                0x000042f0                EIC_14_Handler
                0x000042f0                DAC_1_Handler
                0x000042f0                MCLK_Handler
                0x000042f0                EVSYS_2_Handler
                0x000042f0                SUPC_0_Handler
                0x000042f0                BusFault_Handler
                0x000042f0                FREQM_Handler
                0x000042f0                TCC0_3_Handler
                0x000042f0                DebugMonitor_Handler
                0x000042f0                TCC0_4_Handler
                0x000042f0                TC5_Handler
                0x000042f0                SERCOM2_0_Handler
                0x000042f0                AES_Handler
                0x000042f0                ICM_Handler
 *fill*         0x000042f2        0x2 
 .text.Reset_Handler
                0x000042f4       0x78 Device_Startup/startup_samd51.o
                0x000042f4                Reset_Handler
 .text._gpio_set_pin_function
                0x0000436c       0x68 driver_init.o
 .text.gpio_set_pin_direction
                0x000043d4       0x68 driver_init.o
 .text.ADC_0_init
                0x0000443c       0x80 driver_init.o
                0x0000443c                ADC_0_init
 .text.ADC_1_init
                0x000044bc       0x84 driver_init.o
                0x000044bc                ADC_1_init
 .text.CRC_0_init
                0x00004540       0x24 driver_init.o
                0x00004540                CRC_0_init
 .text.EVENT_SYSTEM_0_init
                0x00004564       0x30 driver_init.o
                0x00004564                EVENT_SYSTEM_0_init
 .text.FLASH_0_CLOCK_init
                0x00004594       0x10 driver_init.o
                0x00004594                FLASH_0_CLOCK_init
 .text.FLASH_0_init
                0x000045a4       0x24 driver_init.o
                0x000045a4                FLASH_0_init
 .text.QSPI_INSTANCE_PORT_init
                0x000045c8       0xdc driver_init.o
                0x000045c8                QSPI_INSTANCE_PORT_init
 .text.QSPI_INSTANCE_CLOCK_init
                0x000046a4       0x20 driver_init.o
                0x000046a4                QSPI_INSTANCE_CLOCK_init
 .text.QSPI_INSTANCE_init
                0x000046c4       0x2c driver_init.o
                0x000046c4                QSPI_INSTANCE_init
 .text.USART_EAST_CLOCK_init
                0x000046f0       0x24 driver_init.o
                0x000046f0                USART_EAST_CLOCK_init
 .text.USART_EAST_PORT_init
                0x00004714       0x24 driver_init.o
                0x00004714                USART_EAST_PORT_init
 .text.USART_EAST_init
                0x00004738       0x38 driver_init.o
                0x00004738                USART_EAST_init
 .text.USART_NORTH_CLOCK_init
                0x00004770       0x24 driver_init.o
                0x00004770                USART_NORTH_CLOCK_init
 .text.USART_NORTH_PORT_init
                0x00004794       0x24 driver_init.o
                0x00004794                USART_NORTH_PORT_init
 .text.USART_NORTH_init
                0x000047b8       0x38 driver_init.o
                0x000047b8                USART_NORTH_init
 .text.GRID_AUX_PORT_init
                0x000047f0       0x24 driver_init.o
                0x000047f0                GRID_AUX_PORT_init
 .text.GRID_AUX_CLOCK_init
                0x00004814       0x24 driver_init.o
                0x00004814                GRID_AUX_CLOCK_init
 .text.GRID_AUX_init
                0x00004838       0x2c driver_init.o
                0x00004838                GRID_AUX_init
 .text.UI_SPI_PORT_init
                0x00004864       0x68 driver_init.o
                0x00004864                UI_SPI_PORT_init
 .text.UI_SPI_CLOCK_init
                0x000048cc       0x24 driver_init.o
                0x000048cc                UI_SPI_CLOCK_init
 .text.UI_SPI_init
                0x000048f0       0x2c driver_init.o
                0x000048f0                UI_SPI_init
 .text.USART_WEST_CLOCK_init
                0x0000491c       0x24 driver_init.o
                0x0000491c                USART_WEST_CLOCK_init
 .text.USART_WEST_PORT_init
                0x00004940       0x24 driver_init.o
                0x00004940                USART_WEST_PORT_init
 .text.USART_WEST_init
                0x00004964       0x38 driver_init.o
                0x00004964                USART_WEST_init
 .text.SYS_I2C_PORT_init
                0x0000499c       0x40 driver_init.o
                0x0000499c                SYS_I2C_PORT_init
 .text.SYS_I2C_CLOCK_init
                0x000049dc       0x24 driver_init.o
                0x000049dc                SYS_I2C_CLOCK_init
 .text.SYS_I2C_init
                0x00004a00       0x2c driver_init.o
                0x00004a00                SYS_I2C_init
 .text.USART_SOUTH_CLOCK_init
                0x00004a2c       0x24 driver_init.o
                0x00004a2c                USART_SOUTH_CLOCK_init
 .text.USART_SOUTH_PORT_init
                0x00004a50       0x24 driver_init.o
                0x00004a50                USART_SOUTH_PORT_init
 .text.USART_SOUTH_init
                0x00004a74       0x38 driver_init.o
                0x00004a74                USART_SOUTH_init
 .text.GRID_LED_PORT_init
                0x00004aac       0x68 driver_init.o
                0x00004aac                GRID_LED_PORT_init
 .text.GRID_LED_CLOCK_init
                0x00004b14       0x24 driver_init.o
                0x00004b14                GRID_LED_CLOCK_init
 .text.GRID_LED_init
                0x00004b38       0x2c driver_init.o
                0x00004b38                GRID_LED_init
 .text.delay_driver_init
                0x00004b64       0x10 driver_init.o
                0x00004b64                delay_driver_init
 .text.USB_DEVICE_INSTANCE_PORT_init
                0x00004b74       0x60 driver_init.o
                0x00004b74                USB_DEVICE_INSTANCE_PORT_init
 .text.USB_DEVICE_INSTANCE_CLOCK_init
                0x00004bd4       0x24 driver_init.o
                0x00004bd4                USB_DEVICE_INSTANCE_CLOCK_init
 .text.USB_DEVICE_INSTANCE_init
                0x00004bf8       0x20 driver_init.o
                0x00004bf8                USB_DEVICE_INSTANCE_init
 .text.WDT_0_CLOCK_init
                0x00004c18       0x10 driver_init.o
                0x00004c18                WDT_0_CLOCK_init
 .text.WDT_0_init
                0x00004c28       0x24 driver_init.o
                0x00004c28                WDT_0_init
 .text.system_init
                0x00004c4c      0x2a8 driver_init.o
                0x00004c4c                system_init
 .text.grid_d51_bitmap_write_bit
                0x00004ef4       0x3a grid/grid_d51.o
                0x00004ef4                grid_d51_bitmap_write_bit
 *fill*         0x00004f2e        0x2 
 .text.grid_d51_verify_user_row
                0x00004f30      0x198 grid/grid_d51.o
                0x00004f30                grid_d51_verify_user_row
 .text.grid_d51_init
                0x000050c8       0x4c grid/grid_d51.o
                0x000050c8                grid_d51_init
 .text.grid_ain_channel_init
                0x00005114       0x34 grid/grid_ain.o
                0x00005114                grid_ain_channel_init
 .text.grid_ain_init
                0x00005148       0x44 grid/grid_ain.o
                0x00005148                grid_ain_init
 .text.grid_ain_add_sample
                0x0000518c       0xd0 grid/grid_ain.o
                0x0000518c                grid_ain_add_sample
 .text.grid_ain_get_changed
                0x0000525c       0x10 grid/grid_ain.o
                0x0000525c                grid_ain_get_changed
 .text.grid_ain_get_average
                0x0000526c       0x28 grid/grid_ain.o
                0x0000526c                grid_ain_get_average
 .text.grid_port_reset_receiver
                0x00005294       0x78 grid/grid_buf.o
                0x00005294                grid_port_reset_receiver
 .text.grid_port_receive_task
                0x0000530c      0x118 grid/grid_buf.o
                0x0000530c                grid_port_receive_task
 .text.grid_buffer_init
                0x00005424       0x44 grid/grid_buf.o
                0x00005424                grid_buffer_init
 .text.grid_buffer_write_size
                0x00005468       0x14 grid/grid_buf.o
                0x00005468                grid_buffer_write_size
 .text.grid_buffer_write_init
                0x0000547c       0x2c grid/grid_buf.o
                0x0000547c                grid_buffer_write_init
 .text.grid_buffer_write_character
                0x000054a8       0x1c grid/grid_buf.o
                0x000054a8                grid_buffer_write_character
 .text.grid_buffer_write_acknowledge
                0x000054c4       0x10 grid/grid_buf.o
                0x000054c4                grid_buffer_write_acknowledge
 .text.grid_port_receive_decode
                0x000054d4      0x524 grid/grid_buf.o
                0x000054d4                grid_port_receive_decode
 .text.grid_port_receive_complete_task
                0x000059f8       0x74 grid/grid_buf.o
                0x000059f8                grid_port_receive_complete_task
 .text.grid_buffer_read_size
                0x00005a6c       0x4c grid/grid_buf.o
                0x00005a6c                grid_buffer_read_size
 .text.grid_buffer_read_init
                0x00005ab8       0x5c grid/grid_buf.o
                0x00005ab8                grid_buffer_read_init
 .text.grid_buffer_read_character
                0x00005b14       0x24 grid/grid_buf.o
                0x00005b14                grid_buffer_read_character
 .text.grid_buffer_read_acknowledge
                0x00005b38       0x10 grid/grid_buf.o
                0x00005b38                grid_buffer_read_acknowledge
 .text.grid_port_init
                0x00005b48       0xd8 grid/grid_buf.o
                0x00005b48                grid_port_init
 .text.grid_port_init_all
                0x00005c20       0xf4 grid/grid_buf.o
                0x00005c20                grid_port_init_all
 .text.grid_port_process_inbound
                0x00005d14      0x1ac grid/grid_buf.o
                0x00005d14                grid_port_process_inbound
 .text.grid_port_process_outbound_usb
                0x00005ec0      0x190 grid/grid_buf.o
                0x00005ec0                grid_port_process_outbound_usb
 .text.grid_port_process_outbound_ui
                0x00006050      0x288 grid/grid_buf.o
                0x00006050                grid_port_process_outbound_ui
 .text.grid_port_process_outbound_usart
                0x000062d8       0x6c grid/grid_buf.o
                0x000062d8                grid_port_process_outbound_usart
 .text.grid_led_hardware_transfer_complete_cb
                0x00006344        0xc grid/grid_led.o
 .text.grid_led_set_color
                0x00006350       0x4c grid/grid_led.o
                0x00006350                grid_led_set_color
 .text.grid_led_hardware_init
                0x0000639c       0x2c grid/grid_led.o
                0x0000639c                grid_led_hardware_init
 .text.grid_led_get_led_number
                0x000063c8        0x4 grid/grid_led.o
                0x000063c8                grid_led_get_led_number
 .text.grid_led_tick
                0x000063cc       0x34 grid/grid_led.o
                0x000063cc                grid_led_tick
 .text.grid_led_set_min
                0x00006400       0x20 grid/grid_led.o
                0x00006400                grid_led_set_min
 .text.grid_led_set_mid
                0x00006420       0x20 grid/grid_led.o
                0x00006420                grid_led_set_mid
 .text.grid_led_set_max
                0x00006440       0x20 grid/grid_led.o
                0x00006440                grid_led_set_max
 .text.grid_led_set_phase
                0x00006460       0x14 grid/grid_led.o
                0x00006460                grid_led_set_phase
 .text.grid_led_set_frequency
                0x00006474       0x14 grid/grid_led.o
                0x00006474                grid_led_set_frequency
 .text.grid_led_buffer_init
                0x00006488      0x16c grid/grid_led.o
                0x00006488                grid_led_buffer_init
 .text.grid_led_init
                0x000065f4       0xb0 grid/grid_led.o
                0x000065f4                grid_led_init
 .text.grid_led_render
                0x000066a4       0xb0 grid/grid_led.o
                0x000066a4                grid_led_render
 .text.grid_led_render_all
                0x00006754       0x20 grid/grid_led.o
                0x00006754                grid_led_render_all
 .text.grid_led_hardware_start_transfer
                0x00006774       0x30 grid/grid_led.o
                0x00006774                grid_led_hardware_start_transfer
 .text.grid_module_common_init
                0x000067a4       0xcc grid/grid_module.o
                0x000067a4                grid_module_common_init
 .text.grid_module_bu16_revb_hardware_start_transfer
                0x00006870       0x20 grid/grid_module_bu16_revb.o
                0x00006870                grid_module_bu16_revb_hardware_start_transfer
 .text.grid_module_bu16_revb_hardware_transfer_complete_cb
                0x00006890      0x260 grid/grid_module_bu16_revb.o
 .text.grid_module_bu16_revb_hardware_init
                0x00006af0       0x48 grid/grid_module_bu16_revb.o
                0x00006af0                grid_module_bu16_revb_hardware_init
 .text.grid_module_bu16_revb_init
                0x00006b38      0x160 grid/grid_module_bu16_revb.o
                0x00006b38                grid_module_bu16_revb_init
 .text.grid_module_en16_reva_hardware_start_transfer
                0x00006c98       0x3c grid/grid_module_en16_reva.o
                0x00006c98                grid_module_en16_reva_hardware_start_transfer
 *fill*         0x00006cd4        0x4 
 .text.grid_module_en16_reva_hardware_transfer_complete_cb
                0x00006cd8      0x334 grid/grid_module_en16_reva.o
                0x00006cd8                grid_module_en16_reva_hardware_transfer_complete_cb
 .text.grid_module_en16_reva_hardware_init
                0x0000700c       0x68 grid/grid_module_en16_reva.o
                0x0000700c                grid_module_en16_reva_hardware_init
 .text.grid_module_en16_reva_init
                0x00007074      0x1a4 grid/grid_module_en16_reva.o
                0x00007074                grid_module_en16_reva_init
 .text.grid_module_pbf4_reva_hardware_start_transfer
                0x00007218       0x20 grid/grid_module_pbf4_reva.o
                0x00007218                grid_module_pbf4_reva_hardware_start_transfer
 .text.grid_module_pbf4_reva_hardware_transfer_complete_cb
                0x00007238      0x428 grid/grid_module_pbf4_reva.o
                0x00007238                grid_module_pbf4_reva_hardware_transfer_complete_cb
 .text.grid_module_pbf4_reva_hardware_init
                0x00007660       0x48 grid/grid_module_pbf4_reva.o
                0x00007660                grid_module_pbf4_reva_hardware_init
 .text.grid_module_pbf4_reva_init
                0x000076a8      0x154 grid/grid_module_pbf4_reva.o
                0x000076a8                grid_module_pbf4_reva_init
 .text.grid_module_po16_revb_hardware_start_transfer
                0x000077fc       0x20 grid/grid_module_po16_revb.o
                0x000077fc                grid_module_po16_revb_hardware_start_transfer
 *fill*         0x0000781c        0x4 
 .text.grid_module_po16_revb_hardware_transfer_complete_cb
                0x00007820      0x2a4 grid/grid_module_po16_revb.o
 .text.grid_module_po16_revb_hardware_init
                0x00007ac4       0x48 grid/grid_module_po16_revb.o
                0x00007ac4                grid_module_po16_revb_hardware_init
 .text.grid_module_po16_revb_init
                0x00007b0c      0x150 grid/grid_module_po16_revb.o
                0x00007b0c                grid_module_po16_revb_init
 .text.gpio_set_pin_pull_mode.constprop.2
                0x00007c5c       0x28 grid/grid_sys.o
 .text.grid_task_enter_task
                0x00007c84        0x8 grid/grid_sys.o
                0x00007c84                grid_task_enter_task
 .text.grid_task_timer_tick
                0x00007c8c        0xe grid/grid_sys.o
                0x00007c8c                grid_task_timer_tick
 .text.grid_task_timer_reset
                0x00007c9a       0x10 grid/grid_sys.o
                0x00007c9a                grid_task_timer_reset
 .text.grid_task_timer_read
                0x00007caa        0x8 grid/grid_sys.o
                0x00007caa                grid_task_timer_read
 .text.tx_cb_USART_GRID
                0x00007cb2       0x1a grid/grid_sys.o
                0x00007cb2                tx_cb_USART_GRID
 .text.tx_cb_USART_GRID_W
                0x00007ccc       0x10 grid/grid_sys.o
 .text.tx_cb_USART_GRID_S
                0x00007cdc       0x10 grid/grid_sys.o
 .text.tx_cb_USART_GRID_E
                0x00007cec       0x10 grid/grid_sys.o
 .text.tx_cb_USART_GRID_N
                0x00007cfc       0x10 grid/grid_sys.o
 .text.err_cb_USART_GRID
                0x00007d0c       0x10 grid/grid_sys.o
                0x00007d0c                err_cb_USART_GRID
 .text.err_cb_USART_GRID_W
                0x00007d1c       0x10 grid/grid_sys.o
 .text.err_cb_USART_GRID_S
                0x00007d2c       0x10 grid/grid_sys.o
 .text.err_cb_USART_GRID_E
                0x00007d3c       0x10 grid/grid_sys.o
 .text.err_cb_USART_GRID_N
                0x00007d4c       0x10 grid/grid_sys.o
 .text.grid_sys_port_reset_dma
                0x00007d5c       0x20 grid/grid_sys.o
                0x00007d5c                grid_sys_port_reset_dma
 .text.dma_transfer_complete_n_cb
                0x00007d7c       0x10 grid/grid_sys.o
                0x00007d7c                dma_transfer_complete_n_cb
 .text.dma_transfer_complete_e_cb
                0x00007d8c       0x10 grid/grid_sys.o
                0x00007d8c                dma_transfer_complete_e_cb
 .text.dma_transfer_complete_s_cb
                0x00007d9c       0x10 grid/grid_sys.o
                0x00007d9c                dma_transfer_complete_s_cb
 .text.dma_transfer_complete_w_cb
                0x00007dac       0x10 grid/grid_sys.o
                0x00007dac                dma_transfer_complete_w_cb
 .text.grid_sys_uart_init
                0x00007dbc      0x104 grid/grid_sys.o
                0x00007dbc                grid_sys_uart_init
 .text.grid_sys_dma_rx_init_one
                0x00007ec0       0x64 grid/grid_sys.o
                0x00007ec0                grid_sys_dma_rx_init_one
 .text.grid_sys_dma_rx_init
                0x00007f24       0x6c grid/grid_sys.o
                0x00007f24                grid_sys_dma_rx_init
 .text.grid_sys_bank_enable
                0x00007f90       0x10 grid/grid_sys.o
                0x00007f90                grid_sys_bank_enable
 .text.grid_sys_bank_disable
                0x00007fa0       0x12 grid/grid_sys.o
                0x00007fa0                grid_sys_bank_disable
 .text.grid_sys_bank_set_color
                0x00007fb2       0x16 grid/grid_sys.o
                0x00007fb2                grid_sys_bank_set_color
 .text.grid_sys_get_bank
                0x00007fc8        0x4 grid/grid_sys.o
                0x00007fc8                grid_sys_get_bank
 .text.grid_sys_get_bank_next
                0x00007fcc       0x24 grid/grid_sys.o
                0x00007fcc                grid_sys_get_bank_next
 .text.grid_sys_rtc_get_time
                0x00007ff0        0x4 grid/grid_sys.o
                0x00007ff0                grid_sys_rtc_get_time
 .text.grid_sys_rtc_get_elapsed_time
                0x00007ff4        0x6 grid/grid_sys.o
                0x00007ff4                grid_sys_rtc_get_elapsed_time
 .text.grid_sys_rtc_tick_time
                0x00007ffa        0x8 grid/grid_sys.o
                0x00007ffa                grid_sys_rtc_tick_time
 .text.grid_sys_alert_read_color_changed_flag
                0x00008002        0x4 grid/grid_sys.o
                0x00008002                grid_sys_alert_read_color_changed_flag
 .text.grid_sys_alert_clear_color_changed_flag
                0x00008006        0x6 grid/grid_sys.o
                0x00008006                grid_sys_alert_clear_color_changed_flag
 .text.grid_sys_alert_get_color_intensity
                0x0000800c       0x42 grid/grid_sys.o
                0x0000800c                grid_sys_alert_get_color_intensity
 .text.grid_sys_alert_set_alert
                0x0000804e       0x1a grid/grid_sys.o
                0x0000804e                grid_sys_alert_set_alert
 .text.grid_sys_alert_get_color_r
                0x00008068        0x4 grid/grid_sys.o
                0x00008068                grid_sys_alert_get_color_r
 .text.grid_sys_alert_get_color_g
                0x0000806c        0x4 grid/grid_sys.o
                0x0000806c                grid_sys_alert_get_color_g
 .text.grid_sys_alert_get_color_b
                0x00008070        0x4 grid/grid_sys.o
                0x00008070                grid_sys_alert_get_color_b
 .text.grid_sys_read_hex_char_value
                0x00008074       0x28 grid/grid_sys.o
                0x00008074                grid_sys_read_hex_char_value
 .text.grid_sys_read_hex_string_value
                0x0000809c       0x30 grid/grid_sys.o
                0x0000809c                grid_sys_read_hex_string_value
 .text.grid_sys_write_hex_string_value
                0x000080cc       0x34 grid/grid_sys.o
                0x000080cc                grid_sys_write_hex_string_value
 .text.grid_sys_get_hwcfg
                0x00008100       0xe4 grid/grid_sys.o
                0x00008100                grid_sys_get_hwcfg
 .text.grid_sys_set_bank
                0x000081e4      0x174 grid/grid_sys.o
                0x000081e4                grid_sys_set_bank
 .text.grid_sys_init
                0x00008358       0x58 grid/grid_sys.o
                0x00008358                grid_sys_init
 .text.grid_msg_checksum_calculate
                0x000083b0       0x1a grid/grid_sys.o
                0x000083b0                grid_msg_checksum_calculate
 *fill*         0x000083ca        0x2 
 .text.grid_msg_checksum_read
                0x000083cc       0x1c grid/grid_sys.o
                0x000083cc                grid_msg_checksum_read
 .text.grid_msg_checksum_write
                0x000083e8       0x10 grid/grid_sys.o
                0x000083e8                grid_msg_checksum_write
 .text.grid_msg_get_parameter
                0x000083f8       0x18 grid/grid_sys.o
                0x000083f8                grid_msg_get_parameter
 .text.grid_msg_set_parameter
                0x00008410       0x14 grid/grid_sys.o
                0x00008410                grid_msg_set_parameter
 .text.grid_msg_find_recent
                0x00008424       0x1a grid/grid_sys.o
                0x00008424                grid_msg_find_recent
 .text.grid_msg_push_recent
                0x0000843e       0x16 grid/grid_sys.o
                0x0000843e                grid_msg_push_recent
 .text.grid_ui_model_init
                0x00008454       0x20 grid/grid_ui.o
                0x00008454                grid_ui_model_init
 .text.grid_report_init
                0x00008474       0x84 grid/grid_ui.o
                0x00008474                grid_report_init
 .text.grid_report_ui_init
                0x000084f8       0x18 grid/grid_ui.o
                0x000084f8                grid_report_ui_init
 .text.grid_report_sys_init
                0x00008510      0x260 grid/grid_ui.o
                0x00008510                grid_report_sys_init
 .text.grid_report_render
                0x00008770       0x20 grid/grid_ui.o
                0x00008770                grid_report_render
 .text.grid_report_ui_set_changed_flag
                0x00008790        0xe grid/grid_ui.o
                0x00008790                grid_report_ui_set_changed_flag
 .text.grid_report_sys_set_changed_flag
                0x0000879e        0xa grid/grid_ui.o
                0x0000879e                grid_report_sys_set_changed_flag
 .text.grid_report_sys_set_payload_parameter
                0x000087a8       0x18 grid/grid_ui.o
                0x000087a8                grid_report_sys_set_payload_parameter
 .text.grid_report_sys_clear_changed_flag
                0x000087c0        0xa grid/grid_ui.o
                0x000087c0                grid_report_sys_clear_changed_flag
 *fill*         0x000087ca        0x2 
 .text.grid_port_process_ui
                0x000087cc      0x4d0 grid/grid_ui.o
                0x000087cc                grid_port_process_ui
 .text.grid_usb_serial_bulkin_cb
                0x00008c9c        0x4 grid/grid_usb.o
 .text.grid_usb_serial_statechange_cb
                0x00008ca0       0x28 grid/grid_usb.o
 .text.grid_usb_midi_bulkin_cb
                0x00008cc8       0x28 grid/grid_usb.o
 .text.grid_usb_midi_bulkout_cb
                0x00008cf0       0x28 grid/grid_usb.o
 .text.grid_usb_serial_bulkout_cb
                0x00008d18        0x4 grid/grid_usb.o
 .text.grid_usb_serial_init
                0x00008d1c       0x10 grid/grid_usb.o
                0x00008d1c                grid_usb_serial_init
 .text.grid_usb_midi_init
                0x00008d2c       0x24 grid/grid_usb.o
                0x00008d2c                grid_usb_midi_init
 .text.adc_async_window_threshold_reached
                0x00008d50        0x8 hal/src/hal_adc_async.o
 .text.adc_async_error_occured
                0x00008d58        0x8 hal/src/hal_adc_async.o
 .text.adc_async_channel_conversion_done
                0x00008d60       0x68 hal/src/hal_adc_async.o
 .text.adc_async_init
                0x00008dc8       0x4c hal/src/hal_adc_async.o
                0x00008dc8                adc_async_init
 .text.adc_async_register_channel_buffer
                0x00008e14       0x6c hal/src/hal_adc_async.o
                0x00008e14                adc_async_register_channel_buffer
 .text.adc_async_enable_channel
                0x00008e80       0x10 hal/src/hal_adc_async.o
                0x00008e80                adc_async_enable_channel
 .text.adc_async_register_callback
                0x00008e90       0x3c hal/src/hal_adc_async.o
                0x00008e90                adc_async_register_callback
 .text.adc_async_read_channel
                0x00008ecc       0x74 hal/src/hal_adc_async.o
                0x00008ecc                adc_async_read_channel
 .text.adc_async_start_conversion
                0x00008f40       0x10 hal/src/hal_adc_async.o
                0x00008f40                adc_async_start_conversion
 .text.atomic_enter_critical
                0x00008f50        0xe hal/src/hal_atomic.o
                0x00008f50                atomic_enter_critical
 .text.atomic_leave_critical
                0x00008f5e        0xc hal/src/hal_atomic.o
                0x00008f5e                atomic_leave_critical
 *fill*         0x00008f6a        0x2 
 .text.crc_sync_init
                0x00008f6c        0x8 hal/src/hal_crc_sync.o
                0x00008f6c                crc_sync_init
 .text.delay_init
                0x00008f74       0x10 hal/src/hal_delay.o
                0x00008f74                delay_init
 .text.delay_us
                0x00008f84       0x24 hal/src/hal_delay.o
                0x00008f84                delay_us
 .text.delay_ms
                0x00008fa8       0x24 hal/src/hal_delay.o
                0x00008fa8                delay_ms
 .text.event_system_init
                0x00008fcc        0x8 hal/src/hal_evsys.o
                0x00008fcc                event_system_init
 .text.flash_ready
                0x00008fd4        0x8 hal/src/hal_flash.o
 .text.flash_error
                0x00008fdc        0x8 hal/src/hal_flash.o
 .text.flash_init
                0x00008fe4       0x20 hal/src/hal_flash.o
                0x00008fe4                flash_init
 .text.i2c_m_async_write
                0x00009004       0x2c hal/src/hal_i2c_m_async.o
 .text.i2c_m_async_read
                0x00009030       0x2c hal/src/hal_i2c_m_async.o
 .text.i2c_tx_complete
                0x0000905c        0xe hal/src/hal_i2c_m_async.o
 .text.i2c_rx_complete
                0x0000906a        0xe hal/src/hal_i2c_m_async.o
 .text.i2c_error
                0x00009078        0xe hal/src/hal_i2c_m_async.o
 *fill*         0x00009086        0x2 
 .text.i2c_m_async_init
                0x00009088       0x50 hal/src/hal_i2c_m_async.o
                0x00009088                i2c_m_async_init
 .text.io_write
                0x000090d8        0x4 hal/src/hal_io.o
                0x000090d8                io_write
 .text.io_read  0x000090dc        0x4 hal/src/hal_io.o
                0x000090dc                io_read
 .text.qspi_dma_init
                0x000090e0        0x8 hal/src/hal_qspi_dma.o
                0x000090e0                qspi_dma_init
 .text._spi_m_async_io_write
                0x000090e8       0x20 hal/src/hal_spi_m_async.o
 .text._spi_m_async_io_read
                0x00009108       0x34 hal/src/hal_spi_m_async.o
 .text._spi_dev_error
                0x0000913c       0x40 hal/src/hal_spi_m_async.o
 .text._spi_dev_complete
                0x0000917c       0x2c hal/src/hal_spi_m_async.o
 .text._spi_dev_rx
                0x000091a8       0x7c hal/src/hal_spi_m_async.o
 .text._spi_dev_tx
                0x00009224       0x48 hal/src/hal_spi_m_async.o
 .text.spi_m_async_init
                0x0000926c       0x64 hal/src/hal_spi_m_async.o
                0x0000926c                spi_m_async_init
 .text.spi_m_async_enable
                0x000092d0        0xc hal/src/hal_spi_m_async.o
                0x000092d0                spi_m_async_enable
 .text.spi_m_async_set_baudrate
                0x000092dc       0x18 hal/src/hal_spi_m_async.o
                0x000092dc                spi_m_async_set_baudrate
 .text.spi_m_async_set_mode
                0x000092f4       0x18 hal/src/hal_spi_m_async.o
                0x000092f4                spi_m_async_set_mode
 .text.spi_m_async_transfer
                0x0000930c       0x48 hal/src/hal_spi_m_async.o
                0x0000930c                spi_m_async_transfer
 .text.spi_m_async_register_callback
                0x00009354       0x1c hal/src/hal_spi_m_async.o
                0x00009354                spi_m_async_register_callback
 .text.spi_m_async_get_io_descriptor
                0x00009370        0x8 hal/src/hal_spi_m_async.o
                0x00009370                spi_m_async_get_io_descriptor
 .text._spi_m_dma_io_write
                0x00009378       0x18 hal/src/hal_spi_m_dma.o
 .text._spi_m_dma_io_read
                0x00009390       0x18 hal/src/hal_spi_m_dma.o
 .text.spi_m_dma_init
                0x000093a8       0x24 hal/src/hal_spi_m_dma.o
                0x000093a8                spi_m_dma_init
 .text.spi_m_dma_enable
                0x000093cc        0xc hal/src/hal_spi_m_dma.o
                0x000093cc                spi_m_dma_enable
 .text.spi_m_dma_register_callback
                0x000093d8        0xc hal/src/hal_spi_m_dma.o
                0x000093d8                spi_m_dma_register_callback
 .text.spi_m_dma_get_io_descriptor
                0x000093e4        0x8 hal/src/hal_spi_m_dma.o
                0x000093e4                spi_m_dma_get_io_descriptor
 .text.timer_add_timer_task
                0x000093ec       0x4c hal/src/hal_timer.o
 .text.timer_process_counted
                0x00009438       0x6c hal/src/hal_timer.o
 .text.timer_init
                0x000094a4       0x1c hal/src/hal_timer.o
                0x000094a4                timer_init
 .text.timer_start
                0x000094c0       0x24 hal/src/hal_timer.o
                0x000094c0                timer_start
 .text.timer_add_task
                0x000094e4       0x78 hal/src/hal_timer.o
                0x000094e4                timer_add_task
 .text.usart_transmission_complete
                0x0000955c       0x10 hal/src/hal_usart_async.o
 .text.usart_error
                0x0000956c       0x10 hal/src/hal_usart_async.o
 .text.usart_fill_rx_buffer
                0x0000957c       0x20 hal/src/hal_usart_async.o
 .text.usart_async_write
                0x0000959c       0x34 hal/src/hal_usart_async.o
 .text.usart_process_byte_sent
                0x000095d0       0x34 hal/src/hal_usart_async.o
 .text.usart_async_read
                0x00009604       0x54 hal/src/hal_usart_async.o
 .text.usart_async_init
                0x00009658       0x60 hal/src/hal_usart_async.o
                0x00009658                usart_async_init
 .text.usart_async_enable
                0x000096b8       0x10 hal/src/hal_usart_async.o
                0x000096b8                usart_async_enable
 .text.usart_async_disable
                0x000096c8       0x10 hal/src/hal_usart_async.o
                0x000096c8                usart_async_disable
 .text.usart_async_get_io_descriptor
                0x000096d8        0x6 hal/src/hal_usart_async.o
                0x000096d8                usart_async_get_io_descriptor
 *fill*         0x000096de        0x2 
 .text.usart_async_register_callback
                0x000096e0       0x44 hal/src/hal_usart_async.o
                0x000096e0                usart_async_register_callback
 .text.usart_async_set_parity
                0x00009724       0x10 hal/src/hal_usart_async.o
                0x00009724                usart_async_set_parity
 .text.usart_sync_write
                0x00009734       0x50 hal/src/hal_usart_sync.o
 .text.usart_sync_read
                0x00009784       0x38 hal/src/hal_usart_sync.o
 .text.usart_sync_init
                0x000097bc       0x24 hal/src/hal_usart_sync.o
                0x000097bc                usart_sync_init
 .text.usart_sync_enable
                0x000097e0       0x10 hal/src/hal_usart_sync.o
                0x000097e0                usart_sync_enable
 .text._usb_d_find_ep
                0x000097f0       0x30 hal/src/hal_usb_device.o
 .text.usb_d_dummy_cb_false
                0x00009820        0x4 hal/src/hal_usb_device.o
 .text.usb_d_cb_trans_more
                0x00009824       0x30 hal/src/hal_usb_device.o
 .text._usb_d_cb_trans_done
                0x00009854      0x108 hal/src/hal_usb_device.o
 .text.usb_d_cb_trans_setup
                0x0000995c       0x8c hal/src/hal_usb_device.o
 .text.usb_d_init
                0x000099e8       0x68 hal/src/hal_usb_device.o
                0x000099e8                usb_d_init
 .text.usb_d_register_callback
                0x00009a50        0x8 hal/src/hal_usb_device.o
                0x00009a50                usb_d_register_callback
 .text.usb_d_enable
                0x00009a58        0x8 hal/src/hal_usb_device.o
                0x00009a58                usb_d_enable
 .text.usb_d_attach
                0x00009a60        0x8 hal/src/hal_usb_device.o
                0x00009a60                usb_d_attach
 .text.usb_d_get_frame_num
                0x00009a68        0x8 hal/src/hal_usb_device.o
                0x00009a68                usb_d_get_frame_num
 .text.usb_d_set_address
                0x00009a70        0x8 hal/src/hal_usb_device.o
                0x00009a70                usb_d_set_address
 .text.usb_d_ep_init
                0x00009a78       0x50 hal/src/hal_usb_device.o
                0x00009a78                usb_d_ep_init
 .text.usb_d_ep0_init
                0x00009ac8       0x10 hal/src/hal_usb_device.o
                0x00009ac8                usb_d_ep0_init
 .text.usb_d_ep_deinit
                0x00009ad8       0x2c hal/src/hal_usb_device.o
                0x00009ad8                usb_d_ep_deinit
 .text.usb_d_ep_enable
                0x00009b04       0x40 hal/src/hal_usb_device.o
                0x00009b04                usb_d_ep_enable
 .text.usb_d_ep_transfer
                0x00009b44       0xf8 hal/src/hal_usb_device.o
                0x00009b44                usb_d_ep_transfer
 .text.usb_d_ep_halt
                0x00009c3c       0x64 hal/src/hal_usb_device.o
                0x00009c3c                usb_d_ep_halt
 .text.usb_d_ep_register_callback
                0x00009ca0       0x4c hal/src/hal_usb_device.o
                0x00009ca0                usb_d_ep_register_callback
 .text.is_list_element
                0x00009cec        0xe hal/utils/src/utils_list.o
                0x00009cec                is_list_element
 .text.list_insert_as_head
                0x00009cfa        0x8 hal/utils/src/utils_list.o
                0x00009cfa                list_insert_as_head
 .text.list_insert_after
                0x00009d02        0x8 hal/utils/src/utils_list.o
                0x00009d02                list_insert_after
 .text.list_insert_at_end
                0x00009d0a       0x18 hal/utils/src/utils_list.o
                0x00009d0a                list_insert_at_end
 .text.list_remove_head
                0x00009d22        0xc hal/utils/src/utils_list.o
                0x00009d22                list_remove_head
 .text.ringbuffer_init
                0x00009d2e       0x18 hal/utils/src/utils_ringbuffer.o
                0x00009d2e                ringbuffer_init
 .text.ringbuffer_get
                0x00009d46       0x22 hal/utils/src/utils_ringbuffer.o
                0x00009d46                ringbuffer_get
 .text.ringbuffer_put
                0x00009d68       0x26 hal/utils/src/utils_ringbuffer.o
                0x00009d68                ringbuffer_put
 .text.ringbuffer_num
                0x00009d8e        0x8 hal/utils/src/utils_ringbuffer.o
                0x00009d8e                ringbuffer_num
 *fill*         0x00009d96        0x2 
 .text._sbrk    0x00009d98       0x1c hal/utils/src/utils_syscalls.o
                0x00009d98                _sbrk
 .text._close   0x00009db4        0x6 hal/utils/src/utils_syscalls.o
                0x00009db4                _close
 .text._fstat   0x00009dba        0xa hal/utils/src/utils_syscalls.o
                0x00009dba                _fstat
 .text._isatty  0x00009dc4        0x4 hal/utils/src/utils_syscalls.o
                0x00009dc4                _isatty
 .text._lseek   0x00009dc8        0x4 hal/utils/src/utils_syscalls.o
                0x00009dc8                _lseek
 .text.__NVIC_DisableIRQ
                0x00009dcc       0x28 hpl/adc/hpl_adc.o
 .text.__NVIC_ClearPendingIRQ
                0x00009df4       0x20 hpl/adc/hpl_adc.o
 .text.hri_adc_wait_for_sync
                0x00009e14        0x8 hpl/adc/hpl_adc.o
 .text.hri_adc_set_CTRLA_ENABLE_bit
                0x00009e1c       0x14 hpl/adc/hpl_adc.o
 .text.hri_adc_clear_CTRLA_ENABLE_bit
                0x00009e30       0x18 hpl/adc/hpl_adc.o
 .text._adc_get_regs
                0x00009e48       0x14 hpl/adc/hpl_adc.o
 .text._adc_interrupt_handler
                0x00009e5c       0x4e hpl/adc/hpl_adc.o
 .text._adc_get_irq_num.isra.0
                0x00009eaa       0x14 hpl/adc/hpl_adc.o
 *fill*         0x00009ebe        0x2 
 .text._adc_init
                0x00009ec0       0xc8 hpl/adc/hpl_adc.o
 .text._adc_async_init
                0x00009f88       0xb4 hpl/adc/hpl_adc.o
                0x00009f88                _adc_async_init
 .text._adc_async_enable_channel
                0x0000a03c        0xc hpl/adc/hpl_adc.o
                0x0000a03c                _adc_async_enable_channel
 .text._adc_async_get_data_size
                0x0000a048       0x12 hpl/adc/hpl_adc.o
                0x0000a048                _adc_async_get_data_size
 *fill*         0x0000a05a        0x2 
 .text._adc_async_convert
                0x0000a05c       0x18 hpl/adc/hpl_adc.o
                0x0000a05c                _adc_async_convert
 .text._adc_async_set_irq_state
                0x0000a074       0x20 hpl/adc/hpl_adc.o
                0x0000a074                _adc_async_set_irq_state
 .text.ADC0_1_Handler
                0x0000a094       0x10 hpl/adc/hpl_adc.o
                0x0000a094                ADC0_1_Handler
 .text.ADC0_0_Handler
                0x0000a0a4        0x8 hpl/adc/hpl_adc.o
                0x0000a0a4                ADC0_0_Handler
 .text.ADC1_1_Handler
                0x0000a0ac       0x10 hpl/adc/hpl_adc.o
                0x0000a0ac                ADC1_1_Handler
 .text.ADC1_0_Handler
                0x0000a0bc        0x8 hpl/adc/hpl_adc.o
                0x0000a0bc                ADC1_0_Handler
 .text._irq_set
                0x0000a0c4       0x1c hpl/core/hpl_core_m4.o
                0x0000a0c4                _irq_set
 .text._get_cycles_for_us
                0x0000a0e0        0x6 hpl/core/hpl_core_m4.o
                0x0000a0e0                _get_cycles_for_us
 *fill*         0x0000a0e6        0x2 
 .text._get_cycles_for_ms
                0x0000a0e8        0xc hpl/core/hpl_core_m4.o
                0x0000a0e8                _get_cycles_for_ms
 .text._init_chip
                0x0000a0f4       0x5c hpl/core/hpl_init.o
                0x0000a0f4                _init_chip
 .text._dmac_handler
                0x0000a150       0x50 hpl/dmac/hpl_dmac.o
 .text._dma_init
                0x0000a1a0       0xd0 hpl/dmac/hpl_dmac.o
                0x0000a1a0                _dma_init
 .text._dma_set_irq_state
                0x0000a270       0x28 hpl/dmac/hpl_dmac.o
                0x0000a270                _dma_set_irq_state
 .text._dma_set_destination_address
                0x0000a298       0x10 hpl/dmac/hpl_dmac.o
                0x0000a298                _dma_set_destination_address
 .text._dma_set_source_address
                0x0000a2a8       0x10 hpl/dmac/hpl_dmac.o
                0x0000a2a8                _dma_set_source_address
 .text._dma_srcinc_enable
                0x0000a2b8       0x1c hpl/dmac/hpl_dmac.o
                0x0000a2b8                _dma_srcinc_enable
 .text._dma_set_data_amount
                0x0000a2d4       0x44 hpl/dmac/hpl_dmac.o
                0x0000a2d4                _dma_set_data_amount
 .text._dma_enable_transaction
                0x0000a318       0x3c hpl/dmac/hpl_dmac.o
                0x0000a318                _dma_enable_transaction
 .text._dma_get_channel_resource
                0x0000a354       0x14 hpl/dmac/hpl_dmac.o
                0x0000a354                _dma_get_channel_resource
 .text.DMAC_0_Handler
                0x0000a368        0x8 hpl/dmac/hpl_dmac.o
                0x0000a368                DMAC_0_Handler
 .text.DMAC_1_Handler
                0x0000a370        0x8 hpl/dmac/hpl_dmac.o
                0x0000a370                DMAC_1_Handler
 .text.DMAC_2_Handler
                0x0000a378        0x8 hpl/dmac/hpl_dmac.o
                0x0000a378                DMAC_2_Handler
 .text.DMAC_3_Handler
                0x0000a380        0x8 hpl/dmac/hpl_dmac.o
                0x0000a380                DMAC_3_Handler
 .text.DMAC_4_Handler
                0x0000a388        0x8 hpl/dmac/hpl_dmac.o
                0x0000a388                DMAC_4_Handler
 .text._crc_sync_init
                0x0000a390        0x6 hpl/dsu/hpl_dsu.o
                0x0000a390                _crc_sync_init
 *fill*         0x0000a396        0x2 
 .text._event_system_init
                0x0000a398       0x58 hpl/evsys/hpl_evsys.o
                0x0000a398                _event_system_init
 .text.hri_gclk_wait_for_sync.constprop.0
                0x0000a3f0       0x14 hpl/gclk/hpl_gclk.o
 .text._gclk_init_generators_by_fref
                0x0000a404       0x58 hpl/gclk/hpl_gclk.o
                0x0000a404                _gclk_init_generators_by_fref
 .text._mclk_init
                0x0000a45c        0xc hpl/mclk/hpl_mclk.o
                0x0000a45c                _mclk_init
 .text._user_row_write_exec
                0x0000a468       0x88 hpl/nvmctrl/hpl_nvmctrl.o
 .text._flash_init
                0x0000a4f0       0x4c hpl/nvmctrl/hpl_nvmctrl.o
                0x0000a4f0                _flash_init
 .text.NVMCTRL_1_Handler
                0x0000a53c       0x2c hpl/nvmctrl/hpl_nvmctrl.o
                0x0000a53c                NVMCTRL_1_Handler
 .text.NVMCTRL_0_Handler
                0x0000a568        0x8 hpl/nvmctrl/hpl_nvmctrl.o
                0x0000a568                NVMCTRL_0_Handler
 .text._user_area_read
                0x0000a570       0x60 hpl/nvmctrl/hpl_nvmctrl.o
                0x0000a570                _user_area_read
 .text._user_area_write
                0x0000a5d0       0x78 hpl/nvmctrl/hpl_nvmctrl.o
                0x0000a5d0                _user_area_write
 .text._osc32kctrl_init_sources
                0x0000a648       0x14 hpl/osc32kctrl/hpl_osc32kctrl.o
                0x0000a648                _osc32kctrl_init_sources
 .text._oscctrl_init_sources
                0x0000a65c        0x2 hpl/oscctrl/hpl_oscctrl.o
                0x0000a65c                _oscctrl_init_sources
 *fill*         0x0000a65e        0x2 
 .text._oscctrl_init_referenced_generators
                0x0000a660       0xfc hpl/oscctrl/hpl_oscctrl.o
                0x0000a660                _oscctrl_init_referenced_generators
 .text._qspi_dma_tx_complete
                0x0000a75c       0x14 hpl/qspi/hpl_qspi.o
 .text._qspi_dma_rx_complete
                0x0000a770        0x8 hpl/qspi/hpl_qspi.o
 .text._qspi_dma_error_occured
                0x0000a778        0xa hpl/qspi/hpl_qspi.o
 *fill*         0x0000a782        0x2 
 .text._qspi_dma_init
                0x0000a784       0x58 hpl/qspi/hpl_qspi.o
                0x0000a784                _qspi_dma_init
 .text.RAMECC_Handler
                0x0000a7dc       0x3c hpl/ramecc/hpl_ramecc.o
                0x0000a7dc                RAMECC_Handler
 .text.hri_rtcmode0_wait_for_sync
                0x0000a818        0x8 hpl/rtc/hpl_rtc.o
 .text._rtc_timer_stop
                0x0000a820       0x1c hpl/rtc/hpl_rtc.o
                0x0000a820                _rtc_timer_stop
 .text._rtc_timer_set_period
                0x0000a83c       0x10 hpl/rtc/hpl_rtc.o
                0x0000a83c                _rtc_timer_set_period
 .text._rtc_timer_get_period
                0x0000a84c       0x14 hpl/rtc/hpl_rtc.o
                0x0000a84c                _rtc_timer_get_period
 .text._rtc_timer_is_started
                0x0000a860       0x1c hpl/rtc/hpl_rtc.o
                0x0000a860                _rtc_timer_is_started
 .text._rtc_timer_set_irq
                0x0000a87c        0x2 hpl/rtc/hpl_rtc.o
                0x0000a87c                _rtc_timer_set_irq
 *fill*         0x0000a87e        0x2 
 .text._rtc_timer_start
                0x0000a880       0x3c hpl/rtc/hpl_rtc.o
                0x0000a880                _rtc_timer_start
 .text._rtc_timer_deinit
                0x0000a8bc       0x28 hpl/rtc/hpl_rtc.o
                0x0000a8bc                _rtc_timer_deinit
 .text._rtc_timer_init
                0x0000a8e4       0x48 hpl/rtc/hpl_rtc.o
                0x0000a8e4                _rtc_timer_init
 .text._rtc_get_timer
                0x0000a92c        0x8 hpl/rtc/hpl_rtc.o
                0x0000a92c                _rtc_get_timer
 .text.RTC_Handler
                0x0000a934       0x24 hpl/rtc/hpl_rtc.o
                0x0000a934                RTC_Handler
 .text.__NVIC_EnableIRQ
                0x0000a958       0x1c hpl/sercom/hpl_sercom.o
 .text.__NVIC_DisableIRQ
                0x0000a974       0x28 hpl/sercom/hpl_sercom.o
 .text.__NVIC_ClearPendingIRQ
                0x0000a99c       0x20 hpl/sercom/hpl_sercom.o
 .text.hri_sercomi2cm_wait_for_sync
                0x0000a9bc        0x8 hpl/sercom/hpl_sercom.o
 .text.hri_sercomspi_wait_for_sync
                0x0000a9c4        0x8 hpl/sercom/hpl_sercom.o
 .text.hri_sercomusart_wait_for_sync
                0x0000a9cc        0x8 hpl/sercom/hpl_sercom.o
 .text.hri_sercomi2cm_clear_CTRLA_ENABLE_bit
                0x0000a9d4       0x14 hpl/sercom/hpl_sercom.o
 .text.hri_sercomspi_clear_CTRLA_ENABLE_bit
                0x0000a9e8       0x14 hpl/sercom/hpl_sercom.o
 .text.hri_sercomusart_get_CTRLA_ENABLE_bit
                0x0000a9fc       0x14 hpl/sercom/hpl_sercom.o
 .text.hri_sercomusart_write_CTRLA_ENABLE_bit
                0x0000aa10       0x18 hpl/sercom/hpl_sercom.o
 .text.hri_sercomusart_clear_CTRLA_ENABLE_bit
                0x0000aa28       0x14 hpl/sercom/hpl_sercom.o
 .text._sercom_get_hardware_index
                0x0000aa3c       0x34 hpl/sercom/hpl_sercom.o
 .text._sercom_usart_interrupt_handler
                0x0000aa70       0x70 hpl/sercom/hpl_sercom.o
 .text._sercom_init_irq_param
                0x0000aae0       0x60 hpl/sercom/hpl_sercom.o
 .text._get_i2cm_index
                0x0000ab40       0x14 hpl/sercom/hpl_sercom.o
 .text._sercom_get_irq_num
                0x0000ab54       0x14 hpl/sercom/hpl_sercom.o
 .text._spi_sync_enable
                0x0000ab68       0x28 hpl/sercom/hpl_sercom.o
 .text._spi_get_regs
                0x0000ab90       0x2c hpl/sercom/hpl_sercom.o
 .text._spi_get_tx_dma_channel
                0x0000abbc       0x14 hpl/sercom/hpl_sercom.o
 .text._spi_get_rx_dma_channel
                0x0000abd0       0x14 hpl/sercom/hpl_sercom.o
 .text._spi_dma_rx_complete
                0x0000abe4        0xa hpl/sercom/hpl_sercom.o
 .text._spi_dma_tx_complete
                0x0000abee        0xa hpl/sercom/hpl_sercom.o
 .text._spi_dma_error_occured
                0x0000abf8        0xa hpl/sercom/hpl_sercom.o
 *fill*         0x0000ac02        0x2 
 .text._usart_set_parity
                0x0000ac04       0x78 hpl/sercom/hpl_sercom.o
 .text._sercom_i2c_send_stop
                0x0000ac7c       0x14 hpl/sercom/hpl_sercom.o
 .text._sercom_i2c_sync_analyse_flags
                0x0000ac90      0x16c hpl/sercom/hpl_sercom.o
 .text._spi_load_regs_master
                0x0000adfc       0x3c hpl/sercom/hpl_sercom.o
 .text._spi_set_mode
                0x0000ae38       0x34 hpl/sercom/hpl_sercom.o
 .text._i2c_m_sync_init_impl
                0x0000ae6c       0xb0 hpl/sercom/hpl_sercom.o
 .text._usart_init
                0x0000af1c       0xdc hpl/sercom/hpl_sercom.o
 .text._usart_sync_init
                0x0000aff8        0xc hpl/sercom/hpl_sercom.o
                0x0000aff8                _usart_sync_init
 .text._usart_async_init
                0x0000b004       0x64 hpl/sercom/hpl_sercom.o
                0x0000b004                _usart_async_init
 .text._usart_sync_enable
                0x0000b068       0x14 hpl/sercom/hpl_sercom.o
                0x0000b068                _usart_sync_enable
 .text._usart_async_enable
                0x0000b07c       0x14 hpl/sercom/hpl_sercom.o
                0x0000b07c                _usart_async_enable
 .text._usart_async_disable
                0x0000b090        0xc hpl/sercom/hpl_sercom.o
                0x0000b090                _usart_async_disable
 .text._usart_async_set_parity
                0x0000b09c        0xc hpl/sercom/hpl_sercom.o
                0x0000b09c                _usart_async_set_parity
 .text._usart_sync_write_byte
                0x0000b0a8        0x6 hpl/sercom/hpl_sercom.o
                0x0000b0a8                _usart_sync_write_byte
 .text._usart_async_write_byte
                0x0000b0ae        0x6 hpl/sercom/hpl_sercom.o
                0x0000b0ae                _usart_async_write_byte
 .text._usart_sync_read_byte
                0x0000b0b4        0x8 hpl/sercom/hpl_sercom.o
                0x0000b0b4                _usart_sync_read_byte
 .text._usart_sync_is_ready_to_send
                0x0000b0bc        0xa hpl/sercom/hpl_sercom.o
                0x0000b0bc                _usart_sync_is_ready_to_send
 .text._usart_sync_is_transmit_done
                0x0000b0c6        0xa hpl/sercom/hpl_sercom.o
                0x0000b0c6                _usart_sync_is_transmit_done
 .text._usart_sync_is_byte_received
                0x0000b0d0        0xa hpl/sercom/hpl_sercom.o
                0x0000b0d0                _usart_sync_is_byte_received
 .text._usart_async_enable_byte_sent_irq
                0x0000b0da        0x8 hpl/sercom/hpl_sercom.o
                0x0000b0da                _usart_async_enable_byte_sent_irq
 .text._usart_async_enable_tx_done_irq
                0x0000b0e2        0x8 hpl/sercom/hpl_sercom.o
                0x0000b0e2                _usart_async_enable_tx_done_irq
 .text._usart_async_set_irq_state
                0x0000b0ea       0x32 hpl/sercom/hpl_sercom.o
                0x0000b0ea                _usart_async_set_irq_state
 .text._i2c_m_async_init
                0x0000b11c       0x64 hpl/sercom/hpl_sercom.o
                0x0000b11c                _i2c_m_async_init
 .text._i2c_m_async_transfer
                0x0000b180       0xc0 hpl/sercom/hpl_sercom.o
                0x0000b180                _i2c_m_async_transfer
 .text._i2c_m_async_register_callback
                0x0000b240       0x1a hpl/sercom/hpl_sercom.o
                0x0000b240                _i2c_m_async_register_callback
 *fill*         0x0000b25a        0x2 
 .text.SERCOM0_3_Handler
                0x0000b25c       0x10 hpl/sercom/hpl_sercom.o
                0x0000b25c                SERCOM0_3_Handler
 .text.SERCOM0_2_Handler
                0x0000b26c        0x8 hpl/sercom/hpl_sercom.o
                0x0000b26c                SERCOM0_2_Handler
 .text.SERCOM0_1_Handler
                0x0000b274        0x8 hpl/sercom/hpl_sercom.o
                0x0000b274                SERCOM0_1_Handler
 .text.SERCOM0_0_Handler
                0x0000b27c        0x8 hpl/sercom/hpl_sercom.o
                0x0000b27c                SERCOM0_0_Handler
 .text.SERCOM1_3_Handler
                0x0000b284       0x10 hpl/sercom/hpl_sercom.o
                0x0000b284                SERCOM1_3_Handler
 .text.SERCOM1_2_Handler
                0x0000b294        0x8 hpl/sercom/hpl_sercom.o
                0x0000b294                SERCOM1_2_Handler
 .text.SERCOM1_1_Handler
                0x0000b29c        0x8 hpl/sercom/hpl_sercom.o
                0x0000b29c                SERCOM1_1_Handler
 .text.SERCOM1_0_Handler
                0x0000b2a4        0x8 hpl/sercom/hpl_sercom.o
                0x0000b2a4                SERCOM1_0_Handler
 .text.SERCOM3_3_Handler
                0x0000b2ac       0x44 hpl/sercom/hpl_sercom.o
                0x0000b2ac                SERCOM3_3_Handler
 .text.SERCOM3_2_Handler
                0x0000b2f0        0x8 hpl/sercom/hpl_sercom.o
                0x0000b2f0                SERCOM3_2_Handler
 .text.SERCOM3_1_Handler
                0x0000b2f8        0x8 hpl/sercom/hpl_sercom.o
                0x0000b2f8                SERCOM3_1_Handler
 .text.SERCOM3_0_Handler
                0x0000b300        0x8 hpl/sercom/hpl_sercom.o
                0x0000b300                SERCOM3_0_Handler
 .text.SERCOM4_3_Handler
                0x0000b308       0x10 hpl/sercom/hpl_sercom.o
                0x0000b308                SERCOM4_3_Handler
 .text.SERCOM4_2_Handler
                0x0000b318        0x8 hpl/sercom/hpl_sercom.o
                0x0000b318                SERCOM4_2_Handler
 .text.SERCOM4_1_Handler
                0x0000b320        0x8 hpl/sercom/hpl_sercom.o
                0x0000b320                SERCOM4_1_Handler
 .text.SERCOM4_0_Handler
                0x0000b328        0x8 hpl/sercom/hpl_sercom.o
                0x0000b328                SERCOM4_0_Handler
 .text.SERCOM5_3_Handler
                0x0000b330       0x64 hpl/sercom/hpl_sercom.o
                0x0000b330                SERCOM5_3_Handler
 .text.SERCOM5_2_Handler
                0x0000b394        0x8 hpl/sercom/hpl_sercom.o
                0x0000b394                SERCOM5_2_Handler
 .text.SERCOM5_1_Handler
                0x0000b39c        0x8 hpl/sercom/hpl_sercom.o
                0x0000b39c                SERCOM5_1_Handler
 .text.SERCOM5_0_Handler
                0x0000b3a4        0x8 hpl/sercom/hpl_sercom.o
                0x0000b3a4                SERCOM5_0_Handler
 .text.SERCOM6_3_Handler
                0x0000b3ac       0x10 hpl/sercom/hpl_sercom.o
                0x0000b3ac                SERCOM6_3_Handler
 .text.SERCOM6_2_Handler
                0x0000b3bc        0x8 hpl/sercom/hpl_sercom.o
                0x0000b3bc                SERCOM6_2_Handler
 .text.SERCOM6_1_Handler
                0x0000b3c4        0x8 hpl/sercom/hpl_sercom.o
                0x0000b3c4                SERCOM6_1_Handler
 .text.SERCOM6_0_Handler
                0x0000b3cc        0x8 hpl/sercom/hpl_sercom.o
                0x0000b3cc                SERCOM6_0_Handler
 .text._spi_m_sync_init
                0x0000b3d4       0xd0 hpl/sercom/hpl_sercom.o
                0x0000b3d4                _spi_m_sync_init
 .text._spi_m_async_init
                0x0000b4a4       0x58 hpl/sercom/hpl_sercom.o
                0x0000b4a4                _spi_m_async_init
 .text._spi_s_async_enable
                0x0000b4fc       0x34 hpl/sercom/hpl_sercom.o
                0x0000b4fc                _spi_s_async_enable
 .text._spi_m_async_enable
                0x0000b530        0x8 hpl/sercom/hpl_sercom.o
                0x0000b530                _spi_m_async_enable
 .text._spi_s_async_set_mode
                0x0000b538        0xc hpl/sercom/hpl_sercom.o
                0x0000b538                _spi_s_async_set_mode
 .text._spi_m_async_set_mode
                0x0000b544        0x8 hpl/sercom/hpl_sercom.o
                0x0000b544                _spi_m_async_set_mode
 .text._spi_m_async_set_baudrate
                0x0000b54c       0x14 hpl/sercom/hpl_sercom.o
                0x0000b54c                _spi_m_async_set_baudrate
 .text._spi_m_async_enable_tx
                0x0000b560       0x10 hpl/sercom/hpl_sercom.o
                0x0000b560                _spi_m_async_enable_tx
 .text._spi_m_async_enable_rx
                0x0000b570       0x10 hpl/sercom/hpl_sercom.o
                0x0000b570                _spi_m_async_enable_rx
 .text._spi_m_async_enable_tx_complete
                0x0000b580       0x10 hpl/sercom/hpl_sercom.o
                0x0000b580                _spi_m_async_enable_tx_complete
 .text._spi_m_async_write_one
                0x0000b590        0x8 hpl/sercom/hpl_sercom.o
                0x0000b590                _spi_m_async_write_one
 .text._spi_m_async_read_one
                0x0000b598        0x8 hpl/sercom/hpl_sercom.o
                0x0000b598                _spi_m_async_read_one
 .text._spi_m_async_register_callback
                0x0000b5a0        0xa hpl/sercom/hpl_sercom.o
                0x0000b5a0                _spi_m_async_register_callback
 .text._spi_m_async_set_irq_state
                0x0000b5aa       0x12 hpl/sercom/hpl_sercom.o
                0x0000b5aa                _spi_m_async_set_irq_state
 .text._spi_m_dma_init
                0x0000b5bc       0xc4 hpl/sercom/hpl_sercom.o
                0x0000b5bc                _spi_m_dma_init
 .text._spi_m_dma_enable
                0x0000b680        0xc hpl/sercom/hpl_sercom.o
                0x0000b680                _spi_m_dma_enable
 .text._spi_m_dma_register_callback
                0x0000b68c       0x64 hpl/sercom/hpl_sercom.o
                0x0000b68c                _spi_m_dma_register_callback
 .text._spi_m_dma_transfer
                0x0000b6f0       0xf8 hpl/sercom/hpl_sercom.o
                0x0000b6f0                _spi_m_dma_transfer
 .text._delay_init
                0x0000b7e8       0x14 hpl/systick/hpl_systick.o
                0x0000b7e8                _delay_init
 .text._delay_cycles
                0x0000b7fc       0x38 hpl/systick/hpl_systick.o
                0x0000b7fc                _delay_cycles
 .text.__NVIC_DisableIRQ
                0x0000b834       0x28 hpl/tc/hpl_tc.o
 .text.hri_tc_wait_for_sync
                0x0000b85c        0x8 hpl/tc/hpl_tc.o
 .text._tc_timer_start
                0x0000b864       0x14 hpl/tc/hpl_tc.o
                0x0000b864                _tc_timer_start
 .text._tc_timer_get_period
                0x0000b878       0x50 hpl/tc/hpl_tc.o
                0x0000b878                _tc_timer_get_period
 .text._tc_timer_is_started
                0x0000b8c8       0x18 hpl/tc/hpl_tc.o
                0x0000b8c8                _tc_timer_is_started
 .text.tc_interrupt_handler
                0x0000b8e0       0x12 hpl/tc/hpl_tc.o
 *fill*         0x0000b8f2        0x2 
 .text.get_tc_index
                0x0000b8f4       0x50 hpl/tc/hpl_tc.o
 .text._tc_timer_set_irq
                0x0000b944       0x28 hpl/tc/hpl_tc.o
                0x0000b944                _tc_timer_set_irq
 .text._tc_timer_stop
                0x0000b96c       0x14 hpl/tc/hpl_tc.o
                0x0000b96c                _tc_timer_stop
 .text._tc_timer_deinit
                0x0000b980       0x4c hpl/tc/hpl_tc.o
                0x0000b980                _tc_timer_deinit
 .text._tc_timer_init
                0x0000b9cc      0x150 hpl/tc/hpl_tc.o
                0x0000b9cc                _tc_timer_init
 .text._tc_timer_set_period
                0x0000bb1c       0x3c hpl/tc/hpl_tc.o
                0x0000bb1c                _tc_timer_set_period
 .text._tc_get_timer
                0x0000bb58        0x8 hpl/tc/hpl_tc.o
                0x0000bb58                _tc_get_timer
 .text.TC0_Handler
                0x0000bb60       0x10 hpl/tc/hpl_tc.o
                0x0000bb60                TC0_Handler
 .text.TC1_Handler
                0x0000bb70       0x10 hpl/tc/hpl_tc.o
                0x0000bb70                TC1_Handler
 .text.TC2_Handler
                0x0000bb80       0x10 hpl/tc/hpl_tc.o
                0x0000bb80                TC2_Handler
 .text.TC3_Handler
                0x0000bb90       0x10 hpl/tc/hpl_tc.o
                0x0000bb90                TC3_Handler
 .text._dummy_func_no_return
                0x0000bba0        0x4 hpl/usb/hpl_usb.o
 .text._usb_d_dev_wait_dfll_rdy
                0x0000bba4       0x24 hpl/usb/hpl_usb.o
 .text._usb_d_dev_ept
                0x0000bbc8       0x18 hpl/usb/hpl_usb.o
 .text._usb_d_dev_handle_setup
                0x0000bbe0       0x84 hpl/usb/hpl_usb.o
 .text._usb_d_dev_handle_stall
                0x0000bc64       0x28 hpl/usb/hpl_usb.o
 .text._usb_d_dev_trans_done
                0x0000bc8c       0x24 hpl/usb/hpl_usb.o
 .text._usb_d_dev_trans_stop
                0x0000bcb0       0x64 hpl/usb/hpl_usb.o
 .text._usb_d_dev_handle_trfail
                0x0000bd14       0xec hpl/usb/hpl_usb.o
 .text._usb_d_dev_reset_epts
                0x0000be00       0x3c hpl/usb/hpl_usb.o
 .text._usb_d_dev_in_next
                0x0000be3c      0x158 hpl/usb/hpl_usb.o
 .text._usb_d_dev_out_next
                0x0000bf94      0x1ac hpl/usb/hpl_usb.o
 .text._usb_d_dev_handler
                0x0000c140      0x1dc hpl/usb/hpl_usb.o
 .text._usbd_ep_pcksize_size
                0x0000c31c       0x3e hpl/usb/hpl_usb.o
 *fill*         0x0000c35a        0x2 
 .text._usb_d_dev_init
                0x0000c35c       0xe8 hpl/usb/hpl_usb.o
                0x0000c35c                _usb_d_dev_init
 .text._usb_d_dev_enable
                0x0000c444       0x5c hpl/usb/hpl_usb.o
                0x0000c444                _usb_d_dev_enable
 .text._usb_d_dev_attach
                0x0000c4a0       0x12 hpl/usb/hpl_usb.o
                0x0000c4a0                _usb_d_dev_attach
 .text._usb_d_dev_set_address
                0x0000c4b2        0xc hpl/usb/hpl_usb.o
                0x0000c4b2                _usb_d_dev_set_address
 .text._usb_d_dev_get_frame_n
                0x0000c4be        0xc hpl/usb/hpl_usb.o
                0x0000c4be                _usb_d_dev_get_frame_n
 *fill*         0x0000c4ca        0x2 
 .text._usb_d_dev_ep_init
                0x0000c4cc       0xc0 hpl/usb/hpl_usb.o
                0x0000c4cc                _usb_d_dev_ep_init
 .text._usb_d_dev_ep_deinit
                0x0000c58c       0x84 hpl/usb/hpl_usb.o
                0x0000c58c                _usb_d_dev_ep_deinit
 .text._usb_d_dev_ep_enable
                0x0000c610      0x17c hpl/usb/hpl_usb.o
                0x0000c610                _usb_d_dev_ep_enable
 .text._usb_d_dev_ep_stall
                0x0000c78c       0xe4 hpl/usb/hpl_usb.o
                0x0000c78c                _usb_d_dev_ep_stall
 .text._usb_d_dev_ep_read_req
                0x0000c870       0x54 hpl/usb/hpl_usb.o
                0x0000c870                _usb_d_dev_ep_read_req
 .text._usb_d_dev_ep_trans
                0x0000c8c4      0x108 hpl/usb/hpl_usb.o
                0x0000c8c4                _usb_d_dev_ep_trans
 .text._usb_d_dev_register_callback
                0x0000c9cc       0x24 hpl/usb/hpl_usb.o
                0x0000c9cc                _usb_d_dev_register_callback
 .text._usb_d_dev_register_ep_callback
                0x0000c9f0       0x2c hpl/usb/hpl_usb.o
                0x0000c9f0                _usb_d_dev_register_ep_callback
 .text.USB_0_Handler
                0x0000ca1c        0x8 hpl/usb/hpl_usb.o
                0x0000ca1c                USB_0_Handler
 .text.USB_1_Handler
                0x0000ca24        0x8 hpl/usb/hpl_usb.o
                0x0000ca24                USB_1_Handler
 .text.USB_2_Handler
                0x0000ca2c        0x8 hpl/usb/hpl_usb.o
                0x0000ca2c                USB_2_Handler
 .text.USB_3_Handler
                0x0000ca34        0x8 hpl/usb/hpl_usb.o
                0x0000ca34                USB_3_Handler
 .text._wdt_init
                0x0000ca3c       0x42 hpl/wdt/hpl_wdt.o
                0x0000ca3c                _wdt_init
 *fill*         0x0000ca7e        0x2 
 .text.RTC_Scheduler_report_cb
                0x0000ca80        0xc main.o
 .text.RTC_Scheduler_heartbeat_cb
                0x0000ca8c       0x10 main.o
 .text.RTC_Scheduler_ping_cb
                0x0000ca9c       0x3c main.o
 .text.RTC_Scheduler_realtime_cb
                0x0000cad8       0x98 main.o
 .text.init_timer
                0x0000cb70       0x84 main.o
                0x0000cb70                init_timer
 .text.startup.main
                0x0000cbf4      0x538 main.o
                0x0000cbf4                main
 .text._read    0x0000d12c       0x20 stdio_redirect/gcc/read.o
                0x0000d12c                _read
 .text._write   0x0000d14c       0x24 stdio_redirect/gcc/write.o
                0x0000d14c                _write
 .text.stdio_io_init
                0x0000d170       0x2c stdio_redirect/stdio_io.o
                0x0000d170                stdio_io_init
 .text.stdio_io_read
                0x0000d19c       0x1c stdio_redirect/stdio_io.o
                0x0000d19c                stdio_io_read
 .text.stdio_io_write
                0x0000d1b8       0x1c stdio_redirect/stdio_io.o
                0x0000d1b8                stdio_io_write
 .text.stdio_redirect_init
                0x0000d1d4       0x20 stdio_start.o
                0x0000d1d4                stdio_redirect_init
 .text.cdcdf_acm_req
                0x0000d1f4       0xdc usb/class/cdc/device/cdcdf_acm.o
 .text.cdcdf_acm_ctrl
                0x0000d2d0      0x138 usb/class/cdc/device/cdcdf_acm.o
 .text.cdcdf_acm_init
                0x0000d408       0x44 usb/class/cdc/device/cdcdf_acm.o
                0x0000d408                cdcdf_acm_init
 .text.cdcdf_acm_read
                0x0000d44c       0x2c usb/class/cdc/device/cdcdf_acm.o
                0x0000d44c                cdcdf_acm_read
 .text.cdcdf_acm_write
                0x0000d478       0x2c usb/class/cdc/device/cdcdf_acm.o
                0x0000d478                cdcdf_acm_write
 .text.cdcdf_acm_register_callback
                0x0000d4a4       0x40 usb/class/cdc/device/cdcdf_acm.o
                0x0000d4a4                cdcdf_acm_register_callback
 .text.hid_keyboard_req
                0x0000d4e4       0x88 usb/class/hid/device/hiddf_keyboard.o
 .text.hid_keyboard_ctrl
                0x0000d56c      0x110 usb/class/hid/device/hiddf_keyboard.o
 .text.hiddf_keyboard_init
                0x0000d67c       0x44 usb/class/hid/device/hiddf_keyboard.o
                0x0000d67c                hiddf_keyboard_init
 .text.hiddf_keyboard_keys_state_change
                0x0000d6c0       0x8c usb/class/hid/device/hiddf_keyboard.o
                0x0000d6c0                hiddf_keyboard_keys_state_change
 .text.hid_mouse_req
                0x0000d74c       0x88 usb/class/hid/device/hiddf_mouse.o
 .text.hid_mouse_ctrl
                0x0000d7d4       0xe4 usb/class/hid/device/hiddf_mouse.o
 .text.hiddf_mouse_init
                0x0000d8b8       0x44 usb/class/hid/device/hiddf_mouse.o
                0x0000d8b8                hiddf_mouse_init
 .text.hiddf_mouse_move
                0x0000d8fc       0x48 usb/class/hid/device/hiddf_mouse.o
                0x0000d8fc                hiddf_mouse_move
 .text.audio_midi_req
                0x0000d944       0x78 usb/class/midi/device/audiodf_midi.o
 .text.audio_midi_ctrl
                0x0000d9bc      0x180 usb/class/midi/device/audiodf_midi.o
 .text.audiodf_midi_init
                0x0000db3c       0x44 usb/class/midi/device/audiodf_midi.o
                0x0000db3c                audiodf_midi_init
 .text.audiodf_midi_write
                0x0000db80       0x28 usb/class/midi/device/audiodf_midi.o
                0x0000db80                audiodf_midi_write
 .text.audiodf_midi_read
                0x0000dba8       0x20 usb/class/midi/device/audiodf_midi.o
                0x0000dba8                audiodf_midi_read
 .text.audiodf_midi_register_callback
                0x0000dbc8       0x30 usb/class/midi/device/audiodf_midi.o
                0x0000dbc8                audiodf_midi_register_callback
 .text.usbdc_unconfig
                0x0000dbf8       0x1c usb/device/usbdc.o
 .text.usbdc_change_notify
                0x0000dc14       0x20 usb/device/usbdc.o
 .text.usbdc_request_handler
                0x0000dc34       0x38 usb/device/usbdc.o
 .text.usbd_sof_cb
                0x0000dc6c       0x18 usb/device/usbdc.o
 .text.usbdc_cb_ctl_done
                0x0000dc84       0x68 usb/device/usbdc.o
 .text.usbdc_reset
                0x0000dcec       0x5c usb/device/usbdc.o
                0x0000dcec                usbdc_reset
 .text.usbd_event_cb
                0x0000dd48       0x18 usb/device/usbdc.o
 .text.usbdc_xfer
                0x0000dd60       0x20 usb/device/usbdc.o
                0x0000dd60                usbdc_xfer
 .text.usbdc_cb_ctl_req
                0x0000dd80      0x328 usb/device/usbdc.o
 .text.usbdc_register_handler
                0x0000e0a8       0x2c usb/device/usbdc.o
                0x0000e0a8                usbdc_register_handler
 .text.usbdc_init
                0x0000e0d4       0x44 usb/device/usbdc.o
                0x0000e0d4                usbdc_init
 .text.usbdc_register_function
                0x0000e118       0x10 usb/device/usbdc.o
                0x0000e118                usbdc_register_function
 .text.usbdc_start
                0x0000e128       0x34 usb/device/usbdc.o
                0x0000e128                usbdc_start
 .text.usbdc_attach
                0x0000e15c        0x8 usb/device/usbdc.o
                0x0000e15c                usbdc_attach
 .text.usbdc_get_ctrl_buffer
                0x0000e164        0xc usb/device/usbdc.o
                0x0000e164                usbdc_get_ctrl_buffer
 .text.usbdc_get_state
                0x0000e170       0x14 usb/device/usbdc.o
                0x0000e170                usbdc_get_state
 .text.usb_find_desc
                0x0000e184       0x1a usb/usb_protocol.o
                0x0000e184                usb_find_desc
 .text.usb_find_ep_desc
                0x0000e19e       0x1c usb/usb_protocol.o
                0x0000e19e                usb_find_ep_desc
 *fill*         0x0000e1ba        0x2 
 .text.usb_find_cfg_desc
                0x0000e1bc       0x3c usb/usb_protocol.o
                0x0000e1bc                usb_find_cfg_desc
 .text.usb_find_str_desc
                0x0000e1f8       0x30 usb/usb_protocol.o
                0x0000e1f8                usb_find_str_desc
 .text.gpio_get_pin_level
                0x0000e228       0x48 usb_start.o
 .text.hiddf_demo_sof_event
                0x0000e270       0x78 usb_start.o
 .text.composite_device_init
                0x0000e2e8       0x2c usb_start.o
                0x0000e2e8                composite_device_init
 .text.composite_device_start
                0x0000e314       0x1c usb_start.o
                0x0000e314                composite_device_start
 .text.usb_init
                0x0000e330        0x8 usb_start.o
                0x0000e330                usb_init
 .text          0x0000e338      0x370 c:/program files (x86)/atmel/studio/7.0/toolchain/arm/arm-gnu-toolchain/bin/../lib/gcc/arm-none-eabi/6.3.1/thumb/v7e-m\libgcc.a(_arm_addsubdf3.o)
                0x0000e338                __aeabi_drsub
                0x0000e340                __aeabi_dsub
                0x0000e340                __subdf3
                0x0000e344                __aeabi_dadd
                0x0000e344                __adddf3
                0x0000e5bc                __floatunsidf
                0x0000e5bc                __aeabi_ui2d
                0x0000e5dc                __floatsidf
                0x0000e5dc                __aeabi_i2d
                0x0000e600                __aeabi_f2d
                0x0000e600                __extendsfdf2
                0x0000e63c                __floatundidf
                0x0000e63c                __aeabi_ul2d
                0x0000e64c                __floatdidf
                0x0000e64c                __aeabi_l2d
 .text          0x0000e6a8      0x424 c:/program files (x86)/atmel/studio/7.0/toolchain/arm/arm-gnu-toolchain/bin/../lib/gcc/arm-none-eabi/6.3.1/thumb/v7e-m\libgcc.a(_arm_muldivdf3.o)
                0x0000e6a8                __aeabi_dmul
                0x0000e6a8                __muldf3
                0x0000e8fc                __divdf3
                0x0000e8fc                __aeabi_ddiv
 .text          0x0000eacc       0x40 c:/program files (x86)/atmel/studio/7.0/toolchain/arm/arm-gnu-toolchain/bin/../lib/gcc/arm-none-eabi/6.3.1/thumb/v7e-m\libgcc.a(_arm_fixunsdfsi.o)
                0x0000eacc                __aeabi_d2uiz
                0x0000eacc                __fixunsdfsi
 .text.__libc_init_array
                0x0000eb0c       0x48 c:/program files (x86)/atmel/studio/7.0/toolchain/arm/arm-gnu-toolchain/bin/../lib/gcc/arm-none-eabi/6.3.1/../../../../arm-none-eabi/lib/thumb/v7e-m\libc_nano.a(lib_a-init.o)
                0x0000eb0c                __libc_init_array
 .text.malloc   0x0000eb54       0x10 c:/program files (x86)/atmel/studio/7.0/toolchain/arm/arm-gnu-toolchain/bin/../lib/gcc/arm-none-eabi/6.3.1/../../../../arm-none-eabi/lib/thumb/v7e-m\libc_nano.a(lib_a-malloc.o)
                0x0000eb54                malloc
 .text.memcpy   0x0000eb64       0x16 c:/program files (x86)/atmel/studio/7.0/toolchain/arm/arm-gnu-toolchain/bin/../lib/gcc/arm-none-eabi/6.3.1/../../../../arm-none-eabi/lib/thumb/v7e-m\libc_nano.a(lib_a-memcpy-stub.o)
                0x0000eb64                memcpy
 .text.memset   0x0000eb7a       0x10 c:/program files (x86)/atmel/studio/7.0/toolchain/arm/arm-gnu-toolchain/bin/../lib/gcc/arm-none-eabi/6.3.1/../../../../arm-none-eabi/lib/thumb/v7e-m\libc_nano.a(lib_a-memset.o)
                0x0000eb7a                memset
 *fill*         0x0000eb8a        0x2 
 .text._free_r  0x0000eb8c       0x9c c:/program files (x86)/atmel/studio/7.0/toolchain/arm/arm-gnu-toolchain/bin/../lib/gcc/arm-none-eabi/6.3.1/../../../../arm-none-eabi/lib/thumb/v7e-m\libc_nano.a(lib_a-nano-freer.o)
                0x0000eb8c                _free_r
 .text._malloc_r
                0x0000ec28       0xbc c:/program files (x86)/atmel/studio/7.0/toolchain/arm/arm-gnu-toolchain/bin/../lib/gcc/arm-none-eabi/6.3.1/../../../../arm-none-eabi/lib/thumb/v7e-m\libc_nano.a(lib_a-nano-mallocr.o)
                0x0000ec28                _malloc_r
 .text.printf   0x0000ece4       0x30 c:/program files (x86)/atmel/studio/7.0/toolchain/arm/arm-gnu-toolchain/bin/../lib/gcc/arm-none-eabi/6.3.1/../../../../arm-none-eabi/lib/thumb/v7e-m\libc_nano.a(lib_a-printf.o)
                0x0000ece4                iprintf
                0x0000ece4                printf
 .text._puts_r  0x0000ed14       0xb8 c:/program files (x86)/atmel/studio/7.0/toolchain/arm/arm-gnu-toolchain/bin/../lib/gcc/arm-none-eabi/6.3.1/../../../../arm-none-eabi/lib/thumb/v7e-m\libc_nano.a(lib_a-puts.o)
                0x0000ed14                _puts_r
 .text.puts     0x0000edcc       0x10 c:/program files (x86)/atmel/studio/7.0/toolchain/arm/arm-gnu-toolchain/bin/../lib/gcc/arm-none-eabi/6.3.1/../../../../arm-none-eabi/lib/thumb/v7e-m\libc_nano.a(lib_a-puts.o)
                0x0000edcc                puts
 .text._sbrk_r  0x0000eddc       0x20 c:/program files (x86)/atmel/studio/7.0/toolchain/arm/arm-gnu-toolchain/bin/../lib/gcc/arm-none-eabi/6.3.1/../../../../arm-none-eabi/lib/thumb/v7e-m\libc_nano.a(lib_a-sbrkr.o)
                0x0000eddc                _sbrk_r
 .text.setbuf   0x0000edfc       0x10 c:/program files (x86)/atmel/studio/7.0/toolchain/arm/arm-gnu-toolchain/bin/../lib/gcc/arm-none-eabi/6.3.1/../../../../arm-none-eabi/lib/thumb/v7e-m\libc_nano.a(lib_a-setbuf.o)
                0x0000edfc                setbuf
 .text.setvbuf  0x0000ee0c      0x15c c:/program files (x86)/atmel/studio/7.0/toolchain/arm/arm-gnu-toolchain/bin/../lib/gcc/arm-none-eabi/6.3.1/../../../../arm-none-eabi/lib/thumb/v7e-m\libc_nano.a(lib_a-setvbuf.o)
                0x0000ee0c                setvbuf
 .text.sprintf  0x0000ef68       0x48 c:/program files (x86)/atmel/studio/7.0/toolchain/arm/arm-gnu-toolchain/bin/../lib/gcc/arm-none-eabi/6.3.1/../../../../arm-none-eabi/lib/thumb/v7e-m\libc_nano.a(lib_a-sprintf.o)
                0x0000ef68                siprintf
                0x0000ef68                sprintf
 .text          0x0000efb0       0x10 c:/program files (x86)/atmel/studio/7.0/toolchain/arm/arm-gnu-toolchain/bin/../lib/gcc/arm-none-eabi/6.3.1/../../../../arm-none-eabi/lib/thumb/v7e-m\libc_nano.a(lib_a-strlen.o)
                0x0000efb0                strlen
 .text.__swbuf_r
                0x0000efc0       0xa4 c:/program files (x86)/atmel/studio/7.0/toolchain/arm/arm-gnu-toolchain/bin/../lib/gcc/arm-none-eabi/6.3.1/../../../../arm-none-eabi/lib/thumb/v7e-m\libc_nano.a(lib_a-wbuf.o)
                0x0000efc0                __swbuf_r
 .text.__swsetup_r
                0x0000f064       0xdc c:/program files (x86)/atmel/studio/7.0/toolchain/arm/arm-gnu-toolchain/bin/../lib/gcc/arm-none-eabi/6.3.1/../../../../arm-none-eabi/lib/thumb/v7e-m\libc_nano.a(lib_a-wsetup.o)
                0x0000f064                __swsetup_r
 .text.__sflush_r
                0x0000f140      0x110 c:/program files (x86)/atmel/studio/7.0/toolchain/arm/arm-gnu-toolchain/bin/../lib/gcc/arm-none-eabi/6.3.1/../../../../arm-none-eabi/lib/thumb/v7e-m\libc_nano.a(lib_a-fflush.o)
                0x0000f140                __sflush_r
 .text._fflush_r
                0x0000f250       0x54 c:/program files (x86)/atmel/studio/7.0/toolchain/arm/arm-gnu-toolchain/bin/../lib/gcc/arm-none-eabi/6.3.1/../../../../arm-none-eabi/lib/thumb/v7e-m\libc_nano.a(lib_a-fflush.o)
                0x0000f250                _fflush_r
 .text._cleanup_r
                0x0000f2a4        0xc c:/program files (x86)/atmel/studio/7.0/toolchain/arm/arm-gnu-toolchain/bin/../lib/gcc/arm-none-eabi/6.3.1/../../../../arm-none-eabi/lib/thumb/v7e-m\libc_nano.a(lib_a-findfp.o)
                0x0000f2a4                _cleanup_r
 .text.std.isra.0
                0x0000f2b0       0x48 c:/program files (x86)/atmel/studio/7.0/toolchain/arm/arm-gnu-toolchain/bin/../lib/gcc/arm-none-eabi/6.3.1/../../../../arm-none-eabi/lib/thumb/v7e-m\libc_nano.a(lib_a-findfp.o)
 .text.__sfmoreglue
                0x0000f2f8       0x2c c:/program files (x86)/atmel/studio/7.0/toolchain/arm/arm-gnu-toolchain/bin/../lib/gcc/arm-none-eabi/6.3.1/../../../../arm-none-eabi/lib/thumb/v7e-m\libc_nano.a(lib_a-findfp.o)
                0x0000f2f8                __sfmoreglue
 .text.__sinit  0x0000f324       0x60 c:/program files (x86)/atmel/studio/7.0/toolchain/arm/arm-gnu-toolchain/bin/../lib/gcc/arm-none-eabi/6.3.1/../../../../arm-none-eabi/lib/thumb/v7e-m\libc_nano.a(lib_a-findfp.o)
                0x0000f324                __sinit
 .text.__sfp    0x0000f384       0x78 c:/program files (x86)/atmel/studio/7.0/toolchain/arm/arm-gnu-toolchain/bin/../lib/gcc/arm-none-eabi/6.3.1/../../../../arm-none-eabi/lib/thumb/v7e-m\libc_nano.a(lib_a-findfp.o)
                0x0000f384                __sfp
 .text._fwalk_reent
                0x0000f3fc       0x3c c:/program files (x86)/atmel/studio/7.0/toolchain/arm/arm-gnu-toolchain/bin/../lib/gcc/arm-none-eabi/6.3.1/../../../../arm-none-eabi/lib/thumb/v7e-m\libc_nano.a(lib_a-fwalk.o)
                0x0000f3fc                _fwalk_reent
 .text.__swhatbuf_r
                0x0000f438       0x48 c:/program files (x86)/atmel/studio/7.0/toolchain/arm/arm-gnu-toolchain/bin/../lib/gcc/arm-none-eabi/6.3.1/../../../../arm-none-eabi/lib/thumb/v7e-m\libc_nano.a(lib_a-makebuf.o)
                0x0000f438                __swhatbuf_r
 .text.__smakebuf_r
                0x0000f480       0x80 c:/program files (x86)/atmel/studio/7.0/toolchain/arm/arm-gnu-toolchain/bin/../lib/gcc/arm-none-eabi/6.3.1/../../../../arm-none-eabi/lib/thumb/v7e-m\libc_nano.a(lib_a-makebuf.o)
                0x0000f480                __smakebuf_r
 .text.__malloc_lock
                0x0000f500        0x2 c:/program files (x86)/atmel/studio/7.0/toolchain/arm/arm-gnu-toolchain/bin/../lib/gcc/arm-none-eabi/6.3.1/../../../../arm-none-eabi/lib/thumb/v7e-m\libc_nano.a(lib_a-mlock.o)
                0x0000f500                __malloc_lock
 .text.__malloc_unlock
                0x0000f502        0x2 c:/program files (x86)/atmel/studio/7.0/toolchain/arm/arm-gnu-toolchain/bin/../lib/gcc/arm-none-eabi/6.3.1/../../../../arm-none-eabi/lib/thumb/v7e-m\libc_nano.a(lib_a-mlock.o)
                0x0000f502                __malloc_unlock
 .text.__ssputs_r
                0x0000f504       0xb6 c:/program files (x86)/atmel/studio/7.0/toolchain/arm/arm-gnu-toolchain/bin/../lib/gcc/arm-none-eabi/6.3.1/../../../../arm-none-eabi/lib/thumb/v7e-m\libc_nano.a(lib_a-nano-svfprintf.o)
                0x0000f504                __ssputs_r
 *fill*         0x0000f5ba        0x2 
 .text._svfprintf_r
                0x0000f5bc      0x1e8 c:/program files (x86)/atmel/studio/7.0/toolchain/arm/arm-gnu-toolchain/bin/../lib/gcc/arm-none-eabi/6.3.1/../../../../arm-none-eabi/lib/thumb/v7e-m\libc_nano.a(lib_a-nano-svfprintf.o)
                0x0000f5bc                _svfiprintf_r
                0x0000f5bc                _svfprintf_r
 .text.__sfputc_r
                0x0000f7a4       0x2c c:/program files (x86)/atmel/studio/7.0/toolchain/arm/arm-gnu-toolchain/bin/../lib/gcc/arm-none-eabi/6.3.1/../../../../arm-none-eabi/lib/thumb/v7e-m\libc_nano.a(lib_a-nano-vfprintf.o)
 .text.__sfputs_r
                0x0000f7d0       0x24 c:/program files (x86)/atmel/studio/7.0/toolchain/arm/arm-gnu-toolchain/bin/../lib/gcc/arm-none-eabi/6.3.1/../../../../arm-none-eabi/lib/thumb/v7e-m\libc_nano.a(lib_a-nano-vfprintf.o)
                0x0000f7d0                __sfputs_r
 .text._vfprintf_r
                0x0000f7f4      0x22c c:/program files (x86)/atmel/studio/7.0/toolchain/arm/arm-gnu-toolchain/bin/../lib/gcc/arm-none-eabi/6.3.1/../../../../arm-none-eabi/lib/thumb/v7e-m\libc_nano.a(lib_a-nano-vfprintf.o)
                0x0000f7f4                _vfprintf_r
                0x0000f7f4                _vfiprintf_r
 .text._printf_common
                0x0000fa20       0xec c:/program files (x86)/atmel/studio/7.0/toolchain/arm/arm-gnu-toolchain/bin/../lib/gcc/arm-none-eabi/6.3.1/../../../../arm-none-eabi/lib/thumb/v7e-m\libc_nano.a(lib_a-nano-vfprintf_i.o)
                0x0000fa20                _printf_common
 .text._printf_i
                0x0000fb0c      0x240 c:/program files (x86)/atmel/studio/7.0/toolchain/arm/arm-gnu-toolchain/bin/../lib/gcc/arm-none-eabi/6.3.1/../../../../arm-none-eabi/lib/thumb/v7e-m\libc_nano.a(lib_a-nano-vfprintf_i.o)
                0x0000fb0c                _printf_i
 .text.__sread  0x0000fd4c       0x22 c:/program files (x86)/atmel/studio/7.0/toolchain/arm/arm-gnu-toolchain/bin/../lib/gcc/arm-none-eabi/6.3.1/../../../../arm-none-eabi/lib/thumb/v7e-m\libc_nano.a(lib_a-stdio.o)
                0x0000fd4c                __sread
 .text.__swrite
                0x0000fd6e       0x38 c:/program files (x86)/atmel/studio/7.0/toolchain/arm/arm-gnu-toolchain/bin/../lib/gcc/arm-none-eabi/6.3.1/../../../../arm-none-eabi/lib/thumb/v7e-m\libc_nano.a(lib_a-stdio.o)
                0x0000fd6e                __swrite
 .text.__sseek  0x0000fda6       0x24 c:/program files (x86)/atmel/studio/7.0/toolchain/arm/arm-gnu-toolchain/bin/../lib/gcc/arm-none-eabi/6.3.1/../../../../arm-none-eabi/lib/thumb/v7e-m\libc_nano.a(lib_a-stdio.o)
                0x0000fda6                __sseek
 .text.__sclose