Archive member included to satisfy reference by file (symbol)

c:/program files (x86)/atmel/studio/7.0/toolchain/arm/arm-gnu-toolchain/bin/../lib/gcc/arm-none-eabi/6.3.1/thumb/v7e-m\libgcc.a(_arm_addsubdf3.o)
                              hpl/sercom/hpl_sercom.o (__aeabi_dsub)
c:/program files (x86)/atmel/studio/7.0/toolchain/arm/arm-gnu-toolchain/bin/../lib/gcc/arm-none-eabi/6.3.1/thumb/v7e-m\libgcc.a(_arm_muldivdf3.o)
                              grid/grid_hardwaretest.o (__aeabi_dmul)
c:/program files (x86)/atmel/studio/7.0/toolchain/arm/arm-gnu-toolchain/bin/../lib/gcc/arm-none-eabi/6.3.1/thumb/v7e-m\libgcc.a(_arm_fixunsdfsi.o)
                              grid/grid_hardwaretest.o (__aeabi_d2uiz)
c:/program files (x86)/atmel/studio/7.0/toolchain/arm/arm-gnu-toolchain/bin/../lib/gcc/arm-none-eabi/6.3.1/thumb/v7e-m\libgcc.a(_aeabi_uldivmod.o)
                              hpl/sercom/hpl_sercom.o (__aeabi_uldivmod)
c:/program files (x86)/atmel/studio/7.0/toolchain/arm/arm-gnu-toolchain/bin/../lib/gcc/arm-none-eabi/6.3.1/thumb/v7e-m\libgcc.a(_udivmoddi4.o)
                              c:/program files (x86)/atmel/studio/7.0/toolchain/arm/arm-gnu-toolchain/bin/../lib/gcc/arm-none-eabi/6.3.1/thumb/v7e-m\libgcc.a(_aeabi_uldivmod.o) (__udivmoddi4)
c:/program files (x86)/atmel/studio/7.0/toolchain/arm/arm-gnu-toolchain/bin/../lib/gcc/arm-none-eabi/6.3.1/thumb/v7e-m\libgcc.a(_dvmd_tls.o)
                              c:/program files (x86)/atmel/studio/7.0/toolchain/arm/arm-gnu-toolchain/bin/../lib/gcc/arm-none-eabi/6.3.1/thumb/v7e-m\libgcc.a(_aeabi_uldivmod.o) (__aeabi_ldiv0)
c:/program files (x86)/atmel/studio/7.0/toolchain/arm/arm-gnu-toolchain/bin/../lib/gcc/arm-none-eabi/6.3.1/../../../../arm-none-eabi/lib/thumb/v7e-m\libc_nano.a(lib_a-exit.o)
                              c:/program files (x86)/atmel/studio/7.0/toolchain/arm/arm-gnu-toolchain/bin/../lib/gcc/arm-none-eabi/6.3.1/../../../../arm-none-eabi/lib/thumb/v7e-m/crt0.o (exit)
c:/program files (x86)/atmel/studio/7.0/toolchain/arm/arm-gnu-toolchain/bin/../lib/gcc/arm-none-eabi/6.3.1/../../../../arm-none-eabi/lib/thumb/v7e-m\libc_nano.a(lib_a-impure.o)
                              c:/program files (x86)/atmel/studio/7.0/toolchain/arm/arm-gnu-toolchain/bin/../lib/gcc/arm-none-eabi/6.3.1/../../../../arm-none-eabi/lib/thumb/v7e-m\libc_nano.a(lib_a-exit.o) (_global_impure_ptr)
c:/program files (x86)/atmel/studio/7.0/toolchain/arm/arm-gnu-toolchain/bin/../lib/gcc/arm-none-eabi/6.3.1/../../../../arm-none-eabi/lib/thumb/v7e-m\libc_nano.a(lib_a-init.o)
                              c:/program files (x86)/atmel/studio/7.0/toolchain/arm/arm-gnu-toolchain/bin/../lib/gcc/arm-none-eabi/6.3.1/../../../../arm-none-eabi/lib/thumb/v7e-m/crt0.o (__libc_init_array)
c:/program files (x86)/atmel/studio/7.0/toolchain/arm/arm-gnu-toolchain/bin/../lib/gcc/arm-none-eabi/6.3.1/../../../../arm-none-eabi/lib/thumb/v7e-m\libc_nano.a(lib_a-malloc.o)
                              grid/grid_ain.o (malloc)
c:/program files (x86)/atmel/studio/7.0/toolchain/arm/arm-gnu-toolchain/bin/../lib/gcc/arm-none-eabi/6.3.1/../../../../arm-none-eabi/lib/thumb/v7e-m\libc_nano.a(lib_a-memcpy-stub.o)
                              hpl/nvmctrl/hpl_nvmctrl.o (memcpy)
c:/program files (x86)/atmel/studio/7.0/toolchain/arm/arm-gnu-toolchain/bin/../lib/gcc/arm-none-eabi/6.3.1/../../../../arm-none-eabi/lib/thumb/v7e-m\libc_nano.a(lib_a-memset.o)
                              c:/program files (x86)/atmel/studio/7.0/toolchain/arm/arm-gnu-toolchain/bin/../lib/gcc/arm-none-eabi/6.3.1/../../../../arm-none-eabi/lib/thumb/v7e-m/crt0.o (memset)
c:/program files (x86)/atmel/studio/7.0/toolchain/arm/arm-gnu-toolchain/bin/../lib/gcc/arm-none-eabi/6.3.1/../../../../arm-none-eabi/lib/thumb/v7e-m\libc_nano.a(lib_a-nano-freer.o)
                              c:/program files (x86)/atmel/studio/7.0/toolchain/arm/arm-gnu-toolchain/bin/../lib/gcc/arm-none-eabi/6.3.1/../../../../arm-none-eabi/lib/thumb/v7e-m\libc_nano.a(lib_a-malloc.o) (_free_r)
c:/program files (x86)/atmel/studio/7.0/toolchain/arm/arm-gnu-toolchain/bin/../lib/gcc/arm-none-eabi/6.3.1/../../../../arm-none-eabi/lib/thumb/v7e-m\libc_nano.a(lib_a-nano-mallocr.o)
                              c:/program files (x86)/atmel/studio/7.0/toolchain/arm/arm-gnu-toolchain/bin/../lib/gcc/arm-none-eabi/6.3.1/../../../../arm-none-eabi/lib/thumb/v7e-m\libc_nano.a(lib_a-malloc.o) (_malloc_r)
c:/program files (x86)/atmel/studio/7.0/toolchain/arm/arm-gnu-toolchain/bin/../lib/gcc/arm-none-eabi/6.3.1/../../../../arm-none-eabi/lib/thumb/v7e-m\libc_nano.a(lib_a-printf.o)
                              grid/grid_d51.o (printf)
c:/program files (x86)/atmel/studio/7.0/toolchain/arm/arm-gnu-toolchain/bin/../lib/gcc/arm-none-eabi/6.3.1/../../../../arm-none-eabi/lib/thumb/v7e-m\libc_nano.a(lib_a-puts.o)
                              grid/grid_unittest.o (puts)
[...]
Memory Configuration

Name             Origin             Length             Attributes
rom              0x00004000         0x0007a000         xr
ram              0x20000000         0x00040000         xrw
bkupram          0x47000000         0x00002000         xrw
qspi             0x04000000         0x01000000         xrw
*default*        0x00000000         0xffffffff

Linker script and memory map

LOAD c:/program files (x86)/atmel/studio/7.0/toolchain/arm/arm-gnu-toolchain/bin/../lib/gcc/arm-none-eabi/6.3.1/thumb/v7e-m/crti.o
LOAD c:/program files (x86)/atmel/studio/7.0/toolchain/arm/arm-gnu-toolchain/bin/../lib/gcc/arm-none-eabi/6.3.1/thumb/v7e-m/crtbegin.o
LOAD c:/program files (x86)/atmel/studio/7.0/toolchain/arm/arm-gnu-toolchain/bin/../lib/gcc/arm-none-eabi/6.3.1/../../../../arm-none-eabi/lib/thumb/v7e-m/crt0.o
LOAD atmel_start.o
LOAD Device_Startup/startup_samd51.o
LOAD Device_Startup/system_samd51.o
LOAD driver_init.o
LOAD examples/driver_examples.o
LOAD flash/n25q256a.o
LOAD flash/spi_nor_flash.o
LOAD grid/grid_d51.o
LOAD grid/grid_debug.o
LOAD grid/grid_hardwaretest.o
LOAD grid/grid_msg.o
LOAD grid/grid_nvm.o
LOAD grid/grid_unittest.o
LOAD grid/grid_ain.o
LOAD grid/grid_buf.o
LOAD grid/grid_led.o
LOAD grid/grid_module.o
LOAD grid/grid_module_bu16_revb.o
LOAD grid/grid_module_en16_reva.o
LOAD grid/grid_module_pbf4_reva.o
LOAD grid/grid_module_po16_revb.o
LOAD grid/grid_sys.o
LOAD grid/grid_ui.o
LOAD grid/grid_usb.o
LOAD hal/src/hal_adc_async.o
LOAD hal/src/hal_atomic.o
LOAD hal/src/hal_cache.o
LOAD hal/src/hal_crc_sync.o
LOAD hal/src/hal_delay.o
LOAD hal/src/hal_evsys.o
LOAD hal/src/hal_flash.o
LOAD hal/src/hal_gpio.o
LOAD hal/src/hal_i2c_m_async.o
LOAD hal/src/hal_init.o
LOAD hal/src/hal_io.o
LOAD hal/src/hal_qspi_dma.o
LOAD hal/src/hal_sleep.o
LOAD hal/src/hal_spi_m_async.o
LOAD hal/src/hal_spi_m_dma.o
LOAD hal/src/hal_timer.o
LOAD hal/src/hal_usart_async.o
LOAD hal/src/hal_usart_sync.o
LOAD hal/src/hal_usb_device.o
LOAD hal/src/hal_wdt.o
LOAD hal/utils/src/utils_assert.o
LOAD hal/utils/src/utils_event.o
LOAD hal/utils/src/utils_list.o
LOAD hal/utils/src/utils_ringbuffer.o
LOAD hal/utils/src/utils_syscalls.o
LOAD hpl/adc/hpl_adc.o
LOAD hpl/cmcc/hpl_cmcc.o
LOAD hpl/core/hpl_core_m4.o
LOAD hpl/core/hpl_init.o
LOAD hpl/dmac/hpl_dmac.o
LOAD hpl/dsu/hpl_dsu.o
LOAD hpl/evsys/hpl_evsys.o
LOAD hpl/gclk/hpl_gclk.o
LOAD hpl/mclk/hpl_mclk.o
LOAD hpl/nvmctrl/hpl_nvmctrl.o
LOAD hpl/osc32kctrl/hpl_osc32kctrl.o
LOAD hpl/oscctrl/hpl_oscctrl.o
LOAD hpl/pac/hpl_pac.o
LOAD hpl/pm/hpl_pm.o
LOAD hpl/qspi/hpl_qspi.o
LOAD hpl/ramecc/hpl_ramecc.o
LOAD hpl/rtc/hpl_rtc.o
LOAD hpl/sercom/hpl_sercom.o
LOAD hpl/systick/hpl_systick.o
LOAD hpl/tc/hpl_tc.o
LOAD hpl/usb/hpl_usb.o
LOAD hpl/wdt/hpl_wdt.o
LOAD main.o
LOAD stdio_redirect/gcc/read.o
LOAD stdio_redirect/gcc/write.o
LOAD stdio_redirect/stdio_io.o
LOAD stdio_start.o
LOAD usb/class/cdc/device/cdcdf_acm.o
LOAD usb/class/hid/device/hiddf_generic.o
LOAD usb/class/hid/device/hiddf_keyboard.o
LOAD usb/class/hid/device/hiddf_mouse.o
LOAD usb/class/midi/device/audiodf_midi.o
LOAD usb/class/midi/usb_protocol_midi.o
LOAD usb/class/msc/device/mscdf.o
LOAD usb/device/usbdc.o
LOAD usb/usb_protocol.o
LOAD usb_start.o
START GROUP
LOAD c:/program files (x86)/atmel/studio/7.0/toolchain/arm/arm-gnu-toolchain/bin/../lib/gcc/arm-none-eabi/6.3.1/../../../../arm-none-eabi/lib/thumb/v7e-m\libm.a
END GROUP
START GROUP
LOAD c:/program files (x86)/atmel/studio/7.0/toolchain/arm/arm-gnu-toolchain/bin/../lib/gcc/arm-none-eabi/6.3.1/thumb/v7e-m\libgcc.a
LOAD c:/program files (x86)/atmel/studio/7.0/toolchain/arm/arm-gnu-toolchain/bin/../lib/gcc/arm-none-eabi/6.3.1/../../../../arm-none-eabi/lib/thumb/v7e-m\libc_nano.a
END GROUP
START GROUP
LOAD c:/program files (x86)/atmel/studio/7.0/toolchain/arm/arm-gnu-toolchain/bin/../lib/gcc/arm-none-eabi/6.3.1/thumb/v7e-m\libgcc.a
LOAD c:/program files (x86)/atmel/studio/7.0/toolchain/arm/arm-gnu-toolchain/bin/../lib/gcc/arm-none-eabi/6.3.1/../../../../arm-none-eabi/lib/thumb/v7e-m\libc_nano.a
END GROUP
LOAD c:/program files (x86)/atmel/studio/7.0/toolchain/arm/arm-gnu-toolchain/bin/../lib/gcc/arm-none-eabi/6.3.1/thumb/v7e-m/crtend.o
LOAD c:/program files (x86)/atmel/studio/7.0/toolchain/arm/arm-gnu-toolchain/bin/../lib/gcc/arm-none-eabi/6.3.1/thumb/v7e-m/crtn.o
                0x00010000                STACK_SIZE = DEFINED (STACK_SIZE)?STACK_SIZE:DEFINED (__stack_size__)?__stack_size__:0x10000

.text           0x00004000     0xd898
                0x00004000                . = ALIGN (0x4)
                0x00004000                _sfixed = .
 *(.vectors .vectors.*)
 .vectors       0x00004000      0x264 Device_Startup/startup_samd51.o
                0x00004000                exception_table
 *(.text .text.* .gnu.linkonce.t.*)
 .text          0x00004264       0x6c c:/program files (x86)/atmel/studio/7.0/toolchain/arm/arm-gnu-toolchain/bin/../lib/gcc/arm-none-eabi/6.3.1/thumb/v7e-m/crtbegin.o
 .text.atmel_start_init
                0x000042d0       0x20 atmel_start.o
                0x000042d0                atmel_start_init
 .text.Dummy_Handler
                0x000042f0        0x2 Device_Startup/startup_samd51.o
                0x000042f0                EIC_5_Handler
                0x000042f0                SVCall_Handler
                0x000042f0                EIC_13_Handler
                0x000042f0                EVSYS_0_Handler
                0x000042f0                TCC1_3_Handler
                0x000042f0                DAC_3_Handler
                0x000042f0                TRNG_Handler
                0x000042f0                HardFault_Handler
                0x000042f0                PDEC_2_Handler
                0x000042f0                EIC_4_Handler
                0x000042f0                AC_Handler
                0x000042f0                SysTick_Handler
                0x000042f0                TCC2_3_Handler
                0x000042f0                PendSV_Handler
                0x000042f0                TC7_Handler
                0x000042f0                EVSYS_3_Handler
                0x000042f0                PDEC_0_Handler
                0x000042f0                QSPI_Handler
                0x000042f0                NonMaskableInt_Handler
                0x000042f0                TCC0_0_Handler
                0x000042f0                EIC_3_Handler
                0x000042f0                MemManagement_Handler
                0x000042f0                DAC_2_Handler
                0x000042f0                UsageFault_Handler
                0x000042f0                EIC_10_Handler
                0x000042f0                EIC_11_Handler
                0x000042f0                EIC_9_Handler
                0x000042f0                OSC32KCTRL_Handler
                0x000042f0                TCC2_1_Handler
                0x000042f0                SUPC_1_Handler
                0x000042f0                TCC0_5_Handler
                0x000042f0                TCC0_6_Handler
                0x000042f0                EVSYS_1_Handler
                0x000042f0                TCC1_4_Handler
                0x000042f0                TC6_Handler
                0x000042f0                WDT_Handler
                0x000042f0                EIC_8_Handler
                0x000042f0                EIC_15_Handler
                0x000042f0                TC4_Handler
                0x000042f0                OSCCTRL_4_Handler
                0x000042f0                EIC_12_Handler
                0x000042f0                TCC4_2_Handler
                0x000042f0                PAC_Handler
                0x000042f0                TCC1_0_Handler
                0x000042f0                OSCCTRL_0_Handler
                0x000042f0                EIC_0_Handler
                0x000042f0                OSCCTRL_3_Handler
                0x000042f0                Dummy_Handler
                0x000042f0                TCC3_0_Handler
                0x000042f0                TCC2_2_Handler
                0x000042f0                TCC1_1_Handler
                0x000042f0                OSCCTRL_2_Handler
                0x000042f0                TCC1_2_Handler
                0x000042f0                SERCOM7_1_Handler
                0x000042f0                PM_Handler
                0x000042f0                SERCOM2_3_Handler
                0x000042f0                DAC_4_Handler
                0x000042f0                TCC3_2_Handler
                0x000042f0                SERCOM7_0_Handler
                0x000042f0                TCC0_2_Handler
                0x000042f0                TCC4_0_Handler
                0x000042f0                SERCOM7_3_Handler
                0x000042f0                SDHC1_Handler
                0x000042f0                SERCOM7_2_Handler
                0x000042f0                TCC2_0_Handler
                0x000042f0                PDEC_1_Handler
                0x000042f0                TCC4_1_Handler
                0x000042f0                SDHC0_Handler
                0x000042f0                I2S_Handler
                0x000042f0                EIC_2_Handler
                0x000042f0                PCC_Handler
                0x000042f0                DAC_0_Handler
                0x000042f0                TCC0_1_Handler
                0x000042f0                EIC_6_Handler
                0x000042f0                OSCCTRL_1_Handler
                0x000042f0                PUKCC_Handler
                0x000042f0                SERCOM2_1_Handler
                0x000042f0                EIC_1_Handler
                0x000042f0                EVSYS_4_Handler
                0x000042f0                EIC_7_Handler
                0x000042f0                SERCOM2_2_Handler
                0x000042f0                TCC3_1_Handler
                0x000042f0                EIC_14_Handler
                0x000042f0                DAC_1_Handler
                0x000042f0                MCLK_Handler
                0x000042f0                EVSYS_2_Handler
                0x000042f0                SUPC_0_Handler
                0x000042f0                BusFault_Handler
                0x000042f0                FREQM_Handler
                0x000042f0                TCC0_3_Handler
                0x000042f0                DebugMonitor_Handler
                0x000042f0                TCC0_4_Handler
                0x000042f0                TC5_Handler
                0x000042f0                SERCOM2_0_Handler
                0x000042f0                AES_Handler
                0x000042f0                ICM_Handler
 *fill*         0x000042f2        0x2 
 .text.Reset_Handler
                0x000042f4       0x78 Device_Startup/startup_samd51.o
                0x000042f4                Reset_Handler
 .text._gpio_set_pin_function
                0x0000436c       0x68 driver_init.o
 .text.gpio_set_pin_direction
                0x000043d4       0x68 driver_init.o
 .text.ADC_0_init
                0x0000443c       0x80 driver_init.o
                0x0000443c                ADC_0_init
 .text.ADC_1_init
                0x000044bc       0x84 driver_init.o
                0x000044bc                ADC_1_init
 .text.CRC_0_init
                0x00004540       0x24 driver_init.o
                0x00004540                CRC_0_init
 .text.EVENT_SYSTEM_0_init
                0x00004564       0x30 driver_init.o
                0x00004564                EVENT_SYSTEM_0_init
 .text.FLASH_0_CLOCK_init
                0x00004594       0x10 driver_init.o
                0x00004594                FLASH_0_CLOCK_init
 .text.FLASH_0_init
                0x000045a4       0x24 driver_init.o
                0x000045a4                FLASH_0_init
 .text.QSPI_INSTANCE_PORT_init
                0x000045c8       0xdc driver_init.o
                0x000045c8                QSPI_INSTANCE_PORT_init
 .text.QSPI_INSTANCE_CLOCK_init
                0x000046a4       0x20 driver_init.o
                0x000046a4                QSPI_INSTANCE_CLOCK_init
 .text.QSPI_INSTANCE_init
                0x000046c4       0x2c driver_init.o
                0x000046c4                QSPI_INSTANCE_init
 .text.USART_EAST_CLOCK_init
                0x000046f0       0x24 driver_init.o
                0x000046f0                USART_EAST_CLOCK_init
 .text.USART_EAST_PORT_init
                0x00004714       0x24 driver_init.o
                0x00004714                USART_EAST_PORT_init
 .text.USART_EAST_init
                0x00004738       0x38 driver_init.o
                0x00004738                USART_EAST_init
 .text.USART_NORTH_CLOCK_init
                0x00004770       0x24 driver_init.o
                0x00004770                USART_NORTH_CLOCK_init
 .text.USART_NORTH_PORT_init
                0x00004794       0x24 driver_init.o
                0x00004794                USART_NORTH_PORT_init
 .text.USART_NORTH_init
                0x000047b8       0x38 driver_init.o
                0x000047b8                USART_NORTH_init
 .text.GRID_AUX_PORT_init
                0x000047f0       0x24 driver_init.o
                0x000047f0                GRID_AUX_PORT_init
 .text.GRID_AUX_CLOCK_init
                0x00004814       0x24 driver_init.o
                0x00004814                GRID_AUX_CLOCK_init
 .text.GRID_AUX_init
                0x00004838       0x2c driver_init.o
                0x00004838                GRID_AUX_init
 .text.UI_SPI_PORT_init
                0x00004864       0x68 driver_init.o
                0x00004864                UI_SPI_PORT_init
 .text.UI_SPI_CLOCK_init
                0x000048cc       0x24 driver_init.o
                0x000048cc                UI_SPI_CLOCK_init
 .text.UI_SPI_init
                0x000048f0       0x2c driver_init.o
                0x000048f0                UI_SPI_init
 .text.USART_WEST_CLOCK_init
                0x0000491c       0x24 driver_init.o
                0x0000491c                USART_WEST_CLOCK_init
 .text.USART_WEST_PORT_init
                0x00004940       0x24 driver_init.o
                0x00004940                USART_WEST_PORT_init
 .text.USART_WEST_init
                0x00004964       0x38 driver_init.o
                0x00004964                USART_WEST_init
 .text.SYS_I2C_PORT_init
                0x0000499c       0x40 driver_init.o
                0x0000499c                SYS_I2C_PORT_init
 .text.SYS_I2C_CLOCK_init
                0x000049dc       0x24 driver_init.o
                0x000049dc                SYS_I2C_CLOCK_init
 .text.SYS_I2C_init
                0x00004a00       0x2c driver_init.o
                0x00004a00                SYS_I2C_init
 .text.USART_SOUTH_CLOCK_init
                0x00004a2c       0x24 driver_init.o
                0x00004a2c                USART_SOUTH_CLOCK_init
 .text.USART_SOUTH_PORT_init
                0x00004a50       0x24 driver_init.o
                0x00004a50                USART_SOUTH_PORT_init
 .text.USART_SOUTH_init
                0x00004a74       0x38 driver_init.o
                0x00004a74                USART_SOUTH_init
 .text.GRID_LED_PORT_init
                0x00004aac       0x68 driver_init.o
                0x00004aac                GRID_LED_PORT_init
 .text.GRID_LED_CLOCK_init
                0x00004b14       0x24 driver_init.o
                0x00004b14                GRID_LED_CLOCK_init
 .text.GRID_LED_init
                0x00004b38       0x2c driver_init.o
                0x00004b38                GRID_LED_init
 .text.delay_driver_init
                0x00004b64       0x10 driver_init.o
                0x00004b64                delay_driver_init
 .text.USB_DEVICE_INSTANCE_PORT_init
                0x00004b74       0x60 driver_init.o
                0x00004b74                USB_DEVICE_INSTANCE_PORT_init
 .text.USB_DEVICE_INSTANCE_CLOCK_init
                0x00004bd4       0x24 driver_init.o
                0x00004bd4                USB_DEVICE_INSTANCE_CLOCK_init
 .text.USB_DEVICE_INSTANCE_init
                0x00004bf8       0x20 driver_init.o
                0x00004bf8                USB_DEVICE_INSTANCE_init
 .text.WDT_0_CLOCK_init
                0x00004c18       0x10 driver_init.o
                0x00004c18                WDT_0_CLOCK_init
 .text.WDT_0_init
                0x00004c28       0x24 driver_init.o
                0x00004c28                WDT_0_init
 .text.system_init
                0x00004c4c      0x2a8 driver_init.o
                0x00004c4c                system_init
 .text.grid_d51_bitmap_write_bit
                0x00004ef4       0x3a grid/grid_d51.o
                0x00004ef4                grid_d51_bitmap_write_bit
 *fill*         0x00004f2e        0x2 
 .text.grid_d51_verify_user_row
                0x00004f30      0x198 grid/grid_d51.o
                0x00004f30                grid_d51_verify_user_row
 .text.grid_d51_init
                0x000050c8       0x4c grid/grid_d51.o
                0x000050c8                grid_d51_init
 .text.grid_msg_header_set_len
                0x00005114       0x20 grid/grid_msg.o
                0x00005114                grid_msg_header_set_len
 .text.grid_msg_header_set_id
                0x00005134       0x20 grid/grid_msg.o
                0x00005134                grid_msg_header_set_id
 .text.grid_msg_header_set_dx
                0x00005154       0x20 grid/grid_msg.o
                0x00005154                grid_msg_header_set_dx
 .text.grid_msg_header_get_dx
                0x00005174       0x1c grid/grid_msg.o
                0x00005174                grid_msg_header_get_dx
 .text.grid_msg_header_set_dy
                0x00005190       0x20 grid/grid_msg.o
                0x00005190                grid_msg_header_set_dy
 .text.grid_msg_header_get_dy
                0x000051b0       0x1c grid/grid_msg.o
                0x000051b0                grid_msg_header_get_dy
 .text.grid_msg_header_set_rot
                0x000051cc       0x20 grid/grid_msg.o
                0x000051cc                grid_msg_header_set_rot
 .text.grid_msg_header_set_age
                0x000051ec       0x20 grid/grid_msg.o
                0x000051ec                grid_msg_header_set_age
 .text.grid_msg_packet_get_length
                0x0000520c       0x12 grid/grid_msg.o
                0x0000520c                grid_msg_packet_get_length
 .text.grid_msg_body_get_length
                0x0000521e        0x6 grid/grid_msg.o
                0x0000521e                grid_msg_body_get_length
 .text.grid_msg_body_append_text
                0x00005224       0x20 grid/grid_msg.o
                0x00005224                grid_msg_body_append_text
 .text.grid_msg_text_get_parameter
                0x00005244       0x18 grid/grid_msg.o
                0x00005244                grid_msg_text_get_parameter
 .text.grid_msg_text_set_parameter
                0x0000525c       0x18 grid/grid_msg.o
                0x0000525c                grid_msg_text_set_parameter
 .text.grid_msg_init
                0x00005274       0x44 grid/grid_msg.o
                0x00005274                grid_msg_init
 .text.grid_msg_init_header
                0x000052b8       0x6c grid/grid_msg.o
                0x000052b8                grid_msg_init_header
 .text.grid_msg_packet_receive_char
                0x00005324       0x4e grid/grid_msg.o
                0x00005324                grid_msg_packet_receive_char
 .text.grid_msg_packet_send_char
                0x00005372       0x3a grid/grid_msg.o
                0x00005372                grid_msg_packet_send_char
 .text.grid_msg_packet_close
                0x000053ac       0xd4 grid/grid_msg.o
                0x000053ac                grid_msg_packet_close
 .text.grid_nvm_clear_read_buffer
                0x00005480       0x26 grid/grid_nvm.o
                0x00005480                grid_nvm_clear_read_buffer
 .text.grid_nvm_clear_write_buffer
                0x000054a6       0x26 grid/grid_nvm.o
                0x000054a6                grid_nvm_clear_write_buffer
 .text.grid_nvm_init
                0x000054cc       0x2c grid/grid_nvm.o
                0x000054cc                grid_nvm_init
 .text.grid_ain_channel_init
                0x000054f8       0x34 grid/grid_ain.o
                0x000054f8                grid_ain_channel_init
 .text.grid_ain_init
                0x0000552c       0x44 grid/grid_ain.o
                0x0000552c                grid_ain_init
 .text.grid_ain_add_sample
                0x00005570       0xd0 grid/grid_ain.o
                0x00005570                grid_ain_add_sample
 .text.grid_ain_get_changed
                0x00005640       0x10 grid/grid_ain.o
                0x00005640                grid_ain_get_changed
 .text.grid_ain_get_average
                0x00005650       0x28 grid/grid_ain.o
                0x00005650                grid_ain_get_average
 .text.grid_port_reset_receiver
                0x00005678       0x90 grid/grid_buf.o
                0x00005678                grid_port_reset_receiver
 .text.grid_buffer_init
                0x00005708       0x44 grid/grid_buf.o
                0x00005708                grid_buffer_init
 .text.grid_buffer_write_size
                0x0000574c       0x14 grid/grid_buf.o
                0x0000574c                grid_buffer_write_size
 .text.grid_buffer_write_init
                0x00005760       0x2c grid/grid_buf.o
                0x00005760                grid_buffer_write_init
 .text.grid_buffer_write_character
                0x0000578c       0x1c grid/grid_buf.o
                0x0000578c                grid_buffer_write_character
 .text.grid_buffer_write_acknowledge
                0x000057a8       0x10 grid/grid_buf.o
                0x000057a8                grid_buffer_write_acknowledge
 .text.grid_port_receive_decode
                0x000057b8      0x524 grid/grid_buf.o
                0x000057b8                grid_port_receive_decode
 .text.grid_port_receive_task
                0x00005cdc      0x168 grid/grid_buf.o
                0x00005cdc                grid_port_receive_task
 .text.grid_buffer_read_size
                0x00005e44       0x4c grid/grid_buf.o
                0x00005e44                grid_buffer_read_size
 .text.grid_buffer_read_init
                0x00005e90       0x5c grid/grid_buf.o
                0x00005e90                grid_buffer_read_init
 .text.grid_buffer_read_character
                0x00005eec       0x24 grid/grid_buf.o
                0x00005eec                grid_buffer_read_character
 .text.grid_buffer_read_acknowledge
                0x00005f10       0x10 grid/grid_buf.o
                0x00005f10                grid_buffer_read_acknowledge
 .text.grid_port_init
                0x00005f20      0x158 grid/grid_buf.o
                0x00005f20                grid_port_init
 .text.grid_port_init_all
                0x00006078       0xd4 grid/grid_buf.o
                0x00006078                grid_port_init_all
 .text.grid_port_process_inbound
                0x0000614c      0x1ac grid/grid_buf.o
                0x0000614c                grid_port_process_inbound
 .text.grid_port_process_outbound_usb
                0x000062f8      0x1ec grid/grid_buf.o
                0x000062f8                grid_port_process_outbound_usb
 .text.grid_port_process_outbound_ui
                0x000064e4      0x558 grid/grid_buf.o
                0x000064e4                grid_port_process_outbound_ui
 .text.grid_port_process_outbound_usart
                0x00006a3c       0x6c grid/grid_buf.o
                0x00006a3c                grid_port_process_outbound_usart
 .text.grid_led_lowlevel_hardware_transfer_complete_cb
                0x00006aa8        0xc grid/grid_led.o
                0x00006aa8                grid_led_lowlevel_hardware_transfer_complete_cb
 .text.grid_led_lowlevel_set_color
                0x00006ab4       0x4c grid/grid_led.o
                0x00006ab4                grid_led_lowlevel_set_color
 .text.grid_led_hardware_init
                0x00006b00       0x2c grid/grid_led.o
                0x00006b00                grid_led_hardware_init
 .text.grid_led_get_led_number
                0x00006b2c        0x4 grid/grid_led.o
                0x00006b2c                grid_led_get_led_number
 .text.grid_led_tick
                0x00006b30       0x34 grid/grid_led.o
                0x00006b30                grid_led_tick
 .text.grid_led_set_min
                0x00006b64       0x20 grid/grid_led.o
                0x00006b64                grid_led_set_min
 .text.grid_led_set_mid
                0x00006b84       0x20 grid/grid_led.o
                0x00006b84                grid_led_set_mid
 .text.grid_led_set_max
                0x00006ba4       0x20 grid/grid_led.o
                0x00006ba4                grid_led_set_max
 .text.grid_led_set_color
                0x00006bc4       0x6c grid/grid_led.o
                0x00006bc4                grid_led_set_color
 .text.grid_led_set_phase
                0x00006c30       0x14 grid/grid_led.o
                0x00006c30                grid_led_set_phase
 .text.grid_led_set_frequency
                0x00006c44       0x14 grid/grid_led.o
                0x00006c44                grid_led_set_frequency
 .text.grid_led_buffer_init
                0x00006c58      0x16c grid/grid_led.o
                0x00006c58                grid_led_buffer_init
 .text.grid_led_lowlevel_init
                0x00006dc4       0xb0 grid/grid_led.o
                0x00006dc4                grid_led_lowlevel_init
 .text.grid_led_lowlevel_render
                0x00006e74       0xb0 grid/grid_led.o
                0x00006e74                grid_led_lowlevel_render
 .text.grid_led_lowlevel_render_all
                0x00006f24       0x20 grid/grid_led.o
                0x00006f24                grid_led_lowlevel_render_all
 .text.grid_led_lowlevel_hardware_start_transfer
                0x00006f44       0x30 grid/grid_led.o
                0x00006f44                grid_led_lowlevel_hardware_start_transfer
 .text.grid_module_common_init
                0x00006f74      0x23c grid/grid_module.o
                0x00006f74                grid_module_common_init
 .text.grid_module_bu16_revb_hardware_start_transfer
                0x000071b0       0x20 grid/grid_module_bu16_revb.o
                0x000071b0                grid_module_bu16_revb_hardware_start_transfer
 .text.grid_module_bu16_revb_hardware_transfer_complete_cb
                0x000071d0      0x23c grid/grid_module_bu16_revb.o
 .text.grid_module_bu16_revb_hardware_init
                0x0000740c       0x48 grid/grid_module_bu16_revb.o
                0x0000740c                grid_module_bu16_revb_hardware_init
 .text.grid_module_bu16_revb_init
                0x00007454       0xe0 grid/grid_module_bu16_revb.o
                0x00007454                grid_module_bu16_revb_init
 .text.grid_module_en16_reva_hardware_start_transfer
                0x00007534       0x3c grid/grid_module_en16_reva.o
                0x00007534                grid_module_en16_reva_hardware_start_transfer
 .text.grid_module_en16_reva_hardware_transfer_complete_cb
                0x00007570      0x37c grid/grid_module_en16_reva.o
                0x00007570                grid_module_en16_reva_hardware_transfer_complete_cb
 .text.grid_module_en16_reva_hardware_init
                0x000078ec       0x68 grid/grid_module_en16_reva.o
                0x000078ec                grid_module_en16_reva_hardware_init
 .text.grid_module_en16_reva_init
                0x00007954      0x124 grid/grid_module_en16_reva.o
                0x00007954                grid_module_en16_reva_init
 .text.grid_module_pbf4_reva_hardware_start_transfer
                0x00007a78       0x20 grid/grid_module_pbf4_reva.o
                0x00007a78                grid_module_pbf4_reva_hardware_start_transfer
 .text.grid_module_pbf4_reva_hardware_transfer_complete_cb
                0x00007a98      0x398 grid/grid_module_pbf4_reva.o
                0x00007a98                grid_module_pbf4_reva_hardware_transfer_complete_cb
 .text.grid_module_pbf4_reva_hardware_init
                0x00007e30       0x48 grid/grid_module_pbf4_reva.o
                0x00007e30                grid_module_pbf4_reva_hardware_init
 .text.grid_module_pbf4_reva_init
                0x00007e78      0x120 grid/grid_module_pbf4_reva.o
                0x00007e78                grid_module_pbf4_reva_init
 .text.grid_module_po16_revb_hardware_start_transfer
                0x00007f98       0x20 grid/grid_module_po16_revb.o
                0x00007f98                grid_module_po16_revb_hardware_start_transfer
 .text.grid_module_po16_revb_hardware_transfer_complete_cb
                0x00007fb8      0x278 grid/grid_module_po16_revb.o
 .text.grid_module_po16_revb_hardware_init
                0x00008230       0x48 grid/grid_module_po16_revb.o
                0x00008230                grid_module_po16_revb_hardware_init
 .text.grid_module_po16_revb_init
                0x00008278       0xc8 grid/grid_module_po16_revb.o
                0x00008278                grid_module_po16_revb_init
 .text.gpio_set_pin_pull_mode.constprop.3
                0x00008340       0x28 grid/grid_sys.o
 .text.grid_task_enter_task
                0x00008368        0x8 grid/grid_sys.o
                0x00008368                grid_task_enter_task
 .text.grid_task_timer_tick
                0x00008370        0xe grid/grid_sys.o
                0x00008370                grid_task_timer_tick
 .text.grid_task_timer_reset
                0x0000837e       0x10 grid/grid_sys.o
                0x0000837e                grid_task_timer_reset
 .text.grid_task_timer_read
                0x0000838e        0x8 grid/grid_sys.o
                0x0000838e                grid_task_timer_read
 *fill*         0x00008396        0x2 
 .text.grid_sys_store_bank_settings
                0x00008398      0x198 grid/grid_sys.o
                0x00008398                grid_sys_store_bank_settings
 .text.grid_sys_load_bank_settings
                0x00008530       0x78 grid/grid_sys.o
                0x00008530                grid_sys_load_bank_settings
 .text.grid_sys_clear_bank_settings
                0x000085a8       0x18 grid/grid_sys.o
                0x000085a8                grid_sys_clear_bank_settings
 .text.grid_debug_print_text
                0x000085c0      0x130 grid/grid_sys.o
                0x000085c0                grid_debug_print_text
 .text.tx_cb_USART_GRID
                0x000086f0       0x1a grid/grid_sys.o
                0x000086f0                tx_cb_USART_GRID
 *fill*         0x0000870a        0x2 
 .text.tx_cb_USART_GRID_W
                0x0000870c       0x10 grid/grid_sys.o
 .text.tx_cb_USART_GRID_S
                0x0000871c       0x10 grid/grid_sys.o
 .text.tx_cb_USART_GRID_E
                0x0000872c       0x10 grid/grid_sys.o
 .text.tx_cb_USART_GRID_N
                0x0000873c       0x10 grid/grid_sys.o
 .text.err_cb_USART_GRID
                0x0000874c       0x10 grid/grid_sys.o
                0x0000874c                err_cb_USART_GRID
 .text.err_cb_USART_GRID_W
                0x0000875c       0x10 grid/grid_sys.o
 .text.err_cb_USART_GRID_S
                0x0000876c       0x10 grid/grid_sys.o
 .text.err_cb_USART_GRID_E
                0x0000877c       0x10 grid/grid_sys.o
 .text.err_cb_USART_GRID_N
                0x0000878c       0x10 grid/grid_sys.o
 .text.grid_sys_port_reset_dma
                0x0000879c       0x20 grid/grid_sys.o
                0x0000879c                grid_sys_port_reset_dma
 .text.dma_transfer_complete_n_cb
                0x000087bc       0x10 grid/grid_sys.o
                0x000087bc                dma_transfer_complete_n_cb
 .text.dma_transfer_complete_e_cb
                0x000087cc       0x10 grid/grid_sys.o
                0x000087cc                dma_transfer_complete_e_cb
 .text.dma_transfer_complete_s_cb
                0x000087dc       0x10 grid/grid_sys.o
                0x000087dc                dma_transfer_complete_s_cb
 .text.dma_transfer_complete_w_cb
                0x000087ec       0x10 grid/grid_sys.o
                0x000087ec                dma_transfer_complete_w_cb
 .text.grid_sys_uart_init
                0x000087fc      0x104 grid/grid_sys.o
                0x000087fc                grid_sys_uart_init
 .text.grid_sys_dma_rx_init_one
                0x00008900       0x64 grid/grid_sys.o
                0x00008900                grid_sys_dma_rx_init_one
 .text.grid_sys_dma_rx_init
                0x00008964       0x6c grid/grid_sys.o
                0x00008964                grid_sys_dma_rx_init
 .text.grid_sys_init
                0x000089d0       0x68 grid/grid_sys.o
                0x000089d0                grid_sys_init
 .text.grid_sys_bank_enable
                0x00008a38        0xc grid/grid_sys.o
                0x00008a38                grid_sys_bank_enable
 .text.grid_sys_bank_disable
                0x00008a44        0xc grid/grid_sys.o
                0x00008a44                grid_sys_bank_disable
 .text.grid_sys_bank_set_color
                0x00008a50       0x16 grid/grid_sys.o
                0x00008a50                grid_sys_bank_set_color
 .text.grid_sys_get_bank_num
                0x00008a66        0x4 grid/grid_sys.o
                0x00008a66                grid_sys_get_bank_num
 .text.grid_sys_get_bank_red
                0x00008a6a        0x4 grid/grid_sys.o
                0x00008a6a                grid_sys_get_bank_red
 .text.grid_sys_get_bank_gre
                0x00008a6e        0x4 grid/grid_sys.o
                0x00008a6e                grid_sys_get_bank_gre
 .text.grid_sys_get_bank_blu
                0x00008a72        0x4 grid/grid_sys.o
                0x00008a72                grid_sys_get_bank_blu
 .text.grid_sys_get_bank_next
                0x00008a76       0x24 grid/grid_sys.o
                0x00008a76                grid_sys_get_bank_next
 .text.grid_sys_set_bank
                0x00008a9a       0x30 grid/grid_sys.o
                0x00008a9a                grid_sys_set_bank
 .text.grid_sys_rtc_get_time
                0x00008aca        0x4 grid/grid_sys.o
                0x00008aca                grid_sys_rtc_get_time
 .text.grid_sys_rtc_get_elapsed_time
                0x00008ace        0x6 grid/grid_sys.o
                0x00008ace                grid_sys_rtc_get_elapsed_time
 .text.grid_sys_rtc_tick_time
                0x00008ad4        0x8 grid/grid_sys.o
                0x00008ad4                grid_sys_rtc_tick_time
 .text.grid_sys_alert_read_color_changed_flag
                0x00008adc        0x4 grid/grid_sys.o
                0x00008adc                grid_sys_alert_read_color_changed_flag
 .text.grid_sys_alert_clear_color_changed_flag
                0x00008ae0        0x6 grid/grid_sys.o
                0x00008ae0                grid_sys_alert_clear_color_changed_flag
 .text.grid_sys_alert_get_color_intensity
                0x00008ae6       0x42 grid/grid_sys.o
                0x00008ae6                grid_sys_alert_get_color_intensity
 .text.grid_sys_alert_set_alert
                0x00008b28       0x1a grid/grid_sys.o
                0x00008b28                grid_sys_alert_set_alert
 .text.grid_sys_alert_get_color_r
                0x00008b42        0x4 grid/grid_sys.o
                0x00008b42                grid_sys_alert_get_color_r
 .text.grid_sys_alert_get_color_g
                0x00008b46        0x4 grid/grid_sys.o
                0x00008b46                grid_sys_alert_get_color_g
 .text.grid_sys_alert_get_color_b
                0x00008b4a        0x4 grid/grid_sys.o
                0x00008b4a                grid_sys_alert_get_color_b
 .text.grid_sys_read_hex_char_value
                0x00008b4e       0x28 grid/grid_sys.o
                0x00008b4e                grid_sys_read_hex_char_value
 *fill*         0x00008b76        0x2 
 .text.grid_sys_read_hex_string_value
                0x00008b78       0x30 grid/grid_sys.o
                0x00008b78                grid_sys_read_hex_string_value
 .text.grid_sys_write_hex_string_value
                0x00008ba8       0x34 grid/grid_sys.o
                0x00008ba8                grid_sys_write_hex_string_value
 .text.grid_sys_get_hwcfg
                0x00008bdc       0xe4 grid/grid_sys.o
                0x00008bdc                grid_sys_get_hwcfg
 .text.grid_msg_calculate_checksum_of_packet_string
                0x00008cc0       0x1a grid/grid_sys.o
                0x00008cc0                grid_msg_calculate_checksum_of_packet_string
 *fill*         0x00008cda        0x2 
 .text.grid_msg_checksum_read
                0x00008cdc       0x1c grid/grid_sys.o
                0x00008cdc                grid_msg_checksum_read
 .text.grid_msg_checksum_write
                0x00008cf8       0x10 grid/grid_sys.o
                0x00008cf8                grid_msg_checksum_write
 .text.grid_msg_get_parameter
                0x00008d08       0x18 grid/grid_sys.o
                0x00008d08                grid_msg_get_parameter
 .text.grid_msg_set_parameter
                0x00008d20       0x14 grid/grid_sys.o
                0x00008d20                grid_msg_set_parameter
 .text.grid_msg_find_recent
                0x00008d34       0x1a grid/grid_sys.o
                0x00008d34                grid_msg_find_recent
 .text.grid_msg_push_recent
                0x00008d4e       0x16 grid/grid_sys.o
                0x00008d4e                grid_msg_push_recent
 .text.grid_ui_model_init
                0x00008d64       0x38 grid/grid_ui.o
                0x00008d64                grid_ui_model_init
 .text.grid_ui_event_init
                0x00008d9c       0x44 grid/grid_ui.o
                0x00008d9c                grid_ui_event_init
 .text.grid_ui_element_init
                0x00008de0       0xe4 grid/grid_ui.o
                0x00008de0                grid_ui_element_init
 .text.grid_ui_event_register_action
                0x00008ec4      0x13c grid/grid_ui.o
                0x00008ec4                grid_ui_event_register_action
 .text.grid_ui_event_find
                0x00009000       0x28 grid/grid_ui.o
                0x00009000                grid_ui_event_find
 .text.grid_ui_event_trigger
                0x00009028        0x6 grid/grid_ui.o
                0x00009028                grid_ui_event_trigger
 .text.grid_ui_event_render_action
                0x0000902e       0x1a grid/grid_ui.o
                0x0000902e                grid_ui_event_render_action
 .text.grid_port_process_ui
                0x00009048      0x4d4 grid/grid_ui.o
                0x00009048                grid_port_process_ui
 .text.grid_ui_event_template_action
                0x0000951c      0x10c grid/grid_ui.o
                0x0000951c                grid_ui_event_template_action
 .text.grid_usb_serial_bulkin_cb
                0x00009628        0x4 grid/grid_usb.o
 .text.grid_usb_serial_statechange_cb
                0x0000962c       0x28 grid/grid_usb.o
 .text.grid_usb_midi_bulkin_cb
                0x00009654       0x28 grid/grid_usb.o
 .text.grid_usb_midi_bulkout_cb
                0x0000967c       0x28 grid/grid_usb.o
 .text.grid_usb_serial_bulkout_cb
                0x000096a4        0x4 grid/grid_usb.o
 .text.grid_usb_serial_init
                0x000096a8       0x10 grid/grid_usb.o
                0x000096a8                grid_usb_serial_init
 .text.grid_usb_midi_init
                0x000096b8       0x24 grid/grid_usb.o
                0x000096b8                grid_usb_midi_init
 .text.adc_async_window_threshold_reached
                0x000096dc        0x8 hal/src/hal_adc_async.o
 .text.adc_async_error_occured
                0x000096e4        0x8 hal/src/hal_adc_async.o
 .text.adc_async_channel_conversion_done
                0x000096ec       0x68 hal/src/hal_adc_async.o
 .text.adc_async_init
                0x00009754       0x4c hal/src/hal_adc_async.o
                0x00009754                adc_async_init
 .text.adc_async_register_channel_buffer
                0x000097a0       0x6c hal/src/hal_adc_async.o
                0x000097a0                adc_async_register_channel_buffer
 .text.adc_async_enable_channel
                0x0000980c       0x10 hal/src/hal_adc_async.o
                0x0000980c                adc_async_enable_channel
 .text.adc_async_register_callback
                0x0000981c       0x3c hal/src/hal_adc_async.o
                0x0000981c                adc_async_register_callback
 .text.adc_async_read_channel
                0x00009858       0x74 hal/src/hal_adc_async.o
                0x00009858                adc_async_read_channel
 .text.adc_async_start_conversion
                0x000098cc       0x10 hal/src/hal_adc_async.o
                0x000098cc                adc_async_start_conversion
 .text.atomic_enter_critical
                0x000098dc        0xe hal/src/hal_atomic.o
                0x000098dc                atomic_enter_critical
 .text.atomic_leave_critical
                0x000098ea        0xc hal/src/hal_atomic.o
                0x000098ea                atomic_leave_critical
 *fill*         0x000098f6        0x2 
 .text.crc_sync_init
                0x000098f8        0x8 hal/src/hal_crc_sync.o
                0x000098f8                crc_sync_init
 .text.delay_init
                0x00009900       0x10 hal/src/hal_delay.o
                0x00009900                delay_init
 .text.delay_us
                0x00009910       0x24 hal/src/hal_delay.o
                0x00009910                delay_us
 .text.delay_ms
                0x00009934       0x24 hal/src/hal_delay.o
                0x00009934                delay_ms
 .text.event_system_init
                0x00009958        0x8 hal/src/hal_evsys.o
                0x00009958                event_system_init
 .text.flash_ready
                0x00009960        0x8 hal/src/hal_flash.o
 .text.flash_error
                0x00009968        0x8 hal/src/hal_flash.o
 .text.flash_init
                0x00009970       0x20 hal/src/hal_flash.o
                0x00009970                flash_init
 .text.flash_read
                0x00009990       0x4c hal/src/hal_flash.o
                0x00009990                flash_read
 .text.flash_write
                0x000099dc       0x64 hal/src/hal_flash.o
                0x000099dc                flash_write
 .text.flash_erase
                0x00009a40       0x60 hal/src/hal_flash.o
                0x00009a40                flash_erase
 .text.i2c_m_async_write
                0x00009aa0       0x2c hal/src/hal_i2c_m_async.o
 .text.i2c_m_async_read
                0x00009acc       0x2c hal/src/hal_i2c_m_async.o
 .text.i2c_tx_complete
                0x00009af8        0xe hal/src/hal_i2c_m_async.o
 .text.i2c_rx_complete
                0x00009b06        0xe hal/src/hal_i2c_m_async.o
 .text.i2c_error
                0x00009b14        0xe hal/src/hal_i2c_m_async.o
 *fill*         0x00009b22        0x2 
 .text.i2c_m_async_init
                0x00009b24       0x50 hal/src/hal_i2c_m_async.o
                0x00009b24                i2c_m_async_init
 .text.io_write
                0x00009b74        0x4 hal/src/hal_io.o
                0x00009b74                io_write
 .text.io_read  0x00009b78        0x4 hal/src/hal_io.o
                0x00009b78                io_read
 .text.qspi_dma_init
                0x00009b7c        0x8 hal/src/hal_qspi_dma.o
                0x00009b7c                qspi_dma_init
 .text._spi_m_async_io_write
                0x00009b84       0x20 hal/src/hal_spi_m_async.o
 .text._spi_m_async_io_read
                0x00009ba4       0x34 hal/src/hal_spi_m_async.o
 .text._spi_dev_error
                0x00009bd8       0x40 hal/src/hal_spi_m_async.o
 .text._spi_dev_complete
                0x00009c18       0x2c hal/src/hal_spi_m_async.o
 .text._spi_dev_rx
                0x00009c44       0x7c hal/src/hal_spi_m_async.o
 .text._spi_dev_tx
                0x00009cc0       0x48 hal/src/hal_spi_m_async.o
 .text.spi_m_async_init
                0x00009d08       0x64 hal/src/hal_spi_m_async.o
                0x00009d08                spi_m_async_init
 .text.spi_m_async_enable
                0x00009d6c        0xc hal/src/hal_spi_m_async.o
                0x00009d6c                spi_m_async_enable
 .text.spi_m_async_set_baudrate
                0x00009d78       0x18 hal/src/hal_spi_m_async.o
                0x00009d78                spi_m_async_set_baudrate
 .text.spi_m_async_set_mode
                0x00009d90       0x18 hal/src/hal_spi_m_async.o
                0x00009d90                spi_m_async_set_mode
 .text.spi_m_async_transfer
                0x00009da8       0x48 hal/src/hal_spi_m_async.o
                0x00009da8                spi_m_async_transfer
 .text.spi_m_async_register_callback
                0x00009df0       0x1c hal/src/hal_spi_m_async.o
                0x00009df0                spi_m_async_register_callback
 .text.spi_m_async_get_io_descriptor
                0x00009e0c        0x8 hal/src/hal_spi_m_async.o
                0x00009e0c                spi_m_async_get_io_descriptor
 .text._spi_m_dma_io_write
                0x00009e14       0x18 hal/src/hal_spi_m_dma.o
 .text._spi_m_dma_io_read
                0x00009e2c       0x18 hal/src/hal_spi_m_dma.o
 .text.spi_m_dma_init
                0x00009e44       0x24 hal/src/hal_spi_m_dma.o
                0x00009e44                spi_m_dma_init
 .text.spi_m_dma_enable
                0x00009e68        0xc hal/src/hal_spi_m_dma.o
                0x00009e68                spi_m_dma_enable
 .text.spi_m_dma_register_callback
                0x00009e74        0xc hal/src/hal_spi_m_dma.o
                0x00009e74                spi_m_dma_register_callback
 .text.spi_m_dma_get_io_descriptor
                0x00009e80        0x8 hal/src/hal_spi_m_dma.o
                0x00009e80                spi_m_dma_get_io_descriptor
 .text.timer_add_timer_task
                0x00009e88       0x4c hal/src/hal_timer.o
 .text.timer_process_counted
                0x00009ed4       0x6c hal/src/hal_timer.o
 .text.timer_init
                0x00009f40       0x1c hal/src/hal_timer.o
                0x00009f40                timer_init
 .text.timer_start
                0x00009f5c       0x24 hal/src/hal_timer.o
                0x00009f5c                timer_start
 .text.timer_add_task
                0x00009f80       0x78 hal/src/hal_timer.o
                0x00009f80                timer_add_task
 .text.usart_transmission_complete
                0x00009ff8       0x10 hal/src/hal_usart_async.o
 .text.usart_error
                0x0000a008       0x10 hal/src/hal_usart_async.o
 .text.usart_fill_rx_buffer
                0x0000a018       0x20 hal/src/hal_usart_async.o
 .text.usart_async_write
                0x0000a038       0x34 hal/src/hal_usart_async.o
 .text.usart_process_byte_sent
                0x0000a06c       0x34 hal/src/hal_usart_async.o
 .text.usart_async_read
                0x0000a0a0       0x54 hal/src/hal_usart_async.o
 .text.usart_async_init
                0x0000a0f4       0x60 hal/src/hal_usart_async.o
                0x0000a0f4                usart_async_init
 .text.usart_async_enable
                0x0000a154       0x10 hal/src/hal_usart_async.o
                0x0000a154                usart_async_enable
 .text.usart_async_disable
                0x0000a164       0x10 hal/src/hal_usart_async.o
                0x0000a164                usart_async_disable
 .text.usart_async_get_io_descriptor
                0x0000a174        0x6 hal/src/hal_usart_async.o
                0x0000a174                usart_async_get_io_descriptor
 *fill*         0x0000a17a        0x2 
 .text.usart_async_register_callback
                0x0000a17c       0x44 hal/src/hal_usart_async.o
                0x0000a17c                usart_async_register_callback
 .text.usart_async_set_parity
                0x0000a1c0       0x10 hal/src/hal_usart_async.o
                0x0000a1c0                usart_async_set_parity
 .text.usart_sync_write
                0x0000a1d0       0x50 hal/src/hal_usart_sync.o
 .text.usart_sync_read
                0x0000a220       0x38 hal/src/hal_usart_sync.o
 .text.usart_sync_init
                0x0000a258       0x24 hal/src/hal_usart_sync.o
                0x0000a258                usart_sync_init
 .text.usart_sync_enable
                0x0000a27c       0x10 hal/src/hal_usart_sync.o
                0x0000a27c                usart_sync_enable
 .text._usb_d_find_ep
                0x0000a28c       0x30 hal/src/hal_usb_device.o
 .text.usb_d_dummy_cb_false
                0x0000a2bc        0x4 hal/src/hal_usb_device.o
 .text.usb_d_cb_trans_more
                0x0000a2c0       0x30 hal/src/hal_usb_device.o
 .text._usb_d_cb_trans_done
                0x0000a2f0      0x108 hal/src/hal_usb_device.o
 .text.usb_d_cb_trans_setup
                0x0000a3f8       0x8c hal/src/hal_usb_device.o
 .text.usb_d_init
                0x0000a484       0x68 hal/src/hal_usb_device.o
                0x0000a484                usb_d_init
 .text.usb_d_register_callback
                0x0000a4ec        0x8 hal/src/hal_usb_device.o
                0x0000a4ec                usb_d_register_callback
 .text.usb_d_enable
                0x0000a4f4        0x8 hal/src/hal_usb_device.o
                0x0000a4f4                usb_d_enable
 .text.usb_d_attach
                0x0000a4fc        0x8 hal/src/hal_usb_device.o
                0x0000a4fc                usb_d_attach
 .text.usb_d_get_frame_num
                0x0000a504        0x8 hal/src/hal_usb_device.o
                0x0000a504                usb_d_get_frame_num
 .text.usb_d_set_address
                0x0000a50c        0x8 hal/src/hal_usb_device.o
                0x0000a50c                usb_d_set_address
 .text.usb_d_ep_init
                0x0000a514       0x50 hal/src/hal_usb_device.o
                0x0000a514                usb_d_ep_init
 .text.usb_d_ep0_init
                0x0000a564       0x10 hal/src/hal_usb_device.o
                0x0000a564                usb_d_ep0_init
 .text.usb_d_ep_deinit
                0x0000a574       0x2c hal/src/hal_usb_device.o
                0x0000a574                usb_d_ep_deinit
 .text.usb_d_ep_enable
                0x0000a5a0       0x40 hal/src/hal_usb_device.o
                0x0000a5a0                usb_d_ep_enable
 .text.usb_d_ep_transfer
                0x0000a5e0       0xf8 hal/src/hal_usb_device.o
                0x0000a5e0                usb_d_ep_transfer
 .text.usb_d_ep_halt
                0x0000a6d8       0x64 hal/src/hal_usb_device.o
                0x0000a6d8                usb_d_ep_halt
 .text.usb_d_ep_register_callback
                0x0000a73c       0x4c hal/src/hal_usb_device.o
                0x0000a73c                usb_d_ep_register_callback
 .text.is_list_element
                0x0000a788        0xe hal/utils/src/utils_list.o
                0x0000a788                is_list_element
 .text.list_insert_as_head
                0x0000a796        0x8 hal/utils/src/utils_list.o
                0x0000a796                list_insert_as_head
 .text.list_insert_after
                0x0000a79e        0x8 hal/utils/src/utils_list.o
                0x0000a79e                list_insert_after
 .text.list_insert_at_end
                0x0000a7a6       0x18 hal/utils/src/utils_list.o
                0x0000a7a6                list_insert_at_end
 .text.list_remove_head
                0x0000a7be        0xc hal/utils/src/utils_list.o
                0x0000a7be                list_remove_head
 .text.ringbuffer_init
                0x0000a7ca       0x18 hal/utils/src/utils_ringbuffer.o
                0x0000a7ca                ringbuffer_init
 .text.ringbuffer_get
                0x0000a7e2       0x22 hal/utils/src/utils_ringbuffer.o
                0x0000a7e2                ringbuffer_get
 .text.ringbuffer_put
                0x0000a804       0x26 hal/utils/src/utils_ringbuffer.o
                0x0000a804                ringbuffer_put
 .text.ringbuffer_num
                0x0000a82a        0x8 hal/utils/src/utils_ringbuffer.o
                0x0000a82a                ringbuffer_num
 *fill*         0x0000a832        0x2 
 .text._sbrk    0x0000a834       0x1c hal/utils/src/utils_syscalls.o
                0x0000a834                _sbrk
 .text._close   0x0000a850        0x6 hal/utils/src/utils_syscalls.o
                0x0000a850                _close
 .text._fstat   0x0000a856        0xa hal/utils/src/utils_syscalls.o
                0x0000a856                _fstat
 .text._isatty  0x0000a860        0x4 hal/utils/src/utils_syscalls.o
                0x0000a860                _isatty
 .text._lseek   0x0000a864        0x4 hal/utils/src/utils_syscalls.o
                0x0000a864                _lseek
 .text.__NVIC_DisableIRQ
                0x0000a868       0x28 hpl/adc/hpl_adc.o
 .text.__NVIC_ClearPendingIRQ
                0x0000a890       0x20 hpl/adc/hpl_adc.o
 .text.hri_adc_wait_for_sync
                0x0000a8b0        0x8 hpl/adc/hpl_adc.o
 .text.hri_adc_set_CTRLA_ENABLE_bit
                0x0000a8b8       0x14 hpl/adc/hpl_adc.o
 .text.hri_adc_clear_CTRLA_ENABLE_bit
                0x0000a8cc       0x18 hpl/adc/hpl_adc.o
 .text._adc_get_regs
                0x0000a8e4       0x14 hpl/adc/hpl_adc.o
 .text._adc_interrupt_handler
                0x0000a8f8       0x4e hpl/adc/hpl_adc.o
 .text._adc_get_irq_num.isra.0
                0x0000a946       0x14 hpl/adc/hpl_adc.o
 *fill*         0x0000a95a        0x2 
 .text._adc_init
                0x0000a95c       0xc8 hpl/adc/hpl_adc.o
 .text._adc_async_init
                0x0000aa24       0xb4 hpl/adc/hpl_adc.o
                0x0000aa24                _adc_async_init
 .text._adc_async_enable_channel
                0x0000aad8        0xc hpl/adc/hpl_adc.o
                0x0000aad8                _adc_async_enable_channel
 .text._adc_async_get_data_size
                0x0000aae4       0x12 hpl/adc/hpl_adc.o
                0x0000aae4                _adc_async_get_data_size
 *fill*         0x0000aaf6        0x2 
 .text._adc_async_convert
                0x0000aaf8       0x18 hpl/adc/hpl_adc.o
                0x0000aaf8                _adc_async_convert
 .text._adc_async_set_irq_state
                0x0000ab10       0x20 hpl/adc/hpl_adc.o
                0x0000ab10                _adc_async_set_irq_state
 .text.ADC0_1_Handler
                0x0000ab30       0x10 hpl/adc/hpl_adc.o
                0x0000ab30                ADC0_1_Handler
 .text.ADC0_0_Handler
                0x0000ab40        0x8 hpl/adc/hpl_adc.o
                0x0000ab40                ADC0_0_Handler
 .text.ADC1_1_Handler
                0x0000ab48       0x10 hpl/adc/hpl_adc.o
                0x0000ab48                ADC1_1_Handler
 .text.ADC1_0_Handler
                0x0000ab58        0x8 hpl/adc/hpl_adc.o
                0x0000ab58                ADC1_0_Handler
 .text._irq_set
                0x0000ab60       0x1c hpl/core/hpl_core_m4.o
                0x0000ab60                _irq_set
 .text._get_cycles_for_us
                0x0000ab7c        0x6 hpl/core/hpl_core_m4.o
                0x0000ab7c                _get_cycles_for_us
 *fill*         0x0000ab82        0x2 
 .text._get_cycles_for_ms
                0x0000ab84        0xc hpl/core/hpl_core_m4.o
                0x0000ab84                _get_cycles_for_ms
 .text._init_chip
                0x0000ab90       0x5c hpl/core/hpl_init.o
                0x0000ab90                _init_chip
 .text._dmac_handler
                0x0000abec       0x50 hpl/dmac/hpl_dmac.o
 .text._dma_init
                0x0000ac3c       0xd0 hpl/dmac/hpl_dmac.o
                0x0000ac3c                _dma_init
 .text._dma_set_irq_state
                0x0000ad0c       0x28 hpl/dmac/hpl_dmac.o
                0x0000ad0c                _dma_set_irq_state
 .text._dma_set_destination_address
                0x0000ad34       0x10 hpl/dmac/hpl_dmac.o
                0x0000ad34                _dma_set_destination_address
 .text._dma_set_source_address
                0x0000ad44       0x10 hpl/dmac/hpl_dmac.o
                0x0000ad44                _dma_set_source_address
 .text._dma_srcinc_enable
                0x0000ad54       0x1c hpl/dmac/hpl_dmac.o
                0x0000ad54                _dma_srcinc_enable
 .text._dma_set_data_amount
                0x0000ad70       0x44 hpl/dmac/hpl_dmac.o
                0x0000ad70                _dma_set_data_amount
 .text._dma_enable_transaction
                0x0000adb4       0x3c hpl/dmac/hpl_dmac.o
                0x0000adb4                _dma_enable_transaction
 .text._dma_get_channel_resource
                0x0000adf0       0x14 hpl/dmac/hpl_dmac.o
                0x0000adf0                _dma_get_channel_resource
 .text.DMAC_0_Handler
                0x0000ae04        0x8 hpl/dmac/hpl_dmac.o
                0x0000ae04                DMAC_0_Handler
 .text.DMAC_1_Handler
                0x0000ae0c        0x8 hpl/dmac/hpl_dmac.o
                0x0000ae0c                DMAC_1_Handler
 .text.DMAC_2_Handler
                0x0000ae14        0x8 hpl/dmac/hpl_dmac.o
                0x0000ae14                DMAC_2_Handler
 .text.DMAC_3_Handler
                0x0000ae1c        0x8 hpl/dmac/hpl_dmac.o
                0x0000ae1c                DMAC_3_Handler
 .text.DMAC_4_Handler
                0x0000ae24        0x8 hpl/dmac/hpl_dmac.o
                0x0000ae24                DMAC_4_Handler
 .text._crc_sync_init
                0x0000ae2c        0x6 hpl/dsu/hpl_dsu.o
                0x0000ae2c                _crc_sync_init
 *fill*         0x0000ae32        0x2 
 .text._event_system_init
                0x0000ae34       0x58 hpl/evsys/hpl_evsys.o
                0x0000ae34                _event_system_init
 .text.hri_gclk_wait_for_sync.constprop.0
                0x0000ae8c       0x14 hpl/gclk/hpl_gclk.o
 .text._gclk_init_generators_by_fref
                0x0000aea0       0x58 hpl/gclk/hpl_gclk.o
                0x0000aea0                _gclk_init_generators_by_fref
 .text._mclk_init
                0x0000aef8        0xc hpl/mclk/hpl_mclk.o
                0x0000aef8                _mclk_init
 .text._flash_program
                0x0000af04       0x3c hpl/nvmctrl/hpl_nvmctrl.o
 .text._user_row_write_exec
                0x0000af40       0x88 hpl/nvmctrl/hpl_nvmctrl.o
 .text._flash_init
                0x0000afc8       0x4c hpl/nvmctrl/hpl_nvmctrl.o
                0x0000afc8                _flash_init
 .text._flash_get_page_size
                0x0000b014        0x6 hpl/nvmctrl/hpl_nvmctrl.o
                0x0000b014                _flash_get_page_size
 .text._flash_get_total_pages
                0x0000b01a        0x8 hpl/nvmctrl/hpl_nvmctrl.o
                0x0000b01a                _flash_get_total_pages
 .text._flash_read
                0x0000b022       0x1e hpl/nvmctrl/hpl_nvmctrl.o
                0x0000b022                _flash_read
 .text._flash_write
                0x0000b040       0xd0 hpl/nvmctrl/hpl_nvmctrl.o
                0x0000b040                _flash_write
 .text._flash_erase
                0x0000b110       0xa8 hpl/nvmctrl/hpl_nvmctrl.o
                0x0000b110                _flash_erase
 .text._flash_is_locked
                0x0000b1b8       0x18 hpl/nvmctrl/hpl_nvmctrl.o
                0x0000b1b8                _flash_is_locked
 .text.NVMCTRL_1_Handler
                0x0000b1d0       0x2c hpl/nvmctrl/hpl_nvmctrl.o
                0x0000b1d0                NVMCTRL_1_Handler
 .text.NVMCTRL_0_Handler
                0x0000b1fc        0x8 hpl/nvmctrl/hpl_nvmctrl.o
                0x0000b1fc                NVMCTRL_0_Handler
 .text._user_area_read
                0x0000b204       0x60 hpl/nvmctrl/hpl_nvmctrl.o
                0x0000b204                _user_area_read
 .text._user_area_write
                0x0000b264       0x78 hpl/nvmctrl/hpl_nvmctrl.o
                0x0000b264                _user_area_write
 .text._osc32kctrl_init_sources
                0x0000b2dc       0x14 hpl/osc32kctrl/hpl_osc32kctrl.o
                0x0000b2dc                _osc32kctrl_init_sources
 .text._oscctrl_init_sources
                0x0000b2f0        0x2 hpl/oscctrl/hpl_oscctrl.o
                0x0000b2f0                _oscctrl_init_sources
 *fill*         0x0000b2f2        0x2 
 .text._oscctrl_init_referenced_generators
                0x0000b2f4       0xfc hpl/oscctrl/hpl_oscctrl.o
                0x0000b2f4                _oscctrl_init_referenced_generators
 .text._qspi_dma_tx_complete
                0x0000b3f0       0x14 hpl/qspi/hpl_qspi.o
 .text._qspi_dma_rx_complete
                0x0000b404        0x8 hpl/qspi/hpl_qspi.o
 .text._qspi_dma_error_occured
                0x0000b40c        0xa hpl/qspi/hpl_qspi.o
 *fill*         0x0000b416        0x2 
 .text._qspi_dma_init
                0x0000b418       0x58 hpl/qspi/hpl_qspi.o
                0x0000b418                _qspi_dma_init
 .text.RAMECC_Handler
                0x0000b470       0x3c hpl/ramecc/hpl_ramecc.o
                0x0000b470                RAMECC_Handler
 .text.hri_rtcmode0_wait_for_sync
                0x0000b4ac        0x8 hpl/rtc/hpl_rtc.o
 .text._rtc_timer_stop
                0x0000b4b4       0x1c hpl/rtc/hpl_rtc.o
                0x0000b4b4                _rtc_timer_stop
 .text._rtc_timer_set_period
                0x0000b4d0       0x10 hpl/rtc/hpl_rtc.o
                0x0000b4d0                _rtc_timer_set_period
 .text._rtc_timer_get_period
                0x0000b4e0       0x14 hpl/rtc/hpl_rtc.o
                0x0000b4e0                _rtc_timer_get_period
 .text._rtc_timer_is_started
                0x0000b4f4       0x1c hpl/rtc/hpl_rtc.o
                0x0000b4f4                _rtc_timer_is_started
 .text._rtc_timer_set_irq
                0x0000b510        0x2 hpl/rtc/hpl_rtc.o
                0x0000b510                _rtc_timer_set_irq
 *fill*         0x0000b512        0x2 
 .text._rtc_timer_start
                0x0000b514       0x3c hpl/rtc/hpl_rtc.o
                0x0000b514                _rtc_timer_start
 .text._rtc_timer_deinit
                0x0000b550       0x28 hpl/rtc/hpl_rtc.o
                0x0000b550                _rtc_timer_deinit
 .text._rtc_timer_init
                0x0000b578       0x48 hpl/rtc/hpl_rtc.o
                0x0000b578                _rtc_timer_init
 .text._rtc_get_timer
                0x0000b5c0        0x8 hpl/rtc/hpl_rtc.o
                0x0000b5c0                _rtc_get_timer
 .text.RTC_Handler
                0x0000b5c8       0x24 hpl/rtc/hpl_rtc.o
                0x0000b5c8                RTC_Handler
 .text.__NVIC_EnableIRQ
                0x0000b5ec       0x1c hpl/sercom/hpl_sercom.o
 .text.__NVIC_DisableIRQ
                0x0000b608       0x28 hpl/sercom/hpl_sercom.o
 .text.__NVIC_ClearPendingIRQ
                0x0000b630       0x20 hpl/sercom/hpl_sercom.o
 .text.hri_sercomi2cm_wait_for_sync
                0x0000b650        0x8 hpl/sercom/hpl_sercom.o
 .text.hri_sercomspi_wait_for_sync
                0x0000b658        0x8 hpl/sercom/hpl_sercom.o
 .text.hri_sercomusart_wait_for_sync
                0x0000b660        0x8 hpl/sercom/hpl_sercom.o
 .text.hri_sercomi2cm_clear_CTRLA_ENABLE_bit
                0x0000b668       0x14 hpl/sercom/hpl_sercom.o
 .text.hri_sercomspi_clear_CTRLA_ENABLE_bit
                0x0000b67c       0x14 hpl/sercom/hpl_sercom.o
 .text.hri_sercomusart_get_CTRLA_ENABLE_bit
                0x0000b690       0x14 hpl/sercom/hpl_sercom.o
 .text.hri_sercomusart_write_CTRLA_ENABLE_bit
                0x0000b6a4       0x18 hpl/sercom/hpl_sercom.o
 .text.hri_sercomusart_clear_CTRLA_ENABLE_bit
                0x0000b6bc       0x14 hpl/sercom/hpl_sercom.o
 .text._sercom_get_hardware_index
                0x0000b6d0       0x34 hpl/sercom/hpl_sercom.o
 .text._sercom_usart_interrupt_handler
                0x0000b704       0x70 hpl/sercom/hpl_sercom.o
 .text._sercom_init_irq_param
                0x0000b774       0x60 hpl/sercom/hpl_sercom.o
 .text._get_i2cm_index
                0x0000b7d4       0x14 hpl/sercom/hpl_sercom.o
 .text._sercom_get_irq_num
                0x0000b7e8       0x14 hpl/sercom/hpl_sercom.o
 .text._spi_sync_enable
                0x0000b7fc       0x28 hpl/sercom/hpl_sercom.o
 .text._spi_get_regs
                0x0000b824       0x2c hpl/sercom/hpl_sercom.o
 .text._spi_get_tx_dma_channel
                0x0000b850       0x14 hpl/sercom/hpl_sercom.o
 .text._spi_get_rx_dma_channel
                0x0000b864       0x14 hpl/sercom/hpl_sercom.o
 .text._spi_dma_rx_complete
                0x0000b878        0xa hpl/sercom/hpl_sercom.o
 .text._spi_dma_tx_complete
                0x0000b882        0xa hpl/sercom/hpl_sercom.o
 .text._spi_dma_error_occured
                0x0000b88c        0xa hpl/sercom/hpl_sercom.o
 *fill*         0x0000b896        0x2 
 .text._usart_set_parity
                0x0000b898       0x78 hpl/sercom/hpl_sercom.o
 .text._sercom_i2c_send_stop
                0x0000b910       0x14 hpl/sercom/hpl_sercom.o
 .text._sercom_i2c_sync_analyse_flags
                0x0000b924      0x16c hpl/sercom/hpl_sercom.o
 .text._spi_load_regs_master
                0x0000ba90       0x3c hpl/sercom/hpl_sercom.o
 .text._spi_set_mode
                0x0000bacc       0x34 hpl/sercom/hpl_sercom.o
 .text._i2c_m_sync_init_impl
                0x0000bb00       0xb0 hpl/sercom/hpl_sercom.o
 .text._usart_init
                0x0000bbb0       0xdc hpl/sercom/hpl_sercom.o
 .text._usart_sync_init
                0x0000bc8c        0xc hpl/sercom/hpl_sercom.o
                0x0000bc8c                _usart_sync_init
 .text._usart_async_init
                0x0000bc98       0x64 hpl/sercom/hpl_sercom.o
                0x0000bc98                _usart_async_init
 .text._usart_sync_enable
                0x0000bcfc       0x14 hpl/sercom/hpl_sercom.o
                0x0000bcfc                _usart_sync_enable
 .text._usart_async_enable
                0x0000bd10       0x14 hpl/sercom/hpl_sercom.o
                0x0000bd10                _usart_async_enable
 .text._usart_async_disable
                0x0000bd24        0xc hpl/sercom/hpl_sercom.o
                0x0000bd24                _usart_async_disable
 .text._usart_async_set_parity
                0x0000bd30        0xc hpl/sercom/hpl_sercom.o
                0x0000bd30                _usart_async_set_parity
 .text._usart_sync_write_byte
                0x0000bd3c        0x6 hpl/sercom/hpl_sercom.o
                0x0000bd3c                _usart_sync_write_byte
 .text._usart_async_write_byte
                0x0000bd42        0x6 hpl/sercom/hpl_sercom.o
                0x0000bd42                _usart_async_write_byte
 .text._usart_sync_read_byte
                0x0000bd48        0x8 hpl/sercom/hpl_sercom.o
                0x0000bd48                _usart_sync_read_byte
 .text._usart_sync_is_ready_to_send
                0x0000bd50        0xa hpl/sercom/hpl_sercom.o
                0x0000bd50                _usart_sync_is_ready_to_send
 .text._usart_sync_is_transmit_done
                0x0000bd5a        0xa hpl/sercom/hpl_sercom.o
                0x0000bd5a                _usart_sync_is_transmit_done
 .text._usart_sync_is_byte_received
                0x0000bd64        0xa hpl/sercom/hpl_sercom.o
                0x0000bd64                _usart_sync_is_byte_received
 .text._usart_async_enable_byte_sent_irq
                0x0000bd6e        0x8 hpl/sercom/hpl_sercom.o
                0x0000bd6e                _usart_async_enable_byte_sent_irq
 .text._usart_async_enable_tx_done_irq
                0x0000bd76        0x8 hpl/sercom/hpl_sercom.o
                0x0000bd76                _usart_async_enable_tx_done_irq
 .text._usart_async_set_irq_state
                0x0000bd7e       0x32 hpl/sercom/hpl_sercom.o
                0x0000bd7e                _usart_async_set_irq_state
 .text._i2c_m_async_init
                0x0000bdb0       0x64 hpl/sercom/hpl_sercom.o
                0x0000bdb0                _i2c_m_async_init
 .text._i2c_m_async_transfer
                0x0000be14       0xc0 hpl/sercom/hpl_sercom.o
                0x0000be14                _i2c_m_async_transfer
 .text._i2c_m_async_register_callback
                0x0000bed4       0x1a hpl/sercom/hpl_sercom.o
                0x0000bed4                _i2c_m_async_register_callback
 *fill*         0x0000beee        0x2 
 .text.SERCOM0_3_Handler
                0x0000bef0       0x10 hpl/sercom/hpl_sercom.o
                0x0000bef0                SERCOM0_3_Handler
 .text.SERCOM0_2_Handler
                0x0000bf00        0x8 hpl/sercom/hpl_sercom.o
                0x0000bf00                SERCOM0_2_Handler
 .text.SERCOM0_1_Handler
                0x0000bf08        0x8 hpl/sercom/hpl_sercom.o
                0x0000bf08                SERCOM0_1_Handler
 .text.SERCOM0_0_Handler
                0x0000bf10        0x8 hpl/sercom/hpl_sercom.o
                0x0000bf10                SERCOM0_0_Handler
 .text.SERCOM1_3_Handler
                0x0000bf18       0x10 hpl/sercom/hpl_sercom.o
                0x0000bf18                SERCOM1_3_Handler
 .text.SERCOM1_2_Handler
                0x0000bf28        0x8 hpl/sercom/hpl_sercom.o
                0x0000bf28                SERCOM1_2_Handler
 .text.SERCOM1_1_Handler
                0x0000bf30        0x8 hpl/sercom/hpl_sercom.o
                0x0000bf30                SERCOM1_1_Handler
 .text.SERCOM1_0_Handler
                0x0000bf38        0x8 hpl/sercom/hpl_sercom.o
                0x0000bf38                SERCOM1_0_Handler
 .text.SERCOM3_3_Handler
                0x0000bf40       0x44 hpl/sercom/hpl_sercom.o
                0x0000bf40                SERCOM3_3_Handler
 .text.SERCOM3_2_Handler
                0x0000bf84        0x8 hpl/sercom/hpl_sercom.o
                0x0000bf84                SERCOM3_2_Handler
 .text.SERCOM3_1_Handler
                0x0000bf8c        0x8 hpl/sercom/hpl_sercom.o
                0x0000bf8c                SERCOM3_1_Handler
 .text.SERCOM3_0_Handler
                0x0000bf94        0x8 hpl/sercom/hpl_sercom.o
                0x0000bf94                SERCOM3_0_Handler
 .text.SERCOM4_3_Handler
                0x0000bf9c       0x10 hpl/sercom/hpl_sercom.o
                0x0000bf9c                SERCOM4_3_Handler
 .text.SERCOM4_2_Handler
                0x0000bfac        0x8 hpl/sercom/hpl_sercom.o
                0x0000bfac                SERCOM4_2_Handler
 .text.SERCOM4_1_Handler
                0x0000bfb4        0x8 hpl/sercom/hpl_sercom.o
                0x0000bfb4                SERCOM4_1_Handler
 .text.SERCOM4_0_Handler
                0x0000bfbc        0x8 hpl/sercom/hpl_sercom.o
                0x0000bfbc                SERCOM4_0_Handler
 .text.SERCOM5_3_Handler
                0x0000bfc4       0x64 hpl/sercom/hpl_sercom.o
                0x0000bfc4                SERCOM5_3_Handler
 .text.SERCOM5_2_Handler
                0x0000c028        0x8 hpl/sercom/hpl_sercom.o
                0x0000c028                SERCOM5_2_Handler
 .text.SERCOM5_1_Handler
                0x0000c030        0x8 hpl/sercom/hpl_sercom.o
                0x0000c030                SERCOM5_1_Handler
 .text.SERCOM5_0_Handler
                0x0000c038        0x8 hpl/sercom/hpl_sercom.o
                0x0000c038                SERCOM5_0_Handler
 .text.SERCOM6_3_Handler
                0x0000c040       0x10 hpl/sercom/hpl_sercom.o
                0x0000c040                SERCOM6_3_Handler
 .text.SERCOM6_2_Handler
                0x0000c050        0x8 hpl/sercom/hpl_sercom.o
                0x0000c050                SERCOM6_2_Handler
 .text.SERCOM6_1_Handler
                0x0000c058        0x8 hpl/sercom/hpl_sercom.o
                0x0000c058                SERCOM6_1_Handler
 .text.SERCOM6_0_Handler
                0x0000c060        0x8 hpl/sercom/hpl_sercom.o
                0x0000c060                SERCOM6_0_Handler
 .text._spi_m_sync_init
                0x0000c068       0xd0 hpl/sercom/hpl_sercom.o
                0x0000c068                _spi_m_sync_init
 .text._spi_m_async_init
                0x0000c138       0x58 hpl/sercom/hpl_sercom.o
                0x0000c138                _spi_m_async_init
 .text._spi_s_async_enable
                0x0000c190       0x34 hpl/sercom/hpl_sercom.o
                0x0000c190                _spi_s_async_enable
 .text._spi_m_async_enable
                0x0000c1c4        0x8 hpl/sercom/hpl_sercom.o
                0x0000c1c4                _spi_m_async_enable
 .text._spi_s_async_set_mode
                0x0000c1cc        0xc hpl/sercom/hpl_sercom.o
                0x0000c1cc                _spi_s_async_set_mode
 .text._spi_m_async_set_mode
                0x0000c1d8        0x8 hpl/sercom/hpl_sercom.o
                0x0000c1d8                _spi_m_async_set_mode
 .text._spi_m_async_set_baudrate
                0x0000c1e0       0x14 hpl/sercom/hpl_sercom.o
                0x0000c1e0                _spi_m_async_set_baudrate
 .text._spi_m_async_enable_tx
                0x0000c1f4       0x10 hpl/sercom/hpl_sercom.o
                0x0000c1f4                _spi_m_async_enable_tx
 .text._spi_m_async_enable_rx
                0x0000c204       0x10 hpl/sercom/hpl_sercom.o
                0x0000c204                _spi_m_async_enable_rx
 .text._spi_m_async_enable_tx_complete
                0x0000c214       0x10 hpl/sercom/hpl_sercom.o
                0x0000c214                _spi_m_async_enable_tx_complete
 .text._spi_m_async_write_one
                0x0000c224        0x8 hpl/sercom/hpl_sercom.o
                0x0000c224                _spi_m_async_write_one
 .text._spi_m_async_read_one
                0x0000c22c        0x8 hpl/sercom/hpl_sercom.o
                0x0000c22c                _spi_m_async_read_one
 .text._spi_m_async_register_callback
                0x0000c234        0xa hpl/sercom/hpl_sercom.o
                0x0000c234                _spi_m_async_register_callback
 .text._spi_m_async_set_irq_state
                0x0000c23e       0x12 hpl/sercom/hpl_sercom.o
                0x0000c23e                _spi_m_async_set_irq_state
 .text._spi_m_dma_init
                0x0000c250       0xc4 hpl/sercom/hpl_sercom.o
                0x0000c250                _spi_m_dma_init
 .text._spi_m_dma_enable
                0x0000c314        0xc hpl/sercom/hpl_sercom.o
                0x0000c314                _spi_m_dma_enable
 .text._spi_m_dma_register_callback
                0x0000c320       0x64 hpl/sercom/hpl_sercom.o
                0x0000c320                _spi_m_dma_register_callback
 .text._spi_m_dma_transfer
                0x0000c384       0xf8 hpl/sercom/hpl_sercom.o
                0x0000c384                _spi_m_dma_transfer
 .text._delay_init
                0x0000c47c       0x14 hpl/systick/hpl_systick.o
                0x0000c47c                _delay_init
 .text._delay_cycles
                0x0000c490       0x38 hpl/systick/hpl_systick.o
                0x0000c490                _delay_cycles
 .text.__NVIC_DisableIRQ
                0x0000c4c8       0x28 hpl/tc/hpl_tc.o
 .text.hri_tc_wait_for_sync
                0x0000c4f0        0x8 hpl/tc/hpl_tc.o
 .text._tc_timer_start
                0x0000c4f8       0x14 hpl/tc/hpl_tc.o
                0x0000c4f8                _tc_timer_start
 .text._tc_timer_get_period
                0x0000c50c       0x50 hpl/tc/hpl_tc.o
                0x0000c50c                _tc_timer_get_period
 .text._tc_timer_is_started
                0x0000c55c       0x18 hpl/tc/hpl_tc.o
                0x0000c55c                _tc_timer_is_started
 .text.tc_interrupt_handler
                0x0000c574       0x12 hpl/tc/hpl_tc.o
 *fill*         0x0000c586        0x2 
 .text.get_tc_index
                0x0000c588       0x50 hpl/tc/hpl_tc.o
 .text._tc_timer_set_irq
                0x0000c5d8       0x28 hpl/tc/hpl_tc.o
                0x0000c5d8                _tc_timer_set_irq
 .text._tc_timer_stop
                0x0000c600       0x14 hpl/tc/hpl_tc.o
                0x0000c600                _tc_timer_stop
 .text._tc_timer_deinit
                0x0000c614       0x4c hpl/tc/hpl_tc.o
                0x0000c614                _tc_timer_deinit
 .text._tc_timer_init
                0x0000c660      0x150 hpl/tc/hpl_tc.o
                0x0000c660                _tc_timer_init
 .text._tc_timer_set_period
                0x0000c7b0       0x3c hpl/tc/hpl_tc.o
                0x0000c7b0                _tc_timer_set_period
 .text._tc_get_timer
                0x0000c7ec        0x8 hpl/tc/hpl_tc.o
                0x0000c7ec                _tc_get_timer
 .text.TC0_Handler
                0x0000c7f4       0x10 hpl/tc/hpl_tc.o
                0x0000c7f4                TC0_Handler
 .text.TC1_Handler
                0x0000c804       0x10 hpl/tc/hpl_tc.o
                0x0000c804                TC1_Handler
 .text.TC2_Handler
                0x0000c814       0x10 hpl/tc/hpl_tc.o
                0x0000c814                TC2_Handler
 .text.TC3_Handler
                0x0000c824       0x10 hpl/tc/hpl_tc.o
                0x0000c824                TC3_Handler
 .text._dummy_func_no_return
                0x0000c834        0x4 hpl/usb/hpl_usb.o
 .text._usb_d_dev_wait_dfll_rdy
                0x0000c838       0x24 hpl/usb/hpl_usb.o
 .text._usb_d_dev_ept
                0x0000c85c       0x18 hpl/usb/hpl_usb.o
 .text._usb_d_dev_handle_setup
                0x0000c874       0x84 hpl/usb/hpl_usb.o
 .text._usb_d_dev_handle_stall
                0x0000c8f8       0x28 hpl/usb/hpl_usb.o
 .text._usb_d_dev_trans_done
                0x0000c920       0x24 hpl/usb/hpl_usb.o
 .text._usb_d_dev_trans_stop
                0x0000c944       0x64 hpl/usb/hpl_usb.o
 .text._usb_d_dev_handle_trfail
                0x0000c9a8       0xec hpl/usb/hpl_usb.o
 .text._usb_d_dev_reset_epts
                0x0000ca94       0x3c hpl/usb/hpl_usb.o
 .text._usb_d_dev_in_next
                0x0000cad0      0x158 hpl/usb/hpl_usb.o
 .text._usb_d_dev_out_next
                0x0000cc28      0x1ac hpl/usb/hpl_usb.o
 .text._usb_d_dev_handler
                0x0000cdd4      0x1dc hpl/usb/hpl_usb.o
 .text._usbd_ep_pcksize_size
                0x0000cfb0       0x3e hpl/usb/hpl_usb.o
 *fill*         0x0000cfee        0x2 
 .text._usb_d_dev_init
                0x0000cff0       0xe8 hpl/usb/hpl_usb.o
                0x0000cff0                _usb_d_dev_init
 .text._usb_d_dev_enable
                0x0000d0d8       0x5c hpl/usb/hpl_usb.o
                0x0000d0d8                _usb_d_dev_enable
 .text._usb_d_dev_attach
                0x0000d134       0x12 hpl/usb/hpl_usb.o
                0x0000d134                _usb_d_dev_attach
 .text._usb_d_dev_set_address
                0x0000d146        0xc hpl/usb/hpl_usb.o
                0x0000d146                _usb_d_dev_set_address
 .text._usb_d_dev_get_frame_n
                0x0000d152        0xc hpl/usb/hpl_usb.o
                0x0000d152                _usb_d_dev_get_frame_n
 *fill*         0x0000d15e        0x2 
 .text._usb_d_dev_ep_init
                0x0000d160       0xc0 hpl/usb/hpl_usb.o
                0x0000d160                _usb_d_dev_ep_init
 .text._usb_d_dev_ep_deinit
                0x0000d220       0x84 hpl/usb/hpl_usb.o
                0x0000d220                _usb_d_dev_ep_deinit
 .text._usb_d_dev_ep_enable
                0x0000d2a4      0x17c hpl/usb/hpl_usb.o
                0x0000d2a4                _usb_d_dev_ep_enable
 .text._usb_d_dev_ep_stall
                0x0000d420       0xe4 hpl/usb/hpl_usb.o
                0x0000d420                _usb_d_dev_ep_stall
 .text._usb_d_dev_ep_read_req
                0x0000d504       0x54 hpl/usb/hpl_usb.o
                0x0000d504                _usb_d_dev_ep_read_req
 .text._usb_d_dev_ep_trans
                0x0000d558      0x108 hpl/usb/hpl_usb.o
                0x0000d558                _usb_d_dev_ep_trans
 .text._usb_d_dev_register_callback
                0x0000d660       0x24 hpl/usb/hpl_usb.o
                0x0000d660                _usb_d_dev_register_callback
 .text._usb_d_dev_register_ep_callback
                0x0000d684       0x2c hpl/usb/hpl_usb.o
                0x0000d684                _usb_d_dev_register_ep_callback
 .text.USB_0_Handler
                0x0000d6b0        0x8 hpl/usb/hpl_usb.o
                0x0000d6b0                USB_0_Handler
 .text.USB_1_Handler
                0x0000d6b8        0x8 hpl/usb/hpl_usb.o
                0x0000d6b8                USB_1_Handler
 .text.USB_2_Handler
                0x0000d6c0        0x8 hpl/usb/hpl_usb.o
                0x0000d6c0                USB_2_Handler
 .text.USB_3_Handler
                0x0000d6c8        0x8 hpl/usb/hpl_usb.o
                0x0000d6c8                USB_3_Handler
 .text._wdt_init
                0x0000d6d0       0x42 hpl/wdt/hpl_wdt.o
                0x0000d6d0                _wdt_init
 *fill*         0x0000d712        0x2 
 .text.RTC_Scheduler_ping_cb
                0x0000d714       0x50 main.o
 .text.RTC_Scheduler_report_cb
                0x0000d764        0xc main.o
 .text.RTC_Scheduler_heartbeat_cb
                0x0000d770       0x3c main.o
 .text.RTC_Scheduler_realtime_cb
                0x0000d7ac       0xb8 main.o
 .text.init_timer
                0x0000d864       0x84 main.o
                0x0000d864                init_timer
 .text.startup.main
                0x0000d8e8      0x4f8 main.o
                0x0000d8e8                main
 .text._read    0x0000dde0       0x20 stdio_redirect/gcc/read.o
                0x0000dde0                _read
 .text._write   0x0000de00       0x24 stdio_redirect/gcc/write.o
                0x0000de00                _write
 .text.stdio_io_init
                0x0000de24       0x2c stdio_redirect/stdio_io.o
                0x0000de24                stdio_io_init
 .text.stdio_io_read
                0x0000de50       0x1c stdio_redirect/stdio_io.o
                0x0000de50                stdio_io_read
 .text.stdio_io_write
                0x0000de6c       0x1c stdio_redirect/stdio_io.o
                0x0000de6c                stdio_io_write
 .text.stdio_redirect_init
                0x0000de88       0x20 stdio_start.o
                0x0000de88                stdio_redirect_init
 .text.cdcdf_acm_req
                0x0000dea8       0xdc usb/class/cdc/device/cdcdf_acm.o
 .text.cdcdf_acm_ctrl
                0x0000df84      0x138 usb/class/cdc/device/cdcdf_acm.o
 .text.cdcdf_acm_init
                0x0000e0bc       0x44 usb/class/cdc/device/cdcdf_acm.o
                0x0000e0bc                cdcdf_acm_init
 .text.cdcdf_acm_read
                0x0000e100       0x2c usb/class/cdc/device/cdcdf_acm.o
                0x0000e100                cdcdf_acm_read
 .text.cdcdf_acm_write
                0x0000e12c       0x2c usb/class/cdc/device/cdcdf_acm.o
                0x0000e12c                cdcdf_acm_write
 .text.cdcdf_acm_register_callback
                0x0000e158       0x40 usb/class/cdc/device/cdcdf_acm.o
                0x0000e158                cdcdf_acm_register_callback
 .text.hid_keyboard_req
                0x0000e198       0x88 usb/class/hid/device/hiddf_keyboard.o
 .text.hid_keyboard_ctrl
                0x0000e220      0x110 usb/class/hid/device/hiddf_keyboard.o
 .text.hiddf_keyboard_init
                0x0000e330       0x44 usb/class/hid/device/hiddf_keyboard.o
                0x0000e330                hiddf_keyboard_init
 .text.hiddf_keyboard_keys_state_change
                0x0000e374       0x8c usb/class/hid/device/hiddf_keyboard.o
                0x0000e374                hiddf_keyboard_keys_state_change
 .text.hid_mouse_req
                0x0000e400       0x88 usb/class/hid/device/hiddf_mouse.o
 .text.hid_mouse_ctrl
                0x0000e488       0xe4 usb/class/hid/device/hiddf_mouse.o
 .text.hiddf_mouse_init
                0x0000e56c       0x44 usb/class/hid/device/hiddf_mouse.o
                0x0000e56c                hiddf_mouse_init
 .text.hiddf_mouse_move
                0x0000e5b0       0x48 usb/class/hid/device/hiddf_mouse.o
                0x0000e5b0                hiddf_mouse_move
 .text.audio_midi_req
                0x0000e5f8       0x78 usb/class/midi/device/audiodf_midi.o
 .text.audio_midi_ctrl
                0x0000e670      0x180 usb/class/midi/device/audiodf_midi.o
 .text.audiodf_midi_init
                0x0000e7f0       0x44 usb/class/midi/device/audiodf_midi.o
                0x0000e7f0                audiodf_midi_init
 .text.audiodf_midi_write
                0x0000e834       0x28 usb/class/midi/device/audiodf_midi.o
                0x0000e834                audiodf_midi_write
 .text.audiodf_midi_read
                0x0000e85c       0x20 usb/class/midi/device/audiodf_midi.o
                0x0000e85c                audiodf_midi_read
 .text.audiodf_midi_register_callback
                0x0000e87c       0x30 usb/class/midi/device/audiodf_midi.o
                0x0000e87c                audiodf_midi_register_callback
 .text.usbdc_unconfig
                0x0000e8ac       0x1c usb/device/usbdc.o
 .text.usbdc_change_notify
                0x0000e8c8       0x20 usb/device/usbdc.o
 .text.usbdc_request_handler
                0x0000e8e8       0x38 usb/device/usbdc.o
 .text.usbd_sof_cb
                0x0000e920       0x18 usb/device/usbdc.o
 .text.usbdc_cb_ctl_done
                0x0000e938       0x68 usb/device/usbdc.o
 .text.usbdc_reset
                0x0000e9a0       0x5c usb/device/usbdc.o
                0x0000e9a0                usbdc_reset
 .text.usbd_event_cb
                0x0000e9fc       0x18 usb/device/usbdc.o
 .text.usbdc_xfer
                0x0000ea14       0x20 usb/device/usbdc.o
                0x0000ea14                usbdc_xfer
 .text.usbdc_cb_ctl_req
                0x0000ea34      0x328 usb/device/usbdc.o
 .text.usbdc_register_handler
                0x0000ed5c       0x2c usb/device/usbdc.o
                0x0000ed5c                usbdc_register_handler
 .text.usbdc_init
                0x0000ed88       0x44 usb/device/usbdc.o
                0x0000ed88                usbdc_init
 .text.usbdc_register_function
                0x0000edcc       0x10 usb/device/usbdc.o
                0x0000edcc                usbdc_register_function
 .text.usbdc_start
                0x0000eddc       0x34 usb/device/usbdc.o
                0x0000eddc                usbdc_start
 .text.usbdc_attach
                0x0000ee10        0x8 usb/device/usbdc.o
                0x0000ee10                usbdc_attach
 .text.usbdc_get_ctrl_buffer
                0x0000ee18        0xc usb/device/usbdc.o
                0x0000ee18                usbdc_get_ctrl_buffer
 .text.usbdc_get_state
                0x0000ee24       0x14 usb/device/usbdc.o
                0x0000ee24                usbdc_get_state
 .text.usb_find_desc
                0x0000ee38       0x1a usb/usb_protocol.o
                0x0000ee38                usb_find_desc
 .text.usb_find_ep_desc
                0x0000ee52       0x1c usb/usb_protocol.o
                0x0000ee52                usb_find_ep_desc
 *fill*         0x0000ee6e        0x2 
 .text.usb_find_cfg_desc
                0x0000ee70       0x3c usb/usb_protocol.o
                0x0000ee70                usb_find_cfg_desc
 .text.usb_find_str_desc
                0x0000eeac       0x30 usb/usb_protocol.o
                0x0000eeac                usb_find_str_desc
 .text.gpio_get_pin_level
                0x0000eedc       0x48 usb_start.o
 .text.hiddf_demo_sof_event
                0x0000ef24       0x78 usb_start.o
 .text.composite_device_init
                0x0000ef9c       0x2c usb_start.o
                0x0000ef9c                composite_device_init
 .text.composite_device_start
                0x0000efc8       0x1c usb_start.o
                0x0000efc8                composite_device_start
 .text.usb_init
                0x0000efe4        0x8 usb_start.o
                0x0000efe4                usb_init
 .text          0x0000efec      0x370 c:/program files (x86)/atmel/studio/7.0/toolchain/arm/arm-gnu-toolchain/bin/../lib/gcc/arm-none-eabi/6.3.1/thumb/v7e-m\libgcc.a(_arm_addsubdf3.o)
                0x0000efec                __aeabi_drsub
                0x0000eff4                __aeabi_dsub
                0x0000eff4                __subdf3
                0x0000eff8                __aeabi_dadd
                0x0000eff8                __adddf3
                0x0000f270                __floatunsidf
                0x0000f270                __aeabi_ui2d
                0x0000f290                __floatsidf
                0x0000f290                __aeabi_i2d
                0x0000f2b4                __aeabi_f2d
                0x0000f2b4                __extendsfdf2
                0x0000f2f0                __floatundidf
                0x0000f2f0                __aeabi_ul2d
                0x0000f300                __floatdidf
                0x0000f300                __aeabi_l2d
 .text          0x0000f35c      0x424 c:/program files (x86)/atmel/studio/7.0/toolchain/arm/arm-gnu-toolchain/bin/../lib/gcc/arm-none-eabi/6.3.1/thumb/v7e-m\libgcc.a(_arm_muldivdf3.o)
                0x0000f35c                __aeabi_dmul
                0x0000f35c                __muldf3
                0x0000f5b0                __divdf3
                0x0000f5b0                __aeabi_ddiv
 .text          0x0000f780       0x40 c:/program files (x86)/atmel/studio/7.0/toolchain/arm/arm-gnu-toolchain/bin/../lib/gcc/arm-none-eabi/6.3.1/thumb/v7e-m\libgcc.a(_arm_fixunsdfsi.o)
                0x0000f780                __aeabi_d2uiz
                0x0000f780                __fixunsdfsi
 .text.__libc_init_array
                0x0000f7c0       0x48 c:/program files (x86)/atmel/studio/7.0/toolchain/arm/arm-gnu-toolchain/bin/../lib/gcc/arm-none-eabi/6.3.1/../../../../arm-none-eabi/lib/thumb/v7e-m\libc_nano.a(lib_a-init.o)
                0x0000f7c0                __libc_init_array
 .text.malloc   0x0000f808       0x10 c:/program files (x86)/atmel/studio/7.0/toolchain/arm/arm-gnu-toolchain/bin/../lib/gcc/arm-none-eabi/6.3.1/../../../../arm-none-eabi/lib/thumb/v7e-m\libc_nano.a(lib_a-malloc.o)
                0x0000f808                malloc
 .text.memcpy   0x0000f818       0x16 c:/program files (x86)/atmel/studio/7.0/toolchain/arm/arm-gnu-toolchain/bin/../lib/gcc/arm-none-eabi/6.3.1/../../../../arm-none-eabi/lib/thumb/v7e-m\libc_nano.a(lib_a-memcpy-stub.o)
                0x0000f818                memcpy
 .text.memset   0x0000f82e       0x10 c:/program files (x86)/atmel/studio/7.0/toolchain/arm/arm-gnu-toolchain/bin/../lib/gcc/arm-none-eabi/6.3.1/../../../../arm-none-eabi/lib/thumb/v7e-m\libc_nano.a(lib_a-memset.o)
                0x0000f82e                memset
 *fill*         0x0000f83e        0x2 
 .text._free_r  0x0000f840       0x9c c:/program files (x86)/atmel/studio/7.0/toolchain/arm/arm-gnu-toolchain/bin/../lib/gcc/arm-none-eabi/6.3.1/../../../../arm-none-eabi/lib/thumb/v7e-m\libc_nano.a(lib_a-nano-freer.o)
                0x0000f840                _free_r
 .text._malloc_r
                0x0000f8dc       0xbc c:/program files (x86)/atmel/studio/7.0/toolchain/arm/arm-gnu-toolchain/bin/../lib/gcc/arm-none-eabi/6.3.1/../../../../arm-none-eabi/lib/thumb/v7e-m\libc_nano.a(lib_a-nano-mallocr.o)
                0x0000f8dc                _malloc_r
 .text.printf   0x0000f998       0x30 c:/program files (x86)/atmel/studio/7.0/toolchain/arm/arm-gnu-toolchain/bin/../lib/gcc/arm-none-eabi/6.3.1/../../../../arm-none-eabi/lib/thumb/v7e-m\libc_nano.a(lib_a-printf.o)
                0x0000f998                iprintf
                0x0000f998                printf
 .text._puts_r  0x0000f9c8       0xb8 c:/program files (x86)/atmel/studio/7.0/toolchain/arm/arm-gnu-toolchain/bin/../lib/gcc/arm-none-eabi/6.3.1/../../../../arm-none-eabi/lib/thumb/v7e-m\libc_nano.a(lib_a-puts.o)
                0x0000f9c8                _puts_r
 .text.puts     0x0000fa80       0x10 c:/program files (x86)/atmel/studio/7.0/toolchain/arm/arm-gnu-toolchain/bin/../lib/gcc/arm-none-eabi/6.3.1/../../../../arm-none-eabi/lib/thumb/v7e-m\libc_nano.a(lib_a-puts.o)
                0x0000fa80                puts
 .text._sbrk_r  0x0000fa90       0x20 c:/program files (x86)/atmel/studio/7.0/toolchain/arm/arm-gnu-toolchain/bin/../lib/gcc/arm-none-eabi/6.3.1/../../../../arm-none-eabi/lib/thumb/v7e-m\libc_nano.a(lib_a-sbrkr.o)
                0x0000fa90                _sbrk_r
 .text.setbuf   0x0000fab0       0x10 c:/program files (x86)/atmel/studio/7.0/toolchain/arm/arm-gnu-toolchain/bin/../lib/gcc/arm-none-eabi/6.3.1/../../../../arm-none-eabi/lib/thumb/v7e-m\libc_nano.a(lib_a-setbuf.o)
                0x0000fab0                setbuf
 .text.setvbuf  0x0000fac0      0x15c c:/program files (x86)/atmel/studio/7.0/toolchain/arm/arm-gnu-toolchain/bin/../lib/gcc/arm-none-eabi/6.3.1/../../../../arm-none-eabi/lib/thumb/v7e-m\libc_nano.a(lib_a-setvbuf.o)
                0x0000fac0                setvbuf
 .text.sprintf  0x0000fc1c       0x48 c:/program files (x86)/atmel/studio/7.0/toolchain/arm/arm-gnu-toolchain/bin/../lib/gcc/arm-none-eabi/6.3.1/../../../../arm-none-eabi/lib/thumb/v7e-m\libc_nano.a(lib_a-sprintf.o)
                0x0000fc1c                siprintf
                0x0000fc1c                sprintf
 .text.strcpy   0x0000fc64       0x10 c:/program files (x86)/atmel/studio/7.0/toolchain/arm/arm-gnu-toolchain/bin/../lib/gcc/arm-none-eabi/6.3.1/../../../../arm-none-eabi/lib/thumb/v7e-m\libc_nano.a(lib_a-strcpy.o)
                0x0000fc64                strcpy
 .text          0x0000fc74       0x10 c:/program files (x86)/atmel/studio/7.0/toolchain/arm/arm-gnu-toolchain/bin/../lib/gcc/arm-none-eabi/6.3.1/../../../../arm-none-eabi/lib/thumb/v7e-m\libc_nano.a(lib_a-strlen.o)
                0x0000fc74                strlen
 .text.__swbuf_r
                0x0000fc84       0xa4 c:/program files (x86)/atmel/studio/7.0/toolchain/arm/arm-gnu-toolchain/bin/../lib/gcc/arm-none-eabi/6.3.1/../../../../arm-none-eabi/lib/thumb/v7e-m\libc_nano.a(lib_a-wbuf.o)
                0x0000fc84                __swbuf_r
 .text.__swsetup_r
                0x0000fd28       0xdc c:/program files (x86)/atmel/studio/7.0/toolchain/arm/arm-gnu-toolchain/bin/../lib/gcc/arm-none-eabi/6.3.1/../../../../arm-none-eabi/lib/thumb/v7e-m\libc_nano.a(lib_a-wsetup.o)
                0x0000fd28                __swsetup_r
 .text.__sflush_r
                0x0000fe04      0x110 c:/program files (x86)/atmel/studio/7.0/toolchain/arm/arm-gnu-toolchain/bin/../lib/gcc/arm-none-eabi/6.3.1/../../../../arm-none-eabi/lib/thumb/v7e-m\libc_nano.a(lib_a-fflush.o)
                0x0000fe04                __sflush_r
 .text._fflush_r
                0x0000ff14       0x54 c:/program files (x86)/atmel/studio/7.0/toolchain/arm/arm-gnu-toolchain/bin/../lib/gcc/arm-none-eabi/6.3.1/../../../../arm-none-eabi/lib/thumb/v7e-m\libc_nano.a(lib_a-fflush.o)