Archive member included to satisfy reference by file (symbol)

c:/program files (x86)/atmel/studio/7.0/toolchain/arm/arm-gnu-toolchain/bin/../lib/gcc/arm-none-eabi/6.3.1/thumb/v7e-m\libgcc.a(_arm_addsubdf3.o)
                              hpl/sercom/hpl_sercom.o (__aeabi_dsub)
c:/program files (x86)/atmel/studio/7.0/toolchain/arm/arm-gnu-toolchain/bin/../lib/gcc/arm-none-eabi/6.3.1/thumb/v7e-m\libgcc.a(_arm_muldivdf3.o)
                              grid/grid_module_pbf4_reva.o (__aeabi_dmul)
c:/program files (x86)/atmel/studio/7.0/toolchain/arm/arm-gnu-toolchain/bin/../lib/gcc/arm-none-eabi/6.3.1/thumb/v7e-m\libgcc.a(_arm_fixunsdfsi.o)
                              grid/grid_module_en16_reva.o (__aeabi_d2uiz)
c:/program files (x86)/atmel/studio/7.0/toolchain/arm/arm-gnu-toolchain/bin/../lib/gcc/arm-none-eabi/6.3.1/thumb/v7e-m\libgcc.a(_aeabi_uldivmod.o)
                              hpl/sercom/hpl_sercom.o (__aeabi_uldivmod)
c:/program files (x86)/atmel/studio/7.0/toolchain/arm/arm-gnu-toolchain/bin/../lib/gcc/arm-none-eabi/6.3.1/thumb/v7e-m\libgcc.a(_udivmoddi4.o)
                              c:/program files (x86)/atmel/studio/7.0/toolchain/arm/arm-gnu-toolchain/bin/../lib/gcc/arm-none-eabi/6.3.1/thumb/v7e-m\libgcc.a(_aeabi_uldivmod.o) (__udivmoddi4)
c:/program files (x86)/atmel/studio/7.0/toolchain/arm/arm-gnu-toolchain/bin/../lib/gcc/arm-none-eabi/6.3.1/thumb/v7e-m\libgcc.a(_dvmd_tls.o)
                              c:/program files (x86)/atmel/studio/7.0/toolchain/arm/arm-gnu-toolchain/bin/../lib/gcc/arm-none-eabi/6.3.1/thumb/v7e-m\libgcc.a(_aeabi_uldivmod.o) (__aeabi_ldiv0)
c:/program files (x86)/atmel/studio/7.0/toolchain/arm/arm-gnu-toolchain/bin/../lib/gcc/arm-none-eabi/6.3.1/../../../../arm-none-eabi/lib/thumb/v7e-m\libc_nano.a(lib_a-exit.o)
                              c:/program files (x86)/atmel/studio/7.0/toolchain/arm/arm-gnu-toolchain/bin/../lib/gcc/arm-none-eabi/6.3.1/../../../../arm-none-eabi/lib/thumb/v7e-m/crt0.o (exit)
c:/program files (x86)/atmel/studio/7.0/toolchain/arm/arm-gnu-toolchain/bin/../lib/gcc/arm-none-eabi/6.3.1/../../../../arm-none-eabi/lib/thumb/v7e-m\libc_nano.a(lib_a-impure.o)
                              c:/program files (x86)/atmel/studio/7.0/toolchain/arm/arm-gnu-toolchain/bin/../lib/gcc/arm-none-eabi/6.3.1/../../../../arm-none-eabi/lib/thumb/v7e-m\libc_nano.a(lib_a-exit.o) (_global_impure_ptr)
c:/program files (x86)/atmel/studio/7.0/toolchain/arm/arm-gnu-toolchain/bin/../lib/gcc/arm-none-eabi/6.3.1/../../../../arm-none-eabi/lib/thumb/v7e-m\libc_nano.a(lib_a-init.o)
                              c:/program files (x86)/atmel/studio/7.0/toolchain/arm/arm-gnu-toolchain/bin/../lib/gcc/arm-none-eabi/6.3.1/../../../../arm-none-eabi/lib/thumb/v7e-m/crt0.o (__libc_init_array)
c:/program files (x86)/atmel/studio/7.0/toolchain/arm/arm-gnu-toolchain/bin/../lib/gcc/arm-none-eabi/6.3.1/../../../../arm-none-eabi/lib/thumb/v7e-m\libc_nano.a(lib_a-malloc.o)
                              grid/grid_ain.o (malloc)
c:/program files (x86)/atmel/studio/7.0/toolchain/arm/arm-gnu-toolchain/bin/../lib/gcc/arm-none-eabi/6.3.1/../../../../arm-none-eabi/lib/thumb/v7e-m\libc_nano.a(lib_a-memcpy-stub.o)
                              hpl/nvmctrl/hpl_nvmctrl.o (memcpy)
c:/program files (x86)/atmel/studio/7.0/toolchain/arm/arm-gnu-toolchain/bin/../lib/gcc/arm-none-eabi/6.3.1/../../../../arm-none-eabi/lib/thumb/v7e-m\libc_nano.a(lib_a-memset.o)
                              c:/program files (x86)/atmel/studio/7.0/toolchain/arm/arm-gnu-toolchain/bin/../lib/gcc/arm-none-eabi/6.3.1/../../../../arm-none-eabi/lib/thumb/v7e-m/crt0.o (memset)
c:/program files (x86)/atmel/studio/7.0/toolchain/arm/arm-gnu-toolchain/bin/../lib/gcc/arm-none-eabi/6.3.1/../../../../arm-none-eabi/lib/thumb/v7e-m\libc_nano.a(lib_a-nano-freer.o)
                              c:/program files (x86)/atmel/studio/7.0/toolchain/arm/arm-gnu-toolchain/bin/../lib/gcc/arm-none-eabi/6.3.1/../../../../arm-none-eabi/lib/thumb/v7e-m\libc_nano.a(lib_a-malloc.o) (_free_r)
c:/program files (x86)/atmel/studio/7.0/toolchain/arm/arm-gnu-toolchain/bin/../lib/gcc/arm-none-eabi/6.3.1/../../../../arm-none-eabi/lib/thumb/v7e-m\libc_nano.a(lib_a-nano-mallocr.o)
                              c:/program files (x86)/atmel/studio/7.0/toolchain/arm/arm-gnu-toolchain/bin/../lib/gcc/arm-none-eabi/6.3.1/../../../../arm-none-eabi/lib/thumb/v7e-m\libc_nano.a(lib_a-malloc.o) (_malloc_r)
c:/program files (x86)/atmel/studio/7.0/toolchain/arm/arm-gnu-toolchain/bin/../lib/gcc/arm-none-eabi/6.3.1/../../../../arm-none-eabi/lib/thumb/v7e-m\libc_nano.a(lib_a-printf.o)
                              hal/utils/src/utils_syscalls.o (printf)
c:/program files (x86)/atmel/studio/7.0/toolchain/arm/arm-gnu-toolchain/bin/../lib/gcc/arm-none-eabi/6.3.1/../../../../arm-none-eabi/lib/thumb/v7e-m\libc_nano.a(lib_a-puts.o)
                              main.o (puts)
[...]
Memory Configuration

Name             Origin             Length             Attributes
rom              0x00004000         0x0007a000         xr
ram              0x20000000         0x00040000         xrw
bkupram          0x47000000         0x00002000         xrw
qspi             0x04000000         0x01000000         xrw
*default*        0x00000000         0xffffffff

Linker script and memory map

LOAD c:/program files (x86)/atmel/studio/7.0/toolchain/arm/arm-gnu-toolchain/bin/../lib/gcc/arm-none-eabi/6.3.1/thumb/v7e-m/crti.o
LOAD c:/program files (x86)/atmel/studio/7.0/toolchain/arm/arm-gnu-toolchain/bin/../lib/gcc/arm-none-eabi/6.3.1/thumb/v7e-m/crtbegin.o
LOAD c:/program files (x86)/atmel/studio/7.0/toolchain/arm/arm-gnu-toolchain/bin/../lib/gcc/arm-none-eabi/6.3.1/../../../../arm-none-eabi/lib/thumb/v7e-m/crt0.o
LOAD atmel_start.o
LOAD Device_Startup/startup_samd51.o
LOAD Device_Startup/system_samd51.o
LOAD driver_init.o
LOAD examples/driver_examples.o
LOAD flash/n25q256a.o
LOAD flash/spi_nor_flash.o
LOAD grid/grid_ain.o
LOAD grid/grid_buf.o
LOAD grid/grid_led.o
LOAD grid/grid_module.o
LOAD grid/grid_module_bu16_revb.o
LOAD grid/grid_module_en16_reva.o
LOAD grid/grid_module_pbf4_reva.o
LOAD grid/grid_module_po16_revb.o
LOAD grid/grid_sys.o
LOAD grid/grid_ui.o
LOAD hal/src/hal_adc_async.o
LOAD hal/src/hal_atomic.o
LOAD hal/src/hal_cache.o
LOAD hal/src/hal_crc_sync.o
LOAD hal/src/hal_delay.o
LOAD hal/src/hal_evsys.o
LOAD hal/src/hal_flash.o
LOAD hal/src/hal_gpio.o
LOAD hal/src/hal_i2c_m_async.o
LOAD hal/src/hal_init.o
LOAD hal/src/hal_io.o
LOAD hal/src/hal_qspi_dma.o
LOAD hal/src/hal_sleep.o
LOAD hal/src/hal_spi_m_async.o
LOAD hal/src/hal_spi_m_dma.o
LOAD hal/src/hal_timer.o
LOAD hal/src/hal_usart_async.o
LOAD hal/src/hal_usart_sync.o
LOAD hal/src/hal_usb_device.o
LOAD hal/src/hal_wdt.o
LOAD hal/utils/src/utils_assert.o
LOAD hal/utils/src/utils_event.o
LOAD hal/utils/src/utils_list.o
LOAD hal/utils/src/utils_ringbuffer.o
LOAD hal/utils/src/utils_syscalls.o
LOAD hpl/adc/hpl_adc.o
LOAD hpl/cmcc/hpl_cmcc.o
LOAD hpl/core/hpl_core_m4.o
LOAD hpl/core/hpl_init.o
LOAD hpl/dmac/hpl_dmac.o
LOAD hpl/dsu/hpl_dsu.o
LOAD hpl/evsys/hpl_evsys.o
LOAD hpl/gclk/hpl_gclk.o
LOAD hpl/mclk/hpl_mclk.o
LOAD hpl/nvmctrl/hpl_nvmctrl.o
LOAD hpl/osc32kctrl/hpl_osc32kctrl.o
LOAD hpl/oscctrl/hpl_oscctrl.o
LOAD hpl/pac/hpl_pac.o
LOAD hpl/pm/hpl_pm.o
LOAD hpl/qspi/hpl_qspi.o
LOAD hpl/ramecc/hpl_ramecc.o
LOAD hpl/rtc/hpl_rtc.o
LOAD hpl/sercom/hpl_sercom.o
LOAD hpl/systick/hpl_systick.o
LOAD hpl/tc/hpl_tc.o
LOAD hpl/usb/hpl_usb.o
LOAD hpl/wdt/hpl_wdt.o
LOAD main.o
LOAD stdio_redirect/gcc/read.o
LOAD stdio_redirect/gcc/write.o
LOAD stdio_redirect/stdio_io.o
LOAD stdio_start.o
LOAD usb/class/cdc/device/cdcdf_acm.o
LOAD usb/class/hid/device/hiddf_generic.o
LOAD usb/class/hid/device/hiddf_keyboard.o
LOAD usb/class/hid/device/hiddf_mouse.o
LOAD usb/class/midi/device/audiodf_midi.o
LOAD usb/class/midi/usb_protocol_midi.o
LOAD usb/class/msc/device/mscdf.o
LOAD usb/device/usbdc.o
LOAD usb/usb_protocol.o
LOAD usb_start.o
START GROUP
LOAD c:/program files (x86)/atmel/studio/7.0/toolchain/arm/arm-gnu-toolchain/bin/../lib/gcc/arm-none-eabi/6.3.1/../../../../arm-none-eabi/lib/thumb/v7e-m\libm.a
END GROUP
START GROUP
LOAD c:/program files (x86)/atmel/studio/7.0/toolchain/arm/arm-gnu-toolchain/bin/../lib/gcc/arm-none-eabi/6.3.1/thumb/v7e-m\libgcc.a
LOAD c:/program files (x86)/atmel/studio/7.0/toolchain/arm/arm-gnu-toolchain/bin/../lib/gcc/arm-none-eabi/6.3.1/../../../../arm-none-eabi/lib/thumb/v7e-m\libc_nano.a
END GROUP
START GROUP
LOAD c:/program files (x86)/atmel/studio/7.0/toolchain/arm/arm-gnu-toolchain/bin/../lib/gcc/arm-none-eabi/6.3.1/thumb/v7e-m\libgcc.a
LOAD c:/program files (x86)/atmel/studio/7.0/toolchain/arm/arm-gnu-toolchain/bin/../lib/gcc/arm-none-eabi/6.3.1/../../../../arm-none-eabi/lib/thumb/v7e-m\libc_nano.a
END GROUP
LOAD c:/program files (x86)/atmel/studio/7.0/toolchain/arm/arm-gnu-toolchain/bin/../lib/gcc/arm-none-eabi/6.3.1/thumb/v7e-m/crtend.o
LOAD c:/program files (x86)/atmel/studio/7.0/toolchain/arm/arm-gnu-toolchain/bin/../lib/gcc/arm-none-eabi/6.3.1/thumb/v7e-m/crtn.o
                0x00010000                STACK_SIZE = DEFINED (STACK_SIZE)?STACK_SIZE:DEFINED (__stack_size__)?__stack_size__:0x10000

.text           0x00004000     0xafec
                0x00004000                . = ALIGN (0x4)
                0x00004000                _sfixed = .
 *(.vectors .vectors.*)
 .vectors       0x00004000      0x264 Device_Startup/startup_samd51.o
                0x00004000                exception_table
 *(.text .text.* .gnu.linkonce.t.*)
 .text          0x00004264       0x6c c:/program files (x86)/atmel/studio/7.0/toolchain/arm/arm-gnu-toolchain/bin/../lib/gcc/arm-none-eabi/6.3.1/thumb/v7e-m/crtbegin.o
 .text.atmel_start_init
                0x000042d0       0x20 atmel_start.o
                0x000042d0                atmel_start_init
 .text.Dummy_Handler
                0x000042f0        0x2 Device_Startup/startup_samd51.o
                0x000042f0                EIC_5_Handler
                0x000042f0                SVCall_Handler
                0x000042f0                EIC_13_Handler
                0x000042f0                EVSYS_0_Handler
                0x000042f0                TCC1_3_Handler
                0x000042f0                DAC_3_Handler
                0x000042f0                TRNG_Handler
                0x000042f0                HardFault_Handler
                0x000042f0                PDEC_2_Handler
                0x000042f0                EIC_4_Handler
                0x000042f0                AC_Handler
                0x000042f0                SysTick_Handler
                0x000042f0                TCC2_3_Handler
                0x000042f0                PendSV_Handler
                0x000042f0                TC7_Handler
                0x000042f0                EVSYS_3_Handler
                0x000042f0                PDEC_0_Handler
                0x000042f0                QSPI_Handler
                0x000042f0                NonMaskableInt_Handler
                0x000042f0                TCC0_0_Handler
                0x000042f0                EIC_3_Handler
                0x000042f0                MemManagement_Handler
                0x000042f0                DAC_2_Handler
                0x000042f0                UsageFault_Handler
                0x000042f0                EIC_10_Handler
                0x000042f0                EIC_11_Handler
                0x000042f0                EIC_9_Handler
                0x000042f0                OSC32KCTRL_Handler
                0x000042f0                TCC2_1_Handler
                0x000042f0                SUPC_1_Handler
                0x000042f0                TCC0_5_Handler
                0x000042f0                TCC0_6_Handler
                0x000042f0                EVSYS_1_Handler
                0x000042f0                TCC1_4_Handler
                0x000042f0                TC6_Handler
                0x000042f0                WDT_Handler
                0x000042f0                EIC_8_Handler
                0x000042f0                EIC_15_Handler
                0x000042f0                TC4_Handler
                0x000042f0                OSCCTRL_4_Handler
                0x000042f0                EIC_12_Handler
                0x000042f0                TCC4_2_Handler
                0x000042f0                PAC_Handler
                0x000042f0                TCC1_0_Handler
                0x000042f0                OSCCTRL_0_Handler
                0x000042f0                EIC_0_Handler
                0x000042f0                OSCCTRL_3_Handler
                0x000042f0                Dummy_Handler
                0x000042f0                TCC3_0_Handler
                0x000042f0                TCC2_2_Handler
                0x000042f0                TCC1_1_Handler
                0x000042f0                OSCCTRL_2_Handler
                0x000042f0                TCC1_2_Handler
                0x000042f0                SERCOM7_1_Handler
                0x000042f0                PM_Handler
                0x000042f0                SERCOM2_3_Handler
                0x000042f0                DAC_4_Handler
                0x000042f0                TCC3_2_Handler
                0x000042f0                SERCOM7_0_Handler
                0x000042f0                TCC0_2_Handler
                0x000042f0                TCC4_0_Handler
                0x000042f0                SERCOM7_3_Handler
                0x000042f0                SDHC1_Handler
                0x000042f0                SERCOM7_2_Handler
                0x000042f0                TCC2_0_Handler
                0x000042f0                PDEC_1_Handler
                0x000042f0                TCC4_1_Handler
                0x000042f0                SDHC0_Handler
                0x000042f0                I2S_Handler
                0x000042f0                EIC_2_Handler
                0x000042f0                PCC_Handler
                0x000042f0                DAC_0_Handler
                0x000042f0                TCC0_1_Handler
                0x000042f0                EIC_6_Handler
                0x000042f0                OSCCTRL_1_Handler
                0x000042f0                PUKCC_Handler
                0x000042f0                SERCOM2_1_Handler
                0x000042f0                EIC_1_Handler
                0x000042f0                EVSYS_4_Handler
                0x000042f0                EIC_7_Handler
                0x000042f0                SERCOM2_2_Handler
                0x000042f0                TCC3_1_Handler
                0x000042f0                EIC_14_Handler
                0x000042f0                DAC_1_Handler
                0x000042f0                MCLK_Handler
                0x000042f0                EVSYS_2_Handler
                0x000042f0                SUPC_0_Handler
                0x000042f0                BusFault_Handler
                0x000042f0                FREQM_Handler
                0x000042f0                TCC0_3_Handler
                0x000042f0                DebugMonitor_Handler
                0x000042f0                TCC0_4_Handler
                0x000042f0                TC5_Handler
                0x000042f0                SERCOM2_0_Handler
                0x000042f0                AES_Handler
                0x000042f0                ICM_Handler
 *fill*         0x000042f2        0x2 
 .text.Reset_Handler
                0x000042f4       0x78 Device_Startup/startup_samd51.o
                0x000042f4                Reset_Handler
 .text._gpio_set_pin_function
                0x0000436c       0x68 driver_init.o
 .text.gpio_set_pin_direction
                0x000043d4       0x68 driver_init.o
 .text.ADC_0_init
                0x0000443c       0x80 driver_init.o
                0x0000443c                ADC_0_init
 .text.ADC_1_init
                0x000044bc       0x84 driver_init.o
                0x000044bc                ADC_1_init
 .text.CRC_0_init
                0x00004540       0x24 driver_init.o
                0x00004540                CRC_0_init
 .text.EVENT_SYSTEM_0_init
                0x00004564       0x30 driver_init.o
                0x00004564                EVENT_SYSTEM_0_init
 .text.FLASH_0_CLOCK_init
                0x00004594       0x10 driver_init.o
                0x00004594                FLASH_0_CLOCK_init
 .text.FLASH_0_init
                0x000045a4       0x24 driver_init.o
                0x000045a4                FLASH_0_init
 .text.QSPI_INSTANCE_PORT_init
                0x000045c8       0xdc driver_init.o
                0x000045c8                QSPI_INSTANCE_PORT_init
 .text.QSPI_INSTANCE_CLOCK_init
                0x000046a4       0x20 driver_init.o
                0x000046a4                QSPI_INSTANCE_CLOCK_init
 .text.QSPI_INSTANCE_init
                0x000046c4       0x2c driver_init.o
                0x000046c4                QSPI_INSTANCE_init
 .text.USART_EAST_CLOCK_init
                0x000046f0       0x24 driver_init.o
                0x000046f0                USART_EAST_CLOCK_init
 .text.USART_EAST_PORT_init
                0x00004714       0x24 driver_init.o
                0x00004714                USART_EAST_PORT_init
 .text.USART_EAST_init
                0x00004738       0x38 driver_init.o
                0x00004738                USART_EAST_init
 .text.USART_NORTH_CLOCK_init
                0x00004770       0x24 driver_init.o
                0x00004770                USART_NORTH_CLOCK_init
 .text.USART_NORTH_PORT_init
                0x00004794       0x24 driver_init.o
                0x00004794                USART_NORTH_PORT_init
 .text.USART_NORTH_init
                0x000047b8       0x38 driver_init.o
                0x000047b8                USART_NORTH_init
 .text.GRID_AUX_PORT_init
                0x000047f0       0x24 driver_init.o
                0x000047f0                GRID_AUX_PORT_init
 .text.GRID_AUX_CLOCK_init
                0x00004814       0x24 driver_init.o
                0x00004814                GRID_AUX_CLOCK_init
 .text.GRID_AUX_init
                0x00004838       0x2c driver_init.o
                0x00004838                GRID_AUX_init
 .text.UI_SPI_PORT_init
                0x00004864       0x68 driver_init.o
                0x00004864                UI_SPI_PORT_init
 .text.UI_SPI_CLOCK_init
                0x000048cc       0x24 driver_init.o
                0x000048cc                UI_SPI_CLOCK_init
 .text.UI_SPI_init
                0x000048f0       0x2c driver_init.o
                0x000048f0                UI_SPI_init
 .text.USART_WEST_CLOCK_init
                0x0000491c       0x24 driver_init.o
                0x0000491c                USART_WEST_CLOCK_init
 .text.USART_WEST_PORT_init
                0x00004940       0x24 driver_init.o
                0x00004940                USART_WEST_PORT_init
 .text.USART_WEST_init
                0x00004964       0x38 driver_init.o
                0x00004964                USART_WEST_init
 .text.SYS_I2C_PORT_init
                0x0000499c       0x40 driver_init.o
                0x0000499c                SYS_I2C_PORT_init
 .text.SYS_I2C_CLOCK_init
                0x000049dc       0x24 driver_init.o
                0x000049dc                SYS_I2C_CLOCK_init
 .text.SYS_I2C_init
                0x00004a00       0x2c driver_init.o
                0x00004a00                SYS_I2C_init
 .text.USART_SOUTH_CLOCK_init
                0x00004a2c       0x24 driver_init.o
                0x00004a2c                USART_SOUTH_CLOCK_init
 .text.USART_SOUTH_PORT_init
                0x00004a50       0x24 driver_init.o
                0x00004a50                USART_SOUTH_PORT_init
 .text.USART_SOUTH_init
                0x00004a74       0x38 driver_init.o
                0x00004a74                USART_SOUTH_init
 .text.GRID_LED_PORT_init
                0x00004aac       0x68 driver_init.o
                0x00004aac                GRID_LED_PORT_init
 .text.GRID_LED_CLOCK_init
                0x00004b14       0x24 driver_init.o
                0x00004b14                GRID_LED_CLOCK_init
 .text.GRID_LED_init
                0x00004b38       0x2c driver_init.o
                0x00004b38                GRID_LED_init
 .text.delay_driver_init
                0x00004b64       0x10 driver_init.o
                0x00004b64                delay_driver_init
 .text.USB_DEVICE_INSTANCE_PORT_init
                0x00004b74       0x60 driver_init.o
                0x00004b74                USB_DEVICE_INSTANCE_PORT_init
 .text.USB_DEVICE_INSTANCE_CLOCK_init
                0x00004bd4       0x24 driver_init.o
                0x00004bd4                USB_DEVICE_INSTANCE_CLOCK_init
 .text.USB_DEVICE_INSTANCE_init
                0x00004bf8       0x20 driver_init.o
                0x00004bf8                USB_DEVICE_INSTANCE_init
 .text.WDT_0_CLOCK_init
                0x00004c18       0x10 driver_init.o
                0x00004c18                WDT_0_CLOCK_init
 .text.WDT_0_init
                0x00004c28       0x24 driver_init.o
                0x00004c28                WDT_0_init
 .text.system_init
                0x00004c4c      0x2a8 driver_init.o
                0x00004c4c                system_init
 .text.grid_ain_channel_init
                0x00004ef4       0x34 grid/grid_ain.o
                0x00004ef4                grid_ain_channel_init
 .text.grid_ain_init
                0x00004f28       0x44 grid/grid_ain.o
                0x00004f28                grid_ain_init
 .text.grid_ain_add_sample
                0x00004f6c       0xd0 grid/grid_ain.o
                0x00004f6c                grid_ain_add_sample
 .text.grid_ain_get_changed
                0x0000503c       0x10 grid/grid_ain.o
                0x0000503c                grid_ain_get_changed
 .text.grid_ain_get_average
                0x0000504c       0x28 grid/grid_ain.o
                0x0000504c                grid_ain_get_average
 .text.grid_buffer_init
                0x00005074       0x44 grid/grid_buf.o
                0x00005074                grid_buffer_init
 .text.grid_buffer_write_size
                0x000050b8       0x14 grid/grid_buf.o
                0x000050b8                grid_buffer_write_size
 .text.grid_buffer_write_init
                0x000050cc       0x2c grid/grid_buf.o
                0x000050cc                grid_buffer_write_init
 .text.grid_buffer_write_character
                0x000050f8       0x1c grid/grid_buf.o
                0x000050f8                grid_buffer_write_character
 .text.grid_buffer_write_acknowledge
                0x00005114       0x10 grid/grid_buf.o
                0x00005114                grid_buffer_write_acknowledge
 .text.grid_buffer_read_size
                0x00005124       0x4c grid/grid_buf.o
                0x00005124                grid_buffer_read_size
 .text.grid_buffer_read_init
                0x00005170       0x5c grid/grid_buf.o
                0x00005170                grid_buffer_read_init
 .text.grid_buffer_read_character
                0x000051cc       0x24 grid/grid_buf.o
                0x000051cc                grid_buffer_read_character
 .text.grid_buffer_read_acknowledge
                0x000051f0       0x10 grid/grid_buf.o
                0x000051f0                grid_buffer_read_acknowledge
 .text.grid_port_init
                0x00005200       0xc0 grid/grid_buf.o
                0x00005200                grid_port_init
 .text.grid_port_init_all
                0x000052c0       0xd0 grid/grid_buf.o
                0x000052c0                grid_port_init_all
 .text.grid_port_process_inbound
                0x00005390      0x184 grid/grid_buf.o
                0x00005390                grid_port_process_inbound
 .text.grid_port_process_outbound_usb
                0x00005514      0x3fc grid/grid_buf.o
                0x00005514                grid_port_process_outbound_usb
 .text.grid_port_process_outbound_ui
                0x00005910       0x48 grid/grid_buf.o
                0x00005910                grid_port_process_outbound_ui
 .text.grid_port_process_outbound_usart
                0x00005958       0x6c grid/grid_buf.o
                0x00005958                grid_port_process_outbound_usart
 .text.grid_led_hardware_transfer_complete_cb
                0x000059c4        0xc grid/grid_led.o
 .text.grid_led_set_color
                0x000059d0       0x34 grid/grid_led.o
                0x000059d0                grid_led_set_color
 .text.grid_led_hardware_init
                0x00005a04       0x2c grid/grid_led.o
                0x00005a04                grid_led_hardware_init
 .text.grid_led_get_led_number
                0x00005a30        0x4 grid/grid_led.o
                0x00005a30                grid_led_get_led_number
 .text.grid_led_tick
                0x00005a34       0x30 grid/grid_led.o
                0x00005a34                grid_led_tick
 .text.grid_led_set_min
                0x00005a64       0x20 grid/grid_led.o
                0x00005a64                grid_led_set_min
 .text.grid_led_set_mid
                0x00005a84       0x20 grid/grid_led.o
                0x00005a84                grid_led_set_mid
 .text.grid_led_set_max
                0x00005aa4       0x20 grid/grid_led.o
                0x00005aa4                grid_led_set_max
 .text.grid_led_set_phase
                0x00005ac4       0x14 grid/grid_led.o
                0x00005ac4                grid_led_set_phase
 .text.grid_led_set_frequency
                0x00005ad8       0x14 grid/grid_led.o
                0x00005ad8                grid_led_set_frequency
 .text.grid_led_buffer_init
                0x00005aec      0x128 grid/grid_led.o
                0x00005aec                grid_led_buffer_init
 .text.grid_led_render
                0x00005c14       0xb0 grid/grid_led.o
                0x00005c14                grid_led_render
 .text.grid_led_render_all
                0x00005cc4       0x20 grid/grid_led.o
                0x00005cc4                grid_led_render_all
 .text.grid_led_hardware_start_transfer_blocking
                0x00005ce4       0x34 grid/grid_led.o
                0x00005ce4                grid_led_hardware_start_transfer_blocking
 .text.grid_led_startup_animation
                0x00005d18       0x80 grid/grid_led.o
                0x00005d18                grid_led_startup_animation
 .text.grid_led_init
                0x00005d98       0xbc grid/grid_led.o
                0x00005d98                grid_led_init
 .text.grid_led_hardware_start_transfer
                0x00005e54       0x30 grid/grid_led.o
                0x00005e54                grid_led_hardware_start_transfer
 .text.grid_module_common_init
                0x00005e84       0x6c grid/grid_module.o
                0x00005e84                grid_module_common_init
 .text.grid_module_bu16_revb_hardware_start_transfer
                0x00005ef0       0x20 grid/grid_module_bu16_revb.o
                0x00005ef0                grid_module_bu16_revb_hardware_start_transfer
 .text.grid_module_bu16_revb_hardware_transfer_complete_cb
                0x00005f10      0x1e0 grid/grid_module_bu16_revb.o
 .text.grid_module_bu16_revb_hardware_init
                0x000060f0       0x48 grid/grid_module_bu16_revb.o
                0x000060f0                grid_module_bu16_revb_hardware_init
 .text.grid_module_bu16_revb_init
                0x00006138       0xd8 grid/grid_module_bu16_revb.o
                0x00006138                grid_module_bu16_revb_init
 .text.grid_module_en16_reva_hardware_start_transfer
                0x00006210       0x3c grid/grid_module_en16_reva.o
                0x00006210                grid_module_en16_reva_hardware_start_transfer
 *fill*         0x0000624c        0x4 
 .text.grid_module_en16_reva_hardware_transfer_complete_cb
                0x00006250      0x354 grid/grid_module_en16_reva.o
                0x00006250                grid_module_en16_reva_hardware_transfer_complete_cb
 .text.grid_module_en16_reva_hardware_init
                0x000065a4       0x68 grid/grid_module_en16_reva.o
                0x000065a4                grid_module_en16_reva_hardware_init
 .text.grid_module_en16_reva_init
                0x0000660c       0xd0 grid/grid_module_en16_reva.o
                0x0000660c                grid_module_en16_reva_init
 .text.grid_module_pbf4_reva_hardware_start_transfer
                0x000066dc       0x20 grid/grid_module_pbf4_reva.o
                0x000066dc                grid_module_pbf4_reva_hardware_start_transfer
 *fill*         0x000066fc        0x4 
 .text.grid_module_pbf4_reva_hardware_transfer_complete_cb
                0x00006700      0x33c grid/grid_module_pbf4_reva.o
                0x00006700                grid_module_pbf4_reva_hardware_transfer_complete_cb
 .text.grid_module_pbf4_reva_hardware_init
                0x00006a3c       0x48 grid/grid_module_pbf4_reva.o
                0x00006a3c                grid_module_pbf4_reva_hardware_init
 .text.grid_module_pbf4_reva_init
                0x00006a84       0xcc grid/grid_module_pbf4_reva.o
                0x00006a84                grid_module_pbf4_reva_init
 .text.grid_module_po16_revb_hardware_start_transfer
                0x00006b50       0x20 grid/grid_module_po16_revb.o
                0x00006b50                grid_module_po16_revb_hardware_start_transfer
 .text.grid_module_po16_revb_hardware_transfer_complete_cb
                0x00006b70      0x208 grid/grid_module_po16_revb.o
 .text.grid_module_po16_revb_hardware_init
                0x00006d78       0x48 grid/grid_module_po16_revb.o
                0x00006d78                grid_module_po16_revb_hardware_init
 .text.grid_module_po16_revb_init
                0x00006dc0       0xc4 grid/grid_module_po16_revb.o
                0x00006dc0                grid_module_po16_revb_init
 .text.gpio_set_pin_pull_mode.constprop.2
                0x00006e84       0x28 grid/grid_sys.o
 .text.tx_cb_USART_GRID
                0x00006eac       0x1a grid/grid_sys.o
                0x00006eac                tx_cb_USART_GRID
 *fill*         0x00006ec6        0x2 
 .text.tx_cb_USART_GRID_W
                0x00006ec8       0x10 grid/grid_sys.o
 .text.tx_cb_USART_GRID_S
                0x00006ed8       0x10 grid/grid_sys.o
 .text.tx_cb_USART_GRID_E
                0x00006ee8       0x10 grid/grid_sys.o
 .text.tx_cb_USART_GRID_N
                0x00006ef8       0x10 grid/grid_sys.o
 .text.grid_sys_port_reset_dma
                0x00006f08       0x20 grid/grid_sys.o
                0x00006f08                grid_sys_port_reset_dma
 .text.dma_transfer_complete_n_cb
                0x00006f28       0x10 grid/grid_sys.o
                0x00006f28                dma_transfer_complete_n_cb
 .text.dma_transfer_complete_e_cb
                0x00006f38       0x10 grid/grid_sys.o
                0x00006f38                dma_transfer_complete_e_cb
 .text.dma_transfer_complete_s_cb
                0x00006f48       0x10 grid/grid_sys.o
                0x00006f48                dma_transfer_complete_s_cb
 .text.dma_transfer_complete_w_cb
                0x00006f58       0x10 grid/grid_sys.o
                0x00006f58                dma_transfer_complete_w_cb
 .text.grid_sys_uart_init
                0x00006f68       0xb4 grid/grid_sys.o
                0x00006f68                grid_sys_uart_init
 .text.grid_sys_dma_rx_init_one
                0x0000701c       0x64 grid/grid_sys.o
                0x0000701c                grid_sys_dma_rx_init_one
 .text.grid_sys_dma_rx_init
                0x00007080       0x6c grid/grid_sys.o
                0x00007080                grid_sys_dma_rx_init
 .text.grid_sys_init
                0x000070ec       0x40 grid/grid_sys.o
                0x000070ec                grid_sys_init
 .text.grid_sys_rtc_get_time
                0x0000712c        0x4 grid/grid_sys.o
                0x0000712c                grid_sys_rtc_get_time
 .text.grid_sys_rtc_get_elapsed_time
                0x00007130        0xe grid/grid_sys.o
                0x00007130                grid_sys_rtc_get_elapsed_time
 .text.grid_sys_rtc_tick_time
                0x0000713e        0x8 grid/grid_sys.o
                0x0000713e                grid_sys_rtc_tick_time
 .text.grid_sys_alert_read_color_changed_flag
                0x00007146        0x4 grid/grid_sys.o
                0x00007146                grid_sys_alert_read_color_changed_flag
 .text.grid_sys_alert_clear_color_changed_flag
                0x0000714a        0x6 grid/grid_sys.o
                0x0000714a                grid_sys_alert_clear_color_changed_flag
 .text.grid_sys_alert_get_color_intensity
                0x00007150       0x42 grid/grid_sys.o
                0x00007150                grid_sys_alert_get_color_intensity
 .text.grid_sys_alert_set_alert
                0x00007192       0x1a grid/grid_sys.o
                0x00007192                grid_sys_alert_set_alert
 .text.grid_sys_alert_get_color_r
                0x000071ac        0x4 grid/grid_sys.o
                0x000071ac                grid_sys_alert_get_color_r
 .text.grid_sys_alert_get_color_g
                0x000071b0        0x4 grid/grid_sys.o
                0x000071b0                grid_sys_alert_get_color_g
 .text.grid_sys_alert_get_color_b
                0x000071b4        0x4 grid/grid_sys.o
                0x000071b4                grid_sys_alert_get_color_b
 .text.grid_sys_read_hex_char_value
                0x000071b8       0x28 grid/grid_sys.o
                0x000071b8                grid_sys_read_hex_char_value
 .text.grid_sys_read_hex_string_value
                0x000071e0       0x30 grid/grid_sys.o
                0x000071e0                grid_sys_read_hex_string_value
 .text.grid_sys_write_hex_string_value
                0x00007210       0x34 grid/grid_sys.o
                0x00007210                grid_sys_write_hex_string_value
 .text.grid_sys_get_hwcfg
                0x00007244       0xe4 grid/grid_sys.o
                0x00007244                grid_sys_get_hwcfg
 .text.grid_sys_bank_select
                0x00007328      0x164 grid/grid_sys.o
                0x00007328                grid_sys_bank_select
 .text.grid_msg_get_checksum
                0x0000748c       0x1a grid/grid_sys.o
                0x0000748c                grid_msg_get_checksum
 *fill*         0x000074a6        0x2 
 .text.grid_msg_set_checksum
                0x000074a8       0x10 grid/grid_sys.o
                0x000074a8                grid_msg_set_checksum
 .text.grid_msg_get_id
                0x000074b8       0x20 grid/grid_sys.o
                0x000074b8                grid_msg_get_id
 .text.grid_msg_get_dx
                0x000074d8       0x20 grid/grid_sys.o
                0x000074d8                grid_msg_get_dx
 .text.grid_msg_get_dy
                0x000074f8       0x20 grid/grid_sys.o
                0x000074f8                grid_msg_get_dy
 .text.grid_msg_get_age
                0x00007518       0x20 grid/grid_sys.o
                0x00007518                grid_msg_get_age
 .text.grid_msg_set_id
                0x00007538       0x10 grid/grid_sys.o
                0x00007538                grid_msg_set_id
 .text.grid_msg_set_dx
                0x00007548       0x10 grid/grid_sys.o
                0x00007548                grid_msg_set_dx
 .text.grid_msg_set_dy
                0x00007558       0x10 grid/grid_sys.o
                0x00007558                grid_msg_set_dy
 .text.grid_msg_set_age
                0x00007568       0x10 grid/grid_sys.o
                0x00007568                grid_msg_set_age
 .text.grid_msg_find_recent
                0x00007578       0x1a grid/grid_sys.o
                0x00007578                grid_msg_find_recent
 .text.grid_msg_push_recent
                0x00007592       0x16 grid/grid_sys.o
                0x00007592                grid_msg_push_recent
 .text.grid_sys_ping
                0x000075a8       0xb4 grid/grid_sys.o
                0x000075a8                grid_sys_ping
 .text.grid_ui_model_init
                0x0000765c       0x20 grid/grid_ui.o
                0x0000765c                grid_ui_model_init
 .text.grid_report_init
                0x0000767c       0x84 grid/grid_ui.o
                0x0000767c                grid_report_init
 .text.grid_report_ui_init
                0x00007700       0x18 grid/grid_ui.o
                0x00007700                grid_report_ui_init
 .text.grid_report_sys_init
                0x00007718       0x80 grid/grid_ui.o
                0x00007718                grid_report_sys_init
 .text.grid_report_render
                0x00007798       0x20 grid/grid_ui.o
                0x00007798                grid_report_render
 .text.grid_report_ui_get_changed_flag
                0x000077b8        0xc grid/grid_ui.o
                0x000077b8                grid_report_ui_get_changed_flag
 .text.grid_report_ui_set_changed_flag
                0x000077c4        0xe grid/grid_ui.o
                0x000077c4                grid_report_ui_set_changed_flag
 .text.grid_report_sys_set_changed_flag
                0x000077d2        0xa grid/grid_ui.o
                0x000077d2                grid_report_sys_set_changed_flag
 .text.grid_report_sys_clear_changed_flag
                0x000077dc        0xa grid/grid_ui.o
                0x000077dc                grid_report_sys_clear_changed_flag
 *fill*         0x000077e6        0x2 
 .text.grid_port_process_ui
                0x000077e8      0x18c grid/grid_ui.o
                0x000077e8                grid_port_process_ui
 .text.adc_async_window_threshold_reached
                0x00007974        0x8 hal/src/hal_adc_async.o
 .text.adc_async_error_occured
                0x0000797c        0x8 hal/src/hal_adc_async.o
 .text.adc_async_channel_conversion_done
                0x00007984       0x68 hal/src/hal_adc_async.o
 .text.adc_async_init
                0x000079ec       0x4c hal/src/hal_adc_async.o
                0x000079ec                adc_async_init
 .text.adc_async_register_channel_buffer
                0x00007a38       0x6c hal/src/hal_adc_async.o
                0x00007a38                adc_async_register_channel_buffer
 .text.adc_async_enable_channel
                0x00007aa4       0x10 hal/src/hal_adc_async.o
                0x00007aa4                adc_async_enable_channel
 .text.adc_async_register_callback
                0x00007ab4       0x3c hal/src/hal_adc_async.o
                0x00007ab4                adc_async_register_callback
 .text.adc_async_read_channel
                0x00007af0       0x74 hal/src/hal_adc_async.o
                0x00007af0                adc_async_read_channel
 .text.adc_async_start_conversion
                0x00007b64       0x10 hal/src/hal_adc_async.o
                0x00007b64                adc_async_start_conversion
 .text.atomic_enter_critical
                0x00007b74        0xe hal/src/hal_atomic.o
                0x00007b74                atomic_enter_critical
 .text.atomic_leave_critical
                0x00007b82        0xc hal/src/hal_atomic.o
                0x00007b82                atomic_leave_critical
 *fill*         0x00007b8e        0x2 
 .text.crc_sync_init
                0x00007b90        0x8 hal/src/hal_crc_sync.o
                0x00007b90                crc_sync_init
 .text.delay_init
                0x00007b98       0x10 hal/src/hal_delay.o
                0x00007b98                delay_init
 .text.delay_us
                0x00007ba8       0x24 hal/src/hal_delay.o
                0x00007ba8                delay_us
 .text.delay_ms
                0x00007bcc       0x24 hal/src/hal_delay.o
                0x00007bcc                delay_ms
 .text.event_system_init
                0x00007bf0        0x8 hal/src/hal_evsys.o
                0x00007bf0                event_system_init
 .text.flash_ready
                0x00007bf8        0x8 hal/src/hal_flash.o
 .text.flash_error
                0x00007c00        0x8 hal/src/hal_flash.o
 .text.flash_init
                0x00007c08       0x20 hal/src/hal_flash.o
                0x00007c08                flash_init
 .text.i2c_m_async_write
                0x00007c28       0x2c hal/src/hal_i2c_m_async.o
 .text.i2c_m_async_read
                0x00007c54       0x2c hal/src/hal_i2c_m_async.o
 .text.i2c_tx_complete
                0x00007c80        0xe hal/src/hal_i2c_m_async.o
 .text.i2c_rx_complete
                0x00007c8e        0xe hal/src/hal_i2c_m_async.o
 .text.i2c_error
                0x00007c9c        0xe hal/src/hal_i2c_m_async.o
 *fill*         0x00007caa        0x2 
 .text.i2c_m_async_init
                0x00007cac       0x50 hal/src/hal_i2c_m_async.o
                0x00007cac                i2c_m_async_init
 .text.io_write
                0x00007cfc        0x4 hal/src/hal_io.o
                0x00007cfc                io_write
 .text.io_read  0x00007d00        0x4 hal/src/hal_io.o
                0x00007d00                io_read
 .text.qspi_dma_init
                0x00007d04        0x8 hal/src/hal_qspi_dma.o
                0x00007d04                qspi_dma_init
 .text._spi_m_async_io_write
                0x00007d0c       0x20 hal/src/hal_spi_m_async.o
 .text._spi_m_async_io_read
                0x00007d2c       0x34 hal/src/hal_spi_m_async.o
 .text._spi_dev_error
                0x00007d60       0x40 hal/src/hal_spi_m_async.o
 .text._spi_dev_complete
                0x00007da0       0x2c hal/src/hal_spi_m_async.o
 .text._spi_dev_rx
                0x00007dcc       0x7c hal/src/hal_spi_m_async.o
 .text._spi_dev_tx
                0x00007e48       0x48 hal/src/hal_spi_m_async.o
 .text.spi_m_async_init
                0x00007e90       0x64 hal/src/hal_spi_m_async.o
                0x00007e90                spi_m_async_init
 .text.spi_m_async_enable
                0x00007ef4        0xc hal/src/hal_spi_m_async.o
                0x00007ef4                spi_m_async_enable
 .text.spi_m_async_set_baudrate
                0x00007f00       0x18 hal/src/hal_spi_m_async.o
                0x00007f00                spi_m_async_set_baudrate
 .text.spi_m_async_set_mode
                0x00007f18       0x18 hal/src/hal_spi_m_async.o
                0x00007f18                spi_m_async_set_mode
 .text.spi_m_async_transfer
                0x00007f30       0x48 hal/src/hal_spi_m_async.o
                0x00007f30                spi_m_async_transfer
 .text.spi_m_async_register_callback
                0x00007f78       0x1c hal/src/hal_spi_m_async.o
                0x00007f78                spi_m_async_register_callback
 .text.spi_m_async_get_io_descriptor
                0x00007f94        0x8 hal/src/hal_spi_m_async.o
                0x00007f94                spi_m_async_get_io_descriptor
 .text._spi_m_dma_io_write
                0x00007f9c       0x18 hal/src/hal_spi_m_dma.o
 .text._spi_m_dma_io_read
                0x00007fb4       0x18 hal/src/hal_spi_m_dma.o
 .text.spi_m_dma_init
                0x00007fcc       0x24 hal/src/hal_spi_m_dma.o
                0x00007fcc                spi_m_dma_init
 .text.spi_m_dma_enable
                0x00007ff0        0xc hal/src/hal_spi_m_dma.o
                0x00007ff0                spi_m_dma_enable
 .text.spi_m_dma_register_callback
                0x00007ffc        0xc hal/src/hal_spi_m_dma.o
                0x00007ffc                spi_m_dma_register_callback
 .text.spi_m_dma_get_io_descriptor
                0x00008008        0x8 hal/src/hal_spi_m_dma.o
                0x00008008                spi_m_dma_get_io_descriptor
 .text.timer_add_timer_task
                0x00008010       0x4c hal/src/hal_timer.o
 .text.timer_process_counted
                0x0000805c       0x6c hal/src/hal_timer.o
 .text.timer_init
                0x000080c8       0x1c hal/src/hal_timer.o
                0x000080c8                timer_init
 .text.timer_start
                0x000080e4       0x24 hal/src/hal_timer.o
                0x000080e4                timer_start
 .text.timer_add_task
                0x00008108       0x78 hal/src/hal_timer.o
                0x00008108                timer_add_task
 .text.usart_transmission_complete
                0x00008180       0x10 hal/src/hal_usart_async.o
 .text.usart_error
                0x00008190       0x10 hal/src/hal_usart_async.o
 .text.usart_fill_rx_buffer
                0x000081a0       0x20 hal/src/hal_usart_async.o
 .text.usart_async_write
                0x000081c0       0x34 hal/src/hal_usart_async.o
 .text.usart_process_byte_sent
                0x000081f4       0x34 hal/src/hal_usart_async.o
 .text.usart_async_read
                0x00008228       0x54 hal/src/hal_usart_async.o
 .text.usart_async_init
                0x0000827c       0x60 hal/src/hal_usart_async.o
                0x0000827c                usart_async_init
 .text.usart_async_enable
                0x000082dc       0x10 hal/src/hal_usart_async.o
                0x000082dc                usart_async_enable
 .text.usart_async_get_io_descriptor
                0x000082ec        0x6 hal/src/hal_usart_async.o
                0x000082ec                usart_async_get_io_descriptor
 *fill*         0x000082f2        0x2 
 .text.usart_async_register_callback
                0x000082f4       0x44 hal/src/hal_usart_async.o
                0x000082f4                usart_async_register_callback
 .text.usart_sync_write
                0x00008338       0x50 hal/src/hal_usart_sync.o
 .text.usart_sync_read
                0x00008388       0x38 hal/src/hal_usart_sync.o
 .text.usart_sync_init
                0x000083c0       0x24 hal/src/hal_usart_sync.o
                0x000083c0                usart_sync_init
 .text.usart_sync_enable
                0x000083e4       0x10 hal/src/hal_usart_sync.o
                0x000083e4                usart_sync_enable
 .text._usb_d_find_ep
                0x000083f4       0x30 hal/src/hal_usb_device.o
 .text.usb_d_dummy_cb_false
                0x00008424        0x4 hal/src/hal_usb_device.o
 .text.usb_d_cb_trans_more
                0x00008428       0x30 hal/src/hal_usb_device.o
 .text._usb_d_cb_trans_done
                0x00008458      0x108 hal/src/hal_usb_device.o
 .text.usb_d_cb_trans_setup
                0x00008560       0x8c hal/src/hal_usb_device.o
 .text.usb_d_init
                0x000085ec       0x68 hal/src/hal_usb_device.o
                0x000085ec                usb_d_init
 .text.usb_d_register_callback
                0x00008654        0x8 hal/src/hal_usb_device.o
                0x00008654                usb_d_register_callback
 .text.usb_d_enable
                0x0000865c        0x8 hal/src/hal_usb_device.o
                0x0000865c                usb_d_enable
 .text.usb_d_attach
                0x00008664        0x8 hal/src/hal_usb_device.o
                0x00008664                usb_d_attach
 .text.usb_d_get_frame_num
                0x0000866c        0x8 hal/src/hal_usb_device.o
                0x0000866c                usb_d_get_frame_num
 .text.usb_d_set_address
                0x00008674        0x8 hal/src/hal_usb_device.o
                0x00008674                usb_d_set_address
 .text.usb_d_ep_init
                0x0000867c       0x50 hal/src/hal_usb_device.o
                0x0000867c                usb_d_ep_init
 .text.usb_d_ep0_init
                0x000086cc       0x10 hal/src/hal_usb_device.o
                0x000086cc                usb_d_ep0_init
 .text.usb_d_ep_deinit
                0x000086dc       0x2c hal/src/hal_usb_device.o
                0x000086dc                usb_d_ep_deinit
 .text.usb_d_ep_enable
                0x00008708       0x40 hal/src/hal_usb_device.o
                0x00008708                usb_d_ep_enable
 .text.usb_d_ep_transfer
                0x00008748       0xf8 hal/src/hal_usb_device.o
                0x00008748                usb_d_ep_transfer
 .text.usb_d_ep_halt
                0x00008840       0x64 hal/src/hal_usb_device.o
                0x00008840                usb_d_ep_halt
 .text.usb_d_ep_register_callback
                0x000088a4       0x4c hal/src/hal_usb_device.o
                0x000088a4                usb_d_ep_register_callback
 .text.is_list_element
                0x000088f0        0xe hal/utils/src/utils_list.o
                0x000088f0                is_list_element
 .text.list_insert_as_head
                0x000088fe        0x8 hal/utils/src/utils_list.o
                0x000088fe                list_insert_as_head
 .text.list_insert_after
                0x00008906        0x8 hal/utils/src/utils_list.o
                0x00008906                list_insert_after
 .text.list_insert_at_end
                0x0000890e       0x18 hal/utils/src/utils_list.o
                0x0000890e                list_insert_at_end
 .text.list_remove_head
                0x00008926        0xc hal/utils/src/utils_list.o
                0x00008926                list_remove_head
 .text.ringbuffer_init
                0x00008932       0x18 hal/utils/src/utils_ringbuffer.o
                0x00008932                ringbuffer_init
 .text.ringbuffer_get
                0x0000894a       0x22 hal/utils/src/utils_ringbuffer.o
                0x0000894a                ringbuffer_get
 .text.ringbuffer_put
                0x0000896c       0x26 hal/utils/src/utils_ringbuffer.o
                0x0000896c                ringbuffer_put
 .text.ringbuffer_num
                0x00008992        0x8 hal/utils/src/utils_ringbuffer.o
                0x00008992                ringbuffer_num
 *fill*         0x0000899a        0x2 
 .text._sbrk    0x0000899c       0x1c hal/utils/src/utils_syscalls.o
                0x0000899c                _sbrk
 .text._close   0x000089b8        0x6 hal/utils/src/utils_syscalls.o
                0x000089b8                _close
 .text._fstat   0x000089be        0xa hal/utils/src/utils_syscalls.o
                0x000089be                _fstat
 .text._isatty  0x000089c8        0x4 hal/utils/src/utils_syscalls.o
                0x000089c8                _isatty
 .text._lseek   0x000089cc        0x4 hal/utils/src/utils_syscalls.o
                0x000089cc                _lseek
 .text.__NVIC_DisableIRQ
                0x000089d0       0x28 hpl/adc/hpl_adc.o
 .text.__NVIC_ClearPendingIRQ
                0x000089f8       0x20 hpl/adc/hpl_adc.o
 .text.hri_adc_wait_for_sync
                0x00008a18        0x8 hpl/adc/hpl_adc.o
 .text.hri_adc_set_CTRLA_ENABLE_bit
                0x00008a20       0x14 hpl/adc/hpl_adc.o
 .text.hri_adc_clear_CTRLA_ENABLE_bit
                0x00008a34       0x18 hpl/adc/hpl_adc.o
 .text._adc_get_regs
                0x00008a4c       0x14 hpl/adc/hpl_adc.o
 .text._adc_interrupt_handler
                0x00008a60       0x4e hpl/adc/hpl_adc.o
 .text._adc_get_irq_num.isra.0
                0x00008aae       0x14 hpl/adc/hpl_adc.o
 *fill*         0x00008ac2        0x2 
 .text._adc_init
                0x00008ac4       0xc8 hpl/adc/hpl_adc.o
 .text._adc_async_init
                0x00008b8c       0xb4 hpl/adc/hpl_adc.o
                0x00008b8c                _adc_async_init
 .text._adc_async_enable_channel
                0x00008c40        0xc hpl/adc/hpl_adc.o
                0x00008c40                _adc_async_enable_channel
 .text._adc_async_get_data_size
                0x00008c4c       0x12 hpl/adc/hpl_adc.o
                0x00008c4c                _adc_async_get_data_size
 *fill*         0x00008c5e        0x2 
 .text._adc_async_convert
                0x00008c60       0x18 hpl/adc/hpl_adc.o
                0x00008c60                _adc_async_convert
 .text._adc_async_set_irq_state
                0x00008c78       0x20 hpl/adc/hpl_adc.o
                0x00008c78                _adc_async_set_irq_state
 .text.ADC0_1_Handler
                0x00008c98       0x10 hpl/adc/hpl_adc.o
                0x00008c98                ADC0_1_Handler
 .text.ADC0_0_Handler
                0x00008ca8        0x8 hpl/adc/hpl_adc.o
                0x00008ca8                ADC0_0_Handler
 .text.ADC1_1_Handler
                0x00008cb0       0x10 hpl/adc/hpl_adc.o
                0x00008cb0                ADC1_1_Handler
 .text.ADC1_0_Handler
                0x00008cc0        0x8 hpl/adc/hpl_adc.o
                0x00008cc0                ADC1_0_Handler
 .text._irq_set
                0x00008cc8       0x1c hpl/core/hpl_core_m4.o
                0x00008cc8                _irq_set
 .text._get_cycles_for_us
                0x00008ce4        0x6 hpl/core/hpl_core_m4.o
                0x00008ce4                _get_cycles_for_us
 *fill*         0x00008cea        0x2 
 .text._get_cycles_for_ms
                0x00008cec        0xc hpl/core/hpl_core_m4.o
                0x00008cec                _get_cycles_for_ms
 .text._init_chip
                0x00008cf8       0x5c hpl/core/hpl_init.o
                0x00008cf8                _init_chip
 .text._dmac_handler
                0x00008d54       0x50 hpl/dmac/hpl_dmac.o
 .text._dma_init
                0x00008da4       0xd0 hpl/dmac/hpl_dmac.o
                0x00008da4                _dma_init
 .text._dma_set_irq_state
                0x00008e74       0x28 hpl/dmac/hpl_dmac.o
                0x00008e74                _dma_set_irq_state
 .text._dma_set_destination_address
                0x00008e9c       0x10 hpl/dmac/hpl_dmac.o
                0x00008e9c                _dma_set_destination_address
 .text._dma_set_source_address
                0x00008eac       0x10 hpl/dmac/hpl_dmac.o
                0x00008eac                _dma_set_source_address
 .text._dma_srcinc_enable
                0x00008ebc       0x1c hpl/dmac/hpl_dmac.o
                0x00008ebc                _dma_srcinc_enable
 .text._dma_set_data_amount
                0x00008ed8       0x44 hpl/dmac/hpl_dmac.o
                0x00008ed8                _dma_set_data_amount
 .text._dma_enable_transaction
                0x00008f1c       0x3c hpl/dmac/hpl_dmac.o
                0x00008f1c                _dma_enable_transaction
 .text._dma_get_channel_resource
                0x00008f58       0x14 hpl/dmac/hpl_dmac.o
                0x00008f58                _dma_get_channel_resource
 .text.DMAC_0_Handler
                0x00008f6c        0x8 hpl/dmac/hpl_dmac.o
                0x00008f6c                DMAC_0_Handler
 .text.DMAC_1_Handler
                0x00008f74        0x8 hpl/dmac/hpl_dmac.o
                0x00008f74                DMAC_1_Handler
 .text.DMAC_2_Handler
                0x00008f7c        0x8 hpl/dmac/hpl_dmac.o
                0x00008f7c                DMAC_2_Handler
 .text.DMAC_3_Handler
                0x00008f84        0x8 hpl/dmac/hpl_dmac.o
                0x00008f84                DMAC_3_Handler
 .text.DMAC_4_Handler
                0x00008f8c        0x8 hpl/dmac/hpl_dmac.o
                0x00008f8c                DMAC_4_Handler
 .text._crc_sync_init
                0x00008f94        0x6 hpl/dsu/hpl_dsu.o
                0x00008f94                _crc_sync_init
 *fill*         0x00008f9a        0x2 
 .text._event_system_init
                0x00008f9c       0x58 hpl/evsys/hpl_evsys.o
                0x00008f9c                _event_system_init
 .text.hri_gclk_wait_for_sync.constprop.0
                0x00008ff4       0x14 hpl/gclk/hpl_gclk.o
 .text._gclk_init_generators_by_fref
                0x00009008       0x58 hpl/gclk/hpl_gclk.o
                0x00009008                _gclk_init_generators_by_fref
 .text._mclk_init
                0x00009060        0xc hpl/mclk/hpl_mclk.o
                0x00009060                _mclk_init
 .text._flash_init
                0x0000906c       0x4c hpl/nvmctrl/hpl_nvmctrl.o
                0x0000906c                _flash_init
 .text.NVMCTRL_1_Handler
                0x000090b8       0x2c hpl/nvmctrl/hpl_nvmctrl.o
                0x000090b8                NVMCTRL_1_Handler
 .text.NVMCTRL_0_Handler
                0x000090e4        0x8 hpl/nvmctrl/hpl_nvmctrl.o
                0x000090e4                NVMCTRL_0_Handler
 .text._osc32kctrl_init_sources
                0x000090ec       0x14 hpl/osc32kctrl/hpl_osc32kctrl.o
                0x000090ec                _osc32kctrl_init_sources
 .text._oscctrl_init_sources
                0x00009100        0x2 hpl/oscctrl/hpl_oscctrl.o
                0x00009100                _oscctrl_init_sources
 *fill*         0x00009102        0x2 
 .text._oscctrl_init_referenced_generators
                0x00009104       0xfc hpl/oscctrl/hpl_oscctrl.o
                0x00009104                _oscctrl_init_referenced_generators
 .text._qspi_dma_tx_complete
                0x00009200       0x14 hpl/qspi/hpl_qspi.o
 .text._qspi_dma_rx_complete
                0x00009214        0x8 hpl/qspi/hpl_qspi.o
 .text._qspi_dma_error_occured
                0x0000921c        0xa hpl/qspi/hpl_qspi.o
 *fill*         0x00009226        0x2 
 .text._qspi_dma_init
                0x00009228       0x58 hpl/qspi/hpl_qspi.o
                0x00009228                _qspi_dma_init
 .text.RAMECC_Handler
                0x00009280       0x3c hpl/ramecc/hpl_ramecc.o
                0x00009280                RAMECC_Handler
 .text.hri_rtcmode0_wait_for_sync
                0x000092bc        0x8 hpl/rtc/hpl_rtc.o
 .text._rtc_timer_stop
                0x000092c4       0x1c hpl/rtc/hpl_rtc.o
                0x000092c4                _rtc_timer_stop
 .text._rtc_timer_set_period
                0x000092e0       0x10 hpl/rtc/hpl_rtc.o
                0x000092e0                _rtc_timer_set_period
 .text._rtc_timer_get_period
                0x000092f0       0x14 hpl/rtc/hpl_rtc.o
                0x000092f0                _rtc_timer_get_period
 .text._rtc_timer_is_started
                0x00009304       0x1c hpl/rtc/hpl_rtc.o
                0x00009304                _rtc_timer_is_started
 .text._rtc_timer_set_irq
                0x00009320        0x2 hpl/rtc/hpl_rtc.o
                0x00009320                _rtc_timer_set_irq
 *fill*         0x00009322        0x2 
 .text._rtc_timer_start
                0x00009324       0x3c hpl/rtc/hpl_rtc.o
                0x00009324                _rtc_timer_start
 .text._rtc_timer_deinit
                0x00009360       0x28 hpl/rtc/hpl_rtc.o
                0x00009360                _rtc_timer_deinit
 .text._rtc_timer_init
                0x00009388       0x48 hpl/rtc/hpl_rtc.o
                0x00009388                _rtc_timer_init
 .text._rtc_get_timer
                0x000093d0        0x8 hpl/rtc/hpl_rtc.o
                0x000093d0                _rtc_get_timer
 .text.RTC_Handler
                0x000093d8       0x24 hpl/rtc/hpl_rtc.o
                0x000093d8                RTC_Handler
 .text.__NVIC_EnableIRQ
                0x000093fc       0x1c hpl/sercom/hpl_sercom.o
 .text.__NVIC_DisableIRQ
                0x00009418       0x28 hpl/sercom/hpl_sercom.o
 .text.__NVIC_ClearPendingIRQ
                0x00009440       0x20 hpl/sercom/hpl_sercom.o
 .text.hri_sercomi2cm_wait_for_sync
                0x00009460        0x8 hpl/sercom/hpl_sercom.o
 .text.hri_sercomspi_wait_for_sync
                0x00009468        0x8 hpl/sercom/hpl_sercom.o
 .text.hri_sercomusart_wait_for_sync
                0x00009470        0x8 hpl/sercom/hpl_sercom.o
 .text.hri_sercomi2cm_clear_CTRLA_ENABLE_bit
                0x00009478       0x14 hpl/sercom/hpl_sercom.o
 .text.hri_sercomspi_clear_CTRLA_ENABLE_bit
                0x0000948c       0x14 hpl/sercom/hpl_sercom.o
 .text.hri_sercomusart_clear_CTRLA_ENABLE_bit
                0x000094a0       0x14 hpl/sercom/hpl_sercom.o
 .text._sercom_get_hardware_index
                0x000094b4       0x34 hpl/sercom/hpl_sercom.o
 .text._sercom_usart_interrupt_handler
                0x000094e8       0x70 hpl/sercom/hpl_sercom.o
 .text._sercom_init_irq_param
                0x00009558       0x60 hpl/sercom/hpl_sercom.o
 .text._get_i2cm_index
                0x000095b8       0x14 hpl/sercom/hpl_sercom.o
 .text._sercom_get_irq_num
                0x000095cc       0x14 hpl/sercom/hpl_sercom.o
 .text._spi_sync_enable
                0x000095e0       0x28 hpl/sercom/hpl_sercom.o
 .text._spi_get_regs
                0x00009608       0x2c hpl/sercom/hpl_sercom.o
 .text._spi_get_tx_dma_channel
                0x00009634       0x14 hpl/sercom/hpl_sercom.o
 .text._spi_get_rx_dma_channel
                0x00009648       0x14 hpl/sercom/hpl_sercom.o
 .text._spi_dma_rx_complete
                0x0000965c        0xa hpl/sercom/hpl_sercom.o
 .text._spi_dma_tx_complete
                0x00009666        0xa hpl/sercom/hpl_sercom.o
 .text._spi_dma_error_occured
                0x00009670        0xa hpl/sercom/hpl_sercom.o
 *fill*         0x0000967a        0x2 
 .text._sercom_i2c_send_stop
                0x0000967c       0x14 hpl/sercom/hpl_sercom.o
 .text._sercom_i2c_sync_analyse_flags
                0x00009690      0x16c hpl/sercom/hpl_sercom.o
 .text._spi_load_regs_master
                0x000097fc       0x3c hpl/sercom/hpl_sercom.o
 .text._spi_set_mode
                0x00009838       0x34 hpl/sercom/hpl_sercom.o
 .text._i2c_m_sync_init_impl
                0x0000986c       0xb0 hpl/sercom/hpl_sercom.o
 .text._usart_init
                0x0000991c       0xdc hpl/sercom/hpl_sercom.o
 .text._usart_sync_init
                0x000099f8        0xc hpl/sercom/hpl_sercom.o
                0x000099f8                _usart_sync_init
 .text._usart_async_init
                0x00009a04       0x64 hpl/sercom/hpl_sercom.o
                0x00009a04                _usart_async_init
 .text._usart_sync_enable
                0x00009a68       0x14 hpl/sercom/hpl_sercom.o
                0x00009a68                _usart_sync_enable
 .text._usart_async_enable
                0x00009a7c       0x14 hpl/sercom/hpl_sercom.o
                0x00009a7c                _usart_async_enable
 .text._usart_sync_write_byte
                0x00009a90        0x6 hpl/sercom/hpl_sercom.o
                0x00009a90                _usart_sync_write_byte
 .text._usart_async_write_byte
                0x00009a96        0x6 hpl/sercom/hpl_sercom.o
                0x00009a96                _usart_async_write_byte
 .text._usart_sync_read_byte
                0x00009a9c        0x8 hpl/sercom/hpl_sercom.o
                0x00009a9c                _usart_sync_read_byte
 .text._usart_sync_is_ready_to_send
                0x00009aa4        0xa hpl/sercom/hpl_sercom.o
                0x00009aa4                _usart_sync_is_ready_to_send
 .text._usart_sync_is_transmit_done
                0x00009aae        0xa hpl/sercom/hpl_sercom.o
                0x00009aae                _usart_sync_is_transmit_done
 .text._usart_sync_is_byte_received
                0x00009ab8        0xa hpl/sercom/hpl_sercom.o
                0x00009ab8                _usart_sync_is_byte_received
 .text._usart_async_enable_byte_sent_irq
                0x00009ac2        0x8 hpl/sercom/hpl_sercom.o
                0x00009ac2                _usart_async_enable_byte_sent_irq
 .text._usart_async_enable_tx_done_irq
                0x00009aca        0x8 hpl/sercom/hpl_sercom.o
                0x00009aca                _usart_async_enable_tx_done_irq
 .text._usart_async_set_irq_state
                0x00009ad2       0x32 hpl/sercom/hpl_sercom.o
                0x00009ad2                _usart_async_set_irq_state
 .text._i2c_m_async_init
                0x00009b04       0x64 hpl/sercom/hpl_sercom.o
                0x00009b04                _i2c_m_async_init
 .text._i2c_m_async_transfer
                0x00009b68       0xc0 hpl/sercom/hpl_sercom.o
                0x00009b68                _i2c_m_async_transfer
 .text._i2c_m_async_register_callback
                0x00009c28       0x1a hpl/sercom/hpl_sercom.o
                0x00009c28                _i2c_m_async_register_callback
 *fill*         0x00009c42        0x2 
 .text.SERCOM0_3_Handler
                0x00009c44       0x10 hpl/sercom/hpl_sercom.o
                0x00009c44                SERCOM0_3_Handler
 .text.SERCOM0_2_Handler
                0x00009c54        0x8 hpl/sercom/hpl_sercom.o
                0x00009c54                SERCOM0_2_Handler
 .text.SERCOM0_1_Handler
                0x00009c5c        0x8 hpl/sercom/hpl_sercom.o
                0x00009c5c                SERCOM0_1_Handler
 .text.SERCOM0_0_Handler
                0x00009c64        0x8 hpl/sercom/hpl_sercom.o
                0x00009c64                SERCOM0_0_Handler
 .text.SERCOM1_3_Handler
                0x00009c6c       0x10 hpl/sercom/hpl_sercom.o
                0x00009c6c                SERCOM1_3_Handler
 .text.SERCOM1_2_Handler
                0x00009c7c        0x8 hpl/sercom/hpl_sercom.o
                0x00009c7c                SERCOM1_2_Handler
 .text.SERCOM1_1_Handler
                0x00009c84        0x8 hpl/sercom/hpl_sercom.o
                0x00009c84                SERCOM1_1_Handler
 .text.SERCOM1_0_Handler
                0x00009c8c        0x8 hpl/sercom/hpl_sercom.o
                0x00009c8c                SERCOM1_0_Handler
 .text.SERCOM3_3_Handler
                0x00009c94       0x44 hpl/sercom/hpl_sercom.o
                0x00009c94                SERCOM3_3_Handler
 .text.SERCOM3_2_Handler
                0x00009cd8        0x8 hpl/sercom/hpl_sercom.o
                0x00009cd8                SERCOM3_2_Handler
 .text.SERCOM3_1_Handler
                0x00009ce0        0x8 hpl/sercom/hpl_sercom.o
                0x00009ce0                SERCOM3_1_Handler
 .text.SERCOM3_0_Handler
                0x00009ce8        0x8 hpl/sercom/hpl_sercom.o
                0x00009ce8                SERCOM3_0_Handler
 .text.SERCOM4_3_Handler
                0x00009cf0       0x10 hpl/sercom/hpl_sercom.o
                0x00009cf0                SERCOM4_3_Handler
 .text.SERCOM4_2_Handler
                0x00009d00        0x8 hpl/sercom/hpl_sercom.o
                0x00009d00                SERCOM4_2_Handler
 .text.SERCOM4_1_Handler
                0x00009d08        0x8 hpl/sercom/hpl_sercom.o
                0x00009d08                SERCOM4_1_Handler
 .text.SERCOM4_0_Handler
                0x00009d10        0x8 hpl/sercom/hpl_sercom.o
                0x00009d10                SERCOM4_0_Handler
 .text.SERCOM5_3_Handler
                0x00009d18       0x64 hpl/sercom/hpl_sercom.o
                0x00009d18                SERCOM5_3_Handler
 .text.SERCOM5_2_Handler
                0x00009d7c        0x8 hpl/sercom/hpl_sercom.o
                0x00009d7c                SERCOM5_2_Handler
 .text.SERCOM5_1_Handler
                0x00009d84        0x8 hpl/sercom/hpl_sercom.o
                0x00009d84                SERCOM5_1_Handler
 .text.SERCOM5_0_Handler
                0x00009d8c        0x8 hpl/sercom/hpl_sercom.o
                0x00009d8c                SERCOM5_0_Handler
 .text.SERCOM6_3_Handler
                0x00009d94       0x10 hpl/sercom/hpl_sercom.o
                0x00009d94                SERCOM6_3_Handler
 .text.SERCOM6_2_Handler
                0x00009da4        0x8 hpl/sercom/hpl_sercom.o
                0x00009da4                SERCOM6_2_Handler
 .text.SERCOM6_1_Handler
                0x00009dac        0x8 hpl/sercom/hpl_sercom.o
                0x00009dac                SERCOM6_1_Handler
 .text.SERCOM6_0_Handler
                0x00009db4        0x8 hpl/sercom/hpl_sercom.o
                0x00009db4                SERCOM6_0_Handler
 .text._spi_m_sync_init
                0x00009dbc       0xd0 hpl/sercom/hpl_sercom.o
                0x00009dbc                _spi_m_sync_init
 .text._spi_m_async_init
                0x00009e8c       0x58 hpl/sercom/hpl_sercom.o
                0x00009e8c                _spi_m_async_init
 .text._spi_s_async_enable
                0x00009ee4       0x34 hpl/sercom/hpl_sercom.o
                0x00009ee4                _spi_s_async_enable
 .text._spi_m_async_enable
                0x00009f18        0x8 hpl/sercom/hpl_sercom.o
                0x00009f18                _spi_m_async_enable
 .text._spi_s_async_set_mode
                0x00009f20        0xc hpl/sercom/hpl_sercom.o
                0x00009f20                _spi_s_async_set_mode
 .text._spi_m_async_set_mode
                0x00009f2c        0x8 hpl/sercom/hpl_sercom.o
                0x00009f2c                _spi_m_async_set_mode
 .text._spi_m_async_set_baudrate
                0x00009f34       0x14 hpl/sercom/hpl_sercom.o
                0x00009f34                _spi_m_async_set_baudrate
 .text._spi_m_async_enable_tx
                0x00009f48       0x10 hpl/sercom/hpl_sercom.o
                0x00009f48                _spi_m_async_enable_tx
 .text._spi_m_async_enable_rx
                0x00009f58       0x10 hpl/sercom/hpl_sercom.o
                0x00009f58                _spi_m_async_enable_rx
 .text._spi_m_async_enable_tx_complete
                0x00009f68       0x10 hpl/sercom/hpl_sercom.o
                0x00009f68                _spi_m_async_enable_tx_complete
 .text._spi_m_async_write_one
                0x00009f78        0x8 hpl/sercom/hpl_sercom.o
                0x00009f78                _spi_m_async_write_one
 .text._spi_m_async_read_one
                0x00009f80        0x8 hpl/sercom/hpl_sercom.o
                0x00009f80                _spi_m_async_read_one
 .text._spi_m_async_register_callback
                0x00009f88        0xa hpl/sercom/hpl_sercom.o
                0x00009f88                _spi_m_async_register_callback
 .text._spi_m_async_set_irq_state
                0x00009f92       0x12 hpl/sercom/hpl_sercom.o
                0x00009f92                _spi_m_async_set_irq_state
 .text._spi_m_dma_init
                0x00009fa4       0xc4 hpl/sercom/hpl_sercom.o
                0x00009fa4                _spi_m_dma_init
 .text._spi_m_dma_enable
                0x0000a068        0xc hpl/sercom/hpl_sercom.o
                0x0000a068                _spi_m_dma_enable
 .text._spi_m_dma_register_callback
                0x0000a074       0x64 hpl/sercom/hpl_sercom.o
                0x0000a074                _spi_m_dma_register_callback
 .text._spi_m_dma_transfer
                0x0000a0d8       0xf8 hpl/sercom/hpl_sercom.o
                0x0000a0d8                _spi_m_dma_transfer
 .text._delay_init
                0x0000a1d0       0x14 hpl/systick/hpl_systick.o
                0x0000a1d0                _delay_init
 .text._delay_cycles
                0x0000a1e4       0x38 hpl/systick/hpl_systick.o
                0x0000a1e4                _delay_cycles
 .text.__NVIC_DisableIRQ
                0x0000a21c       0x28 hpl/tc/hpl_tc.o
 .text.hri_tc_wait_for_sync
                0x0000a244        0x8 hpl/tc/hpl_tc.o
 .text._tc_timer_start
                0x0000a24c       0x14 hpl/tc/hpl_tc.o
                0x0000a24c                _tc_timer_start
 .text._tc_timer_get_period
                0x0000a260       0x50 hpl/tc/hpl_tc.o
                0x0000a260                _tc_timer_get_period
 .text._tc_timer_is_started
                0x0000a2b0       0x18 hpl/tc/hpl_tc.o
                0x0000a2b0                _tc_timer_is_started
 .text.tc_interrupt_handler
                0x0000a2c8       0x12 hpl/tc/hpl_tc.o
 *fill*         0x0000a2da        0x2 
 .text.get_tc_index
                0x0000a2dc       0x50 hpl/tc/hpl_tc.o
 .text._tc_timer_set_irq
                0x0000a32c       0x28 hpl/tc/hpl_tc.o
                0x0000a32c                _tc_timer_set_irq
 .text._tc_timer_stop
                0x0000a354       0x14 hpl/tc/hpl_tc.o
                0x0000a354                _tc_timer_stop
 .text._tc_timer_deinit
                0x0000a368       0x4c hpl/tc/hpl_tc.o
                0x0000a368                _tc_timer_deinit
 .text._tc_timer_init
                0x0000a3b4      0x150 hpl/tc/hpl_tc.o
                0x0000a3b4                _tc_timer_init
 .text._tc_timer_set_period
                0x0000a504       0x3c hpl/tc/hpl_tc.o
                0x0000a504                _tc_timer_set_period
 .text._tc_get_timer
                0x0000a540        0x8 hpl/tc/hpl_tc.o
                0x0000a540                _tc_get_timer
 .text.TC0_Handler
                0x0000a548       0x10 hpl/tc/hpl_tc.o
                0x0000a548                TC0_Handler
 .text.TC1_Handler
                0x0000a558       0x10 hpl/tc/hpl_tc.o
                0x0000a558                TC1_Handler
 .text.TC2_Handler
                0x0000a568       0x10 hpl/tc/hpl_tc.o
                0x0000a568                TC2_Handler
 .text.TC3_Handler
                0x0000a578       0x10 hpl/tc/hpl_tc.o
                0x0000a578                TC3_Handler
 .text._dummy_func_no_return
                0x0000a588        0x4 hpl/usb/hpl_usb.o
 .text._usb_d_dev_wait_dfll_rdy
                0x0000a58c       0x24 hpl/usb/hpl_usb.o
 .text._usb_d_dev_ept
                0x0000a5b0       0x18 hpl/usb/hpl_usb.o
 .text._usb_d_dev_handle_setup
                0x0000a5c8       0x84 hpl/usb/hpl_usb.o
 .text._usb_d_dev_handle_stall
                0x0000a64c       0x28 hpl/usb/hpl_usb.o
 .text._usb_d_dev_trans_done
                0x0000a674       0x24 hpl/usb/hpl_usb.o
 .text._usb_d_dev_trans_stop
                0x0000a698       0x64 hpl/usb/hpl_usb.o
 .text._usb_d_dev_handle_trfail
                0x0000a6fc       0xec hpl/usb/hpl_usb.o
 .text._usb_d_dev_reset_epts
                0x0000a7e8       0x3c hpl/usb/hpl_usb.o
 .text._usb_d_dev_in_next
                0x0000a824      0x158 hpl/usb/hpl_usb.o
 .text._usb_d_dev_out_next
                0x0000a97c      0x1ac hpl/usb/hpl_usb.o
 .text._usb_d_dev_handler
                0x0000ab28      0x1dc hpl/usb/hpl_usb.o
 .text._usbd_ep_pcksize_size
                0x0000ad04       0x3e hpl/usb/hpl_usb.o
 *fill*         0x0000ad42        0x2 
 .text._usb_d_dev_init
                0x0000ad44       0xe8 hpl/usb/hpl_usb.o
                0x0000ad44                _usb_d_dev_init
 .text._usb_d_dev_enable
                0x0000ae2c       0x5c hpl/usb/hpl_usb.o
                0x0000ae2c                _usb_d_dev_enable
 .text._usb_d_dev_attach
                0x0000ae88       0x12 hpl/usb/hpl_usb.o
                0x0000ae88                _usb_d_dev_attach
 .text._usb_d_dev_set_address
                0x0000ae9a        0xc hpl/usb/hpl_usb.o
                0x0000ae9a                _usb_d_dev_set_address
 .text._usb_d_dev_get_frame_n
                0x0000aea6        0xc hpl/usb/hpl_usb.o
                0x0000aea6                _usb_d_dev_get_frame_n
 *fill*         0x0000aeb2        0x2 
 .text._usb_d_dev_ep_init
                0x0000aeb4       0xc0 hpl/usb/hpl_usb.o
                0x0000aeb4                _usb_d_dev_ep_init
 .text._usb_d_dev_ep_deinit
                0x0000af74       0x84 hpl/usb/hpl_usb.o
                0x0000af74                _usb_d_dev_ep_deinit
 .text._usb_d_dev_ep_enable
                0x0000aff8      0x17c hpl/usb/hpl_usb.o
                0x0000aff8                _usb_d_dev_ep_enable
 .text._usb_d_dev_ep_stall
                0x0000b174       0xe4 hpl/usb/hpl_usb.o
                0x0000b174                _usb_d_dev_ep_stall
 .text._usb_d_dev_ep_read_req
                0x0000b258       0x54 hpl/usb/hpl_usb.o
                0x0000b258                _usb_d_dev_ep_read_req
 .text._usb_d_dev_ep_trans
                0x0000b2ac      0x108 hpl/usb/hpl_usb.o
                0x0000b2ac                _usb_d_dev_ep_trans
 .text._usb_d_dev_register_callback
                0x0000b3b4       0x24 hpl/usb/hpl_usb.o
                0x0000b3b4                _usb_d_dev_register_callback
 .text._usb_d_dev_register_ep_callback
                0x0000b3d8       0x2c hpl/usb/hpl_usb.o
                0x0000b3d8                _usb_d_dev_register_ep_callback
 .text.USB_0_Handler
                0x0000b404        0x8 hpl/usb/hpl_usb.o
                0x0000b404                USB_0_Handler
 .text.USB_1_Handler
                0x0000b40c        0x8 hpl/usb/hpl_usb.o
                0x0000b40c                USB_1_Handler
 .text.USB_2_Handler
                0x0000b414        0x8 hpl/usb/hpl_usb.o
                0x0000b414                USB_2_Handler
 .text.USB_3_Handler
                0x0000b41c        0x8 hpl/usb/hpl_usb.o
                0x0000b41c                USB_3_Handler
 .text._wdt_init
                0x0000b424       0x42 hpl/wdt/hpl_wdt.o
                0x0000b424                _wdt_init
 *fill*         0x0000b466        0x2 
 .text.RTC_Scheduler_ping_cb
                0x0000b468       0x18 main.o
 .text.RTC_Scheduler_heartbeat_cb
                0x0000b480       0x34 main.o
 .text.RTC_Scheduler_realtime_cb
                0x0000b4b4       0x8c main.o
 .text.gpio_set_pin_direction.constprop.3
                0x0000b540       0x28 main.o
 .text.grid_port_receive_task
                0x0000b568       0x88 main.o
                0x0000b568                grid_port_receive_task
 .text.grid_port_receive_decode
                0x0000b5f0      0x3d0 main.o
                0x0000b5f0                grid_port_receive_decode
 .text.grid_port_receive_complete_task
                0x0000b9c0       0x30 main.o
                0x0000b9c0                grid_port_receive_complete_task
 .text.init_timer
                0x0000b9f0       0x6c main.o
                0x0000b9f0                init_timer
 .text.startup.main
                0x0000ba5c      0x324 main.o
                0x0000ba5c                main
 .text._read    0x0000bd80       0x20 stdio_redirect/gcc/read.o
                0x0000bd80                _read
 .text._write   0x0000bda0       0x24 stdio_redirect/gcc/write.o
                0x0000bda0                _write
 .text.stdio_io_init
                0x0000bdc4       0x2c stdio_redirect/stdio_io.o
                0x0000bdc4                stdio_io_init
 .text.stdio_io_read
                0x0000bdf0       0x1c stdio_redirect/stdio_io.o
                0x0000bdf0                stdio_io_read
 .text.stdio_io_write
                0x0000be0c       0x1c stdio_redirect/stdio_io.o
                0x0000be0c                stdio_io_write
 .text.stdio_redirect_init
                0x0000be28       0x20 stdio_start.o
                0x0000be28                stdio_redirect_init
 .text.cdcdf_acm_req
                0x0000be48       0xdc usb/class/cdc/device/cdcdf_acm.o
 .text.cdcdf_acm_ctrl
                0x0000bf24      0x138 usb/class/cdc/device/cdcdf_acm.o
 .text.cdcdf_acm_init
                0x0000c05c       0x44 usb/class/cdc/device/cdcdf_acm.o
                0x0000c05c                cdcdf_acm_init
 .text.cdcdf_acm_write
                0x0000c0a0       0x2c usb/class/cdc/device/cdcdf_acm.o
                0x0000c0a0                cdcdf_acm_write
 .text.hid_keyboard_req
                0x0000c0cc       0x88 usb/class/hid/device/hiddf_keyboard.o
 .text.hid_keyboard_ctrl
                0x0000c154      0x110 usb/class/hid/device/hiddf_keyboard.o
 .text.hiddf_keyboard_init
                0x0000c264       0x44 usb/class/hid/device/hiddf_keyboard.o
                0x0000c264                hiddf_keyboard_init
 .text.hiddf_keyboard_keys_state_change
                0x0000c2a8       0x8c usb/class/hid/device/hiddf_keyboard.o
                0x0000c2a8                hiddf_keyboard_keys_state_change
 .text.hid_mouse_req
                0x0000c334       0x88 usb/class/hid/device/hiddf_mouse.o
 .text.hid_mouse_ctrl
                0x0000c3bc       0xe4 usb/class/hid/device/hiddf_mouse.o
 .text.hiddf_mouse_init
                0x0000c4a0       0x44 usb/class/hid/device/hiddf_mouse.o
                0x0000c4a0                hiddf_mouse_init
 .text.hiddf_mouse_move
                0x0000c4e4       0x48 usb/class/hid/device/hiddf_mouse.o
                0x0000c4e4                hiddf_mouse_move
 .text.midi_cb_ep_bulk_in
                0x0000c52c        0x2 usb/class/midi/device/audiodf_midi.o
 .text.midi_cb_ep_bulk_out
                0x0000c52e        0x2 usb/class/midi/device/audiodf_midi.o
 .text.audio_midi_req
                0x0000c530       0x78 usb/class/midi/device/audiodf_midi.o
 .text.audio_midi_ctrl
                0x0000c5a8      0x1a8 usb/class/midi/device/audiodf_midi.o
 .text.audiodf_midi_init
                0x0000c750       0x44 usb/class/midi/device/audiodf_midi.o
                0x0000c750                audiodf_midi_init
 .text.audiodf_midi_xfer_packet
                0x0000c794       0x28 usb/class/midi/device/audiodf_midi.o
                0x0000c794                audiodf_midi_xfer_packet
 .text.usbdc_unconfig
                0x0000c7bc       0x1c usb/device/usbdc.o
 .text.usbdc_change_notify
                0x0000c7d8       0x20 usb/device/usbdc.o
 .text.usbdc_request_handler
                0x0000c7f8       0x38 usb/device/usbdc.o
 .text.usbd_sof_cb
                0x0000c830       0x18 usb/device/usbdc.o
 .text.usbdc_cb_ctl_done
                0x0000c848       0x68 usb/device/usbdc.o
 .text.usbdc_reset
                0x0000c8b0       0x5c usb/device/usbdc.o
                0x0000c8b0                usbdc_reset
 .text.usbd_event_cb
                0x0000c90c       0x18 usb/device/usbdc.o
 .text.usbdc_xfer
                0x0000c924       0x20 usb/device/usbdc.o
                0x0000c924                usbdc_xfer
 .text.usbdc_cb_ctl_req
                0x0000c944      0x328 usb/device/usbdc.o
 .text.usbdc_register_handler
                0x0000cc6c       0x2c usb/device/usbdc.o
                0x0000cc6c                usbdc_register_handler
 .text.usbdc_init
                0x0000cc98       0x44 usb/device/usbdc.o
                0x0000cc98                usbdc_init
 .text.usbdc_register_function
                0x0000ccdc       0x10 usb/device/usbdc.o
                0x0000ccdc                usbdc_register_function
 .text.usbdc_start
                0x0000ccec       0x34 usb/device/usbdc.o
                0x0000ccec                usbdc_start
 .text.usbdc_attach
                0x0000cd20        0x8 usb/device/usbdc.o
                0x0000cd20                usbdc_attach
 .text.usbdc_get_ctrl_buffer
                0x0000cd28        0xc usb/device/usbdc.o
                0x0000cd28                usbdc_get_ctrl_buffer
 .text.usbdc_get_state
                0x0000cd34       0x14 usb/device/usbdc.o
                0x0000cd34                usbdc_get_state
 .text.usb_find_desc
                0x0000cd48       0x1a usb/usb_protocol.o
                0x0000cd48                usb_find_desc
 .text.usb_find_ep_desc
                0x0000cd62       0x1c usb/usb_protocol.o
                0x0000cd62                usb_find_ep_desc
 *fill*         0x0000cd7e        0x2 
 .text.usb_find_cfg_desc
                0x0000cd80       0x3c usb/usb_protocol.o
                0x0000cd80                usb_find_cfg_desc
 .text.usb_find_str_desc
                0x0000cdbc       0x30 usb/usb_protocol.o
                0x0000cdbc                usb_find_str_desc
 .text.gpio_get_pin_level
                0x0000cdec       0x48 usb_start.o
 .text.hiddf_demo_sof_event
                0x0000ce34       0x78 usb_start.o
 .text.composite_device_init
                0x0000ceac       0x2c usb_start.o
                0x0000ceac                composite_device_init
 .text.composite_device_start
                0x0000ced8       0x1c usb_start.o
                0x0000ced8                composite_device_start
 .text.usb_init
                0x0000cef4        0x8 usb_start.o
                0x0000cef4                usb_init
 .text          0x0000cefc      0x370 c:/program files (x86)/atmel/studio/7.0/toolchain/arm/arm-gnu-toolchain/bin/../lib/gcc/arm-none-eabi/6.3.1/thumb/v7e-m\libgcc.a(_arm_addsubdf3.o)
                0x0000cefc                __aeabi_drsub
                0x0000cf04                __aeabi_dsub
                0x0000cf04                __subdf3
                0x0000cf08                __aeabi_dadd
                0x0000cf08                __adddf3
                0x0000d180                __floatunsidf
                0x0000d180                __aeabi_ui2d
                0x0000d1a0                __floatsidf
                0x0000d1a0                __aeabi_i2d
                0x0000d1c4                __aeabi_f2d
                0x0000d1c4                __extendsfdf2
                0x0000d200                __floatundidf
                0x0000d200                __aeabi_ul2d
                0x0000d210                __floatdidf
                0x0000d210                __aeabi_l2d
 .text          0x0000d26c      0x424 c:/program files (x86)/atmel/studio/7.0/toolchain/arm/arm-gnu-toolchain/bin/../lib/gcc/arm-none-eabi/6.3.1/thumb/v7e-m\libgcc.a(_arm_muldivdf3.o)
                0x0000d26c                __aeabi_dmul
                0x0000d26c                __muldf3
                0x0000d4c0                __divdf3
                0x0000d4c0                __aeabi_ddiv
 .text          0x0000d690       0x40 c:/program files (x86)/atmel/studio/7.0/toolchain/arm/arm-gnu-toolchain/bin/../lib/gcc/arm-none-eabi/6.3.1/thumb/v7e-m\libgcc.a(_arm_fixunsdfsi.o)
                0x0000d690                __aeabi_d2uiz
                0x0000d690                __fixunsdfsi
 .text.__libc_init_array
                0x0000d6d0       0x48 c:/program files (x86)/atmel/studio/7.0/toolchain/arm/arm-gnu-toolchain/bin/../lib/gcc/arm-none-eabi/6.3.1/../../../../arm-none-eabi/lib/thumb/v7e-m\libc_nano.a(lib_a-init.o)
                0x0000d6d0                __libc_init_array
 .text.malloc   0x0000d718       0x10 c:/program files (x86)/atmel/studio/7.0/toolchain/arm/arm-gnu-toolchain/bin/../lib/gcc/arm-none-eabi/6.3.1/../../../../arm-none-eabi/lib/thumb/v7e-m\libc_nano.a(lib_a-malloc.o)
                0x0000d718                malloc
 .text.memcpy   0x0000d728       0x16 c:/program files (x86)/atmel/studio/7.0/toolchain/arm/arm-gnu-toolchain/bin/../lib/gcc/arm-none-eabi/6.3.1/../../../../arm-none-eabi/lib/thumb/v7e-m\libc_nano.a(lib_a-memcpy-stub.o)
                0x0000d728                memcpy
 .text.memset   0x0000d73e       0x10 c:/program files (x86)/atmel/studio/7.0/toolchain/arm/arm-gnu-toolchain/bin/../lib/gcc/arm-none-eabi/6.3.1/../../../../arm-none-eabi/lib/thumb/v7e-m\libc_nano.a(lib_a-memset.o)
                0x0000d73e                memset
 *fill*         0x0000d74e        0x2 
 .text._free_r  0x0000d750       0x9c c:/program files (x86)/atmel/studio/7.0/toolchain/arm/arm-gnu-toolchain/bin/../lib/gcc/arm-none-eabi/6.3.1/../../../../arm-none-eabi/lib/thumb/v7e-m\libc_nano.a(lib_a-nano-freer.o)
                0x0000d750                _free_r
 .text._malloc_r
                0x0000d7ec       0xbc c:/program files (x86)/atmel/studio/7.0/toolchain/arm/arm-gnu-toolchain/bin/../lib/gcc/arm-none-eabi/6.3.1/../../../../arm-none-eabi/lib/thumb/v7e-m\libc_nano.a(lib_a-nano-mallocr.o)
                0x0000d7ec                _malloc_r
 .text._puts_r  0x0000d8a8       0xb8 c:/program files (x86)/atmel/studio/7.0/toolchain/arm/arm-gnu-toolchain/bin/../lib/gcc/arm-none-eabi/6.3.1/../../../../arm-none-eabi/lib/thumb/v7e-m\libc_nano.a(lib_a-puts.o)
                0x0000d8a8                _puts_r
 .text.puts     0x0000d960       0x10 c:/program files (x86)/atmel/studio/7.0/toolchain/arm/arm-gnu-toolchain/bin/../lib/gcc/arm-none-eabi/6.3.1/../../../../arm-none-eabi/lib/thumb/v7e-m\libc_nano.a(lib_a-puts.o)
                0x0000d960                puts
 .text._sbrk_r  0x0000d970       0x20 c:/program files (x86)/atmel/studio/7.0/toolchain/arm/arm-gnu-toolchain/bin/../lib/gcc/arm-none-eabi/6.3.1/../../../../arm-none-eabi/lib/thumb/v7e-m\libc_nano.a(lib_a-sbrkr.o)
                0x0000d970                _sbrk_r
 .text.setbuf   0x0000d990       0x10 c:/program files (x86)/atmel/studio/7.0/toolchain/arm/arm-gnu-toolchain/bin/../lib/gcc/arm-none-eabi/6.3.1/../../../../arm-none-eabi/lib/thumb/v7e-m\libc_nano.a(lib_a-setbuf.o)
                0x0000d990                setbuf
 .text.setvbuf  0x0000d9a0      0x15c c:/program files (x86)/atmel/studio/7.0/toolchain/arm/arm-gnu-toolchain/bin/../lib/gcc/arm-none-eabi/6.3.1/../../../../arm-none-eabi/lib/thumb/v7e-m\libc_nano.a(lib_a-setvbuf.o)
                0x0000d9a0                setvbuf
 .text.sprintf  0x0000dafc       0x48 c:/program files (x86)/atmel/studio/7.0/toolchain/arm/arm-gnu-toolchain/bin/../lib/gcc/arm-none-eabi/6.3.1/../../../../arm-none-eabi/lib/thumb/v7e-m\libc_nano.a(lib_a-sprintf.o)
                0x0000dafc                siprintf
                0x0000dafc                sprintf
 .text.strcpy   0x0000db44       0x10 c:/program files (x86)/atmel/studio/7.0/toolchain/arm/arm-gnu-toolchain/bin/../lib/gcc/arm-none-eabi/6.3.1/../../../../arm-none-eabi/lib/thumb/v7e-m\libc_nano.a(lib_a-strcpy.o)
                0x0000db44                strcpy
 .text          0x0000db54       0x10 c:/program files (x86)/atmel/studio/7.0/toolchain/arm/arm-gnu-toolchain/bin/../lib/gcc/arm-none-eabi/6.3.1/../../../../arm-none-eabi/lib/thumb/v7e-m\libc_nano.a(lib_a-strlen.o)
                0x0000db54                strlen
 .text.__swbuf_r
                0x0000db64       0xa4 c:/program files (x86)/atmel/studio/7.0/toolchain/arm/arm-gnu-toolchain/bin/../lib/gcc/arm-none-eabi/6.3.1/../../../../arm-none-eabi/lib/thumb/v7e-m\libc_nano.a(lib_a-wbuf.o)
                0x0000db64                __swbuf_r
 .text.__swsetup_r
                0x0000dc08       0xdc c:/program files (x86)/atmel/studio/7.0/toolchain/arm/arm-gnu-toolchain/bin/../lib/gcc/arm-none-eabi/6.3.1/../../../../arm-none-eabi/lib/thumb/v7e-m\libc_nano.a(lib_a-wsetup.o)
                0x0000dc08                __swsetup_r
 .text.__sflush_r
                0x0000dce4      0x110 c:/program files (x86)/atmel/studio/7.0/toolchain/arm/arm-gnu-toolchain/bin/../lib/gcc/arm-none-eabi/6.3.1/../../../../arm-none-eabi/lib/thumb/v7e-m\libc_nano.a(lib_a-fflush.o)
                0x0000dce4                __sflush_r
 .text._fflush_r
                0x0000ddf4       0x54 c:/program files (x86)/atmel/studio/7.0/toolchain/arm/arm-gnu-toolchain/bin/../lib/gcc/arm-none-eabi/6.3.1/../../../../arm-none-eabi/lib/thumb/v7e-m\libc_nano.a(lib_a-fflush.o)
                0x0000ddf4                _fflush_r
 .text._cleanup_r
                0x0000de48        0xc c:/program files (x86)/atmel/studio/7.0/toolchain/arm/arm-gnu-toolchain/bin/../lib/gcc/arm-none-eabi/6.3.1/../../../../arm-none-eabi/lib/thumb/v7e-m\libc_nano.a(lib_a-findfp.o)
                0x0000de48                _cleanup_r
 .text.std.isra.0
                0x0000de54       0x48 c:/program files (x86)/atmel/studio/7.0/toolchain/arm/arm-gnu-toolchain/bin/../lib/gcc/arm-none-eabi/6.3.1/../../../../arm-none-eabi/lib/thumb/v7e-m\libc_nano.a(lib_a-findfp.o)
 .text.__sfmoreglue
                0x0000de9c       0x2c c:/program files (x86)/atmel/studio/7.0/toolchain/arm/arm-gnu-toolchain/bin/../lib/gcc/arm-none-eabi/6.3.1/../../../../arm-none-eabi/lib/thumb/v7e-m\libc_nano.a(lib_a-findfp.o)
                0x0000de9c                __sfmoreglue
 .text.__sinit  0x0000dec8       0x60 c:/program files (x86)/atmel/studio/7.0/toolchain/arm/arm-gnu-toolchain/bin/../lib/gcc/arm-none-eabi/6.3.1/../../../../arm-none-eabi/lib/thumb/v7e-m\libc_nano.a(lib_a-findfp.o)
                0x0000dec8                __sinit
 .text.__sfp    0x0000df28       0x78 c:/program files (x86)/atmel/studio/7.0/toolchain/arm/arm-gnu-toolchain/bin/../lib/gcc/arm-none-eabi/6.3.1/../../../../arm-none-eabi/lib/thumb/v7e-m\libc_nano.a(lib_a-findfp.o)
                0x0000df28                __sfp
 .text._fwalk_reent
                0x0000dfa0       0x3c c:/program files (x86)/atmel/studio/7.0/toolchain/arm/arm-gnu-toolchain/bin/../lib/gcc/arm-none-eabi/6.3.1/../../../../arm-none-eabi/lib/thumb/v7e-m\libc_nano.a(lib_a-fwalk.o)
                0x0000dfa0                _fwalk_reent
 .text.__swhatbuf_r
                0x0000dfdc       0x48 c:/program files (x86)/atmel/studio/7.0/toolchain/arm/arm-gnu-toolchain/bin/../lib/gcc/arm-none-eabi/6.3.1/../../../../arm-none-eabi/lib/thumb/v7e-m\libc_nano.a(lib_a-makebuf.o)
                0x0000dfdc                __swhatbuf_r
 .text.__smakebuf_r
                0x0000e024       0x80 c:/program files (x86)/atmel/studio/7.0/toolchain/arm/arm-gnu-toolchain/bin/../lib/gcc/arm-none-eabi/6.3.1/../../../../arm-none-eabi/lib/thumb/v7e-m\libc_nano.a(lib_a-makebuf.o)
                0x0000e024                __smakebuf_r
 .text.__malloc_lock
                0x0000e0a4        0x2 c:/program files (x86)/atmel/studio/7.0/toolchain/arm/arm-gnu-toolchain/bin/../lib/gcc/arm-none-eabi/6.3.1/../../../../arm-none-eabi/lib/thumb/v7e-m\libc_nano.a(lib_a-mlock.o)
                0x0000e0a4                __malloc_lock
 .text.__malloc_unlock
                0x0000e0a6        0x2 c:/program files (x86)/atmel/studio/7.0/toolchain/arm/arm-gnu-toolchain/bin/../lib/gcc/arm-none-eabi/6.3.1/../../../../arm-none-eabi/lib/thumb/v7e-m\libc_nano.a(lib_a-mlock.o)
                0x0000e0a6                __malloc_unlock
 .text.__ssputs_r
                0x0000e0a8       0xb6 c:/program files (x86)/atmel/studio/7.0/toolchain/arm/arm-gnu-toolchain/bin/../lib/gcc/arm-none-eabi/6.3.1/../../../../arm-none-eabi/lib/thumb/v7e-m\libc_nano.a(lib_a-nano-svfprintf.o)
                0x0000e0a8                __ssputs_r
 *fill*         0x0000e15e        0x2 
 .text._svfprintf_r
                0x0000e160      0x1e8 c:/program files (x86)/atmel/studio/7.0/toolchain/arm/arm-gnu-toolchain/bin/../lib/gcc/arm-none-eabi/6.3.1/../../../../arm-none-eabi/lib/thumb/v7e-m\libc_nano.a(lib_a-nano-svfprintf.o)
                0x0000e160                _svfiprintf_r
                0x0000e160                _svfprintf_r
 .text._printf_common
                0x0000e348       0xec c:/program files (x86)/atmel/studio/7.0/toolchain/arm/arm-gnu-toolchain/bin/../lib/gcc/arm-none-eabi/6.3.1/../../../../arm-none-eabi/lib/thumb/v7e-m\libc_nano.a(lib_a-nano-vfprintf_i.o)
                0x0000e348                _printf_common
 .text._printf_i
                0x0000e434      0x240 c:/program files (x86)/atmel/studio/7.0/toolchain/arm/arm-gnu-toolchain/bin/../lib/gcc/arm-none-eabi/6.3.1/../../../../arm-none-eabi/lib/thumb/v7e-m\libc_nano.a(lib_a-nano-vfprintf_i.o)
                0x0000e434                _printf_i
 .text.__sread  0x0000e674       0x22 c:/program files (x86)/atmel/studio/7.0/toolchain/arm/arm-gnu-toolchain/bin/../lib/gcc/arm-none-eabi/6.3.1/../../../../arm-none-eabi/lib/thumb/v7e-m\libc_nano.a(lib_a-stdio.o)
                0x0000e674                __sread
 .text.__swrite
                0x0000e696       0x38 c:/program files (x86)/atmel/studio/7.0/toolchain/arm/arm-gnu-toolchain/bin/../lib/gcc/arm-none-eabi/6.3.1/../../../../arm-none-eabi/lib/thumb/v7e-m\libc_nano.a(lib_a-stdio.o)
                0x0000e696                __swrite
 .text.__sseek  0x0000e6ce       0x24 c:/program files (x86)/atmel/studio/7.0/toolchain/arm/arm-gnu-toolchain/bin/../lib/gcc/arm-none-eabi/6.3.1/../../../../arm-none-eabi/lib/thumb/v7e-m\libc_nano.a(lib_a-stdio.o)
                0x0000e6ce                __sseek
 .text.__sclose
                0x0000e6f2        0x8 c:/program files (x86)/atmel/studio/7.0/toolchain/arm/arm-gnu-toolchain/bin/../lib/gcc/arm-none-eabi/6.3.1/../../../../arm-none-eabi/lib/thumb/v7e-m\libc_nano.a(lib_a-stdio.o)
                0x0000e6f2                __sclose
 *fill*         0x0000e6fa        0x2 
 .text._write_r
                0x0000e6fc       0x24 c:/program files (x86)/atmel/studio/7.0/toolchain/arm/arm-gnu-toolchain/bin/../lib/gcc/arm-none-eabi/6.3.1/../../../../arm-none-eabi/lib/thumb/v7e-m\libc_nano.a(lib_a-writer.o)
                0x0000e6fc                _write_r
 .text._close_r
                0x0000e720       0x20 c:/program files (x86)/atmel/studio/7.0/toolchain/arm/arm-gnu-toolchain/bin/../lib/gcc/arm-none-eabi/6.3.1/../../../../arm-none-eabi/lib/thumb/v7e-m\libc_nano.a(lib_a-closer.o)
                0x0000e720                _close_r
 .text._fstat_r
                0x0000e740       0x24 c:/program files (x86)/atmel/studio/7.0/toolchain/arm/arm-gnu-toolchain/bin/../lib/gcc/arm-none-eabi/6.3.1/../../../../arm-none-eabi/lib/thumb/v7e-m\libc_nano.a(lib_a-fstatr.o)
                0x0000e740                _fstat_r
 .text._isatty_r
                0x0000e764       0x20 c:/program files (x86)/atmel/studio/7.0/toolchain/arm/arm-gnu-toolchain/bin/../lib/gcc/arm-none-eabi/6.3.1/../../../../arm-none-eabi/lib/thumb/v7e-m\libc_nano.a(lib_a-isattyr.o)
                0x0000e764                _isatty_r
 .text._lseek_r
                0x0000e784       0x24 c:/program files (x86)/atmel/studio/7.0/toolchain/arm/arm-gnu-toolchain/bin/../lib/gcc/arm-none-eabi/6.3.1/../../../../arm-none-eabi/lib/thumb/v7e-m\libc_nano.a(lib_a-lseekr.o)
                0x0000e784                _lseek_r
 *fill*         0x0000e7a8        0x8 
 .text          0x0000e7b0       0xa0 c:/program files (x86)/atmel/studio/7.0/toolchain/arm/arm-gnu-toolchain/bin/../lib/gcc/arm-none-eabi/6.3.1/../../../../arm-none-eabi/lib/thumb/v7e-m\libc_nano.a(lib_a-memchr.o)
                0x0000e7b0                memchr
 .text.memmove  0x0000e850       0x34 c:/program files (x86)/atmel/studio/7.0/toolchain/arm/arm-gnu-toolchain/bin/../lib/gcc/arm-none-eabi/6.3.1/../../../../arm-none-eabi/lib/thumb/v7e-m\libc_nano.a(lib_a-memmove.o)
                0x0000e850                memmove
 .text._realloc_r
                0x0000e884       0x4c c:/program files (x86)/atmel/studio/7.0/toolchain/arm/arm-gnu-toolchain/bin/../lib/gcc/arm-none-eabi/6.3.1/../../../../arm-none-eabi/lib/thumb/v7e-m\libc_nano.a(lib_a-nano-reallocr.o)
                0x0000e884                _realloc_r
 .text._read_r  0x0000e8d0       0x24 c:/program files (x86)/atmel/studio/7.0/toolchain/arm/arm-gnu-toolchain/bin/../lib/gcc/arm-none-eabi/6.3.1/../../../../arm-none-eabi/lib/thumb/v7e-m\libc_nano.a(lib_a-readr.o)
                0x0000e8d0                _read_r
 .text._malloc_usable_size_r
                0x0000e8f4       0x12 c:/program files (x86)/atmel/studio/7.0/toolchain/arm/arm-gnu-toolchain/bin/../lib/gcc/arm-none-eabi/6.3.1/../../../../arm-none-eabi/lib/thumb/v7e-m\libc_nano.a(lib_a-nano-msizer.o)
                0x0000e8f4                _malloc_usable_size_r
 *(.glue_7t)
 .glue_7t       0x0000e906        0x0 linker stubs
 *(.glue_7)
 .glue_7        0x0000e906        0x0 linker stubs
 *(.rodata .rodata* .gnu.linkonce.r.*)
 .rodata.str1.1
                0x0000e906       0xd0 grid/grid_buf.o
 .rodata        0x0000e9d6       0x10 grid/grid_module_bu16_revb.o
 .rodata.str1.1
                0x0000e9e6       0x31 grid/grid_module_bu16_revb.o
 .rodata.str1.1
                0x0000ea17       0x31 grid/grid_module_en16_reva.o
                                 0x19 (size before relaxing)
 .rodata.str1.1
                0x0000ea17       0x31 grid/grid_module_pbf4_reva.o
 .rodata.str1.1
                0x0000ea17       0x31 grid/grid_module_po16_revb.o
 .rodata.str1.1
                0x0000ea17        0x5 grid/grid_sys.o
 .rodata.str1.1
                0x0000ea1c       0x1e grid/grid_ui.o
                                 0x3c (size before relaxing)
 .rodata        0x0000ea3a       0x2c hpl/adc/hpl_adc.o
 *fill*         0x0000ea66        0x2 
 .rodata        0x0000ea68      0x100 hpl/dmac/hpl_dmac.o
 .rodata        0x0000eb68      0x104 hpl/evsys/hpl_evsys.o
 .rodata        0x0000ec6c       0xd4 hpl/sercom/hpl_sercom.o
 .rodata        0x0000ed40       0x70 hpl/tc/hpl_tc.o
 .rodata        0x0000edb0       0x48 hpl/usb/hpl_usb.o
 .rodata.str1.1
                0x0000edf8       0xca main.o
 .rodata        0x0000eec2       0x3b usb/class/hid/device/hiddf_keyboard.o
                0x0000eec2                keyboard_report_desc
 .rodata        0x0000eefd       0x34 usb/class/hid/device/hiddf_mouse.o
                0x0000eefd                mouse_report_desc
 *fill*         0x0000ef31        0x3 
 .rodata._global_impure_ptr