Archive member included to satisfy reference by file (symbol)

c:/program files (x86)/atmel/studio/7.0/toolchain/arm/arm-gnu-toolchain/bin/../lib/gcc/arm-none-eabi/6.3.1/thumb/v7e-m\libgcc.a(_arm_addsubdf3.o)
                              hpl/sercom/hpl_sercom.o (__aeabi_dsub)
c:/program files (x86)/atmel/studio/7.0/toolchain/arm/arm-gnu-toolchain/bin/../lib/gcc/arm-none-eabi/6.3.1/thumb/v7e-m\libgcc.a(_arm_muldivdf3.o)
                              hpl/sercom/hpl_sercom.o (__aeabi_dmul)
c:/program files (x86)/atmel/studio/7.0/toolchain/arm/arm-gnu-toolchain/bin/../lib/gcc/arm-none-eabi/6.3.1/thumb/v7e-m\libgcc.a(_arm_fixunsdfsi.o)
                              hpl/sercom/hpl_sercom.o (__aeabi_d2uiz)
c:/program files (x86)/atmel/studio/7.0/toolchain/arm/arm-gnu-toolchain/bin/../lib/gcc/arm-none-eabi/6.3.1/thumb/v7e-m\libgcc.a(_aeabi_uldivmod.o)
                              hpl/sercom/hpl_sercom.o (__aeabi_uldivmod)
c:/program files (x86)/atmel/studio/7.0/toolchain/arm/arm-gnu-toolchain/bin/../lib/gcc/arm-none-eabi/6.3.1/thumb/v7e-m\libgcc.a(_udivmoddi4.o)
                              c:/program files (x86)/atmel/studio/7.0/toolchain/arm/arm-gnu-toolchain/bin/../lib/gcc/arm-none-eabi/6.3.1/thumb/v7e-m\libgcc.a(_aeabi_uldivmod.o) (__udivmoddi4)
c:/program files (x86)/atmel/studio/7.0/toolchain/arm/arm-gnu-toolchain/bin/../lib/gcc/arm-none-eabi/6.3.1/thumb/v7e-m\libgcc.a(_dvmd_tls.o)
                              c:/program files (x86)/atmel/studio/7.0/toolchain/arm/arm-gnu-toolchain/bin/../lib/gcc/arm-none-eabi/6.3.1/thumb/v7e-m\libgcc.a(_aeabi_uldivmod.o) (__aeabi_ldiv0)
c:/program files (x86)/atmel/studio/7.0/toolchain/arm/arm-gnu-toolchain/bin/../lib/gcc/arm-none-eabi/6.3.1/../../../../arm-none-eabi/lib/thumb/v7e-m\libc_nano.a(lib_a-exit.o)
                              c:/program files (x86)/atmel/studio/7.0/toolchain/arm/arm-gnu-toolchain/bin/../lib/gcc/arm-none-eabi/6.3.1/../../../../arm-none-eabi/lib/thumb/v7e-m/crt0.o (exit)
c:/program files (x86)/atmel/studio/7.0/toolchain/arm/arm-gnu-toolchain/bin/../lib/gcc/arm-none-eabi/6.3.1/../../../../arm-none-eabi/lib/thumb/v7e-m\libc_nano.a(lib_a-impure.o)
                              c:/program files (x86)/atmel/studio/7.0/toolchain/arm/arm-gnu-toolchain/bin/../lib/gcc/arm-none-eabi/6.3.1/../../../../arm-none-eabi/lib/thumb/v7e-m\libc_nano.a(lib_a-exit.o) (_global_impure_ptr)
c:/program files (x86)/atmel/studio/7.0/toolchain/arm/arm-gnu-toolchain/bin/../lib/gcc/arm-none-eabi/6.3.1/../../../../arm-none-eabi/lib/thumb/v7e-m\libc_nano.a(lib_a-init.o)
                              c:/program files (x86)/atmel/studio/7.0/toolchain/arm/arm-gnu-toolchain/bin/../lib/gcc/arm-none-eabi/6.3.1/../../../../arm-none-eabi/lib/thumb/v7e-m/crt0.o (__libc_init_array)
c:/program files (x86)/atmel/studio/7.0/toolchain/arm/arm-gnu-toolchain/bin/../lib/gcc/arm-none-eabi/6.3.1/../../../../arm-none-eabi/lib/thumb/v7e-m\libc_nano.a(lib_a-malloc.o)
                              main.o (malloc)
c:/program files (x86)/atmel/studio/7.0/toolchain/arm/arm-gnu-toolchain/bin/../lib/gcc/arm-none-eabi/6.3.1/../../../../arm-none-eabi/lib/thumb/v7e-m\libc_nano.a(lib_a-memcpy-stub.o)
                              hpl/nvmctrl/hpl_nvmctrl.o (memcpy)
c:/program files (x86)/atmel/studio/7.0/toolchain/arm/arm-gnu-toolchain/bin/../lib/gcc/arm-none-eabi/6.3.1/../../../../arm-none-eabi/lib/thumb/v7e-m\libc_nano.a(lib_a-memset.o)
                              c:/program files (x86)/atmel/studio/7.0/toolchain/arm/arm-gnu-toolchain/bin/../lib/gcc/arm-none-eabi/6.3.1/../../../../arm-none-eabi/lib/thumb/v7e-m/crt0.o (memset)
c:/program files (x86)/atmel/studio/7.0/toolchain/arm/arm-gnu-toolchain/bin/../lib/gcc/arm-none-eabi/6.3.1/../../../../arm-none-eabi/lib/thumb/v7e-m\libc_nano.a(lib_a-nano-freer.o)
                              c:/program files (x86)/atmel/studio/7.0/toolchain/arm/arm-gnu-toolchain/bin/../lib/gcc/arm-none-eabi/6.3.1/../../../../arm-none-eabi/lib/thumb/v7e-m\libc_nano.a(lib_a-malloc.o) (_free_r)
c:/program files (x86)/atmel/studio/7.0/toolchain/arm/arm-gnu-toolchain/bin/../lib/gcc/arm-none-eabi/6.3.1/../../../../arm-none-eabi/lib/thumb/v7e-m\libc_nano.a(lib_a-nano-mallocr.o)
                              c:/program files (x86)/atmel/studio/7.0/toolchain/arm/arm-gnu-toolchain/bin/../lib/gcc/arm-none-eabi/6.3.1/../../../../arm-none-eabi/lib/thumb/v7e-m\libc_nano.a(lib_a-malloc.o) (_malloc_r)
c:/program files (x86)/atmel/studio/7.0/toolchain/arm/arm-gnu-toolchain/bin/../lib/gcc/arm-none-eabi/6.3.1/../../../../arm-none-eabi/lib/thumb/v7e-m\libc_nano.a(lib_a-printf.o)
                              hal/utils/src/utils_syscalls.o (printf)
c:/program files (x86)/atmel/studio/7.0/toolchain/arm/arm-gnu-toolchain/bin/../lib/gcc/arm-none-eabi/6.3.1/../../../../arm-none-eabi/lib/thumb/v7e-m\libc_nano.a(lib_a-sbrkr.o)
[...]
Memory Configuration

Name             Origin             Length             Attributes
rom              0x00004000         0x0007a000         xr
ram              0x20000000         0x00040000         xrw
bkupram          0x47000000         0x00002000         xrw
qspi             0x04000000         0x01000000         xrw
*default*        0x00000000         0xffffffff

Linker script and memory map

LOAD c:/program files (x86)/atmel/studio/7.0/toolchain/arm/arm-gnu-toolchain/bin/../lib/gcc/arm-none-eabi/6.3.1/thumb/v7e-m/crti.o
LOAD c:/program files (x86)/atmel/studio/7.0/toolchain/arm/arm-gnu-toolchain/bin/../lib/gcc/arm-none-eabi/6.3.1/thumb/v7e-m/crtbegin.o
LOAD c:/program files (x86)/atmel/studio/7.0/toolchain/arm/arm-gnu-toolchain/bin/../lib/gcc/arm-none-eabi/6.3.1/../../../../arm-none-eabi/lib/thumb/v7e-m/crt0.o
LOAD atmel_start.o
LOAD Device_Startup/startup_samd51.o
LOAD Device_Startup/system_samd51.o
LOAD driver_init.o
LOAD examples/driver_examples.o
LOAD hal/src/hal_adc_async.o
LOAD hal/src/hal_atomic.o
LOAD hal/src/hal_cache.o
LOAD hal/src/hal_crc_sync.o
LOAD hal/src/hal_delay.o
LOAD hal/src/hal_evsys.o
LOAD hal/src/hal_flash.o
LOAD hal/src/hal_gpio.o
LOAD hal/src/hal_i2c_m_async.o
LOAD hal/src/hal_init.o
LOAD hal/src/hal_io.o
LOAD hal/src/hal_sleep.o
LOAD hal/src/hal_spi_m_async.o
LOAD hal/src/hal_spi_m_dma.o
LOAD hal/src/hal_timer.o
LOAD hal/src/hal_usart_async.o
LOAD hal/src/hal_usb_device.o
LOAD hal/utils/src/utils_assert.o
LOAD hal/utils/src/utils_event.o
LOAD hal/utils/src/utils_list.o
LOAD hal/utils/src/utils_ringbuffer.o
LOAD hal/utils/src/utils_syscalls.o
LOAD hpl/adc/hpl_adc.o
LOAD hpl/cmcc/hpl_cmcc.o
LOAD hpl/core/hpl_core_m4.o
LOAD hpl/core/hpl_init.o
LOAD hpl/dmac/hpl_dmac.o
LOAD hpl/dsu/hpl_dsu.o
LOAD hpl/evsys/hpl_evsys.o
LOAD hpl/gclk/hpl_gclk.o
LOAD hpl/mclk/hpl_mclk.o
LOAD hpl/nvmctrl/hpl_nvmctrl.o
LOAD hpl/osc32kctrl/hpl_osc32kctrl.o
LOAD hpl/oscctrl/hpl_oscctrl.o
LOAD hpl/pac/hpl_pac.o
LOAD hpl/pm/hpl_pm.o
LOAD hpl/ramecc/hpl_ramecc.o
LOAD hpl/rtc/hpl_rtc.o
LOAD hpl/sercom/hpl_sercom.o
LOAD hpl/systick/hpl_systick.o
LOAD hpl/tc/hpl_tc.o
LOAD hpl/usb/hpl_usb.o
LOAD main.o
LOAD usb/class/cdc/device/cdcdf_acm.o
LOAD usb/class/hid/device/hiddf_generic.o
LOAD usb/class/hid/device/hiddf_keyboard.o
LOAD usb/class/hid/device/hiddf_mouse.o
LOAD usb/class/midi/device/audiodf_midi.o
LOAD usb/class/midi/usb_protocol_midi.o
LOAD usb/class/msc/device/mscdf.o
LOAD usb/device/usbdc.o
LOAD usb/usb_protocol.o
LOAD usb_start.o
START GROUP
LOAD c:/program files (x86)/atmel/studio/7.0/toolchain/arm/arm-gnu-toolchain/bin/../lib/gcc/arm-none-eabi/6.3.1/../../../../arm-none-eabi/lib/thumb/v7e-m\libm.a
END GROUP
START GROUP
LOAD c:/program files (x86)/atmel/studio/7.0/toolchain/arm/arm-gnu-toolchain/bin/../lib/gcc/arm-none-eabi/6.3.1/thumb/v7e-m\libgcc.a
LOAD c:/program files (x86)/atmel/studio/7.0/toolchain/arm/arm-gnu-toolchain/bin/../lib/gcc/arm-none-eabi/6.3.1/../../../../arm-none-eabi/lib/thumb/v7e-m\libc_nano.a
END GROUP
START GROUP
LOAD c:/program files (x86)/atmel/studio/7.0/toolchain/arm/arm-gnu-toolchain/bin/../lib/gcc/arm-none-eabi/6.3.1/thumb/v7e-m\libgcc.a
LOAD c:/program files (x86)/atmel/studio/7.0/toolchain/arm/arm-gnu-toolchain/bin/../lib/gcc/arm-none-eabi/6.3.1/../../../../arm-none-eabi/lib/thumb/v7e-m\libc_nano.a
END GROUP
LOAD c:/program files (x86)/atmel/studio/7.0/toolchain/arm/arm-gnu-toolchain/bin/../lib/gcc/arm-none-eabi/6.3.1/thumb/v7e-m/crtend.o
LOAD c:/program files (x86)/atmel/studio/7.0/toolchain/arm/arm-gnu-toolchain/bin/../lib/gcc/arm-none-eabi/6.3.1/thumb/v7e-m/crtn.o
                0x00010000                STACK_SIZE = DEFINED (STACK_SIZE)?STACK_SIZE:DEFINED (__stack_size__)?__stack_size__:0x10000

.text           0x00004000     0x94a8
                0x00004000                . = ALIGN (0x4)
                0x00004000                _sfixed = .
 *(.vectors .vectors.*)
 .vectors       0x00004000      0x264 Device_Startup/startup_samd51.o
                0x00004000                exception_table
 *(.text .text.* .gnu.linkonce.t.*)
 .text          0x00004264       0x6c c:/program files (x86)/atmel/studio/7.0/toolchain/arm/arm-gnu-toolchain/bin/../lib/gcc/arm-none-eabi/6.3.1/thumb/v7e-m/crtbegin.o
 .text.atmel_start_init
                0x000042d0       0x18 atmel_start.o
                0x000042d0                atmel_start_init
 .text.Dummy_Handler
                0x000042e8        0x2 Device_Startup/startup_samd51.o
                0x000042e8                EIC_5_Handler
                0x000042e8                SVCall_Handler
                0x000042e8                EIC_13_Handler
                0x000042e8                EVSYS_0_Handler
                0x000042e8                TCC1_3_Handler
                0x000042e8                DAC_3_Handler
                0x000042e8                TRNG_Handler
                0x000042e8                HardFault_Handler
                0x000042e8                PDEC_2_Handler
                0x000042e8                EIC_4_Handler
                0x000042e8                AC_Handler
                0x000042e8                SysTick_Handler
                0x000042e8                TCC2_3_Handler
                0x000042e8                PendSV_Handler
                0x000042e8                TC7_Handler
                0x000042e8                EVSYS_3_Handler
                0x000042e8                PDEC_0_Handler
                0x000042e8                QSPI_Handler
                0x000042e8                NonMaskableInt_Handler
                0x000042e8                TCC0_0_Handler
                0x000042e8                EIC_3_Handler
                0x000042e8                MemManagement_Handler
                0x000042e8                DAC_2_Handler
                0x000042e8                UsageFault_Handler
                0x000042e8                EIC_10_Handler
                0x000042e8                EIC_11_Handler
                0x000042e8                EIC_9_Handler
                0x000042e8                OSC32KCTRL_Handler
                0x000042e8                TCC2_1_Handler
                0x000042e8                SUPC_1_Handler
                0x000042e8                TCC0_5_Handler
                0x000042e8                TCC0_6_Handler
                0x000042e8                EVSYS_1_Handler
                0x000042e8                TCC1_4_Handler
                0x000042e8                TC6_Handler
                0x000042e8                WDT_Handler
                0x000042e8                EIC_8_Handler
                0x000042e8                EIC_15_Handler
                0x000042e8                TC4_Handler
                0x000042e8                OSCCTRL_4_Handler
                0x000042e8                EIC_12_Handler
                0x000042e8                TCC4_2_Handler
                0x000042e8                PAC_Handler
                0x000042e8                TCC1_0_Handler
                0x000042e8                OSCCTRL_0_Handler
                0x000042e8                EIC_0_Handler
                0x000042e8                OSCCTRL_3_Handler
                0x000042e8                Dummy_Handler
                0x000042e8                TCC3_0_Handler
                0x000042e8                TCC2_2_Handler
                0x000042e8                TCC1_1_Handler
                0x000042e8                OSCCTRL_2_Handler
                0x000042e8                TCC1_2_Handler
                0x000042e8                SERCOM7_1_Handler
                0x000042e8                PM_Handler
                0x000042e8                DAC_4_Handler
                0x000042e8                TCC3_2_Handler
                0x000042e8                SERCOM7_0_Handler
                0x000042e8                TCC0_2_Handler
                0x000042e8                TCC4_0_Handler
                0x000042e8                SERCOM7_3_Handler
                0x000042e8                SDHC1_Handler
                0x000042e8                SERCOM7_2_Handler
                0x000042e8                TCC2_0_Handler
                0x000042e8                PDEC_1_Handler
                0x000042e8                TCC4_1_Handler
                0x000042e8                SDHC0_Handler
                0x000042e8                I2S_Handler
                0x000042e8                EIC_2_Handler
                0x000042e8                PCC_Handler
                0x000042e8                DAC_0_Handler
                0x000042e8                TCC0_1_Handler
                0x000042e8                EIC_6_Handler
                0x000042e8                OSCCTRL_1_Handler
                0x000042e8                PUKCC_Handler
                0x000042e8                EIC_1_Handler
                0x000042e8                EVSYS_4_Handler
                0x000042e8                EIC_7_Handler
                0x000042e8                TCC3_1_Handler
                0x000042e8                EIC_14_Handler
                0x000042e8                DAC_1_Handler
                0x000042e8                MCLK_Handler
                0x000042e8                EVSYS_2_Handler
                0x000042e8                SUPC_0_Handler
                0x000042e8                BusFault_Handler
                0x000042e8                FREQM_Handler
                0x000042e8                TCC0_3_Handler
                0x000042e8                DebugMonitor_Handler
                0x000042e8                TCC0_4_Handler
                0x000042e8                TC5_Handler
                0x000042e8                AES_Handler
                0x000042e8                ICM_Handler
 *fill*         0x000042ea        0x2 
 .text.Reset_Handler
                0x000042ec       0x78 Device_Startup/startup_samd51.o
                0x000042ec                Reset_Handler
 .text._gpio_set_pin_function
                0x00004364       0x68 driver_init.o
 .text.gpio_set_pin_direction
                0x000043cc       0x68 driver_init.o
 .text.ADC_0_init
                0x00004434       0x80 driver_init.o
                0x00004434                ADC_0_init
 .text.ADC_1_init
                0x000044b4       0x84 driver_init.o
                0x000044b4                ADC_1_init
 .text.CRC_0_init
                0x00004538       0x24 driver_init.o
                0x00004538                CRC_0_init
 .text.EVENT_SYSTEM_0_init
                0x0000455c       0x30 driver_init.o
                0x0000455c                EVENT_SYSTEM_0_init
 .text.FLASH_0_CLOCK_init
                0x0000458c       0x10 driver_init.o
                0x0000458c                FLASH_0_CLOCK_init
 .text.FLASH_0_init
                0x0000459c       0x24 driver_init.o
                0x0000459c                FLASH_0_init
 .text.USART_EAST_CLOCK_init
                0x000045c0       0x24 driver_init.o
                0x000045c0                USART_EAST_CLOCK_init
 .text.USART_EAST_PORT_init
                0x000045e4       0x24 driver_init.o
                0x000045e4                USART_EAST_PORT_init
 .text.USART_EAST_init
                0x00004608       0x38 driver_init.o
                0x00004608                USART_EAST_init
 .text.USART_NORTH_CLOCK_init
                0x00004640       0x24 driver_init.o
                0x00004640                USART_NORTH_CLOCK_init
 .text.USART_NORTH_PORT_init
                0x00004664       0x24 driver_init.o
                0x00004664                USART_NORTH_PORT_init
 .text.USART_NORTH_init
                0x00004688       0x38 driver_init.o
                0x00004688                USART_NORTH_init
 .text.GRID_AUX_CLOCK_init
                0x000046c0       0x24 driver_init.o
                0x000046c0                GRID_AUX_CLOCK_init
 .text.GRID_AUX_PORT_init
                0x000046e4       0x24 driver_init.o
                0x000046e4                GRID_AUX_PORT_init
 .text.GRID_AUX_init
                0x00004708       0x38 driver_init.o
                0x00004708                GRID_AUX_init
 .text.UI_SPI_PORT_init
                0x00004740       0x68 driver_init.o
                0x00004740                UI_SPI_PORT_init
 .text.UI_SPI_CLOCK_init
                0x000047a8       0x24 driver_init.o
                0x000047a8                UI_SPI_CLOCK_init
 .text.UI_SPI_init
                0x000047cc       0x2c driver_init.o
                0x000047cc                UI_SPI_init
 .text.USART_WEST_CLOCK_init
                0x000047f8       0x24 driver_init.o
                0x000047f8                USART_WEST_CLOCK_init
 .text.USART_WEST_PORT_init
                0x0000481c       0x24 driver_init.o
                0x0000481c                USART_WEST_PORT_init
 .text.USART_WEST_init
                0x00004840       0x38 driver_init.o
                0x00004840                USART_WEST_init
 .text.SYS_I2C_PORT_init
                0x00004878       0x40 driver_init.o
                0x00004878                SYS_I2C_PORT_init
 .text.SYS_I2C_CLOCK_init
                0x000048b8       0x24 driver_init.o
                0x000048b8                SYS_I2C_CLOCK_init
 .text.SYS_I2C_init
                0x000048dc       0x2c driver_init.o
                0x000048dc                SYS_I2C_init
 .text.USART_SOUTH_CLOCK_init
                0x00004908       0x24 driver_init.o
                0x00004908                USART_SOUTH_CLOCK_init
 .text.USART_SOUTH_PORT_init
                0x0000492c       0x24 driver_init.o
                0x0000492c                USART_SOUTH_PORT_init
 .text.USART_SOUTH_init
                0x00004950       0x38 driver_init.o
                0x00004950                USART_SOUTH_init
 .text.GRID_LED_PORT_init
                0x00004988       0x68 driver_init.o
                0x00004988                GRID_LED_PORT_init
 .text.GRID_LED_CLOCK_init
                0x000049f0       0x24 driver_init.o
                0x000049f0                GRID_LED_CLOCK_init
 .text.GRID_LED_init
                0x00004a14       0x2c driver_init.o
                0x00004a14                GRID_LED_init
 .text.delay_driver_init
                0x00004a40       0x10 driver_init.o
                0x00004a40                delay_driver_init
 .text.USB_DEVICE_INSTANCE_PORT_init
                0x00004a50       0x60 driver_init.o
                0x00004a50                USB_DEVICE_INSTANCE_PORT_init
 .text.USB_DEVICE_INSTANCE_CLOCK_init
                0x00004ab0       0x24 driver_init.o
                0x00004ab0                USB_DEVICE_INSTANCE_CLOCK_init
 .text.USB_DEVICE_INSTANCE_init
                0x00004ad4       0x20 driver_init.o
                0x00004ad4                USB_DEVICE_INSTANCE_init
 .text.system_init
                0x00004af4      0x298 driver_init.o
                0x00004af4                system_init
 .text.adc_async_window_threshold_reached
                0x00004d8c        0x8 hal/src/hal_adc_async.o
 .text.adc_async_error_occured
                0x00004d94        0x8 hal/src/hal_adc_async.o
 .text.adc_async_channel_conversion_done
                0x00004d9c       0x68 hal/src/hal_adc_async.o
 .text.adc_async_init
                0x00004e04       0x4c hal/src/hal_adc_async.o
                0x00004e04                adc_async_init
 .text.adc_async_register_channel_buffer
                0x00004e50       0x6c hal/src/hal_adc_async.o
                0x00004e50                adc_async_register_channel_buffer
 .text.adc_async_enable_channel
                0x00004ebc       0x10 hal/src/hal_adc_async.o
                0x00004ebc                adc_async_enable_channel
 .text.adc_async_register_callback
                0x00004ecc       0x3c hal/src/hal_adc_async.o
                0x00004ecc                adc_async_register_callback
 .text.adc_async_read_channel
                0x00004f08       0x74 hal/src/hal_adc_async.o
                0x00004f08                adc_async_read_channel
 .text.adc_async_start_conversion
                0x00004f7c       0x10 hal/src/hal_adc_async.o
                0x00004f7c                adc_async_start_conversion
 .text.atomic_enter_critical
                0x00004f8c        0xe hal/src/hal_atomic.o
                0x00004f8c                atomic_enter_critical
 .text.atomic_leave_critical
                0x00004f9a        0xc hal/src/hal_atomic.o
                0x00004f9a                atomic_leave_critical
 *fill*         0x00004fa6        0x2 
 .text.crc_sync_init
                0x00004fa8        0x8 hal/src/hal_crc_sync.o
                0x00004fa8                crc_sync_init
 .text.delay_init
                0x00004fb0       0x10 hal/src/hal_delay.o
                0x00004fb0                delay_init
 .text.delay_us
                0x00004fc0       0x24 hal/src/hal_delay.o
                0x00004fc0                delay_us
 .text.delay_ms
                0x00004fe4       0x24 hal/src/hal_delay.o
                0x00004fe4                delay_ms
 .text.event_system_init
                0x00005008        0x8 hal/src/hal_evsys.o
                0x00005008                event_system_init
 .text.flash_ready
                0x00005010        0x8 hal/src/hal_flash.o
 .text.flash_error
                0x00005018        0x8 hal/src/hal_flash.o
 .text.flash_init
                0x00005020       0x20 hal/src/hal_flash.o
                0x00005020                flash_init
 .text.i2c_m_async_write
                0x00005040       0x2c hal/src/hal_i2c_m_async.o
 .text.i2c_m_async_read
                0x0000506c       0x2c hal/src/hal_i2c_m_async.o
 .text.i2c_tx_complete
                0x00005098        0xe hal/src/hal_i2c_m_async.o
 .text.i2c_rx_complete
                0x000050a6        0xe hal/src/hal_i2c_m_async.o
 .text.i2c_error
                0x000050b4        0xe hal/src/hal_i2c_m_async.o
 *fill*         0x000050c2        0x2 
 .text.i2c_m_async_init
                0x000050c4       0x50 hal/src/hal_i2c_m_async.o
                0x000050c4                i2c_m_async_init
 .text.io_write
                0x00005114        0x4 hal/src/hal_io.o
                0x00005114                io_write
 .text._spi_m_async_io_write
                0x00005118       0x20 hal/src/hal_spi_m_async.o
 .text._spi_m_async_io_read
                0x00005138       0x34 hal/src/hal_spi_m_async.o
 .text._spi_dev_error
                0x0000516c       0x40 hal/src/hal_spi_m_async.o
 .text._spi_dev_complete
                0x000051ac       0x2c hal/src/hal_spi_m_async.o
 .text._spi_dev_rx
                0x000051d8       0x7c hal/src/hal_spi_m_async.o
 .text._spi_dev_tx
                0x00005254       0x48 hal/src/hal_spi_m_async.o
 .text.spi_m_async_init
                0x0000529c       0x64 hal/src/hal_spi_m_async.o
                0x0000529c                spi_m_async_init
 .text.spi_m_async_enable
                0x00005300        0xc hal/src/hal_spi_m_async.o
                0x00005300                spi_m_async_enable
 .text.spi_m_async_set_mode
                0x0000530c       0x18 hal/src/hal_spi_m_async.o
                0x0000530c                spi_m_async_set_mode
 .text.spi_m_async_transfer
                0x00005324       0x48 hal/src/hal_spi_m_async.o
                0x00005324                spi_m_async_transfer
 .text.spi_m_async_register_callback
                0x0000536c       0x1c hal/src/hal_spi_m_async.o
                0x0000536c                spi_m_async_register_callback
 .text.spi_m_async_get_io_descriptor
                0x00005388        0x8 hal/src/hal_spi_m_async.o
                0x00005388                spi_m_async_get_io_descriptor
 .text._spi_m_dma_io_write
                0x00005390       0x18 hal/src/hal_spi_m_dma.o
 .text._spi_m_dma_io_read
                0x000053a8       0x18 hal/src/hal_spi_m_dma.o
 .text.spi_m_dma_init
                0x000053c0       0x24 hal/src/hal_spi_m_dma.o
                0x000053c0                spi_m_dma_init
 .text.spi_m_dma_enable
                0x000053e4        0xc hal/src/hal_spi_m_dma.o
                0x000053e4                spi_m_dma_enable
 .text.spi_m_dma_register_callback
                0x000053f0        0xc hal/src/hal_spi_m_dma.o
                0x000053f0                spi_m_dma_register_callback
 .text.spi_m_dma_get_io_descriptor
                0x000053fc        0x8 hal/src/hal_spi_m_dma.o
                0x000053fc                spi_m_dma_get_io_descriptor
 .text.timer_add_timer_task
                0x00005404       0x4c hal/src/hal_timer.o
 .text.timer_process_counted
                0x00005450       0x6c hal/src/hal_timer.o
 .text.timer_init
                0x000054bc       0x1c hal/src/hal_timer.o
                0x000054bc                timer_init
 .text.timer_start
                0x000054d8       0x24 hal/src/hal_timer.o
                0x000054d8                timer_start
 .text.timer_add_task
                0x000054fc       0x78 hal/src/hal_timer.o
                0x000054fc                timer_add_task
 .text.usart_transmission_complete
                0x00005574       0x10 hal/src/hal_usart_async.o
 .text.usart_error
                0x00005584       0x10 hal/src/hal_usart_async.o
 .text.usart_fill_rx_buffer
                0x00005594       0x20 hal/src/hal_usart_async.o
 .text.usart_async_write
                0x000055b4       0x34 hal/src/hal_usart_async.o
 .text.usart_process_byte_sent
                0x000055e8       0x34 hal/src/hal_usart_async.o
 .text.usart_async_read
                0x0000561c       0x54 hal/src/hal_usart_async.o
 .text.usart_async_init
                0x00005670       0x60 hal/src/hal_usart_async.o
                0x00005670                usart_async_init
 .text.usart_async_enable
                0x000056d0       0x10 hal/src/hal_usart_async.o
                0x000056d0                usart_async_enable
 .text.usart_async_get_io_descriptor
                0x000056e0        0x6 hal/src/hal_usart_async.o
                0x000056e0                usart_async_get_io_descriptor
 *fill*         0x000056e6        0x2 
 .text.usart_async_register_callback
                0x000056e8       0x44 hal/src/hal_usart_async.o
                0x000056e8                usart_async_register_callback
 .text._usb_d_find_ep
                0x0000572c       0x30 hal/src/hal_usb_device.o
 .text.usb_d_dummy_cb_false
                0x0000575c        0x4 hal/src/hal_usb_device.o
 .text.usb_d_cb_trans_more
                0x00005760       0x30 hal/src/hal_usb_device.o
 .text._usb_d_cb_trans_done
                0x00005790      0x108 hal/src/hal_usb_device.o
 .text.usb_d_cb_trans_setup
                0x00005898       0x8c hal/src/hal_usb_device.o
 .text.usb_d_init
                0x00005924       0x68 hal/src/hal_usb_device.o
                0x00005924                usb_d_init
 .text.usb_d_register_callback
                0x0000598c        0x8 hal/src/hal_usb_device.o
                0x0000598c                usb_d_register_callback
 .text.usb_d_enable
                0x00005994        0x8 hal/src/hal_usb_device.o
                0x00005994                usb_d_enable
 .text.usb_d_attach
                0x0000599c        0x8 hal/src/hal_usb_device.o
                0x0000599c                usb_d_attach
 .text.usb_d_set_address
                0x000059a4        0x8 hal/src/hal_usb_device.o
                0x000059a4                usb_d_set_address
 .text.usb_d_ep_init
                0x000059ac       0x50 hal/src/hal_usb_device.o
                0x000059ac                usb_d_ep_init
 .text.usb_d_ep0_init
                0x000059fc       0x10 hal/src/hal_usb_device.o
                0x000059fc                usb_d_ep0_init
 .text.usb_d_ep_deinit
                0x00005a0c       0x2c hal/src/hal_usb_device.o
                0x00005a0c                usb_d_ep_deinit
 .text.usb_d_ep_enable
                0x00005a38       0x40 hal/src/hal_usb_device.o
                0x00005a38                usb_d_ep_enable
 .text.usb_d_ep_transfer
                0x00005a78       0xf8 hal/src/hal_usb_device.o
                0x00005a78                usb_d_ep_transfer
 .text.usb_d_ep_halt
                0x00005b70       0x64 hal/src/hal_usb_device.o
                0x00005b70                usb_d_ep_halt
 .text.usb_d_ep_register_callback
                0x00005bd4       0x4c hal/src/hal_usb_device.o
                0x00005bd4                usb_d_ep_register_callback
 .text.is_list_element
                0x00005c20        0xe hal/utils/src/utils_list.o
                0x00005c20                is_list_element
 .text.list_insert_as_head
                0x00005c2e        0x8 hal/utils/src/utils_list.o
                0x00005c2e                list_insert_as_head
 .text.list_insert_after
                0x00005c36        0x8 hal/utils/src/utils_list.o
                0x00005c36                list_insert_after
 .text.list_insert_at_end
                0x00005c3e       0x18 hal/utils/src/utils_list.o
                0x00005c3e                list_insert_at_end
 .text.list_remove_head
                0x00005c56        0xc hal/utils/src/utils_list.o
                0x00005c56                list_remove_head
 .text.ringbuffer_init
                0x00005c62       0x18 hal/utils/src/utils_ringbuffer.o
                0x00005c62                ringbuffer_init
 .text.ringbuffer_get
                0x00005c7a       0x22 hal/utils/src/utils_ringbuffer.o
                0x00005c7a                ringbuffer_get
 .text.ringbuffer_put
                0x00005c9c       0x26 hal/utils/src/utils_ringbuffer.o
                0x00005c9c                ringbuffer_put
 .text.ringbuffer_num
                0x00005cc2        0x8 hal/utils/src/utils_ringbuffer.o
                0x00005cc2                ringbuffer_num
 *fill*         0x00005cca        0x2 
 .text._sbrk    0x00005ccc       0x1c hal/utils/src/utils_syscalls.o
                0x00005ccc                _sbrk
 .text.__NVIC_DisableIRQ
                0x00005ce8       0x28 hpl/adc/hpl_adc.o
 .text.__NVIC_ClearPendingIRQ
                0x00005d10       0x20 hpl/adc/hpl_adc.o
 .text.hri_adc_wait_for_sync
                0x00005d30        0x8 hpl/adc/hpl_adc.o
 .text.hri_adc_set_CTRLA_ENABLE_bit
                0x00005d38       0x14 hpl/adc/hpl_adc.o
 .text.hri_adc_clear_CTRLA_ENABLE_bit
                0x00005d4c       0x18 hpl/adc/hpl_adc.o
 .text._adc_get_regs
                0x00005d64       0x14 hpl/adc/hpl_adc.o
 .text._adc_interrupt_handler
                0x00005d78       0x4e hpl/adc/hpl_adc.o
 .text._adc_get_irq_num.isra.0
                0x00005dc6       0x14 hpl/adc/hpl_adc.o
 *fill*         0x00005dda        0x2 
 .text._adc_init
                0x00005ddc       0xc8 hpl/adc/hpl_adc.o
 .text._adc_async_init
                0x00005ea4       0xb4 hpl/adc/hpl_adc.o
                0x00005ea4                _adc_async_init
 .text._adc_async_enable_channel
                0x00005f58        0xc hpl/adc/hpl_adc.o
                0x00005f58                _adc_async_enable_channel
 .text._adc_async_get_data_size
                0x00005f64       0x12 hpl/adc/hpl_adc.o
                0x00005f64                _adc_async_get_data_size
 *fill*         0x00005f76        0x2 
 .text._adc_async_convert
                0x00005f78       0x18 hpl/adc/hpl_adc.o
                0x00005f78                _adc_async_convert
 .text._adc_async_set_irq_state
                0x00005f90       0x20 hpl/adc/hpl_adc.o
                0x00005f90                _adc_async_set_irq_state
 .text.ADC0_1_Handler
                0x00005fb0       0x10 hpl/adc/hpl_adc.o
                0x00005fb0                ADC0_1_Handler
 .text.ADC0_0_Handler
                0x00005fc0        0x8 hpl/adc/hpl_adc.o
                0x00005fc0                ADC0_0_Handler
 .text.ADC1_1_Handler
                0x00005fc8       0x10 hpl/adc/hpl_adc.o
                0x00005fc8                ADC1_1_Handler
 .text.ADC1_0_Handler
                0x00005fd8        0x8 hpl/adc/hpl_adc.o
                0x00005fd8                ADC1_0_Handler
 .text._irq_set
                0x00005fe0       0x1c hpl/core/hpl_core_m4.o
                0x00005fe0                _irq_set
 .text._get_cycles_for_us
                0x00005ffc        0x6 hpl/core/hpl_core_m4.o
                0x00005ffc                _get_cycles_for_us
 *fill*         0x00006002        0x2 
 .text._get_cycles_for_ms
                0x00006004        0xc hpl/core/hpl_core_m4.o
                0x00006004                _get_cycles_for_ms
 .text._init_chip
                0x00006010       0x5c hpl/core/hpl_init.o
                0x00006010                _init_chip
 .text._dmac_handler
                0x0000606c       0x50 hpl/dmac/hpl_dmac.o
 .text._dma_init
                0x000060bc       0xd0 hpl/dmac/hpl_dmac.o
                0x000060bc                _dma_init
 .text._dma_set_irq_state
                0x0000618c       0x28 hpl/dmac/hpl_dmac.o
                0x0000618c                _dma_set_irq_state
 .text._dma_set_destination_address
                0x000061b4       0x10 hpl/dmac/hpl_dmac.o
                0x000061b4                _dma_set_destination_address
 .text._dma_set_source_address
                0x000061c4       0x10 hpl/dmac/hpl_dmac.o
                0x000061c4                _dma_set_source_address
 .text._dma_srcinc_enable
                0x000061d4       0x1c hpl/dmac/hpl_dmac.o
                0x000061d4                _dma_srcinc_enable
 .text._dma_set_data_amount
                0x000061f0       0x44 hpl/dmac/hpl_dmac.o
                0x000061f0                _dma_set_data_amount
 .text._dma_enable_transaction
                0x00006234       0x3c hpl/dmac/hpl_dmac.o
                0x00006234                _dma_enable_transaction
 .text._dma_get_channel_resource
                0x00006270       0x14 hpl/dmac/hpl_dmac.o
                0x00006270                _dma_get_channel_resource
 .text.DMAC_0_Handler
                0x00006284        0x8 hpl/dmac/hpl_dmac.o
                0x00006284                DMAC_0_Handler
 .text.DMAC_1_Handler
                0x0000628c        0x8 hpl/dmac/hpl_dmac.o
                0x0000628c                DMAC_1_Handler
 .text.DMAC_2_Handler
                0x00006294        0x8 hpl/dmac/hpl_dmac.o
                0x00006294                DMAC_2_Handler
 .text.DMAC_3_Handler
                0x0000629c        0x8 hpl/dmac/hpl_dmac.o
                0x0000629c                DMAC_3_Handler
 .text.DMAC_4_Handler
                0x000062a4        0x8 hpl/dmac/hpl_dmac.o
                0x000062a4                DMAC_4_Handler
 .text._crc_sync_init
                0x000062ac        0x6 hpl/dsu/hpl_dsu.o
                0x000062ac                _crc_sync_init
 *fill*         0x000062b2        0x2 
 .text._event_system_init
                0x000062b4       0x58 hpl/evsys/hpl_evsys.o
                0x000062b4                _event_system_init
 .text.hri_gclk_wait_for_sync.constprop.0
                0x0000630c       0x14 hpl/gclk/hpl_gclk.o
 .text._gclk_init_generators_by_fref
                0x00006320       0x58 hpl/gclk/hpl_gclk.o
                0x00006320                _gclk_init_generators_by_fref
 .text._mclk_init
                0x00006378        0xc hpl/mclk/hpl_mclk.o
                0x00006378                _mclk_init
 .text._flash_init
                0x00006384       0x4c hpl/nvmctrl/hpl_nvmctrl.o
                0x00006384                _flash_init
 .text.NVMCTRL_1_Handler
                0x000063d0       0x2c hpl/nvmctrl/hpl_nvmctrl.o
                0x000063d0                NVMCTRL_1_Handler
 .text.NVMCTRL_0_Handler
                0x000063fc        0x8 hpl/nvmctrl/hpl_nvmctrl.o
                0x000063fc                NVMCTRL_0_Handler
 .text._osc32kctrl_init_sources
                0x00006404       0x14 hpl/osc32kctrl/hpl_osc32kctrl.o
                0x00006404                _osc32kctrl_init_sources
 .text._oscctrl_init_sources
                0x00006418        0x2 hpl/oscctrl/hpl_oscctrl.o
                0x00006418                _oscctrl_init_sources
 *fill*         0x0000641a        0x2 
 .text._oscctrl_init_referenced_generators
                0x0000641c       0xfc hpl/oscctrl/hpl_oscctrl.o
                0x0000641c                _oscctrl_init_referenced_generators
 .text.RAMECC_Handler
                0x00006518       0x3c hpl/ramecc/hpl_ramecc.o
                0x00006518                RAMECC_Handler
 .text.hri_rtcmode0_wait_for_sync
                0x00006554        0x8 hpl/rtc/hpl_rtc.o
 .text._rtc_timer_stop
                0x0000655c       0x1c hpl/rtc/hpl_rtc.o
                0x0000655c                _rtc_timer_stop
 .text._rtc_timer_set_period
                0x00006578       0x10 hpl/rtc/hpl_rtc.o
                0x00006578                _rtc_timer_set_period
 .text._rtc_timer_get_period
                0x00006588       0x14 hpl/rtc/hpl_rtc.o
                0x00006588                _rtc_timer_get_period
 .text._rtc_timer_is_started
                0x0000659c       0x1c hpl/rtc/hpl_rtc.o
                0x0000659c                _rtc_timer_is_started
 .text._rtc_timer_set_irq
                0x000065b8        0x2 hpl/rtc/hpl_rtc.o
                0x000065b8                _rtc_timer_set_irq
 *fill*         0x000065ba        0x2 
 .text._rtc_timer_start
                0x000065bc       0x3c hpl/rtc/hpl_rtc.o
                0x000065bc                _rtc_timer_start
 .text._rtc_timer_deinit
                0x000065f8       0x28 hpl/rtc/hpl_rtc.o
                0x000065f8                _rtc_timer_deinit
 .text._rtc_timer_init
                0x00006620       0x48 hpl/rtc/hpl_rtc.o
                0x00006620                _rtc_timer_init
 .text._rtc_get_timer
                0x00006668        0x8 hpl/rtc/hpl_rtc.o
                0x00006668                _rtc_get_timer
 .text.RTC_Handler
                0x00006670       0x24 hpl/rtc/hpl_rtc.o
                0x00006670                RTC_Handler
 .text.__NVIC_EnableIRQ
                0x00006694       0x1c hpl/sercom/hpl_sercom.o
 .text.__NVIC_DisableIRQ
                0x000066b0       0x28 hpl/sercom/hpl_sercom.o
 .text.__NVIC_ClearPendingIRQ
                0x000066d8       0x20 hpl/sercom/hpl_sercom.o
 .text.hri_sercomi2cm_wait_for_sync
                0x000066f8        0x8 hpl/sercom/hpl_sercom.o
 .text.hri_sercomspi_wait_for_sync
                0x00006700        0x8 hpl/sercom/hpl_sercom.o
 .text.hri_sercomusart_wait_for_sync
                0x00006708        0x8 hpl/sercom/hpl_sercom.o
 .text.hri_sercomi2cm_clear_CTRLA_ENABLE_bit
                0x00006710       0x14 hpl/sercom/hpl_sercom.o
 .text.hri_sercomspi_clear_CTRLA_ENABLE_bit
                0x00006724       0x14 hpl/sercom/hpl_sercom.o
 .text.hri_sercomusart_clear_CTRLA_ENABLE_bit
                0x00006738       0x14 hpl/sercom/hpl_sercom.o
 .text._sercom_get_hardware_index
                0x0000674c       0x34 hpl/sercom/hpl_sercom.o
 .text._sercom_usart_interrupt_handler
                0x00006780       0x70 hpl/sercom/hpl_sercom.o
 .text._sercom_init_irq_param
                0x000067f0       0x6c hpl/sercom/hpl_sercom.o
 .text._get_i2cm_index
                0x0000685c       0x14 hpl/sercom/hpl_sercom.o
 .text._sercom_get_irq_num
                0x00006870       0x14 hpl/sercom/hpl_sercom.o
 .text._spi_sync_enable
                0x00006884       0x28 hpl/sercom/hpl_sercom.o
 .text._spi_get_regs
                0x000068ac       0x2c hpl/sercom/hpl_sercom.o
 .text._spi_get_tx_dma_channel
                0x000068d8       0x14 hpl/sercom/hpl_sercom.o
 .text._spi_get_rx_dma_channel
                0x000068ec       0x14 hpl/sercom/hpl_sercom.o
 .text._spi_dma_rx_complete
                0x00006900        0xa hpl/sercom/hpl_sercom.o
 .text._spi_dma_tx_complete
                0x0000690a        0xa hpl/sercom/hpl_sercom.o
 .text._spi_dma_error_occured
                0x00006914        0xa hpl/sercom/hpl_sercom.o
 *fill*         0x0000691e        0x2 
 .text._sercom_i2c_send_stop
                0x00006920       0x14 hpl/sercom/hpl_sercom.o
 .text._sercom_i2c_sync_analyse_flags
                0x00006934      0x16c hpl/sercom/hpl_sercom.o
 .text._spi_load_regs_master
                0x00006aa0       0x3c hpl/sercom/hpl_sercom.o
 .text._spi_set_mode
                0x00006adc       0x34 hpl/sercom/hpl_sercom.o
 .text._i2c_m_sync_init_impl
                0x00006b10       0xb0 hpl/sercom/hpl_sercom.o
 .text._usart_init
                0x00006bc0       0xdc hpl/sercom/hpl_sercom.o
 .text._usart_async_init
                0x00006c9c       0x64 hpl/sercom/hpl_sercom.o
                0x00006c9c                _usart_async_init
 .text._usart_async_enable
                0x00006d00       0x14 hpl/sercom/hpl_sercom.o
                0x00006d00                _usart_async_enable
 .text._usart_async_write_byte
                0x00006d14        0x6 hpl/sercom/hpl_sercom.o
                0x00006d14                _usart_async_write_byte
 .text._usart_async_enable_byte_sent_irq
                0x00006d1a        0x8 hpl/sercom/hpl_sercom.o
                0x00006d1a                _usart_async_enable_byte_sent_irq
 .text._usart_async_enable_tx_done_irq
                0x00006d22        0x8 hpl/sercom/hpl_sercom.o
                0x00006d22                _usart_async_enable_tx_done_irq
 .text._usart_async_set_irq_state
                0x00006d2a       0x32 hpl/sercom/hpl_sercom.o
                0x00006d2a                _usart_async_set_irq_state
 .text._i2c_m_async_init
                0x00006d5c       0x64 hpl/sercom/hpl_sercom.o
                0x00006d5c                _i2c_m_async_init
 .text._i2c_m_async_transfer
                0x00006dc0       0xc0 hpl/sercom/hpl_sercom.o
                0x00006dc0                _i2c_m_async_transfer
 .text._i2c_m_async_register_callback
                0x00006e80       0x1a hpl/sercom/hpl_sercom.o
                0x00006e80                _i2c_m_async_register_callback
 *fill*         0x00006e9a        0x2 
 .text.SERCOM0_3_Handler
                0x00006e9c       0x10 hpl/sercom/hpl_sercom.o
                0x00006e9c                SERCOM0_3_Handler
 .text.SERCOM0_2_Handler
                0x00006eac        0x8 hpl/sercom/hpl_sercom.o
                0x00006eac                SERCOM0_2_Handler
 .text.SERCOM0_1_Handler
                0x00006eb4        0x8 hpl/sercom/hpl_sercom.o
                0x00006eb4                SERCOM0_1_Handler
 .text.SERCOM0_0_Handler
                0x00006ebc        0x8 hpl/sercom/hpl_sercom.o
                0x00006ebc                SERCOM0_0_Handler
 .text.SERCOM1_3_Handler
                0x00006ec4       0x10 hpl/sercom/hpl_sercom.o
                0x00006ec4                SERCOM1_3_Handler
 .text.SERCOM1_2_Handler
                0x00006ed4        0x8 hpl/sercom/hpl_sercom.o
                0x00006ed4                SERCOM1_2_Handler
 .text.SERCOM1_1_Handler
                0x00006edc        0x8 hpl/sercom/hpl_sercom.o
                0x00006edc                SERCOM1_1_Handler
 .text.SERCOM1_0_Handler
                0x00006ee4        0x8 hpl/sercom/hpl_sercom.o
                0x00006ee4                SERCOM1_0_Handler
 .text.SERCOM2_3_Handler
                0x00006eec       0x10 hpl/sercom/hpl_sercom.o
                0x00006eec                SERCOM2_3_Handler
 .text.SERCOM2_2_Handler
                0x00006efc        0x8 hpl/sercom/hpl_sercom.o
                0x00006efc                SERCOM2_2_Handler
 .text.SERCOM2_1_Handler
                0x00006f04        0x8 hpl/sercom/hpl_sercom.o
                0x00006f04                SERCOM2_1_Handler
 .text.SERCOM2_0_Handler
                0x00006f0c        0x8 hpl/sercom/hpl_sercom.o
                0x00006f0c                SERCOM2_0_Handler
 .text.SERCOM3_3_Handler
                0x00006f14       0x44 hpl/sercom/hpl_sercom.o
                0x00006f14                SERCOM3_3_Handler
 .text.SERCOM3_2_Handler
                0x00006f58        0x8 hpl/sercom/hpl_sercom.o
                0x00006f58                SERCOM3_2_Handler
 .text.SERCOM3_1_Handler
                0x00006f60        0x8 hpl/sercom/hpl_sercom.o
                0x00006f60                SERCOM3_1_Handler
 .text.SERCOM3_0_Handler
                0x00006f68        0x8 hpl/sercom/hpl_sercom.o
                0x00006f68                SERCOM3_0_Handler
 .text.SERCOM4_3_Handler
                0x00006f70       0x10 hpl/sercom/hpl_sercom.o
                0x00006f70                SERCOM4_3_Handler
 .text.SERCOM4_2_Handler
                0x00006f80        0x8 hpl/sercom/hpl_sercom.o
                0x00006f80                SERCOM4_2_Handler
 .text.SERCOM4_1_Handler
                0x00006f88        0x8 hpl/sercom/hpl_sercom.o
                0x00006f88                SERCOM4_1_Handler
 .text.SERCOM4_0_Handler
                0x00006f90        0x8 hpl/sercom/hpl_sercom.o
                0x00006f90                SERCOM4_0_Handler
 .text.SERCOM5_3_Handler
                0x00006f98       0x64 hpl/sercom/hpl_sercom.o
                0x00006f98                SERCOM5_3_Handler
 .text.SERCOM5_2_Handler
                0x00006ffc        0x8 hpl/sercom/hpl_sercom.o
                0x00006ffc                SERCOM5_2_Handler
 .text.SERCOM5_1_Handler
                0x00007004        0x8 hpl/sercom/hpl_sercom.o
                0x00007004                SERCOM5_1_Handler
 .text.SERCOM5_0_Handler
                0x0000700c        0x8 hpl/sercom/hpl_sercom.o
                0x0000700c                SERCOM5_0_Handler
 .text.SERCOM6_3_Handler
                0x00007014       0x10 hpl/sercom/hpl_sercom.o
                0x00007014                SERCOM6_3_Handler
 .text.SERCOM6_2_Handler
                0x00007024        0x8 hpl/sercom/hpl_sercom.o
                0x00007024                SERCOM6_2_Handler
 .text.SERCOM6_1_Handler
                0x0000702c        0x8 hpl/sercom/hpl_sercom.o
                0x0000702c                SERCOM6_1_Handler
 .text.SERCOM6_0_Handler
                0x00007034        0x8 hpl/sercom/hpl_sercom.o
                0x00007034                SERCOM6_0_Handler
 .text._spi_m_sync_init
                0x0000703c       0xd0 hpl/sercom/hpl_sercom.o
                0x0000703c                _spi_m_sync_init
 .text._spi_m_async_init
                0x0000710c       0x58 hpl/sercom/hpl_sercom.o
                0x0000710c                _spi_m_async_init
 .text._spi_s_async_enable
                0x00007164       0x34 hpl/sercom/hpl_sercom.o
                0x00007164                _spi_s_async_enable
 .text._spi_m_async_enable
                0x00007198        0x8 hpl/sercom/hpl_sercom.o
                0x00007198                _spi_m_async_enable
 .text._spi_s_async_set_mode
                0x000071a0        0xc hpl/sercom/hpl_sercom.o
                0x000071a0                _spi_s_async_set_mode
 .text._spi_m_async_set_mode
                0x000071ac        0x8 hpl/sercom/hpl_sercom.o
                0x000071ac                _spi_m_async_set_mode
 .text._spi_m_async_enable_tx
                0x000071b4       0x10 hpl/sercom/hpl_sercom.o
                0x000071b4                _spi_m_async_enable_tx
 .text._spi_m_async_enable_rx
                0x000071c4       0x10 hpl/sercom/hpl_sercom.o
                0x000071c4                _spi_m_async_enable_rx
 .text._spi_m_async_enable_tx_complete
                0x000071d4       0x10 hpl/sercom/hpl_sercom.o
                0x000071d4                _spi_m_async_enable_tx_complete
 .text._spi_m_async_write_one
                0x000071e4        0x8 hpl/sercom/hpl_sercom.o
                0x000071e4                _spi_m_async_write_one
 .text._spi_m_async_read_one
                0x000071ec        0x8 hpl/sercom/hpl_sercom.o
                0x000071ec                _spi_m_async_read_one
 .text._spi_m_async_register_callback
                0x000071f4        0xa hpl/sercom/hpl_sercom.o
                0x000071f4                _spi_m_async_register_callback
 .text._spi_m_async_set_irq_state
                0x000071fe       0x12 hpl/sercom/hpl_sercom.o
                0x000071fe                _spi_m_async_set_irq_state
 .text._spi_m_dma_init
                0x00007210       0xc4 hpl/sercom/hpl_sercom.o
                0x00007210                _spi_m_dma_init
 .text._spi_m_dma_enable
                0x000072d4        0xc hpl/sercom/hpl_sercom.o
                0x000072d4                _spi_m_dma_enable
 .text._spi_m_dma_register_callback
                0x000072e0       0x64 hpl/sercom/hpl_sercom.o
                0x000072e0                _spi_m_dma_register_callback
 .text._spi_m_dma_transfer
                0x00007344       0xf8 hpl/sercom/hpl_sercom.o
                0x00007344                _spi_m_dma_transfer
 .text._delay_init
                0x0000743c       0x14 hpl/systick/hpl_systick.o
                0x0000743c                _delay_init
 .text._delay_cycles
                0x00007450       0x38 hpl/systick/hpl_systick.o
                0x00007450                _delay_cycles
 .text.__NVIC_DisableIRQ
                0x00007488       0x28 hpl/tc/hpl_tc.o
 .text.hri_tc_wait_for_sync
                0x000074b0        0x8 hpl/tc/hpl_tc.o
 .text._tc_timer_start
                0x000074b8       0x14 hpl/tc/hpl_tc.o
                0x000074b8                _tc_timer_start
 .text._tc_timer_get_period
                0x000074cc       0x50 hpl/tc/hpl_tc.o
                0x000074cc                _tc_timer_get_period
 .text._tc_timer_is_started
                0x0000751c       0x18 hpl/tc/hpl_tc.o
                0x0000751c                _tc_timer_is_started
 .text.tc_interrupt_handler
                0x00007534       0x12 hpl/tc/hpl_tc.o
 *fill*         0x00007546        0x2 
 .text.get_tc_index
                0x00007548       0x50 hpl/tc/hpl_tc.o
 .text._tc_timer_set_irq
                0x00007598       0x28 hpl/tc/hpl_tc.o
                0x00007598                _tc_timer_set_irq
 .text._tc_timer_stop
                0x000075c0       0x14 hpl/tc/hpl_tc.o
                0x000075c0                _tc_timer_stop
 .text._tc_timer_deinit
                0x000075d4       0x4c hpl/tc/hpl_tc.o
                0x000075d4                _tc_timer_deinit
 .text._tc_timer_init
                0x00007620      0x150 hpl/tc/hpl_tc.o
                0x00007620                _tc_timer_init
 .text._tc_timer_set_period
                0x00007770       0x3c hpl/tc/hpl_tc.o
                0x00007770                _tc_timer_set_period
 .text._tc_get_timer
                0x000077ac        0x8 hpl/tc/hpl_tc.o
                0x000077ac                _tc_get_timer
 .text.TC0_Handler
                0x000077b4       0x10 hpl/tc/hpl_tc.o
                0x000077b4                TC0_Handler
 .text.TC1_Handler
                0x000077c4       0x10 hpl/tc/hpl_tc.o
                0x000077c4                TC1_Handler
 .text.TC2_Handler
                0x000077d4       0x10 hpl/tc/hpl_tc.o
                0x000077d4                TC2_Handler
 .text.TC3_Handler
                0x000077e4       0x10 hpl/tc/hpl_tc.o
                0x000077e4                TC3_Handler
 .text._dummy_func_no_return
                0x000077f4        0x4 hpl/usb/hpl_usb.o
 .text._usb_d_dev_wait_dfll_rdy
                0x000077f8       0x24 hpl/usb/hpl_usb.o
 .text._usb_d_dev_ept
                0x0000781c       0x18 hpl/usb/hpl_usb.o
 .text._usb_d_dev_handle_setup
                0x00007834       0x84 hpl/usb/hpl_usb.o
 .text._usb_d_dev_handle_stall
                0x000078b8       0x28 hpl/usb/hpl_usb.o
 .text._usb_d_dev_trans_done
                0x000078e0       0x24 hpl/usb/hpl_usb.o
 .text._usb_d_dev_trans_stop
                0x00007904       0x64 hpl/usb/hpl_usb.o
 .text._usb_d_dev_handle_trfail
                0x00007968       0xec hpl/usb/hpl_usb.o
 .text._usb_d_dev_reset_epts
                0x00007a54       0x3c hpl/usb/hpl_usb.o
 .text._usb_d_dev_in_next
                0x00007a90      0x158 hpl/usb/hpl_usb.o
 .text._usb_d_dev_out_next
                0x00007be8      0x1ac hpl/usb/hpl_usb.o
 .text._usb_d_dev_handler
                0x00007d94      0x1dc hpl/usb/hpl_usb.o
 .text._usbd_ep_pcksize_size
                0x00007f70       0x3e hpl/usb/hpl_usb.o
 *fill*         0x00007fae        0x2 
 .text._usb_d_dev_init
                0x00007fb0       0xe8 hpl/usb/hpl_usb.o
                0x00007fb0                _usb_d_dev_init
 .text._usb_d_dev_enable
                0x00008098       0x5c hpl/usb/hpl_usb.o
                0x00008098                _usb_d_dev_enable
 .text._usb_d_dev_attach
                0x000080f4       0x12 hpl/usb/hpl_usb.o
                0x000080f4                _usb_d_dev_attach
 .text._usb_d_dev_set_address
                0x00008106        0xc hpl/usb/hpl_usb.o
                0x00008106                _usb_d_dev_set_address
 *fill*         0x00008112        0x2 
 .text._usb_d_dev_ep_init
                0x00008114       0xc0 hpl/usb/hpl_usb.o
                0x00008114                _usb_d_dev_ep_init
 .text._usb_d_dev_ep_deinit
                0x000081d4       0x84 hpl/usb/hpl_usb.o
                0x000081d4                _usb_d_dev_ep_deinit
 .text._usb_d_dev_ep_enable
                0x00008258      0x17c hpl/usb/hpl_usb.o
                0x00008258                _usb_d_dev_ep_enable
 .text._usb_d_dev_ep_stall
                0x000083d4       0xe4 hpl/usb/hpl_usb.o
                0x000083d4                _usb_d_dev_ep_stall
 .text._usb_d_dev_ep_read_req
                0x000084b8       0x54 hpl/usb/hpl_usb.o
                0x000084b8                _usb_d_dev_ep_read_req
 .text._usb_d_dev_ep_trans
                0x0000850c      0x108 hpl/usb/hpl_usb.o
                0x0000850c                _usb_d_dev_ep_trans
 .text._usb_d_dev_register_callback
                0x00008614       0x24 hpl/usb/hpl_usb.o
                0x00008614                _usb_d_dev_register_callback
 .text._usb_d_dev_register_ep_callback
                0x00008638       0x2c hpl/usb/hpl_usb.o
                0x00008638                _usb_d_dev_register_ep_callback
 .text.USB_0_Handler
                0x00008664        0x8 hpl/usb/hpl_usb.o
                0x00008664                USB_0_Handler
 .text.USB_1_Handler
                0x0000866c        0x8 hpl/usb/hpl_usb.o
                0x0000866c                USB_1_Handler
 .text.USB_2_Handler
                0x00008674        0x8 hpl/usb/hpl_usb.o
                0x00008674                USB_2_Handler
 .text.USB_3_Handler
                0x0000867c        0x8 hpl/usb/hpl_usb.o
                0x0000867c                USB_3_Handler
 .text.grid_led_hardware_transfer_complete_cb
                0x00008684        0xc main.o
                0x00008684                grid_led_hardware_transfer_complete_cb
 .text.RTC_Scheduler_realtime_cb
                0x00008690       0x10 main.o
 .text.RTC_Scheduler_ping_cb
                0x000086a0        0xc main.o
 .text._gpio_get_level
                0x000086ac       0x34 main.o
 .text.gpio_set_pin_pull_mode.constprop.8
                0x000086e0       0x28 main.o
 .text.grid_led_set_color
                0x00008708       0x3c main.o
                0x00008708                grid_led_set_color
 .text.grid_led_hardware_init
                0x00008744       0x2c main.o
                0x00008744                grid_led_hardware_init
 .text.grid_led_tick
                0x00008770       0x30 main.o
                0x00008770                grid_led_tick
 .text.grid_led_set_min
                0x000087a0       0x20 main.o
                0x000087a0                grid_led_set_min
 .text.grid_led_set_mid
                0x000087c0       0x20 main.o
                0x000087c0                grid_led_set_mid
 .text.grid_led_set_max
                0x000087e0       0x20 main.o
                0x000087e0                grid_led_set_max
 .text.grid_led_set_phase
                0x00008800       0x14 main.o
                0x00008800                grid_led_set_phase
 .text.grid_led_set_frequency
                0x00008814       0x14 main.o
                0x00008814                grid_led_set_frequency
 .text.grid_led_buffer_init
                0x00008828      0x11c main.o
                0x00008828                grid_led_buffer_init
 .text.grid_led_init
                0x00008944       0xb0 main.o
                0x00008944                grid_led_init
 .text.grid_led_render
                0x000089f4       0xb0 main.o
                0x000089f4                grid_led_render
 .text.grid_led_render_all
                0x00008aa4       0x20 main.o
                0x00008aa4                grid_led_render_all
 .text.grid_led_hardware_start_transfer_blocking
                0x00008ac4       0x34 main.o
                0x00008ac4                grid_led_hardware_start_transfer_blocking
 .text.grid_ain_channel_init
                0x00008af8       0x34 main.o
                0x00008af8                grid_ain_channel_init
 .text.grid_ain_init
                0x00008b2c       0x4c main.o
                0x00008b2c                grid_ain_init
 .text.grid_ain_add_sample
                0x00008b78       0xd0 main.o
                0x00008b78                grid_ain_add_sample
 .text.convert_cb_ADC_1
                0x00008c48      0x134 main.o
 .text.grid_ain_get_changed
                0x00008d7c       0x14 main.o
                0x00008d7c                grid_ain_get_changed
 .text.grid_ain_get_average
                0x00008d90       0x28 main.o
                0x00008d90                grid_ain_get_average
 .text.grid_sys_alert_get_color_intensity
                0x00008db8       0x42 main.o
                0x00008db8                grid_sys_alert_get_color_intensity
 .text.grid_sys_read_hex_char_value
                0x00008dfa       0x28 main.o
                0x00008dfa                grid_sys_read_hex_char_value
 *fill*         0x00008e22        0x2 
 .text.grid_sys_read_hex_string_value
                0x00008e24       0x30 main.o
                0x00008e24                grid_sys_read_hex_string_value
 .text.grid_sys_write_hex_string_value
                0x00008e54       0x34 main.o
                0x00008e54                grid_sys_write_hex_string_value
 .text.grid_sys_get_hwcfg
                0x00008e88       0xc0 main.o
                0x00008e88                grid_sys_get_hwcfg
 .text.tx_cb_USART_GRID
                0x00008f48       0x58 main.o
                0x00008f48                tx_cb_USART_GRID
 .text.tx_cb_USART_GRID_W
                0x00008fa0       0x10 main.o
 .text.tx_cb_USART_GRID_S
                0x00008fb0       0x10 main.o
 .text.tx_cb_USART_GRID_E
                0x00008fc0       0x10 main.o
 .text.tx_cb_USART_GRID_N
                0x00008fd0       0x10 main.o
 .text.grid_msg_get_checksum
                0x00008fe0       0x1a main.o
                0x00008fe0                grid_msg_get_checksum
 *fill*         0x00008ffa        0x2 
 .text.grid_msg_set_checksum
                0x00008ffc       0x2c main.o
                0x00008ffc                grid_msg_set_checksum
 .text.grid_msg_get_id
                0x00009028       0x20 main.o
                0x00009028                grid_msg_get_id
 .text.grid_msg_get_dx
                0x00009048       0x20 main.o
                0x00009048                grid_msg_get_dx
 .text.grid_msg_get_dy
                0x00009068       0x20 main.o
                0x00009068                grid_msg_get_dy
 .text.grid_msg_get_age
                0x00009088       0x20 main.o
                0x00009088                grid_msg_get_age
 .text.grid_msg_set_id
                0x000090a8       0x10 main.o
                0x000090a8                grid_msg_set_id
 .text.grid_msg_set_dx
                0x000090b8       0x10 main.o
                0x000090b8                grid_msg_set_dx
 .text.grid_msg_set_dy
                0x000090c8       0x10 main.o
                0x000090c8                grid_msg_set_dy
 .text.grid_msg_set_age
                0x000090d8       0x10 main.o
                0x000090d8                grid_msg_set_age
 .text.grid_msg_find_recent
                0x000090e8       0x1c main.o
                0x000090e8                grid_msg_find_recent
 .text.grid_msg_push_recent
                0x00009104       0x16 main.o
                0x00009104                grid_msg_push_recent
 *fill*         0x0000911a        0x2 
 .text.grid_buffer_init
                0x0000911c       0x44 main.o
                0x0000911c                grid_buffer_init
 .text.grid_buffer_write_size
                0x00009160       0x14 main.o
                0x00009160                grid_buffer_write_size
 .text.grid_buffer_write_init
                0x00009174       0x2c main.o
                0x00009174                grid_buffer_write_init
 .text.grid_buffer_write_character
                0x000091a0       0x1c main.o
                0x000091a0                grid_buffer_write_character
 .text.grid_buffer_write_acknowledge
                0x000091bc       0x10 main.o
                0x000091bc                grid_buffer_write_acknowledge
 .text.grid_sys_ping
                0x000091cc       0x98 main.o
                0x000091cc                grid_sys_ping
 .text.grid_buffer_read_size
                0x00009264       0x4c main.o
                0x00009264                grid_buffer_read_size
 .text.grid_buffer_read_init
                0x000092b0       0x5c main.o
                0x000092b0                grid_buffer_read_init
 .text.grid_buffer_read_character
                0x0000930c       0x24 main.o
                0x0000930c                grid_buffer_read_character
 .text.grid_buffer_read_acknowledge
                0x00009330       0x10 main.o
                0x00009330                grid_buffer_read_acknowledge
 .text.grid_port_init
                0x00009340       0x90 main.o
                0x00009340                grid_port_init
 .text.grid_port_init_all
                0x000093d0       0xd0 main.o
                0x000093d0                grid_port_init_all
 .text.grid_port_process_inbound
                0x000094a0      0x168 main.o
                0x000094a0                grid_port_process_inbound
 .text.grid_port_process_outbound_usb
                0x00009608      0x2e4 main.o
                0x00009608                grid_port_process_outbound_usb
 .text.grid_port_process_outbound_ui
                0x000098ec       0x48 main.o
                0x000098ec                grid_port_process_outbound_ui
 .text.grid_port_process_outbound_usart
                0x00009934       0x68 main.o
                0x00009934                grid_port_process_outbound_usart
 .text.grid_sync_set_mode
                0x0000999c       0xb0 main.o
                0x0000999c                grid_sync_set_mode
 .text.grid_sync_get_mode
                0x00009a4c       0x1c main.o
                0x00009a4c                grid_sync_get_mode
 .text.grid_sync_set_level
                0x00009a68       0x48 main.o
                0x00009a68                grid_sync_set_level
 .text.grid_sys_port_reset_dma
                0x00009ab0       0x20 main.o
                0x00009ab0                grid_sys_port_reset_dma
 .text.dma_transfer_complete_n_cb
                0x00009ad0       0x10 main.o
                0x00009ad0                dma_transfer_complete_n_cb
 .text.dma_transfer_complete_e_cb
                0x00009ae0       0x10 main.o
                0x00009ae0                dma_transfer_complete_e_cb
 .text.dma_transfer_complete_s_cb
                0x00009af0       0x10 main.o
                0x00009af0                dma_transfer_complete_s_cb
 .text.dma_transfer_complete_w_cb
                0x00009b00       0x10 main.o
                0x00009b00                dma_transfer_complete_w_cb
 .text.grid_sys_uart_init
                0x00009b10       0xb4 main.o
                0x00009b10                grid_sys_uart_init
 .text.grid_rx_dma_init_one
                0x00009bc4       0x64 main.o
                0x00009bc4                grid_rx_dma_init_one
 .text.grid_rx_dma_init
                0x00009c28       0x50 main.o
                0x00009c28                grid_rx_dma_init
 .text.grid_port_process_ui
                0x00009c78      0x300 main.o
                0x00009c78                grid_port_process_ui
 .text.grid_ui_button_hardware_init
                0x00009f78       0x20 main.o
                0x00009f78                grid_ui_button_hardware_init
 .text.grid_ui_potentiometer_hardware_start_transfer
                0x00009f98       0x20 main.o
                0x00009f98                grid_ui_potentiometer_hardware_start_transfer
 .text.grid_ui_potentiometer_hardware_transfer_complete_cb
                0x00009fb8      0x110 main.o
                0x00009fb8                grid_ui_potentiometer_hardware_transfer_complete_cb
 .text.grid_ui_potentiometer_hardware_init
                0x0000a0c8       0x38 main.o
                0x0000a0c8                grid_ui_potentiometer_hardware_init
 .text.grid_module_init_animation
                0x0000a100       0x54 main.o
                0x0000a100                grid_module_init_animation
 .text.grid_ui_encoder_hardware_init
                0x0000a154       0x58 main.o
                0x0000a154                grid_ui_encoder_hardware_init
 .text.grid_ui_encoder_hardware_start_transfer
                0x0000a1ac       0x3c main.o
                0x0000a1ac                grid_ui_encoder_hardware_start_transfer
 .text.grid_ui_encoder_hardware_transfer_complete_cb
                0x0000a1e8      0x128 main.o
 .text.grid_module_init
                0x0000a310      0x244 main.o
                0x0000a310                grid_module_init
 .text.grid_port_receive_task
                0x0000a554       0x94 main.o
                0x0000a554                grid_port_receive_task
 .text.RTC_Scheduler_rx_task_cb
                0x0000a5e8       0x30 main.o
 .text.grid_port_receive_decode
                0x0000a618      0x3f4 main.o
                0x0000a618                grid_port_receive_decode
 .text.grid_port_receive_complete_task
                0x0000aa0c       0x2c main.o
                0x0000aa0c                grid_port_receive_complete_task
 .text.init_timer
                0x0000aa38       0x78 main.o
                0x0000aa38                init_timer
 .text.startup.main
                0x0000aab0      0x20c main.o
                0x0000aab0                main
 .text.cdcdf_acm_req
                0x0000acbc       0xdc usb/class/cdc/device/cdcdf_acm.o
 .text.cdcdf_acm_ctrl
                0x0000ad98      0x138 usb/class/cdc/device/cdcdf_acm.o
 .text.cdcdf_acm_init
                0x0000aed0       0x44 usb/class/cdc/device/cdcdf_acm.o
                0x0000aed0                cdcdf_acm_init
 .text.cdcdf_acm_write
                0x0000af14       0x2c usb/class/cdc/device/cdcdf_acm.o
                0x0000af14                cdcdf_acm_write
 .text.hid_keyboard_req
                0x0000af40       0x88 usb/class/hid/device/hiddf_keyboard.o
 .text.hid_keyboard_ctrl
                0x0000afc8      0x110 usb/class/hid/device/hiddf_keyboard.o
 .text.hiddf_keyboard_init
                0x0000b0d8       0x44 usb/class/hid/device/hiddf_keyboard.o
                0x0000b0d8                hiddf_keyboard_init
 .text.hiddf_keyboard_keys_state_change
                0x0000b11c       0x8c usb/class/hid/device/hiddf_keyboard.o
                0x0000b11c                hiddf_keyboard_keys_state_change
 .text.hid_mouse_req
                0x0000b1a8       0x88 usb/class/hid/device/hiddf_mouse.o
 .text.hid_mouse_ctrl
                0x0000b230       0xe4 usb/class/hid/device/hiddf_mouse.o
 .text.hiddf_mouse_init
                0x0000b314       0x44 usb/class/hid/device/hiddf_mouse.o
                0x0000b314                hiddf_mouse_init
 .text.hiddf_mouse_move
                0x0000b358       0x48 usb/class/hid/device/hiddf_mouse.o
                0x0000b358                hiddf_mouse_move
 .text.midi_cb_ep_bulk_in
                0x0000b3a0        0x2 usb/class/midi/device/audiodf_midi.o
 .text.midi_cb_ep_bulk_out
                0x0000b3a2        0x2 usb/class/midi/device/audiodf_midi.o
 .text.audio_midi_req
                0x0000b3a4       0x78 usb/class/midi/device/audiodf_midi.o
 .text.audio_midi_ctrl
                0x0000b41c      0x1a8 usb/class/midi/device/audiodf_midi.o
 .text.audiodf_midi_init
                0x0000b5c4       0x44 usb/class/midi/device/audiodf_midi.o
                0x0000b5c4                audiodf_midi_init
 .text.audiodf_midi_xfer_packet
                0x0000b608       0x28 usb/class/midi/device/audiodf_midi.o
                0x0000b608                audiodf_midi_xfer_packet
 .text.usbdc_unconfig
                0x0000b630       0x1c usb/device/usbdc.o
 .text.usbdc_change_notify
                0x0000b64c       0x20 usb/device/usbdc.o
 .text.usbdc_request_handler
                0x0000b66c       0x38 usb/device/usbdc.o
 .text.usbd_sof_cb
                0x0000b6a4       0x18 usb/device/usbdc.o
 .text.usbdc_cb_ctl_done
                0x0000b6bc       0x68 usb/device/usbdc.o
 .text.usbdc_reset
                0x0000b724       0x5c usb/device/usbdc.o
                0x0000b724                usbdc_reset
 .text.usbd_event_cb
                0x0000b780       0x18 usb/device/usbdc.o
 .text.usbdc_xfer
                0x0000b798       0x20 usb/device/usbdc.o
                0x0000b798                usbdc_xfer
 .text.usbdc_cb_ctl_req
                0x0000b7b8      0x328 usb/device/usbdc.o
 .text.usbdc_register_handler
                0x0000bae0       0x2c usb/device/usbdc.o
                0x0000bae0                usbdc_register_handler
 .text.usbdc_init
                0x0000bb0c       0x44 usb/device/usbdc.o
                0x0000bb0c                usbdc_init
 .text.usbdc_register_function
                0x0000bb50       0x10 usb/device/usbdc.o
                0x0000bb50                usbdc_register_function
 .text.usbdc_start
                0x0000bb60       0x34 usb/device/usbdc.o
                0x0000bb60                usbdc_start
 .text.usbdc_attach
                0x0000bb94        0x8 usb/device/usbdc.o
                0x0000bb94                usbdc_attach
 .text.usbdc_get_ctrl_buffer
                0x0000bb9c        0xc usb/device/usbdc.o
                0x0000bb9c                usbdc_get_ctrl_buffer
 .text.usbdc_get_state
                0x0000bba8       0x14 usb/device/usbdc.o
                0x0000bba8                usbdc_get_state
 .text.usb_find_desc
                0x0000bbbc       0x1a usb/usb_protocol.o
                0x0000bbbc                usb_find_desc
 .text.usb_find_ep_desc
                0x0000bbd6       0x1c usb/usb_protocol.o
                0x0000bbd6                usb_find_ep_desc
 *fill*         0x0000bbf2        0x2 
 .text.usb_find_cfg_desc
                0x0000bbf4       0x3c usb/usb_protocol.o
                0x0000bbf4                usb_find_cfg_desc
 .text.usb_find_str_desc
                0x0000bc30       0x30 usb/usb_protocol.o
                0x0000bc30                usb_find_str_desc
 .text.gpio_get_pin_level
                0x0000bc60       0x48 usb_start.o
 .text.hiddf_demo_sof_event
                0x0000bca8       0x78 usb_start.o
 .text.composite_device_init
                0x0000bd20       0x2c usb_start.o
                0x0000bd20                composite_device_init
 .text.composite_device_start
                0x0000bd4c       0x1c usb_start.o
                0x0000bd4c                composite_device_start
 .text.usb_init
                0x0000bd68        0x8 usb_start.o
                0x0000bd68                usb_init
 .text          0x0000bd70      0x370 c:/program files (x86)/atmel/studio/7.0/toolchain/arm/arm-gnu-toolchain/bin/../lib/gcc/arm-none-eabi/6.3.1/thumb/v7e-m\libgcc.a(_arm_addsubdf3.o)
                0x0000bd70                __aeabi_drsub
                0x0000bd78                __aeabi_dsub
                0x0000bd78                __subdf3
                0x0000bd7c                __aeabi_dadd
                0x0000bd7c                __adddf3
                0x0000bff4                __floatunsidf
                0x0000bff4                __aeabi_ui2d
                0x0000c014                __floatsidf
                0x0000c014                __aeabi_i2d
                0x0000c038                __aeabi_f2d
                0x0000c038                __extendsfdf2
                0x0000c074                __floatundidf
                0x0000c074                __aeabi_ul2d
                0x0000c084                __floatdidf
                0x0000c084                __aeabi_l2d
 .text          0x0000c0e0      0x424 c:/program files (x86)/atmel/studio/7.0/toolchain/arm/arm-gnu-toolchain/bin/../lib/gcc/arm-none-eabi/6.3.1/thumb/v7e-m\libgcc.a(_arm_muldivdf3.o)
                0x0000c0e0                __aeabi_dmul
                0x0000c0e0                __muldf3
                0x0000c334                __divdf3
                0x0000c334                __aeabi_ddiv
 .text          0x0000c504       0x40 c:/program files (x86)/atmel/studio/7.0/toolchain/arm/arm-gnu-toolchain/bin/../lib/gcc/arm-none-eabi/6.3.1/thumb/v7e-m\libgcc.a(_arm_fixunsdfsi.o)
                0x0000c504                __aeabi_d2uiz
                0x0000c504                __fixunsdfsi
 .text.__libc_init_array
                0x0000c544       0x48 c:/program files (x86)/atmel/studio/7.0/toolchain/arm/arm-gnu-toolchain/bin/../lib/gcc/arm-none-eabi/6.3.1/../../../../arm-none-eabi/lib/thumb/v7e-m\libc_nano.a(lib_a-init.o)
                0x0000c544                __libc_init_array
 .text.malloc   0x0000c58c       0x10 c:/program files (x86)/atmel/studio/7.0/toolchain/arm/arm-gnu-toolchain/bin/../lib/gcc/arm-none-eabi/6.3.1/../../../../arm-none-eabi/lib/thumb/v7e-m\libc_nano.a(lib_a-malloc.o)
                0x0000c58c                malloc
 .text.memcpy   0x0000c59c       0x16 c:/program files (x86)/atmel/studio/7.0/toolchain/arm/arm-gnu-toolchain/bin/../lib/gcc/arm-none-eabi/6.3.1/../../../../arm-none-eabi/lib/thumb/v7e-m\libc_nano.a(lib_a-memcpy-stub.o)
                0x0000c59c                memcpy
 .text.memset   0x0000c5b2       0x10 c:/program files (x86)/atmel/studio/7.0/toolchain/arm/arm-gnu-toolchain/bin/../lib/gcc/arm-none-eabi/6.3.1/../../../../arm-none-eabi/lib/thumb/v7e-m\libc_nano.a(lib_a-memset.o)
                0x0000c5b2                memset
 *fill*         0x0000c5c2        0x2 
 .text._free_r  0x0000c5c4       0x9c c:/program files (x86)/atmel/studio/7.0/toolchain/arm/arm-gnu-toolchain/bin/../lib/gcc/arm-none-eabi/6.3.1/../../../../arm-none-eabi/lib/thumb/v7e-m\libc_nano.a(lib_a-nano-freer.o)
                0x0000c5c4                _free_r
 .text._malloc_r
                0x0000c660       0xbc c:/program files (x86)/atmel/studio/7.0/toolchain/arm/arm-gnu-toolchain/bin/../lib/gcc/arm-none-eabi/6.3.1/../../../../arm-none-eabi/lib/thumb/v7e-m\libc_nano.a(lib_a-nano-mallocr.o)
                0x0000c660                _malloc_r
 .text._sbrk_r  0x0000c71c       0x20 c:/program files (x86)/atmel/studio/7.0/toolchain/arm/arm-gnu-toolchain/bin/../lib/gcc/arm-none-eabi/6.3.1/../../../../arm-none-eabi/lib/thumb/v7e-m\libc_nano.a(lib_a-sbrkr.o)
                0x0000c71c                _sbrk_r
 .text.sprintf  0x0000c73c       0x48 c:/program files (x86)/atmel/studio/7.0/toolchain/arm/arm-gnu-toolchain/bin/../lib/gcc/arm-none-eabi/6.3.1/../../../../arm-none-eabi/lib/thumb/v7e-m\libc_nano.a(lib_a-sprintf.o)
                0x0000c73c                siprintf
                0x0000c73c                sprintf
 .text.strcpy   0x0000c784       0x10 c:/program files (x86)/atmel/studio/7.0/toolchain/arm/arm-gnu-toolchain/bin/../lib/gcc/arm-none-eabi/6.3.1/../../../../arm-none-eabi/lib/thumb/v7e-m\libc_nano.a(lib_a-strcpy.o)
                0x0000c784                strcpy
 .text          0x0000c794       0x10 c:/program files (x86)/atmel/studio/7.0/toolchain/arm/arm-gnu-toolchain/bin/../lib/gcc/arm-none-eabi/6.3.1/../../../../arm-none-eabi/lib/thumb/v7e-m\libc_nano.a(lib_a-strlen.o)
                0x0000c794                strlen
 .text.__malloc_lock
                0x0000c7a4        0x2 c:/program files (x86)/atmel/studio/7.0/toolchain/arm/arm-gnu-toolchain/bin/../lib/gcc/arm-none-eabi/6.3.1/../../../../arm-none-eabi/lib/thumb/v7e-m\libc_nano.a(lib_a-mlock.o)
                0x0000c7a4                __malloc_lock
 .text.__malloc_unlock
                0x0000c7a6        0x2 c:/program files (x86)/atmel/studio/7.0/toolchain/arm/arm-gnu-toolchain/bin/../lib/gcc/arm-none-eabi/6.3.1/../../../../arm-none-eabi/lib/thumb/v7e-m\libc_nano.a(lib_a-mlock.o)
                0x0000c7a6                __malloc_unlock
 .text.__ssputs_r
                0x0000c7a8       0xb6 c:/program files (x86)/atmel/studio/7.0/toolchain/arm/arm-gnu-toolchain/bin/../lib/gcc/arm-none-eabi/6.3.1/../../../../arm-none-eabi/lib/thumb/v7e-m\libc_nano.a(lib_a-nano-svfprintf.o)
                0x0000c7a8                __ssputs_r
 *fill*         0x0000c85e        0x2 
 .text._svfprintf_r
                0x0000c860      0x1e8 c:/program files (x86)/atmel/studio/7.0/toolchain/arm/arm-gnu-toolchain/bin/../lib/gcc/arm-none-eabi/6.3.1/../../../../arm-none-eabi/lib/thumb/v7e-m\libc_nano.a(lib_a-nano-svfprintf.o)
                0x0000c860                _svfiprintf_r
                0x0000c860                _svfprintf_r
 .text._printf_common
                0x0000ca48       0xec c:/program files (x86)/atmel/studio/7.0/toolchain/arm/arm-gnu-toolchain/bin/../lib/gcc/arm-none-eabi/6.3.1/../../../../arm-none-eabi/lib/thumb/v7e-m\libc_nano.a(lib_a-nano-vfprintf_i.o)
                0x0000ca48                _printf_common
 .text._printf_i
                0x0000cb34      0x240 c:/program files (x86)/atmel/studio/7.0/toolchain/arm/arm-gnu-toolchain/bin/../lib/gcc/arm-none-eabi/6.3.1/../../../../arm-none-eabi/lib/thumb/v7e-m\libc_nano.a(lib_a-nano-vfprintf_i.o)
                0x0000cb34                _printf_i
 *fill*         0x0000cd74        0xc 
 .text          0x0000cd80       0xa0 c:/program files (x86)/atmel/studio/7.0/toolchain/arm/arm-gnu-toolchain/bin/../lib/gcc/arm-none-eabi/6.3.1/../../../../arm-none-eabi/lib/thumb/v7e-m\libc_nano.a(lib_a-memchr.o)
                0x0000cd80                memchr
 .text.memmove  0x0000ce20       0x34 c:/program files (x86)/atmel/studio/7.0/toolchain/arm/arm-gnu-toolchain/bin/../lib/gcc/arm-none-eabi/6.3.1/../../../../arm-none-eabi/lib/thumb/v7e-m\libc_nano.a(lib_a-memmove.o)
                0x0000ce20                memmove
 .text._realloc_r
                0x0000ce54       0x4c c:/program files (x86)/atmel/studio/7.0/toolchain/arm/arm-gnu-toolchain/bin/../lib/gcc/arm-none-eabi/6.3.1/../../../../arm-none-eabi/lib/thumb/v7e-m\libc_nano.a(lib_a-nano-reallocr.o)
                0x0000ce54                _realloc_r
 .text._malloc_usable_size_r
                0x0000cea0       0x12 c:/program files (x86)/atmel/studio/7.0/toolchain/arm/arm-gnu-toolchain/bin/../lib/gcc/arm-none-eabi/6.3.1/../../../../arm-none-eabi/lib/thumb/v7e-m\libc_nano.a(lib_a-nano-msizer.o)
                0x0000cea0                _malloc_usable_size_r
 *(.glue_7t)
 .glue_7t       0x0000ceb2        0x0 linker stubs
 *(.glue_7)
 .glue_7        0x0000ceb2        0x0 linker stubs
 *(.rodata .rodata* .gnu.linkonce.r.*)
 .rodata        0x0000ceb2       0x2c hpl/adc/hpl_adc.o
 *fill*         0x0000cede        0x2 
 .rodata        0x0000cee0      0x100 hpl/dmac/hpl_dmac.o
 .rodata        0x0000cfe0      0x104 hpl/evsys/hpl_evsys.o
 .rodata        0x0000d0e4       0xd4 hpl/sercom/hpl_sercom.o
 .rodata        0x0000d1b8       0x70 hpl/tc/hpl_tc.o
 .rodata        0x0000d228       0x48 hpl/usb/hpl_usb.o
 .rodata        0x0000d270       0x20 main.o
                0x0000d270                grid_module_mux_lookup
 .rodata.str1.1
                0x0000d290       0xf3 main.o
                                0x113 (size before relaxing)
 .rodata        0x0000d383       0x3b usb/class/hid/device/hiddf_keyboard.o
                0x0000d383                keyboard_report_desc
 .rodata        0x0000d3be       0x34 usb/class/hid/device/hiddf_mouse.o
                0x0000d3be                mouse_report_desc
 *fill*         0x0000d3f2        0x2 
 .rodata.__sf_fake_stderr
                0x0000d3f4       0x20 c:/program files (x86)/atmel/studio/7.0/toolchain/arm/arm-gnu-toolchain/bin/../lib/gcc/arm-none-eabi/6.3.1/../../../../arm-none-eabi/lib/thumb/v7e-m\libc_nano.a(lib_a-findfp.o)
                0x0000d3f4                __sf_fake_stderr
 .rodata.__sf_fake_stdin
                0x0000d414       0x20 c:/program files (x86)/atmel/studio/7.0/toolchain/arm/arm-gnu-toolchain/bin/../lib/gcc/arm-none-eabi/6.3.1/../../../../arm-none-eabi/lib/thumb/v7e-m\libc_nano.a(lib_a-findfp.o)
                0x0000d414                __sf_fake_stdin
 .rodata.__sf_fake_stdout
                0x0000d434       0x20 c:/program files (x86)/atmel/studio/7.0/toolchain/arm/arm-gnu-toolchain/bin/../lib/gcc/arm-none-eabi/6.3.1/../../../../arm-none-eabi/lib/thumb/v7e-m\libc_nano.a(lib_a-findfp.o)
                0x0000d434                __sf_fake_stdout
 .rodata._svfprintf_r.str1.1
                0x0000d454       0x11 c:/program files (x86)/atmel/studio/7.0/toolchain/arm/arm-gnu-toolchain/bin/../lib/gcc/arm-none-eabi/6.3.1/../../../../arm-none-eabi/lib/thumb/v7e-m\libc_nano.a(lib_a-nano-svfprintf.o)
 .rodata._printf_i.str1.1
                0x0000d465       0x22 c:/program files (x86)/atmel/studio/7.0/toolchain/arm/arm-gnu-toolchain/bin/../lib/gcc/arm-none-eabi/6.3.1/../../../../arm-none-eabi/lib/thumb/v7e-m\libc_nano.a(lib_a-nano-vfprintf_i.o)
 *(.ARM.extab* .gnu.linkonce.armextab.*)
                0x0000d488                . = ALIGN (0x4)
 *fill*         0x0000d487        0x1 
 *(.init)
 .init          0x0000d488        0x4 c:/program files (x86)/atmel/studio/7.0/toolchain/arm/arm-gnu-toolchain/bin/../lib/gcc/arm-none-eabi/6.3.1/thumb/v7e-m/crti.o
                0x0000d488                _init
 .init          0x0000d48c        0x8 c:/program files (x86)/atmel/studio/7.0/toolchain/arm/arm-gnu-toolchain/bin/../lib/gcc/arm-none-eabi/6.3.1/thumb/v7e-m/crtn.o
                0x0000d494                . = ALIGN (0x4)
                0x0000d494                __preinit_array_start = .
 *(.preinit_array)
                0x0000d494                __preinit_array_end = .
                0x0000d494                . = ALIGN (0x4)
                0x0000d494                __init_array_start = .
 *(SORT(.init_array.*))
 *(.init_array)
 .init_array    0x0000d494        0x4 c:/program files (x86)/atmel/studio/7.0/toolchain/arm/arm-gnu-toolchain/bin/../lib/gcc/arm-none-eabi/6.3.1/thumb/v7e-m/crtbegin.o
                0x0000d498                __init_array_end = .
                0x0000d498                . = ALIGN (0x4)
 *crtbegin.o(.ctors)
 *(EXCLUDE_FILE(*crtend.o) .ctors)
 *(SORT(.ctors.*))
 *crtend.o(.ctors)
                0x0000d498                . = ALIGN (0x4)
 *(.fini)
 .fini          0x0000d498        0x4 c:/program files (x86)/atmel/studio/7.0/toolchain/arm/arm-gnu-toolchain/bin/../lib/gcc/arm-none-eabi/6.3.1/thumb/v7e-m/crti.o
                0x0000d498                _fini
 .fini          0x0000d49c        0x8 c:/program files (x86)/atmel/studio/7.0/toolchain/arm/arm-gnu-toolchain/bin/../lib/gcc/arm-none-eabi/6.3.1/thumb/v7e-m/crtn.o
                0x0000d4a4                . = ALIGN (0x4)
                0x0000d4a4                __fini_array_start = .
 *(.fini_array)
 .fini_array    0x0000d4a4        0x4 c:/program files (x86)/atmel/studio/7.0/toolchain/arm/arm-gnu-toolchain/bin/../lib/gcc/arm-none-eabi/6.3.1/thumb/v7e-m/crtbegin.o
 *(SORT(.fini_array.*))
                0x0000d4a8                __fini_array_end = .
 *crtbegin.o(.dtors)
 *(EXCLUDE_FILE(*crtend.o) .dtors)
 *(SORT(.dtors.*))
 *crtend.o(.dtors)
                0x0000d4a8                . = ALIGN (0x4)
                0x0000d4a8                _efixed = .
                [!provide]                PROVIDE (__exidx_start, .)

.vfp11_veneer   0x0000d4a8        0x0
 .vfp11_veneer  0x0000d4a8        0x0 linker stubs

.v4_bx          0x0000d4a8        0x0
 .v4_bx         0x0000d4a8        0x0 linker stubs

.iplt           0x0000d4a8        0x0
 .iplt          0x0000d4a8        0x0 c:/program files (x86)/atmel/studio/7.0/toolchain/arm/arm-gnu-toolchain/bin/../lib/gcc/arm-none-eabi/6.3.1/thumb/v7e-m/crtbegin.o

.eh_frame       0x0000d4a8        0x0
 .eh_frame      0x0000d4a8        0x0 c:/program files (x86)/atmel/studio/7.0/toolchain/arm/arm-gnu-toolchain/bin/../lib/gcc/arm-none-eabi/6.3.1/thumb/v7e-m/crtbegin.o

.rel.dyn        0x0000d4a8        0x0
 .rel.iplt      0x0000d4a8        0x0 c:/program files (x86)/atmel/studio/7.0/toolchain/arm/arm-gnu-toolchain/bin/../lib/gcc/arm-none-eabi/6.3.1/thumb/v7e-m/crtbegin.o

.jcr            0x0000d4a8        0x0
 .jcr           0x0000d4a8        0x0 c:/program files (x86)/atmel/studio/7.0/toolchain/arm/arm-gnu-toolchain/bin/../lib/gcc/arm-none-eabi/6.3.1/thumb/v7e-m/crtbegin.o

.igot.plt       0x0000d4a8        0x0
 .igot.plt      0x0000d4a8        0x0 c:/program files (x86)/atmel/studio/7.0/toolchain/arm/arm-gnu-toolchain/bin/../lib/gcc/arm-none-eabi/6.3.1/thumb/v7e-m/crtbegin.o

.ARM.exidx
 *(.ARM.exidx* .gnu.linkonce.armexidx.*)
                [!provide]                PROVIDE (__exidx_end, .)
                0x0000d4a8                . = ALIGN (0x4)
                0x0000d4a8                _etext = .

.relocate       0x20000000      0x57c load address 0x0000d4a8
                0x20000000                . = ALIGN (0x4)
                0x20000000                _srelocate = .
 *(.ramfunc .ramfunc.*)
 *(.data .data.*)
 .data          0x20000000       0x20 hpl/rtc/hpl_rtc.o
 .data          0x20000020       0x20 hpl/tc/hpl_tc.o
 .data          0x20000040      0x318 main.o
                0x20000040                min_lookup
                0x20000140                mid_lookup
                0x20000240                max_lookup
                0x20000340                grid_sys_hwfcg
                0x20000344                grid_module_mapmode_state
 .data          0x20000358        0x8 usb/class/cdc/device/cdcdf_acm.o
 .data          0x20000360        0x8 usb/class/hid/device/hiddf_keyboard.o
 .data          0x20000368        0x8 usb/class/hid/device/hiddf_mouse.o
 .data          0x20000370        0x8 usb/class/midi/device/audiodf_midi.o
 .data          0x20000378      0x19e usb_start.o
 *fill*         0x20000516        0x2 
 .data._impure_ptr
                0x20000518        0x4 c:/program files (x86)/atmel/studio/7.0/toolchain/arm/arm-gnu-toolchain/bin/../lib/gcc/arm-none-eabi/6.3.1/../../../../arm-none-eabi/lib/thumb/v7e-m\libc_nano.a(lib_a-impure.o)
                0x20000518                _impure_ptr
 .data.impure_data
                0x2000051c       0x60 c:/program files (x86)/atmel/studio/7.0/toolchain/arm/arm-gnu-toolchain/bin/../lib/gcc/arm-none-eabi/6.3.1/../../../../arm-none-eabi/lib/thumb/v7e-m\libc_nano.a(lib_a-impure.o)
                0x2000057c                . = ALIGN (0x4)
                0x2000057c                _erelocate = .

.bkupram        0x47000000        0x0
                0x47000000                . = ALIGN (0x8)
                0x47000000                _sbkupram = .
 *(.bkupram .bkupram.*)
                0x47000000                . = ALIGN (0x8)
                0x47000000                _ebkupram = .

.qspi           0x04000000        0x0
                0x04000000                . = ALIGN (0x8)
                0x04000000                _sqspi = .
 *(.qspi .qspi.*)
                0x04000000                . = ALIGN (0x8)
                0x04000000                _eqspi = .

.bss            0x20000580     0x26b4 load address 0x0000da30
                0x20000580                . = ALIGN (0x4)
                0x20000580                _sbss = .
                0x20000580                _szero = .
 *(.bss .bss.*)
 .bss           0x20000580       0x1c c:/program files (x86)/atmel/studio/7.0/toolchain/arm/arm-gnu-toolchain/bin/../lib/gcc/arm-none-eabi/6.3.1/thumb/v7e-m/crtbegin.o
 .bss           0x2000059c       0x72 driver_init.o
 *fill*         0x2000060e        0x2 
 .bss           0x20000610        0x4 hal/src/hal_delay.o
 .bss           0x20000614      0x1a0 hal/src/hal_usb_device.o
 .bss           0x200007b4        0x4 hal/utils/src/utils_syscalls.o
 .bss           0x200007b8        0x8 hpl/adc/hpl_adc.o
 .bss           0x200007c0      0x180 hpl/dmac/hpl_dmac.o
 .bss           0x20000940        0x4 hpl/nvmctrl/hpl_nvmctrl.o
 .bss           0x20000944        0x4 hpl/rtc/hpl_rtc.o
 .bss           0x20000948       0x1c hpl/sercom/hpl_sercom.o
 .bss           0x20000964       0x10 hpl/tc/hpl_tc.o
 .bss           0x20000974      0x3c0 hpl/usb/hpl_usb.o
 .bss           0x20000d34      0x4a0 main.o
                0x20000d38                realtime
                0x20000d3c                pingflag
                0x2000114a                grid_module_mux
                0x2000114b                grid_adc_cfg
                0x2000115c                grid_sys_tx_counter
                0x2000116c                grid_sync_mode_register
                0x2000117c                UI_SPI_DONE
                0x200011bc                grid_module_mapmode_change
                0x200011c0                grid_sys_rx_counter
                0x200011d0                grid_sys_ping_counter
 .bss           0x200011d4       0x24 usb/class/cdc/device/cdcdf_acm.o
 .bss           0x200011f8       0x20 usb/class/hid/device/hiddf_keyboard.o
 .bss           0x20001218       0x18 usb/class/hid/device/hiddf_mouse.o
 .bss           0x20001230       0x1c usb/class/midi/device/audiodf_midi.o
 .bss           0x2000124c       0x20 usb/device/usbdc.o
 .bss           0x2000126c       0x55 usb_start.o
 *fill*         0x200012c1        0x3 
 .bss.__malloc_free_list
                0x200012c4        0x4 c:/program files (x86)/atmel/studio/7.0/toolchain/arm/arm-gnu-toolchain/bin/../lib/gcc/arm-none-eabi/6.3.1/../../../../arm-none-eabi/lib/thumb/v7e-m\libc_nano.a(lib_a-nano-mallocr.o)
                0x200012c4                __malloc_free_list
 .bss.__malloc_sbrk_start
                0x200012c8        0x4 c:/program files (x86)/atmel/studio/7.0/toolchain/arm/arm-gnu-toolchain/bin/../lib/gcc/arm-none-eabi/6.3.1/../../../../arm-none-eabi/lib/thumb/v7e-m\libc_nano.a(lib_a-nano-mallocr.o)
                0x200012c8                __malloc_sbrk_start
 *(COMMON)
 COMMON         0x200012cc      0x38c driver_init.o
                0x200012cc                UI_SPI
                0x20001314                RTC_Scheduler
                0x20001334                TIMER_2
                0x20001354                FLASH_0
                0x20001370                CRC_0
                0x20001374                ADC_1_ch
                0x2000138c                SYS_I2C
                0x200013cc                GRID_AUX
                0x2000141c                ADC_0
                0x20001448                USART_EAST
                0x20001498                USART_NORTH
                0x200014e8                GRID_LED
                0x20001514                ADC_0_ch
                0x2000152c                TIMER_1
                0x2000154c                USART_WEST
                0x2000159c                USART_SOUTH
                0x200015ec                ADC_1
                0x20001618                TIMER_3
                0x20001638                TIMER_0
 *fill*         0x20001658        0x8 
 COMMON         0x20001660      0x400 hpl/dmac/hpl_dmac.o
                0x20001660                _descriptor_section
                0x20001860                _write_back_section
 COMMON         0x20001a60       0x10 hpl/ramecc/hpl_ramecc.o
                0x20001a60                device
 COMMON         0x20001a70     0x11b4 main.o
                0x20001a70                GRID_PORT_N
                0x20001c54                UI_SPI_RX_BUFFER_LAST
                0x20001c64                GRID_PORT_U
                0x20001e48                temp
                0x2000203c                grid_sys_north_io
                0x20002040                grid_sys_state
                0x20002250                usb_debug
                0x2000225c                io
                0x20002260                GRID_PORT_W
                0x20002444                grid_sys_east_io
                0x20002448                GRID_PORT_S
                0x2000262c                grid_sys_south_io
                0x20002630                usb_rx_double_buffer
                0x200026f8                GRID_PORT_H
                0x200028dc                grid_ui_encoder_array
                0x2000295c                GRID_PORT_E
                0x20002b40                usb_tx_double_buffer
                0x20002c08                grid_led_state
                0x20002c20                grid_sys_west_io
 COMMON         0x20002c24        0xa usb/class/midi/device/audiodf_midi.o
                0x20002c24                usb_debug2
 *fill*         0x20002c2e        0x2 
 COMMON         0x20002c30        0x4 c:/program files (x86)/atmel/studio/7.0/toolchain/arm/arm-gnu-toolchain/bin/../lib/gcc/arm-none-eabi/6.3.1/../../../../arm-none-eabi/lib/thumb/v7e-m\libc_nano.a(lib_a-reent.o)
                0x20002c30                errno
                0x20002c34                . = ALIGN (0x4)
                0x20002c34                _ebss = .
                0x20002c34                _ezero = .

.stack          0x20002c34    0x10004 load address 0x000100e4
                0x20002c38                . = ALIGN (0x8)
 *fill*         0x20002c34        0x4 
                0x20002c38                _sstack = .
                0x20012c38                . = (. + STACK_SIZE)
 *fill*         0x20002c38    0x10000 
                0x20012c38                . = ALIGN (0x8)
                0x20012c38                _estack = .
                0x20012c38                . = ALIGN (0x4)
                0x20012c38                _end = .
OUTPUT(grid_toplevel.elf elf32-littlearm)

.ARM.attributes
                0x00000000       0x2e
 .ARM.attributes
                0x00000000       0x1e c:/program files (x86)/atmel/studio/7.0/toolchain/arm/arm-gnu-toolchain/bin/../lib/gcc/arm-none-eabi/6.3.1/thumb/v7e-m/crti.o
 .ARM.attributes
                0x0000001e       0x2e c:/program files (x86)/atmel/studio/7.0/toolchain/arm/arm-gnu-toolchain/bin/../lib/gcc/arm-none-eabi/6.3.1/thumb/v7e-m/crtbegin.o
 .ARM.attributes
                0x0000004c       0x37 atmel_start.o
 .ARM.attributes
                0x00000083       0x37 Device_Startup/startup_samd51.o
 .ARM.attributes
                0x000000ba       0x37 driver_init.o
 .ARM.attributes
                0x000000f1       0x37 hal/src/hal_adc_async.o
 .ARM.attributes
                0x00000128       0x37 hal/src/hal_atomic.o
 .ARM.attributes
                0x0000015f       0x37 hal/src/hal_crc_sync.o
 .ARM.attributes
                0x00000196       0x37 hal/src/hal_delay.o
 .ARM.attributes
                0x000001cd       0x37 hal/src/hal_evsys.o
 .ARM.attributes
                0x00000204       0x37 hal/src/hal_flash.o
 .ARM.attributes
                0x0000023b       0x37 hal/src/hal_i2c_m_async.o
 .ARM.attributes
                0x00000272       0x37 hal/src/hal_io.o
 .ARM.attributes
                0x000002a9       0x37 hal/src/hal_spi_m_async.o
 .ARM.attributes
                0x000002e0       0x37 hal/src/hal_spi_m_dma.o
 .ARM.attributes
                0x00000317       0x37 hal/src/hal_timer.o
 .ARM.attributes
                0x0000034e       0x37 hal/src/hal_usart_async.o
 .ARM.attributes
                0x00000385       0x37 hal/src/hal_usb_device.o
 .ARM.attributes
                0x000003bc       0x37 hal/utils/src/utils_list.o
 .ARM.attributes
                0x000003f3       0x37 hal/utils/src/utils_ringbuffer.o
 .ARM.attributes
                0x0000042a       0x37 hal/utils/src/utils_syscalls.o
 .ARM.attributes
                0x00000461       0x37 hpl/adc/hpl_adc.o
 .ARM.attributes
                0x00000498       0x37 hpl/core/hpl_core_m4.o
 .ARM.attributes
                0x000004cf       0x37 hpl/core/hpl_init.o
 .ARM.attributes
                0x00000506       0x37 hpl/dmac/hpl_dmac.o
 .ARM.attributes
                0x0000053d       0x37 hpl/dsu/hpl_dsu.o
 .ARM.attributes
                0x00000574       0x37 hpl/evsys/hpl_evsys.o
 .ARM.attributes
                0x000005ab       0x37 hpl/gclk/hpl_gclk.o
 .ARM.attributes
                0x000005e2       0x37 hpl/mclk/hpl_mclk.o
 .ARM.attributes
                0x00000619       0x37 hpl/nvmctrl/hpl_nvmctrl.o
 .ARM.attributes
                0x00000650       0x37 hpl/osc32kctrl/hpl_osc32kctrl.o
 .ARM.attributes
                0x00000687       0x37 hpl/oscctrl/hpl_oscctrl.o
 .ARM.attributes
                0x000006be       0x37 hpl/ramecc/hpl_ramecc.o
 .ARM.attributes
                0x000006f5       0x37 hpl/rtc/hpl_rtc.o
 .ARM.attributes
                0x0000072c       0x37 hpl/sercom/hpl_sercom.o
 .ARM.attributes
                0x00000763       0x37 hpl/systick/hpl_systick.o
 .ARM.attributes
                0x0000079a       0x37 hpl/tc/hpl_tc.o
 .ARM.attributes
                0x000007d1       0x37 hpl/usb/hpl_usb.o
 .ARM.attributes
                0x00000808       0x37 main.o
 .ARM.attributes
                0x0000083f       0x37 usb/class/cdc/device/cdcdf_acm.o
 .ARM.attributes
                0x00000876       0x37 usb/class/hid/device/hiddf_keyboard.o
 .ARM.attributes
                0x000008ad       0x37 usb/class/hid/device/hiddf_mouse.o
 .ARM.attributes
                0x000008e4       0x37 usb/class/midi/device/audiodf_midi.o
 .ARM.attributes
                0x0000091b       0x37 usb/device/usbdc.o
 .ARM.attributes
                0x00000952       0x37 usb/usb_protocol.o
 .ARM.attributes
                0x00000989       0x37 usb_start.o
 .ARM.attributes
                0x000009c0       0x1e c:/program files (x86)/atmel/studio/7.0/toolchain/arm/arm-gnu-toolchain/bin/../lib/gcc/arm-none-eabi/6.3.1/thumb/v7e-m\libgcc.a(_arm_addsubdf3.o)
 .ARM.attributes
                0x000009de       0x1e c:/program files (x86)/atmel/studio/7.0/toolchain/arm/arm-gnu-toolchain/bin/../lib/gcc/arm-none-eabi/6.3.1/thumb/v7e-m\libgcc.a(_arm_muldivdf3.o)
 .ARM.attributes
                0x000009fc       0x1e c:/program files (x86)/atmel/studio/7.0/toolchain/arm/arm-gnu-toolchain/bin/../lib/gcc/arm-none-eabi/6.3.1/thumb/v7e-m\libgcc.a(_arm_fixunsdfsi.o)
 .ARM.attributes