Archive member included to satisfy reference by file (symbol)

c:/program files (x86)/atmel/studio/7.0/toolchain/arm/arm-gnu-toolchain/bin/../lib/gcc/arm-none-eabi/6.3.1/thumb/v7e-m\libgcc.a(_arm_addsubdf3.o)
                              hpl/sercom/hpl_sercom.o (__aeabi_dsub)
c:/program files (x86)/atmel/studio/7.0/toolchain/arm/arm-gnu-toolchain/bin/../lib/gcc/arm-none-eabi/6.3.1/thumb/v7e-m\libgcc.a(_arm_muldivdf3.o)
                              grid/grid_hardwaretest.o (__aeabi_dmul)
c:/program files (x86)/atmel/studio/7.0/toolchain/arm/arm-gnu-toolchain/bin/../lib/gcc/arm-none-eabi/6.3.1/thumb/v7e-m\libgcc.a(_arm_fixunsdfsi.o)
                              grid/grid_hardwaretest.o (__aeabi_d2uiz)
c:/program files (x86)/atmel/studio/7.0/toolchain/arm/arm-gnu-toolchain/bin/../lib/gcc/arm-none-eabi/6.3.1/thumb/v7e-m\libgcc.a(_aeabi_uldivmod.o)
                              hpl/sercom/hpl_sercom.o (__aeabi_uldivmod)
c:/program files (x86)/atmel/studio/7.0/toolchain/arm/arm-gnu-toolchain/bin/../lib/gcc/arm-none-eabi/6.3.1/thumb/v7e-m\libgcc.a(_udivmoddi4.o)
                              c:/program files (x86)/atmel/studio/7.0/toolchain/arm/arm-gnu-toolchain/bin/../lib/gcc/arm-none-eabi/6.3.1/thumb/v7e-m\libgcc.a(_aeabi_uldivmod.o) (__udivmoddi4)
c:/program files (x86)/atmel/studio/7.0/toolchain/arm/arm-gnu-toolchain/bin/../lib/gcc/arm-none-eabi/6.3.1/thumb/v7e-m\libgcc.a(_dvmd_tls.o)
                              c:/program files (x86)/atmel/studio/7.0/toolchain/arm/arm-gnu-toolchain/bin/../lib/gcc/arm-none-eabi/6.3.1/thumb/v7e-m\libgcc.a(_aeabi_uldivmod.o) (__aeabi_ldiv0)
c:/program files (x86)/atmel/studio/7.0/toolchain/arm/arm-gnu-toolchain/bin/../lib/gcc/arm-none-eabi/6.3.1/../../../../arm-none-eabi/lib/thumb/v7e-m\libc_nano.a(lib_a-exit.o)
                              c:/program files (x86)/atmel/studio/7.0/toolchain/arm/arm-gnu-toolchain/bin/../lib/gcc/arm-none-eabi/6.3.1/../../../../arm-none-eabi/lib/thumb/v7e-m/crt0.o (exit)
c:/program files (x86)/atmel/studio/7.0/toolchain/arm/arm-gnu-toolchain/bin/../lib/gcc/arm-none-eabi/6.3.1/../../../../arm-none-eabi/lib/thumb/v7e-m\libc_nano.a(lib_a-impure.o)
                              c:/program files (x86)/atmel/studio/7.0/toolchain/arm/arm-gnu-toolchain/bin/../lib/gcc/arm-none-eabi/6.3.1/../../../../arm-none-eabi/lib/thumb/v7e-m\libc_nano.a(lib_a-exit.o) (_global_impure_ptr)
c:/program files (x86)/atmel/studio/7.0/toolchain/arm/arm-gnu-toolchain/bin/../lib/gcc/arm-none-eabi/6.3.1/../../../../arm-none-eabi/lib/thumb/v7e-m\libc_nano.a(lib_a-init.o)
                              c:/program files (x86)/atmel/studio/7.0/toolchain/arm/arm-gnu-toolchain/bin/../lib/gcc/arm-none-eabi/6.3.1/../../../../arm-none-eabi/lib/thumb/v7e-m/crt0.o (__libc_init_array)
c:/program files (x86)/atmel/studio/7.0/toolchain/arm/arm-gnu-toolchain/bin/../lib/gcc/arm-none-eabi/6.3.1/../../../../arm-none-eabi/lib/thumb/v7e-m\libc_nano.a(lib_a-malloc.o)
                              grid/grid_ain.o (malloc)
c:/program files (x86)/atmel/studio/7.0/toolchain/arm/arm-gnu-toolchain/bin/../lib/gcc/arm-none-eabi/6.3.1/../../../../arm-none-eabi/lib/thumb/v7e-m\libc_nano.a(lib_a-memcpy-stub.o)
                              hpl/nvmctrl/hpl_nvmctrl.o (memcpy)
c:/program files (x86)/atmel/studio/7.0/toolchain/arm/arm-gnu-toolchain/bin/../lib/gcc/arm-none-eabi/6.3.1/../../../../arm-none-eabi/lib/thumb/v7e-m\libc_nano.a(lib_a-memset.o)
                              c:/program files (x86)/atmel/studio/7.0/toolchain/arm/arm-gnu-toolchain/bin/../lib/gcc/arm-none-eabi/6.3.1/../../../../arm-none-eabi/lib/thumb/v7e-m/crt0.o (memset)
c:/program files (x86)/atmel/studio/7.0/toolchain/arm/arm-gnu-toolchain/bin/../lib/gcc/arm-none-eabi/6.3.1/../../../../arm-none-eabi/lib/thumb/v7e-m\libc_nano.a(lib_a-nano-freer.o)
                              c:/program files (x86)/atmel/studio/7.0/toolchain/arm/arm-gnu-toolchain/bin/../lib/gcc/arm-none-eabi/6.3.1/../../../../arm-none-eabi/lib/thumb/v7e-m\libc_nano.a(lib_a-malloc.o) (_free_r)
c:/program files (x86)/atmel/studio/7.0/toolchain/arm/arm-gnu-toolchain/bin/../lib/gcc/arm-none-eabi/6.3.1/../../../../arm-none-eabi/lib/thumb/v7e-m\libc_nano.a(lib_a-nano-mallocr.o)
                              c:/program files (x86)/atmel/studio/7.0/toolchain/arm/arm-gnu-toolchain/bin/../lib/gcc/arm-none-eabi/6.3.1/../../../../arm-none-eabi/lib/thumb/v7e-m\libc_nano.a(lib_a-malloc.o) (_malloc_r)
c:/program files (x86)/atmel/studio/7.0/toolchain/arm/arm-gnu-toolchain/bin/../lib/gcc/arm-none-eabi/6.3.1/../../../../arm-none-eabi/lib/thumb/v7e-m\libc_nano.a(lib_a-printf.o)
                              grid/grid_d51.o (printf)
c:/program files (x86)/atmel/studio/7.0/toolchain/arm/arm-gnu-toolchain/bin/../lib/gcc/arm-none-eabi/6.3.1/../../../../arm-none-eabi/lib/thumb/v7e-m\libc_nano.a(lib_a-puts.o)
                              grid/grid_unittest.o (puts)
[...]
Memory Configuration

Name             Origin             Length             Attributes
rom              0x00004000         0x0007a000         xr
ram              0x20000000         0x00040000         xrw
bkupram          0x47000000         0x00002000         xrw
qspi             0x04000000         0x01000000         xrw
*default*        0x00000000         0xffffffff

Linker script and memory map

LOAD c:/program files (x86)/atmel/studio/7.0/toolchain/arm/arm-gnu-toolchain/bin/../lib/gcc/arm-none-eabi/6.3.1/thumb/v7e-m/crti.o
LOAD c:/program files (x86)/atmel/studio/7.0/toolchain/arm/arm-gnu-toolchain/bin/../lib/gcc/arm-none-eabi/6.3.1/thumb/v7e-m/crtbegin.o
LOAD c:/program files (x86)/atmel/studio/7.0/toolchain/arm/arm-gnu-toolchain/bin/../lib/gcc/arm-none-eabi/6.3.1/../../../../arm-none-eabi/lib/thumb/v7e-m/crt0.o
LOAD atmel_start.o
LOAD Device_Startup/startup_samd51.o
LOAD Device_Startup/system_samd51.o
LOAD driver_init.o
LOAD examples/driver_examples.o
LOAD flash/n25q256a.o
LOAD flash/spi_nor_flash.o
LOAD grid/grid_d51.o
LOAD grid/grid_debug.o
LOAD grid/grid_hardwaretest.o
LOAD grid/grid_nvm.o
LOAD grid/grid_unittest.o
LOAD grid/grid_ain.o
LOAD grid/grid_buf.o
LOAD grid/grid_led.o
LOAD grid/grid_module.o
LOAD grid/grid_module_bu16_revb.o
LOAD grid/grid_module_en16_reva.o
LOAD grid/grid_module_pbf4_reva.o
LOAD grid/grid_module_po16_revb.o
LOAD grid/grid_sys.o
LOAD grid/grid_ui.o
LOAD grid/grid_usb.o
LOAD hal/src/hal_adc_async.o
LOAD hal/src/hal_atomic.o
LOAD hal/src/hal_cache.o
LOAD hal/src/hal_crc_sync.o
LOAD hal/src/hal_delay.o
LOAD hal/src/hal_evsys.o
LOAD hal/src/hal_flash.o
LOAD hal/src/hal_gpio.o
LOAD hal/src/hal_i2c_m_async.o
LOAD hal/src/hal_init.o
LOAD hal/src/hal_io.o
LOAD hal/src/hal_qspi_dma.o
LOAD hal/src/hal_sleep.o
LOAD hal/src/hal_spi_m_async.o
LOAD hal/src/hal_spi_m_dma.o
LOAD hal/src/hal_timer.o
LOAD hal/src/hal_usart_async.o
LOAD hal/src/hal_usart_sync.o
LOAD hal/src/hal_usb_device.o
LOAD hal/src/hal_wdt.o
LOAD hal/utils/src/utils_assert.o
LOAD hal/utils/src/utils_event.o
LOAD hal/utils/src/utils_list.o
LOAD hal/utils/src/utils_ringbuffer.o
LOAD hal/utils/src/utils_syscalls.o
LOAD hpl/adc/hpl_adc.o
LOAD hpl/cmcc/hpl_cmcc.o
LOAD hpl/core/hpl_core_m4.o
LOAD hpl/core/hpl_init.o
LOAD hpl/dmac/hpl_dmac.o
LOAD hpl/dsu/hpl_dsu.o
LOAD hpl/evsys/hpl_evsys.o
LOAD hpl/gclk/hpl_gclk.o
LOAD hpl/mclk/hpl_mclk.o
LOAD hpl/nvmctrl/hpl_nvmctrl.o
LOAD hpl/osc32kctrl/hpl_osc32kctrl.o
LOAD hpl/oscctrl/hpl_oscctrl.o
LOAD hpl/pac/hpl_pac.o
LOAD hpl/pm/hpl_pm.o
LOAD hpl/qspi/hpl_qspi.o
LOAD hpl/ramecc/hpl_ramecc.o
LOAD hpl/rtc/hpl_rtc.o
LOAD hpl/sercom/hpl_sercom.o
LOAD hpl/systick/hpl_systick.o
LOAD hpl/tc/hpl_tc.o
LOAD hpl/usb/hpl_usb.o
LOAD hpl/wdt/hpl_wdt.o
LOAD main.o
LOAD stdio_redirect/gcc/read.o
LOAD stdio_redirect/gcc/write.o
LOAD stdio_redirect/stdio_io.o
LOAD stdio_start.o
LOAD usb/class/cdc/device/cdcdf_acm.o
LOAD usb/class/hid/device/hiddf_generic.o
LOAD usb/class/hid/device/hiddf_keyboard.o
LOAD usb/class/hid/device/hiddf_mouse.o
LOAD usb/class/midi/device/audiodf_midi.o
LOAD usb/class/midi/usb_protocol_midi.o
LOAD usb/class/msc/device/mscdf.o
LOAD usb/device/usbdc.o
LOAD usb/usb_protocol.o
LOAD usb_start.o
START GROUP
LOAD c:/program files (x86)/atmel/studio/7.0/toolchain/arm/arm-gnu-toolchain/bin/../lib/gcc/arm-none-eabi/6.3.1/../../../../arm-none-eabi/lib/thumb/v7e-m\libm.a
END GROUP
START GROUP
LOAD c:/program files (x86)/atmel/studio/7.0/toolchain/arm/arm-gnu-toolchain/bin/../lib/gcc/arm-none-eabi/6.3.1/thumb/v7e-m\libgcc.a
LOAD c:/program files (x86)/atmel/studio/7.0/toolchain/arm/arm-gnu-toolchain/bin/../lib/gcc/arm-none-eabi/6.3.1/../../../../arm-none-eabi/lib/thumb/v7e-m\libc_nano.a
END GROUP
START GROUP
LOAD c:/program files (x86)/atmel/studio/7.0/toolchain/arm/arm-gnu-toolchain/bin/../lib/gcc/arm-none-eabi/6.3.1/thumb/v7e-m\libgcc.a
LOAD c:/program files (x86)/atmel/studio/7.0/toolchain/arm/arm-gnu-toolchain/bin/../lib/gcc/arm-none-eabi/6.3.1/../../../../arm-none-eabi/lib/thumb/v7e-m\libc_nano.a
END GROUP
LOAD c:/program files (x86)/atmel/studio/7.0/toolchain/arm/arm-gnu-toolchain/bin/../lib/gcc/arm-none-eabi/6.3.1/thumb/v7e-m/crtend.o
LOAD c:/program files (x86)/atmel/studio/7.0/toolchain/arm/arm-gnu-toolchain/bin/../lib/gcc/arm-none-eabi/6.3.1/thumb/v7e-m/crtn.o
                0x00010000                STACK_SIZE = DEFINED (STACK_SIZE)?STACK_SIZE:DEFINED (__stack_size__)?__stack_size__:0x10000

.text           0x00004000     0xd3fc
                0x00004000                . = ALIGN (0x4)
                0x00004000                _sfixed = .
 *(.vectors .vectors.*)
 .vectors       0x00004000      0x264 Device_Startup/startup_samd51.o
                0x00004000                exception_table
 *(.text .text.* .gnu.linkonce.t.*)
 .text          0x00004264       0x6c c:/program files (x86)/atmel/studio/7.0/toolchain/arm/arm-gnu-toolchain/bin/../lib/gcc/arm-none-eabi/6.3.1/thumb/v7e-m/crtbegin.o
 .text.atmel_start_init
                0x000042d0       0x20 atmel_start.o
                0x000042d0                atmel_start_init
 .text.Dummy_Handler
                0x000042f0        0x2 Device_Startup/startup_samd51.o
                0x000042f0                EIC_5_Handler
                0x000042f0                SVCall_Handler
                0x000042f0                EIC_13_Handler
                0x000042f0                EVSYS_0_Handler
                0x000042f0                TCC1_3_Handler
                0x000042f0                DAC_3_Handler
                0x000042f0                TRNG_Handler
                0x000042f0                HardFault_Handler
                0x000042f0                PDEC_2_Handler
                0x000042f0                EIC_4_Handler
                0x000042f0                AC_Handler
                0x000042f0                SysTick_Handler
                0x000042f0                TCC2_3_Handler
                0x000042f0                PendSV_Handler
                0x000042f0                TC7_Handler
                0x000042f0                EVSYS_3_Handler
                0x000042f0                PDEC_0_Handler
                0x000042f0                QSPI_Handler
                0x000042f0                NonMaskableInt_Handler
                0x000042f0                TCC0_0_Handler
                0x000042f0                EIC_3_Handler
                0x000042f0                MemManagement_Handler
                0x000042f0                DAC_2_Handler
                0x000042f0                UsageFault_Handler
                0x000042f0                EIC_10_Handler
                0x000042f0                EIC_11_Handler
                0x000042f0                EIC_9_Handler
                0x000042f0                OSC32KCTRL_Handler
                0x000042f0                TCC2_1_Handler
                0x000042f0                SUPC_1_Handler
                0x000042f0                TCC0_5_Handler
                0x000042f0                TCC0_6_Handler
                0x000042f0                EVSYS_1_Handler
                0x000042f0                TCC1_4_Handler
                0x000042f0                TC6_Handler
                0x000042f0                WDT_Handler
                0x000042f0                EIC_8_Handler
                0x000042f0                EIC_15_Handler
                0x000042f0                TC4_Handler
                0x000042f0                OSCCTRL_4_Handler
                0x000042f0                EIC_12_Handler
                0x000042f0                TCC4_2_Handler
                0x000042f0                PAC_Handler
                0x000042f0                TCC1_0_Handler
                0x000042f0                OSCCTRL_0_Handler
                0x000042f0                EIC_0_Handler
                0x000042f0                OSCCTRL_3_Handler
                0x000042f0                Dummy_Handler
                0x000042f0                TCC3_0_Handler
                0x000042f0                TCC2_2_Handler
                0x000042f0                TCC1_1_Handler
                0x000042f0                OSCCTRL_2_Handler
                0x000042f0                TCC1_2_Handler
                0x000042f0                SERCOM7_1_Handler
                0x000042f0                PM_Handler
                0x000042f0                SERCOM2_3_Handler
                0x000042f0                DAC_4_Handler
                0x000042f0                TCC3_2_Handler
                0x000042f0                SERCOM7_0_Handler
                0x000042f0                TCC0_2_Handler
                0x000042f0                TCC4_0_Handler
                0x000042f0                SERCOM7_3_Handler
                0x000042f0                SDHC1_Handler
                0x000042f0                SERCOM7_2_Handler
                0x000042f0                TCC2_0_Handler
                0x000042f0                PDEC_1_Handler
                0x000042f0                TCC4_1_Handler
                0x000042f0                SDHC0_Handler
                0x000042f0                I2S_Handler
                0x000042f0                EIC_2_Handler
                0x000042f0                PCC_Handler
                0x000042f0                DAC_0_Handler
                0x000042f0                TCC0_1_Handler
                0x000042f0                EIC_6_Handler
                0x000042f0                OSCCTRL_1_Handler
                0x000042f0                PUKCC_Handler
                0x000042f0                SERCOM2_1_Handler
                0x000042f0                EIC_1_Handler
                0x000042f0                EVSYS_4_Handler
                0x000042f0                EIC_7_Handler
                0x000042f0                SERCOM2_2_Handler
                0x000042f0                TCC3_1_Handler
                0x000042f0                EIC_14_Handler
                0x000042f0                DAC_1_Handler
                0x000042f0                MCLK_Handler
                0x000042f0                EVSYS_2_Handler
                0x000042f0                SUPC_0_Handler
                0x000042f0                BusFault_Handler
                0x000042f0                FREQM_Handler
                0x000042f0                TCC0_3_Handler
                0x000042f0                DebugMonitor_Handler
                0x000042f0                TCC0_4_Handler
                0x000042f0                TC5_Handler
                0x000042f0                SERCOM2_0_Handler
                0x000042f0                AES_Handler
                0x000042f0                ICM_Handler
 *fill*         0x000042f2        0x2 
 .text.Reset_Handler
                0x000042f4       0x78 Device_Startup/startup_samd51.o
                0x000042f4                Reset_Handler
 .text._gpio_set_pin_function
                0x0000436c       0x68 driver_init.o
 .text.gpio_set_pin_direction
                0x000043d4       0x68 driver_init.o
 .text.ADC_0_init
                0x0000443c       0x80 driver_init.o
                0x0000443c                ADC_0_init
 .text.ADC_1_init
                0x000044bc       0x84 driver_init.o
                0x000044bc                ADC_1_init
 .text.CRC_0_init
                0x00004540       0x24 driver_init.o
                0x00004540                CRC_0_init
 .text.EVENT_SYSTEM_0_init
                0x00004564       0x30 driver_init.o
                0x00004564                EVENT_SYSTEM_0_init
 .text.FLASH_0_CLOCK_init
                0x00004594       0x10 driver_init.o
                0x00004594                FLASH_0_CLOCK_init
 .text.FLASH_0_init
                0x000045a4       0x24 driver_init.o
                0x000045a4                FLASH_0_init
 .text.QSPI_INSTANCE_PORT_init
                0x000045c8       0xdc driver_init.o
                0x000045c8                QSPI_INSTANCE_PORT_init
 .text.QSPI_INSTANCE_CLOCK_init
                0x000046a4       0x20 driver_init.o
                0x000046a4                QSPI_INSTANCE_CLOCK_init
 .text.QSPI_INSTANCE_init
                0x000046c4       0x2c driver_init.o
                0x000046c4                QSPI_INSTANCE_init
 .text.USART_EAST_CLOCK_init
                0x000046f0       0x24 driver_init.o
                0x000046f0                USART_EAST_CLOCK_init
 .text.USART_EAST_PORT_init
                0x00004714       0x24 driver_init.o
                0x00004714                USART_EAST_PORT_init
 .text.USART_EAST_init
                0x00004738       0x38 driver_init.o
                0x00004738                USART_EAST_init
 .text.USART_NORTH_CLOCK_init
                0x00004770       0x24 driver_init.o
                0x00004770                USART_NORTH_CLOCK_init
 .text.USART_NORTH_PORT_init
                0x00004794       0x24 driver_init.o
                0x00004794                USART_NORTH_PORT_init
 .text.USART_NORTH_init
                0x000047b8       0x38 driver_init.o
                0x000047b8                USART_NORTH_init
 .text.GRID_AUX_PORT_init
                0x000047f0       0x24 driver_init.o
                0x000047f0                GRID_AUX_PORT_init
 .text.GRID_AUX_CLOCK_init
                0x00004814       0x24 driver_init.o
                0x00004814                GRID_AUX_CLOCK_init
 .text.GRID_AUX_init
                0x00004838       0x2c driver_init.o
                0x00004838                GRID_AUX_init
 .text.UI_SPI_PORT_init
                0x00004864       0x68 driver_init.o
                0x00004864                UI_SPI_PORT_init
 .text.UI_SPI_CLOCK_init
                0x000048cc       0x24 driver_init.o
                0x000048cc                UI_SPI_CLOCK_init
 .text.UI_SPI_init
                0x000048f0       0x2c driver_init.o
                0x000048f0                UI_SPI_init
 .text.USART_WEST_CLOCK_init
                0x0000491c       0x24 driver_init.o
                0x0000491c                USART_WEST_CLOCK_init
 .text.USART_WEST_PORT_init
                0x00004940       0x24 driver_init.o
                0x00004940                USART_WEST_PORT_init
 .text.USART_WEST_init
                0x00004964       0x38 driver_init.o
                0x00004964                USART_WEST_init
 .text.SYS_I2C_PORT_init
                0x0000499c       0x40 driver_init.o
                0x0000499c                SYS_I2C_PORT_init
 .text.SYS_I2C_CLOCK_init
                0x000049dc       0x24 driver_init.o
                0x000049dc                SYS_I2C_CLOCK_init
 .text.SYS_I2C_init
                0x00004a00       0x2c driver_init.o
                0x00004a00                SYS_I2C_init
 .text.USART_SOUTH_CLOCK_init
                0x00004a2c       0x24 driver_init.o
                0x00004a2c                USART_SOUTH_CLOCK_init
 .text.USART_SOUTH_PORT_init
                0x00004a50       0x24 driver_init.o
                0x00004a50                USART_SOUTH_PORT_init
 .text.USART_SOUTH_init
                0x00004a74       0x38 driver_init.o
                0x00004a74                USART_SOUTH_init
 .text.GRID_LED_PORT_init
                0x00004aac       0x68 driver_init.o
                0x00004aac                GRID_LED_PORT_init
 .text.GRID_LED_CLOCK_init
                0x00004b14       0x24 driver_init.o
                0x00004b14                GRID_LED_CLOCK_init
 .text.GRID_LED_init
                0x00004b38       0x2c driver_init.o
                0x00004b38                GRID_LED_init
 .text.delay_driver_init
                0x00004b64       0x10 driver_init.o
                0x00004b64                delay_driver_init
 .text.USB_DEVICE_INSTANCE_PORT_init
                0x00004b74       0x60 driver_init.o
                0x00004b74                USB_DEVICE_INSTANCE_PORT_init
 .text.USB_DEVICE_INSTANCE_CLOCK_init
                0x00004bd4       0x24 driver_init.o
                0x00004bd4                USB_DEVICE_INSTANCE_CLOCK_init
 .text.USB_DEVICE_INSTANCE_init
                0x00004bf8       0x20 driver_init.o
                0x00004bf8                USB_DEVICE_INSTANCE_init
 .text.WDT_0_CLOCK_init
                0x00004c18       0x10 driver_init.o
                0x00004c18                WDT_0_CLOCK_init
 .text.WDT_0_init
                0x00004c28       0x24 driver_init.o
                0x00004c28                WDT_0_init
 .text.system_init
                0x00004c4c      0x2a8 driver_init.o
                0x00004c4c                system_init
 .text.grid_d51_bitmap_write_bit
                0x00004ef4       0x3a grid/grid_d51.o
                0x00004ef4                grid_d51_bitmap_write_bit
 *fill*         0x00004f2e        0x2 
 .text.grid_d51_verify_user_row
                0x00004f30      0x198 grid/grid_d51.o
                0x00004f30                grid_d51_verify_user_row
 .text.grid_d51_init
                0x000050c8       0x4c grid/grid_d51.o
                0x000050c8                grid_d51_init
 .text.grid_nvm_clear_read_buffer
                0x00005114       0x26 grid/grid_nvm.o
                0x00005114                grid_nvm_clear_read_buffer
 .text.grid_nvm_clear_write_buffer
                0x0000513a       0x26 grid/grid_nvm.o
                0x0000513a                grid_nvm_clear_write_buffer
 .text.grid_nvm_init
                0x00005160       0x2c grid/grid_nvm.o
                0x00005160                grid_nvm_init
 .text.grid_ain_channel_init
                0x0000518c       0x34 grid/grid_ain.o
                0x0000518c                grid_ain_channel_init
 .text.grid_ain_init
                0x000051c0       0x44 grid/grid_ain.o
                0x000051c0                grid_ain_init
 .text.grid_ain_add_sample
                0x00005204       0xd0 grid/grid_ain.o
                0x00005204                grid_ain_add_sample
 .text.grid_ain_get_changed
                0x000052d4       0x10 grid/grid_ain.o
                0x000052d4                grid_ain_get_changed
 .text.grid_ain_get_average
                0x000052e4       0x28 grid/grid_ain.o
                0x000052e4                grid_ain_get_average
 .text.grid_port_reset_receiver
                0x0000530c       0x90 grid/grid_buf.o
                0x0000530c                grid_port_reset_receiver
 .text.grid_port_receive_task
                0x0000539c      0x118 grid/grid_buf.o
                0x0000539c                grid_port_receive_task
 .text.grid_buffer_init
                0x000054b4       0x44 grid/grid_buf.o
                0x000054b4                grid_buffer_init
 .text.grid_buffer_write_size
                0x000054f8       0x14 grid/grid_buf.o
                0x000054f8                grid_buffer_write_size
 .text.grid_buffer_write_init
                0x0000550c       0x2c grid/grid_buf.o
                0x0000550c                grid_buffer_write_init
 .text.grid_buffer_write_character
                0x00005538       0x1c grid/grid_buf.o
                0x00005538                grid_buffer_write_character
 .text.grid_buffer_write_acknowledge
                0x00005554       0x10 grid/grid_buf.o
                0x00005554                grid_buffer_write_acknowledge
 .text.grid_port_receive_decode
                0x00005564      0x524 grid/grid_buf.o
                0x00005564                grid_port_receive_decode
 .text.grid_port_receive_complete_task
                0x00005a88       0x74 grid/grid_buf.o
                0x00005a88                grid_port_receive_complete_task
 .text.grid_buffer_read_size
                0x00005afc       0x4c grid/grid_buf.o
                0x00005afc                grid_buffer_read_size
 .text.grid_buffer_read_init
                0x00005b48       0x5c grid/grid_buf.o
                0x00005b48                grid_buffer_read_init
 .text.grid_buffer_read_character
                0x00005ba4       0x24 grid/grid_buf.o
                0x00005ba4                grid_buffer_read_character
 .text.grid_buffer_read_acknowledge
                0x00005bc8       0x10 grid/grid_buf.o
                0x00005bc8                grid_buffer_read_acknowledge
 .text.grid_port_init
                0x00005bd8      0x158 grid/grid_buf.o
                0x00005bd8                grid_port_init
 .text.grid_port_init_all
                0x00005d30       0xd4 grid/grid_buf.o
                0x00005d30                grid_port_init_all
 .text.grid_port_process_inbound
                0x00005e04      0x1ac grid/grid_buf.o
                0x00005e04                grid_port_process_inbound
 .text.grid_port_process_outbound_usb
                0x00005fb0      0x190 grid/grid_buf.o
                0x00005fb0                grid_port_process_outbound_usb
 .text.grid_port_process_outbound_ui
                0x00006140      0x448 grid/grid_buf.o
                0x00006140                grid_port_process_outbound_ui
 .text.grid_port_process_outbound_usart
                0x00006588       0x6c grid/grid_buf.o
                0x00006588                grid_port_process_outbound_usart
 .text.grid_led_lowlevel_hardware_transfer_complete_cb
                0x000065f4        0xc grid/grid_led.o
                0x000065f4                grid_led_lowlevel_hardware_transfer_complete_cb
 .text.grid_led_lowlevel_set_color
                0x00006600       0x4c grid/grid_led.o
                0x00006600                grid_led_lowlevel_set_color
 .text.grid_led_hardware_init
                0x0000664c       0x2c grid/grid_led.o
                0x0000664c                grid_led_hardware_init
 .text.grid_led_get_led_number
                0x00006678        0x4 grid/grid_led.o
                0x00006678                grid_led_get_led_number
 .text.grid_led_tick
                0x0000667c       0x34 grid/grid_led.o
                0x0000667c                grid_led_tick
 .text.grid_led_set_min
                0x000066b0       0x20 grid/grid_led.o
                0x000066b0                grid_led_set_min
 .text.grid_led_set_mid
                0x000066d0       0x20 grid/grid_led.o
                0x000066d0                grid_led_set_mid
 .text.grid_led_set_max
                0x000066f0       0x20 grid/grid_led.o
                0x000066f0                grid_led_set_max
 .text.grid_led_set_color
                0x00006710       0x6c grid/grid_led.o
                0x00006710                grid_led_set_color
 .text.grid_led_set_phase
                0x0000677c       0x14 grid/grid_led.o
                0x0000677c                grid_led_set_phase
 .text.grid_led_set_frequency
                0x00006790       0x14 grid/grid_led.o
                0x00006790                grid_led_set_frequency
 .text.grid_led_buffer_init
                0x000067a4      0x16c grid/grid_led.o
                0x000067a4                grid_led_buffer_init
 .text.grid_led_lowlevel_init
                0x00006910       0xb0 grid/grid_led.o
                0x00006910                grid_led_lowlevel_init
 .text.grid_led_lowlevel_render
                0x000069c0       0xb0 grid/grid_led.o
                0x000069c0                grid_led_lowlevel_render
 .text.grid_led_lowlevel_render_all
                0x00006a70       0x20 grid/grid_led.o
                0x00006a70                grid_led_lowlevel_render_all
 .text.grid_led_lowlevel_hardware_start_transfer
                0x00006a90       0x30 grid/grid_led.o
                0x00006a90                grid_led_lowlevel_hardware_start_transfer
 .text.grid_module_common_init
                0x00006ac0      0x23c grid/grid_module.o
                0x00006ac0                grid_module_common_init
 .text.grid_module_bu16_revb_hardware_start_transfer
                0x00006cfc       0x20 grid/grid_module_bu16_revb.o
                0x00006cfc                grid_module_bu16_revb_hardware_start_transfer
 .text.grid_module_bu16_revb_hardware_transfer_complete_cb
                0x00006d1c      0x23c grid/grid_module_bu16_revb.o
 .text.grid_module_bu16_revb_hardware_init
                0x00006f58       0x48 grid/grid_module_bu16_revb.o
                0x00006f58                grid_module_bu16_revb_hardware_init
 .text.grid_module_bu16_revb_init
                0x00006fa0       0xe0 grid/grid_module_bu16_revb.o
                0x00006fa0                grid_module_bu16_revb_init
 .text.grid_module_en16_reva_hardware_start_transfer
                0x00007080       0x3c grid/grid_module_en16_reva.o
                0x00007080                grid_module_en16_reva_hardware_start_transfer
 *fill*         0x000070bc        0x4 
 .text.grid_module_en16_reva_hardware_transfer_complete_cb
                0x000070c0      0x37c grid/grid_module_en16_reva.o
                0x000070c0                grid_module_en16_reva_hardware_transfer_complete_cb
 .text.grid_module_en16_reva_hardware_init
                0x0000743c       0x68 grid/grid_module_en16_reva.o
                0x0000743c                grid_module_en16_reva_hardware_init
 .text.grid_module_en16_reva_init
                0x000074a4      0x124 grid/grid_module_en16_reva.o
                0x000074a4                grid_module_en16_reva_init
 .text.grid_module_pbf4_reva_hardware_start_transfer
                0x000075c8       0x20 grid/grid_module_pbf4_reva.o
                0x000075c8                grid_module_pbf4_reva_hardware_start_transfer
 .text.grid_module_pbf4_reva_hardware_transfer_complete_cb
                0x000075e8      0x398 grid/grid_module_pbf4_reva.o
                0x000075e8                grid_module_pbf4_reva_hardware_transfer_complete_cb
 .text.grid_module_pbf4_reva_hardware_init
                0x00007980       0x48 grid/grid_module_pbf4_reva.o
                0x00007980                grid_module_pbf4_reva_hardware_init
 .text.grid_module_pbf4_reva_init
                0x000079c8      0x120 grid/grid_module_pbf4_reva.o
                0x000079c8                grid_module_pbf4_reva_init
 .text.grid_module_po16_revb_hardware_start_transfer
                0x00007ae8       0x20 grid/grid_module_po16_revb.o
                0x00007ae8                grid_module_po16_revb_hardware_start_transfer
 .text.grid_module_po16_revb_hardware_transfer_complete_cb
                0x00007b08      0x278 grid/grid_module_po16_revb.o
 .text.grid_module_po16_revb_hardware_init
                0x00007d80       0x48 grid/grid_module_po16_revb.o
                0x00007d80                grid_module_po16_revb_hardware_init
 .text.grid_module_po16_revb_init
                0x00007dc8       0xcc grid/grid_module_po16_revb.o
                0x00007dc8                grid_module_po16_revb_init
 .text.gpio_set_pin_pull_mode.constprop.3
                0x00007e94       0x28 grid/grid_sys.o
 .text.grid_task_enter_task
                0x00007ebc        0x8 grid/grid_sys.o
                0x00007ebc                grid_task_enter_task
 .text.grid_task_timer_tick
                0x00007ec4        0xe grid/grid_sys.o
                0x00007ec4                grid_task_timer_tick
 .text.grid_task_timer_reset
                0x00007ed2       0x10 grid/grid_sys.o
                0x00007ed2                grid_task_timer_reset
 .text.grid_task_timer_read
                0x00007ee2        0x8 grid/grid_sys.o
                0x00007ee2                grid_task_timer_read
 *fill*         0x00007eea        0x2 
 .text.grid_sys_load_bank_settings
                0x00007eec       0x78 grid/grid_sys.o
                0x00007eec                grid_sys_load_bank_settings
 .text.grid_sys_clear_bank_settings
                0x00007f64       0x18 grid/grid_sys.o
                0x00007f64                grid_sys_clear_bank_settings
 .text.tx_cb_USART_GRID
                0x00007f7c       0x1a grid/grid_sys.o
                0x00007f7c                tx_cb_USART_GRID
 *fill*         0x00007f96        0x2 
 .text.tx_cb_USART_GRID_W
                0x00007f98       0x10 grid/grid_sys.o
 .text.tx_cb_USART_GRID_S
                0x00007fa8       0x10 grid/grid_sys.o
 .text.tx_cb_USART_GRID_E
                0x00007fb8       0x10 grid/grid_sys.o
 .text.tx_cb_USART_GRID_N
                0x00007fc8       0x10 grid/grid_sys.o
 .text.err_cb_USART_GRID
                0x00007fd8       0x10 grid/grid_sys.o
                0x00007fd8                err_cb_USART_GRID
 .text.err_cb_USART_GRID_W
                0x00007fe8       0x10 grid/grid_sys.o
 .text.err_cb_USART_GRID_S
                0x00007ff8       0x10 grid/grid_sys.o
 .text.err_cb_USART_GRID_E
                0x00008008       0x10 grid/grid_sys.o
 .text.err_cb_USART_GRID_N
                0x00008018       0x10 grid/grid_sys.o
 .text.grid_sys_port_reset_dma
                0x00008028       0x20 grid/grid_sys.o
                0x00008028                grid_sys_port_reset_dma
 .text.dma_transfer_complete_n_cb
                0x00008048       0x10 grid/grid_sys.o
                0x00008048                dma_transfer_complete_n_cb
 .text.dma_transfer_complete_e_cb
                0x00008058       0x10 grid/grid_sys.o
                0x00008058                dma_transfer_complete_e_cb
 .text.dma_transfer_complete_s_cb
                0x00008068       0x10 grid/grid_sys.o
                0x00008068                dma_transfer_complete_s_cb
 .text.dma_transfer_complete_w_cb
                0x00008078       0x10 grid/grid_sys.o
                0x00008078                dma_transfer_complete_w_cb
 .text.grid_sys_uart_init
                0x00008088      0x104 grid/grid_sys.o
                0x00008088                grid_sys_uart_init
 .text.grid_sys_dma_rx_init_one
                0x0000818c       0x64 grid/grid_sys.o
                0x0000818c                grid_sys_dma_rx_init_one
 .text.grid_sys_dma_rx_init
                0x000081f0       0x6c grid/grid_sys.o
                0x000081f0                grid_sys_dma_rx_init
 .text.grid_sys_init
                0x0000825c       0x68 grid/grid_sys.o
                0x0000825c                grid_sys_init
 .text.grid_sys_bank_enable
                0x000082c4       0x10 grid/grid_sys.o
                0x000082c4                grid_sys_bank_enable
 .text.grid_sys_bank_disable
                0x000082d4       0x12 grid/grid_sys.o
                0x000082d4                grid_sys_bank_disable
 .text.grid_sys_bank_set_color
                0x000082e6       0x16 grid/grid_sys.o
                0x000082e6                grid_sys_bank_set_color
 .text.grid_sys_get_bank_num
                0x000082fc        0x4 grid/grid_sys.o
                0x000082fc                grid_sys_get_bank_num
 .text.grid_sys_get_bank_red
                0x00008300        0x4 grid/grid_sys.o
                0x00008300                grid_sys_get_bank_red
 .text.grid_sys_get_bank_gre
                0x00008304        0x4 grid/grid_sys.o
                0x00008304                grid_sys_get_bank_gre
 .text.grid_sys_get_bank_blu
                0x00008308        0x4 grid/grid_sys.o
                0x00008308                grid_sys_get_bank_blu
 .text.grid_sys_get_bank_next
                0x0000830c       0x24 grid/grid_sys.o
                0x0000830c                grid_sys_get_bank_next
 .text.grid_sys_set_bank
                0x00008330       0x2e grid/grid_sys.o
                0x00008330                grid_sys_set_bank
 .text.grid_sys_rtc_get_time
                0x0000835e        0x4 grid/grid_sys.o
                0x0000835e                grid_sys_rtc_get_time
 .text.grid_sys_rtc_get_elapsed_time
                0x00008362        0x6 grid/grid_sys.o
                0x00008362                grid_sys_rtc_get_elapsed_time
 .text.grid_sys_rtc_tick_time
                0x00008368        0x8 grid/grid_sys.o
                0x00008368                grid_sys_rtc_tick_time
 .text.grid_sys_alert_read_color_changed_flag
                0x00008370        0x4 grid/grid_sys.o
                0x00008370                grid_sys_alert_read_color_changed_flag
 .text.grid_sys_alert_clear_color_changed_flag
                0x00008374        0x6 grid/grid_sys.o
                0x00008374                grid_sys_alert_clear_color_changed_flag
 .text.grid_sys_alert_get_color_intensity
                0x0000837a       0x42 grid/grid_sys.o
                0x0000837a                grid_sys_alert_get_color_intensity
 .text.grid_sys_alert_set_alert
                0x000083bc       0x1a grid/grid_sys.o
                0x000083bc                grid_sys_alert_set_alert
 .text.grid_sys_alert_get_color_r
                0x000083d6        0x4 grid/grid_sys.o
                0x000083d6                grid_sys_alert_get_color_r
 .text.grid_sys_alert_get_color_g
                0x000083da        0x4 grid/grid_sys.o
                0x000083da                grid_sys_alert_get_color_g
 .text.grid_sys_alert_get_color_b
                0x000083de        0x4 grid/grid_sys.o
                0x000083de                grid_sys_alert_get_color_b
 .text.grid_sys_read_hex_char_value
                0x000083e2       0x28 grid/grid_sys.o
                0x000083e2                grid_sys_read_hex_char_value
 *fill*         0x0000840a        0x2 
 .text.grid_sys_read_hex_string_value
                0x0000840c       0x30 grid/grid_sys.o
                0x0000840c                grid_sys_read_hex_string_value
 .text.grid_sys_write_hex_string_value
                0x0000843c       0x34 grid/grid_sys.o
                0x0000843c                grid_sys_write_hex_string_value
 .text.grid_sys_get_hwcfg
                0x00008470       0xe4 grid/grid_sys.o
                0x00008470                grid_sys_get_hwcfg
 .text.grid_msg_checksum_calculate
                0x00008554       0x1a grid/grid_sys.o
                0x00008554                grid_msg_checksum_calculate
 *fill*         0x0000856e        0x2 
 .text.grid_msg_checksum_read
                0x00008570       0x1c grid/grid_sys.o
                0x00008570                grid_msg_checksum_read
 .text.grid_msg_checksum_write
                0x0000858c       0x10 grid/grid_sys.o
                0x0000858c                grid_msg_checksum_write
 .text.grid_sys_store_bank_settings
                0x0000859c      0x190 grid/grid_sys.o
                0x0000859c                grid_sys_store_bank_settings
 .text.grid_debug_print_text
                0x0000872c      0x184 grid/grid_sys.o
                0x0000872c                grid_debug_print_text
 .text.grid_msg_get_parameter
                0x000088b0       0x18 grid/grid_sys.o
                0x000088b0                grid_msg_get_parameter
 .text.grid_msg_set_parameter
                0x000088c8       0x14 grid/grid_sys.o
                0x000088c8                grid_msg_set_parameter
 .text.grid_msg_find_recent
                0x000088dc       0x1a grid/grid_sys.o
                0x000088dc                grid_msg_find_recent
 .text.grid_msg_push_recent
                0x000088f6       0x16 grid/grid_sys.o
                0x000088f6                grid_msg_push_recent
 .text.grid_ui_model_init
                0x0000890c       0x38 grid/grid_ui.o
                0x0000890c                grid_ui_model_init
 .text.grid_ui_event_init
                0x00008944       0x44 grid/grid_ui.o
                0x00008944                grid_ui_event_init
 .text.grid_ui_element_init
                0x00008988       0xe4 grid/grid_ui.o
                0x00008988                grid_ui_element_init
 .text.grid_ui_event_register_action
                0x00008a6c       0xd6 grid/grid_ui.o
                0x00008a6c                grid_ui_event_register_action
 .text.grid_ui_event_find
                0x00008b42       0x28 grid/grid_ui.o
                0x00008b42                grid_ui_event_find
 .text.grid_ui_event_trigger
                0x00008b6a        0x6 grid/grid_ui.o
                0x00008b6a                grid_ui_event_trigger
 .text.grid_ui_event_render_action
                0x00008b70       0x1a grid/grid_ui.o
                0x00008b70                grid_ui_event_render_action
 *fill*         0x00008b8a        0x2 
 .text.grid_port_process_ui
                0x00008b8c      0x588 grid/grid_ui.o
                0x00008b8c                grid_port_process_ui
 .text.grid_ui_event_template_action
                0x00009114      0x10c grid/grid_ui.o
                0x00009114                grid_ui_event_template_action
 .text.grid_usb_serial_bulkin_cb
                0x00009220        0x4 grid/grid_usb.o
 .text.grid_usb_serial_statechange_cb
                0x00009224       0x28 grid/grid_usb.o
 .text.grid_usb_midi_bulkin_cb
                0x0000924c       0x28 grid/grid_usb.o
 .text.grid_usb_midi_bulkout_cb
                0x00009274       0x28 grid/grid_usb.o
 .text.grid_usb_serial_bulkout_cb
                0x0000929c        0x4 grid/grid_usb.o
 .text.grid_usb_serial_init
                0x000092a0       0x10 grid/grid_usb.o
                0x000092a0                grid_usb_serial_init
 .text.grid_usb_midi_init
                0x000092b0       0x24 grid/grid_usb.o
                0x000092b0                grid_usb_midi_init
 .text.adc_async_window_threshold_reached
                0x000092d4        0x8 hal/src/hal_adc_async.o
 .text.adc_async_error_occured
                0x000092dc        0x8 hal/src/hal_adc_async.o
 .text.adc_async_channel_conversion_done
                0x000092e4       0x68 hal/src/hal_adc_async.o
 .text.adc_async_init
                0x0000934c       0x4c hal/src/hal_adc_async.o
                0x0000934c                adc_async_init
 .text.adc_async_register_channel_buffer
                0x00009398       0x6c hal/src/hal_adc_async.o
                0x00009398                adc_async_register_channel_buffer
 .text.adc_async_enable_channel
                0x00009404       0x10 hal/src/hal_adc_async.o
                0x00009404                adc_async_enable_channel
 .text.adc_async_register_callback
                0x00009414       0x3c hal/src/hal_adc_async.o
                0x00009414                adc_async_register_callback
 .text.adc_async_read_channel
                0x00009450       0x74 hal/src/hal_adc_async.o
                0x00009450                adc_async_read_channel
 .text.adc_async_start_conversion
                0x000094c4       0x10 hal/src/hal_adc_async.o
                0x000094c4                adc_async_start_conversion
 .text.atomic_enter_critical
                0x000094d4        0xe hal/src/hal_atomic.o
                0x000094d4                atomic_enter_critical
 .text.atomic_leave_critical
                0x000094e2        0xc hal/src/hal_atomic.o
                0x000094e2                atomic_leave_critical
 *fill*         0x000094ee        0x2 
 .text.crc_sync_init
                0x000094f0        0x8 hal/src/hal_crc_sync.o
                0x000094f0                crc_sync_init
 .text.delay_init
                0x000094f8       0x10 hal/src/hal_delay.o
                0x000094f8                delay_init
 .text.delay_us
                0x00009508       0x24 hal/src/hal_delay.o
                0x00009508                delay_us
 .text.delay_ms
                0x0000952c       0x24 hal/src/hal_delay.o
                0x0000952c                delay_ms
 .text.event_system_init
                0x00009550        0x8 hal/src/hal_evsys.o
                0x00009550                event_system_init
 .text.flash_ready
                0x00009558        0x8 hal/src/hal_flash.o
 .text.flash_error
                0x00009560        0x8 hal/src/hal_flash.o
 .text.flash_init
                0x00009568       0x20 hal/src/hal_flash.o
                0x00009568                flash_init
 .text.flash_read
                0x00009588       0x4c hal/src/hal_flash.o
                0x00009588                flash_read
 .text.flash_write
                0x000095d4       0x64 hal/src/hal_flash.o
                0x000095d4                flash_write
 .text.flash_erase
                0x00009638       0x60 hal/src/hal_flash.o
                0x00009638                flash_erase
 .text.i2c_m_async_write
                0x00009698       0x2c hal/src/hal_i2c_m_async.o
 .text.i2c_m_async_read
                0x000096c4       0x2c hal/src/hal_i2c_m_async.o
 .text.i2c_tx_complete
                0x000096f0        0xe hal/src/hal_i2c_m_async.o
 .text.i2c_rx_complete
                0x000096fe        0xe hal/src/hal_i2c_m_async.o
 .text.i2c_error
                0x0000970c        0xe hal/src/hal_i2c_m_async.o
 *fill*         0x0000971a        0x2 
 .text.i2c_m_async_init
                0x0000971c       0x50 hal/src/hal_i2c_m_async.o
                0x0000971c                i2c_m_async_init
 .text.io_write
                0x0000976c        0x4 hal/src/hal_io.o
                0x0000976c                io_write
 .text.io_read  0x00009770        0x4 hal/src/hal_io.o
                0x00009770                io_read
 .text.qspi_dma_init
                0x00009774        0x8 hal/src/hal_qspi_dma.o
                0x00009774                qspi_dma_init
 .text._spi_m_async_io_write
                0x0000977c       0x20 hal/src/hal_spi_m_async.o
 .text._spi_m_async_io_read
                0x0000979c       0x34 hal/src/hal_spi_m_async.o
 .text._spi_dev_error
                0x000097d0       0x40 hal/src/hal_spi_m_async.o
 .text._spi_dev_complete
                0x00009810       0x2c hal/src/hal_spi_m_async.o
 .text._spi_dev_rx
                0x0000983c       0x7c hal/src/hal_spi_m_async.o
 .text._spi_dev_tx
                0x000098b8       0x48 hal/src/hal_spi_m_async.o
 .text.spi_m_async_init
                0x00009900       0x64 hal/src/hal_spi_m_async.o
                0x00009900                spi_m_async_init
 .text.spi_m_async_enable
                0x00009964        0xc hal/src/hal_spi_m_async.o
                0x00009964                spi_m_async_enable
 .text.spi_m_async_set_baudrate
                0x00009970       0x18 hal/src/hal_spi_m_async.o
                0x00009970                spi_m_async_set_baudrate
 .text.spi_m_async_set_mode
                0x00009988       0x18 hal/src/hal_spi_m_async.o
                0x00009988                spi_m_async_set_mode
 .text.spi_m_async_transfer
                0x000099a0       0x48 hal/src/hal_spi_m_async.o
                0x000099a0                spi_m_async_transfer
 .text.spi_m_async_register_callback
                0x000099e8       0x1c hal/src/hal_spi_m_async.o
                0x000099e8                spi_m_async_register_callback
 .text.spi_m_async_get_io_descriptor
                0x00009a04        0x8 hal/src/hal_spi_m_async.o
                0x00009a04                spi_m_async_get_io_descriptor
 .text._spi_m_dma_io_write
                0x00009a0c       0x18 hal/src/hal_spi_m_dma.o
 .text._spi_m_dma_io_read
                0x00009a24       0x18 hal/src/hal_spi_m_dma.o
 .text.spi_m_dma_init
                0x00009a3c       0x24 hal/src/hal_spi_m_dma.o
                0x00009a3c                spi_m_dma_init
 .text.spi_m_dma_enable
                0x00009a60        0xc hal/src/hal_spi_m_dma.o
                0x00009a60                spi_m_dma_enable
 .text.spi_m_dma_register_callback
                0x00009a6c        0xc hal/src/hal_spi_m_dma.o
                0x00009a6c                spi_m_dma_register_callback
 .text.spi_m_dma_get_io_descriptor
                0x00009a78        0x8 hal/src/hal_spi_m_dma.o
                0x00009a78                spi_m_dma_get_io_descriptor
 .text.timer_add_timer_task
                0x00009a80       0x4c hal/src/hal_timer.o
 .text.timer_process_counted
                0x00009acc       0x6c hal/src/hal_timer.o
 .text.timer_init
                0x00009b38       0x1c hal/src/hal_timer.o
                0x00009b38                timer_init
 .text.timer_start
                0x00009b54       0x24 hal/src/hal_timer.o
                0x00009b54                timer_start
 .text.timer_add_task
                0x00009b78       0x78 hal/src/hal_timer.o
                0x00009b78                timer_add_task
 .text.usart_transmission_complete
                0x00009bf0       0x10 hal/src/hal_usart_async.o
 .text.usart_error
                0x00009c00       0x10 hal/src/hal_usart_async.o
 .text.usart_fill_rx_buffer
                0x00009c10       0x20 hal/src/hal_usart_async.o
 .text.usart_async_write
                0x00009c30       0x34 hal/src/hal_usart_async.o
 .text.usart_process_byte_sent
                0x00009c64       0x34 hal/src/hal_usart_async.o
 .text.usart_async_read
                0x00009c98       0x54 hal/src/hal_usart_async.o
 .text.usart_async_init
                0x00009cec       0x60 hal/src/hal_usart_async.o
                0x00009cec                usart_async_init
 .text.usart_async_enable
                0x00009d4c       0x10 hal/src/hal_usart_async.o
                0x00009d4c                usart_async_enable
 .text.usart_async_disable
                0x00009d5c       0x10 hal/src/hal_usart_async.o
                0x00009d5c                usart_async_disable
 .text.usart_async_get_io_descriptor
                0x00009d6c        0x6 hal/src/hal_usart_async.o
                0x00009d6c                usart_async_get_io_descriptor
 *fill*         0x00009d72        0x2 
 .text.usart_async_register_callback
                0x00009d74       0x44 hal/src/hal_usart_async.o
                0x00009d74                usart_async_register_callback
 .text.usart_async_set_parity
                0x00009db8       0x10 hal/src/hal_usart_async.o
                0x00009db8                usart_async_set_parity
 .text.usart_sync_write
                0x00009dc8       0x50 hal/src/hal_usart_sync.o
 .text.usart_sync_read
                0x00009e18       0x38 hal/src/hal_usart_sync.o
 .text.usart_sync_init
                0x00009e50       0x24 hal/src/hal_usart_sync.o
                0x00009e50                usart_sync_init
 .text.usart_sync_enable
                0x00009e74       0x10 hal/src/hal_usart_sync.o
                0x00009e74                usart_sync_enable
 .text._usb_d_find_ep
                0x00009e84       0x30 hal/src/hal_usb_device.o
 .text.usb_d_dummy_cb_false
                0x00009eb4        0x4 hal/src/hal_usb_device.o
 .text.usb_d_cb_trans_more
                0x00009eb8       0x30 hal/src/hal_usb_device.o
 .text._usb_d_cb_trans_done
                0x00009ee8      0x108 hal/src/hal_usb_device.o
 .text.usb_d_cb_trans_setup
                0x00009ff0       0x8c hal/src/hal_usb_device.o
 .text.usb_d_init
                0x0000a07c       0x68 hal/src/hal_usb_device.o
                0x0000a07c                usb_d_init
 .text.usb_d_register_callback
                0x0000a0e4        0x8 hal/src/hal_usb_device.o
                0x0000a0e4                usb_d_register_callback
 .text.usb_d_enable
                0x0000a0ec        0x8 hal/src/hal_usb_device.o
                0x0000a0ec                usb_d_enable
 .text.usb_d_attach
                0x0000a0f4        0x8 hal/src/hal_usb_device.o
                0x0000a0f4                usb_d_attach
 .text.usb_d_get_frame_num
                0x0000a0fc        0x8 hal/src/hal_usb_device.o
                0x0000a0fc                usb_d_get_frame_num
 .text.usb_d_set_address
                0x0000a104        0x8 hal/src/hal_usb_device.o
                0x0000a104                usb_d_set_address
 .text.usb_d_ep_init
                0x0000a10c       0x50 hal/src/hal_usb_device.o
                0x0000a10c                usb_d_ep_init
 .text.usb_d_ep0_init
                0x0000a15c       0x10 hal/src/hal_usb_device.o
                0x0000a15c                usb_d_ep0_init
 .text.usb_d_ep_deinit
                0x0000a16c       0x2c hal/src/hal_usb_device.o
                0x0000a16c                usb_d_ep_deinit
 .text.usb_d_ep_enable
                0x0000a198       0x40 hal/src/hal_usb_device.o
                0x0000a198                usb_d_ep_enable
 .text.usb_d_ep_transfer
                0x0000a1d8       0xf8 hal/src/hal_usb_device.o
                0x0000a1d8                usb_d_ep_transfer
 .text.usb_d_ep_halt
                0x0000a2d0       0x64 hal/src/hal_usb_device.o
                0x0000a2d0                usb_d_ep_halt
 .text.usb_d_ep_register_callback
                0x0000a334       0x4c hal/src/hal_usb_device.o
                0x0000a334                usb_d_ep_register_callback
 .text.is_list_element
                0x0000a380        0xe hal/utils/src/utils_list.o
                0x0000a380                is_list_element
 .text.list_insert_as_head
                0x0000a38e        0x8 hal/utils/src/utils_list.o
                0x0000a38e                list_insert_as_head
 .text.list_insert_after
                0x0000a396        0x8 hal/utils/src/utils_list.o
                0x0000a396                list_insert_after
 .text.list_insert_at_end
                0x0000a39e       0x18 hal/utils/src/utils_list.o
                0x0000a39e                list_insert_at_end
 .text.list_remove_head
                0x0000a3b6        0xc hal/utils/src/utils_list.o
                0x0000a3b6                list_remove_head
 .text.ringbuffer_init
                0x0000a3c2       0x18 hal/utils/src/utils_ringbuffer.o
                0x0000a3c2                ringbuffer_init
 .text.ringbuffer_get
                0x0000a3da       0x22 hal/utils/src/utils_ringbuffer.o
                0x0000a3da                ringbuffer_get
 .text.ringbuffer_put
                0x0000a3fc       0x26 hal/utils/src/utils_ringbuffer.o
                0x0000a3fc                ringbuffer_put
 .text.ringbuffer_num
                0x0000a422        0x8 hal/utils/src/utils_ringbuffer.o
                0x0000a422                ringbuffer_num
 *fill*         0x0000a42a        0x2 
 .text._sbrk    0x0000a42c       0x1c hal/utils/src/utils_syscalls.o
                0x0000a42c                _sbrk
 .text._close   0x0000a448        0x6 hal/utils/src/utils_syscalls.o
                0x0000a448                _close
 .text._fstat   0x0000a44e        0xa hal/utils/src/utils_syscalls.o
                0x0000a44e                _fstat
 .text._isatty  0x0000a458        0x4 hal/utils/src/utils_syscalls.o
                0x0000a458                _isatty
 .text._lseek   0x0000a45c        0x4 hal/utils/src/utils_syscalls.o
                0x0000a45c                _lseek
 .text.__NVIC_DisableIRQ
                0x0000a460       0x28 hpl/adc/hpl_adc.o
 .text.__NVIC_ClearPendingIRQ
                0x0000a488       0x20 hpl/adc/hpl_adc.o
 .text.hri_adc_wait_for_sync
                0x0000a4a8        0x8 hpl/adc/hpl_adc.o
 .text.hri_adc_set_CTRLA_ENABLE_bit
                0x0000a4b0       0x14 hpl/adc/hpl_adc.o
 .text.hri_adc_clear_CTRLA_ENABLE_bit
                0x0000a4c4       0x18 hpl/adc/hpl_adc.o
 .text._adc_get_regs
                0x0000a4dc       0x14 hpl/adc/hpl_adc.o
 .text._adc_interrupt_handler
                0x0000a4f0       0x4e hpl/adc/hpl_adc.o
 .text._adc_get_irq_num.isra.0
                0x0000a53e       0x14 hpl/adc/hpl_adc.o
 *fill*         0x0000a552        0x2 
 .text._adc_init
                0x0000a554       0xc8 hpl/adc/hpl_adc.o
 .text._adc_async_init
                0x0000a61c       0xb4 hpl/adc/hpl_adc.o
                0x0000a61c                _adc_async_init
 .text._adc_async_enable_channel
                0x0000a6d0        0xc hpl/adc/hpl_adc.o
                0x0000a6d0                _adc_async_enable_channel
 .text._adc_async_get_data_size
                0x0000a6dc       0x12 hpl/adc/hpl_adc.o
                0x0000a6dc                _adc_async_get_data_size
 *fill*         0x0000a6ee        0x2 
 .text._adc_async_convert
                0x0000a6f0       0x18 hpl/adc/hpl_adc.o
                0x0000a6f0                _adc_async_convert
 .text._adc_async_set_irq_state
                0x0000a708       0x20 hpl/adc/hpl_adc.o
                0x0000a708                _adc_async_set_irq_state
 .text.ADC0_1_Handler
                0x0000a728       0x10 hpl/adc/hpl_adc.o
                0x0000a728                ADC0_1_Handler
 .text.ADC0_0_Handler
                0x0000a738        0x8 hpl/adc/hpl_adc.o
                0x0000a738                ADC0_0_Handler
 .text.ADC1_1_Handler
                0x0000a740       0x10 hpl/adc/hpl_adc.o
                0x0000a740                ADC1_1_Handler
 .text.ADC1_0_Handler
                0x0000a750        0x8 hpl/adc/hpl_adc.o
                0x0000a750                ADC1_0_Handler
 .text._irq_set
                0x0000a758       0x1c hpl/core/hpl_core_m4.o
                0x0000a758                _irq_set
 .text._get_cycles_for_us
                0x0000a774        0x6 hpl/core/hpl_core_m4.o
                0x0000a774                _get_cycles_for_us
 *fill*         0x0000a77a        0x2 
 .text._get_cycles_for_ms
                0x0000a77c        0xc hpl/core/hpl_core_m4.o
                0x0000a77c                _get_cycles_for_ms
 .text._init_chip
                0x0000a788       0x5c hpl/core/hpl_init.o
                0x0000a788                _init_chip
 .text._dmac_handler
                0x0000a7e4       0x50 hpl/dmac/hpl_dmac.o
 .text._dma_init
                0x0000a834       0xd0 hpl/dmac/hpl_dmac.o
                0x0000a834                _dma_init
 .text._dma_set_irq_state
                0x0000a904       0x28 hpl/dmac/hpl_dmac.o
                0x0000a904                _dma_set_irq_state
 .text._dma_set_destination_address
                0x0000a92c       0x10 hpl/dmac/hpl_dmac.o
                0x0000a92c                _dma_set_destination_address
 .text._dma_set_source_address
                0x0000a93c       0x10 hpl/dmac/hpl_dmac.o
                0x0000a93c                _dma_set_source_address
 .text._dma_srcinc_enable
                0x0000a94c       0x1c hpl/dmac/hpl_dmac.o
                0x0000a94c                _dma_srcinc_enable
 .text._dma_set_data_amount
                0x0000a968       0x44 hpl/dmac/hpl_dmac.o
                0x0000a968                _dma_set_data_amount
 .text._dma_enable_transaction
                0x0000a9ac       0x3c hpl/dmac/hpl_dmac.o
                0x0000a9ac                _dma_enable_transaction
 .text._dma_get_channel_resource
                0x0000a9e8       0x14 hpl/dmac/hpl_dmac.o
                0x0000a9e8                _dma_get_channel_resource
 .text.DMAC_0_Handler
                0x0000a9fc        0x8 hpl/dmac/hpl_dmac.o
                0x0000a9fc                DMAC_0_Handler
 .text.DMAC_1_Handler
                0x0000aa04        0x8 hpl/dmac/hpl_dmac.o
                0x0000aa04                DMAC_1_Handler
 .text.DMAC_2_Handler
                0x0000aa0c        0x8 hpl/dmac/hpl_dmac.o
                0x0000aa0c                DMAC_2_Handler
 .text.DMAC_3_Handler
                0x0000aa14        0x8 hpl/dmac/hpl_dmac.o
                0x0000aa14                DMAC_3_Handler
 .text.DMAC_4_Handler
                0x0000aa1c        0x8 hpl/dmac/hpl_dmac.o
                0x0000aa1c                DMAC_4_Handler
 .text._crc_sync_init
                0x0000aa24        0x6 hpl/dsu/hpl_dsu.o
                0x0000aa24                _crc_sync_init
 *fill*         0x0000aa2a        0x2 
 .text._event_system_init
                0x0000aa2c       0x58 hpl/evsys/hpl_evsys.o
                0x0000aa2c                _event_system_init
 .text.hri_gclk_wait_for_sync.constprop.0
                0x0000aa84       0x14 hpl/gclk/hpl_gclk.o
 .text._gclk_init_generators_by_fref
                0x0000aa98       0x58 hpl/gclk/hpl_gclk.o
                0x0000aa98                _gclk_init_generators_by_fref
 .text._mclk_init
                0x0000aaf0        0xc hpl/mclk/hpl_mclk.o
                0x0000aaf0                _mclk_init
 .text._flash_program
                0x0000aafc       0x3c hpl/nvmctrl/hpl_nvmctrl.o
 .text._user_row_write_exec
                0x0000ab38       0x88 hpl/nvmctrl/hpl_nvmctrl.o
 .text._flash_init
                0x0000abc0       0x4c hpl/nvmctrl/hpl_nvmctrl.o
                0x0000abc0                _flash_init
 .text._flash_get_page_size
                0x0000ac0c        0x6 hpl/nvmctrl/hpl_nvmctrl.o
                0x0000ac0c                _flash_get_page_size
 .text._flash_get_total_pages
                0x0000ac12        0x8 hpl/nvmctrl/hpl_nvmctrl.o
                0x0000ac12                _flash_get_total_pages
 .text._flash_read
                0x0000ac1a       0x1e hpl/nvmctrl/hpl_nvmctrl.o
                0x0000ac1a                _flash_read
 .text._flash_write
                0x0000ac38       0xd0 hpl/nvmctrl/hpl_nvmctrl.o
                0x0000ac38                _flash_write
 .text._flash_erase
                0x0000ad08       0xa8 hpl/nvmctrl/hpl_nvmctrl.o
                0x0000ad08                _flash_erase
 .text._flash_is_locked
                0x0000adb0       0x18 hpl/nvmctrl/hpl_nvmctrl.o
                0x0000adb0                _flash_is_locked
 .text.NVMCTRL_1_Handler
                0x0000adc8       0x2c hpl/nvmctrl/hpl_nvmctrl.o
                0x0000adc8                NVMCTRL_1_Handler
 .text.NVMCTRL_0_Handler
                0x0000adf4        0x8 hpl/nvmctrl/hpl_nvmctrl.o
                0x0000adf4                NVMCTRL_0_Handler
 .text._user_area_read
                0x0000adfc       0x60 hpl/nvmctrl/hpl_nvmctrl.o
                0x0000adfc                _user_area_read
 .text._user_area_write
                0x0000ae5c       0x78 hpl/nvmctrl/hpl_nvmctrl.o
                0x0000ae5c                _user_area_write
 .text._osc32kctrl_init_sources
                0x0000aed4       0x14 hpl/osc32kctrl/hpl_osc32kctrl.o
                0x0000aed4                _osc32kctrl_init_sources
 .text._oscctrl_init_sources
                0x0000aee8        0x2 hpl/oscctrl/hpl_oscctrl.o
                0x0000aee8                _oscctrl_init_sources
 *fill*         0x0000aeea        0x2 
 .text._oscctrl_init_referenced_generators
                0x0000aeec       0xfc hpl/oscctrl/hpl_oscctrl.o
                0x0000aeec                _oscctrl_init_referenced_generators
 .text._qspi_dma_tx_complete
                0x0000afe8       0x14 hpl/qspi/hpl_qspi.o
 .text._qspi_dma_rx_complete
                0x0000affc        0x8 hpl/qspi/hpl_qspi.o
 .text._qspi_dma_error_occured
                0x0000b004        0xa hpl/qspi/hpl_qspi.o
 *fill*         0x0000b00e        0x2 
 .text._qspi_dma_init
                0x0000b010       0x58 hpl/qspi/hpl_qspi.o
                0x0000b010                _qspi_dma_init
 .text.RAMECC_Handler
                0x0000b068       0x3c hpl/ramecc/hpl_ramecc.o
                0x0000b068                RAMECC_Handler
 .text.hri_rtcmode0_wait_for_sync
                0x0000b0a4        0x8 hpl/rtc/hpl_rtc.o
 .text._rtc_timer_stop
                0x0000b0ac       0x1c hpl/rtc/hpl_rtc.o
                0x0000b0ac                _rtc_timer_stop
 .text._rtc_timer_set_period
                0x0000b0c8       0x10 hpl/rtc/hpl_rtc.o
                0x0000b0c8                _rtc_timer_set_period
 .text._rtc_timer_get_period
                0x0000b0d8       0x14 hpl/rtc/hpl_rtc.o
                0x0000b0d8                _rtc_timer_get_period
 .text._rtc_timer_is_started
                0x0000b0ec       0x1c hpl/rtc/hpl_rtc.o
                0x0000b0ec                _rtc_timer_is_started
 .text._rtc_timer_set_irq
                0x0000b108        0x2 hpl/rtc/hpl_rtc.o
                0x0000b108                _rtc_timer_set_irq
 *fill*         0x0000b10a        0x2 
 .text._rtc_timer_start
                0x0000b10c       0x3c hpl/rtc/hpl_rtc.o
                0x0000b10c                _rtc_timer_start
 .text._rtc_timer_deinit
                0x0000b148       0x28 hpl/rtc/hpl_rtc.o
                0x0000b148                _rtc_timer_deinit
 .text._rtc_timer_init
                0x0000b170       0x48 hpl/rtc/hpl_rtc.o
                0x0000b170                _rtc_timer_init
 .text._rtc_get_timer
                0x0000b1b8        0x8 hpl/rtc/hpl_rtc.o
                0x0000b1b8                _rtc_get_timer
 .text.RTC_Handler
                0x0000b1c0       0x24 hpl/rtc/hpl_rtc.o
                0x0000b1c0                RTC_Handler
 .text.__NVIC_EnableIRQ
                0x0000b1e4       0x1c hpl/sercom/hpl_sercom.o
 .text.__NVIC_DisableIRQ
                0x0000b200       0x28 hpl/sercom/hpl_sercom.o
 .text.__NVIC_ClearPendingIRQ
                0x0000b228       0x20 hpl/sercom/hpl_sercom.o
 .text.hri_sercomi2cm_wait_for_sync
                0x0000b248        0x8 hpl/sercom/hpl_sercom.o
 .text.hri_sercomspi_wait_for_sync
                0x0000b250        0x8 hpl/sercom/hpl_sercom.o
 .text.hri_sercomusart_wait_for_sync
                0x0000b258        0x8 hpl/sercom/hpl_sercom.o
 .text.hri_sercomi2cm_clear_CTRLA_ENABLE_bit
                0x0000b260       0x14 hpl/sercom/hpl_sercom.o
 .text.hri_sercomspi_clear_CTRLA_ENABLE_bit
                0x0000b274       0x14 hpl/sercom/hpl_sercom.o
 .text.hri_sercomusart_get_CTRLA_ENABLE_bit
                0x0000b288       0x14 hpl/sercom/hpl_sercom.o
 .text.hri_sercomusart_write_CTRLA_ENABLE_bit
                0x0000b29c       0x18 hpl/sercom/hpl_sercom.o
 .text.hri_sercomusart_clear_CTRLA_ENABLE_bit
                0x0000b2b4       0x14 hpl/sercom/hpl_sercom.o
 .text._sercom_get_hardware_index
                0x0000b2c8       0x34 hpl/sercom/hpl_sercom.o
 .text._sercom_usart_interrupt_handler
                0x0000b2fc       0x70 hpl/sercom/hpl_sercom.o
 .text._sercom_init_irq_param
                0x0000b36c       0x60 hpl/sercom/hpl_sercom.o
 .text._get_i2cm_index
                0x0000b3cc       0x14 hpl/sercom/hpl_sercom.o
 .text._sercom_get_irq_num
                0x0000b3e0       0x14 hpl/sercom/hpl_sercom.o
 .text._spi_sync_enable
                0x0000b3f4       0x28 hpl/sercom/hpl_sercom.o
 .text._spi_get_regs
                0x0000b41c       0x2c hpl/sercom/hpl_sercom.o
 .text._spi_get_tx_dma_channel
                0x0000b448       0x14 hpl/sercom/hpl_sercom.o
 .text._spi_get_rx_dma_channel
                0x0000b45c       0x14 hpl/sercom/hpl_sercom.o
 .text._spi_dma_rx_complete
                0x0000b470        0xa hpl/sercom/hpl_sercom.o
 .text._spi_dma_tx_complete
                0x0000b47a        0xa hpl/sercom/hpl_sercom.o
 .text._spi_dma_error_occured
                0x0000b484        0xa hpl/sercom/hpl_sercom.o
 *fill*         0x0000b48e        0x2 
 .text._usart_set_parity
                0x0000b490       0x78 hpl/sercom/hpl_sercom.o
 .text._sercom_i2c_send_stop
                0x0000b508       0x14 hpl/sercom/hpl_sercom.o
 .text._sercom_i2c_sync_analyse_flags
                0x0000b51c      0x16c hpl/sercom/hpl_sercom.o
 .text._spi_load_regs_master
                0x0000b688       0x3c hpl/sercom/hpl_sercom.o
 .text._spi_set_mode
                0x0000b6c4       0x34 hpl/sercom/hpl_sercom.o
 .text._i2c_m_sync_init_impl
                0x0000b6f8       0xb0 hpl/sercom/hpl_sercom.o
 .text._usart_init
                0x0000b7a8       0xdc hpl/sercom/hpl_sercom.o
 .text._usart_sync_init
                0x0000b884        0xc hpl/sercom/hpl_sercom.o
                0x0000b884                _usart_sync_init
 .text._usart_async_init
                0x0000b890       0x64 hpl/sercom/hpl_sercom.o
                0x0000b890                _usart_async_init
 .text._usart_sync_enable
                0x0000b8f4       0x14 hpl/sercom/hpl_sercom.o
                0x0000b8f4                _usart_sync_enable
 .text._usart_async_enable
                0x0000b908       0x14 hpl/sercom/hpl_sercom.o
                0x0000b908                _usart_async_enable
 .text._usart_async_disable
                0x0000b91c        0xc hpl/sercom/hpl_sercom.o
                0x0000b91c                _usart_async_disable
 .text._usart_async_set_parity
                0x0000b928        0xc hpl/sercom/hpl_sercom.o
                0x0000b928                _usart_async_set_parity
 .text._usart_sync_write_byte
                0x0000b934        0x6 hpl/sercom/hpl_sercom.o
                0x0000b934                _usart_sync_write_byte
 .text._usart_async_write_byte
                0x0000b93a        0x6 hpl/sercom/hpl_sercom.o
                0x0000b93a                _usart_async_write_byte
 .text._usart_sync_read_byte
                0x0000b940        0x8 hpl/sercom/hpl_sercom.o
                0x0000b940                _usart_sync_read_byte
 .text._usart_sync_is_ready_to_send
                0x0000b948        0xa hpl/sercom/hpl_sercom.o
                0x0000b948                _usart_sync_is_ready_to_send
 .text._usart_sync_is_transmit_done
                0x0000b952        0xa hpl/sercom/hpl_sercom.o
                0x0000b952                _usart_sync_is_transmit_done
 .text._usart_sync_is_byte_received
                0x0000b95c        0xa hpl/sercom/hpl_sercom.o
                0x0000b95c                _usart_sync_is_byte_received
 .text._usart_async_enable_byte_sent_irq
                0x0000b966        0x8 hpl/sercom/hpl_sercom.o
                0x0000b966                _usart_async_enable_byte_sent_irq
 .text._usart_async_enable_tx_done_irq
                0x0000b96e        0x8 hpl/sercom/hpl_sercom.o
                0x0000b96e                _usart_async_enable_tx_done_irq
 .text._usart_async_set_irq_state
                0x0000b976       0x32 hpl/sercom/hpl_sercom.o
                0x0000b976                _usart_async_set_irq_state
 .text._i2c_m_async_init
                0x0000b9a8       0x64 hpl/sercom/hpl_sercom.o
                0x0000b9a8                _i2c_m_async_init
 .text._i2c_m_async_transfer
                0x0000ba0c       0xc0 hpl/sercom/hpl_sercom.o
                0x0000ba0c                _i2c_m_async_transfer
 .text._i2c_m_async_register_callback
                0x0000bacc       0x1a hpl/sercom/hpl_sercom.o
                0x0000bacc                _i2c_m_async_register_callback
 *fill*         0x0000bae6        0x2 
 .text.SERCOM0_3_Handler
                0x0000bae8       0x10 hpl/sercom/hpl_sercom.o
                0x0000bae8                SERCOM0_3_Handler
 .text.SERCOM0_2_Handler
                0x0000baf8        0x8 hpl/sercom/hpl_sercom.o
                0x0000baf8                SERCOM0_2_Handler
 .text.SERCOM0_1_Handler
                0x0000bb00        0x8 hpl/sercom/hpl_sercom.o
                0x0000bb00                SERCOM0_1_Handler
 .text.SERCOM0_0_Handler
                0x0000bb08        0x8 hpl/sercom/hpl_sercom.o
                0x0000bb08                SERCOM0_0_Handler
 .text.SERCOM1_3_Handler
                0x0000bb10       0x10 hpl/sercom/hpl_sercom.o
                0x0000bb10                SERCOM1_3_Handler
 .text.SERCOM1_2_Handler
                0x0000bb20        0x8 hpl/sercom/hpl_sercom.o
                0x0000bb20                SERCOM1_2_Handler
 .text.SERCOM1_1_Handler
                0x0000bb28        0x8 hpl/sercom/hpl_sercom.o
                0x0000bb28                SERCOM1_1_Handler
 .text.SERCOM1_0_Handler
                0x0000bb30        0x8 hpl/sercom/hpl_sercom.o
                0x0000bb30                SERCOM1_0_Handler
 .text.SERCOM3_3_Handler
                0x0000bb38       0x44 hpl/sercom/hpl_sercom.o
                0x0000bb38                SERCOM3_3_Handler
 .text.SERCOM3_2_Handler
                0x0000bb7c        0x8 hpl/sercom/hpl_sercom.o
                0x0000bb7c                SERCOM3_2_Handler
 .text.SERCOM3_1_Handler
                0x0000bb84        0x8 hpl/sercom/hpl_sercom.o
                0x0000bb84                SERCOM3_1_Handler
 .text.SERCOM3_0_Handler
                0x0000bb8c        0x8 hpl/sercom/hpl_sercom.o
                0x0000bb8c                SERCOM3_0_Handler
 .text.SERCOM4_3_Handler
                0x0000bb94       0x10 hpl/sercom/hpl_sercom.o
                0x0000bb94                SERCOM4_3_Handler
 .text.SERCOM4_2_Handler
                0x0000bba4        0x8 hpl/sercom/hpl_sercom.o
                0x0000bba4                SERCOM4_2_Handler
 .text.SERCOM4_1_Handler
                0x0000bbac        0x8 hpl/sercom/hpl_sercom.o
                0x0000bbac                SERCOM4_1_Handler
 .text.SERCOM4_0_Handler
                0x0000bbb4        0x8 hpl/sercom/hpl_sercom.o
                0x0000bbb4                SERCOM4_0_Handler
 .text.SERCOM5_3_Handler
                0x0000bbbc       0x64 hpl/sercom/hpl_sercom.o
                0x0000bbbc                SERCOM5_3_Handler
 .text.SERCOM5_2_Handler
                0x0000bc20        0x8 hpl/sercom/hpl_sercom.o
                0x0000bc20                SERCOM5_2_Handler
 .text.SERCOM5_1_Handler
                0x0000bc28        0x8 hpl/sercom/hpl_sercom.o
                0x0000bc28                SERCOM5_1_Handler
 .text.SERCOM5_0_Handler
                0x0000bc30        0x8 hpl/sercom/hpl_sercom.o
                0x0000bc30                SERCOM5_0_Handler
 .text.SERCOM6_3_Handler
                0x0000bc38       0x10 hpl/sercom/hpl_sercom.o
                0x0000bc38                SERCOM6_3_Handler
 .text.SERCOM6_2_Handler
                0x0000bc48        0x8 hpl/sercom/hpl_sercom.o
                0x0000bc48                SERCOM6_2_Handler
 .text.SERCOM6_1_Handler
                0x0000bc50        0x8 hpl/sercom/hpl_sercom.o
                0x0000bc50                SERCOM6_1_Handler
 .text.SERCOM6_0_Handler
                0x0000bc58        0x8 hpl/sercom/hpl_sercom.o
                0x0000bc58                SERCOM6_0_Handler
 .text._spi_m_sync_init
                0x0000bc60       0xd0 hpl/sercom/hpl_sercom.o
                0x0000bc60                _spi_m_sync_init
 .text._spi_m_async_init
                0x0000bd30       0x58 hpl/sercom/hpl_sercom.o
                0x0000bd30                _spi_m_async_init
 .text._spi_s_async_enable
                0x0000bd88       0x34 hpl/sercom/hpl_sercom.o
                0x0000bd88                _spi_s_async_enable
 .text._spi_m_async_enable
                0x0000bdbc        0x8 hpl/sercom/hpl_sercom.o
                0x0000bdbc                _spi_m_async_enable
 .text._spi_s_async_set_mode
                0x0000bdc4        0xc hpl/sercom/hpl_sercom.o
                0x0000bdc4                _spi_s_async_set_mode
 .text._spi_m_async_set_mode
                0x0000bdd0        0x8 hpl/sercom/hpl_sercom.o
                0x0000bdd0                _spi_m_async_set_mode
 .text._spi_m_async_set_baudrate
                0x0000bdd8       0x14 hpl/sercom/hpl_sercom.o
                0x0000bdd8                _spi_m_async_set_baudrate
 .text._spi_m_async_enable_tx
                0x0000bdec       0x10 hpl/sercom/hpl_sercom.o
                0x0000bdec                _spi_m_async_enable_tx
 .text._spi_m_async_enable_rx
                0x0000bdfc       0x10 hpl/sercom/hpl_sercom.o
                0x0000bdfc                _spi_m_async_enable_rx
 .text._spi_m_async_enable_tx_complete
                0x0000be0c       0x10 hpl/sercom/hpl_sercom.o
                0x0000be0c                _spi_m_async_enable_tx_complete
 .text._spi_m_async_write_one
                0x0000be1c        0x8 hpl/sercom/hpl_sercom.o
                0x0000be1c                _spi_m_async_write_one
 .text._spi_m_async_read_one
                0x0000be24        0x8 hpl/sercom/hpl_sercom.o
                0x0000be24                _spi_m_async_read_one
 .text._spi_m_async_register_callback
                0x0000be2c        0xa hpl/sercom/hpl_sercom.o
                0x0000be2c                _spi_m_async_register_callback
 .text._spi_m_async_set_irq_state
                0x0000be36       0x12 hpl/sercom/hpl_sercom.o
                0x0000be36                _spi_m_async_set_irq_state
 .text._spi_m_dma_init
                0x0000be48       0xc4 hpl/sercom/hpl_sercom.o
                0x0000be48                _spi_m_dma_init
 .text._spi_m_dma_enable
                0x0000bf0c        0xc hpl/sercom/hpl_sercom.o
                0x0000bf0c                _spi_m_dma_enable
 .text._spi_m_dma_register_callback
                0x0000bf18       0x64 hpl/sercom/hpl_sercom.o
                0x0000bf18                _spi_m_dma_register_callback
 .text._spi_m_dma_transfer
                0x0000bf7c       0xf8 hpl/sercom/hpl_sercom.o
                0x0000bf7c                _spi_m_dma_transfer
 .text._delay_init
                0x0000c074       0x14 hpl/systick/hpl_systick.o
                0x0000c074                _delay_init
 .text._delay_cycles
                0x0000c088       0x38 hpl/systick/hpl_systick.o
                0x0000c088                _delay_cycles
 .text.__NVIC_DisableIRQ
                0x0000c0c0       0x28 hpl/tc/hpl_tc.o
 .text.hri_tc_wait_for_sync
                0x0000c0e8        0x8 hpl/tc/hpl_tc.o
 .text._tc_timer_start
                0x0000c0f0       0x14 hpl/tc/hpl_tc.o
                0x0000c0f0                _tc_timer_start
 .text._tc_timer_get_period
                0x0000c104       0x50 hpl/tc/hpl_tc.o
                0x0000c104                _tc_timer_get_period
 .text._tc_timer_is_started
                0x0000c154       0x18 hpl/tc/hpl_tc.o
                0x0000c154                _tc_timer_is_started
 .text.tc_interrupt_handler
                0x0000c16c       0x12 hpl/tc/hpl_tc.o
 *fill*         0x0000c17e        0x2 
 .text.get_tc_index
                0x0000c180       0x50 hpl/tc/hpl_tc.o
 .text._tc_timer_set_irq
                0x0000c1d0       0x28 hpl/tc/hpl_tc.o
                0x0000c1d0                _tc_timer_set_irq
 .text._tc_timer_stop
                0x0000c1f8       0x14 hpl/tc/hpl_tc.o
                0x0000c1f8                _tc_timer_stop
 .text._tc_timer_deinit
                0x0000c20c       0x4c hpl/tc/hpl_tc.o
                0x0000c20c                _tc_timer_deinit
 .text._tc_timer_init
                0x0000c258      0x150 hpl/tc/hpl_tc.o
                0x0000c258                _tc_timer_init
 .text._tc_timer_set_period
                0x0000c3a8       0x3c hpl/tc/hpl_tc.o
                0x0000c3a8                _tc_timer_set_period
 .text._tc_get_timer
                0x0000c3e4        0x8 hpl/tc/hpl_tc.o
                0x0000c3e4                _tc_get_timer
 .text.TC0_Handler
                0x0000c3ec       0x10 hpl/tc/hpl_tc.o
                0x0000c3ec                TC0_Handler
 .text.TC1_Handler
                0x0000c3fc       0x10 hpl/tc/hpl_tc.o
                0x0000c3fc                TC1_Handler
 .text.TC2_Handler
                0x0000c40c       0x10 hpl/tc/hpl_tc.o
                0x0000c40c                TC2_Handler
 .text.TC3_Handler
                0x0000c41c       0x10 hpl/tc/hpl_tc.o
                0x0000c41c                TC3_Handler
 .text._dummy_func_no_return
                0x0000c42c        0x4 hpl/usb/hpl_usb.o
 .text._usb_d_dev_wait_dfll_rdy
                0x0000c430       0x24 hpl/usb/hpl_usb.o
 .text._usb_d_dev_ept
                0x0000c454       0x18 hpl/usb/hpl_usb.o
 .text._usb_d_dev_handle_setup
                0x0000c46c       0x84 hpl/usb/hpl_usb.o
 .text._usb_d_dev_handle_stall
                0x0000c4f0       0x28 hpl/usb/hpl_usb.o
 .text._usb_d_dev_trans_done
                0x0000c518       0x24 hpl/usb/hpl_usb.o
 .text._usb_d_dev_trans_stop
                0x0000c53c       0x64 hpl/usb/hpl_usb.o
 .text._usb_d_dev_handle_trfail
                0x0000c5a0       0xec hpl/usb/hpl_usb.o
 .text._usb_d_dev_reset_epts
                0x0000c68c       0x3c hpl/usb/hpl_usb.o
 .text._usb_d_dev_in_next
                0x0000c6c8      0x158 hpl/usb/hpl_usb.o
 .text._usb_d_dev_out_next
                0x0000c820      0x1ac hpl/usb/hpl_usb.o
 .text._usb_d_dev_handler
                0x0000c9cc      0x1dc hpl/usb/hpl_usb.o
 .text._usbd_ep_pcksize_size
                0x0000cba8       0x3e hpl/usb/hpl_usb.o
 *fill*         0x0000cbe6        0x2 
 .text._usb_d_dev_init
                0x0000cbe8       0xe8 hpl/usb/hpl_usb.o
                0x0000cbe8                _usb_d_dev_init
 .text._usb_d_dev_enable
                0x0000ccd0       0x5c hpl/usb/hpl_usb.o
                0x0000ccd0                _usb_d_dev_enable
 .text._usb_d_dev_attach
                0x0000cd2c       0x12 hpl/usb/hpl_usb.o
                0x0000cd2c                _usb_d_dev_attach
 .text._usb_d_dev_set_address
                0x0000cd3e        0xc hpl/usb/hpl_usb.o
                0x0000cd3e                _usb_d_dev_set_address
 .text._usb_d_dev_get_frame_n
                0x0000cd4a        0xc hpl/usb/hpl_usb.o
                0x0000cd4a                _usb_d_dev_get_frame_n
 *fill*         0x0000cd56        0x2 
 .text._usb_d_dev_ep_init
                0x0000cd58       0xc0 hpl/usb/hpl_usb.o
                0x0000cd58                _usb_d_dev_ep_init
 .text._usb_d_dev_ep_deinit
                0x0000ce18       0x84 hpl/usb/hpl_usb.o
                0x0000ce18                _usb_d_dev_ep_deinit
 .text._usb_d_dev_ep_enable
                0x0000ce9c      0x17c hpl/usb/hpl_usb.o
                0x0000ce9c                _usb_d_dev_ep_enable
 .text._usb_d_dev_ep_stall
                0x0000d018       0xe4 hpl/usb/hpl_usb.o
                0x0000d018                _usb_d_dev_ep_stall
 .text._usb_d_dev_ep_read_req
                0x0000d0fc       0x54 hpl/usb/hpl_usb.o
                0x0000d0fc                _usb_d_dev_ep_read_req
 .text._usb_d_dev_ep_trans
                0x0000d150      0x108 hpl/usb/hpl_usb.o
                0x0000d150                _usb_d_dev_ep_trans
 .text._usb_d_dev_register_callback
                0x0000d258       0x24 hpl/usb/hpl_usb.o
                0x0000d258                _usb_d_dev_register_callback
 .text._usb_d_dev_register_ep_callback
                0x0000d27c       0x2c hpl/usb/hpl_usb.o
                0x0000d27c                _usb_d_dev_register_ep_callback
 .text.USB_0_Handler
                0x0000d2a8        0x8 hpl/usb/hpl_usb.o
                0x0000d2a8                USB_0_Handler
 .text.USB_1_Handler
                0x0000d2b0        0x8 hpl/usb/hpl_usb.o
                0x0000d2b0                USB_1_Handler
 .text.USB_2_Handler
                0x0000d2b8        0x8 hpl/usb/hpl_usb.o
                0x0000d2b8                USB_2_Handler
 .text.USB_3_Handler
                0x0000d2c0        0x8 hpl/usb/hpl_usb.o
                0x0000d2c0                USB_3_Handler
 .text._wdt_init
                0x0000d2c8       0x42 hpl/wdt/hpl_wdt.o
                0x0000d2c8                _wdt_init
 *fill*         0x0000d30a        0x2 
 .text.RTC_Scheduler_ping_cb
                0x0000d30c       0x50 main.o
 .text.RTC_Scheduler_report_cb
                0x0000d35c        0xc main.o
 .text.RTC_Scheduler_heartbeat_cb
                0x0000d368       0x3c main.o
 .text.RTC_Scheduler_realtime_cb
                0x0000d3a4       0xb8 main.o
 .text.init_timer
                0x0000d45c       0x84 main.o
                0x0000d45c                init_timer
 .text.startup.main
                0x0000d4e0      0x4d0 main.o
                0x0000d4e0                main
 .text._read    0x0000d9b0       0x20 stdio_redirect/gcc/read.o
                0x0000d9b0                _read
 .text._write   0x0000d9d0       0x24 stdio_redirect/gcc/write.o
                0x0000d9d0                _write
 .text.stdio_io_init
                0x0000d9f4       0x2c stdio_redirect/stdio_io.o
                0x0000d9f4                stdio_io_init
 .text.stdio_io_read
                0x0000da20       0x1c stdio_redirect/stdio_io.o
                0x0000da20                stdio_io_read
 .text.stdio_io_write
                0x0000da3c       0x1c stdio_redirect/stdio_io.o
                0x0000da3c                stdio_io_write
 .text.stdio_redirect_init
                0x0000da58       0x20 stdio_start.o
                0x0000da58                stdio_redirect_init
 .text.cdcdf_acm_req
                0x0000da78       0xdc usb/class/cdc/device/cdcdf_acm.o
 .text.cdcdf_acm_ctrl
                0x0000db54      0x138 usb/class/cdc/device/cdcdf_acm.o
 .text.cdcdf_acm_init
                0x0000dc8c       0x44 usb/class/cdc/device/cdcdf_acm.o
                0x0000dc8c                cdcdf_acm_init
 .text.cdcdf_acm_read
                0x0000dcd0       0x2c usb/class/cdc/device/cdcdf_acm.o
                0x0000dcd0                cdcdf_acm_read
 .text.cdcdf_acm_write
                0x0000dcfc       0x2c usb/class/cdc/device/cdcdf_acm.o
                0x0000dcfc                cdcdf_acm_write
 .text.cdcdf_acm_register_callback
                0x0000dd28       0x40 usb/class/cdc/device/cdcdf_acm.o
                0x0000dd28                cdcdf_acm_register_callback
 .text.hid_keyboard_req
                0x0000dd68       0x88 usb/class/hid/device/hiddf_keyboard.o
 .text.hid_keyboard_ctrl
                0x0000ddf0      0x110 usb/class/hid/device/hiddf_keyboard.o
 .text.hiddf_keyboard_init
                0x0000df00       0x44 usb/class/hid/device/hiddf_keyboard.o
                0x0000df00                hiddf_keyboard_init
 .text.hiddf_keyboard_keys_state_change
                0x0000df44       0x8c usb/class/hid/device/hiddf_keyboard.o
                0x0000df44                hiddf_keyboard_keys_state_change
 .text.hid_mouse_req
                0x0000dfd0       0x88 usb/class/hid/device/hiddf_mouse.o
 .text.hid_mouse_ctrl
                0x0000e058       0xe4 usb/class/hid/device/hiddf_mouse.o
 .text.hiddf_mouse_init
                0x0000e13c       0x44 usb/class/hid/device/hiddf_mouse.o
                0x0000e13c                hiddf_mouse_init
 .text.hiddf_mouse_move
                0x0000e180       0x48 usb/class/hid/device/hiddf_mouse.o
                0x0000e180                hiddf_mouse_move
 .text.audio_midi_req
                0x0000e1c8       0x78 usb/class/midi/device/audiodf_midi.o
 .text.audio_midi_ctrl
                0x0000e240      0x180 usb/class/midi/device/audiodf_midi.o
 .text.audiodf_midi_init
                0x0000e3c0       0x44 usb/class/midi/device/audiodf_midi.o
                0x0000e3c0                audiodf_midi_init
 .text.audiodf_midi_write
                0x0000e404       0x28 usb/class/midi/device/audiodf_midi.o
                0x0000e404                audiodf_midi_write
 .text.audiodf_midi_read
                0x0000e42c       0x20 usb/class/midi/device/audiodf_midi.o
                0x0000e42c                audiodf_midi_read
 .text.audiodf_midi_register_callback
                0x0000e44c       0x30 usb/class/midi/device/audiodf_midi.o
                0x0000e44c                audiodf_midi_register_callback
 .text.usbdc_unconfig
                0x0000e47c       0x1c usb/device/usbdc.o
 .text.usbdc_change_notify
                0x0000e498       0x20 usb/device/usbdc.o
 .text.usbdc_request_handler
                0x0000e4b8       0x38 usb/device/usbdc.o
 .text.usbd_sof_cb
                0x0000e4f0       0x18 usb/device/usbdc.o
 .text.usbdc_cb_ctl_done
                0x0000e508       0x68 usb/device/usbdc.o
 .text.usbdc_reset
                0x0000e570       0x5c usb/device/usbdc.o
                0x0000e570                usbdc_reset
 .text.usbd_event_cb
                0x0000e5cc       0x18 usb/device/usbdc.o
 .text.usbdc_xfer
                0x0000e5e4       0x20 usb/device/usbdc.o
                0x0000e5e4                usbdc_xfer
 .text.usbdc_cb_ctl_req
                0x0000e604      0x328 usb/device/usbdc.o
 .text.usbdc_register_handler
                0x0000e92c       0x2c usb/device/usbdc.o
                0x0000e92c                usbdc_register_handler
 .text.usbdc_init
                0x0000e958       0x44 usb/device/usbdc.o
                0x0000e958                usbdc_init
 .text.usbdc_register_function
                0x0000e99c       0x10 usb/device/usbdc.o
                0x0000e99c                usbdc_register_function
 .text.usbdc_start
                0x0000e9ac       0x34 usb/device/usbdc.o
                0x0000e9ac                usbdc_start
 .text.usbdc_attach
                0x0000e9e0        0x8 usb/device/usbdc.o
                0x0000e9e0                usbdc_attach
 .text.usbdc_get_ctrl_buffer
                0x0000e9e8        0xc usb/device/usbdc.o
                0x0000e9e8                usbdc_get_ctrl_buffer
 .text.usbdc_get_state
                0x0000e9f4       0x14 usb/device/usbdc.o
                0x0000e9f4                usbdc_get_state
 .text.usb_find_desc
                0x0000ea08       0x1a usb/usb_protocol.o
                0x0000ea08                usb_find_desc
 .text.usb_find_ep_desc
                0x0000ea22       0x1c usb/usb_protocol.o
                0x0000ea22                usb_find_ep_desc
 *fill*         0x0000ea3e        0x2 
 .text.usb_find_cfg_desc
                0x0000ea40       0x3c usb/usb_protocol.o
                0x0000ea40                usb_find_cfg_desc
 .text.usb_find_str_desc
                0x0000ea7c       0x30 usb/usb_protocol.o
                0x0000ea7c                usb_find_str_desc
 .text.gpio_get_pin_level
                0x0000eaac       0x48 usb_start.o
 .text.hiddf_demo_sof_event
                0x0000eaf4       0x78 usb_start.o
 .text.composite_device_init
                0x0000eb6c       0x2c usb_start.o
                0x0000eb6c                composite_device_init
 .text.composite_device_start
                0x0000eb98       0x1c usb_start.o
                0x0000eb98                composite_device_start
 .text.usb_init
                0x0000ebb4        0x8 usb_start.o
                0x0000ebb4                usb_init
 .text          0x0000ebbc      0x370 c:/program files (x86)/atmel/studio/7.0/toolchain/arm/arm-gnu-toolchain/bin/../lib/gcc/arm-none-eabi/6.3.1/thumb/v7e-m\libgcc.a(_arm_addsubdf3.o)
                0x0000ebbc                __aeabi_drsub
                0x0000ebc4                __aeabi_dsub
                0x0000ebc4                __subdf3
                0x0000ebc8                __aeabi_dadd
                0x0000ebc8                __adddf3
                0x0000ee40                __floatunsidf
                0x0000ee40                __aeabi_ui2d
                0x0000ee60                __floatsidf
                0x0000ee60                __aeabi_i2d
                0x0000ee84                __aeabi_f2d
                0x0000ee84                __extendsfdf2
                0x0000eec0                __floatundidf
                0x0000eec0                __aeabi_ul2d
                0x0000eed0                __floatdidf
                0x0000eed0                __aeabi_l2d
 .text          0x0000ef2c      0x424 c:/program files (x86)/atmel/studio/7.0/toolchain/arm/arm-gnu-toolchain/bin/../lib/gcc/arm-none-eabi/6.3.1/thumb/v7e-m\libgcc.a(_arm_muldivdf3.o)
                0x0000ef2c                __aeabi_dmul
                0x0000ef2c                __muldf3
                0x0000f180                __divdf3
                0x0000f180                __aeabi_ddiv
 .text          0x0000f350       0x40 c:/program files (x86)/atmel/studio/7.0/toolchain/arm/arm-gnu-toolchain/bin/../lib/gcc/arm-none-eabi/6.3.1/thumb/v7e-m\libgcc.a(_arm_fixunsdfsi.o)
                0x0000f350                __aeabi_d2uiz
                0x0000f350                __fixunsdfsi
 .text.__libc_init_array
                0x0000f390       0x48 c:/program files (x86)/atmel/studio/7.0/toolchain/arm/arm-gnu-toolchain/bin/../lib/gcc/arm-none-eabi/6.3.1/../../../../arm-none-eabi/lib/thumb/v7e-m\libc_nano.a(lib_a-init.o)
                0x0000f390                __libc_init_array
 .text.malloc   0x0000f3d8       0x10 c:/program files (x86)/atmel/studio/7.0/toolchain/arm/arm-gnu-toolchain/bin/../lib/gcc/arm-none-eabi/6.3.1/../../../../arm-none-eabi/lib/thumb/v7e-m\libc_nano.a(lib_a-malloc.o)
                0x0000f3d8                malloc
 .text.memcpy   0x0000f3e8       0x16 c:/program files (x86)/atmel/studio/7.0/toolchain/arm/arm-gnu-toolchain/bin/../lib/gcc/arm-none-eabi/6.3.1/../../../../arm-none-eabi/lib/thumb/v7e-m\libc_nano.a(lib_a-memcpy-stub.o)
                0x0000f3e8                memcpy
 .text.memset   0x0000f3fe       0x10 c:/program files (x86)/atmel/studio/7.0/toolchain/arm/arm-gnu-toolchain/bin/../lib/gcc/arm-none-eabi/6.3.1/../../../../arm-none-eabi/lib/thumb/v7e-m\libc_nano.a(lib_a-memset.o)
                0x0000f3fe                memset
 *fill*         0x0000f40e        0x2 
 .text._free_r  0x0000f410       0x9c c:/program files (x86)/atmel/studio/7.0/toolchain/arm/arm-gnu-toolchain/bin/../lib/gcc/arm-none-eabi/6.3.1/../../../../arm-none-eabi/lib/thumb/v7e-m\libc_nano.a(lib_a-nano-freer.o)
                0x0000f410                _free_r
 .text._malloc_r
                0x0000f4ac       0xbc c:/program files (x86)/atmel/studio/7.0/toolchain/arm/arm-gnu-toolchain/bin/../lib/gcc/arm-none-eabi/6.3.1/../../../../arm-none-eabi/lib/thumb/v7e-m\libc_nano.a(lib_a-nano-mallocr.o)
                0x0000f4ac                _malloc_r
 .text.printf   0x0000f568       0x30 c:/program files (x86)/atmel/studio/7.0/toolchain/arm/arm-gnu-toolchain/bin/../lib/gcc/arm-none-eabi/6.3.1/../../../../arm-none-eabi/lib/thumb/v7e-m\libc_nano.a(lib_a-printf.o)
                0x0000f568                iprintf
                0x0000f568                printf
 .text._puts_r  0x0000f598       0xb8 c:/program files (x86)/atmel/studio/7.0/toolchain/arm/arm-gnu-toolchain/bin/../lib/gcc/arm-none-eabi/6.3.1/../../../../arm-none-eabi/lib/thumb/v7e-m\libc_nano.a(lib_a-puts.o)
                0x0000f598                _puts_r
 .text.puts     0x0000f650       0x10 c:/program files (x86)/atmel/studio/7.0/toolchain/arm/arm-gnu-toolchain/bin/../lib/gcc/arm-none-eabi/6.3.1/../../../../arm-none-eabi/lib/thumb/v7e-m\libc_nano.a(lib_a-puts.o)
                0x0000f650                puts
 .text._sbrk_r  0x0000f660       0x20 c:/program files (x86)/atmel/studio/7.0/toolchain/arm/arm-gnu-toolchain/bin/../lib/gcc/arm-none-eabi/6.3.1/../../../../arm-none-eabi/lib/thumb/v7e-m\libc_nano.a(lib_a-sbrkr.o)
                0x0000f660                _sbrk_r
 .text.setbuf   0x0000f680       0x10 c:/program files (x86)/atmel/studio/7.0/toolchain/arm/arm-gnu-toolchain/bin/../lib/gcc/arm-none-eabi/6.3.1/../../../../arm-none-eabi/lib/thumb/v7e-m\libc_nano.a(lib_a-setbuf.o)
                0x0000f680                setbuf
 .text.setvbuf  0x0000f690      0x15c c:/program files (x86)/atmel/studio/7.0/toolchain/arm/arm-gnu-toolchain/bin/../lib/gcc/arm-none-eabi/6.3.1/../../../../arm-none-eabi/lib/thumb/v7e-m\libc_nano.a(lib_a-setvbuf.o)
                0x0000f690                setvbuf
 .text.sprintf  0x0000f7ec       0x48 c:/program files (x86)/atmel/studio/7.0/toolchain/arm/arm-gnu-toolchain/bin/../lib/gcc/arm-none-eabi/6.3.1/../../../../arm-none-eabi/lib/thumb/v7e-m\libc_nano.a(lib_a-sprintf.o)
                0x0000f7ec                siprintf
                0x0000f7ec                sprintf
 .text.strcpy   0x0000f834       0x10 c:/program files (x86)/atmel/studio/7.0/toolchain/arm/arm-gnu-toolchain/bin/../lib/gcc/arm-none-eabi/6.3.1/../../../../arm-none-eabi/lib/thumb/v7e-m\libc_nano.a(lib_a-strcpy.o)
                0x0000f834                strcpy
 .text          0x0000f844       0x10 c:/program files (x86)/atmel/studio/7.0/toolchain/arm/arm-gnu-toolchain/bin/../lib/gcc/arm-none-eabi/6.3.1/../../../../arm-none-eabi/lib/thumb/v7e-m\libc_nano.a(lib_a-strlen.o)
                0x0000f844                strlen
 .text.__swbuf_r
                0x0000f854       0xa4 c:/program files (x86)/atmel/studio/7.0/toolchain/arm/arm-gnu-toolchain/bin/../lib/gcc/arm-none-eabi/6.3.1/../../../../arm-none-eabi/lib/thumb/v7e-m\libc_nano.a(lib_a-wbuf.o)
                0x0000f854                __swbuf_r
 .text.__swsetup_r
                0x0000f8f8       0xdc c:/program files (x86)/atmel/studio/7.0/toolchain/arm/arm-gnu-toolchain/bin/../lib/gcc/arm-none-eabi/6.3.1/../../../../arm-none-eabi/lib/thumb/v7e-m\libc_nano.a(lib_a-wsetup.o)
                0x0000f8f8                __swsetup_r
 .text.__sflush_r
                0x0000f9d4      0x110 c:/program files (x86)/atmel/studio/7.0/toolchain/arm/arm-gnu-toolchain/bin/../lib/gcc/arm-none-eabi/6.3.1/../../../../arm-none-eabi/lib/thumb/v7e-m\libc_nano.a(lib_a-fflush.o)
                0x0000f9d4                __sflush_r
 .text._fflush_r
                0x0000fae4       0x54 c:/program files (x86)/atmel/studio/7.0/toolchain/arm/arm-gnu-toolchain/bin/../lib/gcc/arm-none-eabi/6.3.1/../../../../arm-none-eabi/lib/thumb/v7e-m\libc_nano.a(lib_a-fflush.o)
                0x0000fae4                _fflush_r
 .text._cleanup_r
                0x0000fb38        0xc c:/program files (x86)/atmel/studio/7.0/toolchain/arm/arm-gnu-toolchain/bin/../lib/gcc/arm-none-eabi/6.3.1/../../../../arm-none-eabi/lib/thumb/v7e-m\libc_nano.a(lib_a-findfp.o)
                0x0000fb38                _cleanup_r
 .text.std.isra.0
                0x0000fb44       0x48 c:/program files (x86)/atmel/studio/7.0/toolchain/arm/arm-gnu-toolchain/bin/../lib/gcc/arm-none-eabi/6.3.1/../../../../arm-none-eabi/lib/thumb/v7e-m\libc_nano.a(lib_a-findfp.o)
 .text.__sfmoreglue
                0x0000fb8c       0x2c c:/program files (x86)/atmel/studio/7.0/toolchain/arm/arm-gnu-toolchain/bin/../lib/gcc/arm-none-eabi/6.3.1/../../../../arm-none-eabi/lib/thumb/v7e-m\libc_nano.a(lib_a-findfp.o)
                0x0000fb8c                __sfmoreglue
 .text.__sinit  0x0000fbb8       0x60 c:/program files (x86)/atmel/studio/7.0/toolchain/arm/arm-gnu-toolchain/bin/../lib/gcc/arm-none-eabi/6.3.1/../../../../arm-none-eabi/lib/thumb/v7e-m\libc_nano.a(lib_a-findfp.o)
                0x0000fbb8                __sinit
 .text.__sfp    0x0000fc18       0x78 c:/program files (x86)/atmel/studio/7.0/toolchain/arm/arm-gnu-toolchain/bin/../lib/gcc/arm-none-eabi/6.3.1/../../../../arm-none-eabi/lib/thumb/v7e-m\libc_nano.a(lib_a-findfp.o)
                0x0000fc18                __sfp
 .text._fwalk_reent
                0x0000fc90       0x3c c:/program files (x86)/atmel/studio/7.0/toolchain/arm/arm-gnu-toolchain/bin/../lib/gcc/arm-none-eabi/6.3.1/../../../../arm-none-eabi/lib/thumb/v7e-m\libc_nano.a(lib_a-fwalk.o)
                0x0000fc90                _fwalk_reent
 .text.__swhatbuf_r
                0x0000fccc       0x48 c:/program files (x86)/atmel/studio/7.0/toolchain/arm/arm-gnu-toolchain/bin/../lib/gcc/arm-none-eabi/6.3.1/../../../../arm-none-eabi/lib/thumb/v7e-m\libc_nano.a(lib_a-makebuf.o)
                0x0000fccc                __swhatbuf_r
 .text.__smakebuf_r
                0x0000fd14       0x80 c:/program files (x86)/atmel/studio/7.0/toolchain/arm/arm-gnu-toolchain/bin/../lib/gcc/arm-none-eabi/6.3.1/../../../../arm-none-eabi/lib/thumb/v7e-m\libc_nano.a(lib_a-makebuf.o)
                0x0000fd14                __smakebuf_r
 .text.__malloc_lock
                0x0000fd94        0x2 c:/program files (x86)/atmel/studio/7.0/toolchain/arm/arm-gnu-toolchain/bin/../lib/gcc/arm-none-eabi/6.3.1/../../../../arm-none-eabi/lib/thumb/v7e-m\libc_nano.a(lib_a-mlock.o)