Archive member included to satisfy reference by file (symbol)

c:/program files (x86)/atmel/studio/7.0/toolchain/arm/arm-gnu-toolchain/bin/../lib/gcc/arm-none-eabi/6.3.1/thumb/v7e-m\libgcc.a(_arm_addsubdf3.o)
                              hpl/sercom/hpl_sercom.o (__aeabi_dsub)
c:/program files (x86)/atmel/studio/7.0/toolchain/arm/arm-gnu-toolchain/bin/../lib/gcc/arm-none-eabi/6.3.1/thumb/v7e-m\libgcc.a(_arm_muldivdf3.o)
                              grid/grid_hardwaretest.o (__aeabi_dmul)
c:/program files (x86)/atmel/studio/7.0/toolchain/arm/arm-gnu-toolchain/bin/../lib/gcc/arm-none-eabi/6.3.1/thumb/v7e-m\libgcc.a(_arm_fixunsdfsi.o)
                              grid/grid_hardwaretest.o (__aeabi_d2uiz)
c:/program files (x86)/atmel/studio/7.0/toolchain/arm/arm-gnu-toolchain/bin/../lib/gcc/arm-none-eabi/6.3.1/thumb/v7e-m\libgcc.a(_aeabi_uldivmod.o)
                              hpl/sercom/hpl_sercom.o (__aeabi_uldivmod)
c:/program files (x86)/atmel/studio/7.0/toolchain/arm/arm-gnu-toolchain/bin/../lib/gcc/arm-none-eabi/6.3.1/thumb/v7e-m\libgcc.a(_udivmoddi4.o)
                              c:/program files (x86)/atmel/studio/7.0/toolchain/arm/arm-gnu-toolchain/bin/../lib/gcc/arm-none-eabi/6.3.1/thumb/v7e-m\libgcc.a(_aeabi_uldivmod.o) (__udivmoddi4)
c:/program files (x86)/atmel/studio/7.0/toolchain/arm/arm-gnu-toolchain/bin/../lib/gcc/arm-none-eabi/6.3.1/thumb/v7e-m\libgcc.a(_dvmd_tls.o)
                              c:/program files (x86)/atmel/studio/7.0/toolchain/arm/arm-gnu-toolchain/bin/../lib/gcc/arm-none-eabi/6.3.1/thumb/v7e-m\libgcc.a(_aeabi_uldivmod.o) (__aeabi_ldiv0)
c:/program files (x86)/atmel/studio/7.0/toolchain/arm/arm-gnu-toolchain/bin/../lib/gcc/arm-none-eabi/6.3.1/../../../../arm-none-eabi/lib/thumb/v7e-m\libc_nano.a(lib_a-exit.o)
                              c:/program files (x86)/atmel/studio/7.0/toolchain/arm/arm-gnu-toolchain/bin/../lib/gcc/arm-none-eabi/6.3.1/../../../../arm-none-eabi/lib/thumb/v7e-m/crt0.o (exit)
c:/program files (x86)/atmel/studio/7.0/toolchain/arm/arm-gnu-toolchain/bin/../lib/gcc/arm-none-eabi/6.3.1/../../../../arm-none-eabi/lib/thumb/v7e-m\libc_nano.a(lib_a-impure.o)
                              c:/program files (x86)/atmel/studio/7.0/toolchain/arm/arm-gnu-toolchain/bin/../lib/gcc/arm-none-eabi/6.3.1/../../../../arm-none-eabi/lib/thumb/v7e-m\libc_nano.a(lib_a-exit.o) (_global_impure_ptr)
c:/program files (x86)/atmel/studio/7.0/toolchain/arm/arm-gnu-toolchain/bin/../lib/gcc/arm-none-eabi/6.3.1/../../../../arm-none-eabi/lib/thumb/v7e-m\libc_nano.a(lib_a-init.o)
                              c:/program files (x86)/atmel/studio/7.0/toolchain/arm/arm-gnu-toolchain/bin/../lib/gcc/arm-none-eabi/6.3.1/../../../../arm-none-eabi/lib/thumb/v7e-m/crt0.o (__libc_init_array)
c:/program files (x86)/atmel/studio/7.0/toolchain/arm/arm-gnu-toolchain/bin/../lib/gcc/arm-none-eabi/6.3.1/../../../../arm-none-eabi/lib/thumb/v7e-m\libc_nano.a(lib_a-malloc.o)
                              grid/grid_ain.o (malloc)
c:/program files (x86)/atmel/studio/7.0/toolchain/arm/arm-gnu-toolchain/bin/../lib/gcc/arm-none-eabi/6.3.1/../../../../arm-none-eabi/lib/thumb/v7e-m\libc_nano.a(lib_a-memcpy-stub.o)
                              hpl/nvmctrl/hpl_nvmctrl.o (memcpy)
c:/program files (x86)/atmel/studio/7.0/toolchain/arm/arm-gnu-toolchain/bin/../lib/gcc/arm-none-eabi/6.3.1/../../../../arm-none-eabi/lib/thumb/v7e-m\libc_nano.a(lib_a-memset.o)
                              c:/program files (x86)/atmel/studio/7.0/toolchain/arm/arm-gnu-toolchain/bin/../lib/gcc/arm-none-eabi/6.3.1/../../../../arm-none-eabi/lib/thumb/v7e-m/crt0.o (memset)
c:/program files (x86)/atmel/studio/7.0/toolchain/arm/arm-gnu-toolchain/bin/../lib/gcc/arm-none-eabi/6.3.1/../../../../arm-none-eabi/lib/thumb/v7e-m\libc_nano.a(lib_a-nano-freer.o)
                              c:/program files (x86)/atmel/studio/7.0/toolchain/arm/arm-gnu-toolchain/bin/../lib/gcc/arm-none-eabi/6.3.1/../../../../arm-none-eabi/lib/thumb/v7e-m\libc_nano.a(lib_a-malloc.o) (_free_r)
c:/program files (x86)/atmel/studio/7.0/toolchain/arm/arm-gnu-toolchain/bin/../lib/gcc/arm-none-eabi/6.3.1/../../../../arm-none-eabi/lib/thumb/v7e-m\libc_nano.a(lib_a-nano-mallocr.o)
                              c:/program files (x86)/atmel/studio/7.0/toolchain/arm/arm-gnu-toolchain/bin/../lib/gcc/arm-none-eabi/6.3.1/../../../../arm-none-eabi/lib/thumb/v7e-m\libc_nano.a(lib_a-malloc.o) (_malloc_r)
c:/program files (x86)/atmel/studio/7.0/toolchain/arm/arm-gnu-toolchain/bin/../lib/gcc/arm-none-eabi/6.3.1/../../../../arm-none-eabi/lib/thumb/v7e-m\libc_nano.a(lib_a-printf.o)
                              grid/grid_d51.o (printf)
c:/program files (x86)/atmel/studio/7.0/toolchain/arm/arm-gnu-toolchain/bin/../lib/gcc/arm-none-eabi/6.3.1/../../../../arm-none-eabi/lib/thumb/v7e-m\libc_nano.a(lib_a-puts.o)
                              grid/grid_unittest.o (puts)
[...]
Memory Configuration

Name             Origin             Length             Attributes
rom              0x00004000         0x0007a000         xr
ram              0x20000000         0x00040000         xrw
bkupram          0x47000000         0x00002000         xrw
qspi             0x04000000         0x01000000         xrw
*default*        0x00000000         0xffffffff

Linker script and memory map

LOAD c:/program files (x86)/atmel/studio/7.0/toolchain/arm/arm-gnu-toolchain/bin/../lib/gcc/arm-none-eabi/6.3.1/thumb/v7e-m/crti.o
LOAD c:/program files (x86)/atmel/studio/7.0/toolchain/arm/arm-gnu-toolchain/bin/../lib/gcc/arm-none-eabi/6.3.1/thumb/v7e-m/crtbegin.o
LOAD c:/program files (x86)/atmel/studio/7.0/toolchain/arm/arm-gnu-toolchain/bin/../lib/gcc/arm-none-eabi/6.3.1/../../../../arm-none-eabi/lib/thumb/v7e-m/crt0.o
LOAD atmel_start.o
LOAD Device_Startup/startup_samd51.o
LOAD Device_Startup/system_samd51.o
LOAD driver_init.o
LOAD examples/driver_examples.o
LOAD flash/n25q256a.o
LOAD flash/spi_nor_flash.o
LOAD grid/grid_d51.o
LOAD grid/grid_debug.o
LOAD grid/grid_hardwaretest.o
LOAD grid/grid_msg.o
LOAD grid/grid_nvm.o
LOAD grid/grid_unittest.o
LOAD grid/grid_ain.o
LOAD grid/grid_buf.o
LOAD grid/grid_led.o
LOAD grid/grid_module.o
LOAD grid/grid_module_bu16_revb.o
LOAD grid/grid_module_en16_reva.o
LOAD grid/grid_module_pbf4_reva.o
LOAD grid/grid_module_po16_revb.o
LOAD grid/grid_sys.o
LOAD grid/grid_ui.o
LOAD grid/grid_usb.o
LOAD hal/src/hal_adc_async.o
LOAD hal/src/hal_atomic.o
LOAD hal/src/hal_cache.o
LOAD hal/src/hal_crc_sync.o
LOAD hal/src/hal_delay.o
LOAD hal/src/hal_evsys.o
LOAD hal/src/hal_flash.o
LOAD hal/src/hal_gpio.o
LOAD hal/src/hal_i2c_m_async.o
LOAD hal/src/hal_init.o
LOAD hal/src/hal_io.o
LOAD hal/src/hal_qspi_dma.o
LOAD hal/src/hal_sleep.o
LOAD hal/src/hal_spi_m_async.o
LOAD hal/src/hal_spi_m_dma.o
LOAD hal/src/hal_timer.o
LOAD hal/src/hal_usart_async.o
LOAD hal/src/hal_usart_sync.o
LOAD hal/src/hal_usb_device.o
LOAD hal/src/hal_wdt.o
LOAD hal/utils/src/utils_assert.o
LOAD hal/utils/src/utils_event.o
LOAD hal/utils/src/utils_list.o
LOAD hal/utils/src/utils_ringbuffer.o
LOAD hal/utils/src/utils_syscalls.o
LOAD hpl/adc/hpl_adc.o
LOAD hpl/cmcc/hpl_cmcc.o
LOAD hpl/core/hpl_core_m4.o
LOAD hpl/core/hpl_init.o
LOAD hpl/dmac/hpl_dmac.o
LOAD hpl/dsu/hpl_dsu.o
LOAD hpl/evsys/hpl_evsys.o
LOAD hpl/gclk/hpl_gclk.o
LOAD hpl/mclk/hpl_mclk.o
LOAD hpl/nvmctrl/hpl_nvmctrl.o
LOAD hpl/osc32kctrl/hpl_osc32kctrl.o
LOAD hpl/oscctrl/hpl_oscctrl.o
LOAD hpl/pac/hpl_pac.o
LOAD hpl/pm/hpl_pm.o
LOAD hpl/qspi/hpl_qspi.o
LOAD hpl/ramecc/hpl_ramecc.o
LOAD hpl/rtc/hpl_rtc.o
LOAD hpl/sercom/hpl_sercom.o
LOAD hpl/systick/hpl_systick.o
LOAD hpl/tc/hpl_tc.o
LOAD hpl/usb/hpl_usb.o
LOAD hpl/wdt/hpl_wdt.o
LOAD main.o
LOAD stdio_redirect/gcc/read.o
LOAD stdio_redirect/gcc/write.o
LOAD stdio_redirect/stdio_io.o
LOAD stdio_start.o
LOAD usb/class/cdc/device/cdcdf_acm.o
LOAD usb/class/hid/device/hiddf_generic.o
LOAD usb/class/hid/device/hiddf_keyboard.o
LOAD usb/class/hid/device/hiddf_mouse.o
LOAD usb/class/midi/device/audiodf_midi.o
LOAD usb/class/midi/usb_protocol_midi.o
LOAD usb/class/msc/device/mscdf.o
LOAD usb/device/usbdc.o
LOAD usb/usb_protocol.o
LOAD usb_start.o
START GROUP
LOAD c:/program files (x86)/atmel/studio/7.0/toolchain/arm/arm-gnu-toolchain/bin/../lib/gcc/arm-none-eabi/6.3.1/../../../../arm-none-eabi/lib/thumb/v7e-m\libm.a
END GROUP
START GROUP
LOAD c:/program files (x86)/atmel/studio/7.0/toolchain/arm/arm-gnu-toolchain/bin/../lib/gcc/arm-none-eabi/6.3.1/thumb/v7e-m\libgcc.a
LOAD c:/program files (x86)/atmel/studio/7.0/toolchain/arm/arm-gnu-toolchain/bin/../lib/gcc/arm-none-eabi/6.3.1/../../../../arm-none-eabi/lib/thumb/v7e-m\libc_nano.a
END GROUP
START GROUP
LOAD c:/program files (x86)/atmel/studio/7.0/toolchain/arm/arm-gnu-toolchain/bin/../lib/gcc/arm-none-eabi/6.3.1/thumb/v7e-m\libgcc.a
LOAD c:/program files (x86)/atmel/studio/7.0/toolchain/arm/arm-gnu-toolchain/bin/../lib/gcc/arm-none-eabi/6.3.1/../../../../arm-none-eabi/lib/thumb/v7e-m\libc_nano.a
END GROUP
LOAD c:/program files (x86)/atmel/studio/7.0/toolchain/arm/arm-gnu-toolchain/bin/../lib/gcc/arm-none-eabi/6.3.1/thumb/v7e-m/crtend.o
LOAD c:/program files (x86)/atmel/studio/7.0/toolchain/arm/arm-gnu-toolchain/bin/../lib/gcc/arm-none-eabi/6.3.1/thumb/v7e-m/crtn.o
                0x00010000                STACK_SIZE = DEFINED (STACK_SIZE)?STACK_SIZE:DEFINED (__stack_size__)?__stack_size__:0x10000

.text           0x00004000     0xebf4
                0x00004000                . = ALIGN (0x4)
                0x00004000                _sfixed = .
 *(.vectors .vectors.*)
 .vectors       0x00004000      0x264 Device_Startup/startup_samd51.o
                0x00004000                exception_table
 *(.text .text.* .gnu.linkonce.t.*)
 .text          0x00004264       0x6c c:/program files (x86)/atmel/studio/7.0/toolchain/arm/arm-gnu-toolchain/bin/../lib/gcc/arm-none-eabi/6.3.1/thumb/v7e-m/crtbegin.o
 .text.atmel_start_init
                0x000042d0       0x20 atmel_start.o
                0x000042d0                atmel_start_init
 .text.Dummy_Handler
                0x000042f0        0x2 Device_Startup/startup_samd51.o
                0x000042f0                EIC_5_Handler
                0x000042f0                SVCall_Handler
                0x000042f0                EIC_13_Handler
                0x000042f0                EVSYS_0_Handler
                0x000042f0                TCC1_3_Handler
                0x000042f0                DAC_3_Handler
                0x000042f0                TRNG_Handler
                0x000042f0                HardFault_Handler
                0x000042f0                PDEC_2_Handler
                0x000042f0                EIC_4_Handler
                0x000042f0                AC_Handler
                0x000042f0                SysTick_Handler
                0x000042f0                TCC2_3_Handler
                0x000042f0                PendSV_Handler
                0x000042f0                TC7_Handler
                0x000042f0                EVSYS_3_Handler
                0x000042f0                PDEC_0_Handler
                0x000042f0                QSPI_Handler
                0x000042f0                NonMaskableInt_Handler
                0x000042f0                TCC0_0_Handler
                0x000042f0                EIC_3_Handler
                0x000042f0                MemManagement_Handler
                0x000042f0                DAC_2_Handler
                0x000042f0                UsageFault_Handler
                0x000042f0                EIC_10_Handler
                0x000042f0                EIC_11_Handler
                0x000042f0                EIC_9_Handler
                0x000042f0                OSC32KCTRL_Handler
                0x000042f0                TCC2_1_Handler
                0x000042f0                SUPC_1_Handler
                0x000042f0                TCC0_5_Handler
                0x000042f0                TCC0_6_Handler
                0x000042f0                EVSYS_1_Handler
                0x000042f0                TCC1_4_Handler
                0x000042f0                TC6_Handler
                0x000042f0                WDT_Handler
                0x000042f0                EIC_8_Handler
                0x000042f0                EIC_15_Handler
                0x000042f0                TC4_Handler
                0x000042f0                OSCCTRL_4_Handler
                0x000042f0                EIC_12_Handler
                0x000042f0                TCC4_2_Handler
                0x000042f0                PAC_Handler
                0x000042f0                TCC1_0_Handler
                0x000042f0                OSCCTRL_0_Handler
                0x000042f0                EIC_0_Handler
                0x000042f0                OSCCTRL_3_Handler
                0x000042f0                Dummy_Handler
                0x000042f0                TCC3_0_Handler
                0x000042f0                TCC2_2_Handler
                0x000042f0                TCC1_1_Handler
                0x000042f0                OSCCTRL_2_Handler
                0x000042f0                TCC1_2_Handler
                0x000042f0                SERCOM7_1_Handler
                0x000042f0                PM_Handler
                0x000042f0                SERCOM2_3_Handler
                0x000042f0                DAC_4_Handler
                0x000042f0                TCC3_2_Handler
                0x000042f0                SERCOM7_0_Handler
                0x000042f0                TCC0_2_Handler
                0x000042f0                TCC4_0_Handler
                0x000042f0                SERCOM7_3_Handler
                0x000042f0                SDHC1_Handler
                0x000042f0                SERCOM7_2_Handler
                0x000042f0                TCC2_0_Handler
                0x000042f0                PDEC_1_Handler
                0x000042f0                TCC4_1_Handler
                0x000042f0                SDHC0_Handler
                0x000042f0                I2S_Handler
                0x000042f0                EIC_2_Handler
                0x000042f0                PCC_Handler
                0x000042f0                DAC_0_Handler
                0x000042f0                TCC0_1_Handler
                0x000042f0                EIC_6_Handler
                0x000042f0                OSCCTRL_1_Handler
                0x000042f0                PUKCC_Handler
                0x000042f0                SERCOM2_1_Handler
                0x000042f0                EIC_1_Handler
                0x000042f0                EVSYS_4_Handler
                0x000042f0                EIC_7_Handler
                0x000042f0                SERCOM2_2_Handler
                0x000042f0                TCC3_1_Handler
                0x000042f0                EIC_14_Handler
                0x000042f0                DAC_1_Handler
                0x000042f0                MCLK_Handler
                0x000042f0                EVSYS_2_Handler
                0x000042f0                SUPC_0_Handler
                0x000042f0                BusFault_Handler
                0x000042f0                FREQM_Handler
                0x000042f0                TCC0_3_Handler
                0x000042f0                DebugMonitor_Handler
                0x000042f0                TCC0_4_Handler
                0x000042f0                TC5_Handler
                0x000042f0                SERCOM2_0_Handler
                0x000042f0                AES_Handler
                0x000042f0                ICM_Handler
 *fill*         0x000042f2        0x2 
 .text.Reset_Handler
                0x000042f4       0x78 Device_Startup/startup_samd51.o
                0x000042f4                Reset_Handler
 .text._gpio_set_pin_function
                0x0000436c       0x68 driver_init.o
 .text.gpio_set_pin_direction
                0x000043d4       0x68 driver_init.o
 .text.ADC_0_init
                0x0000443c       0x80 driver_init.o
                0x0000443c                ADC_0_init
 .text.ADC_1_init
                0x000044bc       0x84 driver_init.o
                0x000044bc                ADC_1_init
 .text.CRC_0_init
                0x00004540       0x24 driver_init.o
                0x00004540                CRC_0_init
 .text.EVENT_SYSTEM_0_init
                0x00004564       0x30 driver_init.o
                0x00004564                EVENT_SYSTEM_0_init
 .text.FLASH_0_CLOCK_init
                0x00004594       0x10 driver_init.o
                0x00004594                FLASH_0_CLOCK_init
 .text.FLASH_0_init
                0x000045a4       0x24 driver_init.o
                0x000045a4                FLASH_0_init
 .text.QSPI_INSTANCE_PORT_init
                0x000045c8       0xdc driver_init.o
                0x000045c8                QSPI_INSTANCE_PORT_init
 .text.QSPI_INSTANCE_CLOCK_init
                0x000046a4       0x20 driver_init.o
                0x000046a4                QSPI_INSTANCE_CLOCK_init
 .text.QSPI_INSTANCE_init
                0x000046c4       0x2c driver_init.o
                0x000046c4                QSPI_INSTANCE_init
 .text.USART_EAST_CLOCK_init
                0x000046f0       0x24 driver_init.o
                0x000046f0                USART_EAST_CLOCK_init
 .text.USART_EAST_PORT_init
                0x00004714       0x24 driver_init.o
                0x00004714                USART_EAST_PORT_init
 .text.USART_EAST_init
                0x00004738       0x38 driver_init.o
                0x00004738                USART_EAST_init
 .text.USART_NORTH_CLOCK_init
                0x00004770       0x24 driver_init.o
                0x00004770                USART_NORTH_CLOCK_init
 .text.USART_NORTH_PORT_init
                0x00004794       0x24 driver_init.o
                0x00004794                USART_NORTH_PORT_init
 .text.USART_NORTH_init
                0x000047b8       0x38 driver_init.o
                0x000047b8                USART_NORTH_init
 .text.GRID_AUX_PORT_init
                0x000047f0       0x24 driver_init.o
                0x000047f0                GRID_AUX_PORT_init
 .text.GRID_AUX_CLOCK_init
                0x00004814       0x24 driver_init.o
                0x00004814                GRID_AUX_CLOCK_init
 .text.GRID_AUX_init
                0x00004838       0x2c driver_init.o
                0x00004838                GRID_AUX_init
 .text.UI_SPI_PORT_init
                0x00004864       0x68 driver_init.o
                0x00004864                UI_SPI_PORT_init
 .text.UI_SPI_CLOCK_init
                0x000048cc       0x24 driver_init.o
                0x000048cc                UI_SPI_CLOCK_init
 .text.UI_SPI_init
                0x000048f0       0x2c driver_init.o
                0x000048f0                UI_SPI_init
 .text.USART_WEST_CLOCK_init
                0x0000491c       0x24 driver_init.o
                0x0000491c                USART_WEST_CLOCK_init
 .text.USART_WEST_PORT_init
                0x00004940       0x24 driver_init.o
                0x00004940                USART_WEST_PORT_init
 .text.USART_WEST_init
                0x00004964       0x38 driver_init.o
                0x00004964                USART_WEST_init
 .text.SYS_I2C_PORT_init
                0x0000499c       0x40 driver_init.o
                0x0000499c                SYS_I2C_PORT_init
 .text.SYS_I2C_CLOCK_init
                0x000049dc       0x24 driver_init.o
                0x000049dc                SYS_I2C_CLOCK_init
 .text.SYS_I2C_init
                0x00004a00       0x2c driver_init.o
                0x00004a00                SYS_I2C_init
 .text.USART_SOUTH_CLOCK_init
                0x00004a2c       0x24 driver_init.o
                0x00004a2c                USART_SOUTH_CLOCK_init
 .text.USART_SOUTH_PORT_init
                0x00004a50       0x24 driver_init.o
                0x00004a50                USART_SOUTH_PORT_init
 .text.USART_SOUTH_init
                0x00004a74       0x38 driver_init.o
                0x00004a74                USART_SOUTH_init
 .text.GRID_LED_PORT_init
                0x00004aac       0x68 driver_init.o
                0x00004aac                GRID_LED_PORT_init
 .text.GRID_LED_CLOCK_init
                0x00004b14       0x24 driver_init.o
                0x00004b14                GRID_LED_CLOCK_init
 .text.GRID_LED_init
                0x00004b38       0x2c driver_init.o
                0x00004b38                GRID_LED_init
 .text.delay_driver_init
                0x00004b64       0x10 driver_init.o
                0x00004b64                delay_driver_init
 .text.USB_DEVICE_INSTANCE_PORT_init
                0x00004b74       0x60 driver_init.o
                0x00004b74                USB_DEVICE_INSTANCE_PORT_init
 .text.USB_DEVICE_INSTANCE_CLOCK_init
                0x00004bd4       0x24 driver_init.o
                0x00004bd4                USB_DEVICE_INSTANCE_CLOCK_init
 .text.USB_DEVICE_INSTANCE_init
                0x00004bf8       0x20 driver_init.o
                0x00004bf8                USB_DEVICE_INSTANCE_init
 .text.WDT_0_CLOCK_init
                0x00004c18       0x10 driver_init.o
                0x00004c18                WDT_0_CLOCK_init
 .text.WDT_0_init
                0x00004c28       0x24 driver_init.o
                0x00004c28                WDT_0_init
 .text.system_init
                0x00004c4c      0x2a8 driver_init.o
                0x00004c4c                system_init
 .text.grid_d51_bitmap_write_bit
                0x00004ef4       0x3a grid/grid_d51.o
                0x00004ef4                grid_d51_bitmap_write_bit
 *fill*         0x00004f2e        0x2 
 .text.grid_d51_verify_user_row
                0x00004f30      0x198 grid/grid_d51.o
                0x00004f30                grid_d51_verify_user_row
 .text.grid_d51_init
                0x000050c8       0x4c grid/grid_d51.o
                0x000050c8                grid_d51_init
 .text.grid_msg_header_set_len
                0x00005114       0x20 grid/grid_msg.o
                0x00005114                grid_msg_header_set_len
 .text.grid_msg_header_set_id
                0x00005134       0x20 grid/grid_msg.o
                0x00005134                grid_msg_header_set_id
 .text.grid_msg_header_set_dx
                0x00005154       0x20 grid/grid_msg.o
                0x00005154                grid_msg_header_set_dx
 .text.grid_msg_header_get_dx
                0x00005174       0x1c grid/grid_msg.o
                0x00005174                grid_msg_header_get_dx
 .text.grid_msg_header_set_dy
                0x00005190       0x20 grid/grid_msg.o
                0x00005190                grid_msg_header_set_dy
 .text.grid_msg_header_get_dy
                0x000051b0       0x1c grid/grid_msg.o
                0x000051b0                grid_msg_header_get_dy
 .text.grid_msg_header_set_rot
                0x000051cc       0x20 grid/grid_msg.o
                0x000051cc                grid_msg_header_set_rot
 .text.grid_msg_header_set_age
                0x000051ec       0x20 grid/grid_msg.o
                0x000051ec                grid_msg_header_set_age
 .text.grid_msg_packet_get_length
                0x0000520c       0x12 grid/grid_msg.o
                0x0000520c                grid_msg_packet_get_length
 .text.grid_msg_body_get_length
                0x0000521e        0x6 grid/grid_msg.o
                0x0000521e                grid_msg_body_get_length
 .text.grid_msg_body_append_text
                0x00005224       0x20 grid/grid_msg.o
                0x00005224                grid_msg_body_append_text
 .text.grid_msg_body_append_text_escaped
                0x00005244       0x36 grid/grid_msg.o
                0x00005244                grid_msg_body_append_text_escaped
 *fill*         0x0000527a        0x2 
 .text.grid_msg_text_get_parameter
                0x0000527c       0x18 grid/grid_msg.o
                0x0000527c                grid_msg_text_get_parameter
 .text.grid_msg_text_set_parameter
                0x00005294       0x18 grid/grid_msg.o
                0x00005294                grid_msg_text_set_parameter
 .text.grid_msg_init
                0x000052ac       0x44 grid/grid_msg.o
                0x000052ac                grid_msg_init
 .text.grid_msg_init_header
                0x000052f0       0x6c grid/grid_msg.o
                0x000052f0                grid_msg_init_header
 .text.grid_msg_packet_receive_char
                0x0000535c       0x4e grid/grid_msg.o
                0x0000535c                grid_msg_packet_receive_char
 .text.grid_msg_packet_send_char
                0x000053aa       0x3a grid/grid_msg.o
                0x000053aa                grid_msg_packet_send_char
 .text.grid_msg_packet_close
                0x000053e4       0xd4 grid/grid_msg.o
                0x000053e4                grid_msg_packet_close
 .text.grid_msg_packet_send_everywhere
                0x000054b8       0x5c grid/grid_msg.o
                0x000054b8                grid_msg_packet_send_everywhere
 .text.grid_nvm_ui_bulk_read_init
                0x00005514        0xe grid/grid_nvm.o
                0x00005514                grid_nvm_ui_bulk_read_init
 .text.grid_nvm_ui_bulk_read_is_in_progress
                0x00005522        0x6 grid/grid_nvm.o
                0x00005522                grid_nvm_ui_bulk_read_is_in_progress
 .text.grid_nvm_ui_bulk_read_next
                0x00005528      0x104 grid/grid_nvm.o
                0x00005528                grid_nvm_ui_bulk_read_next
 .text.grid_nvm_ui_bulk_clear_init
                0x0000562c        0xe grid/grid_nvm.o
                0x0000562c                grid_nvm_ui_bulk_clear_init
 .text.grid_nvm_ui_bulk_clear_is_in_progress
                0x0000563a        0x6 grid/grid_nvm.o
                0x0000563a                grid_nvm_ui_bulk_clear_is_in_progress
 .text.grid_nvm_ui_bulk_clear_next
                0x00005640      0x104 grid/grid_nvm.o
                0x00005640                grid_nvm_ui_bulk_clear_next
 .text.grid_nvm_clear_read_buffer
                0x00005744       0x20 grid/grid_nvm.o
                0x00005744                grid_nvm_clear_read_buffer
 .text.grid_nvm_clear_write_buffer
                0x00005764       0x28 grid/grid_nvm.o
                0x00005764                grid_nvm_clear_write_buffer
 .text.grid_nvm_init
                0x0000578c       0x44 grid/grid_nvm.o
                0x0000578c                grid_nvm_init
 .text.grid_nvm_calculate_event_page_offset
                0x000057d0       0x1c grid/grid_nvm.o
                0x000057d0                grid_nvm_calculate_event_page_offset
 .text.grid_ain_channel_init
                0x000057ec       0x34 grid/grid_ain.o
                0x000057ec                grid_ain_channel_init
 .text.grid_ain_init
                0x00005820       0x44 grid/grid_ain.o
                0x00005820                grid_ain_init
 .text.grid_ain_add_sample
                0x00005864       0xd0 grid/grid_ain.o
                0x00005864                grid_ain_add_sample
 .text.grid_ain_get_changed
                0x00005934       0x10 grid/grid_ain.o
                0x00005934                grid_ain_get_changed
 .text.grid_ain_get_average
                0x00005944       0x28 grid/grid_ain.o
                0x00005944                grid_ain_get_average
 .text.grid_port_reset_receiver
                0x0000596c       0x90 grid/grid_buf.o
                0x0000596c                grid_port_reset_receiver
 .text.grid_buffer_init
                0x000059fc       0x3c grid/grid_buf.o
                0x000059fc                grid_buffer_init
 .text.grid_buffer_get_space
                0x00005a38       0x18 grid/grid_buf.o
                0x00005a38                grid_buffer_get_space
 .text.grid_buffer_write_init
                0x00005a50       0x3c grid/grid_buf.o
                0x00005a50                grid_buffer_write_init
 .text.grid_buffer_write_character
                0x00005a8c       0x1e grid/grid_buf.o
                0x00005a8c                grid_buffer_write_character
 *fill*         0x00005aaa        0x2 
 .text.grid_buffer_write_acknowledge
                0x00005aac       0x28 grid/grid_buf.o
                0x00005aac                grid_buffer_write_acknowledge
 .text.grid_port_receive_decode
                0x00005ad4      0x524 grid/grid_buf.o
                0x00005ad4                grid_port_receive_decode
 .text.grid_port_receive_task
                0x00005ff8      0x168 grid/grid_buf.o
                0x00005ff8                grid_port_receive_task
 .text.grid_buffer_read_size
                0x00006160       0x52 grid/grid_buf.o
                0x00006160                grid_buffer_read_size
 .text.grid_buffer_read_init
                0x000061b2       0x66 grid/grid_buf.o
                0x000061b2                grid_buffer_read_init
 .text.grid_buffer_read_character
                0x00006218       0x2a grid/grid_buf.o
                0x00006218                grid_buffer_read_character
 .text.grid_buffer_read_acknowledge
                0x00006242       0x16 grid/grid_buf.o
                0x00006242                grid_buffer_read_acknowledge
 .text.grid_port_init
                0x00006258      0x15c grid/grid_buf.o
                0x00006258                grid_port_init
 .text.grid_port_init_all
                0x000063b4       0xa4 grid/grid_buf.o
                0x000063b4                grid_port_init_all
 .text.grid_port_process_inbound
                0x00006458      0x1bc grid/grid_buf.o
                0x00006458                grid_port_process_inbound
 .text.grid_port_process_outbound_usb
                0x00006614      0x1ec grid/grid_buf.o
                0x00006614                grid_port_process_outbound_usb
 .text.grid_port_process_outbound_ui
                0x00006800      0xa90 grid/grid_buf.o
                0x00006800                grid_port_process_outbound_ui
 .text.grid_port_process_outbound_usart
                0x00007290       0x6c grid/grid_buf.o
                0x00007290                grid_port_process_outbound_usart
 .text.grid_led_lowlevel_hardware_transfer_complete_cb
                0x000072fc        0xc grid/grid_led.o
                0x000072fc                grid_led_lowlevel_hardware_transfer_complete_cb
 .text.grid_led_lowlevel_set_color
                0x00007308       0x4c grid/grid_led.o
                0x00007308                grid_led_lowlevel_set_color
 .text.grid_led_hardware_init
                0x00007354       0x2c grid/grid_led.o
                0x00007354                grid_led_hardware_init
 .text.grid_led_get_led_number
                0x00007380        0x4 grid/grid_led.o
                0x00007380                grid_led_get_led_number
 .text.grid_led_tick
                0x00007384       0x34 grid/grid_led.o
                0x00007384                grid_led_tick
 .text.grid_led_set_min
                0x000073b8       0x20 grid/grid_led.o
                0x000073b8                grid_led_set_min
 .text.grid_led_set_mid
                0x000073d8       0x20 grid/grid_led.o
                0x000073d8                grid_led_set_mid
 .text.grid_led_set_max
                0x000073f8       0x20 grid/grid_led.o
                0x000073f8                grid_led_set_max
 .text.grid_led_set_color
                0x00007418       0x6c grid/grid_led.o
                0x00007418                grid_led_set_color
 .text.grid_led_set_phase
                0x00007484       0x14 grid/grid_led.o
                0x00007484                grid_led_set_phase
 .text.grid_led_set_frequency
                0x00007498       0x14 grid/grid_led.o
                0x00007498                grid_led_set_frequency
 .text.grid_led_buffer_init
                0x000074ac      0x16c grid/grid_led.o
                0x000074ac                grid_led_buffer_init
 .text.grid_led_lowlevel_init
                0x00007618       0xb0 grid/grid_led.o
                0x00007618                grid_led_lowlevel_init
 .text.grid_led_lowlevel_render
                0x000076c8       0xb0 grid/grid_led.o
                0x000076c8                grid_led_lowlevel_render
 .text.grid_led_lowlevel_render_all
                0x00007778       0x20 grid/grid_led.o
                0x00007778                grid_led_lowlevel_render_all
 .text.grid_led_lowlevel_hardware_start_transfer
                0x00007798       0x30 grid/grid_led.o
                0x00007798                grid_led_lowlevel_hardware_start_transfer
 .text.grid_module_common_init
                0x000077c8      0x250 grid/grid_module.o
                0x000077c8                grid_module_common_init
 .text.grid_module_bu16_revb_hardware_start_transfer
                0x00007a18       0x20 grid/grid_module_bu16_revb.o
                0x00007a18                grid_module_bu16_revb_hardware_start_transfer
 .text.grid_module_bu16_revb_hardware_transfer_complete_cb
                0x00007a38      0x200 grid/grid_module_bu16_revb.o
 .text.grid_module_bu16_revb_hardware_init
                0x00007c38       0x48 grid/grid_module_bu16_revb.o
                0x00007c38                grid_module_bu16_revb_hardware_init
 .text.grid_module_bu16_revb_init
                0x00007c80       0x70 grid/grid_module_bu16_revb.o
                0x00007c80                grid_module_bu16_revb_init
 .text.grid_module_en16_reva_hardware_start_transfer
                0x00007cf0       0x3c grid/grid_module_en16_reva.o
                0x00007cf0                grid_module_en16_reva_hardware_start_transfer
 *fill*         0x00007d2c        0x4 
 .text.grid_module_en16_reva_hardware_transfer_complete_cb
                0x00007d30      0x320 grid/grid_module_en16_reva.o
                0x00007d30                grid_module_en16_reva_hardware_transfer_complete_cb
 .text.grid_module_en16_reva_hardware_init
                0x00008050       0x68 grid/grid_module_en16_reva.o
                0x00008050                grid_module_en16_reva_hardware_init
 .text.grid_module_en16_reva_init
                0x000080b8       0x9c grid/grid_module_en16_reva.o
                0x000080b8                grid_module_en16_reva_init
 .text.grid_module_pbf4_reva_hardware_start_transfer
                0x00008154       0x20 grid/grid_module_pbf4_reva.o
                0x00008154                grid_module_pbf4_reva_hardware_start_transfer
 *fill*         0x00008174        0x4 
 .text.grid_module_pbf4_reva_hardware_transfer_complete_cb
                0x00008178      0x320 grid/grid_module_pbf4_reva.o
                0x00008178                grid_module_pbf4_reva_hardware_transfer_complete_cb
 .text.grid_module_pbf4_reva_hardware_init
                0x00008498       0x48 grid/grid_module_pbf4_reva.o
                0x00008498                grid_module_pbf4_reva_hardware_init
 .text.grid_module_pbf4_reva_init
                0x000084e0       0x84 grid/grid_module_pbf4_reva.o
                0x000084e0                grid_module_pbf4_reva_init
 .text.grid_module_po16_revb_hardware_start_transfer
                0x00008564       0x20 grid/grid_module_po16_revb.o
                0x00008564                grid_module_po16_revb_hardware_start_transfer
 *fill*         0x00008584        0x4 
 .text.grid_module_po16_revb_hardware_transfer_complete_cb
                0x00008588      0x248 grid/grid_module_po16_revb.o
 .text.grid_module_po16_revb_hardware_init
                0x000087d0       0x48 grid/grid_module_po16_revb.o
                0x000087d0                grid_module_po16_revb_hardware_init
 .text.grid_module_po16_revb_init
                0x00008818       0x80 grid/grid_module_po16_revb.o
                0x00008818                grid_module_po16_revb_init
 .text.gpio_set_pin_pull_mode.constprop.3
                0x00008898       0x28 grid/grid_sys.o
 .text.grid_task_enter_task
                0x000088c0        0x8 grid/grid_sys.o
                0x000088c0                grid_task_enter_task
 .text.grid_task_timer_tick
                0x000088c8        0xe grid/grid_sys.o
                0x000088c8                grid_task_timer_tick
 .text.grid_task_timer_reset
                0x000088d6       0x10 grid/grid_sys.o
                0x000088d6                grid_task_timer_reset
 .text.grid_task_timer_read
                0x000088e6        0x8 grid/grid_sys.o
                0x000088e6                grid_task_timer_read
 *fill*         0x000088ee        0x2 
 .text.grid_sys_nvm_store_configuration
                0x000088f0      0x1f8 grid/grid_sys.o
                0x000088f0                grid_sys_nvm_store_configuration
 .text.grid_sys_recall_configuration
                0x00008ae8      0x15c grid/grid_sys.o
                0x00008ae8                grid_sys_recall_configuration
 .text.grid_sys_nvm_load_configuration
                0x00008c44       0xf8 grid/grid_sys.o
                0x00008c44                grid_sys_nvm_load_configuration
 .text.grid_sys_nvm_clear_configuration
                0x00008d3c       0x9c grid/grid_sys.o
                0x00008d3c                grid_sys_nvm_clear_configuration
 .text.grid_debug_print_text
                0x00008dd8       0xec grid/grid_sys.o
                0x00008dd8                grid_debug_print_text
 .text.tx_cb_USART_GRID
                0x00008ec4       0x1a grid/grid_sys.o
                0x00008ec4                tx_cb_USART_GRID
 *fill*         0x00008ede        0x2 
 .text.tx_cb_USART_GRID_W
                0x00008ee0       0x10 grid/grid_sys.o
 .text.tx_cb_USART_GRID_S
                0x00008ef0       0x10 grid/grid_sys.o
 .text.tx_cb_USART_GRID_E
                0x00008f00       0x10 grid/grid_sys.o
 .text.tx_cb_USART_GRID_N
                0x00008f10       0x10 grid/grid_sys.o
 .text.err_cb_USART_GRID
                0x00008f20       0x10 grid/grid_sys.o
                0x00008f20                err_cb_USART_GRID
 .text.err_cb_USART_GRID_W
                0x00008f30       0x10 grid/grid_sys.o
 .text.err_cb_USART_GRID_S
                0x00008f40       0x10 grid/grid_sys.o
 .text.err_cb_USART_GRID_E
                0x00008f50       0x10 grid/grid_sys.o
 .text.err_cb_USART_GRID_N
                0x00008f60       0x10 grid/grid_sys.o
 .text.grid_sys_port_reset_dma
                0x00008f70       0x20 grid/grid_sys.o
                0x00008f70                grid_sys_port_reset_dma
 .text.dma_transfer_complete_n_cb
                0x00008f90       0x10 grid/grid_sys.o
                0x00008f90                dma_transfer_complete_n_cb
 .text.dma_transfer_complete_e_cb
                0x00008fa0       0x10 grid/grid_sys.o
                0x00008fa0                dma_transfer_complete_e_cb
 .text.dma_transfer_complete_s_cb
                0x00008fb0       0x10 grid/grid_sys.o
                0x00008fb0                dma_transfer_complete_s_cb
 .text.dma_transfer_complete_w_cb
                0x00008fc0       0x10 grid/grid_sys.o
                0x00008fc0                dma_transfer_complete_w_cb
 .text.grid_sys_uart_init
                0x00008fd0      0x104 grid/grid_sys.o
                0x00008fd0                grid_sys_uart_init
 .text.grid_sys_dma_rx_init_one
                0x000090d4       0x64 grid/grid_sys.o
                0x000090d4                grid_sys_dma_rx_init_one
 .text.grid_sys_dma_rx_init
                0x00009138       0x6c grid/grid_sys.o
                0x00009138                grid_sys_dma_rx_init
 .text.grid_sys_init
                0x000091a4       0x8c grid/grid_sys.o
                0x000091a4                grid_sys_init
 .text.grid_sys_bank_enable
                0x00009230        0xc grid/grid_sys.o
                0x00009230                grid_sys_bank_enable
 .text.grid_sys_bank_disable
                0x0000923c        0xc grid/grid_sys.o
                0x0000923c                grid_sys_bank_disable
 .text.grid_sys_bank_set_color
                0x00009248       0x16 grid/grid_sys.o
                0x00009248                grid_sys_bank_set_color
 .text.grid_sys_get_bank_num
                0x0000925e        0x4 grid/grid_sys.o
                0x0000925e                grid_sys_get_bank_num
 .text.grid_sys_get_bank_valid
                0x00009262        0x6 grid/grid_sys.o
                0x00009262                grid_sys_get_bank_valid
 .text.grid_sys_get_bank_red
                0x00009268        0x6 grid/grid_sys.o
                0x00009268                grid_sys_get_bank_red
 .text.grid_sys_get_bank_gre
                0x0000926e        0x6 grid/grid_sys.o
                0x0000926e                grid_sys_get_bank_gre
 .text.grid_sys_get_bank_blu
                0x00009274        0x6 grid/grid_sys.o
                0x00009274                grid_sys_get_bank_blu
 .text.grid_sys_get_bank_next
                0x0000927a       0x24 grid/grid_sys.o
                0x0000927a                grid_sys_get_bank_next
 .text.grid_sys_get_bank_number_of_first_valid
                0x0000929e       0x1a grid/grid_sys.o
                0x0000929e                grid_sys_get_bank_number_of_first_valid
 .text.grid_sys_set_bank
                0x000092b8       0x48 grid/grid_sys.o
                0x000092b8                grid_sys_set_bank
 .text.grid_sys_rtc_get_time
                0x00009300        0x4 grid/grid_sys.o
                0x00009300                grid_sys_rtc_get_time
 .text.grid_sys_rtc_get_elapsed_time
                0x00009304        0x6 grid/grid_sys.o
                0x00009304                grid_sys_rtc_get_elapsed_time
 .text.grid_sys_rtc_tick_time
                0x0000930a       0x12 grid/grid_sys.o
                0x0000930a                grid_sys_rtc_tick_time
 .text.grid_sys_alert_read_color_changed_flag
                0x0000931c        0x4 grid/grid_sys.o
                0x0000931c                grid_sys_alert_read_color_changed_flag
 .text.grid_sys_alert_clear_color_changed_flag
                0x00009320        0x6 grid/grid_sys.o
                0x00009320                grid_sys_alert_clear_color_changed_flag
 .text.grid_sys_alert_get_color_intensity
                0x00009326       0x42 grid/grid_sys.o
                0x00009326                grid_sys_alert_get_color_intensity
 .text.grid_sys_alert_set_alert
                0x00009368       0x1a grid/grid_sys.o
                0x00009368                grid_sys_alert_set_alert
 .text.grid_sys_alert_get_color_r
                0x00009382        0x4 grid/grid_sys.o
                0x00009382                grid_sys_alert_get_color_r
 .text.grid_sys_alert_get_color_g
                0x00009386        0x4 grid/grid_sys.o
                0x00009386                grid_sys_alert_get_color_g
 .text.grid_sys_alert_get_color_b
                0x0000938a        0x4 grid/grid_sys.o
                0x0000938a                grid_sys_alert_get_color_b
 .text.grid_sys_read_hex_char_value
                0x0000938e       0x28 grid/grid_sys.o
                0x0000938e                grid_sys_read_hex_char_value
 *fill*         0x000093b6        0x2 
 .text.grid_sys_read_hex_string_value
                0x000093b8       0x30 grid/grid_sys.o
                0x000093b8                grid_sys_read_hex_string_value
 .text.grid_sys_write_hex_string_value
                0x000093e8       0x34 grid/grid_sys.o
                0x000093e8                grid_sys_write_hex_string_value
 .text.grid_sys_get_id
                0x0000941c       0x2c grid/grid_sys.o
                0x0000941c                grid_sys_get_id
 .text.grid_sys_get_hwcfg
                0x00009448       0xe4 grid/grid_sys.o
                0x00009448                grid_sys_get_hwcfg
 .text.grid_msg_calculate_checksum_of_packet_string
                0x0000952c       0x1a grid/grid_sys.o
                0x0000952c                grid_msg_calculate_checksum_of_packet_string
 *fill*         0x00009546        0x2 
 .text.grid_msg_checksum_read
                0x00009548       0x1c grid/grid_sys.o
                0x00009548                grid_msg_checksum_read
 .text.grid_msg_checksum_write
                0x00009564       0x10 grid/grid_sys.o
                0x00009564                grid_msg_checksum_write
 .text.grid_msg_get_parameter
                0x00009574       0x18 grid/grid_sys.o
                0x00009574                grid_msg_get_parameter
 .text.grid_msg_set_parameter
                0x0000958c       0x14 grid/grid_sys.o
                0x0000958c                grid_msg_set_parameter
 .text.grid_msg_find_recent
                0x000095a0       0x1a grid/grid_sys.o
                0x000095a0                grid_msg_find_recent
 .text.grid_msg_push_recent
                0x000095ba       0x16 grid/grid_sys.o
                0x000095ba                grid_msg_push_recent
 .text.grid_ui_model_init
                0x000095d0       0x34 grid/grid_ui.o
                0x000095d0                grid_ui_model_init
 .text.grid_ui_bank_init
                0x00009604       0x40 grid/grid_ui.o
                0x00009604                grid_ui_bank_init
 .text.grid_ui_nvm_load_all_configuration
                0x00009644       0x10 grid/grid_ui.o
                0x00009644                grid_ui_nvm_load_all_configuration
 .text.grid_ui_nvm_clear_all_configuration
                0x00009654       0x10 grid/grid_ui.o
                0x00009654                grid_ui_nvm_clear_all_configuration
 .text.grid_ui_recall_event_configuration
                0x00009664      0x238 grid/grid_ui.o
                0x00009664                grid_ui_recall_event_configuration
 .text.grid_ui_nvm_store_event_configuration
                0x0000989c      0x1e4 grid/grid_ui.o
                0x0000989c                grid_ui_nvm_store_event_configuration
 .text.grid_ui_nvm_store_all_configuration
                0x00009a80      0x108 grid/grid_ui.o
                0x00009a80                grid_ui_nvm_store_all_configuration
 .text.grid_ui_nvm_load_event_configuration
                0x00009b88       0x78 grid/grid_ui.o
                0x00009b88                grid_ui_nvm_load_event_configuration
 .text.grid_ui_nvm_clear_event_configuration
                0x00009c00       0x28 grid/grid_ui.o
                0x00009c00                grid_ui_nvm_clear_event_configuration
 .text.grid_ui_event_find
                0x00009c28       0x2a grid/grid_ui.o
                0x00009c28                grid_ui_event_find
 .text.grid_ui_event_trigger
                0x00009c52       0x14 grid/grid_ui.o
                0x00009c52                grid_ui_event_trigger
 .text.grid_ui_event_render_action
                0x00009c66       0x38 grid/grid_ui.o
                0x00009c66                grid_ui_event_render_action
 *fill*         0x00009c9e        0x2 
 .text.grid_port_process_ui
                0x00009ca0      0x470 grid/grid_ui.o
                0x00009ca0                grid_port_process_ui
 .text.grid_ui_event_template_action
                0x0000a110      0x1f4 grid/grid_ui.o
                0x0000a110                grid_ui_event_template_action
 .text.grid_ui_event_register_actionstring
                0x0000a304      0x100 grid/grid_ui.o
                0x0000a304                grid_ui_event_register_actionstring
 .text.grid_ui_event_generate_actionstring
                0x0000a404       0xfc grid/grid_ui.o
                0x0000a404                grid_ui_event_generate_actionstring
 .text.grid_ui_reinit
                0x0000a500       0x6c grid/grid_ui.o
                0x0000a500                grid_ui_reinit
 .text.grid_ui_smart_trigger
                0x0000a56c       0x50 grid/grid_ui.o
                0x0000a56c                grid_ui_smart_trigger
 .text.grid_ui_event_register_eventstring
                0x0000a5bc      0x164 grid/grid_ui.o
                0x0000a5bc                grid_ui_event_register_eventstring
 .text.grid_ui_event_generate_eventstring
                0x0000a720       0xe0 grid/grid_ui.o
                0x0000a720                grid_ui_event_generate_eventstring
 .text.grid_ui_event_init
                0x0000a800       0xb0 grid/grid_ui.o
                0x0000a800                grid_ui_event_init
 .text.grid_ui_element_init
                0x0000a8b0      0x108 grid/grid_ui.o
                0x0000a8b0                grid_ui_element_init
 .text.grid_usb_serial_bulkin_cb
                0x0000a9b8        0x4 grid/grid_usb.o
 .text.grid_usb_serial_statechange_cb
                0x0000a9bc       0x28 grid/grid_usb.o
 .text.grid_usb_midi_bulkin_cb
                0x0000a9e4       0x28 grid/grid_usb.o
 .text.grid_usb_midi_bulkout_cb
                0x0000aa0c       0x28 grid/grid_usb.o
 .text.grid_usb_serial_bulkout_cb
                0x0000aa34        0x4 grid/grid_usb.o
 .text.grid_usb_serial_init
                0x0000aa38       0x10 grid/grid_usb.o
                0x0000aa38                grid_usb_serial_init
 .text.grid_usb_midi_init
                0x0000aa48       0x24 grid/grid_usb.o
                0x0000aa48                grid_usb_midi_init
 .text.adc_async_window_threshold_reached
                0x0000aa6c        0x8 hal/src/hal_adc_async.o
 .text.adc_async_error_occured
                0x0000aa74        0x8 hal/src/hal_adc_async.o
 .text.adc_async_channel_conversion_done
                0x0000aa7c       0x68 hal/src/hal_adc_async.o
 .text.adc_async_init
                0x0000aae4       0x4c hal/src/hal_adc_async.o
                0x0000aae4                adc_async_init
 .text.adc_async_register_channel_buffer
                0x0000ab30       0x6c hal/src/hal_adc_async.o
                0x0000ab30                adc_async_register_channel_buffer
 .text.adc_async_enable_channel
                0x0000ab9c       0x10 hal/src/hal_adc_async.o
                0x0000ab9c                adc_async_enable_channel
 .text.adc_async_register_callback
                0x0000abac       0x3c hal/src/hal_adc_async.o
                0x0000abac                adc_async_register_callback
 .text.adc_async_read_channel
                0x0000abe8       0x74 hal/src/hal_adc_async.o
                0x0000abe8                adc_async_read_channel
 .text.adc_async_start_conversion
                0x0000ac5c       0x10 hal/src/hal_adc_async.o
                0x0000ac5c                adc_async_start_conversion
 .text.atomic_enter_critical
                0x0000ac6c        0xe hal/src/hal_atomic.o
                0x0000ac6c                atomic_enter_critical
 .text.atomic_leave_critical
                0x0000ac7a        0xc hal/src/hal_atomic.o
                0x0000ac7a                atomic_leave_critical
 *fill*         0x0000ac86        0x2 
 .text.crc_sync_init
                0x0000ac88        0x8 hal/src/hal_crc_sync.o
                0x0000ac88                crc_sync_init
 .text.delay_init
                0x0000ac90       0x10 hal/src/hal_delay.o
                0x0000ac90                delay_init
 .text.delay_us
                0x0000aca0       0x24 hal/src/hal_delay.o
                0x0000aca0                delay_us
 .text.delay_ms
                0x0000acc4       0x24 hal/src/hal_delay.o
                0x0000acc4                delay_ms
 .text.event_system_init
                0x0000ace8        0x8 hal/src/hal_evsys.o
                0x0000ace8                event_system_init
 .text.flash_ready
                0x0000acf0        0x8 hal/src/hal_flash.o
 .text.flash_error
                0x0000acf8        0x8 hal/src/hal_flash.o
 .text.flash_init
                0x0000ad00       0x20 hal/src/hal_flash.o
                0x0000ad00                flash_init
 .text.flash_read
                0x0000ad20       0x4c hal/src/hal_flash.o
                0x0000ad20                flash_read
 .text.flash_write
                0x0000ad6c       0x64 hal/src/hal_flash.o
                0x0000ad6c                flash_write
 .text.flash_erase
                0x0000add0       0x60 hal/src/hal_flash.o
                0x0000add0                flash_erase
 .text.i2c_m_async_write
                0x0000ae30       0x2c hal/src/hal_i2c_m_async.o
 .text.i2c_m_async_read
                0x0000ae5c       0x2c hal/src/hal_i2c_m_async.o
 .text.i2c_tx_complete
                0x0000ae88        0xe hal/src/hal_i2c_m_async.o
 .text.i2c_rx_complete
                0x0000ae96        0xe hal/src/hal_i2c_m_async.o
 .text.i2c_error
                0x0000aea4        0xe hal/src/hal_i2c_m_async.o
 *fill*         0x0000aeb2        0x2 
 .text.i2c_m_async_init
                0x0000aeb4       0x50 hal/src/hal_i2c_m_async.o
                0x0000aeb4                i2c_m_async_init
 .text.io_write
                0x0000af04        0x4 hal/src/hal_io.o
                0x0000af04                io_write
 .text.io_read  0x0000af08        0x4 hal/src/hal_io.o
                0x0000af08                io_read
 .text.qspi_dma_init
                0x0000af0c        0x8 hal/src/hal_qspi_dma.o
                0x0000af0c                qspi_dma_init
 .text._spi_m_async_io_write
                0x0000af14       0x20 hal/src/hal_spi_m_async.o
 .text._spi_m_async_io_read
                0x0000af34       0x34 hal/src/hal_spi_m_async.o
 .text._spi_dev_error
                0x0000af68       0x40 hal/src/hal_spi_m_async.o
 .text._spi_dev_complete
                0x0000afa8       0x2c hal/src/hal_spi_m_async.o
 .text._spi_dev_rx
                0x0000afd4       0x7c hal/src/hal_spi_m_async.o
 .text._spi_dev_tx
                0x0000b050       0x48 hal/src/hal_spi_m_async.o
 .text.spi_m_async_init
                0x0000b098       0x64 hal/src/hal_spi_m_async.o
                0x0000b098                spi_m_async_init
 .text.spi_m_async_enable
                0x0000b0fc        0xc hal/src/hal_spi_m_async.o
                0x0000b0fc                spi_m_async_enable
 .text.spi_m_async_set_baudrate
                0x0000b108       0x18 hal/src/hal_spi_m_async.o
                0x0000b108                spi_m_async_set_baudrate
 .text.spi_m_async_set_mode
                0x0000b120       0x18 hal/src/hal_spi_m_async.o
                0x0000b120                spi_m_async_set_mode
 .text.spi_m_async_transfer
                0x0000b138       0x48 hal/src/hal_spi_m_async.o
                0x0000b138                spi_m_async_transfer
 .text.spi_m_async_register_callback
                0x0000b180       0x1c hal/src/hal_spi_m_async.o
                0x0000b180                spi_m_async_register_callback
 .text.spi_m_async_get_io_descriptor
                0x0000b19c        0x8 hal/src/hal_spi_m_async.o
                0x0000b19c                spi_m_async_get_io_descriptor
 .text._spi_m_dma_io_write
                0x0000b1a4       0x18 hal/src/hal_spi_m_dma.o
 .text._spi_m_dma_io_read
                0x0000b1bc       0x18 hal/src/hal_spi_m_dma.o
 .text.spi_m_dma_init
                0x0000b1d4       0x24 hal/src/hal_spi_m_dma.o
                0x0000b1d4                spi_m_dma_init
 .text.spi_m_dma_enable
                0x0000b1f8        0xc hal/src/hal_spi_m_dma.o
                0x0000b1f8                spi_m_dma_enable
 .text.spi_m_dma_register_callback
                0x0000b204        0xc hal/src/hal_spi_m_dma.o
                0x0000b204                spi_m_dma_register_callback
 .text.spi_m_dma_get_io_descriptor
                0x0000b210        0x8 hal/src/hal_spi_m_dma.o
                0x0000b210                spi_m_dma_get_io_descriptor
 .text.timer_add_timer_task
                0x0000b218       0x4c hal/src/hal_timer.o
 .text.timer_process_counted
                0x0000b264       0x6c hal/src/hal_timer.o
 .text.timer_init
                0x0000b2d0       0x1c hal/src/hal_timer.o
                0x0000b2d0                timer_init
 .text.timer_start
                0x0000b2ec       0x24 hal/src/hal_timer.o
                0x0000b2ec                timer_start
 .text.timer_add_task
                0x0000b310       0x78 hal/src/hal_timer.o
                0x0000b310                timer_add_task
 .text.usart_transmission_complete
                0x0000b388       0x10 hal/src/hal_usart_async.o
 .text.usart_error
                0x0000b398       0x10 hal/src/hal_usart_async.o
 .text.usart_fill_rx_buffer
                0x0000b3a8       0x20 hal/src/hal_usart_async.o
 .text.usart_async_write
                0x0000b3c8       0x34 hal/src/hal_usart_async.o
 .text.usart_process_byte_sent
                0x0000b3fc       0x34 hal/src/hal_usart_async.o
 .text.usart_async_read
                0x0000b430       0x54 hal/src/hal_usart_async.o
 .text.usart_async_init
                0x0000b484       0x60 hal/src/hal_usart_async.o
                0x0000b484                usart_async_init
 .text.usart_async_enable
                0x0000b4e4       0x10 hal/src/hal_usart_async.o
                0x0000b4e4                usart_async_enable
 .text.usart_async_disable
                0x0000b4f4       0x10 hal/src/hal_usart_async.o
                0x0000b4f4                usart_async_disable
 .text.usart_async_get_io_descriptor
                0x0000b504        0x6 hal/src/hal_usart_async.o
                0x0000b504                usart_async_get_io_descriptor
 *fill*         0x0000b50a        0x2 
 .text.usart_async_register_callback
                0x0000b50c       0x44 hal/src/hal_usart_async.o
                0x0000b50c                usart_async_register_callback
 .text.usart_async_set_parity
                0x0000b550       0x10 hal/src/hal_usart_async.o
                0x0000b550                usart_async_set_parity
 .text.usart_sync_write
                0x0000b560       0x50 hal/src/hal_usart_sync.o
 .text.usart_sync_read
                0x0000b5b0       0x38 hal/src/hal_usart_sync.o
 .text.usart_sync_init
                0x0000b5e8       0x24 hal/src/hal_usart_sync.o
                0x0000b5e8                usart_sync_init
 .text.usart_sync_enable
                0x0000b60c       0x10 hal/src/hal_usart_sync.o
                0x0000b60c                usart_sync_enable
 .text._usb_d_find_ep
                0x0000b61c       0x30 hal/src/hal_usb_device.o
 .text.usb_d_dummy_cb_false
                0x0000b64c        0x4 hal/src/hal_usb_device.o
 .text.usb_d_cb_trans_more
                0x0000b650       0x30 hal/src/hal_usb_device.o
 .text._usb_d_cb_trans_done
                0x0000b680      0x108 hal/src/hal_usb_device.o
 .text.usb_d_cb_trans_setup
                0x0000b788       0x8c hal/src/hal_usb_device.o
 .text.usb_d_init
                0x0000b814       0x68 hal/src/hal_usb_device.o
                0x0000b814                usb_d_init
 .text.usb_d_register_callback
                0x0000b87c        0x8 hal/src/hal_usb_device.o
                0x0000b87c                usb_d_register_callback
 .text.usb_d_enable
                0x0000b884        0x8 hal/src/hal_usb_device.o
                0x0000b884                usb_d_enable
 .text.usb_d_attach
                0x0000b88c        0x8 hal/src/hal_usb_device.o
                0x0000b88c                usb_d_attach
 .text.usb_d_get_frame_num
                0x0000b894        0x8 hal/src/hal_usb_device.o
                0x0000b894                usb_d_get_frame_num
 .text.usb_d_set_address
                0x0000b89c        0x8 hal/src/hal_usb_device.o
                0x0000b89c                usb_d_set_address
 .text.usb_d_ep_init
                0x0000b8a4       0x50 hal/src/hal_usb_device.o
                0x0000b8a4                usb_d_ep_init
 .text.usb_d_ep0_init
                0x0000b8f4       0x10 hal/src/hal_usb_device.o
                0x0000b8f4                usb_d_ep0_init
 .text.usb_d_ep_deinit
                0x0000b904       0x2c hal/src/hal_usb_device.o
                0x0000b904                usb_d_ep_deinit
 .text.usb_d_ep_enable
                0x0000b930       0x40 hal/src/hal_usb_device.o
                0x0000b930                usb_d_ep_enable
 .text.usb_d_ep_transfer
                0x0000b970       0xf8 hal/src/hal_usb_device.o
                0x0000b970                usb_d_ep_transfer
 .text.usb_d_ep_halt
                0x0000ba68       0x64 hal/src/hal_usb_device.o
                0x0000ba68                usb_d_ep_halt
 .text.usb_d_ep_register_callback
                0x0000bacc       0x4c hal/src/hal_usb_device.o
                0x0000bacc                usb_d_ep_register_callback
 .text.is_list_element
                0x0000bb18        0xe hal/utils/src/utils_list.o
                0x0000bb18                is_list_element
 .text.list_insert_as_head
                0x0000bb26        0x8 hal/utils/src/utils_list.o
                0x0000bb26                list_insert_as_head
 .text.list_insert_after
                0x0000bb2e        0x8 hal/utils/src/utils_list.o
                0x0000bb2e                list_insert_after
 .text.list_insert_at_end
                0x0000bb36       0x18 hal/utils/src/utils_list.o
                0x0000bb36                list_insert_at_end
 .text.list_remove_head
                0x0000bb4e        0xc hal/utils/src/utils_list.o
                0x0000bb4e                list_remove_head
 .text.ringbuffer_init
                0x0000bb5a       0x18 hal/utils/src/utils_ringbuffer.o
                0x0000bb5a                ringbuffer_init
 .text.ringbuffer_get
                0x0000bb72       0x22 hal/utils/src/utils_ringbuffer.o
                0x0000bb72                ringbuffer_get
 .text.ringbuffer_put
                0x0000bb94       0x26 hal/utils/src/utils_ringbuffer.o
                0x0000bb94                ringbuffer_put
 .text.ringbuffer_num
                0x0000bbba        0x8 hal/utils/src/utils_ringbuffer.o
                0x0000bbba                ringbuffer_num
 *fill*         0x0000bbc2        0x2 
 .text._sbrk    0x0000bbc4       0x1c hal/utils/src/utils_syscalls.o
                0x0000bbc4                _sbrk
 .text._close   0x0000bbe0        0x6 hal/utils/src/utils_syscalls.o
                0x0000bbe0                _close
 .text._fstat   0x0000bbe6        0xa hal/utils/src/utils_syscalls.o
                0x0000bbe6                _fstat
 .text._isatty  0x0000bbf0        0x4 hal/utils/src/utils_syscalls.o
                0x0000bbf0                _isatty
 .text._lseek   0x0000bbf4        0x4 hal/utils/src/utils_syscalls.o
                0x0000bbf4                _lseek
 .text.__NVIC_DisableIRQ
                0x0000bbf8       0x28 hpl/adc/hpl_adc.o
 .text.__NVIC_ClearPendingIRQ
                0x0000bc20       0x20 hpl/adc/hpl_adc.o
 .text.hri_adc_wait_for_sync
                0x0000bc40        0x8 hpl/adc/hpl_adc.o
 .text.hri_adc_set_CTRLA_ENABLE_bit
                0x0000bc48       0x14 hpl/adc/hpl_adc.o
 .text.hri_adc_clear_CTRLA_ENABLE_bit
                0x0000bc5c       0x18 hpl/adc/hpl_adc.o
 .text._adc_get_regs
                0x0000bc74       0x14 hpl/adc/hpl_adc.o
 .text._adc_interrupt_handler
                0x0000bc88       0x4e hpl/adc/hpl_adc.o
 .text._adc_get_irq_num.isra.0
                0x0000bcd6       0x14 hpl/adc/hpl_adc.o
 *fill*         0x0000bcea        0x2 
 .text._adc_init
                0x0000bcec       0xc8 hpl/adc/hpl_adc.o
 .text._adc_async_init
                0x0000bdb4       0xb4 hpl/adc/hpl_adc.o
                0x0000bdb4                _adc_async_init
 .text._adc_async_enable_channel
                0x0000be68        0xc hpl/adc/hpl_adc.o
                0x0000be68                _adc_async_enable_channel
 .text._adc_async_get_data_size
                0x0000be74       0x12 hpl/adc/hpl_adc.o
                0x0000be74                _adc_async_get_data_size
 *fill*         0x0000be86        0x2 
 .text._adc_async_convert
                0x0000be88       0x18 hpl/adc/hpl_adc.o
                0x0000be88                _adc_async_convert
 .text._adc_async_set_irq_state
                0x0000bea0       0x20 hpl/adc/hpl_adc.o
                0x0000bea0                _adc_async_set_irq_state
 .text.ADC0_1_Handler
                0x0000bec0       0x10 hpl/adc/hpl_adc.o
                0x0000bec0                ADC0_1_Handler
 .text.ADC0_0_Handler
                0x0000bed0        0x8 hpl/adc/hpl_adc.o
                0x0000bed0                ADC0_0_Handler
 .text.ADC1_1_Handler
                0x0000bed8       0x10 hpl/adc/hpl_adc.o
                0x0000bed8                ADC1_1_Handler
 .text.ADC1_0_Handler
                0x0000bee8        0x8 hpl/adc/hpl_adc.o
                0x0000bee8                ADC1_0_Handler
 .text._irq_set
                0x0000bef0       0x1c hpl/core/hpl_core_m4.o
                0x0000bef0                _irq_set
 .text._get_cycles_for_us
                0x0000bf0c        0x6 hpl/core/hpl_core_m4.o
                0x0000bf0c                _get_cycles_for_us
 *fill*         0x0000bf12        0x2 
 .text._get_cycles_for_ms
                0x0000bf14        0xc hpl/core/hpl_core_m4.o
                0x0000bf14                _get_cycles_for_ms
 .text._init_chip
                0x0000bf20       0x5c hpl/core/hpl_init.o
                0x0000bf20                _init_chip
 .text._dmac_handler
                0x0000bf7c       0x50 hpl/dmac/hpl_dmac.o
 .text._dma_init
                0x0000bfcc       0xd0 hpl/dmac/hpl_dmac.o
                0x0000bfcc                _dma_init
 .text._dma_set_irq_state
                0x0000c09c       0x28 hpl/dmac/hpl_dmac.o
                0x0000c09c                _dma_set_irq_state
 .text._dma_set_destination_address
                0x0000c0c4       0x10 hpl/dmac/hpl_dmac.o
                0x0000c0c4                _dma_set_destination_address
 .text._dma_set_source_address
                0x0000c0d4       0x10 hpl/dmac/hpl_dmac.o
                0x0000c0d4                _dma_set_source_address
 .text._dma_srcinc_enable
                0x0000c0e4       0x1c hpl/dmac/hpl_dmac.o
                0x0000c0e4                _dma_srcinc_enable
 .text._dma_set_data_amount
                0x0000c100       0x44 hpl/dmac/hpl_dmac.o
                0x0000c100                _dma_set_data_amount
 .text._dma_enable_transaction
                0x0000c144       0x3c hpl/dmac/hpl_dmac.o
                0x0000c144                _dma_enable_transaction
 .text._dma_get_channel_resource
                0x0000c180       0x14 hpl/dmac/hpl_dmac.o
                0x0000c180                _dma_get_channel_resource
 .text.DMAC_0_Handler
                0x0000c194        0x8 hpl/dmac/hpl_dmac.o
                0x0000c194                DMAC_0_Handler
 .text.DMAC_1_Handler
                0x0000c19c        0x8 hpl/dmac/hpl_dmac.o
                0x0000c19c                DMAC_1_Handler
 .text.DMAC_2_Handler
                0x0000c1a4        0x8 hpl/dmac/hpl_dmac.o
                0x0000c1a4                DMAC_2_Handler
 .text.DMAC_3_Handler
                0x0000c1ac        0x8 hpl/dmac/hpl_dmac.o
                0x0000c1ac                DMAC_3_Handler
 .text.DMAC_4_Handler
                0x0000c1b4        0x8 hpl/dmac/hpl_dmac.o
                0x0000c1b4                DMAC_4_Handler
 .text._crc_sync_init
                0x0000c1bc        0x6 hpl/dsu/hpl_dsu.o
                0x0000c1bc                _crc_sync_init
 *fill*         0x0000c1c2        0x2 
 .text._event_system_init
                0x0000c1c4       0x58 hpl/evsys/hpl_evsys.o
                0x0000c1c4                _event_system_init
 .text.hri_gclk_wait_for_sync.constprop.0
                0x0000c21c       0x14 hpl/gclk/hpl_gclk.o
 .text._gclk_init_generators_by_fref
                0x0000c230       0x58 hpl/gclk/hpl_gclk.o
                0x0000c230                _gclk_init_generators_by_fref
 .text._mclk_init
                0x0000c288        0xc hpl/mclk/hpl_mclk.o
                0x0000c288                _mclk_init
 .text._flash_program
                0x0000c294       0x3c hpl/nvmctrl/hpl_nvmctrl.o
 .text._user_row_write_exec
                0x0000c2d0       0x88 hpl/nvmctrl/hpl_nvmctrl.o
 .text._flash_init
                0x0000c358       0x4c hpl/nvmctrl/hpl_nvmctrl.o
                0x0000c358                _flash_init
 .text._flash_get_page_size
                0x0000c3a4        0x6 hpl/nvmctrl/hpl_nvmctrl.o
                0x0000c3a4                _flash_get_page_size
 .text._flash_get_total_pages
                0x0000c3aa        0x8 hpl/nvmctrl/hpl_nvmctrl.o
                0x0000c3aa                _flash_get_total_pages
 .text._flash_read
                0x0000c3b2       0x1e hpl/nvmctrl/hpl_nvmctrl.o
                0x0000c3b2                _flash_read
 .text._flash_write
                0x0000c3d0       0xd0 hpl/nvmctrl/hpl_nvmctrl.o
                0x0000c3d0                _flash_write
 .text._flash_erase
                0x0000c4a0       0xa8 hpl/nvmctrl/hpl_nvmctrl.o
                0x0000c4a0                _flash_erase
 .text._flash_is_locked
                0x0000c548       0x18 hpl/nvmctrl/hpl_nvmctrl.o
                0x0000c548                _flash_is_locked
 .text.NVMCTRL_1_Handler
                0x0000c560       0x2c hpl/nvmctrl/hpl_nvmctrl.o
                0x0000c560                NVMCTRL_1_Handler
 .text.NVMCTRL_0_Handler
                0x0000c58c        0x8 hpl/nvmctrl/hpl_nvmctrl.o
                0x0000c58c                NVMCTRL_0_Handler
 .text._user_area_read
                0x0000c594       0x60 hpl/nvmctrl/hpl_nvmctrl.o
                0x0000c594                _user_area_read
 .text._user_area_write
                0x0000c5f4       0x78 hpl/nvmctrl/hpl_nvmctrl.o
                0x0000c5f4                _user_area_write
 .text._osc32kctrl_init_sources
                0x0000c66c       0x14 hpl/osc32kctrl/hpl_osc32kctrl.o
                0x0000c66c                _osc32kctrl_init_sources
 .text._oscctrl_init_sources
                0x0000c680        0x2 hpl/oscctrl/hpl_oscctrl.o
                0x0000c680                _oscctrl_init_sources
 *fill*         0x0000c682        0x2 
 .text._oscctrl_init_referenced_generators
                0x0000c684       0xfc hpl/oscctrl/hpl_oscctrl.o
                0x0000c684                _oscctrl_init_referenced_generators
 .text._qspi_dma_tx_complete
                0x0000c780       0x14 hpl/qspi/hpl_qspi.o
 .text._qspi_dma_rx_complete
                0x0000c794        0x8 hpl/qspi/hpl_qspi.o
 .text._qspi_dma_error_occured
                0x0000c79c        0xa hpl/qspi/hpl_qspi.o
 *fill*         0x0000c7a6        0x2 
 .text._qspi_dma_init
                0x0000c7a8       0x58 hpl/qspi/hpl_qspi.o
                0x0000c7a8                _qspi_dma_init
 .text.RAMECC_Handler
                0x0000c800       0x3c hpl/ramecc/hpl_ramecc.o
                0x0000c800                RAMECC_Handler
 .text.hri_rtcmode0_wait_for_sync
                0x0000c83c        0x8 hpl/rtc/hpl_rtc.o
 .text._rtc_timer_stop
                0x0000c844       0x1c hpl/rtc/hpl_rtc.o
                0x0000c844                _rtc_timer_stop
 .text._rtc_timer_set_period
                0x0000c860       0x10 hpl/rtc/hpl_rtc.o
                0x0000c860                _rtc_timer_set_period
 .text._rtc_timer_get_period
                0x0000c870       0x14 hpl/rtc/hpl_rtc.o
                0x0000c870                _rtc_timer_get_period
 .text._rtc_timer_is_started
                0x0000c884       0x1c hpl/rtc/hpl_rtc.o
                0x0000c884                _rtc_timer_is_started
 .text._rtc_timer_set_irq
                0x0000c8a0        0x2 hpl/rtc/hpl_rtc.o
                0x0000c8a0                _rtc_timer_set_irq
 *fill*         0x0000c8a2        0x2 
 .text._rtc_timer_start
                0x0000c8a4       0x3c hpl/rtc/hpl_rtc.o
                0x0000c8a4                _rtc_timer_start
 .text._rtc_timer_deinit
                0x0000c8e0       0x28 hpl/rtc/hpl_rtc.o
                0x0000c8e0                _rtc_timer_deinit
 .text._rtc_timer_init
                0x0000c908       0x48 hpl/rtc/hpl_rtc.o
                0x0000c908                _rtc_timer_init
 .text._rtc_get_timer
                0x0000c950        0x8 hpl/rtc/hpl_rtc.o
                0x0000c950                _rtc_get_timer
 .text.RTC_Handler
                0x0000c958       0x24 hpl/rtc/hpl_rtc.o
                0x0000c958                RTC_Handler
 .text.__NVIC_EnableIRQ
                0x0000c97c       0x1c hpl/sercom/hpl_sercom.o
 .text.__NVIC_DisableIRQ
                0x0000c998       0x28 hpl/sercom/hpl_sercom.o
 .text.__NVIC_ClearPendingIRQ
                0x0000c9c0       0x20 hpl/sercom/hpl_sercom.o
 .text.hri_sercomi2cm_wait_for_sync
                0x0000c9e0        0x8 hpl/sercom/hpl_sercom.o
 .text.hri_sercomspi_wait_for_sync
                0x0000c9e8        0x8 hpl/sercom/hpl_sercom.o
 .text.hri_sercomusart_wait_for_sync
                0x0000c9f0        0x8 hpl/sercom/hpl_sercom.o
 .text.hri_sercomi2cm_clear_CTRLA_ENABLE_bit
                0x0000c9f8       0x14 hpl/sercom/hpl_sercom.o
 .text.hri_sercomspi_clear_CTRLA_ENABLE_bit
                0x0000ca0c       0x14 hpl/sercom/hpl_sercom.o
 .text.hri_sercomusart_get_CTRLA_ENABLE_bit
                0x0000ca20       0x14 hpl/sercom/hpl_sercom.o
 .text.hri_sercomusart_write_CTRLA_ENABLE_bit
                0x0000ca34       0x18 hpl/sercom/hpl_sercom.o
 .text.hri_sercomusart_clear_CTRLA_ENABLE_bit
                0x0000ca4c       0x14 hpl/sercom/hpl_sercom.o
 .text._sercom_get_hardware_index
                0x0000ca60       0x34 hpl/sercom/hpl_sercom.o
 .text._sercom_usart_interrupt_handler
                0x0000ca94       0x70 hpl/sercom/hpl_sercom.o
 .text._sercom_init_irq_param
                0x0000cb04       0x60 hpl/sercom/hpl_sercom.o
 .text._get_i2cm_index
                0x0000cb64       0x14 hpl/sercom/hpl_sercom.o
 .text._sercom_get_irq_num
                0x0000cb78       0x14 hpl/sercom/hpl_sercom.o
 .text._spi_sync_enable
                0x0000cb8c       0x28 hpl/sercom/hpl_sercom.o
 .text._spi_get_regs
                0x0000cbb4       0x2c hpl/sercom/hpl_sercom.o
 .text._spi_get_tx_dma_channel
                0x0000cbe0       0x14 hpl/sercom/hpl_sercom.o
 .text._spi_get_rx_dma_channel
                0x0000cbf4       0x14 hpl/sercom/hpl_sercom.o
 .text._spi_dma_rx_complete
                0x0000cc08        0xa hpl/sercom/hpl_sercom.o
 .text._spi_dma_tx_complete
                0x0000cc12        0xa hpl/sercom/hpl_sercom.o
 .text._spi_dma_error_occured
                0x0000cc1c        0xa hpl/sercom/hpl_sercom.o
 *fill*         0x0000cc26        0x2 
 .text._usart_set_parity
                0x0000cc28       0x78 hpl/sercom/hpl_sercom.o
 .text._sercom_i2c_send_stop
                0x0000cca0       0x14 hpl/sercom/hpl_sercom.o
 .text._sercom_i2c_sync_analyse_flags
                0x0000ccb4      0x16c hpl/sercom/hpl_sercom.o
 .text._spi_load_regs_master
                0x0000ce20       0x3c hpl/sercom/hpl_sercom.o
 .text._spi_set_mode
                0x0000ce5c       0x34 hpl/sercom/hpl_sercom.o
 .text._i2c_m_sync_init_impl
                0x0000ce90       0xb0 hpl/sercom/hpl_sercom.o
 .text._usart_init
                0x0000cf40       0xdc hpl/sercom/hpl_sercom.o
 .text._usart_sync_init
                0x0000d01c        0xc hpl/sercom/hpl_sercom.o
                0x0000d01c                _usart_sync_init
 .text._usart_async_init
                0x0000d028       0x64 hpl/sercom/hpl_sercom.o
                0x0000d028                _usart_async_init
 .text._usart_sync_enable
                0x0000d08c       0x14 hpl/sercom/hpl_sercom.o
                0x0000d08c                _usart_sync_enable
 .text._usart_async_enable
                0x0000d0a0       0x14 hpl/sercom/hpl_sercom.o
                0x0000d0a0                _usart_async_enable
 .text._usart_async_disable
                0x0000d0b4        0xc hpl/sercom/hpl_sercom.o
                0x0000d0b4                _usart_async_disable
 .text._usart_async_set_parity
                0x0000d0c0        0xc hpl/sercom/hpl_sercom.o
                0x0000d0c0                _usart_async_set_parity
 .text._usart_sync_write_byte
                0x0000d0cc        0x6 hpl/sercom/hpl_sercom.o
                0x0000d0cc                _usart_sync_write_byte
 .text._usart_async_write_byte
                0x0000d0d2        0x6 hpl/sercom/hpl_sercom.o
                0x0000d0d2                _usart_async_write_byte
 .text._usart_sync_read_byte
                0x0000d0d8        0x8 hpl/sercom/hpl_sercom.o
                0x0000d0d8                _usart_sync_read_byte
 .text._usart_sync_is_ready_to_send
                0x0000d0e0        0xa hpl/sercom/hpl_sercom.o
                0x0000d0e0                _usart_sync_is_ready_to_send
 .text._usart_sync_is_transmit_done
                0x0000d0ea        0xa hpl/sercom/hpl_sercom.o
                0x0000d0ea                _usart_sync_is_transmit_done
 .text._usart_sync_is_byte_received
                0x0000d0f4        0xa hpl/sercom/hpl_sercom.o
                0x0000d0f4                _usart_sync_is_byte_received
 .text._usart_async_enable_byte_sent_irq
                0x0000d0fe        0x8 hpl/sercom/hpl_sercom.o
                0x0000d0fe                _usart_async_enable_byte_sent_irq
 .text._usart_async_enable_tx_done_irq
                0x0000d106        0x8 hpl/sercom/hpl_sercom.o
                0x0000d106                _usart_async_enable_tx_done_irq
 .text._usart_async_set_irq_state
                0x0000d10e       0x32 hpl/sercom/hpl_sercom.o
                0x0000d10e                _usart_async_set_irq_state
 .text._i2c_m_async_init
                0x0000d140       0x64 hpl/sercom/hpl_sercom.o
                0x0000d140                _i2c_m_async_init
 .text._i2c_m_async_transfer
                0x0000d1a4       0xc0 hpl/sercom/hpl_sercom.o
                0x0000d1a4                _i2c_m_async_transfer
 .text._i2c_m_async_register_callback
                0x0000d264       0x1a hpl/sercom/hpl_sercom.o
                0x0000d264                _i2c_m_async_register_callback
 *fill*         0x0000d27e        0x2 
 .text.SERCOM0_3_Handler
                0x0000d280       0x10 hpl/sercom/hpl_sercom.o
                0x0000d280                SERCOM0_3_Handler
 .text.SERCOM0_2_Handler
                0x0000d290        0x8 hpl/sercom/hpl_sercom.o
                0x0000d290                SERCOM0_2_Handler
 .text.SERCOM0_1_Handler
                0x0000d298        0x8 hpl/sercom/hpl_sercom.o
                0x0000d298                SERCOM0_1_Handler
 .text.SERCOM0_0_Handler
                0x0000d2a0        0x8 hpl/sercom/hpl_sercom.o
                0x0000d2a0                SERCOM0_0_Handler
 .text.SERCOM1_3_Handler
                0x0000d2a8       0x10 hpl/sercom/hpl_sercom.o
                0x0000d2a8                SERCOM1_3_Handler
 .text.SERCOM1_2_Handler
                0x0000d2b8        0x8 hpl/sercom/hpl_sercom.o
                0x0000d2b8                SERCOM1_2_Handler
 .text.SERCOM1_1_Handler
                0x0000d2c0        0x8 hpl/sercom/hpl_sercom.o
                0x0000d2c0                SERCOM1_1_Handler
 .text.SERCOM1_0_Handler
                0x0000d2c8        0x8 hpl/sercom/hpl_sercom.o
                0x0000d2c8                SERCOM1_0_Handler
 .text.SERCOM3_3_Handler
                0x0000d2d0       0x44 hpl/sercom/hpl_sercom.o
                0x0000d2d0                SERCOM3_3_Handler
 .text.SERCOM3_2_Handler
                0x0000d314        0x8 hpl/sercom/hpl_sercom.o
                0x0000d314                SERCOM3_2_Handler
 .text.SERCOM3_1_Handler
                0x0000d31c        0x8 hpl/sercom/hpl_sercom.o
                0x0000d31c                SERCOM3_1_Handler
 .text.SERCOM3_0_Handler
                0x0000d324        0x8 hpl/sercom/hpl_sercom.o
                0x0000d324                SERCOM3_0_Handler
 .text.SERCOM4_3_Handler
                0x0000d32c       0x10 hpl/sercom/hpl_sercom.o
                0x0000d32c                SERCOM4_3_Handler
 .text.SERCOM4_2_Handler
                0x0000d33c        0x8 hpl/sercom/hpl_sercom.o
                0x0000d33c                SERCOM4_2_Handler
 .text.SERCOM4_1_Handler
                0x0000d344        0x8 hpl/sercom/hpl_sercom.o
                0x0000d344                SERCOM4_1_Handler
 .text.SERCOM4_0_Handler
                0x0000d34c        0x8 hpl/sercom/hpl_sercom.o
                0x0000d34c                SERCOM4_0_Handler
 .text.SERCOM5_3_Handler
                0x0000d354       0x64 hpl/sercom/hpl_sercom.o
                0x0000d354                SERCOM5_3_Handler
 .text.SERCOM5_2_Handler
                0x0000d3b8        0x8 hpl/sercom/hpl_sercom.o
                0x0000d3b8                SERCOM5_2_Handler
 .text.SERCOM5_1_Handler
                0x0000d3c0        0x8 hpl/sercom/hpl_sercom.o
                0x0000d3c0                SERCOM5_1_Handler
 .text.SERCOM5_0_Handler
                0x0000d3c8        0x8 hpl/sercom/hpl_sercom.o
                0x0000d3c8                SERCOM5_0_Handler
 .text.SERCOM6_3_Handler
                0x0000d3d0       0x10 hpl/sercom/hpl_sercom.o
                0x0000d3d0                SERCOM6_3_Handler
 .text.SERCOM6_2_Handler
                0x0000d3e0        0x8 hpl/sercom/hpl_sercom.o
                0x0000d3e0                SERCOM6_2_Handler
 .text.SERCOM6_1_Handler
                0x0000d3e8        0x8 hpl/sercom/hpl_sercom.o
                0x0000d3e8                SERCOM6_1_Handler
 .text.SERCOM6_0_Handler
                0x0000d3f0        0x8 hpl/sercom/hpl_sercom.o
                0x0000d3f0                SERCOM6_0_Handler
 .text._spi_m_sync_init
                0x0000d3f8       0xd0 hpl/sercom/hpl_sercom.o
                0x0000d3f8                _spi_m_sync_init
 .text._spi_m_async_init
                0x0000d4c8       0x58 hpl/sercom/hpl_sercom.o
                0x0000d4c8                _spi_m_async_init
 .text._spi_s_async_enable
                0x0000d520       0x34 hpl/sercom/hpl_sercom.o
                0x0000d520                _spi_s_async_enable
 .text._spi_m_async_enable
                0x0000d554        0x8 hpl/sercom/hpl_sercom.o
                0x0000d554                _spi_m_async_enable
 .text._spi_s_async_set_mode
                0x0000d55c        0xc hpl/sercom/hpl_sercom.o
                0x0000d55c                _spi_s_async_set_mode
 .text._spi_m_async_set_mode
                0x0000d568        0x8 hpl/sercom/hpl_sercom.o
                0x0000d568                _spi_m_async_set_mode
 .text._spi_m_async_set_baudrate
                0x0000d570       0x14 hpl/sercom/hpl_sercom.o
                0x0000d570                _spi_m_async_set_baudrate
 .text._spi_m_async_enable_tx
                0x0000d584       0x10 hpl/sercom/hpl_sercom.o
                0x0000d584                _spi_m_async_enable_tx
 .text._spi_m_async_enable_rx
                0x0000d594       0x10 hpl/sercom/hpl_sercom.o
                0x0000d594                _spi_m_async_enable_rx
 .text._spi_m_async_enable_tx_complete
                0x0000d5a4       0x10 hpl/sercom/hpl_sercom.o
                0x0000d5a4                _spi_m_async_enable_tx_complete
 .text._spi_m_async_write_one
                0x0000d5b4        0x8 hpl/sercom/hpl_sercom.o
                0x0000d5b4                _spi_m_async_write_one
 .text._spi_m_async_read_one
                0x0000d5bc        0x8 hpl/sercom/hpl_sercom.o
                0x0000d5bc                _spi_m_async_read_one
 .text._spi_m_async_register_callback
                0x0000d5c4        0xa hpl/sercom/hpl_sercom.o
                0x0000d5c4                _spi_m_async_register_callback
 .text._spi_m_async_set_irq_state
                0x0000d5ce       0x12 hpl/sercom/hpl_sercom.o
                0x0000d5ce                _spi_m_async_set_irq_state
 .text._spi_m_dma_init
                0x0000d5e0       0xc4 hpl/sercom/hpl_sercom.o
                0x0000d5e0                _spi_m_dma_init
 .text._spi_m_dma_enable
                0x0000d6a4        0xc hpl/sercom/hpl_sercom.o
                0x0000d6a4                _spi_m_dma_enable
 .text._spi_m_dma_register_callback
                0x0000d6b0       0x64 hpl/sercom/hpl_sercom.o
                0x0000d6b0                _spi_m_dma_register_callback
 .text._spi_m_dma_transfer
                0x0000d714       0xf8 hpl/sercom/hpl_sercom.o
                0x0000d714                _spi_m_dma_transfer
 .text._delay_init
                0x0000d80c       0x14 hpl/systick/hpl_systick.o
                0x0000d80c                _delay_init
 .text._delay_cycles
                0x0000d820       0x38 hpl/systick/hpl_systick.o
                0x0000d820                _delay_cycles
 .text.__NVIC_DisableIRQ
                0x0000d858       0x28 hpl/tc/hpl_tc.o
 .text.hri_tc_wait_for_sync
                0x0000d880        0x8 hpl/tc/hpl_tc.o
 .text._tc_timer_start
                0x0000d888       0x14 hpl/tc/hpl_tc.o
                0x0000d888                _tc_timer_start
 .text._tc_timer_get_period
                0x0000d89c       0x50 hpl/tc/hpl_tc.o
                0x0000d89c                _tc_timer_get_period
 .text._tc_timer_is_started
                0x0000d8ec       0x18 hpl/tc/hpl_tc.o
                0x0000d8ec                _tc_timer_is_started
 .text.tc_interrupt_handler
                0x0000d904       0x12 hpl/tc/hpl_tc.o
 *fill*         0x0000d916        0x2 
 .text.get_tc_index
                0x0000d918       0x50 hpl/tc/hpl_tc.o
 .text._tc_timer_set_irq
                0x0000d968       0x28 hpl/tc/hpl_tc.o
                0x0000d968                _tc_timer_set_irq
 .text._tc_timer_stop
                0x0000d990       0x14 hpl/tc/hpl_tc.o
                0x0000d990                _tc_timer_stop
 .text._tc_timer_deinit
                0x0000d9a4       0x4c hpl/tc/hpl_tc.o
                0x0000d9a4                _tc_timer_deinit
 .text._tc_timer_init
                0x0000d9f0      0x150 hpl/tc/hpl_tc.o
                0x0000d9f0                _tc_timer_init
 .text._tc_timer_set_period
                0x0000db40       0x3c hpl/tc/hpl_tc.o
                0x0000db40                _tc_timer_set_period
 .text._tc_get_timer
                0x0000db7c        0x8 hpl/tc/hpl_tc.o
                0x0000db7c                _tc_get_timer
 .text.TC0_Handler
                0x0000db84       0x10 hpl/tc/hpl_tc.o
                0x0000db84                TC0_Handler
 .text.TC1_Handler
                0x0000db94       0x10 hpl/tc/hpl_tc.o
                0x0000db94                TC1_Handler
 .text.TC2_Handler
                0x0000dba4       0x10 hpl/tc/hpl_tc.o
                0x0000dba4                TC2_Handler
 .text.TC3_Handler
                0x0000dbb4       0x10 hpl/tc/hpl_tc.o
                0x0000dbb4                TC3_Handler
 .text._dummy_func_no_return
                0x0000dbc4        0x4 hpl/usb/hpl_usb.o
 .text._usb_d_dev_wait_dfll_rdy
                0x0000dbc8       0x24 hpl/usb/hpl_usb.o
 .text._usb_d_dev_ept
                0x0000dbec       0x18 hpl/usb/hpl_usb.o
 .text._usb_d_dev_handle_setup
                0x0000dc04       0x84 hpl/usb/hpl_usb.o
 .text._usb_d_dev_handle_stall
                0x0000dc88       0x28 hpl/usb/hpl_usb.o
 .text._usb_d_dev_trans_done
                0x0000dcb0       0x24 hpl/usb/hpl_usb.o
 .text._usb_d_dev_trans_stop
                0x0000dcd4       0x64 hpl/usb/hpl_usb.o
 .text._usb_d_dev_handle_trfail
                0x0000dd38       0xec hpl/usb/hpl_usb.o
 .text._usb_d_dev_reset_epts
                0x0000de24       0x3c hpl/usb/hpl_usb.o
 .text._usb_d_dev_in_next
                0x0000de60      0x158 hpl/usb/hpl_usb.o
 .text._usb_d_dev_out_next
                0x0000dfb8      0x1ac hpl/usb/hpl_usb.o
 .text._usb_d_dev_handler
                0x0000e164      0x1dc hpl/usb/hpl_usb.o
 .text._usbd_ep_pcksize_size
                0x0000e340       0x3e hpl/usb/hpl_usb.o
 *fill*         0x0000e37e        0x2 
 .text._usb_d_dev_init
                0x0000e380       0xe8 hpl/usb/hpl_usb.o
                0x0000e380                _usb_d_dev_init
 .text._usb_d_dev_enable
                0x0000e468       0x5c hpl/usb/hpl_usb.o
                0x0000e468                _usb_d_dev_enable
 .text._usb_d_dev_attach
                0x0000e4c4       0x12 hpl/usb/hpl_usb.o
                0x0000e4c4                _usb_d_dev_attach
 .text._usb_d_dev_set_address
                0x0000e4d6        0xc hpl/usb/hpl_usb.o
                0x0000e4d6                _usb_d_dev_set_address
 .text._usb_d_dev_get_frame_n
                0x0000e4e2        0xc hpl/usb/hpl_usb.o
                0x0000e4e2                _usb_d_dev_get_frame_n
 *fill*         0x0000e4ee        0x2 
 .text._usb_d_dev_ep_init
                0x0000e4f0       0xc0 hpl/usb/hpl_usb.o
                0x0000e4f0                _usb_d_dev_ep_init
 .text._usb_d_dev_ep_deinit
                0x0000e5b0       0x84 hpl/usb/hpl_usb.o
                0x0000e5b0                _usb_d_dev_ep_deinit
 .text._usb_d_dev_ep_enable
                0x0000e634      0x17c hpl/usb/hpl_usb.o
                0x0000e634                _usb_d_dev_ep_enable
 .text._usb_d_dev_ep_stall
                0x0000e7b0       0xe4 hpl/usb/hpl_usb.o
                0x0000e7b0                _usb_d_dev_ep_stall
 .text._usb_d_dev_ep_read_req
                0x0000e894       0x54 hpl/usb/hpl_usb.o
                0x0000e894                _usb_d_dev_ep_read_req
 .text._usb_d_dev_ep_trans
                0x0000e8e8      0x108 hpl/usb/hpl_usb.o
                0x0000e8e8                _usb_d_dev_ep_trans
 .text._usb_d_dev_register_callback
                0x0000e9f0       0x24 hpl/usb/hpl_usb.o
                0x0000e9f0                _usb_d_dev_register_callback
 .text._usb_d_dev_register_ep_callback
                0x0000ea14       0x2c hpl/usb/hpl_usb.o
                0x0000ea14                _usb_d_dev_register_ep_callback
 .text.USB_0_Handler
                0x0000ea40        0x8 hpl/usb/hpl_usb.o
                0x0000ea40                USB_0_Handler
 .text.USB_1_Handler
                0x0000ea48        0x8 hpl/usb/hpl_usb.o
                0x0000ea48                USB_1_Handler
 .text.USB_2_Handler
                0x0000ea50        0x8 hpl/usb/hpl_usb.o
                0x0000ea50                USB_2_Handler
 .text.USB_3_Handler
                0x0000ea58        0x8 hpl/usb/hpl_usb.o
                0x0000ea58                USB_3_Handler
 .text._wdt_init
                0x0000ea60       0x42 hpl/wdt/hpl_wdt.o
                0x0000ea60                _wdt_init
 *fill*         0x0000eaa2        0x2 
 .text.RTC_Scheduler_ping_cb
                0x0000eaa4       0x50 main.o
 .text.RTC_Scheduler_report_cb
                0x0000eaf4        0xc main.o
 .text.RTC_Scheduler_heartbeat_cb
                0x0000eb00       0x1c main.o
 .text.RTC_Scheduler_realtime_cb
                0x0000eb1c       0x80 main.o
 .text.init_timer
                0x0000eb9c       0x84 main.o
                0x0000eb9c                init_timer
 .text.startup.main
                0x0000ec20      0x510 main.o
                0x0000ec20                main
 .text._read    0x0000f130       0x20 stdio_redirect/gcc/read.o
                0x0000f130                _read
 .text._write   0x0000f150       0x24 stdio_redirect/gcc/write.o
                0x0000f150                _write
 .text.stdio_io_init
                0x0000f174       0x2c stdio_redirect/stdio_io.o
                0x0000f174                stdio_io_init
 .text.stdio_io_read
                0x0000f1a0       0x1c stdio_redirect/stdio_io.o
                0x0000f1a0                stdio_io_read
 .text.stdio_io_write
                0x0000f1bc       0x1c stdio_redirect/stdio_io.o
                0x0000f1bc                stdio_io_write
 .text.stdio_redirect_init
                0x0000f1d8       0x20 stdio_start.o
                0x0000f1d8                stdio_redirect_init
 .text.cdcdf_acm_req
                0x0000f1f8       0xdc usb/class/cdc/device/cdcdf_acm.o
 .text.cdcdf_acm_ctrl
                0x0000f2d4      0x138 usb/class/cdc/device/cdcdf_acm.o
 .text.cdcdf_acm_init
                0x0000f40c       0x44 usb/class/cdc/device/cdcdf_acm.o
                0x0000f40c                cdcdf_acm_init
 .text.cdcdf_acm_read
                0x0000f450       0x2c usb/class/cdc/device/cdcdf_acm.o
                0x0000f450                cdcdf_acm_read
 .text.cdcdf_acm_write
                0x0000f47c       0x2c usb/class/cdc/device/cdcdf_acm.o
                0x0000f47c                cdcdf_acm_write
 .text.cdcdf_acm_register_callback
                0x0000f4a8       0x40 usb/class/cdc/device/cdcdf_acm.o
                0x0000f4a8                cdcdf_acm_register_callback
 .text.hid_keyboard_req
                0x0000f4e8       0x88 usb/class/hid/device/hiddf_keyboard.o
 .text.hid_keyboard_ctrl
                0x0000f570      0x110 usb/class/hid/device/hiddf_keyboard.o
 .text.hiddf_keyboard_init
                0x0000f680       0x44 usb/class/hid/device/hiddf_keyboard.o
                0x0000f680                hiddf_keyboard_init
 .text.hiddf_keyboard_keys_state_change
                0x0000f6c4       0x8c usb/class/hid/device/hiddf_keyboard.o
                0x0000f6c4                hiddf_keyboard_keys_state_change
 .text.hid_mouse_req
                0x0000f750       0x88 usb/class/hid/device/hiddf_mouse.o
 .text.hid_mouse_ctrl
                0x0000f7d8       0xe4 usb/class/hid/device/hiddf_mouse.o
 .text.hiddf_mouse_init
                0x0000f8bc       0x44 usb/class/hid/device/hiddf_mouse.o
                0x0000f8bc                hiddf_mouse_init
 .text.hiddf_mouse_move
                0x0000f900       0x48 usb/class/hid/device/hiddf_mouse.o
                0x0000f900                hiddf_mouse_move
 .text.audio_midi_req
                0x0000f948       0x78 usb/class/midi/device/audiodf_midi.o
 .text.audio_midi_ctrl
                0x0000f9c0      0x180 usb/class/midi/device/audiodf_midi.o
 .text.audiodf_midi_init
                0x0000fb40       0x44 usb/class/midi/device/audiodf_midi.o
                0x0000fb40                audiodf_midi_init
 .text.audiodf_midi_write
                0x0000fb84       0x28 usb/class/midi/device/audiodf_midi.o
                0x0000fb84                audiodf_midi_write
 .text.audiodf_midi_read
                0x0000fbac       0x20 usb/class/midi/device/audiodf_midi.o
                0x0000fbac                audiodf_midi_read
 .text.audiodf_midi_register_callback
                0x0000fbcc       0x30 usb/class/midi/device/audiodf_midi.o
                0x0000fbcc                audiodf_midi_register_callback
 .text.usbdc_unconfig
                0x0000fbfc       0x1c usb/device/usbdc.o
 .text.usbdc_change_notify
                0x0000fc18       0x20 usb/device/usbdc.o
 .text.usbdc_request_handler
                0x0000fc38       0x38 usb/device/usbdc.o
 .text.usbd_sof_cb
                0x0000fc70       0x18 usb/device/usbdc.o
 .text.usbdc_cb_ctl_done
                0x0000fc88       0x68 usb/device/usbdc.o
 .text.usbdc_reset
                0x0000fcf0       0x5c usb/device/usbdc.o
                0x0000fcf0                usbdc_reset
 .text.usbd_event_cb
                0x0000fd4c       0x18 usb/device/usbdc.o
 .text.usbdc_xfer
                0x0000fd64       0x20 usb/device/usbdc.o
                0x0000fd64                usbdc_xfer
 .text.usbdc_cb_ctl_req
                0x0000fd84      0x328 usb/device/usbdc.o
 .text.usbdc_register_handler
                0x000100ac       0x2c usb/device/usbdc.o
                0x000100ac                usbdc_register_handler
 .text.usbdc_init
                0x000100d8       0x44 usb/device/usbdc.o
                0x000100d8                usbdc_init
 .text.usbdc_register_function
                0x0001011c       0x10 usb/device/usbdc.o
                0x0001011c                usbdc_register_function
 .text.usbdc_start
                0x0001012c       0x34 usb/device/usbdc.o
                0x0001012c                usbdc_start
 .text.usbdc_attach
                0x00010160        0x8 usb/device/usbdc.o
                0x00010160                usbdc_attach
 .text.usbdc_get_ctrl_buffer
                0x00010168        0xc usb/device/usbdc.o
                0x00010168                usbdc_get_ctrl_buffer
 .text.usbdc_get_state
                0x00010174       0x14 usb/device/usbdc.o
                0x00010174                usbdc_get_state
 .text.usb_find_desc
                0x00010188       0x1a usb/usb_protocol.o
                0x00010188                usb_find_desc
 .text.usb_find_ep_desc
                0x000101a2       0x1c usb/usb_protocol.o
                0x000101a2                usb_find_ep_desc
 *fill*         0x000101be        0x2 
 .text.usb_find_cfg_desc
                0x000101c0       0x3c usb/usb_protocol.o
                0x000101c0                usb_find_cfg_desc
 .text.usb_find_str_desc
                0x000101fc       0x30 usb/usb_protocol.o
                0x000101fc                usb_find_str_desc
 .text.gpio_get_pin_level
                0x0001022c       0x48 usb_start.o
 .text.hiddf_demo_sof_event
                0x00010274       0x78 usb_start.o
 .text.composite_device_init
                0x000102ec       0x2c usb_start.o
                0x000102ec                composite_device_init
 .text.composite_device_start
                0x00010318       0x1c usb_start.o
                0x00010318                composite_device_start
 .text.usb_init
                0x00010334        0x8 usb_start.o
                0x00010334                usb_init
 .text          0x0001033c      0x370 c:/program files (x86)/atmel/studio/7.0/toolchain/arm/arm-gnu-toolchain/bin/../lib/gcc/arm-none-eabi/6.3.1/thumb/v7e-m\libgcc.a(_arm_addsubdf3.o)
                0x0001033c                __aeabi_drsub
                0x00010344                __aeabi_dsub
                0x00010344                __subdf3
                0x00010348                __aeabi_dadd
                0x00010348                __adddf3
                0x000105c0                __floatunsidf
                0x000105c0                __aeabi_ui2d
                0x000105e0                __floatsidf
                0x000105e0                __aeabi_i2d
                0x00010604                __aeabi_f2d
                0x00010604                __extendsfdf2
                0x00010640                __floatundidf
                0x00010640                __aeabi_ul2d
                0x00010650                __floatdidf
                0x00010650                __aeabi_l2d
 .text          0x000106ac      0x424 c:/program files (x86)/atmel/studio/7.0/toolchain/arm/arm-gnu-toolchain/bin/../lib/gcc/arm-none-eabi/6.3.1/thumb/v7e-m\libgcc.a(_arm_muldivdf3.o)
                0x000106ac                __aeabi_dmul
                0x000106ac                __muldf3
                0x00010900                __divdf3
                0x00010900                __aeabi_ddiv
 .text          0x00010ad0       0x40 c:/program files (x86)/atmel/studio/7.0/toolchain/arm/arm-gnu-toolchain/bin/../lib/gcc/arm-none-eabi/6.3.1/thumb/v7e-m\libgcc.a(_arm_fixunsdfsi.o)
                0x00010ad0                __aeabi_d2uiz
                0x00010ad0                __fixunsdfsi
 .text.__libc_init_array
                0x00010b10       0x48 c:/program files (x86)/atmel/studio/7.0/toolchain/arm/arm-gnu-toolchain/bin/../lib/gcc/arm-none-eabi/6.3.1/../../../../arm-none-eabi/lib/thumb/v7e-m\libc_nano.a(lib_a-init.o)
                0x00010b10                __libc_init_array
 .text.malloc   0x00010b58       0x10 c:/program files (x86)/atmel/studio/7.0/toolchain/arm/arm-gnu-toolchain/bin/../lib/gcc/arm-none-eabi/6.3.1/../../../../arm-none-eabi/lib/thumb/v7e-m\libc_nano.a(lib_a-malloc.o)
                0x00010b58                malloc