Archive member included to satisfy reference by file (symbol)

c:/program files (x86)/atmel/studio/7.0/toolchain/arm/arm-gnu-toolchain/bin/../lib/gcc/arm-none-eabi/6.3.1/thumb/v7e-m\libgcc.a(_arm_addsubdf3.o)
                              hpl/sercom/hpl_sercom.o (__aeabi_dsub)
c:/program files (x86)/atmel/studio/7.0/toolchain/arm/arm-gnu-toolchain/bin/../lib/gcc/arm-none-eabi/6.3.1/thumb/v7e-m\libgcc.a(_arm_muldivdf3.o)
                              grid/grid_hardwaretest.o (__aeabi_dmul)
c:/program files (x86)/atmel/studio/7.0/toolchain/arm/arm-gnu-toolchain/bin/../lib/gcc/arm-none-eabi/6.3.1/thumb/v7e-m\libgcc.a(_arm_fixunsdfsi.o)
                              grid/grid_hardwaretest.o (__aeabi_d2uiz)
c:/program files (x86)/atmel/studio/7.0/toolchain/arm/arm-gnu-toolchain/bin/../lib/gcc/arm-none-eabi/6.3.1/thumb/v7e-m\libgcc.a(_aeabi_uldivmod.o)
                              hpl/sercom/hpl_sercom.o (__aeabi_uldivmod)
c:/program files (x86)/atmel/studio/7.0/toolchain/arm/arm-gnu-toolchain/bin/../lib/gcc/arm-none-eabi/6.3.1/thumb/v7e-m\libgcc.a(_udivmoddi4.o)
                              c:/program files (x86)/atmel/studio/7.0/toolchain/arm/arm-gnu-toolchain/bin/../lib/gcc/arm-none-eabi/6.3.1/thumb/v7e-m\libgcc.a(_aeabi_uldivmod.o) (__udivmoddi4)
c:/program files (x86)/atmel/studio/7.0/toolchain/arm/arm-gnu-toolchain/bin/../lib/gcc/arm-none-eabi/6.3.1/thumb/v7e-m\libgcc.a(_dvmd_tls.o)
                              c:/program files (x86)/atmel/studio/7.0/toolchain/arm/arm-gnu-toolchain/bin/../lib/gcc/arm-none-eabi/6.3.1/thumb/v7e-m\libgcc.a(_aeabi_uldivmod.o) (__aeabi_ldiv0)
c:/program files (x86)/atmel/studio/7.0/toolchain/arm/arm-gnu-toolchain/bin/../lib/gcc/arm-none-eabi/6.3.1/../../../../arm-none-eabi/lib/thumb/v7e-m\libc_nano.a(lib_a-exit.o)
                              c:/program files (x86)/atmel/studio/7.0/toolchain/arm/arm-gnu-toolchain/bin/../lib/gcc/arm-none-eabi/6.3.1/../../../../arm-none-eabi/lib/thumb/v7e-m/crt0.o (exit)
c:/program files (x86)/atmel/studio/7.0/toolchain/arm/arm-gnu-toolchain/bin/../lib/gcc/arm-none-eabi/6.3.1/../../../../arm-none-eabi/lib/thumb/v7e-m\libc_nano.a(lib_a-impure.o)
                              c:/program files (x86)/atmel/studio/7.0/toolchain/arm/arm-gnu-toolchain/bin/../lib/gcc/arm-none-eabi/6.3.1/../../../../arm-none-eabi/lib/thumb/v7e-m\libc_nano.a(lib_a-exit.o) (_global_impure_ptr)
c:/program files (x86)/atmel/studio/7.0/toolchain/arm/arm-gnu-toolchain/bin/../lib/gcc/arm-none-eabi/6.3.1/../../../../arm-none-eabi/lib/thumb/v7e-m\libc_nano.a(lib_a-init.o)
                              c:/program files (x86)/atmel/studio/7.0/toolchain/arm/arm-gnu-toolchain/bin/../lib/gcc/arm-none-eabi/6.3.1/../../../../arm-none-eabi/lib/thumb/v7e-m/crt0.o (__libc_init_array)
c:/program files (x86)/atmel/studio/7.0/toolchain/arm/arm-gnu-toolchain/bin/../lib/gcc/arm-none-eabi/6.3.1/../../../../arm-none-eabi/lib/thumb/v7e-m\libc_nano.a(lib_a-malloc.o)
                              grid/grid_ain.o (malloc)
c:/program files (x86)/atmel/studio/7.0/toolchain/arm/arm-gnu-toolchain/bin/../lib/gcc/arm-none-eabi/6.3.1/../../../../arm-none-eabi/lib/thumb/v7e-m\libc_nano.a(lib_a-memcpy-stub.o)
                              hpl/nvmctrl/hpl_nvmctrl.o (memcpy)
c:/program files (x86)/atmel/studio/7.0/toolchain/arm/arm-gnu-toolchain/bin/../lib/gcc/arm-none-eabi/6.3.1/../../../../arm-none-eabi/lib/thumb/v7e-m\libc_nano.a(lib_a-memset.o)
                              c:/program files (x86)/atmel/studio/7.0/toolchain/arm/arm-gnu-toolchain/bin/../lib/gcc/arm-none-eabi/6.3.1/../../../../arm-none-eabi/lib/thumb/v7e-m/crt0.o (memset)
c:/program files (x86)/atmel/studio/7.0/toolchain/arm/arm-gnu-toolchain/bin/../lib/gcc/arm-none-eabi/6.3.1/../../../../arm-none-eabi/lib/thumb/v7e-m\libc_nano.a(lib_a-nano-freer.o)
                              c:/program files (x86)/atmel/studio/7.0/toolchain/arm/arm-gnu-toolchain/bin/../lib/gcc/arm-none-eabi/6.3.1/../../../../arm-none-eabi/lib/thumb/v7e-m\libc_nano.a(lib_a-malloc.o) (_free_r)
c:/program files (x86)/atmel/studio/7.0/toolchain/arm/arm-gnu-toolchain/bin/../lib/gcc/arm-none-eabi/6.3.1/../../../../arm-none-eabi/lib/thumb/v7e-m\libc_nano.a(lib_a-nano-mallocr.o)
                              c:/program files (x86)/atmel/studio/7.0/toolchain/arm/arm-gnu-toolchain/bin/../lib/gcc/arm-none-eabi/6.3.1/../../../../arm-none-eabi/lib/thumb/v7e-m\libc_nano.a(lib_a-malloc.o) (_malloc_r)
c:/program files (x86)/atmel/studio/7.0/toolchain/arm/arm-gnu-toolchain/bin/../lib/gcc/arm-none-eabi/6.3.1/../../../../arm-none-eabi/lib/thumb/v7e-m\libc_nano.a(lib_a-printf.o)
                              grid/grid_d51.o (printf)
c:/program files (x86)/atmel/studio/7.0/toolchain/arm/arm-gnu-toolchain/bin/../lib/gcc/arm-none-eabi/6.3.1/../../../../arm-none-eabi/lib/thumb/v7e-m\libc_nano.a(lib_a-puts.o)
                              grid/grid_unittest.o (puts)
[...]
Memory Configuration

Name             Origin             Length             Attributes
rom              0x00004000         0x0007a000         xr
ram              0x20000000         0x00040000         xrw
bkupram          0x47000000         0x00002000         xrw
qspi             0x04000000         0x01000000         xrw
*default*        0x00000000         0xffffffff

Linker script and memory map

LOAD c:/program files (x86)/atmel/studio/7.0/toolchain/arm/arm-gnu-toolchain/bin/../lib/gcc/arm-none-eabi/6.3.1/thumb/v7e-m/crti.o
LOAD c:/program files (x86)/atmel/studio/7.0/toolchain/arm/arm-gnu-toolchain/bin/../lib/gcc/arm-none-eabi/6.3.1/thumb/v7e-m/crtbegin.o
LOAD c:/program files (x86)/atmel/studio/7.0/toolchain/arm/arm-gnu-toolchain/bin/../lib/gcc/arm-none-eabi/6.3.1/../../../../arm-none-eabi/lib/thumb/v7e-m/crt0.o
LOAD atmel_start.o
LOAD Device_Startup/startup_samd51.o
LOAD Device_Startup/system_samd51.o
LOAD driver_init.o
LOAD examples/driver_examples.o
LOAD flash/n25q256a.o
LOAD flash/spi_nor_flash.o
LOAD grid/grid_d51.o
LOAD grid/grid_debug.o
LOAD grid/grid_hardwaretest.o
LOAD grid/grid_unittest.o
LOAD grid/grid_ain.o
LOAD grid/grid_buf.o
LOAD grid/grid_led.o
LOAD grid/grid_module.o
LOAD grid/grid_module_bu16_revb.o
LOAD grid/grid_module_en16_reva.o
LOAD grid/grid_module_pbf4_reva.o
LOAD grid/grid_module_po16_revb.o
LOAD grid/grid_sys.o
LOAD grid/grid_ui.o
LOAD grid/grid_usb.o
LOAD hal/src/hal_adc_async.o
LOAD hal/src/hal_atomic.o
LOAD hal/src/hal_cache.o
LOAD hal/src/hal_crc_sync.o
LOAD hal/src/hal_delay.o
LOAD hal/src/hal_evsys.o
LOAD hal/src/hal_flash.o
LOAD hal/src/hal_gpio.o
LOAD hal/src/hal_i2c_m_async.o
LOAD hal/src/hal_init.o
LOAD hal/src/hal_io.o
LOAD hal/src/hal_qspi_dma.o
LOAD hal/src/hal_sleep.o
LOAD hal/src/hal_spi_m_async.o
LOAD hal/src/hal_spi_m_dma.o
LOAD hal/src/hal_timer.o
LOAD hal/src/hal_usart_async.o
LOAD hal/src/hal_usart_sync.o
LOAD hal/src/hal_usb_device.o
LOAD hal/src/hal_wdt.o
LOAD hal/utils/src/utils_assert.o
LOAD hal/utils/src/utils_event.o
LOAD hal/utils/src/utils_list.o
LOAD hal/utils/src/utils_ringbuffer.o
LOAD hal/utils/src/utils_syscalls.o
LOAD hpl/adc/hpl_adc.o
LOAD hpl/cmcc/hpl_cmcc.o
LOAD hpl/core/hpl_core_m4.o
LOAD hpl/core/hpl_init.o
LOAD hpl/dmac/hpl_dmac.o
LOAD hpl/dsu/hpl_dsu.o
LOAD hpl/evsys/hpl_evsys.o
LOAD hpl/gclk/hpl_gclk.o
LOAD hpl/mclk/hpl_mclk.o
LOAD hpl/nvmctrl/hpl_nvmctrl.o
LOAD hpl/osc32kctrl/hpl_osc32kctrl.o
LOAD hpl/oscctrl/hpl_oscctrl.o
LOAD hpl/pac/hpl_pac.o
LOAD hpl/pm/hpl_pm.o
LOAD hpl/qspi/hpl_qspi.o
LOAD hpl/ramecc/hpl_ramecc.o
LOAD hpl/rtc/hpl_rtc.o
LOAD hpl/sercom/hpl_sercom.o
LOAD hpl/systick/hpl_systick.o
LOAD hpl/tc/hpl_tc.o
LOAD hpl/usb/hpl_usb.o
LOAD hpl/wdt/hpl_wdt.o
LOAD main.o
LOAD stdio_redirect/gcc/read.o
LOAD stdio_redirect/gcc/write.o
LOAD stdio_redirect/stdio_io.o
LOAD stdio_start.o
LOAD usb/class/cdc/device/cdcdf_acm.o
LOAD usb/class/hid/device/hiddf_generic.o
LOAD usb/class/hid/device/hiddf_keyboard.o
LOAD usb/class/hid/device/hiddf_mouse.o
LOAD usb/class/midi/device/audiodf_midi.o
LOAD usb/class/midi/usb_protocol_midi.o
LOAD usb/class/msc/device/mscdf.o
LOAD usb/device/usbdc.o
LOAD usb/usb_protocol.o
LOAD usb_start.o
START GROUP
LOAD c:/program files (x86)/atmel/studio/7.0/toolchain/arm/arm-gnu-toolchain/bin/../lib/gcc/arm-none-eabi/6.3.1/../../../../arm-none-eabi/lib/thumb/v7e-m\libm.a
END GROUP
START GROUP
LOAD c:/program files (x86)/atmel/studio/7.0/toolchain/arm/arm-gnu-toolchain/bin/../lib/gcc/arm-none-eabi/6.3.1/thumb/v7e-m\libgcc.a
LOAD c:/program files (x86)/atmel/studio/7.0/toolchain/arm/arm-gnu-toolchain/bin/../lib/gcc/arm-none-eabi/6.3.1/../../../../arm-none-eabi/lib/thumb/v7e-m\libc_nano.a
END GROUP
START GROUP
LOAD c:/program files (x86)/atmel/studio/7.0/toolchain/arm/arm-gnu-toolchain/bin/../lib/gcc/arm-none-eabi/6.3.1/thumb/v7e-m\libgcc.a
LOAD c:/program files (x86)/atmel/studio/7.0/toolchain/arm/arm-gnu-toolchain/bin/../lib/gcc/arm-none-eabi/6.3.1/../../../../arm-none-eabi/lib/thumb/v7e-m\libc_nano.a
END GROUP
LOAD c:/program files (x86)/atmel/studio/7.0/toolchain/arm/arm-gnu-toolchain/bin/../lib/gcc/arm-none-eabi/6.3.1/thumb/v7e-m/crtend.o
LOAD c:/program files (x86)/atmel/studio/7.0/toolchain/arm/arm-gnu-toolchain/bin/../lib/gcc/arm-none-eabi/6.3.1/thumb/v7e-m/crtn.o
                0x00010000                STACK_SIZE = DEFINED (STACK_SIZE)?STACK_SIZE:DEFINED (__stack_size__)?__stack_size__:0x10000

.text           0x00004000     0xcecc
                0x00004000                . = ALIGN (0x4)
                0x00004000                _sfixed = .
 *(.vectors .vectors.*)
 .vectors       0x00004000      0x264 Device_Startup/startup_samd51.o
                0x00004000                exception_table
 *(.text .text.* .gnu.linkonce.t.*)
 .text          0x00004264       0x6c c:/program files (x86)/atmel/studio/7.0/toolchain/arm/arm-gnu-toolchain/bin/../lib/gcc/arm-none-eabi/6.3.1/thumb/v7e-m/crtbegin.o
 .text.atmel_start_init
                0x000042d0       0x20 atmel_start.o
                0x000042d0                atmel_start_init
 .text.Dummy_Handler
                0x000042f0        0x2 Device_Startup/startup_samd51.o
                0x000042f0                EIC_5_Handler
                0x000042f0                SVCall_Handler
                0x000042f0                EIC_13_Handler
                0x000042f0                EVSYS_0_Handler
                0x000042f0                TCC1_3_Handler
                0x000042f0                DAC_3_Handler
                0x000042f0                TRNG_Handler
                0x000042f0                HardFault_Handler
                0x000042f0                PDEC_2_Handler
                0x000042f0                EIC_4_Handler
                0x000042f0                AC_Handler
                0x000042f0                SysTick_Handler
                0x000042f0                TCC2_3_Handler
                0x000042f0                PendSV_Handler
                0x000042f0                TC7_Handler
                0x000042f0                EVSYS_3_Handler
                0x000042f0                PDEC_0_Handler
                0x000042f0                QSPI_Handler
                0x000042f0                NonMaskableInt_Handler
                0x000042f0                TCC0_0_Handler
                0x000042f0                EIC_3_Handler
                0x000042f0                MemManagement_Handler
                0x000042f0                DAC_2_Handler
                0x000042f0                UsageFault_Handler
                0x000042f0                EIC_10_Handler
                0x000042f0                EIC_11_Handler
                0x000042f0                EIC_9_Handler
                0x000042f0                OSC32KCTRL_Handler
                0x000042f0                TCC2_1_Handler
                0x000042f0                SUPC_1_Handler
                0x000042f0                TCC0_5_Handler
                0x000042f0                TCC0_6_Handler
                0x000042f0                EVSYS_1_Handler
                0x000042f0                TCC1_4_Handler
                0x000042f0                TC6_Handler
                0x000042f0                WDT_Handler
                0x000042f0                EIC_8_Handler
                0x000042f0                EIC_15_Handler
                0x000042f0                TC4_Handler
                0x000042f0                OSCCTRL_4_Handler
                0x000042f0                EIC_12_Handler
                0x000042f0                TCC4_2_Handler
                0x000042f0                PAC_Handler
                0x000042f0                TCC1_0_Handler
                0x000042f0                OSCCTRL_0_Handler
                0x000042f0                EIC_0_Handler
                0x000042f0                OSCCTRL_3_Handler
                0x000042f0                Dummy_Handler
                0x000042f0                TCC3_0_Handler
                0x000042f0                TCC2_2_Handler
                0x000042f0                TCC1_1_Handler
                0x000042f0                OSCCTRL_2_Handler
                0x000042f0                TCC1_2_Handler
                0x000042f0                SERCOM7_1_Handler
                0x000042f0                PM_Handler
                0x000042f0                SERCOM2_3_Handler
                0x000042f0                DAC_4_Handler
                0x000042f0                TCC3_2_Handler
                0x000042f0                SERCOM7_0_Handler
                0x000042f0                TCC0_2_Handler
                0x000042f0                TCC4_0_Handler
                0x000042f0                SERCOM7_3_Handler
                0x000042f0                SDHC1_Handler
                0x000042f0                SERCOM7_2_Handler
                0x000042f0                TCC2_0_Handler
                0x000042f0                PDEC_1_Handler
                0x000042f0                TCC4_1_Handler
                0x000042f0                SDHC0_Handler
                0x000042f0                I2S_Handler
                0x000042f0                EIC_2_Handler
                0x000042f0                PCC_Handler
                0x000042f0                DAC_0_Handler
                0x000042f0                TCC0_1_Handler
                0x000042f0                EIC_6_Handler
                0x000042f0                OSCCTRL_1_Handler
                0x000042f0                PUKCC_Handler
                0x000042f0                SERCOM2_1_Handler
                0x000042f0                EIC_1_Handler
                0x000042f0                EVSYS_4_Handler
                0x000042f0                EIC_7_Handler
                0x000042f0                SERCOM2_2_Handler
                0x000042f0                TCC3_1_Handler
                0x000042f0                EIC_14_Handler
                0x000042f0                DAC_1_Handler
                0x000042f0                MCLK_Handler
                0x000042f0                EVSYS_2_Handler
                0x000042f0                SUPC_0_Handler
                0x000042f0                BusFault_Handler
                0x000042f0                FREQM_Handler
                0x000042f0                TCC0_3_Handler
                0x000042f0                DebugMonitor_Handler
                0x000042f0                TCC0_4_Handler
                0x000042f0                TC5_Handler
                0x000042f0                SERCOM2_0_Handler
                0x000042f0                AES_Handler
                0x000042f0                ICM_Handler
 *fill*         0x000042f2        0x2 
 .text.Reset_Handler
                0x000042f4       0x78 Device_Startup/startup_samd51.o
                0x000042f4                Reset_Handler
 .text._gpio_set_pin_function
                0x0000436c       0x68 driver_init.o
 .text.gpio_set_pin_direction
                0x000043d4       0x68 driver_init.o
 .text.ADC_0_init
                0x0000443c       0x80 driver_init.o
                0x0000443c                ADC_0_init
 .text.ADC_1_init
                0x000044bc       0x84 driver_init.o
                0x000044bc                ADC_1_init
 .text.CRC_0_init
                0x00004540       0x24 driver_init.o
                0x00004540                CRC_0_init
 .text.EVENT_SYSTEM_0_init
                0x00004564       0x30 driver_init.o
                0x00004564                EVENT_SYSTEM_0_init
 .text.FLASH_0_CLOCK_init
                0x00004594       0x10 driver_init.o
                0x00004594                FLASH_0_CLOCK_init
 .text.FLASH_0_init
                0x000045a4       0x24 driver_init.o
                0x000045a4                FLASH_0_init
 .text.QSPI_INSTANCE_PORT_init
                0x000045c8       0xdc driver_init.o
                0x000045c8                QSPI_INSTANCE_PORT_init
 .text.QSPI_INSTANCE_CLOCK_init
                0x000046a4       0x20 driver_init.o
                0x000046a4                QSPI_INSTANCE_CLOCK_init
 .text.QSPI_INSTANCE_init
                0x000046c4       0x2c driver_init.o
                0x000046c4                QSPI_INSTANCE_init
 .text.USART_EAST_CLOCK_init
                0x000046f0       0x24 driver_init.o
                0x000046f0                USART_EAST_CLOCK_init
 .text.USART_EAST_PORT_init
                0x00004714       0x24 driver_init.o
                0x00004714                USART_EAST_PORT_init
 .text.USART_EAST_init
                0x00004738       0x38 driver_init.o
                0x00004738                USART_EAST_init
 .text.USART_NORTH_CLOCK_init
                0x00004770       0x24 driver_init.o
                0x00004770                USART_NORTH_CLOCK_init
 .text.USART_NORTH_PORT_init
                0x00004794       0x24 driver_init.o
                0x00004794                USART_NORTH_PORT_init
 .text.USART_NORTH_init
                0x000047b8       0x38 driver_init.o
                0x000047b8                USART_NORTH_init
 .text.GRID_AUX_PORT_init
                0x000047f0       0x24 driver_init.o
                0x000047f0                GRID_AUX_PORT_init
 .text.GRID_AUX_CLOCK_init
                0x00004814       0x24 driver_init.o
                0x00004814                GRID_AUX_CLOCK_init
 .text.GRID_AUX_init
                0x00004838       0x2c driver_init.o
                0x00004838                GRID_AUX_init
 .text.UI_SPI_PORT_init
                0x00004864       0x68 driver_init.o
                0x00004864                UI_SPI_PORT_init
 .text.UI_SPI_CLOCK_init
                0x000048cc       0x24 driver_init.o
                0x000048cc                UI_SPI_CLOCK_init
 .text.UI_SPI_init
                0x000048f0       0x2c driver_init.o
                0x000048f0                UI_SPI_init
 .text.USART_WEST_CLOCK_init
                0x0000491c       0x24 driver_init.o
                0x0000491c                USART_WEST_CLOCK_init
 .text.USART_WEST_PORT_init
                0x00004940       0x24 driver_init.o
                0x00004940                USART_WEST_PORT_init
 .text.USART_WEST_init
                0x00004964       0x38 driver_init.o
                0x00004964                USART_WEST_init
 .text.SYS_I2C_PORT_init
                0x0000499c       0x40 driver_init.o
                0x0000499c                SYS_I2C_PORT_init
 .text.SYS_I2C_CLOCK_init
                0x000049dc       0x24 driver_init.o
                0x000049dc                SYS_I2C_CLOCK_init
 .text.SYS_I2C_init
                0x00004a00       0x2c driver_init.o
                0x00004a00                SYS_I2C_init
 .text.USART_SOUTH_CLOCK_init
                0x00004a2c       0x24 driver_init.o
                0x00004a2c                USART_SOUTH_CLOCK_init
 .text.USART_SOUTH_PORT_init
                0x00004a50       0x24 driver_init.o
                0x00004a50                USART_SOUTH_PORT_init
 .text.USART_SOUTH_init
                0x00004a74       0x38 driver_init.o
                0x00004a74                USART_SOUTH_init
 .text.GRID_LED_PORT_init
                0x00004aac       0x68 driver_init.o
                0x00004aac                GRID_LED_PORT_init
 .text.GRID_LED_CLOCK_init
                0x00004b14       0x24 driver_init.o
                0x00004b14                GRID_LED_CLOCK_init
 .text.GRID_LED_init
                0x00004b38       0x2c driver_init.o
                0x00004b38                GRID_LED_init
 .text.delay_driver_init
                0x00004b64       0x10 driver_init.o
                0x00004b64                delay_driver_init
 .text.USB_DEVICE_INSTANCE_PORT_init
                0x00004b74       0x60 driver_init.o
                0x00004b74                USB_DEVICE_INSTANCE_PORT_init
 .text.USB_DEVICE_INSTANCE_CLOCK_init
                0x00004bd4       0x24 driver_init.o
                0x00004bd4                USB_DEVICE_INSTANCE_CLOCK_init
 .text.USB_DEVICE_INSTANCE_init
                0x00004bf8       0x20 driver_init.o
                0x00004bf8                USB_DEVICE_INSTANCE_init
 .text.WDT_0_CLOCK_init
                0x00004c18       0x10 driver_init.o
                0x00004c18                WDT_0_CLOCK_init
 .text.WDT_0_init
                0x00004c28       0x24 driver_init.o
                0x00004c28                WDT_0_init
 .text.system_init
                0x00004c4c      0x2a8 driver_init.o
                0x00004c4c                system_init
 .text.grid_d51_bitmap_write_bit
                0x00004ef4       0x3a grid/grid_d51.o
                0x00004ef4                grid_d51_bitmap_write_bit
 *fill*         0x00004f2e        0x2 
 .text.grid_d51_verify_user_row
                0x00004f30      0x198 grid/grid_d51.o
                0x00004f30                grid_d51_verify_user_row
 .text.grid_d51_init
                0x000050c8       0x4c grid/grid_d51.o
                0x000050c8                grid_d51_init
 .text.grid_ain_channel_init
                0x00005114       0x34 grid/grid_ain.o
                0x00005114                grid_ain_channel_init
 .text.grid_ain_init
                0x00005148       0x44 grid/grid_ain.o
                0x00005148                grid_ain_init
 .text.grid_ain_add_sample
                0x0000518c       0xd0 grid/grid_ain.o
                0x0000518c                grid_ain_add_sample
 .text.grid_ain_get_changed
                0x0000525c       0x10 grid/grid_ain.o
                0x0000525c                grid_ain_get_changed
 .text.grid_ain_get_average
                0x0000526c       0x28 grid/grid_ain.o
                0x0000526c                grid_ain_get_average
 .text.grid_port_reset_receiver
                0x00005294       0x78 grid/grid_buf.o
                0x00005294                grid_port_reset_receiver
 .text.grid_port_receive_task
                0x0000530c      0x118 grid/grid_buf.o
                0x0000530c                grid_port_receive_task
 .text.grid_buffer_init
                0x00005424       0x44 grid/grid_buf.o
                0x00005424                grid_buffer_init
 .text.grid_buffer_write_size
                0x00005468       0x14 grid/grid_buf.o
                0x00005468                grid_buffer_write_size
 .text.grid_buffer_write_init
                0x0000547c       0x2c grid/grid_buf.o
                0x0000547c                grid_buffer_write_init
 .text.grid_buffer_write_character
                0x000054a8       0x1c grid/grid_buf.o
                0x000054a8                grid_buffer_write_character
 .text.grid_buffer_write_acknowledge
                0x000054c4       0x10 grid/grid_buf.o
                0x000054c4                grid_buffer_write_acknowledge
 .text.grid_port_receive_decode
                0x000054d4      0x520 grid/grid_buf.o
                0x000054d4                grid_port_receive_decode
 .text.grid_port_receive_complete_task
                0x000059f4       0x74 grid/grid_buf.o
                0x000059f4                grid_port_receive_complete_task
 .text.grid_buffer_read_size
                0x00005a68       0x4c grid/grid_buf.o
                0x00005a68                grid_buffer_read_size
 .text.grid_buffer_read_init
                0x00005ab4       0x5c grid/grid_buf.o
                0x00005ab4                grid_buffer_read_init
 .text.grid_buffer_read_character
                0x00005b10       0x24 grid/grid_buf.o
                0x00005b10                grid_buffer_read_character
 .text.grid_buffer_read_acknowledge
                0x00005b34       0x10 grid/grid_buf.o
                0x00005b34                grid_buffer_read_acknowledge
 .text.grid_port_init
                0x00005b44       0xd8 grid/grid_buf.o
                0x00005b44                grid_port_init
 .text.grid_port_init_all
                0x00005c1c       0xf4 grid/grid_buf.o
                0x00005c1c                grid_port_init_all
 .text.grid_port_process_inbound
                0x00005d10      0x1ac grid/grid_buf.o
                0x00005d10                grid_port_process_inbound
 .text.grid_port_process_outbound_usb
                0x00005ebc      0x190 grid/grid_buf.o
                0x00005ebc                grid_port_process_outbound_usb
 .text.grid_port_process_outbound_ui
                0x0000604c      0x2bc grid/grid_buf.o
                0x0000604c                grid_port_process_outbound_ui
 .text.grid_port_process_outbound_usart
                0x00006308       0x6c grid/grid_buf.o
                0x00006308                grid_port_process_outbound_usart
 .text.grid_led_hardware_transfer_complete_cb
                0x00006374        0xc grid/grid_led.o
 .text.grid_led_set_color
                0x00006380       0x4c grid/grid_led.o
                0x00006380                grid_led_set_color
 .text.grid_led_hardware_init
                0x000063cc       0x2c grid/grid_led.o
                0x000063cc                grid_led_hardware_init
 .text.grid_led_get_led_number
                0x000063f8        0x4 grid/grid_led.o
                0x000063f8                grid_led_get_led_number
 .text.grid_led_tick
                0x000063fc       0x34 grid/grid_led.o
                0x000063fc                grid_led_tick
 .text.grid_led_set_min
                0x00006430       0x20 grid/grid_led.o
                0x00006430                grid_led_set_min
 .text.grid_led_set_mid
                0x00006450       0x20 grid/grid_led.o
                0x00006450                grid_led_set_mid
 .text.grid_led_set_max
                0x00006470       0x20 grid/grid_led.o
                0x00006470                grid_led_set_max
 .text.grid_led_set_phase
                0x00006490       0x14 grid/grid_led.o
                0x00006490                grid_led_set_phase
 .text.grid_led_set_frequency
                0x000064a4       0x14 grid/grid_led.o
                0x000064a4                grid_led_set_frequency
 .text.grid_led_buffer_init
                0x000064b8      0x16c grid/grid_led.o
                0x000064b8                grid_led_buffer_init
 .text.grid_led_init
                0x00006624       0xb0 grid/grid_led.o
                0x00006624                grid_led_init
 .text.grid_led_render
                0x000066d4       0xb0 grid/grid_led.o
                0x000066d4                grid_led_render
 .text.grid_led_render_all
                0x00006784       0x20 grid/grid_led.o
                0x00006784                grid_led_render_all
 .text.grid_led_hardware_start_transfer
                0x000067a4       0x30 grid/grid_led.o
                0x000067a4                grid_led_hardware_start_transfer
 .text.grid_module_common_init
                0x000067d4      0x188 grid/grid_module.o
                0x000067d4                grid_module_common_init
 .text.grid_module_bu16_revb_hardware_start_transfer
                0x0000695c       0x20 grid/grid_module_bu16_revb.o
                0x0000695c                grid_module_bu16_revb_hardware_start_transfer
 .text.grid_module_bu16_revb_hardware_transfer_complete_cb
                0x0000697c      0x1cc grid/grid_module_bu16_revb.o
 .text.grid_module_bu16_revb_hardware_init
                0x00006b48       0x48 grid/grid_module_bu16_revb.o
                0x00006b48                grid_module_bu16_revb_hardware_init
 .text.grid_module_bu16_revb_init
                0x00006b90      0x1b4 grid/grid_module_bu16_revb.o
                0x00006b90                grid_module_bu16_revb_init
 .text.grid_module_en16_reva_hardware_start_transfer
                0x00006d44       0x3c grid/grid_module_en16_reva.o
                0x00006d44                grid_module_en16_reva_hardware_start_transfer
 .text.grid_module_en16_reva_hardware_transfer_complete_cb
                0x00006d80      0x378 grid/grid_module_en16_reva.o
                0x00006d80                grid_module_en16_reva_hardware_transfer_complete_cb
 .text.grid_module_en16_reva_hardware_init
                0x000070f8       0x68 grid/grid_module_en16_reva.o
                0x000070f8                grid_module_en16_reva_hardware_init
 .text.grid_module_en16_reva_init
                0x00007160      0x2d4 grid/grid_module_en16_reva.o
                0x00007160                grid_module_en16_reva_init
 .text.grid_module_pbf4_reva_hardware_start_transfer
                0x00007434       0x20 grid/grid_module_pbf4_reva.o
                0x00007434                grid_module_pbf4_reva_hardware_start_transfer
 *fill*         0x00007454        0x4 
 .text.grid_module_pbf4_reva_hardware_transfer_complete_cb
                0x00007458      0x324 grid/grid_module_pbf4_reva.o
                0x00007458                grid_module_pbf4_reva_hardware_transfer_complete_cb
 .text.grid_module_pbf4_reva_hardware_init
                0x0000777c       0x48 grid/grid_module_pbf4_reva.o
                0x0000777c                grid_module_pbf4_reva_hardware_init
 .text.grid_module_pbf4_reva_init
                0x000077c4      0x2ac grid/grid_module_pbf4_reva.o
                0x000077c4                grid_module_pbf4_reva_init
 .text.grid_module_po16_revb_hardware_start_transfer
                0x00007a70       0x20 grid/grid_module_po16_revb.o
                0x00007a70                grid_module_po16_revb_hardware_start_transfer
 .text.grid_module_po16_revb_hardware_transfer_complete_cb
                0x00007a90      0x20c grid/grid_module_po16_revb.o
 .text.grid_module_po16_revb_hardware_init
                0x00007c9c       0x48 grid/grid_module_po16_revb.o
                0x00007c9c                grid_module_po16_revb_hardware_init
 .text.grid_module_po16_revb_init
                0x00007ce4      0x184 grid/grid_module_po16_revb.o
                0x00007ce4                grid_module_po16_revb_init
 .text.gpio_set_pin_pull_mode.constprop.2
                0x00007e68       0x28 grid/grid_sys.o
 .text.grid_task_enter_task
                0x00007e90        0x8 grid/grid_sys.o
                0x00007e90                grid_task_enter_task
 .text.grid_task_timer_tick
                0x00007e98        0xe grid/grid_sys.o
                0x00007e98                grid_task_timer_tick
 .text.grid_task_timer_reset
                0x00007ea6       0x10 grid/grid_sys.o
                0x00007ea6                grid_task_timer_reset
 .text.grid_task_timer_read
                0x00007eb6        0x8 grid/grid_sys.o
                0x00007eb6                grid_task_timer_read
 .text.tx_cb_USART_GRID
                0x00007ebe       0x1a grid/grid_sys.o
                0x00007ebe                tx_cb_USART_GRID
 .text.tx_cb_USART_GRID_W
                0x00007ed8       0x10 grid/grid_sys.o
 .text.tx_cb_USART_GRID_S
                0x00007ee8       0x10 grid/grid_sys.o
 .text.tx_cb_USART_GRID_E
                0x00007ef8       0x10 grid/grid_sys.o
 .text.tx_cb_USART_GRID_N
                0x00007f08       0x10 grid/grid_sys.o
 .text.err_cb_USART_GRID
                0x00007f18       0x10 grid/grid_sys.o
                0x00007f18                err_cb_USART_GRID
 .text.err_cb_USART_GRID_W
                0x00007f28       0x10 grid/grid_sys.o
 .text.err_cb_USART_GRID_S
                0x00007f38       0x10 grid/grid_sys.o
 .text.err_cb_USART_GRID_E
                0x00007f48       0x10 grid/grid_sys.o
 .text.err_cb_USART_GRID_N
                0x00007f58       0x10 grid/grid_sys.o
 .text.grid_sys_port_reset_dma
                0x00007f68       0x20 grid/grid_sys.o
                0x00007f68                grid_sys_port_reset_dma
 .text.dma_transfer_complete_n_cb
                0x00007f88       0x10 grid/grid_sys.o
                0x00007f88                dma_transfer_complete_n_cb
 .text.dma_transfer_complete_e_cb
                0x00007f98       0x10 grid/grid_sys.o
                0x00007f98                dma_transfer_complete_e_cb
 .text.dma_transfer_complete_s_cb
                0x00007fa8       0x10 grid/grid_sys.o
                0x00007fa8                dma_transfer_complete_s_cb
 .text.dma_transfer_complete_w_cb
                0x00007fb8       0x10 grid/grid_sys.o
                0x00007fb8                dma_transfer_complete_w_cb
 .text.grid_sys_uart_init
                0x00007fc8      0x104 grid/grid_sys.o
                0x00007fc8                grid_sys_uart_init
 .text.grid_sys_dma_rx_init_one
                0x000080cc       0x64 grid/grid_sys.o
                0x000080cc                grid_sys_dma_rx_init_one
 .text.grid_sys_dma_rx_init
                0x00008130       0x6c grid/grid_sys.o
                0x00008130                grid_sys_dma_rx_init
 .text.grid_sys_bank_enable
                0x0000819c       0x10 grid/grid_sys.o
                0x0000819c                grid_sys_bank_enable
 .text.grid_sys_bank_disable
                0x000081ac       0x12 grid/grid_sys.o
                0x000081ac                grid_sys_bank_disable
 .text.grid_sys_bank_set_color
                0x000081be       0x16 grid/grid_sys.o
                0x000081be                grid_sys_bank_set_color
 .text.grid_sys_get_bank
                0x000081d4        0x4 grid/grid_sys.o
                0x000081d4                grid_sys_get_bank
 .text.grid_sys_get_bank_next
                0x000081d8       0x24 grid/grid_sys.o
                0x000081d8                grid_sys_get_bank_next
 .text.grid_sys_rtc_get_time
                0x000081fc        0x4 grid/grid_sys.o
                0x000081fc                grid_sys_rtc_get_time
 .text.grid_sys_rtc_get_elapsed_time
                0x00008200        0x6 grid/grid_sys.o
                0x00008200                grid_sys_rtc_get_elapsed_time
 .text.grid_sys_rtc_tick_time
                0x00008206        0x8 grid/grid_sys.o
                0x00008206                grid_sys_rtc_tick_time
 .text.grid_sys_alert_read_color_changed_flag
                0x0000820e        0x4 grid/grid_sys.o
                0x0000820e                grid_sys_alert_read_color_changed_flag
 .text.grid_sys_alert_clear_color_changed_flag
                0x00008212        0x6 grid/grid_sys.o
                0x00008212                grid_sys_alert_clear_color_changed_flag
 .text.grid_sys_alert_get_color_intensity
                0x00008218       0x42 grid/grid_sys.o
                0x00008218                grid_sys_alert_get_color_intensity
 .text.grid_sys_alert_set_alert
                0x0000825a       0x1a grid/grid_sys.o
                0x0000825a                grid_sys_alert_set_alert
 .text.grid_sys_alert_get_color_r
                0x00008274        0x4 grid/grid_sys.o
                0x00008274                grid_sys_alert_get_color_r
 .text.grid_sys_alert_get_color_g
                0x00008278        0x4 grid/grid_sys.o
                0x00008278                grid_sys_alert_get_color_g
 .text.grid_sys_alert_get_color_b
                0x0000827c        0x4 grid/grid_sys.o
                0x0000827c                grid_sys_alert_get_color_b
 .text.grid_sys_read_hex_char_value
                0x00008280       0x28 grid/grid_sys.o
                0x00008280                grid_sys_read_hex_char_value
 .text.grid_sys_read_hex_string_value
                0x000082a8       0x30 grid/grid_sys.o
                0x000082a8                grid_sys_read_hex_string_value
 .text.grid_sys_write_hex_string_value
                0x000082d8       0x34 grid/grid_sys.o
                0x000082d8                grid_sys_write_hex_string_value
 .text.grid_sys_get_hwcfg
                0x0000830c       0xe4 grid/grid_sys.o
                0x0000830c                grid_sys_get_hwcfg
 .text.grid_sys_set_bank
                0x000083f0      0x174 grid/grid_sys.o
                0x000083f0                grid_sys_set_bank
 .text.grid_sys_init
                0x00008564       0x58 grid/grid_sys.o
                0x00008564                grid_sys_init
 .text.grid_msg_checksum_calculate
                0x000085bc       0x1a grid/grid_sys.o
                0x000085bc                grid_msg_checksum_calculate
 *fill*         0x000085d6        0x2 
 .text.grid_msg_checksum_read
                0x000085d8       0x1c grid/grid_sys.o
                0x000085d8                grid_msg_checksum_read
 .text.grid_msg_checksum_write
                0x000085f4       0x10 grid/grid_sys.o
                0x000085f4                grid_msg_checksum_write
 .text.grid_msg_get_parameter
                0x00008604       0x18 grid/grid_sys.o
                0x00008604                grid_msg_get_parameter
 .text.grid_msg_set_parameter
                0x0000861c       0x14 grid/grid_sys.o
                0x0000861c                grid_msg_set_parameter
 .text.grid_msg_find_recent
                0x00008630       0x1a grid/grid_sys.o
                0x00008630                grid_msg_find_recent
 .text.grid_msg_push_recent
                0x0000864a       0x16 grid/grid_sys.o
                0x0000864a                grid_msg_push_recent
 .text.grid_report_model_init
                0x00008660       0x20 grid/grid_ui.o
                0x00008660                grid_report_model_init
 .text.grid_ui_model_init
                0x00008680       0x34 grid/grid_ui.o
                0x00008680                grid_ui_model_init
 .text.grid_ui_event_init
                0x000086b4       0x44 grid/grid_ui.o
                0x000086b4                grid_ui_event_init
 .text.grid_ui_element_init
                0x000086f8       0xb8 grid/grid_ui.o
                0x000086f8                grid_ui_element_init
 .text.grid_ui_event_register_action
                0x000087b0       0x72 grid/grid_ui.o
                0x000087b0                grid_ui_event_register_action
 .text.grid_ui_event_find
                0x00008822       0x26 grid/grid_ui.o
                0x00008822                grid_ui_event_find
 .text.grid_ui_event_trigger
                0x00008848        0xa grid/grid_ui.o
                0x00008848                grid_ui_event_trigger
 .text.grid_ui_event_render_action
                0x00008852       0x1c grid/grid_ui.o
                0x00008852                grid_ui_event_render_action
 *fill*         0x0000886e        0x2 
 .text.grid_ui_event_template_action
                0x00008870       0x5c grid/grid_ui.o
                0x00008870                grid_ui_event_template_action
 .text.grid_report_init
                0x000088cc       0x84 grid/grid_ui.o
                0x000088cc                grid_report_init
 .text.grid_report_sys_init
                0x00008950      0x20c grid/grid_ui.o
                0x00008950                grid_report_sys_init
 .text.grid_report_render
                0x00008b5c       0x20 grid/grid_ui.o
                0x00008b5c                grid_report_render
 .text.grid_report_sys_set_changed_flag
                0x00008b7c        0xa grid/grid_ui.o
                0x00008b7c                grid_report_sys_set_changed_flag
 *fill*         0x00008b86        0x2 
 .text.grid_report_sys_set_payload_parameter
                0x00008b88       0x18 grid/grid_ui.o
                0x00008b88                grid_report_sys_set_payload_parameter
 .text.grid_report_sys_clear_changed_flag
                0x00008ba0        0xa grid/grid_ui.o
                0x00008ba0                grid_report_sys_clear_changed_flag
 *fill*         0x00008baa        0x2 
 .text.grid_port_process_ui
                0x00008bac      0x500 grid/grid_ui.o
                0x00008bac                grid_port_process_ui
 .text.grid_usb_serial_bulkin_cb
                0x000090ac        0x4 grid/grid_usb.o
 .text.grid_usb_serial_statechange_cb
                0x000090b0       0x28 grid/grid_usb.o
 .text.grid_usb_midi_bulkin_cb
                0x000090d8       0x28 grid/grid_usb.o
 .text.grid_usb_midi_bulkout_cb
                0x00009100       0x28 grid/grid_usb.o
 .text.grid_usb_serial_bulkout_cb
                0x00009128        0x4 grid/grid_usb.o
 .text.grid_usb_serial_init
                0x0000912c       0x10 grid/grid_usb.o
                0x0000912c                grid_usb_serial_init
 .text.grid_usb_midi_init
                0x0000913c       0x24 grid/grid_usb.o
                0x0000913c                grid_usb_midi_init
 .text.adc_async_window_threshold_reached
                0x00009160        0x8 hal/src/hal_adc_async.o
 .text.adc_async_error_occured
                0x00009168        0x8 hal/src/hal_adc_async.o
 .text.adc_async_channel_conversion_done
                0x00009170       0x68 hal/src/hal_adc_async.o
 .text.adc_async_init
                0x000091d8       0x4c hal/src/hal_adc_async.o
                0x000091d8                adc_async_init
 .text.adc_async_register_channel_buffer
                0x00009224       0x6c hal/src/hal_adc_async.o
                0x00009224                adc_async_register_channel_buffer
 .text.adc_async_enable_channel
                0x00009290       0x10 hal/src/hal_adc_async.o
                0x00009290                adc_async_enable_channel
 .text.adc_async_register_callback
                0x000092a0       0x3c hal/src/hal_adc_async.o
                0x000092a0                adc_async_register_callback
 .text.adc_async_read_channel
                0x000092dc       0x74 hal/src/hal_adc_async.o
                0x000092dc                adc_async_read_channel
 .text.adc_async_start_conversion
                0x00009350       0x10 hal/src/hal_adc_async.o
                0x00009350                adc_async_start_conversion
 .text.atomic_enter_critical
                0x00009360        0xe hal/src/hal_atomic.o
                0x00009360                atomic_enter_critical
 .text.atomic_leave_critical
                0x0000936e        0xc hal/src/hal_atomic.o
                0x0000936e                atomic_leave_critical
 *fill*         0x0000937a        0x2 
 .text.crc_sync_init
                0x0000937c        0x8 hal/src/hal_crc_sync.o
                0x0000937c                crc_sync_init
 .text.delay_init
                0x00009384       0x10 hal/src/hal_delay.o
                0x00009384                delay_init
 .text.delay_us
                0x00009394       0x24 hal/src/hal_delay.o
                0x00009394                delay_us
 .text.delay_ms
                0x000093b8       0x24 hal/src/hal_delay.o
                0x000093b8                delay_ms
 .text.event_system_init
                0x000093dc        0x8 hal/src/hal_evsys.o
                0x000093dc                event_system_init
 .text.flash_ready
                0x000093e4        0x8 hal/src/hal_flash.o
 .text.flash_error
                0x000093ec        0x8 hal/src/hal_flash.o
 .text.flash_init
                0x000093f4       0x20 hal/src/hal_flash.o
                0x000093f4                flash_init
 .text.flash_read
                0x00009414       0x4c hal/src/hal_flash.o
                0x00009414                flash_read
 .text.flash_get_page_size
                0x00009460        0x8 hal/src/hal_flash.o
                0x00009460                flash_get_page_size
 .text.i2c_m_async_write
                0x00009468       0x2c hal/src/hal_i2c_m_async.o
 .text.i2c_m_async_read
                0x00009494       0x2c hal/src/hal_i2c_m_async.o
 .text.i2c_tx_complete
                0x000094c0        0xe hal/src/hal_i2c_m_async.o
 .text.i2c_rx_complete
                0x000094ce        0xe hal/src/hal_i2c_m_async.o
 .text.i2c_error
                0x000094dc        0xe hal/src/hal_i2c_m_async.o
 *fill*         0x000094ea        0x2 
 .text.i2c_m_async_init
                0x000094ec       0x50 hal/src/hal_i2c_m_async.o
                0x000094ec                i2c_m_async_init
 .text.io_write
                0x0000953c        0x4 hal/src/hal_io.o
                0x0000953c                io_write
 .text.io_read  0x00009540        0x4 hal/src/hal_io.o
                0x00009540                io_read
 .text.qspi_dma_init
                0x00009544        0x8 hal/src/hal_qspi_dma.o
                0x00009544                qspi_dma_init
 .text._spi_m_async_io_write
                0x0000954c       0x20 hal/src/hal_spi_m_async.o
 .text._spi_m_async_io_read
                0x0000956c       0x34 hal/src/hal_spi_m_async.o
 .text._spi_dev_error
                0x000095a0       0x40 hal/src/hal_spi_m_async.o
 .text._spi_dev_complete
                0x000095e0       0x2c hal/src/hal_spi_m_async.o
 .text._spi_dev_rx
                0x0000960c       0x7c hal/src/hal_spi_m_async.o
 .text._spi_dev_tx
                0x00009688       0x48 hal/src/hal_spi_m_async.o
 .text.spi_m_async_init
                0x000096d0       0x64 hal/src/hal_spi_m_async.o
                0x000096d0                spi_m_async_init
 .text.spi_m_async_enable
                0x00009734        0xc hal/src/hal_spi_m_async.o
                0x00009734                spi_m_async_enable
 .text.spi_m_async_set_baudrate
                0x00009740       0x18 hal/src/hal_spi_m_async.o
                0x00009740                spi_m_async_set_baudrate
 .text.spi_m_async_set_mode
                0x00009758       0x18 hal/src/hal_spi_m_async.o
                0x00009758                spi_m_async_set_mode
 .text.spi_m_async_transfer
                0x00009770       0x48 hal/src/hal_spi_m_async.o
                0x00009770                spi_m_async_transfer
 .text.spi_m_async_register_callback
                0x000097b8       0x1c hal/src/hal_spi_m_async.o
                0x000097b8                spi_m_async_register_callback
 .text.spi_m_async_get_io_descriptor
                0x000097d4        0x8 hal/src/hal_spi_m_async.o
                0x000097d4                spi_m_async_get_io_descriptor
 .text._spi_m_dma_io_write
                0x000097dc       0x18 hal/src/hal_spi_m_dma.o
 .text._spi_m_dma_io_read
                0x000097f4       0x18 hal/src/hal_spi_m_dma.o
 .text.spi_m_dma_init
                0x0000980c       0x24 hal/src/hal_spi_m_dma.o
                0x0000980c                spi_m_dma_init
 .text.spi_m_dma_enable
                0x00009830        0xc hal/src/hal_spi_m_dma.o
                0x00009830                spi_m_dma_enable
 .text.spi_m_dma_register_callback
                0x0000983c        0xc hal/src/hal_spi_m_dma.o
                0x0000983c                spi_m_dma_register_callback
 .text.spi_m_dma_get_io_descriptor
                0x00009848        0x8 hal/src/hal_spi_m_dma.o
                0x00009848                spi_m_dma_get_io_descriptor
 .text.timer_add_timer_task
                0x00009850       0x4c hal/src/hal_timer.o
 .text.timer_process_counted
                0x0000989c       0x6c hal/src/hal_timer.o
 .text.timer_init
                0x00009908       0x1c hal/src/hal_timer.o
                0x00009908                timer_init
 .text.timer_start
                0x00009924       0x24 hal/src/hal_timer.o
                0x00009924                timer_start
 .text.timer_add_task
                0x00009948       0x78 hal/src/hal_timer.o
                0x00009948                timer_add_task
 .text.usart_transmission_complete
                0x000099c0       0x10 hal/src/hal_usart_async.o
 .text.usart_error
                0x000099d0       0x10 hal/src/hal_usart_async.o
 .text.usart_fill_rx_buffer
                0x000099e0       0x20 hal/src/hal_usart_async.o
 .text.usart_async_write
                0x00009a00       0x34 hal/src/hal_usart_async.o
 .text.usart_process_byte_sent
                0x00009a34       0x34 hal/src/hal_usart_async.o
 .text.usart_async_read
                0x00009a68       0x54 hal/src/hal_usart_async.o
 .text.usart_async_init
                0x00009abc       0x60 hal/src/hal_usart_async.o
                0x00009abc                usart_async_init
 .text.usart_async_enable
                0x00009b1c       0x10 hal/src/hal_usart_async.o
                0x00009b1c                usart_async_enable
 .text.usart_async_disable
                0x00009b2c       0x10 hal/src/hal_usart_async.o
                0x00009b2c                usart_async_disable
 .text.usart_async_get_io_descriptor
                0x00009b3c        0x6 hal/src/hal_usart_async.o
                0x00009b3c                usart_async_get_io_descriptor
 *fill*         0x00009b42        0x2 
 .text.usart_async_register_callback
                0x00009b44       0x44 hal/src/hal_usart_async.o
                0x00009b44                usart_async_register_callback
 .text.usart_async_set_parity
                0x00009b88       0x10 hal/src/hal_usart_async.o
                0x00009b88                usart_async_set_parity
 .text.usart_sync_write
                0x00009b98       0x50 hal/src/hal_usart_sync.o
 .text.usart_sync_read
                0x00009be8       0x38 hal/src/hal_usart_sync.o
 .text.usart_sync_init
                0x00009c20       0x24 hal/src/hal_usart_sync.o
                0x00009c20                usart_sync_init
 .text.usart_sync_enable
                0x00009c44       0x10 hal/src/hal_usart_sync.o
                0x00009c44                usart_sync_enable
 .text._usb_d_find_ep
                0x00009c54       0x30 hal/src/hal_usb_device.o
 .text.usb_d_dummy_cb_false
                0x00009c84        0x4 hal/src/hal_usb_device.o
 .text.usb_d_cb_trans_more
                0x00009c88       0x30 hal/src/hal_usb_device.o
 .text._usb_d_cb_trans_done
                0x00009cb8      0x108 hal/src/hal_usb_device.o
 .text.usb_d_cb_trans_setup
                0x00009dc0       0x8c hal/src/hal_usb_device.o
 .text.usb_d_init
                0x00009e4c       0x68 hal/src/hal_usb_device.o
                0x00009e4c                usb_d_init
 .text.usb_d_register_callback
                0x00009eb4        0x8 hal/src/hal_usb_device.o
                0x00009eb4                usb_d_register_callback
 .text.usb_d_enable
                0x00009ebc        0x8 hal/src/hal_usb_device.o
                0x00009ebc                usb_d_enable
 .text.usb_d_attach
                0x00009ec4        0x8 hal/src/hal_usb_device.o
                0x00009ec4                usb_d_attach
 .text.usb_d_get_frame_num
                0x00009ecc        0x8 hal/src/hal_usb_device.o
                0x00009ecc                usb_d_get_frame_num
 .text.usb_d_set_address
                0x00009ed4        0x8 hal/src/hal_usb_device.o
                0x00009ed4                usb_d_set_address
 .text.usb_d_ep_init
                0x00009edc       0x50 hal/src/hal_usb_device.o
                0x00009edc                usb_d_ep_init
 .text.usb_d_ep0_init
                0x00009f2c       0x10 hal/src/hal_usb_device.o
                0x00009f2c                usb_d_ep0_init
 .text.usb_d_ep_deinit
                0x00009f3c       0x2c hal/src/hal_usb_device.o
                0x00009f3c                usb_d_ep_deinit
 .text.usb_d_ep_enable
                0x00009f68       0x40 hal/src/hal_usb_device.o
                0x00009f68                usb_d_ep_enable
 .text.usb_d_ep_transfer
                0x00009fa8       0xf8 hal/src/hal_usb_device.o
                0x00009fa8                usb_d_ep_transfer
 .text.usb_d_ep_halt
                0x0000a0a0       0x64 hal/src/hal_usb_device.o
                0x0000a0a0                usb_d_ep_halt
 .text.usb_d_ep_register_callback
                0x0000a104       0x4c hal/src/hal_usb_device.o
                0x0000a104                usb_d_ep_register_callback
 .text.is_list_element
                0x0000a150        0xe hal/utils/src/utils_list.o
                0x0000a150                is_list_element
 .text.list_insert_as_head
                0x0000a15e        0x8 hal/utils/src/utils_list.o
                0x0000a15e                list_insert_as_head
 .text.list_insert_after
                0x0000a166        0x8 hal/utils/src/utils_list.o
                0x0000a166                list_insert_after
 .text.list_insert_at_end
                0x0000a16e       0x18 hal/utils/src/utils_list.o
                0x0000a16e                list_insert_at_end
 .text.list_remove_head
                0x0000a186        0xc hal/utils/src/utils_list.o
                0x0000a186                list_remove_head
 .text.ringbuffer_init
                0x0000a192       0x18 hal/utils/src/utils_ringbuffer.o
                0x0000a192                ringbuffer_init
 .text.ringbuffer_get
                0x0000a1aa       0x22 hal/utils/src/utils_ringbuffer.o
                0x0000a1aa                ringbuffer_get
 .text.ringbuffer_put
                0x0000a1cc       0x26 hal/utils/src/utils_ringbuffer.o
                0x0000a1cc                ringbuffer_put
 .text.ringbuffer_num
                0x0000a1f2        0x8 hal/utils/src/utils_ringbuffer.o
                0x0000a1f2                ringbuffer_num
 *fill*         0x0000a1fa        0x2 
 .text._sbrk    0x0000a1fc       0x1c hal/utils/src/utils_syscalls.o
                0x0000a1fc                _sbrk
 .text._close   0x0000a218        0x6 hal/utils/src/utils_syscalls.o
                0x0000a218                _close
 .text._fstat   0x0000a21e        0xa hal/utils/src/utils_syscalls.o
                0x0000a21e                _fstat
 .text._isatty  0x0000a228        0x4 hal/utils/src/utils_syscalls.o
                0x0000a228                _isatty
 .text._lseek   0x0000a22c        0x4 hal/utils/src/utils_syscalls.o
                0x0000a22c                _lseek
 .text.__NVIC_DisableIRQ
                0x0000a230       0x28 hpl/adc/hpl_adc.o
 .text.__NVIC_ClearPendingIRQ
                0x0000a258       0x20 hpl/adc/hpl_adc.o
 .text.hri_adc_wait_for_sync
                0x0000a278        0x8 hpl/adc/hpl_adc.o
 .text.hri_adc_set_CTRLA_ENABLE_bit
                0x0000a280       0x14 hpl/adc/hpl_adc.o
 .text.hri_adc_clear_CTRLA_ENABLE_bit
                0x0000a294       0x18 hpl/adc/hpl_adc.o
 .text._adc_get_regs
                0x0000a2ac       0x14 hpl/adc/hpl_adc.o
 .text._adc_interrupt_handler
                0x0000a2c0       0x4e hpl/adc/hpl_adc.o
 .text._adc_get_irq_num.isra.0
                0x0000a30e       0x14 hpl/adc/hpl_adc.o
 *fill*         0x0000a322        0x2 
 .text._adc_init
                0x0000a324       0xc8 hpl/adc/hpl_adc.o
 .text._adc_async_init
                0x0000a3ec       0xb4 hpl/adc/hpl_adc.o
                0x0000a3ec                _adc_async_init
 .text._adc_async_enable_channel
                0x0000a4a0        0xc hpl/adc/hpl_adc.o
                0x0000a4a0                _adc_async_enable_channel
 .text._adc_async_get_data_size
                0x0000a4ac       0x12 hpl/adc/hpl_adc.o
                0x0000a4ac                _adc_async_get_data_size
 *fill*         0x0000a4be        0x2 
 .text._adc_async_convert
                0x0000a4c0       0x18 hpl/adc/hpl_adc.o
                0x0000a4c0                _adc_async_convert
 .text._adc_async_set_irq_state
                0x0000a4d8       0x20 hpl/adc/hpl_adc.o
                0x0000a4d8                _adc_async_set_irq_state
 .text.ADC0_1_Handler
                0x0000a4f8       0x10 hpl/adc/hpl_adc.o
                0x0000a4f8                ADC0_1_Handler
 .text.ADC0_0_Handler
                0x0000a508        0x8 hpl/adc/hpl_adc.o
                0x0000a508                ADC0_0_Handler
 .text.ADC1_1_Handler
                0x0000a510       0x10 hpl/adc/hpl_adc.o
                0x0000a510                ADC1_1_Handler
 .text.ADC1_0_Handler
                0x0000a520        0x8 hpl/adc/hpl_adc.o
                0x0000a520                ADC1_0_Handler
 .text._irq_set
                0x0000a528       0x1c hpl/core/hpl_core_m4.o
                0x0000a528                _irq_set
 .text._get_cycles_for_us
                0x0000a544        0x6 hpl/core/hpl_core_m4.o
                0x0000a544                _get_cycles_for_us
 *fill*         0x0000a54a        0x2 
 .text._get_cycles_for_ms
                0x0000a54c        0xc hpl/core/hpl_core_m4.o
                0x0000a54c                _get_cycles_for_ms
 .text._init_chip
                0x0000a558       0x5c hpl/core/hpl_init.o
                0x0000a558                _init_chip
 .text._dmac_handler
                0x0000a5b4       0x50 hpl/dmac/hpl_dmac.o
 .text._dma_init
                0x0000a604       0xd0 hpl/dmac/hpl_dmac.o
                0x0000a604                _dma_init
 .text._dma_set_irq_state
                0x0000a6d4       0x28 hpl/dmac/hpl_dmac.o
                0x0000a6d4                _dma_set_irq_state
 .text._dma_set_destination_address
                0x0000a6fc       0x10 hpl/dmac/hpl_dmac.o
                0x0000a6fc                _dma_set_destination_address
 .text._dma_set_source_address
                0x0000a70c       0x10 hpl/dmac/hpl_dmac.o
                0x0000a70c                _dma_set_source_address
 .text._dma_srcinc_enable
                0x0000a71c       0x1c hpl/dmac/hpl_dmac.o
                0x0000a71c                _dma_srcinc_enable
 .text._dma_set_data_amount
                0x0000a738       0x44 hpl/dmac/hpl_dmac.o
                0x0000a738                _dma_set_data_amount
 .text._dma_enable_transaction
                0x0000a77c       0x3c hpl/dmac/hpl_dmac.o
                0x0000a77c                _dma_enable_transaction
 .text._dma_get_channel_resource
                0x0000a7b8       0x14 hpl/dmac/hpl_dmac.o
                0x0000a7b8                _dma_get_channel_resource
 .text.DMAC_0_Handler
                0x0000a7cc        0x8 hpl/dmac/hpl_dmac.o
                0x0000a7cc                DMAC_0_Handler
 .text.DMAC_1_Handler
                0x0000a7d4        0x8 hpl/dmac/hpl_dmac.o
                0x0000a7d4                DMAC_1_Handler
 .text.DMAC_2_Handler
                0x0000a7dc        0x8 hpl/dmac/hpl_dmac.o
                0x0000a7dc                DMAC_2_Handler
 .text.DMAC_3_Handler
                0x0000a7e4        0x8 hpl/dmac/hpl_dmac.o
                0x0000a7e4                DMAC_3_Handler
 .text.DMAC_4_Handler
                0x0000a7ec        0x8 hpl/dmac/hpl_dmac.o
                0x0000a7ec                DMAC_4_Handler
 .text._crc_sync_init
                0x0000a7f4        0x6 hpl/dsu/hpl_dsu.o
                0x0000a7f4                _crc_sync_init
 *fill*         0x0000a7fa        0x2 
 .text._event_system_init
                0x0000a7fc       0x58 hpl/evsys/hpl_evsys.o
                0x0000a7fc                _event_system_init
 .text.hri_gclk_wait_for_sync.constprop.0
                0x0000a854       0x14 hpl/gclk/hpl_gclk.o
 .text._gclk_init_generators_by_fref
                0x0000a868       0x58 hpl/gclk/hpl_gclk.o
                0x0000a868                _gclk_init_generators_by_fref
 .text._mclk_init
                0x0000a8c0        0xc hpl/mclk/hpl_mclk.o
                0x0000a8c0                _mclk_init
 .text._user_row_write_exec
                0x0000a8cc       0x88 hpl/nvmctrl/hpl_nvmctrl.o
 .text._flash_init
                0x0000a954       0x4c hpl/nvmctrl/hpl_nvmctrl.o
                0x0000a954                _flash_init
 .text._flash_get_page_size
                0x0000a9a0        0x6 hpl/nvmctrl/hpl_nvmctrl.o
                0x0000a9a0                _flash_get_page_size
 .text._flash_get_total_pages
                0x0000a9a6        0x8 hpl/nvmctrl/hpl_nvmctrl.o
                0x0000a9a6                _flash_get_total_pages
 .text._flash_read
                0x0000a9ae       0x1e hpl/nvmctrl/hpl_nvmctrl.o
                0x0000a9ae                _flash_read
 .text.NVMCTRL_1_Handler
                0x0000a9cc       0x2c hpl/nvmctrl/hpl_nvmctrl.o
                0x0000a9cc                NVMCTRL_1_Handler
 .text.NVMCTRL_0_Handler
                0x0000a9f8        0x8 hpl/nvmctrl/hpl_nvmctrl.o
                0x0000a9f8                NVMCTRL_0_Handler
 .text._user_area_read
                0x0000aa00       0x60 hpl/nvmctrl/hpl_nvmctrl.o
                0x0000aa00                _user_area_read
 .text._user_area_write
                0x0000aa60       0x78 hpl/nvmctrl/hpl_nvmctrl.o
                0x0000aa60                _user_area_write
 .text._osc32kctrl_init_sources
                0x0000aad8       0x14 hpl/osc32kctrl/hpl_osc32kctrl.o
                0x0000aad8                _osc32kctrl_init_sources
 .text._oscctrl_init_sources
                0x0000aaec        0x2 hpl/oscctrl/hpl_oscctrl.o
                0x0000aaec                _oscctrl_init_sources
 *fill*         0x0000aaee        0x2 
 .text._oscctrl_init_referenced_generators
                0x0000aaf0       0xfc hpl/oscctrl/hpl_oscctrl.o
                0x0000aaf0                _oscctrl_init_referenced_generators
 .text._qspi_dma_tx_complete
                0x0000abec       0x14 hpl/qspi/hpl_qspi.o
 .text._qspi_dma_rx_complete
                0x0000ac00        0x8 hpl/qspi/hpl_qspi.o
 .text._qspi_dma_error_occured
                0x0000ac08        0xa hpl/qspi/hpl_qspi.o
 *fill*         0x0000ac12        0x2 
 .text._qspi_dma_init
                0x0000ac14       0x58 hpl/qspi/hpl_qspi.o
                0x0000ac14                _qspi_dma_init
 .text.RAMECC_Handler
                0x0000ac6c       0x3c hpl/ramecc/hpl_ramecc.o
                0x0000ac6c                RAMECC_Handler
 .text.hri_rtcmode0_wait_for_sync
                0x0000aca8        0x8 hpl/rtc/hpl_rtc.o
 .text._rtc_timer_stop
                0x0000acb0       0x1c hpl/rtc/hpl_rtc.o
                0x0000acb0                _rtc_timer_stop
 .text._rtc_timer_set_period
                0x0000accc       0x10 hpl/rtc/hpl_rtc.o
                0x0000accc                _rtc_timer_set_period
 .text._rtc_timer_get_period
                0x0000acdc       0x14 hpl/rtc/hpl_rtc.o
                0x0000acdc                _rtc_timer_get_period
 .text._rtc_timer_is_started
                0x0000acf0       0x1c hpl/rtc/hpl_rtc.o
                0x0000acf0                _rtc_timer_is_started
 .text._rtc_timer_set_irq
                0x0000ad0c        0x2 hpl/rtc/hpl_rtc.o
                0x0000ad0c                _rtc_timer_set_irq
 *fill*         0x0000ad0e        0x2 
 .text._rtc_timer_start
                0x0000ad10       0x3c hpl/rtc/hpl_rtc.o
                0x0000ad10                _rtc_timer_start
 .text._rtc_timer_deinit
                0x0000ad4c       0x28 hpl/rtc/hpl_rtc.o
                0x0000ad4c                _rtc_timer_deinit
 .text._rtc_timer_init
                0x0000ad74       0x48 hpl/rtc/hpl_rtc.o
                0x0000ad74                _rtc_timer_init
 .text._rtc_get_timer
                0x0000adbc        0x8 hpl/rtc/hpl_rtc.o
                0x0000adbc                _rtc_get_timer
 .text.RTC_Handler
                0x0000adc4       0x24 hpl/rtc/hpl_rtc.o
                0x0000adc4                RTC_Handler
 .text.__NVIC_EnableIRQ
                0x0000ade8       0x1c hpl/sercom/hpl_sercom.o
 .text.__NVIC_DisableIRQ
                0x0000ae04       0x28 hpl/sercom/hpl_sercom.o
 .text.__NVIC_ClearPendingIRQ
                0x0000ae2c       0x20 hpl/sercom/hpl_sercom.o
 .text.hri_sercomi2cm_wait_for_sync
                0x0000ae4c        0x8 hpl/sercom/hpl_sercom.o
 .text.hri_sercomspi_wait_for_sync
                0x0000ae54        0x8 hpl/sercom/hpl_sercom.o
 .text.hri_sercomusart_wait_for_sync
                0x0000ae5c        0x8 hpl/sercom/hpl_sercom.o
 .text.hri_sercomi2cm_clear_CTRLA_ENABLE_bit
                0x0000ae64       0x14 hpl/sercom/hpl_sercom.o
 .text.hri_sercomspi_clear_CTRLA_ENABLE_bit
                0x0000ae78       0x14 hpl/sercom/hpl_sercom.o
 .text.hri_sercomusart_get_CTRLA_ENABLE_bit
                0x0000ae8c       0x14 hpl/sercom/hpl_sercom.o
 .text.hri_sercomusart_write_CTRLA_ENABLE_bit
                0x0000aea0       0x18 hpl/sercom/hpl_sercom.o
 .text.hri_sercomusart_clear_CTRLA_ENABLE_bit
                0x0000aeb8       0x14 hpl/sercom/hpl_sercom.o
 .text._sercom_get_hardware_index
                0x0000aecc       0x34 hpl/sercom/hpl_sercom.o
 .text._sercom_usart_interrupt_handler
                0x0000af00       0x70 hpl/sercom/hpl_sercom.o
 .text._sercom_init_irq_param
                0x0000af70       0x60 hpl/sercom/hpl_sercom.o
 .text._get_i2cm_index
                0x0000afd0       0x14 hpl/sercom/hpl_sercom.o
 .text._sercom_get_irq_num
                0x0000afe4       0x14 hpl/sercom/hpl_sercom.o
 .text._spi_sync_enable
                0x0000aff8       0x28 hpl/sercom/hpl_sercom.o
 .text._spi_get_regs
                0x0000b020       0x2c hpl/sercom/hpl_sercom.o
 .text._spi_get_tx_dma_channel
                0x0000b04c       0x14 hpl/sercom/hpl_sercom.o
 .text._spi_get_rx_dma_channel
                0x0000b060       0x14 hpl/sercom/hpl_sercom.o
 .text._spi_dma_rx_complete
                0x0000b074        0xa hpl/sercom/hpl_sercom.o
 .text._spi_dma_tx_complete
                0x0000b07e        0xa hpl/sercom/hpl_sercom.o
 .text._spi_dma_error_occured
                0x0000b088        0xa hpl/sercom/hpl_sercom.o
 *fill*         0x0000b092        0x2 
 .text._usart_set_parity
                0x0000b094       0x78 hpl/sercom/hpl_sercom.o
 .text._sercom_i2c_send_stop
                0x0000b10c       0x14 hpl/sercom/hpl_sercom.o
 .text._sercom_i2c_sync_analyse_flags
                0x0000b120      0x16c hpl/sercom/hpl_sercom.o
 .text._spi_load_regs_master
                0x0000b28c       0x3c hpl/sercom/hpl_sercom.o
 .text._spi_set_mode
                0x0000b2c8       0x34 hpl/sercom/hpl_sercom.o
 .text._i2c_m_sync_init_impl
                0x0000b2fc       0xb0 hpl/sercom/hpl_sercom.o
 .text._usart_init
                0x0000b3ac       0xdc hpl/sercom/hpl_sercom.o
 .text._usart_sync_init
                0x0000b488        0xc hpl/sercom/hpl_sercom.o
                0x0000b488                _usart_sync_init
 .text._usart_async_init
                0x0000b494       0x64 hpl/sercom/hpl_sercom.o
                0x0000b494                _usart_async_init
 .text._usart_sync_enable
                0x0000b4f8       0x14 hpl/sercom/hpl_sercom.o
                0x0000b4f8                _usart_sync_enable
 .text._usart_async_enable
                0x0000b50c       0x14 hpl/sercom/hpl_sercom.o
                0x0000b50c                _usart_async_enable
 .text._usart_async_disable
                0x0000b520        0xc hpl/sercom/hpl_sercom.o
                0x0000b520                _usart_async_disable
 .text._usart_async_set_parity
                0x0000b52c        0xc hpl/sercom/hpl_sercom.o
                0x0000b52c                _usart_async_set_parity
 .text._usart_sync_write_byte
                0x0000b538        0x6 hpl/sercom/hpl_sercom.o
                0x0000b538                _usart_sync_write_byte
 .text._usart_async_write_byte
                0x0000b53e        0x6 hpl/sercom/hpl_sercom.o
                0x0000b53e                _usart_async_write_byte
 .text._usart_sync_read_byte
                0x0000b544        0x8 hpl/sercom/hpl_sercom.o
                0x0000b544                _usart_sync_read_byte
 .text._usart_sync_is_ready_to_send
                0x0000b54c        0xa hpl/sercom/hpl_sercom.o
                0x0000b54c                _usart_sync_is_ready_to_send
 .text._usart_sync_is_transmit_done
                0x0000b556        0xa hpl/sercom/hpl_sercom.o
                0x0000b556                _usart_sync_is_transmit_done
 .text._usart_sync_is_byte_received
                0x0000b560        0xa hpl/sercom/hpl_sercom.o
                0x0000b560                _usart_sync_is_byte_received
 .text._usart_async_enable_byte_sent_irq
                0x0000b56a        0x8 hpl/sercom/hpl_sercom.o
                0x0000b56a                _usart_async_enable_byte_sent_irq
 .text._usart_async_enable_tx_done_irq
                0x0000b572        0x8 hpl/sercom/hpl_sercom.o
                0x0000b572                _usart_async_enable_tx_done_irq
 .text._usart_async_set_irq_state
                0x0000b57a       0x32 hpl/sercom/hpl_sercom.o
                0x0000b57a                _usart_async_set_irq_state
 .text._i2c_m_async_init
                0x0000b5ac       0x64 hpl/sercom/hpl_sercom.o
                0x0000b5ac                _i2c_m_async_init
 .text._i2c_m_async_transfer
                0x0000b610       0xc0 hpl/sercom/hpl_sercom.o
                0x0000b610                _i2c_m_async_transfer
 .text._i2c_m_async_register_callback
                0x0000b6d0       0x1a hpl/sercom/hpl_sercom.o
                0x0000b6d0                _i2c_m_async_register_callback
 *fill*         0x0000b6ea        0x2 
 .text.SERCOM0_3_Handler
                0x0000b6ec       0x10 hpl/sercom/hpl_sercom.o
                0x0000b6ec                SERCOM0_3_Handler
 .text.SERCOM0_2_Handler
                0x0000b6fc        0x8 hpl/sercom/hpl_sercom.o
                0x0000b6fc                SERCOM0_2_Handler
 .text.SERCOM0_1_Handler
                0x0000b704        0x8 hpl/sercom/hpl_sercom.o
                0x0000b704                SERCOM0_1_Handler
 .text.SERCOM0_0_Handler
                0x0000b70c        0x8 hpl/sercom/hpl_sercom.o
                0x0000b70c                SERCOM0_0_Handler
 .text.SERCOM1_3_Handler
                0x0000b714       0x10 hpl/sercom/hpl_sercom.o
                0x0000b714                SERCOM1_3_Handler
 .text.SERCOM1_2_Handler
                0x0000b724        0x8 hpl/sercom/hpl_sercom.o
                0x0000b724                SERCOM1_2_Handler
 .text.SERCOM1_1_Handler
                0x0000b72c        0x8 hpl/sercom/hpl_sercom.o
                0x0000b72c                SERCOM1_1_Handler
 .text.SERCOM1_0_Handler
                0x0000b734        0x8 hpl/sercom/hpl_sercom.o
                0x0000b734                SERCOM1_0_Handler
 .text.SERCOM3_3_Handler
                0x0000b73c       0x44 hpl/sercom/hpl_sercom.o
                0x0000b73c                SERCOM3_3_Handler
 .text.SERCOM3_2_Handler
                0x0000b780        0x8 hpl/sercom/hpl_sercom.o
                0x0000b780                SERCOM3_2_Handler
 .text.SERCOM3_1_Handler
                0x0000b788        0x8 hpl/sercom/hpl_sercom.o
                0x0000b788                SERCOM3_1_Handler
 .text.SERCOM3_0_Handler
                0x0000b790        0x8 hpl/sercom/hpl_sercom.o
                0x0000b790                SERCOM3_0_Handler
 .text.SERCOM4_3_Handler
                0x0000b798       0x10 hpl/sercom/hpl_sercom.o
                0x0000b798                SERCOM4_3_Handler
 .text.SERCOM4_2_Handler
                0x0000b7a8        0x8 hpl/sercom/hpl_sercom.o
                0x0000b7a8                SERCOM4_2_Handler
 .text.SERCOM4_1_Handler
                0x0000b7b0        0x8 hpl/sercom/hpl_sercom.o
                0x0000b7b0                SERCOM4_1_Handler
 .text.SERCOM4_0_Handler
                0x0000b7b8        0x8 hpl/sercom/hpl_sercom.o
                0x0000b7b8                SERCOM4_0_Handler
 .text.SERCOM5_3_Handler
                0x0000b7c0       0x64 hpl/sercom/hpl_sercom.o
                0x0000b7c0                SERCOM5_3_Handler
 .text.SERCOM5_2_Handler
                0x0000b824        0x8 hpl/sercom/hpl_sercom.o
                0x0000b824                SERCOM5_2_Handler
 .text.SERCOM5_1_Handler
                0x0000b82c        0x8 hpl/sercom/hpl_sercom.o
                0x0000b82c                SERCOM5_1_Handler
 .text.SERCOM5_0_Handler
                0x0000b834        0x8 hpl/sercom/hpl_sercom.o
                0x0000b834                SERCOM5_0_Handler
 .text.SERCOM6_3_Handler
                0x0000b83c       0x10 hpl/sercom/hpl_sercom.o
                0x0000b83c                SERCOM6_3_Handler
 .text.SERCOM6_2_Handler
                0x0000b84c        0x8 hpl/sercom/hpl_sercom.o
                0x0000b84c                SERCOM6_2_Handler
 .text.SERCOM6_1_Handler
                0x0000b854        0x8 hpl/sercom/hpl_sercom.o
                0x0000b854                SERCOM6_1_Handler
 .text.SERCOM6_0_Handler
                0x0000b85c        0x8 hpl/sercom/hpl_sercom.o
                0x0000b85c                SERCOM6_0_Handler
 .text._spi_m_sync_init
                0x0000b864       0xd0 hpl/sercom/hpl_sercom.o
                0x0000b864                _spi_m_sync_init
 .text._spi_m_async_init
                0x0000b934       0x58 hpl/sercom/hpl_sercom.o
                0x0000b934                _spi_m_async_init
 .text._spi_s_async_enable
                0x0000b98c       0x34 hpl/sercom/hpl_sercom.o
                0x0000b98c                _spi_s_async_enable
 .text._spi_m_async_enable
                0x0000b9c0        0x8 hpl/sercom/hpl_sercom.o
                0x0000b9c0                _spi_m_async_enable
 .text._spi_s_async_set_mode
                0x0000b9c8        0xc hpl/sercom/hpl_sercom.o
                0x0000b9c8                _spi_s_async_set_mode
 .text._spi_m_async_set_mode
                0x0000b9d4        0x8 hpl/sercom/hpl_sercom.o
                0x0000b9d4                _spi_m_async_set_mode
 .text._spi_m_async_set_baudrate
                0x0000b9dc       0x14 hpl/sercom/hpl_sercom.o
                0x0000b9dc                _spi_m_async_set_baudrate
 .text._spi_m_async_enable_tx
                0x0000b9f0       0x10 hpl/sercom/hpl_sercom.o
                0x0000b9f0                _spi_m_async_enable_tx
 .text._spi_m_async_enable_rx
                0x0000ba00       0x10 hpl/sercom/hpl_sercom.o
                0x0000ba00                _spi_m_async_enable_rx
 .text._spi_m_async_enable_tx_complete
                0x0000ba10       0x10 hpl/sercom/hpl_sercom.o
                0x0000ba10                _spi_m_async_enable_tx_complete
 .text._spi_m_async_write_one
                0x0000ba20        0x8 hpl/sercom/hpl_sercom.o
                0x0000ba20                _spi_m_async_write_one
 .text._spi_m_async_read_one
                0x0000ba28        0x8 hpl/sercom/hpl_sercom.o
                0x0000ba28                _spi_m_async_read_one
 .text._spi_m_async_register_callback
                0x0000ba30        0xa hpl/sercom/hpl_sercom.o
                0x0000ba30                _spi_m_async_register_callback
 .text._spi_m_async_set_irq_state
                0x0000ba3a       0x12 hpl/sercom/hpl_sercom.o
                0x0000ba3a                _spi_m_async_set_irq_state
 .text._spi_m_dma_init
                0x0000ba4c       0xc4 hpl/sercom/hpl_sercom.o
                0x0000ba4c                _spi_m_dma_init
 .text._spi_m_dma_enable
                0x0000bb10        0xc hpl/sercom/hpl_sercom.o
                0x0000bb10                _spi_m_dma_enable
 .text._spi_m_dma_register_callback
                0x0000bb1c       0x64 hpl/sercom/hpl_sercom.o
                0x0000bb1c                _spi_m_dma_register_callback
 .text._spi_m_dma_transfer
                0x0000bb80       0xf8 hpl/sercom/hpl_sercom.o
                0x0000bb80                _spi_m_dma_transfer
 .text._delay_init
                0x0000bc78       0x14 hpl/systick/hpl_systick.o
                0x0000bc78                _delay_init
 .text._delay_cycles
                0x0000bc8c       0x38 hpl/systick/hpl_systick.o
                0x0000bc8c                _delay_cycles
 .text.__NVIC_DisableIRQ
                0x0000bcc4       0x28 hpl/tc/hpl_tc.o
 .text.hri_tc_wait_for_sync
                0x0000bcec        0x8 hpl/tc/hpl_tc.o
 .text._tc_timer_start
                0x0000bcf4       0x14 hpl/tc/hpl_tc.o
                0x0000bcf4                _tc_timer_start
 .text._tc_timer_get_period
                0x0000bd08       0x50 hpl/tc/hpl_tc.o
                0x0000bd08                _tc_timer_get_period
 .text._tc_timer_is_started
                0x0000bd58       0x18 hpl/tc/hpl_tc.o
                0x0000bd58                _tc_timer_is_started
 .text.tc_interrupt_handler
                0x0000bd70       0x12 hpl/tc/hpl_tc.o
 *fill*         0x0000bd82        0x2 
 .text.get_tc_index
                0x0000bd84       0x50 hpl/tc/hpl_tc.o
 .text._tc_timer_set_irq
                0x0000bdd4       0x28 hpl/tc/hpl_tc.o
                0x0000bdd4                _tc_timer_set_irq
 .text._tc_timer_stop
                0x0000bdfc       0x14 hpl/tc/hpl_tc.o
                0x0000bdfc                _tc_timer_stop
 .text._tc_timer_deinit
                0x0000be10       0x4c hpl/tc/hpl_tc.o
                0x0000be10                _tc_timer_deinit
 .text._tc_timer_init
                0x0000be5c      0x150 hpl/tc/hpl_tc.o
                0x0000be5c                _tc_timer_init
 .text._tc_timer_set_period
                0x0000bfac       0x3c hpl/tc/hpl_tc.o
                0x0000bfac                _tc_timer_set_period
 .text._tc_get_timer
                0x0000bfe8        0x8 hpl/tc/hpl_tc.o
                0x0000bfe8                _tc_get_timer
 .text.TC0_Handler
                0x0000bff0       0x10 hpl/tc/hpl_tc.o
                0x0000bff0                TC0_Handler
 .text.TC1_Handler
                0x0000c000       0x10 hpl/tc/hpl_tc.o
                0x0000c000                TC1_Handler
 .text.TC2_Handler
                0x0000c010       0x10 hpl/tc/hpl_tc.o
                0x0000c010                TC2_Handler
 .text.TC3_Handler
                0x0000c020       0x10 hpl/tc/hpl_tc.o
                0x0000c020                TC3_Handler
 .text._dummy_func_no_return
                0x0000c030        0x4 hpl/usb/hpl_usb.o
 .text._usb_d_dev_wait_dfll_rdy
                0x0000c034       0x24 hpl/usb/hpl_usb.o
 .text._usb_d_dev_ept
                0x0000c058       0x18 hpl/usb/hpl_usb.o
 .text._usb_d_dev_handle_setup
                0x0000c070       0x84 hpl/usb/hpl_usb.o
 .text._usb_d_dev_handle_stall
                0x0000c0f4       0x28 hpl/usb/hpl_usb.o
 .text._usb_d_dev_trans_done
                0x0000c11c       0x24 hpl/usb/hpl_usb.o
 .text._usb_d_dev_trans_stop
                0x0000c140       0x64 hpl/usb/hpl_usb.o
 .text._usb_d_dev_handle_trfail
                0x0000c1a4       0xec hpl/usb/hpl_usb.o
 .text._usb_d_dev_reset_epts
                0x0000c290       0x3c hpl/usb/hpl_usb.o
 .text._usb_d_dev_in_next
                0x0000c2cc      0x158 hpl/usb/hpl_usb.o
 .text._usb_d_dev_out_next
                0x0000c424      0x1ac hpl/usb/hpl_usb.o
 .text._usb_d_dev_handler
                0x0000c5d0      0x1dc hpl/usb/hpl_usb.o
 .text._usbd_ep_pcksize_size
                0x0000c7ac       0x3e hpl/usb/hpl_usb.o
 *fill*         0x0000c7ea        0x2 
 .text._usb_d_dev_init
                0x0000c7ec       0xe8 hpl/usb/hpl_usb.o
                0x0000c7ec                _usb_d_dev_init
 .text._usb_d_dev_enable
                0x0000c8d4       0x5c hpl/usb/hpl_usb.o
                0x0000c8d4                _usb_d_dev_enable
 .text._usb_d_dev_attach
                0x0000c930       0x12 hpl/usb/hpl_usb.o
                0x0000c930                _usb_d_dev_attach
 .text._usb_d_dev_set_address
                0x0000c942        0xc hpl/usb/hpl_usb.o
                0x0000c942                _usb_d_dev_set_address
 .text._usb_d_dev_get_frame_n
                0x0000c94e        0xc hpl/usb/hpl_usb.o
                0x0000c94e                _usb_d_dev_get_frame_n
 *fill*         0x0000c95a        0x2 
 .text._usb_d_dev_ep_init
                0x0000c95c       0xc0 hpl/usb/hpl_usb.o
                0x0000c95c                _usb_d_dev_ep_init
 .text._usb_d_dev_ep_deinit
                0x0000ca1c       0x84 hpl/usb/hpl_usb.o
                0x0000ca1c                _usb_d_dev_ep_deinit
 .text._usb_d_dev_ep_enable
                0x0000caa0      0x17c hpl/usb/hpl_usb.o
                0x0000caa0                _usb_d_dev_ep_enable
 .text._usb_d_dev_ep_stall
                0x0000cc1c       0xe4 hpl/usb/hpl_usb.o
                0x0000cc1c                _usb_d_dev_ep_stall
 .text._usb_d_dev_ep_read_req
                0x0000cd00       0x54 hpl/usb/hpl_usb.o
                0x0000cd00                _usb_d_dev_ep_read_req
 .text._usb_d_dev_ep_trans
                0x0000cd54      0x108 hpl/usb/hpl_usb.o
                0x0000cd54                _usb_d_dev_ep_trans
 .text._usb_d_dev_register_callback
                0x0000ce5c       0x24 hpl/usb/hpl_usb.o
                0x0000ce5c                _usb_d_dev_register_callback
 .text._usb_d_dev_register_ep_callback
                0x0000ce80       0x2c hpl/usb/hpl_usb.o
                0x0000ce80                _usb_d_dev_register_ep_callback
 .text.USB_0_Handler
                0x0000ceac        0x8 hpl/usb/hpl_usb.o
                0x0000ceac                USB_0_Handler
 .text.USB_1_Handler
                0x0000ceb4        0x8 hpl/usb/hpl_usb.o
                0x0000ceb4                USB_1_Handler
 .text.USB_2_Handler
                0x0000cebc        0x8 hpl/usb/hpl_usb.o
                0x0000cebc                USB_2_Handler
 .text.USB_3_Handler
                0x0000cec4        0x8 hpl/usb/hpl_usb.o
                0x0000cec4                USB_3_Handler
 .text._wdt_init
                0x0000cecc       0x42 hpl/wdt/hpl_wdt.o
                0x0000cecc                _wdt_init
 *fill*         0x0000cf0e        0x2 
 .text.RTC_Scheduler_report_cb
                0x0000cf10        0xc main.o
 .text.RTC_Scheduler_heartbeat_cb
                0x0000cf1c       0x30 main.o
 .text.RTC_Scheduler_ping_cb
                0x0000cf4c       0x30 main.o
 .text.RTC_Scheduler_realtime_cb
                0x0000cf7c       0x98 main.o
 .text.init_timer
                0x0000d014       0x84 main.o
                0x0000d014                init_timer
 .text.startup.main
                0x0000d098      0x588 main.o
                0x0000d098                main
 .text._read    0x0000d620       0x20 stdio_redirect/gcc/read.o
                0x0000d620                _read
 .text._write   0x0000d640       0x24 stdio_redirect/gcc/write.o
                0x0000d640                _write
 .text.stdio_io_init
                0x0000d664       0x2c stdio_redirect/stdio_io.o
                0x0000d664                stdio_io_init
 .text.stdio_io_read
                0x0000d690       0x1c stdio_redirect/stdio_io.o
                0x0000d690                stdio_io_read
 .text.stdio_io_write
                0x0000d6ac       0x1c stdio_redirect/stdio_io.o
                0x0000d6ac                stdio_io_write
 .text.stdio_redirect_init
                0x0000d6c8       0x20 stdio_start.o
                0x0000d6c8                stdio_redirect_init
 .text.cdcdf_acm_req
                0x0000d6e8       0xdc usb/class/cdc/device/cdcdf_acm.o
 .text.cdcdf_acm_ctrl
                0x0000d7c4      0x138 usb/class/cdc/device/cdcdf_acm.o
 .text.cdcdf_acm_init
                0x0000d8fc       0x44 usb/class/cdc/device/cdcdf_acm.o
                0x0000d8fc                cdcdf_acm_init
 .text.cdcdf_acm_read
                0x0000d940       0x2c usb/class/cdc/device/cdcdf_acm.o
                0x0000d940                cdcdf_acm_read
 .text.cdcdf_acm_write
                0x0000d96c       0x2c usb/class/cdc/device/cdcdf_acm.o
                0x0000d96c                cdcdf_acm_write
 .text.cdcdf_acm_register_callback
                0x0000d998       0x40 usb/class/cdc/device/cdcdf_acm.o
                0x0000d998                cdcdf_acm_register_callback
 .text.hid_keyboard_req
                0x0000d9d8       0x88 usb/class/hid/device/hiddf_keyboard.o
 .text.hid_keyboard_ctrl
                0x0000da60      0x110 usb/class/hid/device/hiddf_keyboard.o
 .text.hiddf_keyboard_init
                0x0000db70       0x44 usb/class/hid/device/hiddf_keyboard.o
                0x0000db70                hiddf_keyboard_init
 .text.hiddf_keyboard_keys_state_change
                0x0000dbb4       0x8c usb/class/hid/device/hiddf_keyboard.o
                0x0000dbb4                hiddf_keyboard_keys_state_change
 .text.hid_mouse_req
                0x0000dc40       0x88 usb/class/hid/device/hiddf_mouse.o
 .text.hid_mouse_ctrl
                0x0000dcc8       0xe4 usb/class/hid/device/hiddf_mouse.o
 .text.hiddf_mouse_init
                0x0000ddac       0x44 usb/class/hid/device/hiddf_mouse.o
                0x0000ddac                hiddf_mouse_init
 .text.hiddf_mouse_move
                0x0000ddf0       0x48 usb/class/hid/device/hiddf_mouse.o
                0x0000ddf0                hiddf_mouse_move
 .text.audio_midi_req
                0x0000de38       0x78 usb/class/midi/device/audiodf_midi.o
 .text.audio_midi_ctrl
                0x0000deb0      0x180 usb/class/midi/device/audiodf_midi.o
 .text.audiodf_midi_init
                0x0000e030       0x44 usb/class/midi/device/audiodf_midi.o
                0x0000e030                audiodf_midi_init
 .text.audiodf_midi_write
                0x0000e074       0x28 usb/class/midi/device/audiodf_midi.o
                0x0000e074                audiodf_midi_write
 .text.audiodf_midi_read
                0x0000e09c       0x20 usb/class/midi/device/audiodf_midi.o
                0x0000e09c                audiodf_midi_read
 .text.audiodf_midi_register_callback
                0x0000e0bc       0x30 usb/class/midi/device/audiodf_midi.o
                0x0000e0bc                audiodf_midi_register_callback
 .text.usbdc_unconfig
                0x0000e0ec       0x1c usb/device/usbdc.o
 .text.usbdc_change_notify
                0x0000e108       0x20 usb/device/usbdc.o
 .text.usbdc_request_handler
                0x0000e128       0x38 usb/device/usbdc.o
 .text.usbd_sof_cb
                0x0000e160       0x18 usb/device/usbdc.o
 .text.usbdc_cb_ctl_done
                0x0000e178       0x68 usb/device/usbdc.o
 .text.usbdc_reset
                0x0000e1e0       0x5c usb/device/usbdc.o
                0x0000e1e0                usbdc_reset
 .text.usbd_event_cb
                0x0000e23c       0x18 usb/device/usbdc.o
 .text.usbdc_xfer
                0x0000e254       0x20 usb/device/usbdc.o
                0x0000e254                usbdc_xfer
 .text.usbdc_cb_ctl_req
                0x0000e274      0x328 usb/device/usbdc.o
 .text.usbdc_register_handler
                0x0000e59c       0x2c usb/device/usbdc.o
                0x0000e59c                usbdc_register_handler
 .text.usbdc_init
                0x0000e5c8       0x44 usb/device/usbdc.o
                0x0000e5c8                usbdc_init
 .text.usbdc_register_function
                0x0000e60c       0x10 usb/device/usbdc.o
                0x0000e60c                usbdc_register_function
 .text.usbdc_start
                0x0000e61c       0x34 usb/device/usbdc.o
                0x0000e61c                usbdc_start
 .text.usbdc_attach
                0x0000e650        0x8 usb/device/usbdc.o
                0x0000e650                usbdc_attach
 .text.usbdc_get_ctrl_buffer
                0x0000e658        0xc usb/device/usbdc.o
                0x0000e658                usbdc_get_ctrl_buffer
 .text.usbdc_get_state
                0x0000e664       0x14 usb/device/usbdc.o
                0x0000e664                usbdc_get_state
 .text.usb_find_desc
                0x0000e678       0x1a usb/usb_protocol.o
                0x0000e678                usb_find_desc
 .text.usb_find_ep_desc
                0x0000e692       0x1c usb/usb_protocol.o
                0x0000e692                usb_find_ep_desc
 *fill*         0x0000e6ae        0x2 
 .text.usb_find_cfg_desc
                0x0000e6b0       0x3c usb/usb_protocol.o
                0x0000e6b0                usb_find_cfg_desc
 .text.usb_find_str_desc
                0x0000e6ec       0x30 usb/usb_protocol.o
                0x0000e6ec                usb_find_str_desc
 .text.gpio_get_pin_level
                0x0000e71c       0x48 usb_start.o
 .text.hiddf_demo_sof_event
                0x0000e764       0x78 usb_start.o
 .text.composite_device_init
                0x0000e7dc       0x2c usb_start.o
                0x0000e7dc                composite_device_init
 .text.composite_device_start
                0x0000e808       0x1c usb_start.o
                0x0000e808                composite_device_start
 .text.usb_init
                0x0000e824        0x8 usb_start.o
                0x0000e824                usb_init
 .text          0x0000e82c      0x370 c:/program files (x86)/atmel/studio/7.0/toolchain/arm/arm-gnu-toolchain/bin/../lib/gcc/arm-none-eabi/6.3.1/thumb/v7e-m\libgcc.a(_arm_addsubdf3.o)
                0x0000e82c                __aeabi_drsub
                0x0000e834                __aeabi_dsub
                0x0000e834                __subdf3
                0x0000e838                __aeabi_dadd
                0x0000e838                __adddf3
                0x0000eab0                __floatunsidf
                0x0000eab0                __aeabi_ui2d
                0x0000ead0                __floatsidf
                0x0000ead0                __aeabi_i2d
                0x0000eaf4                __aeabi_f2d
                0x0000eaf4                __extendsfdf2
                0x0000eb30                __floatundidf
                0x0000eb30                __aeabi_ul2d
                0x0000eb40                __floatdidf
                0x0000eb40                __aeabi_l2d
 .text          0x0000eb9c      0x424 c:/program files (x86)/atmel/studio/7.0/toolchain/arm/arm-gnu-toolchain/bin/../lib/gcc/arm-none-eabi/6.3.1/thumb/v7e-m\libgcc.a(_arm_muldivdf3.o)
                0x0000eb9c                __aeabi_dmul
                0x0000eb9c                __muldf3
                0x0000edf0                __divdf3
                0x0000edf0                __aeabi_ddiv
 .text          0x0000efc0       0x40 c:/program files (x86)/atmel/studio/7.0/toolchain/arm/arm-gnu-toolchain/bin/../lib/gcc/arm-none-eabi/6.3.1/thumb/v7e-m\libgcc.a(_arm_fixunsdfsi.o)
                0x0000efc0                __aeabi_d2uiz
                0x0000efc0                __fixunsdfsi
 .text.__libc_init_array
                0x0000f000       0x48 c:/program files (x86)/atmel/studio/7.0/toolchain/arm/arm-gnu-toolchain/bin/../lib/gcc/arm-none-eabi/6.3.1/../../../../arm-none-eabi/lib/thumb/v7e-m\libc_nano.a(lib_a-init.o)
                0x0000f000                __libc_init_array
 .text.malloc   0x0000f048       0x10 c:/program files (x86)/atmel/studio/7.0/toolchain/arm/arm-gnu-toolchain/bin/../lib/gcc/arm-none-eabi/6.3.1/../../../../arm-none-eabi/lib/thumb/v7e-m\libc_nano.a(lib_a-malloc.o)
                0x0000f048                malloc
 .text.memcpy   0x0000f058       0x16 c:/program files (x86)/atmel/studio/7.0/toolchain/arm/arm-gnu-toolchain/bin/../lib/gcc/arm-none-eabi/6.3.1/../../../../arm-none-eabi/lib/thumb/v7e-m\libc_nano.a(lib_a-memcpy-stub.o)
                0x0000f058                memcpy
 .text.memset   0x0000f06e       0x10 c:/program files (x86)/atmel/studio/7.0/toolchain/arm/arm-gnu-toolchain/bin/../lib/gcc/arm-none-eabi/6.3.1/../../../../arm-none-eabi/lib/thumb/v7e-m\libc_nano.a(lib_a-memset.o)
                0x0000f06e                memset
 *fill*         0x0000f07e        0x2 
 .text._free_r  0x0000f080       0x9c c:/program files (x86)/atmel/studio/7.0/toolchain/arm/arm-gnu-toolchain/bin/../lib/gcc/arm-none-eabi/6.3.1/../../../../arm-none-eabi/lib/thumb/v7e-m\libc_nano.a(lib_a-nano-freer.o)
                0x0000f080                _free_r
 .text._malloc_r
                0x0000f11c       0xbc c:/program files (x86)/atmel/studio/7.0/toolchain/arm/arm-gnu-toolchain/bin/../lib/gcc/arm-none-eabi/6.3.1/../../../../arm-none-eabi/lib/thumb/v7e-m\libc_nano.a(lib_a-nano-mallocr.o)
                0x0000f11c                _malloc_r
 .text.printf   0x0000f1d8       0x30 c:/program files (x86)/atmel/studio/7.0/toolchain/arm/arm-gnu-toolchain/bin/../lib/gcc/arm-none-eabi/6.3.1/../../../../arm-none-eabi/lib/thumb/v7e-m\libc_nano.a(lib_a-printf.o)
                0x0000f1d8                iprintf
                0x0000f1d8                printf
 .text._puts_r  0x0000f208       0xb8 c:/program files (x86)/atmel/studio/7.0/toolchain/arm/arm-gnu-toolchain/bin/../lib/gcc/arm-none-eabi/6.3.1/../../../../arm-none-eabi/lib/thumb/v7e-m\libc_nano.a(lib_a-puts.o)
                0x0000f208                _puts_r
 .text.puts     0x0000f2c0       0x10 c:/program files (x86)/atmel/studio/7.0/toolchain/arm/arm-gnu-toolchain/bin/../lib/gcc/arm-none-eabi/6.3.1/../../../../arm-none-eabi/lib/thumb/v7e-m\libc_nano.a(lib_a-puts.o)
                0x0000f2c0                puts
 .text._sbrk_r  0x0000f2d0       0x20 c:/program files (x86)/atmel/studio/7.0/toolchain/arm/arm-gnu-toolchain/bin/../lib/gcc/arm-none-eabi/6.3.1/../../../../arm-none-eabi/lib/thumb/v7e-m\libc_nano.a(lib_a-sbrkr.o)
                0x0000f2d0                _sbrk_r
 .text.setbuf   0x0000f2f0       0x10 c:/program files (x86)/atmel/studio/7.0/toolchain/arm/arm-gnu-toolchain/bin/../lib/gcc/arm-none-eabi/6.3.1/../../../../arm-none-eabi/lib/thumb/v7e-m\libc_nano.a(lib_a-setbuf.o)
                0x0000f2f0                setbuf
 .text.setvbuf  0x0000f300      0x15c c:/program files (x86)/atmel/studio/7.0/toolchain/arm/arm-gnu-toolchain/bin/../lib/gcc/arm-none-eabi/6.3.1/../../../../arm-none-eabi/lib/thumb/v7e-m\libc_nano.a(lib_a-setvbuf.o)
                0x0000f300                setvbuf
 .text.sprintf  0x0000f45c       0x48 c:/program files (x86)/atmel/studio/7.0/toolchain/arm/arm-gnu-toolchain/bin/../lib/gcc/arm-none-eabi/6.3.1/../../../../arm-none-eabi/lib/thumb/v7e-m\libc_nano.a(lib_a-sprintf.o)
                0x0000f45c                siprintf
                0x0000f45c                sprintf
 .text          0x0000f4a4       0x10 c:/program files (x86)/atmel/studio/7.0/toolchain/arm/arm-gnu-toolchain/bin/../lib/gcc/arm-none-eabi/6.3.1/../../../../arm-none-eabi/lib/thumb/v7e-m\libc_nano.a(lib_a-strlen.o)
                0x0000f4a4                strlen
 .text.__swbuf_r
                0x0000f4b4       0xa4 c:/program files (x86)/atmel/studio/7.0/toolchain/arm/arm-gnu-toolchain/bin/../lib/gcc/arm-none-eabi/6.3.1/../../../../arm-none-eabi/lib/thumb/v7e-m\libc_nano.a(lib_a-wbuf.o)
                0x0000f4b4                __swbuf_r
 .text.__swsetup_r
                0x0000f558       0xdc c:/program files (x86)/atmel/studio/7.0/toolchain/arm/arm-gnu-toolchain/bin/../lib/gcc/arm-none-eabi/6.3.1/../../../../arm-none-eabi/lib/thumb/v7e-m\libc_nano.a(lib_a-wsetup.o)
                0x0000f558                __swsetup_r
 .text.__sflush_r
                0x0000f634      0x110 c:/program files (x86)/atmel/studio/7.0/toolchain/arm/arm-gnu-toolchain/bin/../lib/gcc/arm-none-eabi/6.3.1/../../../../arm-none-eabi/lib/thumb/v7e-m\libc_nano.a(lib_a-fflush.o)
                0x0000f634                __sflush_r
 .text._fflush_r
                0x0000f744       0x54 c:/program files (x86)/atmel/studio/7.0/toolchain/arm/arm-gnu-toolchain/bin/../lib/gcc/arm-none-eabi/6.3.1/../../../../arm-none-eabi/lib/thumb/v7e-m\libc_nano.a(lib_a-fflush.o)
                0x0000f744                _fflush_r
 .text._cleanup_r
                0x0000f798        0xc c:/program files (x86)/atmel/studio/7.0/toolchain/arm/arm-gnu-toolchain/bin/../lib/gcc/arm-none-eabi/6.3.1/../../../../arm-none-eabi/lib/thumb/v7e-m\libc_nano.a(lib_a-findfp.o)
                0x0000f798                _cleanup_r
 .text.std.isra.0
                0x0000f7a4       0x48 c:/program files (x86)/atmel/studio/7.0/toolchain/arm/arm-gnu-toolchain/bin/../lib/gcc/arm-none-eabi/6.3.1/../../../../arm-none-eabi/lib/thumb/v7e-m\libc_nano.a(lib_a-findfp.o)
 .text.__sfmoreglue
                0x0000f7ec       0x2c c:/program files (x86)/atmel/studio/7.0/toolchain/arm/arm-gnu-toolchain/bin/../lib/gcc/arm-none-eabi/6.3.1/../../../../arm-none-eabi/lib/thumb/v7e-m\libc_nano.a(lib_a-findfp.o)
                0x0000f7ec                __sfmoreglue
 .text.__sinit  0x0000f818       0x60 c:/program files (x86)/atmel/studio/7.0/toolchain/arm/arm-gnu-toolchain/bin/../lib/gcc/arm-none-eabi/6.3.1/../../../../arm-none-eabi/lib/thumb/v7e-m\libc_nano.a(lib_a-findfp.o)
                0x0000f818                __sinit
 .text.__sfp    0x0000f878       0x78 c:/program files (x86)/atmel/studio/7.0/toolchain/arm/arm-gnu-toolchain/bin/../lib/gcc/arm-none-eabi/6.3.1/../../../../arm-none-eabi/lib/thumb/v7e-m\libc_nano.a(lib_a-findfp.o)
                0x0000f878                __sfp
 .text._fwalk_reent
                0x0000f8f0       0x3c c:/program files (x86)/atmel/studio/7.0/toolchain/arm/arm-gnu-toolchain/bin/../lib/gcc/arm-none-eabi/6.3.1/../../../../arm-none-eabi/lib/thumb/v7e-m\libc_nano.a(lib_a-fwalk.o)
                0x0000f8f0                _fwalk_reent
 .text.__swhatbuf_r
                0x0000f92c       0x48 c:/program files (x86)/atmel/studio/7.0/toolchain/arm/arm-gnu-toolchain/bin/../lib/gcc/arm-none-eabi/6.3.1/../../../../arm-none-eabi/lib/thumb/v7e-m\libc_nano.a(lib_a-makebuf.o)
                0x0000f92c                __swhatbuf_r
 .text.__smakebuf_r
                0x0000f974       0x80 c:/program files (x86)/atmel/studio/7.0/toolchain/arm/arm-gnu-toolchain/bin/../lib/gcc/arm-none-eabi/6.3.1/../../../../arm-none-eabi/lib/thumb/v7e-m\libc_nano.a(lib_a-makebuf.o)
                0x0000f974                __smakebuf_r
 .text.__malloc_lock
                0x0000f9f4        0x2 c:/program files (x86)/atmel/studio/7.0/toolchain/arm/arm-gnu-toolchain/bin/../lib/gcc/arm-none-eabi/6.3.1/../../../../arm-none-eabi/lib/thumb/v7e-m\libc_nano.a(lib_a-mlock.o)
                0x0000f9f4                __malloc_lock
 .text.__malloc_unlock
                0x0000f9f6        0x2 c:/program files (x86)/atmel/studio/7.0/toolchain/arm/arm-gnu-toolchain/bin/../lib/gcc/arm-none-eabi/6.3.1/../../../../arm-none-eabi/lib/thumb/v7e-m\libc_nano.a(lib_a-mlock.o)
                0x0000f9f6                __malloc_unlock
 .text.__ssputs_r
                0x0000f9f8       0xb6 c:/program files (x86)/atmel/studio/7.0/toolchain/arm/arm-gnu-toolchain/bin/../lib/gcc/arm-none-eabi/6.3.1/../../../../arm-none-eabi/lib/thumb/v7e-m\libc_nano.a(lib_a-nano-svfprintf.o)
                0x0000f9f8                __ssputs_r
 *fill*         0x0000faae        0x2 
 .text._svfprintf_r
                0x0000fab0      0x1e8 c:/program files (x86)/atmel/studio/7.0/toolchain/arm/arm-gnu-toolchain/bin/../lib/gcc/arm-none-eabi/6.3.1/../../../../arm-none-eabi/lib/thumb/v7e-m\libc_nano.a(lib_a-nano-svfprintf.o)
                0x0000fab0                _svfiprintf_r
                0x0000fab0                _svfprintf_r
 .text.__sfputc_r
                0x0000fc98       0x2c c:/program files (x86)/atmel/studio/7.0/toolchain/arm/arm-gnu-toolchain/bin/../lib/gcc/arm-none-eabi/6.3.1/../../../../arm-none-eabi/lib/thumb/v7e-m\libc_nano.a(lib_a-nano-vfprintf.o)
 .text.__sfputs_r
                0x0000fcc4       0x24 c:/program files (x86)/atmel/studio/7.0/toolchain/arm/arm-gnu-toolchain/bin/../lib/gcc/arm-none-eabi/6.3.1/../../../../arm-none-eabi/lib/thumb/v7e-m\libc_nano.a(lib_a-nano-vfprintf.o)
                0x0000fcc4                __sfputs_r
 .text._vfprintf_r