Archive member included to satisfy reference by file (symbol)

c:/program files (x86)/atmel/studio/7.0/toolchain/arm/arm-gnu-toolchain/bin/../lib/gcc/arm-none-eabi/6.3.1/thumb/v7e-m\libgcc.a(_arm_addsubdf3.o)
                              hpl/sercom/hpl_sercom.o (__aeabi_dsub)
c:/program files (x86)/atmel/studio/7.0/toolchain/arm/arm-gnu-toolchain/bin/../lib/gcc/arm-none-eabi/6.3.1/thumb/v7e-m\libgcc.a(_arm_muldivdf3.o)
                              grid/grid_hardwaretest.o (__aeabi_dmul)
c:/program files (x86)/atmel/studio/7.0/toolchain/arm/arm-gnu-toolchain/bin/../lib/gcc/arm-none-eabi/6.3.1/thumb/v7e-m\libgcc.a(_arm_fixunsdfsi.o)
                              grid/grid_hardwaretest.o (__aeabi_d2uiz)
c:/program files (x86)/atmel/studio/7.0/toolchain/arm/arm-gnu-toolchain/bin/../lib/gcc/arm-none-eabi/6.3.1/thumb/v7e-m\libgcc.a(_aeabi_uldivmod.o)
                              hpl/sercom/hpl_sercom.o (__aeabi_uldivmod)
c:/program files (x86)/atmel/studio/7.0/toolchain/arm/arm-gnu-toolchain/bin/../lib/gcc/arm-none-eabi/6.3.1/thumb/v7e-m\libgcc.a(_udivmoddi4.o)
                              c:/program files (x86)/atmel/studio/7.0/toolchain/arm/arm-gnu-toolchain/bin/../lib/gcc/arm-none-eabi/6.3.1/thumb/v7e-m\libgcc.a(_aeabi_uldivmod.o) (__udivmoddi4)
c:/program files (x86)/atmel/studio/7.0/toolchain/arm/arm-gnu-toolchain/bin/../lib/gcc/arm-none-eabi/6.3.1/thumb/v7e-m\libgcc.a(_dvmd_tls.o)
                              c:/program files (x86)/atmel/studio/7.0/toolchain/arm/arm-gnu-toolchain/bin/../lib/gcc/arm-none-eabi/6.3.1/thumb/v7e-m\libgcc.a(_aeabi_uldivmod.o) (__aeabi_ldiv0)
c:/program files (x86)/atmel/studio/7.0/toolchain/arm/arm-gnu-toolchain/bin/../lib/gcc/arm-none-eabi/6.3.1/../../../../arm-none-eabi/lib/thumb/v7e-m\libc_nano.a(lib_a-exit.o)
                              c:/program files (x86)/atmel/studio/7.0/toolchain/arm/arm-gnu-toolchain/bin/../lib/gcc/arm-none-eabi/6.3.1/../../../../arm-none-eabi/lib/thumb/v7e-m/crt0.o (exit)
c:/program files (x86)/atmel/studio/7.0/toolchain/arm/arm-gnu-toolchain/bin/../lib/gcc/arm-none-eabi/6.3.1/../../../../arm-none-eabi/lib/thumb/v7e-m\libc_nano.a(lib_a-impure.o)
                              c:/program files (x86)/atmel/studio/7.0/toolchain/arm/arm-gnu-toolchain/bin/../lib/gcc/arm-none-eabi/6.3.1/../../../../arm-none-eabi/lib/thumb/v7e-m\libc_nano.a(lib_a-exit.o) (_global_impure_ptr)
c:/program files (x86)/atmel/studio/7.0/toolchain/arm/arm-gnu-toolchain/bin/../lib/gcc/arm-none-eabi/6.3.1/../../../../arm-none-eabi/lib/thumb/v7e-m\libc_nano.a(lib_a-init.o)
                              c:/program files (x86)/atmel/studio/7.0/toolchain/arm/arm-gnu-toolchain/bin/../lib/gcc/arm-none-eabi/6.3.1/../../../../arm-none-eabi/lib/thumb/v7e-m/crt0.o (__libc_init_array)
c:/program files (x86)/atmel/studio/7.0/toolchain/arm/arm-gnu-toolchain/bin/../lib/gcc/arm-none-eabi/6.3.1/../../../../arm-none-eabi/lib/thumb/v7e-m\libc_nano.a(lib_a-malloc.o)
                              grid/grid_ain.o (malloc)
c:/program files (x86)/atmel/studio/7.0/toolchain/arm/arm-gnu-toolchain/bin/../lib/gcc/arm-none-eabi/6.3.1/../../../../arm-none-eabi/lib/thumb/v7e-m\libc_nano.a(lib_a-memcpy-stub.o)
                              hpl/nvmctrl/hpl_nvmctrl.o (memcpy)
c:/program files (x86)/atmel/studio/7.0/toolchain/arm/arm-gnu-toolchain/bin/../lib/gcc/arm-none-eabi/6.3.1/../../../../arm-none-eabi/lib/thumb/v7e-m\libc_nano.a(lib_a-memset.o)
                              c:/program files (x86)/atmel/studio/7.0/toolchain/arm/arm-gnu-toolchain/bin/../lib/gcc/arm-none-eabi/6.3.1/../../../../arm-none-eabi/lib/thumb/v7e-m/crt0.o (memset)
c:/program files (x86)/atmel/studio/7.0/toolchain/arm/arm-gnu-toolchain/bin/../lib/gcc/arm-none-eabi/6.3.1/../../../../arm-none-eabi/lib/thumb/v7e-m\libc_nano.a(lib_a-nano-freer.o)
                              c:/program files (x86)/atmel/studio/7.0/toolchain/arm/arm-gnu-toolchain/bin/../lib/gcc/arm-none-eabi/6.3.1/../../../../arm-none-eabi/lib/thumb/v7e-m\libc_nano.a(lib_a-malloc.o) (_free_r)
c:/program files (x86)/atmel/studio/7.0/toolchain/arm/arm-gnu-toolchain/bin/../lib/gcc/arm-none-eabi/6.3.1/../../../../arm-none-eabi/lib/thumb/v7e-m\libc_nano.a(lib_a-nano-mallocr.o)
                              c:/program files (x86)/atmel/studio/7.0/toolchain/arm/arm-gnu-toolchain/bin/../lib/gcc/arm-none-eabi/6.3.1/../../../../arm-none-eabi/lib/thumb/v7e-m\libc_nano.a(lib_a-malloc.o) (_malloc_r)
c:/program files (x86)/atmel/studio/7.0/toolchain/arm/arm-gnu-toolchain/bin/../lib/gcc/arm-none-eabi/6.3.1/../../../../arm-none-eabi/lib/thumb/v7e-m\libc_nano.a(lib_a-printf.o)
                              grid/grid_d51.o (printf)
c:/program files (x86)/atmel/studio/7.0/toolchain/arm/arm-gnu-toolchain/bin/../lib/gcc/arm-none-eabi/6.3.1/../../../../arm-none-eabi/lib/thumb/v7e-m\libc_nano.a(lib_a-puts.o)
                              grid/grid_unittest.o (puts)
[...]
Memory Configuration

Name             Origin             Length             Attributes
rom              0x00004000         0x0007a000         xr
ram              0x20000000         0x00040000         xrw
bkupram          0x47000000         0x00002000         xrw
qspi             0x04000000         0x01000000         xrw
*default*        0x00000000         0xffffffff

Linker script and memory map

LOAD c:/program files (x86)/atmel/studio/7.0/toolchain/arm/arm-gnu-toolchain/bin/../lib/gcc/arm-none-eabi/6.3.1/thumb/v7e-m/crti.o
LOAD c:/program files (x86)/atmel/studio/7.0/toolchain/arm/arm-gnu-toolchain/bin/../lib/gcc/arm-none-eabi/6.3.1/thumb/v7e-m/crtbegin.o
LOAD c:/program files (x86)/atmel/studio/7.0/toolchain/arm/arm-gnu-toolchain/bin/../lib/gcc/arm-none-eabi/6.3.1/../../../../arm-none-eabi/lib/thumb/v7e-m/crt0.o
LOAD atmel_start.o
LOAD Device_Startup/startup_samd51.o
LOAD Device_Startup/system_samd51.o
LOAD driver_init.o
LOAD examples/driver_examples.o
LOAD flash/n25q256a.o
LOAD flash/spi_nor_flash.o
LOAD grid/grid_d51.o
LOAD grid/grid_debug.o
LOAD grid/grid_hardwaretest.o
LOAD grid/grid_msg.o
LOAD grid/grid_nvm.o
LOAD grid/grid_unittest.o
LOAD grid/grid_ain.o
LOAD grid/grid_buf.o
LOAD grid/grid_led.o
LOAD grid/grid_module.o
LOAD grid/grid_module_bu16_revb.o
LOAD grid/grid_module_en16_reva.o
LOAD grid/grid_module_pbf4_reva.o
LOAD grid/grid_module_po16_revb.o
LOAD grid/grid_sys.o
LOAD grid/grid_ui.o
LOAD grid/grid_usb.o
LOAD hal/src/hal_adc_async.o
LOAD hal/src/hal_atomic.o
LOAD hal/src/hal_cache.o
LOAD hal/src/hal_crc_sync.o
LOAD hal/src/hal_delay.o
LOAD hal/src/hal_evsys.o
LOAD hal/src/hal_flash.o
LOAD hal/src/hal_gpio.o
LOAD hal/src/hal_i2c_m_async.o
LOAD hal/src/hal_init.o
LOAD hal/src/hal_io.o
LOAD hal/src/hal_qspi_dma.o
LOAD hal/src/hal_sleep.o
LOAD hal/src/hal_spi_m_async.o
LOAD hal/src/hal_spi_m_dma.o
LOAD hal/src/hal_timer.o
LOAD hal/src/hal_usart_async.o
LOAD hal/src/hal_usart_sync.o
LOAD hal/src/hal_usb_device.o
LOAD hal/src/hal_wdt.o
LOAD hal/utils/src/utils_assert.o
LOAD hal/utils/src/utils_event.o
LOAD hal/utils/src/utils_list.o
LOAD hal/utils/src/utils_ringbuffer.o
LOAD hal/utils/src/utils_syscalls.o
LOAD hpl/adc/hpl_adc.o
LOAD hpl/cmcc/hpl_cmcc.o
LOAD hpl/core/hpl_core_m4.o
LOAD hpl/core/hpl_init.o
LOAD hpl/dmac/hpl_dmac.o
LOAD hpl/dsu/hpl_dsu.o
LOAD hpl/evsys/hpl_evsys.o
LOAD hpl/gclk/hpl_gclk.o
LOAD hpl/mclk/hpl_mclk.o
LOAD hpl/nvmctrl/hpl_nvmctrl.o
LOAD hpl/osc32kctrl/hpl_osc32kctrl.o
LOAD hpl/oscctrl/hpl_oscctrl.o
LOAD hpl/pac/hpl_pac.o
LOAD hpl/pm/hpl_pm.o
LOAD hpl/qspi/hpl_qspi.o
LOAD hpl/ramecc/hpl_ramecc.o
LOAD hpl/rtc/hpl_rtc.o
LOAD hpl/sercom/hpl_sercom.o
LOAD hpl/systick/hpl_systick.o
LOAD hpl/tc/hpl_tc.o
LOAD hpl/usb/hpl_usb.o
LOAD hpl/wdt/hpl_wdt.o
LOAD main.o
LOAD stdio_redirect/gcc/read.o
LOAD stdio_redirect/gcc/write.o
LOAD stdio_redirect/stdio_io.o
LOAD stdio_start.o
LOAD usb/class/cdc/device/cdcdf_acm.o
LOAD usb/class/hid/device/hiddf_generic.o
LOAD usb/class/hid/device/hiddf_keyboard.o
LOAD usb/class/hid/device/hiddf_mouse.o
LOAD usb/class/midi/device/audiodf_midi.o
LOAD usb/class/midi/usb_protocol_midi.o
LOAD usb/class/msc/device/mscdf.o
LOAD usb/device/usbdc.o
LOAD usb/usb_protocol.o
LOAD usb_start.o
START GROUP
LOAD c:/program files (x86)/atmel/studio/7.0/toolchain/arm/arm-gnu-toolchain/bin/../lib/gcc/arm-none-eabi/6.3.1/../../../../arm-none-eabi/lib/thumb/v7e-m\libm.a
END GROUP
START GROUP
LOAD c:/program files (x86)/atmel/studio/7.0/toolchain/arm/arm-gnu-toolchain/bin/../lib/gcc/arm-none-eabi/6.3.1/thumb/v7e-m\libgcc.a
LOAD c:/program files (x86)/atmel/studio/7.0/toolchain/arm/arm-gnu-toolchain/bin/../lib/gcc/arm-none-eabi/6.3.1/../../../../arm-none-eabi/lib/thumb/v7e-m\libc_nano.a
END GROUP
START GROUP
LOAD c:/program files (x86)/atmel/studio/7.0/toolchain/arm/arm-gnu-toolchain/bin/../lib/gcc/arm-none-eabi/6.3.1/thumb/v7e-m\libgcc.a
LOAD c:/program files (x86)/atmel/studio/7.0/toolchain/arm/arm-gnu-toolchain/bin/../lib/gcc/arm-none-eabi/6.3.1/../../../../arm-none-eabi/lib/thumb/v7e-m\libc_nano.a
END GROUP
LOAD c:/program files (x86)/atmel/studio/7.0/toolchain/arm/arm-gnu-toolchain/bin/../lib/gcc/arm-none-eabi/6.3.1/thumb/v7e-m/crtend.o
LOAD c:/program files (x86)/atmel/studio/7.0/toolchain/arm/arm-gnu-toolchain/bin/../lib/gcc/arm-none-eabi/6.3.1/thumb/v7e-m/crtn.o
                0x00010000                STACK_SIZE = DEFINED (STACK_SIZE)?STACK_SIZE:DEFINED (__stack_size__)?__stack_size__:0x10000

.text           0x00004000     0xd6a8
                0x00004000                . = ALIGN (0x4)
                0x00004000                _sfixed = .
 *(.vectors .vectors.*)
 .vectors       0x00004000      0x264 Device_Startup/startup_samd51.o
                0x00004000                exception_table
 *(.text .text.* .gnu.linkonce.t.*)
 .text          0x00004264       0x6c c:/program files (x86)/atmel/studio/7.0/toolchain/arm/arm-gnu-toolchain/bin/../lib/gcc/arm-none-eabi/6.3.1/thumb/v7e-m/crtbegin.o
 .text.atmel_start_init
                0x000042d0       0x20 atmel_start.o
                0x000042d0                atmel_start_init
 .text.Dummy_Handler
                0x000042f0        0x2 Device_Startup/startup_samd51.o
                0x000042f0                EIC_5_Handler
                0x000042f0                SVCall_Handler
                0x000042f0                EIC_13_Handler
                0x000042f0                EVSYS_0_Handler
                0x000042f0                TCC1_3_Handler
                0x000042f0                DAC_3_Handler
                0x000042f0                TRNG_Handler
                0x000042f0                HardFault_Handler
                0x000042f0                PDEC_2_Handler
                0x000042f0                EIC_4_Handler
                0x000042f0                AC_Handler
                0x000042f0                SysTick_Handler
                0x000042f0                TCC2_3_Handler
                0x000042f0                PendSV_Handler
                0x000042f0                TC7_Handler
                0x000042f0                EVSYS_3_Handler
                0x000042f0                PDEC_0_Handler
                0x000042f0                QSPI_Handler
                0x000042f0                NonMaskableInt_Handler
                0x000042f0                TCC0_0_Handler
                0x000042f0                EIC_3_Handler
                0x000042f0                MemManagement_Handler
                0x000042f0                DAC_2_Handler
                0x000042f0                UsageFault_Handler
                0x000042f0                EIC_10_Handler
                0x000042f0                EIC_11_Handler
                0x000042f0                EIC_9_Handler
                0x000042f0                OSC32KCTRL_Handler
                0x000042f0                TCC2_1_Handler
                0x000042f0                SUPC_1_Handler
                0x000042f0                TCC0_5_Handler
                0x000042f0                TCC0_6_Handler
                0x000042f0                EVSYS_1_Handler
                0x000042f0                TCC1_4_Handler
                0x000042f0                TC6_Handler
                0x000042f0                WDT_Handler
                0x000042f0                EIC_8_Handler
                0x000042f0                EIC_15_Handler
                0x000042f0                TC4_Handler
                0x000042f0                OSCCTRL_4_Handler
                0x000042f0                EIC_12_Handler
                0x000042f0                TCC4_2_Handler
                0x000042f0                PAC_Handler
                0x000042f0                TCC1_0_Handler
                0x000042f0                OSCCTRL_0_Handler
                0x000042f0                EIC_0_Handler
                0x000042f0                OSCCTRL_3_Handler
                0x000042f0                Dummy_Handler
                0x000042f0                TCC3_0_Handler
                0x000042f0                TCC2_2_Handler
                0x000042f0                TCC1_1_Handler
                0x000042f0                OSCCTRL_2_Handler
                0x000042f0                TCC1_2_Handler
                0x000042f0                SERCOM7_1_Handler
                0x000042f0                PM_Handler
                0x000042f0                SERCOM2_3_Handler
                0x000042f0                DAC_4_Handler
                0x000042f0                TCC3_2_Handler
                0x000042f0                SERCOM7_0_Handler
                0x000042f0                TCC0_2_Handler
                0x000042f0                TCC4_0_Handler
                0x000042f0                SERCOM7_3_Handler
                0x000042f0                SDHC1_Handler
                0x000042f0                SERCOM7_2_Handler
                0x000042f0                TCC2_0_Handler
                0x000042f0                PDEC_1_Handler
                0x000042f0                TCC4_1_Handler
                0x000042f0                SDHC0_Handler
                0x000042f0                I2S_Handler
                0x000042f0                EIC_2_Handler
                0x000042f0                PCC_Handler
                0x000042f0                DAC_0_Handler
                0x000042f0                TCC0_1_Handler
                0x000042f0                EIC_6_Handler
                0x000042f0                OSCCTRL_1_Handler
                0x000042f0                PUKCC_Handler
                0x000042f0                SERCOM2_1_Handler
                0x000042f0                EIC_1_Handler
                0x000042f0                EVSYS_4_Handler
                0x000042f0                EIC_7_Handler
                0x000042f0                SERCOM2_2_Handler
                0x000042f0                TCC3_1_Handler
                0x000042f0                EIC_14_Handler
                0x000042f0                DAC_1_Handler
                0x000042f0                MCLK_Handler
                0x000042f0                EVSYS_2_Handler
                0x000042f0                SUPC_0_Handler
                0x000042f0                BusFault_Handler
                0x000042f0                FREQM_Handler
                0x000042f0                TCC0_3_Handler
                0x000042f0                DebugMonitor_Handler
                0x000042f0                TCC0_4_Handler
                0x000042f0                TC5_Handler
                0x000042f0                SERCOM2_0_Handler
                0x000042f0                AES_Handler
                0x000042f0                ICM_Handler
 *fill*         0x000042f2        0x2 
 .text.Reset_Handler
                0x000042f4       0x78 Device_Startup/startup_samd51.o
                0x000042f4                Reset_Handler
 .text._gpio_set_pin_function
                0x0000436c       0x68 driver_init.o
 .text.gpio_set_pin_direction
                0x000043d4       0x68 driver_init.o
 .text.ADC_0_init
                0x0000443c       0x80 driver_init.o
                0x0000443c                ADC_0_init
 .text.ADC_1_init
                0x000044bc       0x84 driver_init.o
                0x000044bc                ADC_1_init
 .text.CRC_0_init
                0x00004540       0x24 driver_init.o
                0x00004540                CRC_0_init
 .text.EVENT_SYSTEM_0_init
                0x00004564       0x30 driver_init.o
                0x00004564                EVENT_SYSTEM_0_init
 .text.FLASH_0_CLOCK_init
                0x00004594       0x10 driver_init.o
                0x00004594                FLASH_0_CLOCK_init
 .text.FLASH_0_init
                0x000045a4       0x24 driver_init.o
                0x000045a4                FLASH_0_init
 .text.QSPI_INSTANCE_PORT_init
                0x000045c8       0xdc driver_init.o
                0x000045c8                QSPI_INSTANCE_PORT_init
 .text.QSPI_INSTANCE_CLOCK_init
                0x000046a4       0x20 driver_init.o
                0x000046a4                QSPI_INSTANCE_CLOCK_init
 .text.QSPI_INSTANCE_init
                0x000046c4       0x2c driver_init.o
                0x000046c4                QSPI_INSTANCE_init
 .text.USART_EAST_CLOCK_init
                0x000046f0       0x24 driver_init.o
                0x000046f0                USART_EAST_CLOCK_init
 .text.USART_EAST_PORT_init
                0x00004714       0x24 driver_init.o
                0x00004714                USART_EAST_PORT_init
 .text.USART_EAST_init
                0x00004738       0x38 driver_init.o
                0x00004738                USART_EAST_init
 .text.USART_NORTH_CLOCK_init
                0x00004770       0x24 driver_init.o
                0x00004770                USART_NORTH_CLOCK_init
 .text.USART_NORTH_PORT_init
                0x00004794       0x24 driver_init.o
                0x00004794                USART_NORTH_PORT_init
 .text.USART_NORTH_init
                0x000047b8       0x38 driver_init.o
                0x000047b8                USART_NORTH_init
 .text.GRID_AUX_PORT_init
                0x000047f0       0x24 driver_init.o
                0x000047f0                GRID_AUX_PORT_init
 .text.GRID_AUX_CLOCK_init
                0x00004814       0x24 driver_init.o
                0x00004814                GRID_AUX_CLOCK_init
 .text.GRID_AUX_init
                0x00004838       0x2c driver_init.o
                0x00004838                GRID_AUX_init
 .text.UI_SPI_PORT_init
                0x00004864       0x68 driver_init.o
                0x00004864                UI_SPI_PORT_init
 .text.UI_SPI_CLOCK_init
                0x000048cc       0x24 driver_init.o
                0x000048cc                UI_SPI_CLOCK_init
 .text.UI_SPI_init
                0x000048f0       0x2c driver_init.o
                0x000048f0                UI_SPI_init
 .text.USART_WEST_CLOCK_init
                0x0000491c       0x24 driver_init.o
                0x0000491c                USART_WEST_CLOCK_init
 .text.USART_WEST_PORT_init
                0x00004940       0x24 driver_init.o
                0x00004940                USART_WEST_PORT_init
 .text.USART_WEST_init
                0x00004964       0x38 driver_init.o
                0x00004964                USART_WEST_init
 .text.SYS_I2C_PORT_init
                0x0000499c       0x40 driver_init.o
                0x0000499c                SYS_I2C_PORT_init
 .text.SYS_I2C_CLOCK_init
                0x000049dc       0x24 driver_init.o
                0x000049dc                SYS_I2C_CLOCK_init
 .text.SYS_I2C_init
                0x00004a00       0x2c driver_init.o
                0x00004a00                SYS_I2C_init
 .text.USART_SOUTH_CLOCK_init
                0x00004a2c       0x24 driver_init.o
                0x00004a2c                USART_SOUTH_CLOCK_init
 .text.USART_SOUTH_PORT_init
                0x00004a50       0x24 driver_init.o
                0x00004a50                USART_SOUTH_PORT_init
 .text.USART_SOUTH_init
                0x00004a74       0x38 driver_init.o
                0x00004a74                USART_SOUTH_init
 .text.GRID_LED_PORT_init
                0x00004aac       0x68 driver_init.o
                0x00004aac                GRID_LED_PORT_init
 .text.GRID_LED_CLOCK_init
                0x00004b14       0x24 driver_init.o
                0x00004b14                GRID_LED_CLOCK_init
 .text.GRID_LED_init
                0x00004b38       0x2c driver_init.o
                0x00004b38                GRID_LED_init
 .text.delay_driver_init
                0x00004b64       0x10 driver_init.o
                0x00004b64                delay_driver_init
 .text.USB_DEVICE_INSTANCE_PORT_init
                0x00004b74       0x60 driver_init.o
                0x00004b74                USB_DEVICE_INSTANCE_PORT_init
 .text.USB_DEVICE_INSTANCE_CLOCK_init
                0x00004bd4       0x24 driver_init.o
                0x00004bd4                USB_DEVICE_INSTANCE_CLOCK_init
 .text.USB_DEVICE_INSTANCE_init
                0x00004bf8       0x20 driver_init.o
                0x00004bf8                USB_DEVICE_INSTANCE_init
 .text.WDT_0_CLOCK_init
                0x00004c18       0x10 driver_init.o
                0x00004c18                WDT_0_CLOCK_init
 .text.WDT_0_init
                0x00004c28       0x24 driver_init.o
                0x00004c28                WDT_0_init
 .text.system_init
                0x00004c4c      0x2a8 driver_init.o
                0x00004c4c                system_init
 .text.grid_d51_bitmap_write_bit
                0x00004ef4       0x3a grid/grid_d51.o
                0x00004ef4                grid_d51_bitmap_write_bit
 *fill*         0x00004f2e        0x2 
 .text.grid_d51_verify_user_row
                0x00004f30      0x198 grid/grid_d51.o
                0x00004f30                grid_d51_verify_user_row
 .text.grid_d51_init
                0x000050c8       0x4c grid/grid_d51.o
                0x000050c8                grid_d51_init
 .text.grid_msg_header_set_len
                0x00005114       0x20 grid/grid_msg.o
                0x00005114                grid_msg_header_set_len
 .text.grid_msg_header_set_id
                0x00005134       0x20 grid/grid_msg.o
                0x00005134                grid_msg_header_set_id
 .text.grid_msg_header_set_dx
                0x00005154       0x20 grid/grid_msg.o
                0x00005154                grid_msg_header_set_dx
 .text.grid_msg_header_get_dx
                0x00005174       0x1c grid/grid_msg.o
                0x00005174                grid_msg_header_get_dx
 .text.grid_msg_header_set_dy
                0x00005190       0x20 grid/grid_msg.o
                0x00005190                grid_msg_header_set_dy
 .text.grid_msg_header_get_dy
                0x000051b0       0x1c grid/grid_msg.o
                0x000051b0                grid_msg_header_get_dy
 .text.grid_msg_header_set_rot
                0x000051cc       0x20 grid/grid_msg.o
                0x000051cc                grid_msg_header_set_rot
 .text.grid_msg_header_set_age
                0x000051ec       0x20 grid/grid_msg.o
                0x000051ec                grid_msg_header_set_age
 .text.grid_msg_packet_get_length
                0x0000520c       0x12 grid/grid_msg.o
                0x0000520c                grid_msg_packet_get_length
 .text.grid_msg_body_append_text
                0x0000521e       0x20 grid/grid_msg.o
                0x0000521e                grid_msg_body_append_text
 *fill*         0x0000523e        0x2 
 .text.grid_msg_text_get_parameter
                0x00005240       0x18 grid/grid_msg.o
                0x00005240                grid_msg_text_get_parameter
 .text.grid_msg_init
                0x00005258       0x44 grid/grid_msg.o
                0x00005258                grid_msg_init
 .text.grid_msg_init_header
                0x0000529c       0x6c grid/grid_msg.o
                0x0000529c                grid_msg_init_header
 .text.grid_msg_packet_receive_char
                0x00005308       0x4e grid/grid_msg.o
                0x00005308                grid_msg_packet_receive_char
 .text.grid_msg_packet_send_char
                0x00005356       0x3a grid/grid_msg.o
                0x00005356                grid_msg_packet_send_char
 .text.grid_msg_packet_close
                0x00005390       0xd4 grid/grid_msg.o
                0x00005390                grid_msg_packet_close
 .text.grid_nvm_clear_read_buffer
                0x00005464       0x26 grid/grid_nvm.o
                0x00005464                grid_nvm_clear_read_buffer
 .text.grid_nvm_clear_write_buffer
                0x0000548a       0x26 grid/grid_nvm.o
                0x0000548a                grid_nvm_clear_write_buffer
 .text.grid_nvm_init
                0x000054b0       0x2c grid/grid_nvm.o
                0x000054b0                grid_nvm_init
 .text.grid_ain_channel_init
                0x000054dc       0x34 grid/grid_ain.o
                0x000054dc                grid_ain_channel_init
 .text.grid_ain_init
                0x00005510       0x44 grid/grid_ain.o
                0x00005510                grid_ain_init
 .text.grid_ain_add_sample
                0x00005554       0xd0 grid/grid_ain.o
                0x00005554                grid_ain_add_sample
 .text.grid_ain_get_changed
                0x00005624       0x10 grid/grid_ain.o
                0x00005624                grid_ain_get_changed
 .text.grid_ain_get_average
                0x00005634       0x28 grid/grid_ain.o
                0x00005634                grid_ain_get_average
 .text.grid_port_reset_receiver
                0x0000565c       0x90 grid/grid_buf.o
                0x0000565c                grid_port_reset_receiver
 .text.grid_port_receive_task
                0x000056ec      0x118 grid/grid_buf.o
                0x000056ec                grid_port_receive_task
 .text.grid_buffer_init
                0x00005804       0x44 grid/grid_buf.o
                0x00005804                grid_buffer_init
 .text.grid_buffer_write_size
                0x00005848       0x14 grid/grid_buf.o
                0x00005848                grid_buffer_write_size
 .text.grid_buffer_write_init
                0x0000585c       0x2c grid/grid_buf.o
                0x0000585c                grid_buffer_write_init
 .text.grid_buffer_write_character
                0x00005888       0x1c grid/grid_buf.o
                0x00005888                grid_buffer_write_character
 .text.grid_buffer_write_acknowledge
                0x000058a4       0x10 grid/grid_buf.o
                0x000058a4                grid_buffer_write_acknowledge
 .text.grid_port_receive_decode
                0x000058b4      0x524 grid/grid_buf.o
                0x000058b4                grid_port_receive_decode
 .text.grid_port_receive_complete_task
                0x00005dd8       0x74 grid/grid_buf.o
                0x00005dd8                grid_port_receive_complete_task
 .text.grid_buffer_read_size
                0x00005e4c       0x4c grid/grid_buf.o
                0x00005e4c                grid_buffer_read_size
 .text.grid_buffer_read_init
                0x00005e98       0x5c grid/grid_buf.o
                0x00005e98                grid_buffer_read_init
 .text.grid_buffer_read_character
                0x00005ef4       0x24 grid/grid_buf.o
                0x00005ef4                grid_buffer_read_character
 .text.grid_buffer_read_acknowledge
                0x00005f18       0x10 grid/grid_buf.o
                0x00005f18                grid_buffer_read_acknowledge
 .text.grid_port_init
                0x00005f28      0x158 grid/grid_buf.o
                0x00005f28                grid_port_init
 .text.grid_port_init_all
                0x00006080       0xd4 grid/grid_buf.o
                0x00006080                grid_port_init_all
 .text.grid_port_process_inbound
                0x00006154      0x1ac grid/grid_buf.o
                0x00006154                grid_port_process_inbound
 .text.grid_port_process_outbound_usb
                0x00006300      0x1ec grid/grid_buf.o
                0x00006300                grid_port_process_outbound_usb
 .text.grid_port_process_outbound_ui
                0x000064ec      0x424 grid/grid_buf.o
                0x000064ec                grid_port_process_outbound_ui
 .text.grid_port_process_outbound_usart
                0x00006910       0x6c grid/grid_buf.o
                0x00006910                grid_port_process_outbound_usart
 .text.grid_led_lowlevel_hardware_transfer_complete_cb
                0x0000697c        0xc grid/grid_led.o
                0x0000697c                grid_led_lowlevel_hardware_transfer_complete_cb
 .text.grid_led_lowlevel_set_color
                0x00006988       0x4c grid/grid_led.o
                0x00006988                grid_led_lowlevel_set_color
 .text.grid_led_hardware_init
                0x000069d4       0x2c grid/grid_led.o
                0x000069d4                grid_led_hardware_init
 .text.grid_led_get_led_number
                0x00006a00        0x4 grid/grid_led.o
                0x00006a00                grid_led_get_led_number
 .text.grid_led_tick
                0x00006a04       0x34 grid/grid_led.o
                0x00006a04                grid_led_tick
 .text.grid_led_set_min
                0x00006a38       0x20 grid/grid_led.o
                0x00006a38                grid_led_set_min
 .text.grid_led_set_mid
                0x00006a58       0x20 grid/grid_led.o
                0x00006a58                grid_led_set_mid
 .text.grid_led_set_max
                0x00006a78       0x20 grid/grid_led.o
                0x00006a78                grid_led_set_max
 .text.grid_led_set_color
                0x00006a98       0x6c grid/grid_led.o
                0x00006a98                grid_led_set_color
 .text.grid_led_set_phase
                0x00006b04       0x14 grid/grid_led.o
                0x00006b04                grid_led_set_phase
 .text.grid_led_set_frequency
                0x00006b18       0x14 grid/grid_led.o
                0x00006b18                grid_led_set_frequency
 .text.grid_led_buffer_init
                0x00006b2c      0x16c grid/grid_led.o
                0x00006b2c                grid_led_buffer_init
 .text.grid_led_lowlevel_init
                0x00006c98       0xb0 grid/grid_led.o
                0x00006c98                grid_led_lowlevel_init
 .text.grid_led_lowlevel_render
                0x00006d48       0xb0 grid/grid_led.o
                0x00006d48                grid_led_lowlevel_render
 .text.grid_led_lowlevel_render_all
                0x00006df8       0x20 grid/grid_led.o
                0x00006df8                grid_led_lowlevel_render_all
 .text.grid_led_lowlevel_hardware_start_transfer
                0x00006e18       0x30 grid/grid_led.o
                0x00006e18                grid_led_lowlevel_hardware_start_transfer
 .text.grid_module_common_init
                0x00006e48      0x23c grid/grid_module.o
                0x00006e48                grid_module_common_init
 .text.grid_module_bu16_revb_hardware_start_transfer
                0x00007084       0x20 grid/grid_module_bu16_revb.o
                0x00007084                grid_module_bu16_revb_hardware_start_transfer
 .text.grid_module_bu16_revb_hardware_transfer_complete_cb
                0x000070a4      0x23c grid/grid_module_bu16_revb.o
 .text.grid_module_bu16_revb_hardware_init
                0x000072e0       0x48 grid/grid_module_bu16_revb.o
                0x000072e0                grid_module_bu16_revb_hardware_init
 .text.grid_module_bu16_revb_init
                0x00007328       0xe0 grid/grid_module_bu16_revb.o
                0x00007328                grid_module_bu16_revb_init
 .text.grid_module_en16_reva_hardware_start_transfer
                0x00007408       0x3c grid/grid_module_en16_reva.o
                0x00007408                grid_module_en16_reva_hardware_start_transfer
 *fill*         0x00007444        0x4 
 .text.grid_module_en16_reva_hardware_transfer_complete_cb
                0x00007448      0x37c grid/grid_module_en16_reva.o
                0x00007448                grid_module_en16_reva_hardware_transfer_complete_cb
 .text.grid_module_en16_reva_hardware_init
                0x000077c4       0x68 grid/grid_module_en16_reva.o
                0x000077c4                grid_module_en16_reva_hardware_init
 .text.grid_module_en16_reva_init
                0x0000782c      0x124 grid/grid_module_en16_reva.o
                0x0000782c                grid_module_en16_reva_init
 .text.grid_module_pbf4_reva_hardware_start_transfer
                0x00007950       0x20 grid/grid_module_pbf4_reva.o
                0x00007950                grid_module_pbf4_reva_hardware_start_transfer
 .text.grid_module_pbf4_reva_hardware_transfer_complete_cb
                0x00007970      0x398 grid/grid_module_pbf4_reva.o
                0x00007970                grid_module_pbf4_reva_hardware_transfer_complete_cb
 .text.grid_module_pbf4_reva_hardware_init
                0x00007d08       0x48 grid/grid_module_pbf4_reva.o
                0x00007d08                grid_module_pbf4_reva_hardware_init
 .text.grid_module_pbf4_reva_init
                0x00007d50      0x120 grid/grid_module_pbf4_reva.o
                0x00007d50                grid_module_pbf4_reva_init
 .text.grid_module_po16_revb_hardware_start_transfer
                0x00007e70       0x20 grid/grid_module_po16_revb.o
                0x00007e70                grid_module_po16_revb_hardware_start_transfer
 .text.grid_module_po16_revb_hardware_transfer_complete_cb
                0x00007e90      0x278 grid/grid_module_po16_revb.o
 .text.grid_module_po16_revb_hardware_init
                0x00008108       0x48 grid/grid_module_po16_revb.o
                0x00008108                grid_module_po16_revb_hardware_init
 .text.grid_module_po16_revb_init
                0x00008150       0xcc grid/grid_module_po16_revb.o
                0x00008150                grid_module_po16_revb_init
 .text.gpio_set_pin_pull_mode.constprop.3
                0x0000821c       0x28 grid/grid_sys.o
 .text.grid_task_enter_task
                0x00008244        0x8 grid/grid_sys.o
                0x00008244                grid_task_enter_task
 .text.grid_task_timer_tick
                0x0000824c        0xe grid/grid_sys.o
                0x0000824c                grid_task_timer_tick
 .text.grid_task_timer_reset
                0x0000825a       0x10 grid/grid_sys.o
                0x0000825a                grid_task_timer_reset
 .text.grid_task_timer_read
                0x0000826a        0x8 grid/grid_sys.o
                0x0000826a                grid_task_timer_read
 *fill*         0x00008272        0x2 
 .text.grid_sys_load_bank_settings
                0x00008274       0x78 grid/grid_sys.o
                0x00008274                grid_sys_load_bank_settings
 .text.grid_sys_clear_bank_settings
                0x000082ec       0x18 grid/grid_sys.o
                0x000082ec                grid_sys_clear_bank_settings
 .text.grid_debug_print_text
                0x00008304      0x130 grid/grid_sys.o
                0x00008304                grid_debug_print_text
 .text.tx_cb_USART_GRID
                0x00008434       0x1a grid/grid_sys.o
                0x00008434                tx_cb_USART_GRID
 *fill*         0x0000844e        0x2 
 .text.tx_cb_USART_GRID_W
                0x00008450       0x10 grid/grid_sys.o
 .text.tx_cb_USART_GRID_S
                0x00008460       0x10 grid/grid_sys.o
 .text.tx_cb_USART_GRID_E
                0x00008470       0x10 grid/grid_sys.o
 .text.tx_cb_USART_GRID_N
                0x00008480       0x10 grid/grid_sys.o
 .text.err_cb_USART_GRID
                0x00008490       0x10 grid/grid_sys.o
                0x00008490                err_cb_USART_GRID
 .text.err_cb_USART_GRID_W
                0x000084a0       0x10 grid/grid_sys.o
 .text.err_cb_USART_GRID_S
                0x000084b0       0x10 grid/grid_sys.o
 .text.err_cb_USART_GRID_E
                0x000084c0       0x10 grid/grid_sys.o
 .text.err_cb_USART_GRID_N
                0x000084d0       0x10 grid/grid_sys.o
 .text.grid_sys_port_reset_dma
                0x000084e0       0x20 grid/grid_sys.o
                0x000084e0                grid_sys_port_reset_dma
 .text.dma_transfer_complete_n_cb
                0x00008500       0x10 grid/grid_sys.o
                0x00008500                dma_transfer_complete_n_cb
 .text.dma_transfer_complete_e_cb
                0x00008510       0x10 grid/grid_sys.o
                0x00008510                dma_transfer_complete_e_cb
 .text.dma_transfer_complete_s_cb
                0x00008520       0x10 grid/grid_sys.o
                0x00008520                dma_transfer_complete_s_cb
 .text.dma_transfer_complete_w_cb
                0x00008530       0x10 grid/grid_sys.o
                0x00008530                dma_transfer_complete_w_cb
 .text.grid_sys_uart_init
                0x00008540      0x104 grid/grid_sys.o
                0x00008540                grid_sys_uart_init
 .text.grid_sys_dma_rx_init_one
                0x00008644       0x64 grid/grid_sys.o
                0x00008644                grid_sys_dma_rx_init_one
 .text.grid_sys_dma_rx_init
                0x000086a8       0x6c grid/grid_sys.o
                0x000086a8                grid_sys_dma_rx_init
 .text.grid_sys_init
                0x00008714       0x68 grid/grid_sys.o
                0x00008714                grid_sys_init
 .text.grid_sys_bank_enable
                0x0000877c       0x10 grid/grid_sys.o
                0x0000877c                grid_sys_bank_enable
 .text.grid_sys_bank_disable
                0x0000878c       0x12 grid/grid_sys.o
                0x0000878c                grid_sys_bank_disable
 .text.grid_sys_bank_set_color
                0x0000879e       0x16 grid/grid_sys.o
                0x0000879e                grid_sys_bank_set_color
 .text.grid_sys_get_bank_num
                0x000087b4        0x4 grid/grid_sys.o
                0x000087b4                grid_sys_get_bank_num
 .text.grid_sys_get_bank_red
                0x000087b8        0x4 grid/grid_sys.o
                0x000087b8                grid_sys_get_bank_red
 .text.grid_sys_get_bank_gre
                0x000087bc        0x4 grid/grid_sys.o
                0x000087bc                grid_sys_get_bank_gre
 .text.grid_sys_get_bank_blu
                0x000087c0        0x4 grid/grid_sys.o
                0x000087c0                grid_sys_get_bank_blu
 .text.grid_sys_get_bank_next
                0x000087c4       0x24 grid/grid_sys.o
                0x000087c4                grid_sys_get_bank_next
 .text.grid_sys_set_bank
                0x000087e8       0x2e grid/grid_sys.o
                0x000087e8                grid_sys_set_bank
 .text.grid_sys_rtc_get_time
                0x00008816        0x4 grid/grid_sys.o
                0x00008816                grid_sys_rtc_get_time
 .text.grid_sys_rtc_get_elapsed_time
                0x0000881a        0x6 grid/grid_sys.o
                0x0000881a                grid_sys_rtc_get_elapsed_time
 .text.grid_sys_rtc_tick_time
                0x00008820        0x8 grid/grid_sys.o
                0x00008820                grid_sys_rtc_tick_time
 .text.grid_sys_alert_read_color_changed_flag
                0x00008828        0x4 grid/grid_sys.o
                0x00008828                grid_sys_alert_read_color_changed_flag
 .text.grid_sys_alert_clear_color_changed_flag
                0x0000882c        0x6 grid/grid_sys.o
                0x0000882c                grid_sys_alert_clear_color_changed_flag
 .text.grid_sys_alert_get_color_intensity
                0x00008832       0x42 grid/grid_sys.o
                0x00008832                grid_sys_alert_get_color_intensity
 .text.grid_sys_alert_set_alert
                0x00008874       0x1a grid/grid_sys.o
                0x00008874                grid_sys_alert_set_alert
 .text.grid_sys_alert_get_color_r
                0x0000888e        0x4 grid/grid_sys.o
                0x0000888e                grid_sys_alert_get_color_r
 .text.grid_sys_alert_get_color_g
                0x00008892        0x4 grid/grid_sys.o
                0x00008892                grid_sys_alert_get_color_g
 .text.grid_sys_alert_get_color_b
                0x00008896        0x4 grid/grid_sys.o
                0x00008896                grid_sys_alert_get_color_b
 .text.grid_sys_read_hex_char_value
                0x0000889a       0x28 grid/grid_sys.o
                0x0000889a                grid_sys_read_hex_char_value
 *fill*         0x000088c2        0x2 
 .text.grid_sys_read_hex_string_value
                0x000088c4       0x30 grid/grid_sys.o
                0x000088c4                grid_sys_read_hex_string_value
 .text.grid_sys_write_hex_string_value
                0x000088f4       0x34 grid/grid_sys.o
                0x000088f4                grid_sys_write_hex_string_value
 .text.grid_sys_get_hwcfg
                0x00008928       0xe4 grid/grid_sys.o
                0x00008928                grid_sys_get_hwcfg
 .text.grid_msg_calculate_checksum_of_packet_string
                0x00008a0c       0x1a grid/grid_sys.o
                0x00008a0c                grid_msg_calculate_checksum_of_packet_string
 *fill*         0x00008a26        0x2 
 .text.grid_msg_checksum_read
                0x00008a28       0x1c grid/grid_sys.o
                0x00008a28                grid_msg_checksum_read
 .text.grid_msg_checksum_write
                0x00008a44       0x10 grid/grid_sys.o
                0x00008a44                grid_msg_checksum_write
 .text.grid_sys_store_bank_settings
                0x00008a54      0x190 grid/grid_sys.o
                0x00008a54                grid_sys_store_bank_settings
 .text.grid_msg_get_parameter
                0x00008be4       0x18 grid/grid_sys.o
                0x00008be4                grid_msg_get_parameter
 .text.grid_msg_set_parameter
                0x00008bfc       0x14 grid/grid_sys.o
                0x00008bfc                grid_msg_set_parameter
 .text.grid_msg_find_recent
                0x00008c10       0x1a grid/grid_sys.o
                0x00008c10                grid_msg_find_recent
 .text.grid_msg_push_recent
                0x00008c2a       0x16 grid/grid_sys.o
                0x00008c2a                grid_msg_push_recent
 .text.grid_ui_model_init
                0x00008c40       0x38 grid/grid_ui.o
                0x00008c40                grid_ui_model_init
 .text.grid_ui_event_init
                0x00008c78       0x44 grid/grid_ui.o
                0x00008c78                grid_ui_event_init
 .text.grid_ui_element_init
                0x00008cbc       0xe4 grid/grid_ui.o
                0x00008cbc                grid_ui_element_init
 .text.grid_ui_event_register_action
                0x00008da0       0xd6 grid/grid_ui.o
                0x00008da0                grid_ui_event_register_action
 .text.grid_ui_event_find
                0x00008e76       0x28 grid/grid_ui.o
                0x00008e76                grid_ui_event_find
 .text.grid_ui_event_trigger
                0x00008e9e        0x6 grid/grid_ui.o
                0x00008e9e                grid_ui_event_trigger
 .text.grid_ui_event_render_action
                0x00008ea4       0x1a grid/grid_ui.o
                0x00008ea4                grid_ui_event_render_action
 *fill*         0x00008ebe        0x2 
 .text.grid_port_process_ui
                0x00008ec0      0x4d4 grid/grid_ui.o
                0x00008ec0                grid_port_process_ui
 .text.grid_ui_event_template_action
                0x00009394      0x10c grid/grid_ui.o
                0x00009394                grid_ui_event_template_action
 .text.grid_usb_serial_bulkin_cb
                0x000094a0        0x4 grid/grid_usb.o
 .text.grid_usb_serial_statechange_cb
                0x000094a4       0x28 grid/grid_usb.o
 .text.grid_usb_midi_bulkin_cb
                0x000094cc       0x28 grid/grid_usb.o
 .text.grid_usb_midi_bulkout_cb
                0x000094f4       0x28 grid/grid_usb.o
 .text.grid_usb_serial_bulkout_cb
                0x0000951c        0x4 grid/grid_usb.o
 .text.grid_usb_serial_init
                0x00009520       0x10 grid/grid_usb.o
                0x00009520                grid_usb_serial_init
 .text.grid_usb_midi_init
                0x00009530       0x24 grid/grid_usb.o
                0x00009530                grid_usb_midi_init
 .text.adc_async_window_threshold_reached
                0x00009554        0x8 hal/src/hal_adc_async.o
 .text.adc_async_error_occured
                0x0000955c        0x8 hal/src/hal_adc_async.o
 .text.adc_async_channel_conversion_done
                0x00009564       0x68 hal/src/hal_adc_async.o
 .text.adc_async_init
                0x000095cc       0x4c hal/src/hal_adc_async.o
                0x000095cc                adc_async_init
 .text.adc_async_register_channel_buffer
                0x00009618       0x6c hal/src/hal_adc_async.o
                0x00009618                adc_async_register_channel_buffer
 .text.adc_async_enable_channel
                0x00009684       0x10 hal/src/hal_adc_async.o
                0x00009684                adc_async_enable_channel
 .text.adc_async_register_callback
                0x00009694       0x3c hal/src/hal_adc_async.o
                0x00009694                adc_async_register_callback
 .text.adc_async_read_channel
                0x000096d0       0x74 hal/src/hal_adc_async.o
                0x000096d0                adc_async_read_channel
 .text.adc_async_start_conversion
                0x00009744       0x10 hal/src/hal_adc_async.o
                0x00009744                adc_async_start_conversion
 .text.atomic_enter_critical
                0x00009754        0xe hal/src/hal_atomic.o
                0x00009754                atomic_enter_critical
 .text.atomic_leave_critical
                0x00009762        0xc hal/src/hal_atomic.o
                0x00009762                atomic_leave_critical
 *fill*         0x0000976e        0x2 
 .text.crc_sync_init
                0x00009770        0x8 hal/src/hal_crc_sync.o
                0x00009770                crc_sync_init
 .text.delay_init
                0x00009778       0x10 hal/src/hal_delay.o
                0x00009778                delay_init
 .text.delay_us
                0x00009788       0x24 hal/src/hal_delay.o
                0x00009788                delay_us
 .text.delay_ms
                0x000097ac       0x24 hal/src/hal_delay.o
                0x000097ac                delay_ms
 .text.event_system_init
                0x000097d0        0x8 hal/src/hal_evsys.o
                0x000097d0                event_system_init
 .text.flash_ready
                0x000097d8        0x8 hal/src/hal_flash.o
 .text.flash_error
                0x000097e0        0x8 hal/src/hal_flash.o
 .text.flash_init
                0x000097e8       0x20 hal/src/hal_flash.o
                0x000097e8                flash_init
 .text.flash_read
                0x00009808       0x4c hal/src/hal_flash.o
                0x00009808                flash_read
 .text.flash_write
                0x00009854       0x64 hal/src/hal_flash.o
                0x00009854                flash_write
 .text.flash_erase
                0x000098b8       0x60 hal/src/hal_flash.o
                0x000098b8                flash_erase
 .text.i2c_m_async_write
                0x00009918       0x2c hal/src/hal_i2c_m_async.o
 .text.i2c_m_async_read
                0x00009944       0x2c hal/src/hal_i2c_m_async.o
 .text.i2c_tx_complete
                0x00009970        0xe hal/src/hal_i2c_m_async.o
 .text.i2c_rx_complete
                0x0000997e        0xe hal/src/hal_i2c_m_async.o
 .text.i2c_error
                0x0000998c        0xe hal/src/hal_i2c_m_async.o
 *fill*         0x0000999a        0x2 
 .text.i2c_m_async_init
                0x0000999c       0x50 hal/src/hal_i2c_m_async.o
                0x0000999c                i2c_m_async_init
 .text.io_write
                0x000099ec        0x4 hal/src/hal_io.o
                0x000099ec                io_write
 .text.io_read  0x000099f0        0x4 hal/src/hal_io.o
                0x000099f0                io_read
 .text.qspi_dma_init
                0x000099f4        0x8 hal/src/hal_qspi_dma.o
                0x000099f4                qspi_dma_init
 .text._spi_m_async_io_write
                0x000099fc       0x20 hal/src/hal_spi_m_async.o
 .text._spi_m_async_io_read
                0x00009a1c       0x34 hal/src/hal_spi_m_async.o
 .text._spi_dev_error
                0x00009a50       0x40 hal/src/hal_spi_m_async.o
 .text._spi_dev_complete
                0x00009a90       0x2c hal/src/hal_spi_m_async.o
 .text._spi_dev_rx
                0x00009abc       0x7c hal/src/hal_spi_m_async.o
 .text._spi_dev_tx
                0x00009b38       0x48 hal/src/hal_spi_m_async.o
 .text.spi_m_async_init
                0x00009b80       0x64 hal/src/hal_spi_m_async.o
                0x00009b80                spi_m_async_init
 .text.spi_m_async_enable
                0x00009be4        0xc hal/src/hal_spi_m_async.o
                0x00009be4                spi_m_async_enable
 .text.spi_m_async_set_baudrate
                0x00009bf0       0x18 hal/src/hal_spi_m_async.o
                0x00009bf0                spi_m_async_set_baudrate
 .text.spi_m_async_set_mode
                0x00009c08       0x18 hal/src/hal_spi_m_async.o
                0x00009c08                spi_m_async_set_mode
 .text.spi_m_async_transfer
                0x00009c20       0x48 hal/src/hal_spi_m_async.o
                0x00009c20                spi_m_async_transfer
 .text.spi_m_async_register_callback
                0x00009c68       0x1c hal/src/hal_spi_m_async.o
                0x00009c68                spi_m_async_register_callback
 .text.spi_m_async_get_io_descriptor
                0x00009c84        0x8 hal/src/hal_spi_m_async.o
                0x00009c84                spi_m_async_get_io_descriptor
 .text._spi_m_dma_io_write
                0x00009c8c       0x18 hal/src/hal_spi_m_dma.o
 .text._spi_m_dma_io_read
                0x00009ca4       0x18 hal/src/hal_spi_m_dma.o
 .text.spi_m_dma_init
                0x00009cbc       0x24 hal/src/hal_spi_m_dma.o
                0x00009cbc                spi_m_dma_init
 .text.spi_m_dma_enable
                0x00009ce0        0xc hal/src/hal_spi_m_dma.o
                0x00009ce0                spi_m_dma_enable
 .text.spi_m_dma_register_callback
                0x00009cec        0xc hal/src/hal_spi_m_dma.o
                0x00009cec                spi_m_dma_register_callback
 .text.spi_m_dma_get_io_descriptor
                0x00009cf8        0x8 hal/src/hal_spi_m_dma.o
                0x00009cf8                spi_m_dma_get_io_descriptor
 .text.timer_add_timer_task
                0x00009d00       0x4c hal/src/hal_timer.o
 .text.timer_process_counted
                0x00009d4c       0x6c hal/src/hal_timer.o
 .text.timer_init
                0x00009db8       0x1c hal/src/hal_timer.o
                0x00009db8                timer_init
 .text.timer_start
                0x00009dd4       0x24 hal/src/hal_timer.o
                0x00009dd4                timer_start
 .text.timer_add_task
                0x00009df8       0x78 hal/src/hal_timer.o
                0x00009df8                timer_add_task
 .text.usart_transmission_complete
                0x00009e70       0x10 hal/src/hal_usart_async.o
 .text.usart_error
                0x00009e80       0x10 hal/src/hal_usart_async.o
 .text.usart_fill_rx_buffer
                0x00009e90       0x20 hal/src/hal_usart_async.o
 .text.usart_async_write
                0x00009eb0       0x34 hal/src/hal_usart_async.o
 .text.usart_process_byte_sent
                0x00009ee4       0x34 hal/src/hal_usart_async.o
 .text.usart_async_read
                0x00009f18       0x54 hal/src/hal_usart_async.o
 .text.usart_async_init
                0x00009f6c       0x60 hal/src/hal_usart_async.o
                0x00009f6c                usart_async_init
 .text.usart_async_enable
                0x00009fcc       0x10 hal/src/hal_usart_async.o
                0x00009fcc                usart_async_enable
 .text.usart_async_disable
                0x00009fdc       0x10 hal/src/hal_usart_async.o
                0x00009fdc                usart_async_disable
 .text.usart_async_get_io_descriptor
                0x00009fec        0x6 hal/src/hal_usart_async.o
                0x00009fec                usart_async_get_io_descriptor
 *fill*         0x00009ff2        0x2 
 .text.usart_async_register_callback
                0x00009ff4       0x44 hal/src/hal_usart_async.o
                0x00009ff4                usart_async_register_callback
 .text.usart_async_set_parity
                0x0000a038       0x10 hal/src/hal_usart_async.o
                0x0000a038                usart_async_set_parity
 .text.usart_sync_write
                0x0000a048       0x50 hal/src/hal_usart_sync.o
 .text.usart_sync_read
                0x0000a098       0x38 hal/src/hal_usart_sync.o
 .text.usart_sync_init
                0x0000a0d0       0x24 hal/src/hal_usart_sync.o
                0x0000a0d0                usart_sync_init
 .text.usart_sync_enable
                0x0000a0f4       0x10 hal/src/hal_usart_sync.o
                0x0000a0f4                usart_sync_enable
 .text._usb_d_find_ep
                0x0000a104       0x30 hal/src/hal_usb_device.o
 .text.usb_d_dummy_cb_false
                0x0000a134        0x4 hal/src/hal_usb_device.o
 .text.usb_d_cb_trans_more
                0x0000a138       0x30 hal/src/hal_usb_device.o
 .text._usb_d_cb_trans_done
                0x0000a168      0x108 hal/src/hal_usb_device.o
 .text.usb_d_cb_trans_setup
                0x0000a270       0x8c hal/src/hal_usb_device.o
 .text.usb_d_init
                0x0000a2fc       0x68 hal/src/hal_usb_device.o
                0x0000a2fc                usb_d_init
 .text.usb_d_register_callback
                0x0000a364        0x8 hal/src/hal_usb_device.o
                0x0000a364                usb_d_register_callback
 .text.usb_d_enable
                0x0000a36c        0x8 hal/src/hal_usb_device.o
                0x0000a36c                usb_d_enable
 .text.usb_d_attach
                0x0000a374        0x8 hal/src/hal_usb_device.o
                0x0000a374                usb_d_attach
 .text.usb_d_get_frame_num
                0x0000a37c        0x8 hal/src/hal_usb_device.o
                0x0000a37c                usb_d_get_frame_num
 .text.usb_d_set_address
                0x0000a384        0x8 hal/src/hal_usb_device.o
                0x0000a384                usb_d_set_address
 .text.usb_d_ep_init
                0x0000a38c       0x50 hal/src/hal_usb_device.o
                0x0000a38c                usb_d_ep_init
 .text.usb_d_ep0_init
                0x0000a3dc       0x10 hal/src/hal_usb_device.o
                0x0000a3dc                usb_d_ep0_init
 .text.usb_d_ep_deinit
                0x0000a3ec       0x2c hal/src/hal_usb_device.o
                0x0000a3ec                usb_d_ep_deinit
 .text.usb_d_ep_enable
                0x0000a418       0x40 hal/src/hal_usb_device.o
                0x0000a418                usb_d_ep_enable
 .text.usb_d_ep_transfer
                0x0000a458       0xf8 hal/src/hal_usb_device.o
                0x0000a458                usb_d_ep_transfer
 .text.usb_d_ep_halt
                0x0000a550       0x64 hal/src/hal_usb_device.o
                0x0000a550                usb_d_ep_halt
 .text.usb_d_ep_register_callback
                0x0000a5b4       0x4c hal/src/hal_usb_device.o
                0x0000a5b4                usb_d_ep_register_callback
 .text.is_list_element
                0x0000a600        0xe hal/utils/src/utils_list.o
                0x0000a600                is_list_element
 .text.list_insert_as_head
                0x0000a60e        0x8 hal/utils/src/utils_list.o
                0x0000a60e                list_insert_as_head
 .text.list_insert_after
                0x0000a616        0x8 hal/utils/src/utils_list.o
                0x0000a616                list_insert_after
 .text.list_insert_at_end
                0x0000a61e       0x18 hal/utils/src/utils_list.o
                0x0000a61e                list_insert_at_end
 .text.list_remove_head
                0x0000a636        0xc hal/utils/src/utils_list.o
                0x0000a636                list_remove_head
 .text.ringbuffer_init
                0x0000a642       0x18 hal/utils/src/utils_ringbuffer.o
                0x0000a642                ringbuffer_init
 .text.ringbuffer_get
                0x0000a65a       0x22 hal/utils/src/utils_ringbuffer.o
                0x0000a65a                ringbuffer_get
 .text.ringbuffer_put
                0x0000a67c       0x26 hal/utils/src/utils_ringbuffer.o
                0x0000a67c                ringbuffer_put
 .text.ringbuffer_num
                0x0000a6a2        0x8 hal/utils/src/utils_ringbuffer.o
                0x0000a6a2                ringbuffer_num
 *fill*         0x0000a6aa        0x2 
 .text._sbrk    0x0000a6ac       0x1c hal/utils/src/utils_syscalls.o
                0x0000a6ac                _sbrk
 .text._close   0x0000a6c8        0x6 hal/utils/src/utils_syscalls.o
                0x0000a6c8                _close
 .text._fstat   0x0000a6ce        0xa hal/utils/src/utils_syscalls.o
                0x0000a6ce                _fstat
 .text._isatty  0x0000a6d8        0x4 hal/utils/src/utils_syscalls.o
                0x0000a6d8                _isatty
 .text._lseek   0x0000a6dc        0x4 hal/utils/src/utils_syscalls.o
                0x0000a6dc                _lseek
 .text.__NVIC_DisableIRQ
                0x0000a6e0       0x28 hpl/adc/hpl_adc.o
 .text.__NVIC_ClearPendingIRQ
                0x0000a708       0x20 hpl/adc/hpl_adc.o
 .text.hri_adc_wait_for_sync
                0x0000a728        0x8 hpl/adc/hpl_adc.o
 .text.hri_adc_set_CTRLA_ENABLE_bit
                0x0000a730       0x14 hpl/adc/hpl_adc.o
 .text.hri_adc_clear_CTRLA_ENABLE_bit
                0x0000a744       0x18 hpl/adc/hpl_adc.o
 .text._adc_get_regs
                0x0000a75c       0x14 hpl/adc/hpl_adc.o
 .text._adc_interrupt_handler
                0x0000a770       0x4e hpl/adc/hpl_adc.o
 .text._adc_get_irq_num.isra.0
                0x0000a7be       0x14 hpl/adc/hpl_adc.o
 *fill*         0x0000a7d2        0x2 
 .text._adc_init
                0x0000a7d4       0xc8 hpl/adc/hpl_adc.o
 .text._adc_async_init
                0x0000a89c       0xb4 hpl/adc/hpl_adc.o
                0x0000a89c                _adc_async_init
 .text._adc_async_enable_channel
                0x0000a950        0xc hpl/adc/hpl_adc.o
                0x0000a950                _adc_async_enable_channel
 .text._adc_async_get_data_size
                0x0000a95c       0x12 hpl/adc/hpl_adc.o
                0x0000a95c                _adc_async_get_data_size
 *fill*         0x0000a96e        0x2 
 .text._adc_async_convert
                0x0000a970       0x18 hpl/adc/hpl_adc.o
                0x0000a970                _adc_async_convert
 .text._adc_async_set_irq_state
                0x0000a988       0x20 hpl/adc/hpl_adc.o
                0x0000a988                _adc_async_set_irq_state
 .text.ADC0_1_Handler
                0x0000a9a8       0x10 hpl/adc/hpl_adc.o
                0x0000a9a8                ADC0_1_Handler
 .text.ADC0_0_Handler
                0x0000a9b8        0x8 hpl/adc/hpl_adc.o
                0x0000a9b8                ADC0_0_Handler
 .text.ADC1_1_Handler
                0x0000a9c0       0x10 hpl/adc/hpl_adc.o
                0x0000a9c0                ADC1_1_Handler
 .text.ADC1_0_Handler
                0x0000a9d0        0x8 hpl/adc/hpl_adc.o
                0x0000a9d0                ADC1_0_Handler
 .text._irq_set
                0x0000a9d8       0x1c hpl/core/hpl_core_m4.o
                0x0000a9d8                _irq_set
 .text._get_cycles_for_us
                0x0000a9f4        0x6 hpl/core/hpl_core_m4.o
                0x0000a9f4                _get_cycles_for_us
 *fill*         0x0000a9fa        0x2 
 .text._get_cycles_for_ms
                0x0000a9fc        0xc hpl/core/hpl_core_m4.o
                0x0000a9fc                _get_cycles_for_ms
 .text._init_chip
                0x0000aa08       0x5c hpl/core/hpl_init.o
                0x0000aa08                _init_chip
 .text._dmac_handler
                0x0000aa64       0x50 hpl/dmac/hpl_dmac.o
 .text._dma_init
                0x0000aab4       0xd0 hpl/dmac/hpl_dmac.o
                0x0000aab4                _dma_init
 .text._dma_set_irq_state
                0x0000ab84       0x28 hpl/dmac/hpl_dmac.o
                0x0000ab84                _dma_set_irq_state
 .text._dma_set_destination_address
                0x0000abac       0x10 hpl/dmac/hpl_dmac.o
                0x0000abac                _dma_set_destination_address
 .text._dma_set_source_address
                0x0000abbc       0x10 hpl/dmac/hpl_dmac.o
                0x0000abbc                _dma_set_source_address
 .text._dma_srcinc_enable
                0x0000abcc       0x1c hpl/dmac/hpl_dmac.o
                0x0000abcc                _dma_srcinc_enable
 .text._dma_set_data_amount
                0x0000abe8       0x44 hpl/dmac/hpl_dmac.o
                0x0000abe8                _dma_set_data_amount
 .text._dma_enable_transaction
                0x0000ac2c       0x3c hpl/dmac/hpl_dmac.o
                0x0000ac2c                _dma_enable_transaction
 .text._dma_get_channel_resource
                0x0000ac68       0x14 hpl/dmac/hpl_dmac.o
                0x0000ac68                _dma_get_channel_resource
 .text.DMAC_0_Handler
                0x0000ac7c        0x8 hpl/dmac/hpl_dmac.o
                0x0000ac7c                DMAC_0_Handler
 .text.DMAC_1_Handler
                0x0000ac84        0x8 hpl/dmac/hpl_dmac.o
                0x0000ac84                DMAC_1_Handler
 .text.DMAC_2_Handler
                0x0000ac8c        0x8 hpl/dmac/hpl_dmac.o
                0x0000ac8c                DMAC_2_Handler
 .text.DMAC_3_Handler
                0x0000ac94        0x8 hpl/dmac/hpl_dmac.o
                0x0000ac94                DMAC_3_Handler
 .text.DMAC_4_Handler
                0x0000ac9c        0x8 hpl/dmac/hpl_dmac.o
                0x0000ac9c                DMAC_4_Handler
 .text._crc_sync_init
                0x0000aca4        0x6 hpl/dsu/hpl_dsu.o
                0x0000aca4                _crc_sync_init
 *fill*         0x0000acaa        0x2 
 .text._event_system_init
                0x0000acac       0x58 hpl/evsys/hpl_evsys.o
                0x0000acac                _event_system_init
 .text.hri_gclk_wait_for_sync.constprop.0
                0x0000ad04       0x14 hpl/gclk/hpl_gclk.o
 .text._gclk_init_generators_by_fref
                0x0000ad18       0x58 hpl/gclk/hpl_gclk.o
                0x0000ad18                _gclk_init_generators_by_fref
 .text._mclk_init
                0x0000ad70        0xc hpl/mclk/hpl_mclk.o
                0x0000ad70                _mclk_init
 .text._flash_program
                0x0000ad7c       0x3c hpl/nvmctrl/hpl_nvmctrl.o
 .text._user_row_write_exec
                0x0000adb8       0x88 hpl/nvmctrl/hpl_nvmctrl.o
 .text._flash_init
                0x0000ae40       0x4c hpl/nvmctrl/hpl_nvmctrl.o
                0x0000ae40                _flash_init
 .text._flash_get_page_size
                0x0000ae8c        0x6 hpl/nvmctrl/hpl_nvmctrl.o
                0x0000ae8c                _flash_get_page_size
 .text._flash_get_total_pages
                0x0000ae92        0x8 hpl/nvmctrl/hpl_nvmctrl.o
                0x0000ae92                _flash_get_total_pages
 .text._flash_read
                0x0000ae9a       0x1e hpl/nvmctrl/hpl_nvmctrl.o
                0x0000ae9a                _flash_read
 .text._flash_write
                0x0000aeb8       0xd0 hpl/nvmctrl/hpl_nvmctrl.o
                0x0000aeb8                _flash_write
 .text._flash_erase
                0x0000af88       0xa8 hpl/nvmctrl/hpl_nvmctrl.o
                0x0000af88                _flash_erase
 .text._flash_is_locked
                0x0000b030       0x18 hpl/nvmctrl/hpl_nvmctrl.o
                0x0000b030                _flash_is_locked
 .text.NVMCTRL_1_Handler
                0x0000b048       0x2c hpl/nvmctrl/hpl_nvmctrl.o
                0x0000b048                NVMCTRL_1_Handler
 .text.NVMCTRL_0_Handler
                0x0000b074        0x8 hpl/nvmctrl/hpl_nvmctrl.o
                0x0000b074                NVMCTRL_0_Handler
 .text._user_area_read
                0x0000b07c       0x60 hpl/nvmctrl/hpl_nvmctrl.o
                0x0000b07c                _user_area_read
 .text._user_area_write
                0x0000b0dc       0x78 hpl/nvmctrl/hpl_nvmctrl.o
                0x0000b0dc                _user_area_write
 .text._osc32kctrl_init_sources
                0x0000b154       0x14 hpl/osc32kctrl/hpl_osc32kctrl.o
                0x0000b154                _osc32kctrl_init_sources
 .text._oscctrl_init_sources
                0x0000b168        0x2 hpl/oscctrl/hpl_oscctrl.o
                0x0000b168                _oscctrl_init_sources
 *fill*         0x0000b16a        0x2 
 .text._oscctrl_init_referenced_generators
                0x0000b16c       0xfc hpl/oscctrl/hpl_oscctrl.o
                0x0000b16c                _oscctrl_init_referenced_generators
 .text._qspi_dma_tx_complete
                0x0000b268       0x14 hpl/qspi/hpl_qspi.o
 .text._qspi_dma_rx_complete
                0x0000b27c        0x8 hpl/qspi/hpl_qspi.o
 .text._qspi_dma_error_occured
                0x0000b284        0xa hpl/qspi/hpl_qspi.o
 *fill*         0x0000b28e        0x2 
 .text._qspi_dma_init
                0x0000b290       0x58 hpl/qspi/hpl_qspi.o
                0x0000b290                _qspi_dma_init
 .text.RAMECC_Handler
                0x0000b2e8       0x3c hpl/ramecc/hpl_ramecc.o
                0x0000b2e8                RAMECC_Handler
 .text.hri_rtcmode0_wait_for_sync
                0x0000b324        0x8 hpl/rtc/hpl_rtc.o
 .text._rtc_timer_stop
                0x0000b32c       0x1c hpl/rtc/hpl_rtc.o
                0x0000b32c                _rtc_timer_stop
 .text._rtc_timer_set_period
                0x0000b348       0x10 hpl/rtc/hpl_rtc.o
                0x0000b348                _rtc_timer_set_period
 .text._rtc_timer_get_period
                0x0000b358       0x14 hpl/rtc/hpl_rtc.o
                0x0000b358                _rtc_timer_get_period
 .text._rtc_timer_is_started
                0x0000b36c       0x1c hpl/rtc/hpl_rtc.o
                0x0000b36c                _rtc_timer_is_started
 .text._rtc_timer_set_irq
                0x0000b388        0x2 hpl/rtc/hpl_rtc.o
                0x0000b388                _rtc_timer_set_irq
 *fill*         0x0000b38a        0x2 
 .text._rtc_timer_start
                0x0000b38c       0x3c hpl/rtc/hpl_rtc.o
                0x0000b38c                _rtc_timer_start
 .text._rtc_timer_deinit
                0x0000b3c8       0x28 hpl/rtc/hpl_rtc.o
                0x0000b3c8                _rtc_timer_deinit
 .text._rtc_timer_init
                0x0000b3f0       0x48 hpl/rtc/hpl_rtc.o
                0x0000b3f0                _rtc_timer_init
 .text._rtc_get_timer
                0x0000b438        0x8 hpl/rtc/hpl_rtc.o
                0x0000b438                _rtc_get_timer
 .text.RTC_Handler
                0x0000b440       0x24 hpl/rtc/hpl_rtc.o
                0x0000b440                RTC_Handler
 .text.__NVIC_EnableIRQ
                0x0000b464       0x1c hpl/sercom/hpl_sercom.o
 .text.__NVIC_DisableIRQ
                0x0000b480       0x28 hpl/sercom/hpl_sercom.o
 .text.__NVIC_ClearPendingIRQ
                0x0000b4a8       0x20 hpl/sercom/hpl_sercom.o
 .text.hri_sercomi2cm_wait_for_sync
                0x0000b4c8        0x8 hpl/sercom/hpl_sercom.o
 .text.hri_sercomspi_wait_for_sync
                0x0000b4d0        0x8 hpl/sercom/hpl_sercom.o
 .text.hri_sercomusart_wait_for_sync
                0x0000b4d8        0x8 hpl/sercom/hpl_sercom.o
 .text.hri_sercomi2cm_clear_CTRLA_ENABLE_bit
                0x0000b4e0       0x14 hpl/sercom/hpl_sercom.o
 .text.hri_sercomspi_clear_CTRLA_ENABLE_bit
                0x0000b4f4       0x14 hpl/sercom/hpl_sercom.o
 .text.hri_sercomusart_get_CTRLA_ENABLE_bit
                0x0000b508       0x14 hpl/sercom/hpl_sercom.o
 .text.hri_sercomusart_write_CTRLA_ENABLE_bit
                0x0000b51c       0x18 hpl/sercom/hpl_sercom.o
 .text.hri_sercomusart_clear_CTRLA_ENABLE_bit
                0x0000b534       0x14 hpl/sercom/hpl_sercom.o
 .text._sercom_get_hardware_index
                0x0000b548       0x34 hpl/sercom/hpl_sercom.o
 .text._sercom_usart_interrupt_handler
                0x0000b57c       0x70 hpl/sercom/hpl_sercom.o
 .text._sercom_init_irq_param
                0x0000b5ec       0x60 hpl/sercom/hpl_sercom.o
 .text._get_i2cm_index
                0x0000b64c       0x14 hpl/sercom/hpl_sercom.o
 .text._sercom_get_irq_num
                0x0000b660       0x14 hpl/sercom/hpl_sercom.o
 .text._spi_sync_enable
                0x0000b674       0x28 hpl/sercom/hpl_sercom.o
 .text._spi_get_regs
                0x0000b69c       0x2c hpl/sercom/hpl_sercom.o
 .text._spi_get_tx_dma_channel
                0x0000b6c8       0x14 hpl/sercom/hpl_sercom.o
 .text._spi_get_rx_dma_channel
                0x0000b6dc       0x14 hpl/sercom/hpl_sercom.o
 .text._spi_dma_rx_complete
                0x0000b6f0        0xa hpl/sercom/hpl_sercom.o
 .text._spi_dma_tx_complete
                0x0000b6fa        0xa hpl/sercom/hpl_sercom.o
 .text._spi_dma_error_occured
                0x0000b704        0xa hpl/sercom/hpl_sercom.o
 *fill*         0x0000b70e        0x2 
 .text._usart_set_parity
                0x0000b710       0x78 hpl/sercom/hpl_sercom.o
 .text._sercom_i2c_send_stop
                0x0000b788       0x14 hpl/sercom/hpl_sercom.o
 .text._sercom_i2c_sync_analyse_flags
                0x0000b79c      0x16c hpl/sercom/hpl_sercom.o
 .text._spi_load_regs_master
                0x0000b908       0x3c hpl/sercom/hpl_sercom.o
 .text._spi_set_mode
                0x0000b944       0x34 hpl/sercom/hpl_sercom.o
 .text._i2c_m_sync_init_impl
                0x0000b978       0xb0 hpl/sercom/hpl_sercom.o
 .text._usart_init
                0x0000ba28       0xdc hpl/sercom/hpl_sercom.o
 .text._usart_sync_init
                0x0000bb04        0xc hpl/sercom/hpl_sercom.o
                0x0000bb04                _usart_sync_init
 .text._usart_async_init
                0x0000bb10       0x64 hpl/sercom/hpl_sercom.o
                0x0000bb10                _usart_async_init
 .text._usart_sync_enable
                0x0000bb74       0x14 hpl/sercom/hpl_sercom.o
                0x0000bb74                _usart_sync_enable
 .text._usart_async_enable
                0x0000bb88       0x14 hpl/sercom/hpl_sercom.o
                0x0000bb88                _usart_async_enable
 .text._usart_async_disable
                0x0000bb9c        0xc hpl/sercom/hpl_sercom.o
                0x0000bb9c                _usart_async_disable
 .text._usart_async_set_parity
                0x0000bba8        0xc hpl/sercom/hpl_sercom.o
                0x0000bba8                _usart_async_set_parity
 .text._usart_sync_write_byte
                0x0000bbb4        0x6 hpl/sercom/hpl_sercom.o
                0x0000bbb4                _usart_sync_write_byte
 .text._usart_async_write_byte
                0x0000bbba        0x6 hpl/sercom/hpl_sercom.o
                0x0000bbba                _usart_async_write_byte
 .text._usart_sync_read_byte
                0x0000bbc0        0x8 hpl/sercom/hpl_sercom.o
                0x0000bbc0                _usart_sync_read_byte
 .text._usart_sync_is_ready_to_send
                0x0000bbc8        0xa hpl/sercom/hpl_sercom.o
                0x0000bbc8                _usart_sync_is_ready_to_send
 .text._usart_sync_is_transmit_done
                0x0000bbd2        0xa hpl/sercom/hpl_sercom.o
                0x0000bbd2                _usart_sync_is_transmit_done
 .text._usart_sync_is_byte_received
                0x0000bbdc        0xa hpl/sercom/hpl_sercom.o
                0x0000bbdc                _usart_sync_is_byte_received
 .text._usart_async_enable_byte_sent_irq
                0x0000bbe6        0x8 hpl/sercom/hpl_sercom.o
                0x0000bbe6                _usart_async_enable_byte_sent_irq
 .text._usart_async_enable_tx_done_irq
                0x0000bbee        0x8 hpl/sercom/hpl_sercom.o
                0x0000bbee                _usart_async_enable_tx_done_irq
 .text._usart_async_set_irq_state
                0x0000bbf6       0x32 hpl/sercom/hpl_sercom.o
                0x0000bbf6                _usart_async_set_irq_state
 .text._i2c_m_async_init
                0x0000bc28       0x64 hpl/sercom/hpl_sercom.o
                0x0000bc28                _i2c_m_async_init
 .text._i2c_m_async_transfer
                0x0000bc8c       0xc0 hpl/sercom/hpl_sercom.o
                0x0000bc8c                _i2c_m_async_transfer
 .text._i2c_m_async_register_callback
                0x0000bd4c       0x1a hpl/sercom/hpl_sercom.o
                0x0000bd4c                _i2c_m_async_register_callback
 *fill*         0x0000bd66        0x2 
 .text.SERCOM0_3_Handler
                0x0000bd68       0x10 hpl/sercom/hpl_sercom.o
                0x0000bd68                SERCOM0_3_Handler
 .text.SERCOM0_2_Handler
                0x0000bd78        0x8 hpl/sercom/hpl_sercom.o
                0x0000bd78                SERCOM0_2_Handler
 .text.SERCOM0_1_Handler
                0x0000bd80        0x8 hpl/sercom/hpl_sercom.o
                0x0000bd80                SERCOM0_1_Handler
 .text.SERCOM0_0_Handler
                0x0000bd88        0x8 hpl/sercom/hpl_sercom.o
                0x0000bd88                SERCOM0_0_Handler
 .text.SERCOM1_3_Handler
                0x0000bd90       0x10 hpl/sercom/hpl_sercom.o
                0x0000bd90                SERCOM1_3_Handler
 .text.SERCOM1_2_Handler
                0x0000bda0        0x8 hpl/sercom/hpl_sercom.o
                0x0000bda0                SERCOM1_2_Handler
 .text.SERCOM1_1_Handler
                0x0000bda8        0x8 hpl/sercom/hpl_sercom.o
                0x0000bda8                SERCOM1_1_Handler
 .text.SERCOM1_0_Handler
                0x0000bdb0        0x8 hpl/sercom/hpl_sercom.o
                0x0000bdb0                SERCOM1_0_Handler
 .text.SERCOM3_3_Handler
                0x0000bdb8       0x44 hpl/sercom/hpl_sercom.o
                0x0000bdb8                SERCOM3_3_Handler
 .text.SERCOM3_2_Handler
                0x0000bdfc        0x8 hpl/sercom/hpl_sercom.o
                0x0000bdfc                SERCOM3_2_Handler
 .text.SERCOM3_1_Handler
                0x0000be04        0x8 hpl/sercom/hpl_sercom.o
                0x0000be04                SERCOM3_1_Handler
 .text.SERCOM3_0_Handler
                0x0000be0c        0x8 hpl/sercom/hpl_sercom.o
                0x0000be0c                SERCOM3_0_Handler
 .text.SERCOM4_3_Handler
                0x0000be14       0x10 hpl/sercom/hpl_sercom.o
                0x0000be14                SERCOM4_3_Handler
 .text.SERCOM4_2_Handler
                0x0000be24        0x8 hpl/sercom/hpl_sercom.o
                0x0000be24                SERCOM4_2_Handler
 .text.SERCOM4_1_Handler
                0x0000be2c        0x8 hpl/sercom/hpl_sercom.o
                0x0000be2c                SERCOM4_1_Handler
 .text.SERCOM4_0_Handler
                0x0000be34        0x8 hpl/sercom/hpl_sercom.o
                0x0000be34                SERCOM4_0_Handler
 .text.SERCOM5_3_Handler
                0x0000be3c       0x64 hpl/sercom/hpl_sercom.o
                0x0000be3c                SERCOM5_3_Handler
 .text.SERCOM5_2_Handler
                0x0000bea0        0x8 hpl/sercom/hpl_sercom.o
                0x0000bea0                SERCOM5_2_Handler
 .text.SERCOM5_1_Handler
                0x0000bea8        0x8 hpl/sercom/hpl_sercom.o
                0x0000bea8                SERCOM5_1_Handler
 .text.SERCOM5_0_Handler
                0x0000beb0        0x8 hpl/sercom/hpl_sercom.o
                0x0000beb0                SERCOM5_0_Handler
 .text.SERCOM6_3_Handler
                0x0000beb8       0x10 hpl/sercom/hpl_sercom.o
                0x0000beb8                SERCOM6_3_Handler
 .text.SERCOM6_2_Handler
                0x0000bec8        0x8 hpl/sercom/hpl_sercom.o
                0x0000bec8                SERCOM6_2_Handler
 .text.SERCOM6_1_Handler
                0x0000bed0        0x8 hpl/sercom/hpl_sercom.o
                0x0000bed0                SERCOM6_1_Handler
 .text.SERCOM6_0_Handler
                0x0000bed8        0x8 hpl/sercom/hpl_sercom.o
                0x0000bed8                SERCOM6_0_Handler
 .text._spi_m_sync_init
                0x0000bee0       0xd0 hpl/sercom/hpl_sercom.o
                0x0000bee0                _spi_m_sync_init
 .text._spi_m_async_init
                0x0000bfb0       0x58 hpl/sercom/hpl_sercom.o
                0x0000bfb0                _spi_m_async_init
 .text._spi_s_async_enable
                0x0000c008       0x34 hpl/sercom/hpl_sercom.o
                0x0000c008                _spi_s_async_enable
 .text._spi_m_async_enable
                0x0000c03c        0x8 hpl/sercom/hpl_sercom.o
                0x0000c03c                _spi_m_async_enable
 .text._spi_s_async_set_mode
                0x0000c044        0xc hpl/sercom/hpl_sercom.o
                0x0000c044                _spi_s_async_set_mode
 .text._spi_m_async_set_mode
                0x0000c050        0x8 hpl/sercom/hpl_sercom.o
                0x0000c050                _spi_m_async_set_mode
 .text._spi_m_async_set_baudrate
                0x0000c058       0x14 hpl/sercom/hpl_sercom.o
                0x0000c058                _spi_m_async_set_baudrate
 .text._spi_m_async_enable_tx
                0x0000c06c       0x10 hpl/sercom/hpl_sercom.o
                0x0000c06c                _spi_m_async_enable_tx
 .text._spi_m_async_enable_rx
                0x0000c07c       0x10 hpl/sercom/hpl_sercom.o
                0x0000c07c                _spi_m_async_enable_rx
 .text._spi_m_async_enable_tx_complete
                0x0000c08c       0x10 hpl/sercom/hpl_sercom.o
                0x0000c08c                _spi_m_async_enable_tx_complete
 .text._spi_m_async_write_one
                0x0000c09c        0x8 hpl/sercom/hpl_sercom.o
                0x0000c09c                _spi_m_async_write_one
 .text._spi_m_async_read_one
                0x0000c0a4        0x8 hpl/sercom/hpl_sercom.o
                0x0000c0a4                _spi_m_async_read_one
 .text._spi_m_async_register_callback
                0x0000c0ac        0xa hpl/sercom/hpl_sercom.o
                0x0000c0ac                _spi_m_async_register_callback
 .text._spi_m_async_set_irq_state
                0x0000c0b6       0x12 hpl/sercom/hpl_sercom.o
                0x0000c0b6                _spi_m_async_set_irq_state
 .text._spi_m_dma_init
                0x0000c0c8       0xc4 hpl/sercom/hpl_sercom.o
                0x0000c0c8                _spi_m_dma_init
 .text._spi_m_dma_enable
                0x0000c18c        0xc hpl/sercom/hpl_sercom.o
                0x0000c18c                _spi_m_dma_enable
 .text._spi_m_dma_register_callback
                0x0000c198       0x64 hpl/sercom/hpl_sercom.o
                0x0000c198                _spi_m_dma_register_callback
 .text._spi_m_dma_transfer
                0x0000c1fc       0xf8 hpl/sercom/hpl_sercom.o
                0x0000c1fc                _spi_m_dma_transfer
 .text._delay_init
                0x0000c2f4       0x14 hpl/systick/hpl_systick.o
                0x0000c2f4                _delay_init
 .text._delay_cycles
                0x0000c308       0x38 hpl/systick/hpl_systick.o
                0x0000c308                _delay_cycles
 .text.__NVIC_DisableIRQ
                0x0000c340       0x28 hpl/tc/hpl_tc.o
 .text.hri_tc_wait_for_sync
                0x0000c368        0x8 hpl/tc/hpl_tc.o
 .text._tc_timer_start
                0x0000c370       0x14 hpl/tc/hpl_tc.o
                0x0000c370                _tc_timer_start
 .text._tc_timer_get_period
                0x0000c384       0x50 hpl/tc/hpl_tc.o
                0x0000c384                _tc_timer_get_period
 .text._tc_timer_is_started
                0x0000c3d4       0x18 hpl/tc/hpl_tc.o
                0x0000c3d4                _tc_timer_is_started
 .text.tc_interrupt_handler
                0x0000c3ec       0x12 hpl/tc/hpl_tc.o
 *fill*         0x0000c3fe        0x2 
 .text.get_tc_index
                0x0000c400       0x50 hpl/tc/hpl_tc.o
 .text._tc_timer_set_irq
                0x0000c450       0x28 hpl/tc/hpl_tc.o
                0x0000c450                _tc_timer_set_irq
 .text._tc_timer_stop
                0x0000c478       0x14 hpl/tc/hpl_tc.o
                0x0000c478                _tc_timer_stop
 .text._tc_timer_deinit
                0x0000c48c       0x4c hpl/tc/hpl_tc.o
                0x0000c48c                _tc_timer_deinit
 .text._tc_timer_init
                0x0000c4d8      0x150 hpl/tc/hpl_tc.o
                0x0000c4d8                _tc_timer_init
 .text._tc_timer_set_period
                0x0000c628       0x3c hpl/tc/hpl_tc.o
                0x0000c628                _tc_timer_set_period
 .text._tc_get_timer
                0x0000c664        0x8 hpl/tc/hpl_tc.o
                0x0000c664                _tc_get_timer
 .text.TC0_Handler
                0x0000c66c       0x10 hpl/tc/hpl_tc.o
                0x0000c66c                TC0_Handler
 .text.TC1_Handler
                0x0000c67c       0x10 hpl/tc/hpl_tc.o
                0x0000c67c                TC1_Handler
 .text.TC2_Handler
                0x0000c68c       0x10 hpl/tc/hpl_tc.o
                0x0000c68c                TC2_Handler
 .text.TC3_Handler
                0x0000c69c       0x10 hpl/tc/hpl_tc.o
                0x0000c69c                TC3_Handler
 .text._dummy_func_no_return
                0x0000c6ac        0x4 hpl/usb/hpl_usb.o
 .text._usb_d_dev_wait_dfll_rdy
                0x0000c6b0       0x24 hpl/usb/hpl_usb.o
 .text._usb_d_dev_ept
                0x0000c6d4       0x18 hpl/usb/hpl_usb.o
 .text._usb_d_dev_handle_setup
                0x0000c6ec       0x84 hpl/usb/hpl_usb.o
 .text._usb_d_dev_handle_stall
                0x0000c770       0x28 hpl/usb/hpl_usb.o
 .text._usb_d_dev_trans_done
                0x0000c798       0x24 hpl/usb/hpl_usb.o
 .text._usb_d_dev_trans_stop
                0x0000c7bc       0x64 hpl/usb/hpl_usb.o
 .text._usb_d_dev_handle_trfail
                0x0000c820       0xec hpl/usb/hpl_usb.o
 .text._usb_d_dev_reset_epts
                0x0000c90c       0x3c hpl/usb/hpl_usb.o
 .text._usb_d_dev_in_next
                0x0000c948      0x158 hpl/usb/hpl_usb.o
 .text._usb_d_dev_out_next
                0x0000caa0      0x1ac hpl/usb/hpl_usb.o
 .text._usb_d_dev_handler
                0x0000cc4c      0x1dc hpl/usb/hpl_usb.o
 .text._usbd_ep_pcksize_size
                0x0000ce28       0x3e hpl/usb/hpl_usb.o
 *fill*         0x0000ce66        0x2 
 .text._usb_d_dev_init
                0x0000ce68       0xe8 hpl/usb/hpl_usb.o
                0x0000ce68                _usb_d_dev_init
 .text._usb_d_dev_enable
                0x0000cf50       0x5c hpl/usb/hpl_usb.o
                0x0000cf50                _usb_d_dev_enable
 .text._usb_d_dev_attach
                0x0000cfac       0x12 hpl/usb/hpl_usb.o
                0x0000cfac                _usb_d_dev_attach
 .text._usb_d_dev_set_address
                0x0000cfbe        0xc hpl/usb/hpl_usb.o
                0x0000cfbe                _usb_d_dev_set_address
 .text._usb_d_dev_get_frame_n
                0x0000cfca        0xc hpl/usb/hpl_usb.o
                0x0000cfca                _usb_d_dev_get_frame_n
 *fill*         0x0000cfd6        0x2 
 .text._usb_d_dev_ep_init
                0x0000cfd8       0xc0 hpl/usb/hpl_usb.o
                0x0000cfd8                _usb_d_dev_ep_init
 .text._usb_d_dev_ep_deinit
                0x0000d098       0x84 hpl/usb/hpl_usb.o
                0x0000d098                _usb_d_dev_ep_deinit
 .text._usb_d_dev_ep_enable
                0x0000d11c      0x17c hpl/usb/hpl_usb.o
                0x0000d11c                _usb_d_dev_ep_enable
 .text._usb_d_dev_ep_stall
                0x0000d298       0xe4 hpl/usb/hpl_usb.o
                0x0000d298                _usb_d_dev_ep_stall
 .text._usb_d_dev_ep_read_req
                0x0000d37c       0x54 hpl/usb/hpl_usb.o
                0x0000d37c                _usb_d_dev_ep_read_req
 .text._usb_d_dev_ep_trans
                0x0000d3d0      0x108 hpl/usb/hpl_usb.o
                0x0000d3d0                _usb_d_dev_ep_trans
 .text._usb_d_dev_register_callback
                0x0000d4d8       0x24 hpl/usb/hpl_usb.o
                0x0000d4d8                _usb_d_dev_register_callback
 .text._usb_d_dev_register_ep_callback
                0x0000d4fc       0x2c hpl/usb/hpl_usb.o
                0x0000d4fc                _usb_d_dev_register_ep_callback
 .text.USB_0_Handler
                0x0000d528        0x8 hpl/usb/hpl_usb.o
                0x0000d528                USB_0_Handler
 .text.USB_1_Handler
                0x0000d530        0x8 hpl/usb/hpl_usb.o
                0x0000d530                USB_1_Handler
 .text.USB_2_Handler
                0x0000d538        0x8 hpl/usb/hpl_usb.o
                0x0000d538                USB_2_Handler
 .text.USB_3_Handler
                0x0000d540        0x8 hpl/usb/hpl_usb.o
                0x0000d540                USB_3_Handler
 .text._wdt_init
                0x0000d548       0x42 hpl/wdt/hpl_wdt.o
                0x0000d548                _wdt_init
 *fill*         0x0000d58a        0x2 
 .text.RTC_Scheduler_ping_cb
                0x0000d58c       0x50 main.o
 .text.RTC_Scheduler_report_cb
                0x0000d5dc        0xc main.o
 .text.RTC_Scheduler_heartbeat_cb
                0x0000d5e8       0x3c main.o
 .text.RTC_Scheduler_realtime_cb
                0x0000d624       0xb8 main.o
 .text.init_timer
                0x0000d6dc       0x84 main.o
                0x0000d6dc                init_timer
 .text.startup.main
                0x0000d760      0x4d0 main.o
                0x0000d760                main
 .text._read    0x0000dc30       0x20 stdio_redirect/gcc/read.o
                0x0000dc30                _read
 .text._write   0x0000dc50       0x24 stdio_redirect/gcc/write.o
                0x0000dc50                _write
 .text.stdio_io_init
                0x0000dc74       0x2c stdio_redirect/stdio_io.o
                0x0000dc74                stdio_io_init
 .text.stdio_io_read
                0x0000dca0       0x1c stdio_redirect/stdio_io.o
                0x0000dca0                stdio_io_read
 .text.stdio_io_write
                0x0000dcbc       0x1c stdio_redirect/stdio_io.o
                0x0000dcbc                stdio_io_write
 .text.stdio_redirect_init
                0x0000dcd8       0x20 stdio_start.o
                0x0000dcd8                stdio_redirect_init
 .text.cdcdf_acm_req
                0x0000dcf8       0xdc usb/class/cdc/device/cdcdf_acm.o
 .text.cdcdf_acm_ctrl
                0x0000ddd4      0x138 usb/class/cdc/device/cdcdf_acm.o
 .text.cdcdf_acm_init
                0x0000df0c       0x44 usb/class/cdc/device/cdcdf_acm.o
                0x0000df0c                cdcdf_acm_init
 .text.cdcdf_acm_read
                0x0000df50       0x2c usb/class/cdc/device/cdcdf_acm.o
                0x0000df50                cdcdf_acm_read
 .text.cdcdf_acm_write
                0x0000df7c       0x2c usb/class/cdc/device/cdcdf_acm.o
                0x0000df7c                cdcdf_acm_write
 .text.cdcdf_acm_register_callback
                0x0000dfa8       0x40 usb/class/cdc/device/cdcdf_acm.o
                0x0000dfa8                cdcdf_acm_register_callback
 .text.hid_keyboard_req
                0x0000dfe8       0x88 usb/class/hid/device/hiddf_keyboard.o
 .text.hid_keyboard_ctrl
                0x0000e070      0x110 usb/class/hid/device/hiddf_keyboard.o
 .text.hiddf_keyboard_init
                0x0000e180       0x44 usb/class/hid/device/hiddf_keyboard.o
                0x0000e180                hiddf_keyboard_init
 .text.hiddf_keyboard_keys_state_change
                0x0000e1c4       0x8c usb/class/hid/device/hiddf_keyboard.o
                0x0000e1c4                hiddf_keyboard_keys_state_change
 .text.hid_mouse_req
                0x0000e250       0x88 usb/class/hid/device/hiddf_mouse.o
 .text.hid_mouse_ctrl
                0x0000e2d8       0xe4 usb/class/hid/device/hiddf_mouse.o
 .text.hiddf_mouse_init
                0x0000e3bc       0x44 usb/class/hid/device/hiddf_mouse.o
                0x0000e3bc                hiddf_mouse_init
 .text.hiddf_mouse_move
                0x0000e400       0x48 usb/class/hid/device/hiddf_mouse.o
                0x0000e400                hiddf_mouse_move
 .text.audio_midi_req
                0x0000e448       0x78 usb/class/midi/device/audiodf_midi.o
 .text.audio_midi_ctrl
                0x0000e4c0      0x180 usb/class/midi/device/audiodf_midi.o
 .text.audiodf_midi_init
                0x0000e640       0x44 usb/class/midi/device/audiodf_midi.o
                0x0000e640                audiodf_midi_init
 .text.audiodf_midi_write
                0x0000e684       0x28 usb/class/midi/device/audiodf_midi.o
                0x0000e684                audiodf_midi_write
 .text.audiodf_midi_read
                0x0000e6ac       0x20 usb/class/midi/device/audiodf_midi.o
                0x0000e6ac                audiodf_midi_read
 .text.audiodf_midi_register_callback
                0x0000e6cc       0x30 usb/class/midi/device/audiodf_midi.o
                0x0000e6cc                audiodf_midi_register_callback
 .text.usbdc_unconfig
                0x0000e6fc       0x1c usb/device/usbdc.o
 .text.usbdc_change_notify
                0x0000e718       0x20 usb/device/usbdc.o
 .text.usbdc_request_handler
                0x0000e738       0x38 usb/device/usbdc.o
 .text.usbd_sof_cb
                0x0000e770       0x18 usb/device/usbdc.o
 .text.usbdc_cb_ctl_done
                0x0000e788       0x68 usb/device/usbdc.o
 .text.usbdc_reset
                0x0000e7f0       0x5c usb/device/usbdc.o
                0x0000e7f0                usbdc_reset
 .text.usbd_event_cb
                0x0000e84c       0x18 usb/device/usbdc.o
 .text.usbdc_xfer
                0x0000e864       0x20 usb/device/usbdc.o
                0x0000e864                usbdc_xfer
 .text.usbdc_cb_ctl_req
                0x0000e884      0x328 usb/device/usbdc.o
 .text.usbdc_register_handler
                0x0000ebac       0x2c usb/device/usbdc.o
                0x0000ebac                usbdc_register_handler
 .text.usbdc_init
                0x0000ebd8       0x44 usb/device/usbdc.o
                0x0000ebd8                usbdc_init
 .text.usbdc_register_function
                0x0000ec1c       0x10 usb/device/usbdc.o
                0x0000ec1c                usbdc_register_function
 .text.usbdc_start
                0x0000ec2c       0x34 usb/device/usbdc.o
                0x0000ec2c                usbdc_start
 .text.usbdc_attach
                0x0000ec60        0x8 usb/device/usbdc.o
                0x0000ec60                usbdc_attach
 .text.usbdc_get_ctrl_buffer
                0x0000ec68        0xc usb/device/usbdc.o
                0x0000ec68                usbdc_get_ctrl_buffer
 .text.usbdc_get_state
                0x0000ec74       0x14 usb/device/usbdc.o
                0x0000ec74                usbdc_get_state
 .text.usb_find_desc
                0x0000ec88       0x1a usb/usb_protocol.o
                0x0000ec88                usb_find_desc
 .text.usb_find_ep_desc
                0x0000eca2       0x1c usb/usb_protocol.o
                0x0000eca2                usb_find_ep_desc
 *fill*         0x0000ecbe        0x2 
 .text.usb_find_cfg_desc
                0x0000ecc0       0x3c usb/usb_protocol.o
                0x0000ecc0                usb_find_cfg_desc
 .text.usb_find_str_desc
                0x0000ecfc       0x30 usb/usb_protocol.o
                0x0000ecfc                usb_find_str_desc
 .text.gpio_get_pin_level
                0x0000ed2c       0x48 usb_start.o
 .text.hiddf_demo_sof_event
                0x0000ed74       0x78 usb_start.o
 .text.composite_device_init
                0x0000edec       0x2c usb_start.o
                0x0000edec                composite_device_init
 .text.composite_device_start
                0x0000ee18       0x1c usb_start.o
                0x0000ee18                composite_device_start
 .text.usb_init
                0x0000ee34        0x8 usb_start.o
                0x0000ee34                usb_init
 .text          0x0000ee3c      0x370 c:/program files (x86)/atmel/studio/7.0/toolchain/arm/arm-gnu-toolchain/bin/../lib/gcc/arm-none-eabi/6.3.1/thumb/v7e-m\libgcc.a(_arm_addsubdf3.o)
                0x0000ee3c                __aeabi_drsub
                0x0000ee44                __aeabi_dsub
                0x0000ee44                __subdf3
                0x0000ee48                __aeabi_dadd
                0x0000ee48                __adddf3
                0x0000f0c0                __floatunsidf
                0x0000f0c0                __aeabi_ui2d
                0x0000f0e0                __floatsidf
                0x0000f0e0                __aeabi_i2d
                0x0000f104                __aeabi_f2d
                0x0000f104                __extendsfdf2
                0x0000f140                __floatundidf
                0x0000f140                __aeabi_ul2d
                0x0000f150                __floatdidf
                0x0000f150                __aeabi_l2d
 .text          0x0000f1ac      0x424 c:/program files (x86)/atmel/studio/7.0/toolchain/arm/arm-gnu-toolchain/bin/../lib/gcc/arm-none-eabi/6.3.1/thumb/v7e-m\libgcc.a(_arm_muldivdf3.o)
                0x0000f1ac                __aeabi_dmul
                0x0000f1ac                __muldf3
                0x0000f400                __divdf3
                0x0000f400                __aeabi_ddiv
 .text          0x0000f5d0       0x40 c:/program files (x86)/atmel/studio/7.0/toolchain/arm/arm-gnu-toolchain/bin/../lib/gcc/arm-none-eabi/6.3.1/thumb/v7e-m\libgcc.a(_arm_fixunsdfsi.o)
                0x0000f5d0                __aeabi_d2uiz
                0x0000f5d0                __fixunsdfsi
 .text.__libc_init_array
                0x0000f610       0x48 c:/program files (x86)/atmel/studio/7.0/toolchain/arm/arm-gnu-toolchain/bin/../lib/gcc/arm-none-eabi/6.3.1/../../../../arm-none-eabi/lib/thumb/v7e-m\libc_nano.a(lib_a-init.o)
                0x0000f610                __libc_init_array
 .text.malloc   0x0000f658       0x10 c:/program files (x86)/atmel/studio/7.0/toolchain/arm/arm-gnu-toolchain/bin/../lib/gcc/arm-none-eabi/6.3.1/../../../../arm-none-eabi/lib/thumb/v7e-m\libc_nano.a(lib_a-malloc.o)
                0x0000f658                malloc
 .text.memcpy   0x0000f668       0x16 c:/program files (x86)/atmel/studio/7.0/toolchain/arm/arm-gnu-toolchain/bin/../lib/gcc/arm-none-eabi/6.3.1/../../../../arm-none-eabi/lib/thumb/v7e-m\libc_nano.a(lib_a-memcpy-stub.o)
                0x0000f668                memcpy
 .text.memset   0x0000f67e       0x10 c:/program files (x86)/atmel/studio/7.0/toolchain/arm/arm-gnu-toolchain/bin/../lib/gcc/arm-none-eabi/6.3.1/../../../../arm-none-eabi/lib/thumb/v7e-m\libc_nano.a(lib_a-memset.o)
                0x0000f67e                memset
 *fill*         0x0000f68e        0x2 
 .text._free_r  0x0000f690       0x9c c:/program files (x86)/atmel/studio/7.0/toolchain/arm/arm-gnu-toolchain/bin/../lib/gcc/arm-none-eabi/6.3.1/../../../../arm-none-eabi/lib/thumb/v7e-m\libc_nano.a(lib_a-nano-freer.o)
                0x0000f690                _free_r
 .text._malloc_r
                0x0000f72c       0xbc c:/program files (x86)/atmel/studio/7.0/toolchain/arm/arm-gnu-toolchain/bin/../lib/gcc/arm-none-eabi/6.3.1/../../../../arm-none-eabi/lib/thumb/v7e-m\libc_nano.a(lib_a-nano-mallocr.o)
                0x0000f72c                _malloc_r
 .text.printf   0x0000f7e8       0x30 c:/program files (x86)/atmel/studio/7.0/toolchain/arm/arm-gnu-toolchain/bin/../lib/gcc/arm-none-eabi/6.3.1/../../../../arm-none-eabi/lib/thumb/v7e-m\libc_nano.a(lib_a-printf.o)
                0x0000f7e8                iprintf
                0x0000f7e8                printf
 .text._puts_r  0x0000f818       0xb8 c:/program files (x86)/atmel/studio/7.0/toolchain/arm/arm-gnu-toolchain/bin/../lib/gcc/arm-none-eabi/6.3.1/../../../../arm-none-eabi/lib/thumb/v7e-m\libc_nano.a(lib_a-puts.o)
                0x0000f818                _puts_r
 .text.puts     0x0000f8d0       0x10 c:/program files (x86)/atmel/studio/7.0/toolchain/arm/arm-gnu-toolchain/bin/../lib/gcc/arm-none-eabi/6.3.1/../../../../arm-none-eabi/lib/thumb/v7e-m\libc_nano.a(lib_a-puts.o)
                0x0000f8d0                puts
 .text._sbrk_r  0x0000f8e0       0x20 c:/program files (x86)/atmel/studio/7.0/toolchain/arm/arm-gnu-toolchain/bin/../lib/gcc/arm-none-eabi/6.3.1/../../../../arm-none-eabi/lib/thumb/v7e-m\libc_nano.a(lib_a-sbrkr.o)
                0x0000f8e0                _sbrk_r
 .text.setbuf   0x0000f900       0x10 c:/program files (x86)/atmel/studio/7.0/toolchain/arm/arm-gnu-toolchain/bin/../lib/gcc/arm-none-eabi/6.3.1/../../../../arm-none-eabi/lib/thumb/v7e-m\libc_nano.a(lib_a-setbuf.o)
                0x0000f900                setbuf
 .text.setvbuf  0x0000f910      0x15c c:/program files (x86)/atmel/studio/7.0/toolchain/arm/arm-gnu-toolchain/bin/../lib/gcc/arm-none-eabi/6.3.1/../../../../arm-none-eabi/lib/thumb/v7e-m\libc_nano.a(lib_a-setvbuf.o)
                0x0000f910                setvbuf
 .text.sprintf  0x0000fa6c       0x48 c:/program files (x86)/atmel/studio/7.0/toolchain/arm/arm-gnu-toolchain/bin/../lib/gcc/arm-none-eabi/6.3.1/../../../../arm-none-eabi/lib/thumb/v7e-m\libc_nano.a(lib_a-sprintf.o)
                0x0000fa6c                siprintf
                0x0000fa6c                sprintf
 .text.strcpy   0x0000fab4       0x10 c:/program files (x86)/atmel/studio/7.0/toolchain/arm/arm-gnu-toolchain/bin/../lib/gcc/arm-none-eabi/6.3.1/../../../../arm-none-eabi/lib/thumb/v7e-m\libc_nano.a(lib_a-strcpy.o)
                0x0000fab4                strcpy
 .text          0x0000fac4       0x10 c:/program files (x86)/atmel/studio/7.0/toolchain/arm/arm-gnu-toolchain/bin/../lib/gcc/arm-none-eabi/6.3.1/../../../../arm-none-eabi/lib/thumb/v7e-m\libc_nano.a(lib_a-strlen.o)
                0x0000fac4                strlen
 .text.__swbuf_r
                0x0000fad4       0xa4 c:/program files (x86)/atmel/studio/7.0/toolchain/arm/arm-gnu-toolchain/bin/../lib/gcc/arm-none-eabi/6.3.1/../../../../arm-none-eabi/lib/thumb/v7e-m\libc_nano.a(lib_a-wbuf.o)
                0x0000fad4                __swbuf_r
 .text.__swsetup_r
                0x0000fb78       0xdc c:/program files (x86)/atmel/studio/7.0/toolchain/arm/arm-gnu-toolchain/bin/../lib/gcc/arm-none-eabi/6.3.1/../../../../arm-none-eabi/lib/thumb/v7e-m\libc_nano.a(lib_a-wsetup.o)
                0x0000fb78                __swsetup_r
 .text.__sflush_r
                0x0000fc54      0x110 c:/program files (x86)/atmel/studio/7.0/toolchain/arm/arm-gnu-toolchain/bin/../lib/gcc/arm-none-eabi/6.3.1/../../../../arm-none-eabi/lib/thumb/v7e-m\libc_nano.a(lib_a-fflush.o)
                0x0000fc54                __sflush_r
 .text._fflush_r
                0x0000fd64       0x54 c:/program files (x86)/atmel/studio/7.0/toolchain/arm/arm-gnu-toolchain/bin/../lib/gcc/arm-none-eabi/6.3.1/../../../../arm-none-eabi/lib/thumb/v7e-m\libc_nano.a(lib_a-fflush.o)