Archive member included to satisfy reference by file (symbol)

c:/program files (x86)/atmel/studio/7.0/toolchain/arm/arm-gnu-toolchain/bin/../lib/gcc/arm-none-eabi/6.3.1/thumb/v7e-m\libgcc.a(_arm_addsubdf3.o)
                              hpl/sercom/hpl_sercom.o (__aeabi_dsub)
c:/program files (x86)/atmel/studio/7.0/toolchain/arm/arm-gnu-toolchain/bin/../lib/gcc/arm-none-eabi/6.3.1/thumb/v7e-m\libgcc.a(_arm_muldivdf3.o)
                              hpl/sercom/hpl_sercom.o (__aeabi_dmul)
c:/program files (x86)/atmel/studio/7.0/toolchain/arm/arm-gnu-toolchain/bin/../lib/gcc/arm-none-eabi/6.3.1/thumb/v7e-m\libgcc.a(_arm_fixunsdfsi.o)
                              hpl/sercom/hpl_sercom.o (__aeabi_d2uiz)
c:/program files (x86)/atmel/studio/7.0/toolchain/arm/arm-gnu-toolchain/bin/../lib/gcc/arm-none-eabi/6.3.1/thumb/v7e-m\libgcc.a(_aeabi_uldivmod.o)
                              hpl/sercom/hpl_sercom.o (__aeabi_uldivmod)
c:/program files (x86)/atmel/studio/7.0/toolchain/arm/arm-gnu-toolchain/bin/../lib/gcc/arm-none-eabi/6.3.1/thumb/v7e-m\libgcc.a(_udivmoddi4.o)
                              c:/program files (x86)/atmel/studio/7.0/toolchain/arm/arm-gnu-toolchain/bin/../lib/gcc/arm-none-eabi/6.3.1/thumb/v7e-m\libgcc.a(_aeabi_uldivmod.o) (__udivmoddi4)
c:/program files (x86)/atmel/studio/7.0/toolchain/arm/arm-gnu-toolchain/bin/../lib/gcc/arm-none-eabi/6.3.1/thumb/v7e-m\libgcc.a(_dvmd_tls.o)
                              c:/program files (x86)/atmel/studio/7.0/toolchain/arm/arm-gnu-toolchain/bin/../lib/gcc/arm-none-eabi/6.3.1/thumb/v7e-m\libgcc.a(_aeabi_uldivmod.o) (__aeabi_ldiv0)
c:/program files (x86)/atmel/studio/7.0/toolchain/arm/arm-gnu-toolchain/bin/../lib/gcc/arm-none-eabi/6.3.1/../../../../arm-none-eabi/lib/thumb/v7e-m\libc_nano.a(lib_a-exit.o)
                              c:/program files (x86)/atmel/studio/7.0/toolchain/arm/arm-gnu-toolchain/bin/../lib/gcc/arm-none-eabi/6.3.1/../../../../arm-none-eabi/lib/thumb/v7e-m/crt0.o (exit)
c:/program files (x86)/atmel/studio/7.0/toolchain/arm/arm-gnu-toolchain/bin/../lib/gcc/arm-none-eabi/6.3.1/../../../../arm-none-eabi/lib/thumb/v7e-m\libc_nano.a(lib_a-impure.o)
                              c:/program files (x86)/atmel/studio/7.0/toolchain/arm/arm-gnu-toolchain/bin/../lib/gcc/arm-none-eabi/6.3.1/../../../../arm-none-eabi/lib/thumb/v7e-m\libc_nano.a(lib_a-exit.o) (_global_impure_ptr)
c:/program files (x86)/atmel/studio/7.0/toolchain/arm/arm-gnu-toolchain/bin/../lib/gcc/arm-none-eabi/6.3.1/../../../../arm-none-eabi/lib/thumb/v7e-m\libc_nano.a(lib_a-init.o)
                              c:/program files (x86)/atmel/studio/7.0/toolchain/arm/arm-gnu-toolchain/bin/../lib/gcc/arm-none-eabi/6.3.1/../../../../arm-none-eabi/lib/thumb/v7e-m/crt0.o (__libc_init_array)
c:/program files (x86)/atmel/studio/7.0/toolchain/arm/arm-gnu-toolchain/bin/../lib/gcc/arm-none-eabi/6.3.1/../../../../arm-none-eabi/lib/thumb/v7e-m\libc_nano.a(lib_a-malloc.o)
                              main.o (malloc)
c:/program files (x86)/atmel/studio/7.0/toolchain/arm/arm-gnu-toolchain/bin/../lib/gcc/arm-none-eabi/6.3.1/../../../../arm-none-eabi/lib/thumb/v7e-m\libc_nano.a(lib_a-memcpy-stub.o)
                              hpl/nvmctrl/hpl_nvmctrl.o (memcpy)
c:/program files (x86)/atmel/studio/7.0/toolchain/arm/arm-gnu-toolchain/bin/../lib/gcc/arm-none-eabi/6.3.1/../../../../arm-none-eabi/lib/thumb/v7e-m\libc_nano.a(lib_a-memset.o)
                              c:/program files (x86)/atmel/studio/7.0/toolchain/arm/arm-gnu-toolchain/bin/../lib/gcc/arm-none-eabi/6.3.1/../../../../arm-none-eabi/lib/thumb/v7e-m/crt0.o (memset)
c:/program files (x86)/atmel/studio/7.0/toolchain/arm/arm-gnu-toolchain/bin/../lib/gcc/arm-none-eabi/6.3.1/../../../../arm-none-eabi/lib/thumb/v7e-m\libc_nano.a(lib_a-nano-freer.o)
                              c:/program files (x86)/atmel/studio/7.0/toolchain/arm/arm-gnu-toolchain/bin/../lib/gcc/arm-none-eabi/6.3.1/../../../../arm-none-eabi/lib/thumb/v7e-m\libc_nano.a(lib_a-malloc.o) (_free_r)
c:/program files (x86)/atmel/studio/7.0/toolchain/arm/arm-gnu-toolchain/bin/../lib/gcc/arm-none-eabi/6.3.1/../../../../arm-none-eabi/lib/thumb/v7e-m\libc_nano.a(lib_a-nano-mallocr.o)
                              c:/program files (x86)/atmel/studio/7.0/toolchain/arm/arm-gnu-toolchain/bin/../lib/gcc/arm-none-eabi/6.3.1/../../../../arm-none-eabi/lib/thumb/v7e-m\libc_nano.a(lib_a-malloc.o) (_malloc_r)
c:/program files (x86)/atmel/studio/7.0/toolchain/arm/arm-gnu-toolchain/bin/../lib/gcc/arm-none-eabi/6.3.1/../../../../arm-none-eabi/lib/thumb/v7e-m\libc_nano.a(lib_a-printf.o)
                              hal/utils/src/utils_syscalls.o (printf)
c:/program files (x86)/atmel/studio/7.0/toolchain/arm/arm-gnu-toolchain/bin/../lib/gcc/arm-none-eabi/6.3.1/../../../../arm-none-eabi/lib/thumb/v7e-m\libc_nano.a(lib_a-sbrkr.o)
[...]
Memory Configuration

Name             Origin             Length             Attributes
rom              0x00004000         0x0007a000         xr
ram              0x20000000         0x00040000         xrw
bkupram          0x47000000         0x00002000         xrw
qspi             0x04000000         0x01000000         xrw
*default*        0x00000000         0xffffffff

Linker script and memory map

LOAD c:/program files (x86)/atmel/studio/7.0/toolchain/arm/arm-gnu-toolchain/bin/../lib/gcc/arm-none-eabi/6.3.1/thumb/v7e-m/crti.o
LOAD c:/program files (x86)/atmel/studio/7.0/toolchain/arm/arm-gnu-toolchain/bin/../lib/gcc/arm-none-eabi/6.3.1/thumb/v7e-m/crtbegin.o
LOAD c:/program files (x86)/atmel/studio/7.0/toolchain/arm/arm-gnu-toolchain/bin/../lib/gcc/arm-none-eabi/6.3.1/../../../../arm-none-eabi/lib/thumb/v7e-m/crt0.o
LOAD atmel_start.o
LOAD Device_Startup/startup_samd51.o
LOAD Device_Startup/system_samd51.o
LOAD driver_init.o
LOAD examples/driver_examples.o
LOAD hal/src/hal_adc_async.o
LOAD hal/src/hal_atomic.o
LOAD hal/src/hal_cache.o
LOAD hal/src/hal_crc_sync.o
LOAD hal/src/hal_delay.o
LOAD hal/src/hal_flash.o
LOAD hal/src/hal_gpio.o
LOAD hal/src/hal_i2c_m_async.o
LOAD hal/src/hal_init.o
LOAD hal/src/hal_io.o
LOAD hal/src/hal_sleep.o
LOAD hal/src/hal_spi_m_dma.o
LOAD hal/src/hal_usart_async.o
LOAD hal/utils/src/utils_assert.o
LOAD hal/utils/src/utils_event.o
LOAD hal/utils/src/utils_list.o
LOAD hal/utils/src/utils_ringbuffer.o
LOAD hal/utils/src/utils_syscalls.o
LOAD hpl/adc/hpl_adc.o
LOAD hpl/cmcc/hpl_cmcc.o
LOAD hpl/core/hpl_core_m4.o
LOAD hpl/core/hpl_init.o
LOAD hpl/dmac/hpl_dmac.o
LOAD hpl/dsu/hpl_dsu.o
LOAD hpl/gclk/hpl_gclk.o
LOAD hpl/mclk/hpl_mclk.o
LOAD hpl/nvmctrl/hpl_nvmctrl.o
LOAD hpl/osc32kctrl/hpl_osc32kctrl.o
LOAD hpl/oscctrl/hpl_oscctrl.o
LOAD hpl/pac/hpl_pac.o
LOAD hpl/pm/hpl_pm.o
LOAD hpl/ramecc/hpl_ramecc.o
LOAD hpl/sercom/hpl_sercom.o
LOAD hpl/systick/hpl_systick.o
LOAD main.o
START GROUP
LOAD c:/program files (x86)/atmel/studio/7.0/toolchain/arm/arm-gnu-toolchain/bin/../lib/gcc/arm-none-eabi/6.3.1/../../../../arm-none-eabi/lib/thumb/v7e-m\libm.a
END GROUP
START GROUP
LOAD c:/program files (x86)/atmel/studio/7.0/toolchain/arm/arm-gnu-toolchain/bin/../lib/gcc/arm-none-eabi/6.3.1/thumb/v7e-m\libgcc.a
LOAD c:/program files (x86)/atmel/studio/7.0/toolchain/arm/arm-gnu-toolchain/bin/../lib/gcc/arm-none-eabi/6.3.1/../../../../arm-none-eabi/lib/thumb/v7e-m\libc_nano.a
END GROUP
START GROUP
LOAD c:/program files (x86)/atmel/studio/7.0/toolchain/arm/arm-gnu-toolchain/bin/../lib/gcc/arm-none-eabi/6.3.1/thumb/v7e-m\libgcc.a
LOAD c:/program files (x86)/atmel/studio/7.0/toolchain/arm/arm-gnu-toolchain/bin/../lib/gcc/arm-none-eabi/6.3.1/../../../../arm-none-eabi/lib/thumb/v7e-m\libc_nano.a
END GROUP
LOAD c:/program files (x86)/atmel/studio/7.0/toolchain/arm/arm-gnu-toolchain/bin/../lib/gcc/arm-none-eabi/6.3.1/thumb/v7e-m/crtend.o
LOAD c:/program files (x86)/atmel/studio/7.0/toolchain/arm/arm-gnu-toolchain/bin/../lib/gcc/arm-none-eabi/6.3.1/thumb/v7e-m/crtn.o
                0x00010000                STACK_SIZE = DEFINED (STACK_SIZE)?STACK_SIZE:DEFINED (__stack_size__)?__stack_size__:0x10000

.text           0x00004000     0x34c0
                0x00004000                . = ALIGN (0x4)
                0x00004000                _sfixed = .
 *(.vectors .vectors.*)
 .vectors       0x00004000      0x264 Device_Startup/startup_samd51.o
                0x00004000                exception_table
 *(.text .text.* .gnu.linkonce.t.*)
 .text          0x00004264       0x6c c:/program files (x86)/atmel/studio/7.0/toolchain/arm/arm-gnu-toolchain/bin/../lib/gcc/arm-none-eabi/6.3.1/thumb/v7e-m/crtbegin.o
 .text.atmel_start_init
                0x000042d0        0x8 atmel_start.o
                0x000042d0                atmel_start_init
 .text.Dummy_Handler
                0x000042d8        0x2 Device_Startup/startup_samd51.o
                0x000042d8                EIC_5_Handler
                0x000042d8                SVCall_Handler
                0x000042d8                SERCOM0_2_Handler
                0x000042d8                EIC_13_Handler
                0x000042d8                EVSYS_0_Handler
                0x000042d8                TCC1_3_Handler
                0x000042d8                DAC_3_Handler
                0x000042d8                TRNG_Handler
                0x000042d8                HardFault_Handler
                0x000042d8                TC2_Handler
                0x000042d8                PDEC_2_Handler
                0x000042d8                EIC_4_Handler
                0x000042d8                AC_Handler
                0x000042d8                SERCOM3_1_Handler
                0x000042d8                SysTick_Handler
                0x000042d8                TCC2_3_Handler
                0x000042d8                SERCOM3_2_Handler
                0x000042d8                PendSV_Handler
                0x000042d8                TC7_Handler
                0x000042d8                EVSYS_3_Handler
                0x000042d8                PDEC_0_Handler
                0x000042d8                QSPI_Handler
                0x000042d8                NonMaskableInt_Handler
                0x000042d8                TCC0_0_Handler
                0x000042d8                EIC_3_Handler
                0x000042d8                MemManagement_Handler
                0x000042d8                DAC_2_Handler
                0x000042d8                SERCOM0_0_Handler
                0x000042d8                RTC_Handler
                0x000042d8                UsageFault_Handler
                0x000042d8                SERCOM4_0_Handler
                0x000042d8                EIC_10_Handler
                0x000042d8                SERCOM0_3_Handler
                0x000042d8                EIC_11_Handler
                0x000042d8                EIC_9_Handler
                0x000042d8                OSC32KCTRL_Handler
                0x000042d8                TCC2_1_Handler
                0x000042d8                SUPC_1_Handler
                0x000042d8                TCC0_5_Handler
                0x000042d8                TCC0_6_Handler
                0x000042d8                SERCOM6_2_Handler
                0x000042d8                EVSYS_1_Handler
                0x000042d8                TCC1_4_Handler
                0x000042d8                TC6_Handler
                0x000042d8                WDT_Handler
                0x000042d8                EIC_8_Handler
                0x000042d8                EIC_15_Handler
                0x000042d8                SERCOM6_0_Handler
                0x000042d8                TC4_Handler
                0x000042d8                TC1_Handler
                0x000042d8                OSCCTRL_4_Handler
                0x000042d8                SERCOM4_3_Handler
                0x000042d8                EIC_12_Handler
                0x000042d8                TCC4_2_Handler
                0x000042d8                PAC_Handler
                0x000042d8                TCC1_0_Handler
                0x000042d8                USB_0_Handler
                0x000042d8                OSCCTRL_0_Handler
                0x000042d8                EIC_0_Handler
                0x000042d8                OSCCTRL_3_Handler
                0x000042d8                SERCOM4_1_Handler
                0x000042d8                TC3_Handler
                0x000042d8                Dummy_Handler
                0x000042d8                TCC3_0_Handler
                0x000042d8                TCC2_2_Handler
                0x000042d8                TCC1_1_Handler
                0x000042d8                SERCOM0_1_Handler
                0x000042d8                OSCCTRL_2_Handler
                0x000042d8                TCC1_2_Handler
                0x000042d8                SERCOM7_1_Handler
                0x000042d8                USB_1_Handler
                0x000042d8                PM_Handler
                0x000042d8                SERCOM6_3_Handler
                0x000042d8                DAC_4_Handler
                0x000042d8                TCC3_2_Handler
                0x000042d8                SERCOM7_0_Handler
                0x000042d8                TCC0_2_Handler
                0x000042d8                TCC4_0_Handler
                0x000042d8                SERCOM7_3_Handler
                0x000042d8                SDHC1_Handler
                0x000042d8                USB_3_Handler
                0x000042d8                SERCOM7_2_Handler
                0x000042d8                TCC2_0_Handler
                0x000042d8                PDEC_1_Handler
                0x000042d8                TCC4_1_Handler
                0x000042d8                USB_2_Handler
                0x000042d8                SERCOM6_1_Handler
                0x000042d8                SDHC0_Handler
                0x000042d8                SERCOM1_1_Handler
                0x000042d8                I2S_Handler
                0x000042d8                EIC_2_Handler
                0x000042d8                PCC_Handler
                0x000042d8                DAC_0_Handler
                0x000042d8                TCC0_1_Handler
                0x000042d8                SERCOM1_3_Handler
                0x000042d8                EIC_6_Handler
                0x000042d8                OSCCTRL_1_Handler
                0x000042d8                SERCOM1_0_Handler
                0x000042d8                PUKCC_Handler
                0x000042d8                SERCOM1_2_Handler
                0x000042d8                SERCOM3_0_Handler
                0x000042d8                EIC_1_Handler
                0x000042d8                SERCOM4_2_Handler
                0x000042d8                EVSYS_4_Handler
                0x000042d8                EIC_7_Handler
                0x000042d8                SERCOM3_3_Handler
                0x000042d8                TCC3_1_Handler
                0x000042d8                EIC_14_Handler
                0x000042d8                DAC_1_Handler
                0x000042d8                MCLK_Handler
                0x000042d8                EVSYS_2_Handler
                0x000042d8                SUPC_0_Handler
                0x000042d8                BusFault_Handler
                0x000042d8                FREQM_Handler
                0x000042d8                TC0_Handler
                0x000042d8                TCC0_3_Handler
                0x000042d8                DebugMonitor_Handler
                0x000042d8                TCC0_4_Handler
                0x000042d8                TC5_Handler
                0x000042d8                AES_Handler
                0x000042d8                ICM_Handler
 *fill*         0x000042da        0x2 
 .text.Reset_Handler
                0x000042dc       0x78 Device_Startup/startup_samd51.o
                0x000042dc                Reset_Handler
 .text._gpio_set_pin_function
                0x00004354       0x68 driver_init.o
 .text.ADC_0_init
                0x000043bc       0x8c driver_init.o
                0x000043bc                ADC_0_init
 .text.ADC_1_init
                0x00004448       0x94 driver_init.o
                0x00004448                ADC_1_init
 .text.CRC_0_init
                0x000044dc       0x24 driver_init.o
                0x000044dc                CRC_0_init
 .text.FLASH_0_CLOCK_init
                0x00004500       0x10 driver_init.o
                0x00004500                FLASH_0_CLOCK_init
 .text.FLASH_0_init
                0x00004510       0x24 driver_init.o
                0x00004510                FLASH_0_init
 .text.GRID_AUX_CLOCK_init
                0x00004534       0x24 driver_init.o
                0x00004534                GRID_AUX_CLOCK_init
 .text.GRID_AUX_PORT_init
                0x00004558       0x24 driver_init.o
                0x00004558                GRID_AUX_PORT_init
 .text.GRID_AUX_init
                0x0000457c       0x38 driver_init.o
                0x0000457c                GRID_AUX_init
 .text.SYS_I2C_PORT_init
                0x000045b4       0x40 driver_init.o
                0x000045b4                SYS_I2C_PORT_init
 .text.SYS_I2C_CLOCK_init
                0x000045f4       0x24 driver_init.o
                0x000045f4                SYS_I2C_CLOCK_init
 .text.SYS_I2C_init
                0x00004618       0x2c driver_init.o
                0x00004618                SYS_I2C_init
 .text.GRID_LED_PORT_init
                0x00004644       0x94 driver_init.o
                0x00004644                GRID_LED_PORT_init
 .text.GRID_LED_CLOCK_init
                0x000046d8       0x24 driver_init.o
                0x000046d8                GRID_LED_CLOCK_init
 .text.GRID_LED_init
                0x000046fc       0x2c driver_init.o
                0x000046fc                GRID_LED_init
 .text.delay_driver_init
                0x00004728       0x10 driver_init.o
                0x00004728                delay_driver_init
 .text.system_init
                0x00004738      0x108 driver_init.o
                0x00004738                system_init
 .text.adc_async_window_threshold_reached
                0x00004840        0x8 hal/src/hal_adc_async.o
 .text.adc_async_error_occured
                0x00004848        0x8 hal/src/hal_adc_async.o
 .text.adc_async_channel_conversion_done
                0x00004850       0x68 hal/src/hal_adc_async.o
 .text.adc_async_init
                0x000048b8       0x4c hal/src/hal_adc_async.o
                0x000048b8                adc_async_init
 .text.adc_async_register_channel_buffer
                0x00004904       0x6c hal/src/hal_adc_async.o
                0x00004904                adc_async_register_channel_buffer
 .text.adc_async_enable_channel
                0x00004970       0x10 hal/src/hal_adc_async.o
                0x00004970                adc_async_enable_channel
 .text.adc_async_register_callback
                0x00004980       0x3c hal/src/hal_adc_async.o
                0x00004980                adc_async_register_callback
 .text.adc_async_read_channel
                0x000049bc       0x74 hal/src/hal_adc_async.o
                0x000049bc                adc_async_read_channel
 .text.adc_async_start_conversion
                0x00004a30       0x10 hal/src/hal_adc_async.o
                0x00004a30                adc_async_start_conversion
 .text.atomic_enter_critical
                0x00004a40        0xe hal/src/hal_atomic.o
                0x00004a40                atomic_enter_critical
 .text.atomic_leave_critical
                0x00004a4e        0xc hal/src/hal_atomic.o
                0x00004a4e                atomic_leave_critical
 *fill*         0x00004a5a        0x2 
 .text.crc_sync_init
                0x00004a5c        0x8 hal/src/hal_crc_sync.o
                0x00004a5c                crc_sync_init
 .text.crc_sync_enable
                0x00004a64        0x8 hal/src/hal_crc_sync.o
                0x00004a64                crc_sync_enable
 .text.crc_sync_crc32
                0x00004a6c       0x10 hal/src/hal_crc_sync.o
                0x00004a6c                crc_sync_crc32
 .text.delay_init
                0x00004a7c       0x10 hal/src/hal_delay.o
                0x00004a7c                delay_init
 .text.delay_ms
                0x00004a8c       0x24 hal/src/hal_delay.o
                0x00004a8c                delay_ms
 .text.flash_ready
                0x00004ab0        0x8 hal/src/hal_flash.o
 .text.flash_error
                0x00004ab8        0x8 hal/src/hal_flash.o
 .text.flash_init
                0x00004ac0       0x20 hal/src/hal_flash.o
                0x00004ac0                flash_init
 .text.i2c_m_async_write
                0x00004ae0       0x2c hal/src/hal_i2c_m_async.o
 .text.i2c_m_async_read
                0x00004b0c       0x2c hal/src/hal_i2c_m_async.o
 .text.i2c_tx_complete
                0x00004b38        0xe hal/src/hal_i2c_m_async.o
 .text.i2c_rx_complete
                0x00004b46        0xe hal/src/hal_i2c_m_async.o
 .text.i2c_error
                0x00004b54        0xe hal/src/hal_i2c_m_async.o
 *fill*         0x00004b62        0x2 
 .text.i2c_m_async_init
                0x00004b64       0x50 hal/src/hal_i2c_m_async.o
                0x00004b64                i2c_m_async_init
 .text.io_write
                0x00004bb4        0x4 hal/src/hal_io.o
                0x00004bb4                io_write
 .text._spi_m_dma_io_write
                0x00004bb8       0x18 hal/src/hal_spi_m_dma.o
 .text._spi_m_dma_io_read
                0x00004bd0       0x18 hal/src/hal_spi_m_dma.o
 .text.spi_m_dma_init
                0x00004be8       0x24 hal/src/hal_spi_m_dma.o
                0x00004be8                spi_m_dma_init
 .text.spi_m_dma_enable
                0x00004c0c        0xc hal/src/hal_spi_m_dma.o
                0x00004c0c                spi_m_dma_enable
 .text.spi_m_dma_register_callback
                0x00004c18        0xc hal/src/hal_spi_m_dma.o
                0x00004c18                spi_m_dma_register_callback
 .text.spi_m_dma_get_io_descriptor
                0x00004c24        0x8 hal/src/hal_spi_m_dma.o
                0x00004c24                spi_m_dma_get_io_descriptor
 .text.usart_transmission_complete
                0x00004c2c       0x10 hal/src/hal_usart_async.o
 .text.usart_error
                0x00004c3c       0x10 hal/src/hal_usart_async.o
 .text.usart_fill_rx_buffer
                0x00004c4c       0x20 hal/src/hal_usart_async.o
 .text.usart_async_write
                0x00004c6c       0x34 hal/src/hal_usart_async.o
 .text.usart_process_byte_sent
                0x00004ca0       0x34 hal/src/hal_usart_async.o
 .text.usart_async_read
                0x00004cd4       0x54 hal/src/hal_usart_async.o
 .text.usart_async_init
                0x00004d28       0x60 hal/src/hal_usart_async.o
                0x00004d28                usart_async_init
 .text.usart_async_enable
                0x00004d88       0x10 hal/src/hal_usart_async.o
                0x00004d88                usart_async_enable
 .text.usart_async_get_io_descriptor
                0x00004d98        0x6 hal/src/hal_usart_async.o
                0x00004d98                usart_async_get_io_descriptor
 .text.ringbuffer_init
                0x00004d9e       0x18 hal/utils/src/utils_ringbuffer.o
                0x00004d9e                ringbuffer_init
 .text.ringbuffer_get
                0x00004db6       0x22 hal/utils/src/utils_ringbuffer.o
                0x00004db6                ringbuffer_get
 .text.ringbuffer_put
                0x00004dd8       0x26 hal/utils/src/utils_ringbuffer.o
                0x00004dd8                ringbuffer_put
 .text.ringbuffer_num
                0x00004dfe        0x8 hal/utils/src/utils_ringbuffer.o
                0x00004dfe                ringbuffer_num
 *fill*         0x00004e06        0x2 
 .text._sbrk    0x00004e08       0x1c hal/utils/src/utils_syscalls.o
                0x00004e08                _sbrk
 .text.__NVIC_DisableIRQ
                0x00004e24       0x28 hpl/adc/hpl_adc.o
 .text.__NVIC_ClearPendingIRQ
                0x00004e4c       0x20 hpl/adc/hpl_adc.o
 .text.hri_adc_wait_for_sync
                0x00004e6c        0x8 hpl/adc/hpl_adc.o
 .text.hri_adc_set_CTRLA_ENABLE_bit
                0x00004e74       0x14 hpl/adc/hpl_adc.o
 .text.hri_adc_clear_CTRLA_ENABLE_bit
                0x00004e88       0x18 hpl/adc/hpl_adc.o
 .text._adc_get_regs
                0x00004ea0       0x14 hpl/adc/hpl_adc.o
 .text._adc_interrupt_handler
                0x00004eb4       0x4e hpl/adc/hpl_adc.o
 .text._adc_get_irq_num.isra.0
                0x00004f02       0x14 hpl/adc/hpl_adc.o
 *fill*         0x00004f16        0x2 
 .text._adc_init
                0x00004f18       0xc8 hpl/adc/hpl_adc.o
 .text._adc_async_init
                0x00004fe0       0xb4 hpl/adc/hpl_adc.o
                0x00004fe0                _adc_async_init
 .text._adc_async_enable_channel
                0x00005094        0xc hpl/adc/hpl_adc.o
                0x00005094                _adc_async_enable_channel
 .text._adc_async_get_data_size
                0x000050a0       0x12 hpl/adc/hpl_adc.o
                0x000050a0                _adc_async_get_data_size
 *fill*         0x000050b2        0x2 
 .text._adc_async_convert
                0x000050b4       0x18 hpl/adc/hpl_adc.o
                0x000050b4                _adc_async_convert
 .text._adc_async_set_irq_state
                0x000050cc       0x20 hpl/adc/hpl_adc.o
                0x000050cc                _adc_async_set_irq_state
 .text.ADC0_1_Handler
                0x000050ec       0x10 hpl/adc/hpl_adc.o
                0x000050ec                ADC0_1_Handler
 .text.ADC0_0_Handler
                0x000050fc        0x8 hpl/adc/hpl_adc.o
                0x000050fc                ADC0_0_Handler
 .text.ADC1_1_Handler
                0x00005104       0x10 hpl/adc/hpl_adc.o
                0x00005104                ADC1_1_Handler
 .text.ADC1_0_Handler
                0x00005114        0x8 hpl/adc/hpl_adc.o
                0x00005114                ADC1_0_Handler
 .text._get_cycles_for_ms
                0x0000511c        0x8 hpl/core/hpl_core_m4.o
                0x0000511c                _get_cycles_for_ms
 .text._init_chip
                0x00005124       0x58 hpl/core/hpl_init.o
                0x00005124                _init_chip
 .text._dmac_handler
                0x0000517c       0x50 hpl/dmac/hpl_dmac.o
 .text._dma_init
                0x000051cc       0xcc hpl/dmac/hpl_dmac.o
                0x000051cc                _dma_init
 .text._dma_set_irq_state
                0x00005298       0x28 hpl/dmac/hpl_dmac.o
                0x00005298                _dma_set_irq_state
 .text._dma_set_destination_address
                0x000052c0       0x10 hpl/dmac/hpl_dmac.o
                0x000052c0                _dma_set_destination_address
 .text._dma_set_source_address
                0x000052d0       0x10 hpl/dmac/hpl_dmac.o
                0x000052d0                _dma_set_source_address
 .text._dma_srcinc_enable
                0x000052e0       0x1c hpl/dmac/hpl_dmac.o
                0x000052e0                _dma_srcinc_enable
 .text._dma_set_data_amount
                0x000052fc       0x44 hpl/dmac/hpl_dmac.o
                0x000052fc                _dma_set_data_amount
 .text._dma_enable_transaction
                0x00005340       0x3c hpl/dmac/hpl_dmac.o
                0x00005340                _dma_enable_transaction
 .text._dma_get_channel_resource
                0x0000537c       0x14 hpl/dmac/hpl_dmac.o
                0x0000537c                _dma_get_channel_resource
 .text.DMAC_0_Handler
                0x00005390        0x8 hpl/dmac/hpl_dmac.o
                0x00005390                DMAC_0_Handler
 .text.DMAC_1_Handler
                0x00005398        0x8 hpl/dmac/hpl_dmac.o
                0x00005398                DMAC_1_Handler
 .text.DMAC_2_Handler
                0x000053a0        0x8 hpl/dmac/hpl_dmac.o
                0x000053a0                DMAC_2_Handler
 .text.DMAC_3_Handler
                0x000053a8        0x8 hpl/dmac/hpl_dmac.o
                0x000053a8                DMAC_3_Handler
 .text.DMAC_4_Handler
                0x000053b0        0x8 hpl/dmac/hpl_dmac.o
                0x000053b0                DMAC_4_Handler
 .text._crc_sync_init
                0x000053b8        0x6 hpl/dsu/hpl_dsu.o
                0x000053b8                _crc_sync_init
 .text._crc_sync_enable
                0x000053be        0x4 hpl/dsu/hpl_dsu.o
                0x000053be                _crc_sync_enable
 *fill*         0x000053c2        0x2 
 .text._crc_sync_crc32
                0x000053c4       0x7c hpl/dsu/hpl_dsu.o
                0x000053c4                _crc_sync_crc32
 .text._gclk_init_generators_by_fref
                0x00005440       0x50 hpl/gclk/hpl_gclk.o
                0x00005440                _gclk_init_generators_by_fref
 .text._mclk_init
                0x00005490        0xc hpl/mclk/hpl_mclk.o
                0x00005490                _mclk_init
 .text._flash_init
                0x0000549c       0x4c hpl/nvmctrl/hpl_nvmctrl.o
                0x0000549c                _flash_init
 .text.NVMCTRL_1_Handler
                0x000054e8       0x2c hpl/nvmctrl/hpl_nvmctrl.o
                0x000054e8                NVMCTRL_1_Handler
 .text.NVMCTRL_0_Handler
                0x00005514        0x8 hpl/nvmctrl/hpl_nvmctrl.o
                0x00005514                NVMCTRL_0_Handler
 .text._osc32kctrl_init_sources
                0x0000551c       0x14 hpl/osc32kctrl/hpl_osc32kctrl.o
                0x0000551c                _osc32kctrl_init_sources
 .text._oscctrl_init_sources
                0x00005530       0x18 hpl/oscctrl/hpl_oscctrl.o
                0x00005530                _oscctrl_init_sources
 .text._oscctrl_init_referenced_generators
                0x00005548       0xc4 hpl/oscctrl/hpl_oscctrl.o
                0x00005548                _oscctrl_init_referenced_generators
 .text._pac_get_peripheral_id
                0x0000560c       0x24 hpl/pac/hpl_pac.o
 .text._periph_get_lock_state
                0x00005630       0x48 hpl/pac/hpl_pac.o
                0x00005630                _periph_get_lock_state
 .text._periph_lock
                0x00005678       0x40 hpl/pac/hpl_pac.o
                0x00005678                _periph_lock
 .text._periph_unlock
                0x000056b8       0x3c hpl/pac/hpl_pac.o
                0x000056b8                _periph_unlock
 .text.RAMECC_Handler
                0x000056f4       0x3c hpl/ramecc/hpl_ramecc.o
                0x000056f4                RAMECC_Handler
 .text.__NVIC_EnableIRQ
                0x00005730       0x1c hpl/sercom/hpl_sercom.o
 .text.__NVIC_DisableIRQ
                0x0000574c       0x28 hpl/sercom/hpl_sercom.o
 .text.__NVIC_ClearPendingIRQ
                0x00005774       0x20 hpl/sercom/hpl_sercom.o
 .text.hri_sercomi2cm_wait_for_sync
                0x00005794        0x8 hpl/sercom/hpl_sercom.o
 .text.hri_sercomspi_wait_for_sync
                0x0000579c        0x8 hpl/sercom/hpl_sercom.o
 .text.hri_sercomusart_wait_for_sync
                0x000057a4        0x8 hpl/sercom/hpl_sercom.o
 .text.hri_sercomi2cm_clear_CTRLA_ENABLE_bit
                0x000057ac       0x14 hpl/sercom/hpl_sercom.o
 .text.hri_sercomspi_clear_CTRLA_ENABLE_bit
                0x000057c0       0x14 hpl/sercom/hpl_sercom.o
 .text.hri_sercomusart_clear_CTRLA_ENABLE_bit
                0x000057d4       0x14 hpl/sercom/hpl_sercom.o
 .text._sercom_get_hardware_index
                0x000057e8       0x34 hpl/sercom/hpl_sercom.o
 .text._sercom_init_irq_param
                0x0000581c       0x24 hpl/sercom/hpl_sercom.o
 .text._get_i2cm_index
                0x00005840       0x14 hpl/sercom/hpl_sercom.o
 .text._sercom_get_irq_num
                0x00005854       0x14 hpl/sercom/hpl_sercom.o
 .text._spi_sync_enable
                0x00005868       0x28 hpl/sercom/hpl_sercom.o
 .text._spi_get_regs
                0x00005890       0x18 hpl/sercom/hpl_sercom.o
 .text._spi_get_rx_dma_channel
                0x000058a8       0x14 hpl/sercom/hpl_sercom.o
 .text._spi_dma_rx_complete
                0x000058bc        0xa hpl/sercom/hpl_sercom.o
 .text._spi_dma_tx_complete
                0x000058c6        0xa hpl/sercom/hpl_sercom.o
 .text._spi_dma_error_occured
                0x000058d0        0xa hpl/sercom/hpl_sercom.o
 *fill*         0x000058da        0x2 
 .text._sercom_i2c_send_stop
                0x000058dc       0x14 hpl/sercom/hpl_sercom.o
 .text._sercom_i2c_sync_analyse_flags
                0x000058f0      0x16c hpl/sercom/hpl_sercom.o
 .text._spi_load_regs_master
                0x00005a5c       0x3c hpl/sercom/hpl_sercom.o
 .text._i2c_m_sync_init_impl
                0x00005a98       0xb0 hpl/sercom/hpl_sercom.o
 .text._usart_init
                0x00005b48       0x6c hpl/sercom/hpl_sercom.o
 .text._usart_async_init
                0x00005bb4       0x64 hpl/sercom/hpl_sercom.o
                0x00005bb4                _usart_async_init
 .text._usart_async_enable
                0x00005c18       0x14 hpl/sercom/hpl_sercom.o
                0x00005c18                _usart_async_enable
 .text._usart_async_write_byte
                0x00005c2c        0x6 hpl/sercom/hpl_sercom.o
                0x00005c2c                _usart_async_write_byte
 .text._usart_async_enable_byte_sent_irq
                0x00005c32        0x8 hpl/sercom/hpl_sercom.o
                0x00005c32                _usart_async_enable_byte_sent_irq
 .text._usart_async_enable_tx_done_irq
                0x00005c3a        0x8 hpl/sercom/hpl_sercom.o
                0x00005c3a                _usart_async_enable_tx_done_irq
 *fill*         0x00005c42        0x2 
 .text._i2c_m_async_init
                0x00005c44       0x64 hpl/sercom/hpl_sercom.o
                0x00005c44                _i2c_m_async_init
 .text._i2c_m_async_transfer
                0x00005ca8       0xc0 hpl/sercom/hpl_sercom.o
                0x00005ca8                _i2c_m_async_transfer
 .text._i2c_m_async_register_callback
                0x00005d68       0x1a hpl/sercom/hpl_sercom.o
                0x00005d68                _i2c_m_async_register_callback
 *fill*         0x00005d82        0x2 
 .text.SERCOM2_3_Handler
                0x00005d84       0x6c hpl/sercom/hpl_sercom.o
                0x00005d84                SERCOM2_3_Handler
 .text.SERCOM2_2_Handler
                0x00005df0        0x8 hpl/sercom/hpl_sercom.o
                0x00005df0                SERCOM2_2_Handler
 .text.SERCOM2_1_Handler
                0x00005df8        0x8 hpl/sercom/hpl_sercom.o
                0x00005df8                SERCOM2_1_Handler
 .text.SERCOM2_0_Handler
                0x00005e00        0x8 hpl/sercom/hpl_sercom.o
                0x00005e00                SERCOM2_0_Handler
 .text.SERCOM5_3_Handler
                0x00005e08       0x64 hpl/sercom/hpl_sercom.o
                0x00005e08                SERCOM5_3_Handler
 .text.SERCOM5_2_Handler
                0x00005e6c        0x8 hpl/sercom/hpl_sercom.o
                0x00005e6c                SERCOM5_2_Handler
 .text.SERCOM5_1_Handler
                0x00005e74        0x8 hpl/sercom/hpl_sercom.o
                0x00005e74                SERCOM5_1_Handler
 .text.SERCOM5_0_Handler
                0x00005e7c        0x8 hpl/sercom/hpl_sercom.o
                0x00005e7c                SERCOM5_0_Handler
 .text._spi_m_dma_init
                0x00005e84       0xb4 hpl/sercom/hpl_sercom.o
                0x00005e84                _spi_m_dma_init
 .text._spi_m_dma_enable
                0x00005f38        0xc hpl/sercom/hpl_sercom.o
                0x00005f38                _spi_m_dma_enable
 .text._spi_m_dma_register_callback
                0x00005f44       0x60 hpl/sercom/hpl_sercom.o
                0x00005f44                _spi_m_dma_register_callback
 .text._spi_m_dma_transfer
                0x00005fa4       0xec hpl/sercom/hpl_sercom.o
                0x00005fa4                _spi_m_dma_transfer
 .text._delay_init
                0x00006090       0x14 hpl/systick/hpl_systick.o
                0x00006090                _delay_init
 .text._delay_cycles
                0x000060a4       0x38 hpl/systick/hpl_systick.o
                0x000060a4                _delay_cycles
 .text.convert_cb_ADC_0
                0x000060dc        0xc main.o
 .text.tx_complete_cb_GRID_LED
                0x000060e8        0xc main.o
 .text.grid_led_set_color
                0x000060f4       0x38 main.o
                0x000060f4                grid_led_set_color
 .text.grid_led_init
                0x0000612c      0x12c main.o
                0x0000612c                grid_led_init
 .text.grid_led_tick
                0x00006258       0x3c main.o
                0x00006258                grid_led_tick
 .text.grid_led_render
                0x00006294       0xac main.o
                0x00006294                grid_led_render
 .text.grid_led_render_all
                0x00006340       0x20 main.o
                0x00006340                grid_led_render_all
 .text.grid_ain_channel_init
                0x00006360       0x34 main.o
                0x00006360                grid_ain_channel_init
 .text.grid_ain_init
                0x00006394       0x4c main.o
                0x00006394                grid_ain_init
 .text.grid_ain_add_sample
                0x000063e0       0xd0 main.o
                0x000063e0                grid_ain_add_sample
 .text.convert_cb_ADC_1
                0x000064b0       0xcc main.o
 .text.grid_ain_get_changed
                0x0000657c       0x14 main.o
                0x0000657c                grid_ain_get_changed
 .text.grid_ain_get_average
                0x00006590       0x18 main.o
                0x00006590                grid_ain_get_average
 .text.grid_tel_event_handler
                0x000065a8       0x28 main.o
                0x000065a8                grid_tel_event_handler
 .text.grid_tel_event_register
                0x000065d0       0x40 main.o
                0x000065d0                grid_tel_event_register
 .text.grid_tel_calculate_event_frequency
                0x00006610       0x1e main.o
                0x00006610                grid_tel_calculate_event_frequency
 *fill*         0x0000662e        0x2 
 .text.grid_tel_frequency_tick
                0x00006630       0x20 main.o
                0x00006630                grid_tel_frequency_tick
 .text.grid_module_init
                0x00006650       0xc8 main.o
                0x00006650                grid_module_init
 .text.startup.main
                0x00006718      0x1e4 main.o
                0x00006718                main
 .text.__libc_init_array
                0x000068fc       0x48 c:/program files (x86)/atmel/studio/7.0/toolchain/arm/arm-gnu-toolchain/bin/../lib/gcc/arm-none-eabi/6.3.1/../../../../arm-none-eabi/lib/thumb/v7e-m\libc_nano.a(lib_a-init.o)
                0x000068fc                __libc_init_array
 .text.malloc   0x00006944       0x10 c:/program files (x86)/atmel/studio/7.0/toolchain/arm/arm-gnu-toolchain/bin/../lib/gcc/arm-none-eabi/6.3.1/../../../../arm-none-eabi/lib/thumb/v7e-m\libc_nano.a(lib_a-malloc.o)
                0x00006944                malloc
 .text.memcpy   0x00006954       0x16 c:/program files (x86)/atmel/studio/7.0/toolchain/arm/arm-gnu-toolchain/bin/../lib/gcc/arm-none-eabi/6.3.1/../../../../arm-none-eabi/lib/thumb/v7e-m\libc_nano.a(lib_a-memcpy-stub.o)
                0x00006954                memcpy
 *fill*         0x0000696a        0x2 
 .text._free_r  0x0000696c       0x9c c:/program files (x86)/atmel/studio/7.0/toolchain/arm/arm-gnu-toolchain/bin/../lib/gcc/arm-none-eabi/6.3.1/../../../../arm-none-eabi/lib/thumb/v7e-m\libc_nano.a(lib_a-nano-freer.o)
                0x0000696c                _free_r
 .text._malloc_r
                0x00006a08       0xbc c:/program files (x86)/atmel/studio/7.0/toolchain/arm/arm-gnu-toolchain/bin/../lib/gcc/arm-none-eabi/6.3.1/../../../../arm-none-eabi/lib/thumb/v7e-m\libc_nano.a(lib_a-nano-mallocr.o)
                0x00006a08                _malloc_r
 .text._sbrk_r  0x00006ac4       0x20 c:/program files (x86)/atmel/studio/7.0/toolchain/arm/arm-gnu-toolchain/bin/../lib/gcc/arm-none-eabi/6.3.1/../../../../arm-none-eabi/lib/thumb/v7e-m\libc_nano.a(lib_a-sbrkr.o)
                0x00006ac4                _sbrk_r
 .text.sprintf  0x00006ae4       0x48 c:/program files (x86)/atmel/studio/7.0/toolchain/arm/arm-gnu-toolchain/bin/../lib/gcc/arm-none-eabi/6.3.1/../../../../arm-none-eabi/lib/thumb/v7e-m\libc_nano.a(lib_a-sprintf.o)
                0x00006ae4                siprintf
                0x00006ae4                sprintf
 .text.__malloc_lock
                0x00006b2c        0x2 c:/program files (x86)/atmel/studio/7.0/toolchain/arm/arm-gnu-toolchain/bin/../lib/gcc/arm-none-eabi/6.3.1/../../../../arm-none-eabi/lib/thumb/v7e-m\libc_nano.a(lib_a-mlock.o)
                0x00006b2c                __malloc_lock
 .text.__malloc_unlock
                0x00006b2e        0x2 c:/program files (x86)/atmel/studio/7.0/toolchain/arm/arm-gnu-toolchain/bin/../lib/gcc/arm-none-eabi/6.3.1/../../../../arm-none-eabi/lib/thumb/v7e-m\libc_nano.a(lib_a-mlock.o)
                0x00006b2e                __malloc_unlock
 .text.__ssputs_r
                0x00006b30       0xb6 c:/program files (x86)/atmel/studio/7.0/toolchain/arm/arm-gnu-toolchain/bin/../lib/gcc/arm-none-eabi/6.3.1/../../../../arm-none-eabi/lib/thumb/v7e-m\libc_nano.a(lib_a-nano-svfprintf.o)
                0x00006b30                __ssputs_r
 *fill*         0x00006be6        0x2 
 .text._svfprintf_r
                0x00006be8      0x1e8 c:/program files (x86)/atmel/studio/7.0/toolchain/arm/arm-gnu-toolchain/bin/../lib/gcc/arm-none-eabi/6.3.1/../../../../arm-none-eabi/lib/thumb/v7e-m\libc_nano.a(lib_a-nano-svfprintf.o)
                0x00006be8                _svfiprintf_r
                0x00006be8                _svfprintf_r
 .text._printf_common
                0x00006dd0       0xec c:/program files (x86)/atmel/studio/7.0/toolchain/arm/arm-gnu-toolchain/bin/../lib/gcc/arm-none-eabi/6.3.1/../../../../arm-none-eabi/lib/thumb/v7e-m\libc_nano.a(lib_a-nano-vfprintf_i.o)
                0x00006dd0                _printf_common
 .text._printf_i
                0x00006ebc      0x240 c:/program files (x86)/atmel/studio/7.0/toolchain/arm/arm-gnu-toolchain/bin/../lib/gcc/arm-none-eabi/6.3.1/../../../../arm-none-eabi/lib/thumb/v7e-m\libc_nano.a(lib_a-nano-vfprintf_i.o)
                0x00006ebc                _printf_i
 *fill*         0x000070fc        0x4 
 .text          0x00007100       0xa0 c:/program files (x86)/atmel/studio/7.0/toolchain/arm/arm-gnu-toolchain/bin/../lib/gcc/arm-none-eabi/6.3.1/../../../../arm-none-eabi/lib/thumb/v7e-m\libc_nano.a(lib_a-memchr.o)
                0x00007100                memchr
 .text.memmove  0x000071a0       0x34 c:/program files (x86)/atmel/studio/7.0/toolchain/arm/arm-gnu-toolchain/bin/../lib/gcc/arm-none-eabi/6.3.1/../../../../arm-none-eabi/lib/thumb/v7e-m\libc_nano.a(lib_a-memmove.o)
                0x000071a0                memmove
 .text._realloc_r
                0x000071d4       0x4c c:/program files (x86)/atmel/studio/7.0/toolchain/arm/arm-gnu-toolchain/bin/../lib/gcc/arm-none-eabi/6.3.1/../../../../arm-none-eabi/lib/thumb/v7e-m\libc_nano.a(lib_a-nano-reallocr.o)
                0x000071d4                _realloc_r
 .text._malloc_usable_size_r
                0x00007220       0x12 c:/program files (x86)/atmel/studio/7.0/toolchain/arm/arm-gnu-toolchain/bin/../lib/gcc/arm-none-eabi/6.3.1/../../../../arm-none-eabi/lib/thumb/v7e-m\libc_nano.a(lib_a-nano-msizer.o)
                0x00007220                _malloc_usable_size_r
 *(.glue_7t)
 .glue_7t       0x00007232        0x0 linker stubs
 *(.glue_7)
 .glue_7        0x00007232        0x0 linker stubs
 *(.rodata .rodata* .gnu.linkonce.r.*)
 .rodata        0x00007232       0x2c hpl/adc/hpl_adc.o
 *fill*         0x0000725e        0x2 
 .rodata        0x00007260      0x100 hpl/dmac/hpl_dmac.o
 .rodata        0x00007360       0x4c hpl/sercom/hpl_sercom.o
 .rodata        0x000073ac       0x3b main.o
                0x000073ac                grid_module_mux_lookup
                0x000073e4                grid_module_din_buffer_size
                0x000073e5                grid_module_ain_buffer_size
                0x000073e6                grid_module_led_buffer_size
 .rodata.str1.1
                0x000073e7       0x25 main.o
 .rodata.__sf_fake_stderr
                0x0000740c       0x20 c:/program files (x86)/atmel/studio/7.0/toolchain/arm/arm-gnu-toolchain/bin/../lib/gcc/arm-none-eabi/6.3.1/../../../../arm-none-eabi/lib/thumb/v7e-m\libc_nano.a(lib_a-findfp.o)
                0x0000740c                __sf_fake_stderr
 .rodata.__sf_fake_stdin
                0x0000742c       0x20 c:/program files (x86)/atmel/studio/7.0/toolchain/arm/arm-gnu-toolchain/bin/../lib/gcc/arm-none-eabi/6.3.1/../../../../arm-none-eabi/lib/thumb/v7e-m\libc_nano.a(lib_a-findfp.o)
                0x0000742c                __sf_fake_stdin
 .rodata.__sf_fake_stdout
                0x0000744c       0x20 c:/program files (x86)/atmel/studio/7.0/toolchain/arm/arm-gnu-toolchain/bin/../lib/gcc/arm-none-eabi/6.3.1/../../../../arm-none-eabi/lib/thumb/v7e-m\libc_nano.a(lib_a-findfp.o)
                0x0000744c                __sf_fake_stdout
 .rodata._svfprintf_r.str1.1
                0x0000746c       0x11 c:/program files (x86)/atmel/studio/7.0/toolchain/arm/arm-gnu-toolchain/bin/../lib/gcc/arm-none-eabi/6.3.1/../../../../arm-none-eabi/lib/thumb/v7e-m\libc_nano.a(lib_a-nano-svfprintf.o)
 .rodata._printf_i.str1.1
                0x0000747d       0x22 c:/program files (x86)/atmel/studio/7.0/toolchain/arm/arm-gnu-toolchain/bin/../lib/gcc/arm-none-eabi/6.3.1/../../../../arm-none-eabi/lib/thumb/v7e-m\libc_nano.a(lib_a-nano-vfprintf_i.o)
 *(.ARM.extab* .gnu.linkonce.armextab.*)
                0x000074a0                . = ALIGN (0x4)
 *fill*         0x0000749f        0x1 
 *(.init)
 .init          0x000074a0        0x4 c:/program files (x86)/atmel/studio/7.0/toolchain/arm/arm-gnu-toolchain/bin/../lib/gcc/arm-none-eabi/6.3.1/thumb/v7e-m/crti.o
                0x000074a0                _init
 .init          0x000074a4        0x8 c:/program files (x86)/atmel/studio/7.0/toolchain/arm/arm-gnu-toolchain/bin/../lib/gcc/arm-none-eabi/6.3.1/thumb/v7e-m/crtn.o
                0x000074ac                . = ALIGN (0x4)
                0x000074ac                __preinit_array_start = .
 *(.preinit_array)
                0x000074ac                __preinit_array_end = .
                0x000074ac                . = ALIGN (0x4)
                0x000074ac                __init_array_start = .
 *(SORT(.init_array.*))
 *(.init_array)
 .init_array    0x000074ac        0x4 c:/program files (x86)/atmel/studio/7.0/toolchain/arm/arm-gnu-toolchain/bin/../lib/gcc/arm-none-eabi/6.3.1/thumb/v7e-m/crtbegin.o
                0x000074b0                __init_array_end = .
                0x000074b0                . = ALIGN (0x4)
 *crtbegin.o(.ctors)
 *(EXCLUDE_FILE(*crtend.o) .ctors)
 *(SORT(.ctors.*))
 *crtend.o(.ctors)
                0x000074b0                . = ALIGN (0x4)
 *(.fini)
 .fini          0x000074b0        0x4 c:/program files (x86)/atmel/studio/7.0/toolchain/arm/arm-gnu-toolchain/bin/../lib/gcc/arm-none-eabi/6.3.1/thumb/v7e-m/crti.o
                0x000074b0                _fini
 .fini          0x000074b4        0x8 c:/program files (x86)/atmel/studio/7.0/toolchain/arm/arm-gnu-toolchain/bin/../lib/gcc/arm-none-eabi/6.3.1/thumb/v7e-m/crtn.o
                0x000074bc                . = ALIGN (0x4)
                0x000074bc                __fini_array_start = .
 *(.fini_array)
 .fini_array    0x000074bc        0x4 c:/program files (x86)/atmel/studio/7.0/toolchain/arm/arm-gnu-toolchain/bin/../lib/gcc/arm-none-eabi/6.3.1/thumb/v7e-m/crtbegin.o
 *(SORT(.fini_array.*))
                0x000074c0                __fini_array_end = .
 *crtbegin.o(.dtors)
 *(EXCLUDE_FILE(*crtend.o) .dtors)
 *(SORT(.dtors.*))
 *crtend.o(.dtors)
                0x000074c0                . = ALIGN (0x4)
                0x000074c0                _efixed = .
                [!provide]                PROVIDE (__exidx_start, .)

.vfp11_veneer   0x000074c0        0x0
 .vfp11_veneer  0x000074c0        0x0 linker stubs

.v4_bx          0x000074c0        0x0
 .v4_bx         0x000074c0        0x0 linker stubs

.iplt           0x000074c0        0x0
 .iplt          0x000074c0        0x0 c:/program files (x86)/atmel/studio/7.0/toolchain/arm/arm-gnu-toolchain/bin/../lib/gcc/arm-none-eabi/6.3.1/thumb/v7e-m/crtbegin.o

.eh_frame       0x000074c0        0x0
 .eh_frame      0x000074c0        0x0 c:/program files (x86)/atmel/studio/7.0/toolchain/arm/arm-gnu-toolchain/bin/../lib/gcc/arm-none-eabi/6.3.1/thumb/v7e-m/crtbegin.o

.rel.dyn        0x000074c0        0x0
 .rel.iplt      0x000074c0        0x0 c:/program files (x86)/atmel/studio/7.0/toolchain/arm/arm-gnu-toolchain/bin/../lib/gcc/arm-none-eabi/6.3.1/thumb/v7e-m/crtbegin.o

.jcr            0x000074c0        0x0
 .jcr           0x000074c0        0x0 c:/program files (x86)/atmel/studio/7.0/toolchain/arm/arm-gnu-toolchain/bin/../lib/gcc/arm-none-eabi/6.3.1/thumb/v7e-m/crtbegin.o

.igot.plt       0x000074c0        0x0
 .igot.plt      0x000074c0        0x0 c:/program files (x86)/atmel/studio/7.0/toolchain/arm/arm-gnu-toolchain/bin/../lib/gcc/arm-none-eabi/6.3.1/thumb/v7e-m/crtbegin.o

.ARM.exidx
 *(.ARM.exidx* .gnu.linkonce.armexidx.*)
                [!provide]                PROVIDE (__exidx_end, .)
                0x000074c0                . = ALIGN (0x4)
                0x000074c0                _etext = .

.relocate       0x20000000      0x368 load address 0x000074c0
                0x20000000                . = ALIGN (0x4)
                0x20000000                _srelocate = .
 *(.ramfunc .ramfunc.*)
 *(.data .data.*)
 .data          0x20000000      0x304 main.o
                0x20000000                min_lookup
                0x20000100                mid_lookup
                0x20000200                max_lookup
 .data._impure_ptr
                0x20000304        0x4 c:/program files (x86)/atmel/studio/7.0/toolchain/arm/arm-gnu-toolchain/bin/../lib/gcc/arm-none-eabi/6.3.1/../../../../arm-none-eabi/lib/thumb/v7e-m\libc_nano.a(lib_a-impure.o)
                0x20000304                _impure_ptr
 .data.impure_data
                0x20000308       0x60 c:/program files (x86)/atmel/studio/7.0/toolchain/arm/arm-gnu-toolchain/bin/../lib/gcc/arm-none-eabi/6.3.1/../../../../arm-none-eabi/lib/thumb/v7e-m\libc_nano.a(lib_a-impure.o)
                0x20000368                . = ALIGN (0x4)
                0x20000368                _erelocate = .

.bkupram        0x47000000        0x0
                0x47000000                . = ALIGN (0x8)
                0x47000000                _sbkupram = .
 *(.bkupram .bkupram.*)
                0x47000000                . = ALIGN (0x8)
                0x47000000                _ebkupram = .

.qspi           0x04000000        0x0
                0x04000000                . = ALIGN (0x8)
                0x04000000                _sqspi = .
 *(.qspi .qspi.*)
                0x04000000                . = ALIGN (0x8)
                0x04000000                _eqspi = .

.bss            0x20000370      0xc18 load address 0x00007830
                0x20000370                . = ALIGN (0x4)
                0x20000370                _sbss = .
                0x20000370                _szero = .
 *(.bss .bss.*)
 .bss           0x20000370       0x1c c:/program files (x86)/atmel/studio/7.0/toolchain/arm/arm-gnu-toolchain/bin/../lib/gcc/arm-none-eabi/6.3.1/thumb/v7e-m/crtbegin.o
 .bss           0x2000038c       0x32 driver_init.o
 *fill*         0x200003be        0x2 
 .bss           0x200003c0        0x4 hal/src/hal_delay.o
 .bss           0x200003c4        0x4 hal/utils/src/utils_syscalls.o
 .bss           0x200003c8        0x8 hpl/adc/hpl_adc.o
 .bss           0x200003d0      0x180 hpl/dmac/hpl_dmac.o
 .bss           0x20000550        0x4 hpl/nvmctrl/hpl_nvmctrl.o
 .bss           0x20000554        0x8 hpl/sercom/hpl_sercom.o
 .bss           0x2000055c      0x42c main.o
                0x2000097d                grid_module_mux
                0x20000980                grid_tel_event_head
                0x20000984                grid_tel_system_uptime
 .bss.__malloc_free_list
                0x20000988        0x4 c:/program files (x86)/atmel/studio/7.0/toolchain/arm/arm-gnu-toolchain/bin/../lib/gcc/arm-none-eabi/6.3.1/../../../../arm-none-eabi/lib/thumb/v7e-m\libc_nano.a(lib_a-nano-mallocr.o)
                0x20000988                __malloc_free_list
 .bss.__malloc_sbrk_start
                0x2000098c        0x4 c:/program files (x86)/atmel/studio/7.0/toolchain/arm/arm-gnu-toolchain/bin/../lib/gcc/arm-none-eabi/6.3.1/../../../../arm-none-eabi/lib/thumb/v7e-m\libc_nano.a(lib_a-nano-mallocr.o)
                0x2000098c                __malloc_sbrk_start
 *(COMMON)
 COMMON         0x20000990      0x164 driver_init.o
                0x20000990                FLASH_0
                0x200009ac                CRC_0
                0x200009b0                ADC_1_ch
                0x200009c8                SYS_I2C
                0x20000a08                GRID_AUX
                0x20000a58                ADC_0
                0x20000a84                GRID_LED
                0x20000ab0                ADC_0_ch
                0x20000ac8                ADC_1
 *fill*         0x20000af4        0xc 
 COMMON         0x20000b00      0x400 hpl/dmac/hpl_dmac.o
                0x20000b00                _descriptor_section
                0x20000d00                _write_back_section
 COMMON         0x20000f00       0x10 hpl/ramecc/hpl_ramecc.o
                0x20000f00                device
 COMMON         0x20000f10       0x74 main.o
                0x20000f10                led_smart_buffer
                0x20000f14                io
                0x20000f18                l_buffer
                0x20000f80                io2
 COMMON         0x20000f84        0x4 c:/program files (x86)/atmel/studio/7.0/toolchain/arm/arm-gnu-toolchain/bin/../lib/gcc/arm-none-eabi/6.3.1/../../../../arm-none-eabi/lib/thumb/v7e-m\libc_nano.a(lib_a-reent.o)
                0x20000f84                errno
                0x20000f88                . = ALIGN (0x4)
                0x20000f88                _ebss = .
                0x20000f88                _ezero = .

.stack          0x20000f88    0x10000 load address 0x00008448
                0x20000f88                . = ALIGN (0x8)
                0x20000f88                _sstack = .
                0x20010f88                . = (. + STACK_SIZE)
 *fill*         0x20000f88    0x10000 
                0x20010f88                . = ALIGN (0x8)
                0x20010f88                _estack = .
                0x20010f88                . = ALIGN (0x4)
                0x20010f88                _end = .
OUTPUT(grid_toplevel.elf elf32-littlearm)

.ARM.attributes
                0x00000000       0x2e
 .ARM.attributes
                0x00000000       0x1e c:/program files (x86)/atmel/studio/7.0/toolchain/arm/arm-gnu-toolchain/bin/../lib/gcc/arm-none-eabi/6.3.1/thumb/v7e-m/crti.o
 .ARM.attributes
                0x0000001e       0x2e c:/program files (x86)/atmel/studio/7.0/toolchain/arm/arm-gnu-toolchain/bin/../lib/gcc/arm-none-eabi/6.3.1/thumb/v7e-m/crtbegin.o
 .ARM.attributes
                0x0000004c       0x37 atmel_start.o
 .ARM.attributes
                0x00000083       0x37 Device_Startup/startup_samd51.o
 .ARM.attributes
                0x000000ba       0x37 driver_init.o
 .ARM.attributes
                0x000000f1       0x37 hal/src/hal_adc_async.o
 .ARM.attributes
                0x00000128       0x37 hal/src/hal_atomic.o
 .ARM.attributes
                0x0000015f       0x37 hal/src/hal_crc_sync.o
 .ARM.attributes
                0x00000196       0x37 hal/src/hal_delay.o
 .ARM.attributes
                0x000001cd       0x37 hal/src/hal_flash.o
 .ARM.attributes
                0x00000204       0x37 hal/src/hal_i2c_m_async.o
 .ARM.attributes
                0x0000023b       0x37 hal/src/hal_io.o
 .ARM.attributes
                0x00000272       0x37 hal/src/hal_spi_m_dma.o
 .ARM.attributes
                0x000002a9       0x37 hal/src/hal_usart_async.o
 .ARM.attributes
                0x000002e0       0x37 hal/utils/src/utils_ringbuffer.o
 .ARM.attributes
                0x00000317       0x37 hal/utils/src/utils_syscalls.o
 .ARM.attributes
                0x0000034e       0x37 hpl/adc/hpl_adc.o
 .ARM.attributes
                0x00000385       0x37 hpl/core/hpl_core_m4.o
 .ARM.attributes
                0x000003bc       0x37 hpl/core/hpl_init.o
 .ARM.attributes
                0x000003f3       0x37 hpl/dmac/hpl_dmac.o
 .ARM.attributes
                0x0000042a       0x37 hpl/dsu/hpl_dsu.o
 .ARM.attributes
                0x00000461       0x37 hpl/gclk/hpl_gclk.o
 .ARM.attributes
                0x00000498       0x37 hpl/mclk/hpl_mclk.o
 .ARM.attributes
                0x000004cf       0x37 hpl/nvmctrl/hpl_nvmctrl.o
 .ARM.attributes
                0x00000506       0x37 hpl/osc32kctrl/hpl_osc32kctrl.o
 .ARM.attributes
                0x0000053d       0x37 hpl/oscctrl/hpl_oscctrl.o
 .ARM.attributes
                0x00000574       0x37 hpl/pac/hpl_pac.o
 .ARM.attributes
                0x000005ab       0x37 hpl/ramecc/hpl_ramecc.o
 .ARM.attributes
                0x000005e2       0x37 hpl/sercom/hpl_sercom.o
 .ARM.attributes
                0x00000619       0x37 hpl/systick/hpl_systick.o
 .ARM.attributes
                0x00000650       0x37 main.o
 .ARM.attributes
                0x00000687       0x2e c:/program files (x86)/atmel/studio/7.0/toolchain/arm/arm-gnu-toolchain/bin/../lib/gcc/arm-none-eabi/6.3.1/../../../../arm-none-eabi/lib/thumb/v7e-m\libc_nano.a(lib_a-impure.o)
 .ARM.attributes
                0x000006b5       0x2e c:/program files (x86)/atmel/studio/7.0/toolchain/arm/arm-gnu-toolchain/bin/../lib/gcc/arm-none-eabi/6.3.1/../../../../arm-none-eabi/lib/thumb/v7e-m\libc_nano.a(lib_a-init.o)
 .ARM.attributes
                0x000006e3       0x2e c:/program files (x86)/atmel/studio/7.0/toolchain/arm/arm-gnu-toolchain/bin/../lib/gcc/arm-none-eabi/6.3.1/../../../../arm-none-eabi/lib/thumb/v7e-m\libc_nano.a(lib_a-malloc.o)
 .ARM.attributes
                0x00000711       0x2e c:/program files (x86)/atmel/studio/7.0/toolchain/arm/arm-gnu-toolchain/bin/../lib/gcc/arm-none-eabi/6.3.1/../../../../arm-none-eabi/lib/thumb/v7e-m\libc_nano.a(lib_a-memcpy-stub.o)
 .ARM.attributes
                0x0000073f       0x2e c:/program files (x86)/atmel/studio/7.0/toolchain/arm/arm-gnu-toolchain/bin/../lib/gcc/arm-none-eabi/6.3.1/../../../../arm-none-eabi/lib/thumb/v7e-m\libc_nano.a(lib_a-nano-freer.o)
 .ARM.attributes
                0x0000076d       0x2e c:/program files (x86)/atmel/studio/7.0/toolchain/arm/arm-gnu-toolchain/bin/../lib/gcc/arm-none-eabi/6.3.1/../../../../arm-none-eabi/lib/thumb/v7e-m\libc_nano.a(lib_a-nano-mallocr.o)
 .ARM.attributes
                0x0000079b       0x2e c:/program files (x86)/atmel/studio/7.0/toolchain/arm/arm-gnu-toolchain/bin/../lib/gcc/arm-none-eabi/6.3.1/../../../../arm-none-eabi/lib/thumb/v7e-m\libc_nano.a(lib_a-sbrkr.o)
 .ARM.attributes
                0x000007c9       0x2e c:/program files (x86)/atmel/studio/7.0/toolchain/arm/arm-gnu-toolchain/bin/../lib/gcc/arm-none-eabi/6.3.1/../../../../arm-none-eabi/lib/thumb/v7e-m\libc_nano.a(lib_a-sprintf.o)
 .ARM.attributes
                0x000007f7       0x2e c:/program files (x86)/atmel/studio/7.0/toolchain/arm/arm-gnu-toolchain/bin/../lib/gcc/arm-none-eabi/6.3.1/../../../../arm-none-eabi/lib/thumb/v7e-m\libc_nano.a(lib_a-findfp.o)
 .ARM.attributes
                0x00000825       0x2e c:/program files (x86)/atmel/studio/7.0/toolchain/arm/arm-gnu-toolchain/bin/../lib/gcc/arm-none-eabi/6.3.1/../../../../arm-none-eabi/lib/thumb/v7e-m\libc_nano.a(lib_a-mlock.o)
 .ARM.attributes
                0x00000853       0x2e c:/program files (x86)/atmel/studio/7.0/toolchain/arm/arm-gnu-toolchain/bin/../lib/gcc/arm-none-eabi/6.3.1/../../../../arm-none-eabi/lib/thumb/v7e-m\libc_nano.a(lib_a-nano-svfprintf.o)
 .ARM.attributes
                0x00000881       0x2e c:/program files (x86)/atmel/studio/7.0/toolchain/arm/arm-gnu-toolchain/bin/../lib/gcc/arm-none-eabi/6.3.1/../../../../arm-none-eabi/lib/thumb/v7e-m\libc_nano.a(lib_a-nano-vfprintf_i.o)
 .ARM.attributes
                0x000008af       0x2e c:/program files (x86)/atmel/studio/7.0/toolchain/arm/arm-gnu-toolchain/bin/../lib/gcc/arm-none-eabi/6.3.1/../../../../arm-none-eabi/lib/thumb/v7e-m\libc_nano.a(lib_a-reent.o)
 .ARM.attributes
                0x000008dd       0x1c c:/program files (x86)/atmel/studio/7.0/toolchain/arm/arm-gnu-toolchain/bin/../lib/gcc/arm-none-eabi/6.3.1/../../../../arm-none-eabi/lib/thumb/v7e-m\libc_nano.a(lib_a-memchr.o)
 .ARM.attributes
                0x000008f9       0x2e c:/program files (x86)/atmel/studio/7.0/toolchain/arm/arm-gnu-toolchain/bin/../lib/gcc/arm-none-eabi/6.3.1/../../../../arm-none-eabi/lib/thumb/v7e-m\libc_nano.a(lib_a-memmove.o)
 .ARM.attributes
                0x00000927       0x2e c:/program files (x86)/atmel/studio/7.0/toolchain/arm/arm-gnu-toolchain/bin/../lib/gcc/arm-none-eabi/6.3.1/../../../../arm-none-eabi/lib/thumb/v7e-m\libc_nano.a(lib_a-nano-reallocr.o)
 .ARM.attributes
                0x00000955       0x2e c:/program files (x86)/atmel/studio/7.0/toolchain/arm/arm-gnu-toolchain/bin/../lib/gcc/arm-none-eabi/6.3.1/../../../../arm-none-eabi/lib/thumb/v7e-m\libc_nano.a(lib_a-nano-msizer.o)
 .ARM.attributes
                0x00000983       0x1e c:/program files (x86)/atmel/studio/7.0/toolchain/arm/arm-gnu-toolchain/bin/../lib/gcc/arm-none-eabi/6.3.1/thumb/v7e-m/crtn.o

.comment        0x00000000       0x59
 .comment       0x00000000       0x59 atmel_start.o
                                 0x5a (size before relaxing)
 .comment       0x00000059       0x5a Device_Startup/startup_samd51.o
 .comment       0x00000059       0x5a driver_init.o
 .comment       0x00000059       0x5a hal/src/hal_adc_async.o
 .comment       0x00000059       0x5a hal/src/hal_atomic.o
 .comment       0x00000059       0x5a hal/src/hal_crc_sync.o
 .comment       0x00000059       0x5a hal/src/hal_delay.o
 .comment       0x00000059       0x5a hal/src/hal_flash.o
 .comment       0x00000059       0x5a hal/src/hal_i2c_m_async.o
 .comment       0x00000059       0x5a hal/src/hal_io.o
 .comment       0x00000059       0x5a hal/src/hal_spi_m_dma.o
 .comment       0x00000059       0x5a hal/src/hal_usart_async.o
 .comment       0x00000059       0x5a hal/utils/src/utils_ringbuffer.o
 .comment       0x00000059       0x5a hal/utils/src/utils_syscalls.o
 .comment       0x00000059       0x5a hpl/adc/hpl_adc.o
 .comment       0x00000059       0x5a hpl/core/hpl_core_m4.o
 .comment       0x00000059       0x5a hpl/core/hpl_init.o
 .comment       0x00000059       0x5a hpl/dmac/hpl_dmac.o
 .comment       0x00000059       0x5a hpl/dsu/hpl_dsu.o
 .comment       0x00000059       0x5a hpl/gclk/hpl_gclk.o
 .comment       0x00000059       0x5a hpl/mclk/hpl_mclk.o
 .comment       0x00000059       0x5a hpl/nvmctrl/hpl_nvmctrl.o
 .comment       0x00000059       0x5a hpl/osc32kctrl/hpl_osc32kctrl.o
 .comment       0x00000059       0x5a hpl/oscctrl/hpl_oscctrl.o
 .comment       0x00000059       0x5a hpl/pac/hpl_pac.o
 .comment       0x00000059       0x5a hpl/ramecc/hpl_ramecc.o
 .comment       0x00000059       0x5a hpl/sercom/hpl_sercom.o
 .comment       0x00000059       0x5a hpl/systick/hpl_systick.o
 .comment       0x00000059       0x5a main.o

.debug_frame    0x00000000      0x4a0
 .debug_frame   0x00000000       0x2c c:/program files (x86)/atmel/studio/7.0/toolchain/arm/arm-gnu-toolchain/bin/../lib/gcc/arm-none-eabi/6.3.1/../../../../arm-none-eabi/lib/thumb/v7e-m\libc_nano.a(lib_a-init.o)
 .debug_frame   0x0000002c       0x30 c:/program files (x86)/atmel/studio/7.0/toolchain/arm/arm-gnu-toolchain/bin/../lib/gcc/arm-none-eabi/6.3.1/../../../../arm-none-eabi/lib/thumb/v7e-m\libc_nano.a(lib_a-malloc.o)
 .debug_frame   0x0000005c       0x28 c:/program files (x86)/atmel/studio/7.0/toolchain/arm/arm-gnu-toolchain/bin/../lib/gcc/arm-none-eabi/6.3.1/../../../../arm-none-eabi/lib/thumb/v7e-m\libc_nano.a(lib_a-memcpy-stub.o)
 .debug_frame   0x00000084       0x38 c:/program files (x86)/atmel/studio/7.0/toolchain/arm/arm-gnu-toolchain/bin/../lib/gcc/arm-none-eabi/6.3.1/../../../../arm-none-eabi/lib/thumb/v7e-m\libc_nano.a(lib_a-nano-freer.o)
 .debug_frame   0x000000bc       0x2c c:/program files (x86)/atmel/studio/7.0/toolchain/arm/arm-gnu-toolchain/bin/../lib/gcc/arm-none-eabi/6.3.1/../../../../arm-none-eabi/lib/thumb/v7e-m\libc_nano.a(lib_a-nano-mallocr.o)
 .debug_frame   0x000000e8       0x2c c:/program files (x86)/atmel/studio/7.0/toolchain/arm/arm-gnu-toolchain/bin/../lib/gcc/arm-none-eabi/6.3.1/../../../../arm-none-eabi/lib/thumb/v7e-m\libc_nano.a(lib_a-sbrkr.o)
 .debug_frame   0x00000114       0x70 c:/program files (x86)/atmel/studio/7.0/toolchain/arm/arm-gnu-toolchain/bin/../lib/gcc/arm-none-eabi/6.3.1/../../../../arm-none-eabi/lib/thumb/v7e-m\libc_nano.a(lib_a-sprintf.o)
 .debug_frame   0x00000184      0x11c c:/program files (x86)/atmel/studio/7.0/toolchain/arm/arm-gnu-toolchain/bin/../lib/gcc/arm-none-eabi/6.3.1/../../../../arm-none-eabi/lib/thumb/v7e-m\libc_nano.a(lib_a-findfp.o)
 .debug_frame   0x000002a0       0x30 c:/program files (x86)/atmel/studio/7.0/toolchain/arm/arm-gnu-toolchain/bin/../lib/gcc/arm-none-eabi/6.3.1/../../../../arm-none-eabi/lib/thumb/v7e-m\libc_nano.a(lib_a-mlock.o)
 .debug_frame   0x000002d0       0x90 c:/program files (x86)/atmel/studio/7.0/toolchain/arm/arm-gnu-toolchain/bin/../lib/gcc/arm-none-eabi/6.3.1/../../../../arm-none-eabi/lib/thumb/v7e-m\libc_nano.a(lib_a-nano-svfprintf.o)
 .debug_frame   0x00000360       0x60 c:/program files (x86)/atmel/studio/7.0/toolchain/arm/arm-gnu-toolchain/bin/../lib/gcc/arm-none-eabi/6.3.1/../../../../arm-none-eabi/lib/thumb/v7e-m\libc_nano.a(lib_a-nano-vfprintf_i.o)
 .debug_frame   0x000003c0       0x5c c:/program files (x86)/atmel/studio/7.0/toolchain/arm/arm-gnu-toolchain/bin/../lib/gcc/arm-none-eabi/6.3.1/../../../../arm-none-eabi/lib/thumb/v7e-m\libc_nano.a(lib_a-reent.o)
 .debug_frame   0x0000041c       0x28 c:/program files (x86)/atmel/studio/7.0/toolchain/arm/arm-gnu-toolchain/bin/../lib/gcc/arm-none-eabi/6.3.1/../../../../arm-none-eabi/lib/thumb/v7e-m\libc_nano.a(lib_a-memmove.o)
 .debug_frame   0x00000444       0x3c c:/program files (x86)/atmel/studio/7.0/toolchain/arm/arm-gnu-toolchain/bin/../lib/gcc/arm-none-eabi/6.3.1/../../../../arm-none-eabi/lib/thumb/v7e-m\libc_nano.a(lib_a-nano-reallocr.o)
 .debug_frame   0x00000480       0x20 c:/program files (x86)/atmel/studio/7.0/toolchain/arm/arm-gnu-toolchain/bin/../lib/gcc/arm-none-eabi/6.3.1/../../../../arm-none-eabi/lib/thumb/v7e-m\libc_nano.a(lib_a-nano-msizer.o)
