Archive member included to satisfy reference by file (symbol)

c:/program files (x86)/atmel/studio/7.0/toolchain/arm/arm-gnu-toolchain/bin/../lib/gcc/arm-none-eabi/6.3.1/thumb/v7e-m\libgcc.a(_arm_addsubdf3.o)
                              hpl/sercom/hpl_sercom.o (__aeabi_dsub)
c:/program files (x86)/atmel/studio/7.0/toolchain/arm/arm-gnu-toolchain/bin/../lib/gcc/arm-none-eabi/6.3.1/thumb/v7e-m\libgcc.a(_arm_muldivdf3.o)
                              grid/grid_hardwaretest.o (__aeabi_dmul)
c:/program files (x86)/atmel/studio/7.0/toolchain/arm/arm-gnu-toolchain/bin/../lib/gcc/arm-none-eabi/6.3.1/thumb/v7e-m\libgcc.a(_arm_fixunsdfsi.o)
                              grid/grid_hardwaretest.o (__aeabi_d2uiz)
c:/program files (x86)/atmel/studio/7.0/toolchain/arm/arm-gnu-toolchain/bin/../lib/gcc/arm-none-eabi/6.3.1/thumb/v7e-m\libgcc.a(_aeabi_uldivmod.o)
                              hpl/sercom/hpl_sercom.o (__aeabi_uldivmod)
c:/program files (x86)/atmel/studio/7.0/toolchain/arm/arm-gnu-toolchain/bin/../lib/gcc/arm-none-eabi/6.3.1/thumb/v7e-m\libgcc.a(_udivmoddi4.o)
                              c:/program files (x86)/atmel/studio/7.0/toolchain/arm/arm-gnu-toolchain/bin/../lib/gcc/arm-none-eabi/6.3.1/thumb/v7e-m\libgcc.a(_aeabi_uldivmod.o) (__udivmoddi4)
c:/program files (x86)/atmel/studio/7.0/toolchain/arm/arm-gnu-toolchain/bin/../lib/gcc/arm-none-eabi/6.3.1/thumb/v7e-m\libgcc.a(_dvmd_tls.o)
                              c:/program files (x86)/atmel/studio/7.0/toolchain/arm/arm-gnu-toolchain/bin/../lib/gcc/arm-none-eabi/6.3.1/thumb/v7e-m\libgcc.a(_aeabi_uldivmod.o) (__aeabi_ldiv0)
c:/program files (x86)/atmel/studio/7.0/toolchain/arm/arm-gnu-toolchain/bin/../lib/gcc/arm-none-eabi/6.3.1/../../../../arm-none-eabi/lib/thumb/v7e-m\libc_nano.a(lib_a-exit.o)
                              c:/program files (x86)/atmel/studio/7.0/toolchain/arm/arm-gnu-toolchain/bin/../lib/gcc/arm-none-eabi/6.3.1/../../../../arm-none-eabi/lib/thumb/v7e-m/crt0.o (exit)
c:/program files (x86)/atmel/studio/7.0/toolchain/arm/arm-gnu-toolchain/bin/../lib/gcc/arm-none-eabi/6.3.1/../../../../arm-none-eabi/lib/thumb/v7e-m\libc_nano.a(lib_a-impure.o)
                              c:/program files (x86)/atmel/studio/7.0/toolchain/arm/arm-gnu-toolchain/bin/../lib/gcc/arm-none-eabi/6.3.1/../../../../arm-none-eabi/lib/thumb/v7e-m\libc_nano.a(lib_a-exit.o) (_global_impure_ptr)
c:/program files (x86)/atmel/studio/7.0/toolchain/arm/arm-gnu-toolchain/bin/../lib/gcc/arm-none-eabi/6.3.1/../../../../arm-none-eabi/lib/thumb/v7e-m\libc_nano.a(lib_a-init.o)
                              c:/program files (x86)/atmel/studio/7.0/toolchain/arm/arm-gnu-toolchain/bin/../lib/gcc/arm-none-eabi/6.3.1/../../../../arm-none-eabi/lib/thumb/v7e-m/crt0.o (__libc_init_array)
c:/program files (x86)/atmel/studio/7.0/toolchain/arm/arm-gnu-toolchain/bin/../lib/gcc/arm-none-eabi/6.3.1/../../../../arm-none-eabi/lib/thumb/v7e-m\libc_nano.a(lib_a-malloc.o)
                              grid/grid_ain.o (malloc)
c:/program files (x86)/atmel/studio/7.0/toolchain/arm/arm-gnu-toolchain/bin/../lib/gcc/arm-none-eabi/6.3.1/../../../../arm-none-eabi/lib/thumb/v7e-m\libc_nano.a(lib_a-memcpy-stub.o)
                              hpl/nvmctrl/hpl_nvmctrl.o (memcpy)
c:/program files (x86)/atmel/studio/7.0/toolchain/arm/arm-gnu-toolchain/bin/../lib/gcc/arm-none-eabi/6.3.1/../../../../arm-none-eabi/lib/thumb/v7e-m\libc_nano.a(lib_a-memset.o)
                              c:/program files (x86)/atmel/studio/7.0/toolchain/arm/arm-gnu-toolchain/bin/../lib/gcc/arm-none-eabi/6.3.1/../../../../arm-none-eabi/lib/thumb/v7e-m/crt0.o (memset)
c:/program files (x86)/atmel/studio/7.0/toolchain/arm/arm-gnu-toolchain/bin/../lib/gcc/arm-none-eabi/6.3.1/../../../../arm-none-eabi/lib/thumb/v7e-m\libc_nano.a(lib_a-nano-freer.o)
                              c:/program files (x86)/atmel/studio/7.0/toolchain/arm/arm-gnu-toolchain/bin/../lib/gcc/arm-none-eabi/6.3.1/../../../../arm-none-eabi/lib/thumb/v7e-m\libc_nano.a(lib_a-malloc.o) (_free_r)
c:/program files (x86)/atmel/studio/7.0/toolchain/arm/arm-gnu-toolchain/bin/../lib/gcc/arm-none-eabi/6.3.1/../../../../arm-none-eabi/lib/thumb/v7e-m\libc_nano.a(lib_a-nano-mallocr.o)
                              c:/program files (x86)/atmel/studio/7.0/toolchain/arm/arm-gnu-toolchain/bin/../lib/gcc/arm-none-eabi/6.3.1/../../../../arm-none-eabi/lib/thumb/v7e-m\libc_nano.a(lib_a-malloc.o) (_malloc_r)
c:/program files (x86)/atmel/studio/7.0/toolchain/arm/arm-gnu-toolchain/bin/../lib/gcc/arm-none-eabi/6.3.1/../../../../arm-none-eabi/lib/thumb/v7e-m\libc_nano.a(lib_a-printf.o)
                              grid/grid_d51.o (printf)
c:/program files (x86)/atmel/studio/7.0/toolchain/arm/arm-gnu-toolchain/bin/../lib/gcc/arm-none-eabi/6.3.1/../../../../arm-none-eabi/lib/thumb/v7e-m\libc_nano.a(lib_a-puts.o)
                              grid/grid_unittest.o (puts)
[...]
Memory Configuration

Name             Origin             Length             Attributes
rom              0x00004000         0x0007a000         xr
ram              0x20000000         0x00040000         xrw
bkupram          0x47000000         0x00002000         xrw
qspi             0x04000000         0x01000000         xrw
*default*        0x00000000         0xffffffff

Linker script and memory map

LOAD c:/program files (x86)/atmel/studio/7.0/toolchain/arm/arm-gnu-toolchain/bin/../lib/gcc/arm-none-eabi/6.3.1/thumb/v7e-m/crti.o
LOAD c:/program files (x86)/atmel/studio/7.0/toolchain/arm/arm-gnu-toolchain/bin/../lib/gcc/arm-none-eabi/6.3.1/thumb/v7e-m/crtbegin.o
LOAD c:/program files (x86)/atmel/studio/7.0/toolchain/arm/arm-gnu-toolchain/bin/../lib/gcc/arm-none-eabi/6.3.1/../../../../arm-none-eabi/lib/thumb/v7e-m/crt0.o
LOAD atmel_start.o
LOAD Device_Startup/startup_samd51.o
LOAD Device_Startup/system_samd51.o
LOAD driver_init.o
LOAD examples/driver_examples.o
LOAD flash/n25q256a.o
LOAD flash/spi_nor_flash.o
LOAD grid/grid_d51.o
LOAD grid/grid_debug.o
LOAD grid/grid_hardwaretest.o
LOAD grid/grid_unittest.o
LOAD grid/grid_ain.o
LOAD grid/grid_buf.o
LOAD grid/grid_led.o
LOAD grid/grid_module.o
LOAD grid/grid_module_bu16_revb.o
LOAD grid/grid_module_en16_reva.o
LOAD grid/grid_module_pbf4_reva.o
LOAD grid/grid_module_po16_revb.o
LOAD grid/grid_sys.o
LOAD grid/grid_ui.o
LOAD hal/src/hal_adc_async.o
LOAD hal/src/hal_atomic.o
LOAD hal/src/hal_cache.o
LOAD hal/src/hal_crc_sync.o
LOAD hal/src/hal_delay.o
LOAD hal/src/hal_evsys.o
LOAD hal/src/hal_flash.o
LOAD hal/src/hal_gpio.o
LOAD hal/src/hal_i2c_m_async.o
LOAD hal/src/hal_init.o
LOAD hal/src/hal_io.o
LOAD hal/src/hal_qspi_dma.o
LOAD hal/src/hal_sleep.o
LOAD hal/src/hal_spi_m_async.o
LOAD hal/src/hal_spi_m_dma.o
LOAD hal/src/hal_timer.o
LOAD hal/src/hal_usart_async.o
LOAD hal/src/hal_usart_sync.o
LOAD hal/src/hal_usb_device.o
LOAD hal/src/hal_wdt.o
LOAD hal/utils/src/utils_assert.o
LOAD hal/utils/src/utils_event.o
LOAD hal/utils/src/utils_list.o
LOAD hal/utils/src/utils_ringbuffer.o
LOAD hal/utils/src/utils_syscalls.o
LOAD hpl/adc/hpl_adc.o
LOAD hpl/cmcc/hpl_cmcc.o
LOAD hpl/core/hpl_core_m4.o
LOAD hpl/core/hpl_init.o
LOAD hpl/dmac/hpl_dmac.o
LOAD hpl/dsu/hpl_dsu.o
LOAD hpl/evsys/hpl_evsys.o
LOAD hpl/gclk/hpl_gclk.o
LOAD hpl/mclk/hpl_mclk.o
LOAD hpl/nvmctrl/hpl_nvmctrl.o
LOAD hpl/osc32kctrl/hpl_osc32kctrl.o
LOAD hpl/oscctrl/hpl_oscctrl.o
LOAD hpl/pac/hpl_pac.o
LOAD hpl/pm/hpl_pm.o
LOAD hpl/qspi/hpl_qspi.o
LOAD hpl/ramecc/hpl_ramecc.o
LOAD hpl/rtc/hpl_rtc.o
LOAD hpl/sercom/hpl_sercom.o
LOAD hpl/systick/hpl_systick.o
LOAD hpl/tc/hpl_tc.o
LOAD hpl/usb/hpl_usb.o
LOAD hpl/wdt/hpl_wdt.o
LOAD main.o
LOAD stdio_redirect/gcc/read.o
LOAD stdio_redirect/gcc/write.o
LOAD stdio_redirect/stdio_io.o
LOAD stdio_start.o
LOAD usb/class/cdc/device/cdcdf_acm.o
LOAD usb/class/hid/device/hiddf_generic.o
LOAD usb/class/hid/device/hiddf_keyboard.o
LOAD usb/class/hid/device/hiddf_mouse.o
LOAD usb/class/midi/device/audiodf_midi.o
LOAD usb/class/midi/usb_protocol_midi.o
LOAD usb/class/msc/device/mscdf.o
LOAD usb/device/usbdc.o
LOAD usb/usb_protocol.o
LOAD usb_start.o
START GROUP
LOAD c:/program files (x86)/atmel/studio/7.0/toolchain/arm/arm-gnu-toolchain/bin/../lib/gcc/arm-none-eabi/6.3.1/../../../../arm-none-eabi/lib/thumb/v7e-m\libm.a
END GROUP
START GROUP
LOAD c:/program files (x86)/atmel/studio/7.0/toolchain/arm/arm-gnu-toolchain/bin/../lib/gcc/arm-none-eabi/6.3.1/thumb/v7e-m\libgcc.a
LOAD c:/program files (x86)/atmel/studio/7.0/toolchain/arm/arm-gnu-toolchain/bin/../lib/gcc/arm-none-eabi/6.3.1/../../../../arm-none-eabi/lib/thumb/v7e-m\libc_nano.a
END GROUP
START GROUP
LOAD c:/program files (x86)/atmel/studio/7.0/toolchain/arm/arm-gnu-toolchain/bin/../lib/gcc/arm-none-eabi/6.3.1/thumb/v7e-m\libgcc.a
LOAD c:/program files (x86)/atmel/studio/7.0/toolchain/arm/arm-gnu-toolchain/bin/../lib/gcc/arm-none-eabi/6.3.1/../../../../arm-none-eabi/lib/thumb/v7e-m\libc_nano.a
END GROUP
LOAD c:/program files (x86)/atmel/studio/7.0/toolchain/arm/arm-gnu-toolchain/bin/../lib/gcc/arm-none-eabi/6.3.1/thumb/v7e-m/crtend.o
LOAD c:/program files (x86)/atmel/studio/7.0/toolchain/arm/arm-gnu-toolchain/bin/../lib/gcc/arm-none-eabi/6.3.1/thumb/v7e-m/crtn.o
                0x00010000                STACK_SIZE = DEFINED (STACK_SIZE)?STACK_SIZE:DEFINED (__stack_size__)?__stack_size__:0x10000

.text           0x00004000     0xc3bc
                0x00004000                . = ALIGN (0x4)
                0x00004000                _sfixed = .
 *(.vectors .vectors.*)
 .vectors       0x00004000      0x264 Device_Startup/startup_samd51.o
                0x00004000                exception_table
 *(.text .text.* .gnu.linkonce.t.*)
 .text          0x00004264       0x6c c:/program files (x86)/atmel/studio/7.0/toolchain/arm/arm-gnu-toolchain/bin/../lib/gcc/arm-none-eabi/6.3.1/thumb/v7e-m/crtbegin.o
 .text.atmel_start_init
                0x000042d0       0x20 atmel_start.o
                0x000042d0                atmel_start_init
 .text.Dummy_Handler
                0x000042f0        0x2 Device_Startup/startup_samd51.o
                0x000042f0                EIC_5_Handler
                0x000042f0                SVCall_Handler
                0x000042f0                EIC_13_Handler
                0x000042f0                EVSYS_0_Handler
                0x000042f0                TCC1_3_Handler
                0x000042f0                DAC_3_Handler
                0x000042f0                TRNG_Handler
                0x000042f0                HardFault_Handler
                0x000042f0                PDEC_2_Handler
                0x000042f0                EIC_4_Handler
                0x000042f0                AC_Handler
                0x000042f0                SysTick_Handler
                0x000042f0                TCC2_3_Handler
                0x000042f0                PendSV_Handler
                0x000042f0                TC7_Handler
                0x000042f0                EVSYS_3_Handler
                0x000042f0                PDEC_0_Handler
                0x000042f0                QSPI_Handler
                0x000042f0                NonMaskableInt_Handler
                0x000042f0                TCC0_0_Handler
                0x000042f0                EIC_3_Handler
                0x000042f0                MemManagement_Handler
                0x000042f0                DAC_2_Handler
                0x000042f0                UsageFault_Handler
                0x000042f0                EIC_10_Handler
                0x000042f0                EIC_11_Handler
                0x000042f0                EIC_9_Handler
                0x000042f0                OSC32KCTRL_Handler
                0x000042f0                TCC2_1_Handler
                0x000042f0                SUPC_1_Handler
                0x000042f0                TCC0_5_Handler
                0x000042f0                TCC0_6_Handler
                0x000042f0                EVSYS_1_Handler
                0x000042f0                TCC1_4_Handler
                0x000042f0                TC6_Handler
                0x000042f0                WDT_Handler
                0x000042f0                EIC_8_Handler
                0x000042f0                EIC_15_Handler
                0x000042f0                TC4_Handler
                0x000042f0                OSCCTRL_4_Handler
                0x000042f0                EIC_12_Handler
                0x000042f0                TCC4_2_Handler
                0x000042f0                PAC_Handler
                0x000042f0                TCC1_0_Handler
                0x000042f0                OSCCTRL_0_Handler
                0x000042f0                EIC_0_Handler
                0x000042f0                OSCCTRL_3_Handler
                0x000042f0                Dummy_Handler
                0x000042f0                TCC3_0_Handler
                0x000042f0                TCC2_2_Handler
                0x000042f0                TCC1_1_Handler
                0x000042f0                OSCCTRL_2_Handler
                0x000042f0                TCC1_2_Handler
                0x000042f0                SERCOM7_1_Handler
                0x000042f0                PM_Handler
                0x000042f0                SERCOM2_3_Handler
                0x000042f0                DAC_4_Handler
                0x000042f0                TCC3_2_Handler
                0x000042f0                SERCOM7_0_Handler
                0x000042f0                TCC0_2_Handler
                0x000042f0                TCC4_0_Handler
                0x000042f0                SERCOM7_3_Handler
                0x000042f0                SDHC1_Handler
                0x000042f0                SERCOM7_2_Handler
                0x000042f0                TCC2_0_Handler
                0x000042f0                PDEC_1_Handler
                0x000042f0                TCC4_1_Handler
                0x000042f0                SDHC0_Handler
                0x000042f0                I2S_Handler
                0x000042f0                EIC_2_Handler
                0x000042f0                PCC_Handler
                0x000042f0                DAC_0_Handler
                0x000042f0                TCC0_1_Handler
                0x000042f0                EIC_6_Handler
                0x000042f0                OSCCTRL_1_Handler
                0x000042f0                PUKCC_Handler
                0x000042f0                SERCOM2_1_Handler
                0x000042f0                EIC_1_Handler
                0x000042f0                EVSYS_4_Handler
                0x000042f0                EIC_7_Handler
                0x000042f0                SERCOM2_2_Handler
                0x000042f0                TCC3_1_Handler
                0x000042f0                EIC_14_Handler
                0x000042f0                DAC_1_Handler
                0x000042f0                MCLK_Handler
                0x000042f0                EVSYS_2_Handler
                0x000042f0                SUPC_0_Handler
                0x000042f0                BusFault_Handler
                0x000042f0                FREQM_Handler
                0x000042f0                TCC0_3_Handler
                0x000042f0                DebugMonitor_Handler
                0x000042f0                TCC0_4_Handler
                0x000042f0                TC5_Handler
                0x000042f0                SERCOM2_0_Handler
                0x000042f0                AES_Handler
                0x000042f0                ICM_Handler
 *fill*         0x000042f2        0x2 
 .text.Reset_Handler
                0x000042f4       0x78 Device_Startup/startup_samd51.o
                0x000042f4                Reset_Handler
 .text._gpio_set_pin_function
                0x0000436c       0x68 driver_init.o
 .text.gpio_set_pin_direction
                0x000043d4       0x68 driver_init.o
 .text.ADC_0_init
                0x0000443c       0x80 driver_init.o
                0x0000443c                ADC_0_init
 .text.ADC_1_init
                0x000044bc       0x84 driver_init.o
                0x000044bc                ADC_1_init
 .text.CRC_0_init
                0x00004540       0x24 driver_init.o
                0x00004540                CRC_0_init
 .text.EVENT_SYSTEM_0_init
                0x00004564       0x30 driver_init.o
                0x00004564                EVENT_SYSTEM_0_init
 .text.FLASH_0_CLOCK_init
                0x00004594       0x10 driver_init.o
                0x00004594                FLASH_0_CLOCK_init
 .text.FLASH_0_init
                0x000045a4       0x24 driver_init.o
                0x000045a4                FLASH_0_init
 .text.QSPI_INSTANCE_PORT_init
                0x000045c8       0xdc driver_init.o
                0x000045c8                QSPI_INSTANCE_PORT_init
 .text.QSPI_INSTANCE_CLOCK_init
                0x000046a4       0x20 driver_init.o
                0x000046a4                QSPI_INSTANCE_CLOCK_init
 .text.QSPI_INSTANCE_init
                0x000046c4       0x2c driver_init.o
                0x000046c4                QSPI_INSTANCE_init
 .text.USART_EAST_CLOCK_init
                0x000046f0       0x24 driver_init.o
                0x000046f0                USART_EAST_CLOCK_init
 .text.USART_EAST_PORT_init
                0x00004714       0x24 driver_init.o
                0x00004714                USART_EAST_PORT_init
 .text.USART_EAST_init
                0x00004738       0x38 driver_init.o
                0x00004738                USART_EAST_init
 .text.USART_NORTH_CLOCK_init
                0x00004770       0x24 driver_init.o
                0x00004770                USART_NORTH_CLOCK_init
 .text.USART_NORTH_PORT_init
                0x00004794       0x24 driver_init.o
                0x00004794                USART_NORTH_PORT_init
 .text.USART_NORTH_init
                0x000047b8       0x38 driver_init.o
                0x000047b8                USART_NORTH_init
 .text.GRID_AUX_PORT_init
                0x000047f0       0x24 driver_init.o
                0x000047f0                GRID_AUX_PORT_init
 .text.GRID_AUX_CLOCK_init
                0x00004814       0x24 driver_init.o
                0x00004814                GRID_AUX_CLOCK_init
 .text.GRID_AUX_init
                0x00004838       0x2c driver_init.o
                0x00004838                GRID_AUX_init
 .text.UI_SPI_PORT_init
                0x00004864       0x68 driver_init.o
                0x00004864                UI_SPI_PORT_init
 .text.UI_SPI_CLOCK_init
                0x000048cc       0x24 driver_init.o
                0x000048cc                UI_SPI_CLOCK_init
 .text.UI_SPI_init
                0x000048f0       0x2c driver_init.o
                0x000048f0                UI_SPI_init
 .text.USART_WEST_CLOCK_init
                0x0000491c       0x24 driver_init.o
                0x0000491c                USART_WEST_CLOCK_init
 .text.USART_WEST_PORT_init
                0x00004940       0x24 driver_init.o
                0x00004940                USART_WEST_PORT_init
 .text.USART_WEST_init
                0x00004964       0x38 driver_init.o
                0x00004964                USART_WEST_init
 .text.SYS_I2C_PORT_init
                0x0000499c       0x40 driver_init.o
                0x0000499c                SYS_I2C_PORT_init
 .text.SYS_I2C_CLOCK_init
                0x000049dc       0x24 driver_init.o
                0x000049dc                SYS_I2C_CLOCK_init
 .text.SYS_I2C_init
                0x00004a00       0x2c driver_init.o
                0x00004a00                SYS_I2C_init
 .text.USART_SOUTH_CLOCK_init
                0x00004a2c       0x24 driver_init.o
                0x00004a2c                USART_SOUTH_CLOCK_init
 .text.USART_SOUTH_PORT_init
                0x00004a50       0x24 driver_init.o
                0x00004a50                USART_SOUTH_PORT_init
 .text.USART_SOUTH_init
                0x00004a74       0x38 driver_init.o
                0x00004a74                USART_SOUTH_init
 .text.GRID_LED_PORT_init
                0x00004aac       0x68 driver_init.o
                0x00004aac                GRID_LED_PORT_init
 .text.GRID_LED_CLOCK_init
                0x00004b14       0x24 driver_init.o
                0x00004b14                GRID_LED_CLOCK_init
 .text.GRID_LED_init
                0x00004b38       0x2c driver_init.o
                0x00004b38                GRID_LED_init
 .text.delay_driver_init
                0x00004b64       0x10 driver_init.o
                0x00004b64                delay_driver_init
 .text.USB_DEVICE_INSTANCE_PORT_init
                0x00004b74       0x60 driver_init.o
                0x00004b74                USB_DEVICE_INSTANCE_PORT_init
 .text.USB_DEVICE_INSTANCE_CLOCK_init
                0x00004bd4       0x24 driver_init.o
                0x00004bd4                USB_DEVICE_INSTANCE_CLOCK_init
 .text.USB_DEVICE_INSTANCE_init
                0x00004bf8       0x20 driver_init.o
                0x00004bf8                USB_DEVICE_INSTANCE_init
 .text.WDT_0_CLOCK_init
                0x00004c18       0x10 driver_init.o
                0x00004c18                WDT_0_CLOCK_init
 .text.WDT_0_init
                0x00004c28       0x24 driver_init.o
                0x00004c28                WDT_0_init
 .text.system_init
                0x00004c4c      0x2a8 driver_init.o
                0x00004c4c                system_init
 .text.grid_d51_bitmap_write_bit
                0x00004ef4       0x3a grid/grid_d51.o
                0x00004ef4                grid_d51_bitmap_write_bit
 *fill*         0x00004f2e        0x2 
 .text.grid_d51_verify_user_row
                0x00004f30      0x198 grid/grid_d51.o
                0x00004f30                grid_d51_verify_user_row
 .text.grid_d51_init
                0x000050c8       0x4c grid/grid_d51.o
                0x000050c8                grid_d51_init
 .text.grid_ain_channel_init
                0x00005114       0x34 grid/grid_ain.o
                0x00005114                grid_ain_channel_init
 .text.grid_ain_init
                0x00005148       0x44 grid/grid_ain.o
                0x00005148                grid_ain_init
 .text.grid_ain_add_sample
                0x0000518c       0xd0 grid/grid_ain.o
                0x0000518c                grid_ain_add_sample
 .text.grid_ain_get_changed
                0x0000525c       0x10 grid/grid_ain.o
                0x0000525c                grid_ain_get_changed
 .text.grid_ain_get_average
                0x0000526c       0x28 grid/grid_ain.o
                0x0000526c                grid_ain_get_average
 .text.grid_buffer_init
                0x00005294       0x44 grid/grid_buf.o
                0x00005294                grid_buffer_init
 .text.grid_buffer_write_size
                0x000052d8       0x14 grid/grid_buf.o
                0x000052d8                grid_buffer_write_size
 .text.grid_buffer_write_init
                0x000052ec       0x2c grid/grid_buf.o
                0x000052ec                grid_buffer_write_init
 .text.grid_buffer_write_character
                0x00005318       0x1c grid/grid_buf.o
                0x00005318                grid_buffer_write_character
 .text.grid_buffer_write_acknowledge
                0x00005334       0x10 grid/grid_buf.o
                0x00005334                grid_buffer_write_acknowledge
 .text.grid_buffer_read_size
                0x00005344       0x4c grid/grid_buf.o
                0x00005344                grid_buffer_read_size
 .text.grid_buffer_read_init
                0x00005390       0x5c grid/grid_buf.o
                0x00005390                grid_buffer_read_init
 .text.grid_buffer_read_character
                0x000053ec       0x24 grid/grid_buf.o
                0x000053ec                grid_buffer_read_character
 .text.grid_buffer_read_acknowledge
                0x00005410       0x10 grid/grid_buf.o
                0x00005410                grid_buffer_read_acknowledge
 .text.grid_port_init
                0x00005420       0xd8 grid/grid_buf.o
                0x00005420                grid_port_init
 .text.grid_port_init_all
                0x000054f8       0xf4 grid/grid_buf.o
                0x000054f8                grid_port_init_all
 .text.grid_port_process_inbound
                0x000055ec      0x1a0 grid/grid_buf.o
                0x000055ec                grid_port_process_inbound
 .text.grid_port_process_outbound_usb
                0x0000578c      0x278 grid/grid_buf.o
                0x0000578c                grid_port_process_outbound_usb
 .text.grid_port_process_outbound_ui
                0x00005a04      0x134 grid/grid_buf.o
                0x00005a04                grid_port_process_outbound_ui
 .text.grid_port_process_outbound_usart
                0x00005b38       0x6c grid/grid_buf.o
                0x00005b38                grid_port_process_outbound_usart
 .text.grid_led_hardware_transfer_complete_cb
                0x00005ba4        0xc grid/grid_led.o
 .text.grid_led_set_color
                0x00005bb0       0x4c grid/grid_led.o
                0x00005bb0                grid_led_set_color
 .text.grid_led_hardware_init
                0x00005bfc       0x2c grid/grid_led.o
                0x00005bfc                grid_led_hardware_init
 .text.grid_led_get_led_number
                0x00005c28        0x4 grid/grid_led.o
                0x00005c28                grid_led_get_led_number
 .text.grid_led_tick
                0x00005c2c       0x34 grid/grid_led.o
                0x00005c2c                grid_led_tick
 .text.grid_led_set_min
                0x00005c60       0x20 grid/grid_led.o
                0x00005c60                grid_led_set_min
 .text.grid_led_set_mid
                0x00005c80       0x20 grid/grid_led.o
                0x00005c80                grid_led_set_mid
 .text.grid_led_set_max
                0x00005ca0       0x20 grid/grid_led.o
                0x00005ca0                grid_led_set_max
 .text.grid_led_set_phase
                0x00005cc0       0x14 grid/grid_led.o
                0x00005cc0                grid_led_set_phase
 .text.grid_led_set_frequency
                0x00005cd4       0x14 grid/grid_led.o
                0x00005cd4                grid_led_set_frequency
 .text.grid_led_buffer_init
                0x00005ce8      0x16c grid/grid_led.o
                0x00005ce8                grid_led_buffer_init
 .text.grid_led_render
                0x00005e54       0xb0 grid/grid_led.o
                0x00005e54                grid_led_render
 .text.grid_led_render_all
                0x00005f04       0x20 grid/grid_led.o
                0x00005f04                grid_led_render_all
 .text.grid_led_hardware_start_transfer_blocking
                0x00005f24       0x34 grid/grid_led.o
                0x00005f24                grid_led_hardware_start_transfer_blocking
 .text.grid_led_startup_animation
                0x00005f58       0xb8 grid/grid_led.o
                0x00005f58                grid_led_startup_animation
 .text.grid_led_init
                0x00006010       0xbc grid/grid_led.o
                0x00006010                grid_led_init
 .text.grid_led_hardware_start_transfer
                0x000060cc       0x30 grid/grid_led.o
                0x000060cc                grid_led_hardware_start_transfer
 .text.grid_module_common_init
                0x000060fc       0xcc grid/grid_module.o
                0x000060fc                grid_module_common_init
 .text.grid_module_bu16_revb_hardware_start_transfer
                0x000061c8       0x20 grid/grid_module_bu16_revb.o
                0x000061c8                grid_module_bu16_revb_hardware_start_transfer
 .text.grid_module_bu16_revb_hardware_transfer_complete_cb
                0x000061e8      0x230 grid/grid_module_bu16_revb.o
 .text.grid_module_bu16_revb_hardware_init
                0x00006418       0x48 grid/grid_module_bu16_revb.o
                0x00006418                grid_module_bu16_revb_hardware_init
 .text.grid_module_bu16_revb_init
                0x00006460       0xfc grid/grid_module_bu16_revb.o
                0x00006460                grid_module_bu16_revb_init
 .text.grid_module_en16_reva_hardware_start_transfer
                0x0000655c       0x3c grid/grid_module_en16_reva.o
                0x0000655c                grid_module_en16_reva_hardware_start_transfer
 .text.grid_module_en16_reva_hardware_transfer_complete_cb
                0x00006598      0x310 grid/grid_module_en16_reva.o
                0x00006598                grid_module_en16_reva_hardware_transfer_complete_cb
 .text.grid_module_en16_reva_hardware_init
                0x000068a8       0x68 grid/grid_module_en16_reva.o
                0x000068a8                grid_module_en16_reva_hardware_init
 .text.grid_module_en16_reva_init
                0x00006910      0x128 grid/grid_module_en16_reva.o
                0x00006910                grid_module_en16_reva_init
 .text.grid_module_pbf4_reva_hardware_start_transfer
                0x00006a38       0x20 grid/grid_module_pbf4_reva.o
                0x00006a38                grid_module_pbf4_reva_hardware_start_transfer
 .text.grid_module_pbf4_reva_hardware_transfer_complete_cb
                0x00006a58      0x3b4 grid/grid_module_pbf4_reva.o
                0x00006a58                grid_module_pbf4_reva_hardware_transfer_complete_cb
 .text.grid_module_pbf4_reva_hardware_init
                0x00006e0c       0x48 grid/grid_module_pbf4_reva.o
                0x00006e0c                grid_module_pbf4_reva_hardware_init
 .text.grid_module_pbf4_reva_init
                0x00006e54       0xf0 grid/grid_module_pbf4_reva.o
                0x00006e54                grid_module_pbf4_reva_init
 .text.grid_module_po16_revb_hardware_start_transfer
                0x00006f44       0x20 grid/grid_module_po16_revb.o
                0x00006f44                grid_module_po16_revb_hardware_start_transfer
 *fill*         0x00006f64        0x4 
 .text.grid_module_po16_revb_hardware_transfer_complete_cb
                0x00006f68      0x24c grid/grid_module_po16_revb.o
 .text.grid_module_po16_revb_hardware_init
                0x000071b4       0x48 grid/grid_module_po16_revb.o
                0x000071b4                grid_module_po16_revb_hardware_init
 .text.grid_module_po16_revb_init
                0x000071fc       0xe4 grid/grid_module_po16_revb.o
                0x000071fc                grid_module_po16_revb_init
 .text.gpio_set_pin_pull_mode.constprop.2
                0x000072e0       0x28 grid/grid_sys.o
 .text.tx_cb_USART_GRID
                0x00007308       0x1a grid/grid_sys.o
                0x00007308                tx_cb_USART_GRID
 *fill*         0x00007322        0x2 
 .text.tx_cb_USART_GRID_W
                0x00007324       0x10 grid/grid_sys.o
 .text.tx_cb_USART_GRID_S
                0x00007334       0x10 grid/grid_sys.o
 .text.tx_cb_USART_GRID_E
                0x00007344       0x10 grid/grid_sys.o
 .text.tx_cb_USART_GRID_N
                0x00007354       0x10 grid/grid_sys.o
 .text.err_cb_USART_GRID
                0x00007364       0x10 grid/grid_sys.o
                0x00007364                err_cb_USART_GRID
 .text.err_cb_USART_GRID_W
                0x00007374       0x10 grid/grid_sys.o
 .text.err_cb_USART_GRID_S
                0x00007384       0x10 grid/grid_sys.o
 .text.err_cb_USART_GRID_E
                0x00007394       0x10 grid/grid_sys.o
 .text.err_cb_USART_GRID_N
                0x000073a4       0x10 grid/grid_sys.o
 .text.grid_sys_port_reset_dma
                0x000073b4       0x20 grid/grid_sys.o
                0x000073b4                grid_sys_port_reset_dma
 .text.dma_transfer_complete_n_cb
                0x000073d4       0x10 grid/grid_sys.o
                0x000073d4                dma_transfer_complete_n_cb
 .text.dma_transfer_complete_e_cb
                0x000073e4       0x10 grid/grid_sys.o
                0x000073e4                dma_transfer_complete_e_cb
 .text.dma_transfer_complete_s_cb
                0x000073f4       0x10 grid/grid_sys.o
                0x000073f4                dma_transfer_complete_s_cb
 .text.dma_transfer_complete_w_cb
                0x00007404       0x10 grid/grid_sys.o
                0x00007404                dma_transfer_complete_w_cb
 .text.grid_sys_uart_init
                0x00007414      0x104 grid/grid_sys.o
                0x00007414                grid_sys_uart_init
 .text.grid_sys_dma_rx_init_one
                0x00007518       0x64 grid/grid_sys.o
                0x00007518                grid_sys_dma_rx_init_one
 .text.grid_sys_dma_rx_init
                0x0000757c       0x6c grid/grid_sys.o
                0x0000757c                grid_sys_dma_rx_init
 .text.grid_sys_rtc_get_time
                0x000075e8        0x4 grid/grid_sys.o
                0x000075e8                grid_sys_rtc_get_time
 .text.grid_sys_rtc_get_elapsed_time
                0x000075ec        0x6 grid/grid_sys.o
                0x000075ec                grid_sys_rtc_get_elapsed_time
 .text.grid_sys_rtc_tick_time
                0x000075f2        0x8 grid/grid_sys.o
                0x000075f2                grid_sys_rtc_tick_time
 .text.grid_sys_alert_read_color_changed_flag
                0x000075fa        0x4 grid/grid_sys.o
                0x000075fa                grid_sys_alert_read_color_changed_flag
 .text.grid_sys_alert_clear_color_changed_flag
                0x000075fe        0x6 grid/grid_sys.o
                0x000075fe                grid_sys_alert_clear_color_changed_flag
 .text.grid_sys_alert_get_color_intensity
                0x00007604       0x42 grid/grid_sys.o
                0x00007604                grid_sys_alert_get_color_intensity
 .text.grid_sys_alert_set_alert
                0x00007646       0x1a grid/grid_sys.o
                0x00007646                grid_sys_alert_set_alert
 .text.grid_sys_alert_get_color_r
                0x00007660        0x4 grid/grid_sys.o
                0x00007660                grid_sys_alert_get_color_r
 .text.grid_sys_alert_get_color_g
                0x00007664        0x4 grid/grid_sys.o
                0x00007664                grid_sys_alert_get_color_g
 .text.grid_sys_alert_get_color_b
                0x00007668        0x4 grid/grid_sys.o
                0x00007668                grid_sys_alert_get_color_b
 .text.grid_sys_read_hex_char_value
                0x0000766c       0x28 grid/grid_sys.o
                0x0000766c                grid_sys_read_hex_char_value
 .text.grid_sys_read_hex_string_value
                0x00007694       0x30 grid/grid_sys.o
                0x00007694                grid_sys_read_hex_string_value
 .text.grid_sys_write_hex_string_value
                0x000076c4       0x34 grid/grid_sys.o
                0x000076c4                grid_sys_write_hex_string_value
 .text.grid_sys_get_hwcfg
                0x000076f8       0xe4 grid/grid_sys.o
                0x000076f8                grid_sys_get_hwcfg
 .text.grid_sys_bank_select
                0x000077dc      0x16c grid/grid_sys.o
                0x000077dc                grid_sys_bank_select
 .text.grid_sys_init
                0x00007948       0x50 grid/grid_sys.o
                0x00007948                grid_sys_init
 .text.grid_msg_checksum_calculate
                0x00007998       0x1a grid/grid_sys.o
                0x00007998                grid_msg_checksum_calculate
 *fill*         0x000079b2        0x2 
 .text.grid_msg_checksum_read
                0x000079b4       0x1c grid/grid_sys.o
                0x000079b4                grid_msg_checksum_read
 .text.grid_msg_checksum_write
                0x000079d0       0x10 grid/grid_sys.o
                0x000079d0                grid_msg_checksum_write
 .text.grid_msg_get_id
                0x000079e0       0x20 grid/grid_sys.o
                0x000079e0                grid_msg_get_id
 .text.grid_msg_get_dx
                0x00007a00       0x20 grid/grid_sys.o
                0x00007a00                grid_msg_get_dx
 .text.grid_msg_get_dy
                0x00007a20       0x20 grid/grid_sys.o
                0x00007a20                grid_msg_get_dy
 .text.grid_msg_get_age
                0x00007a40       0x20 grid/grid_sys.o
                0x00007a40                grid_msg_get_age
 .text.grid_msg_get_rot
                0x00007a60       0x20 grid/grid_sys.o
                0x00007a60                grid_msg_get_rot
 .text.grid_msg_set_id
                0x00007a80       0x10 grid/grid_sys.o
                0x00007a80                grid_msg_set_id
 .text.grid_msg_set_dx
                0x00007a90       0x10 grid/grid_sys.o
                0x00007a90                grid_msg_set_dx
 .text.grid_msg_set_dy
                0x00007aa0       0x10 grid/grid_sys.o
                0x00007aa0                grid_msg_set_dy
 .text.grid_msg_set_age
                0x00007ab0       0x10 grid/grid_sys.o
                0x00007ab0                grid_msg_set_age
 .text.grid_msg_set_rot
                0x00007ac0       0x10 grid/grid_sys.o
                0x00007ac0                grid_msg_set_rot
 .text.grid_msg_find_recent
                0x00007ad0       0x1a grid/grid_sys.o
                0x00007ad0                grid_msg_find_recent
 .text.grid_msg_push_recent
                0x00007aea       0x16 grid/grid_sys.o
                0x00007aea                grid_msg_push_recent
 .text.grid_ui_model_init
                0x00007b00       0x20 grid/grid_ui.o
                0x00007b00                grid_ui_model_init
 .text.grid_report_init
                0x00007b20       0x84 grid/grid_ui.o
                0x00007b20                grid_report_init
 .text.grid_report_ui_init
                0x00007ba4       0x18 grid/grid_ui.o
                0x00007ba4                grid_report_ui_init
 .text.grid_report_sys_init
                0x00007bbc      0x1c0 grid/grid_ui.o
                0x00007bbc                grid_report_sys_init
 .text.grid_report_render
                0x00007d7c       0x20 grid/grid_ui.o
                0x00007d7c                grid_report_render
 .text.grid_report_ui_set_changed_flag
                0x00007d9c        0xe grid/grid_ui.o
                0x00007d9c                grid_report_ui_set_changed_flag
 .text.grid_report_sys_set_changed_flag
                0x00007daa        0xa grid/grid_ui.o
                0x00007daa                grid_report_sys_set_changed_flag
 .text.grid_report_sys_clear_changed_flag
                0x00007db4        0xa grid/grid_ui.o
                0x00007db4                grid_report_sys_clear_changed_flag
 *fill*         0x00007dbe        0x2 
 .text.grid_port_process_ui
                0x00007dc0      0x484 grid/grid_ui.o
                0x00007dc0                grid_port_process_ui
 .text.adc_async_window_threshold_reached
                0x00008244        0x8 hal/src/hal_adc_async.o
 .text.adc_async_error_occured
                0x0000824c        0x8 hal/src/hal_adc_async.o
 .text.adc_async_channel_conversion_done
                0x00008254       0x68 hal/src/hal_adc_async.o
 .text.adc_async_init
                0x000082bc       0x4c hal/src/hal_adc_async.o
                0x000082bc                adc_async_init
 .text.adc_async_register_channel_buffer
                0x00008308       0x6c hal/src/hal_adc_async.o
                0x00008308                adc_async_register_channel_buffer
 .text.adc_async_enable_channel
                0x00008374       0x10 hal/src/hal_adc_async.o
                0x00008374                adc_async_enable_channel
 .text.adc_async_register_callback
                0x00008384       0x3c hal/src/hal_adc_async.o
                0x00008384                adc_async_register_callback
 .text.adc_async_read_channel
                0x000083c0       0x74 hal/src/hal_adc_async.o
                0x000083c0                adc_async_read_channel
 .text.adc_async_start_conversion
                0x00008434       0x10 hal/src/hal_adc_async.o
                0x00008434                adc_async_start_conversion
 .text.atomic_enter_critical
                0x00008444        0xe hal/src/hal_atomic.o
                0x00008444                atomic_enter_critical
 .text.atomic_leave_critical
                0x00008452        0xc hal/src/hal_atomic.o
                0x00008452                atomic_leave_critical
 *fill*         0x0000845e        0x2 
 .text.crc_sync_init
                0x00008460        0x8 hal/src/hal_crc_sync.o
                0x00008460                crc_sync_init
 .text.delay_init
                0x00008468       0x10 hal/src/hal_delay.o
                0x00008468                delay_init
 .text.delay_us
                0x00008478       0x24 hal/src/hal_delay.o
                0x00008478                delay_us
 .text.delay_ms
                0x0000849c       0x24 hal/src/hal_delay.o
                0x0000849c                delay_ms
 .text.event_system_init
                0x000084c0        0x8 hal/src/hal_evsys.o
                0x000084c0                event_system_init
 .text.flash_ready
                0x000084c8        0x8 hal/src/hal_flash.o
 .text.flash_error
                0x000084d0        0x8 hal/src/hal_flash.o
 .text.flash_init
                0x000084d8       0x20 hal/src/hal_flash.o
                0x000084d8                flash_init
 .text.i2c_m_async_write
                0x000084f8       0x2c hal/src/hal_i2c_m_async.o
 .text.i2c_m_async_read
                0x00008524       0x2c hal/src/hal_i2c_m_async.o
 .text.i2c_tx_complete
                0x00008550        0xe hal/src/hal_i2c_m_async.o
 .text.i2c_rx_complete
                0x0000855e        0xe hal/src/hal_i2c_m_async.o
 .text.i2c_error
                0x0000856c        0xe hal/src/hal_i2c_m_async.o
 *fill*         0x0000857a        0x2 
 .text.i2c_m_async_init
                0x0000857c       0x50 hal/src/hal_i2c_m_async.o
                0x0000857c                i2c_m_async_init
 .text.io_write
                0x000085cc        0x4 hal/src/hal_io.o
                0x000085cc                io_write
 .text.io_read  0x000085d0        0x4 hal/src/hal_io.o
                0x000085d0                io_read
 .text.qspi_dma_init
                0x000085d4        0x8 hal/src/hal_qspi_dma.o
                0x000085d4                qspi_dma_init
 .text._spi_m_async_io_write
                0x000085dc       0x20 hal/src/hal_spi_m_async.o
 .text._spi_m_async_io_read
                0x000085fc       0x34 hal/src/hal_spi_m_async.o
 .text._spi_dev_error
                0x00008630       0x40 hal/src/hal_spi_m_async.o
 .text._spi_dev_complete
                0x00008670       0x2c hal/src/hal_spi_m_async.o
 .text._spi_dev_rx
                0x0000869c       0x7c hal/src/hal_spi_m_async.o
 .text._spi_dev_tx
                0x00008718       0x48 hal/src/hal_spi_m_async.o
 .text.spi_m_async_init
                0x00008760       0x64 hal/src/hal_spi_m_async.o
                0x00008760                spi_m_async_init
 .text.spi_m_async_enable
                0x000087c4        0xc hal/src/hal_spi_m_async.o
                0x000087c4                spi_m_async_enable
 .text.spi_m_async_set_baudrate
                0x000087d0       0x18 hal/src/hal_spi_m_async.o
                0x000087d0                spi_m_async_set_baudrate
 .text.spi_m_async_set_mode
                0x000087e8       0x18 hal/src/hal_spi_m_async.o
                0x000087e8                spi_m_async_set_mode
 .text.spi_m_async_transfer
                0x00008800       0x48 hal/src/hal_spi_m_async.o
                0x00008800                spi_m_async_transfer
 .text.spi_m_async_register_callback
                0x00008848       0x1c hal/src/hal_spi_m_async.o
                0x00008848                spi_m_async_register_callback
 .text.spi_m_async_get_io_descriptor
                0x00008864        0x8 hal/src/hal_spi_m_async.o
                0x00008864                spi_m_async_get_io_descriptor
 .text._spi_m_dma_io_write
                0x0000886c       0x18 hal/src/hal_spi_m_dma.o
 .text._spi_m_dma_io_read
                0x00008884       0x18 hal/src/hal_spi_m_dma.o
 .text.spi_m_dma_init
                0x0000889c       0x24 hal/src/hal_spi_m_dma.o
                0x0000889c                spi_m_dma_init
 .text.spi_m_dma_enable
                0x000088c0        0xc hal/src/hal_spi_m_dma.o
                0x000088c0                spi_m_dma_enable
 .text.spi_m_dma_register_callback
                0x000088cc        0xc hal/src/hal_spi_m_dma.o
                0x000088cc                spi_m_dma_register_callback
 .text.spi_m_dma_get_io_descriptor
                0x000088d8        0x8 hal/src/hal_spi_m_dma.o
                0x000088d8                spi_m_dma_get_io_descriptor
 .text.timer_add_timer_task
                0x000088e0       0x4c hal/src/hal_timer.o
 .text.timer_process_counted
                0x0000892c       0x6c hal/src/hal_timer.o
 .text.timer_init
                0x00008998       0x1c hal/src/hal_timer.o
                0x00008998                timer_init
 .text.timer_start
                0x000089b4       0x24 hal/src/hal_timer.o
                0x000089b4                timer_start
 .text.timer_add_task
                0x000089d8       0x78 hal/src/hal_timer.o
                0x000089d8                timer_add_task
 .text.usart_transmission_complete
                0x00008a50       0x10 hal/src/hal_usart_async.o
 .text.usart_error
                0x00008a60       0x10 hal/src/hal_usart_async.o
 .text.usart_fill_rx_buffer
                0x00008a70       0x20 hal/src/hal_usart_async.o
 .text.usart_async_write
                0x00008a90       0x34 hal/src/hal_usart_async.o
 .text.usart_process_byte_sent
                0x00008ac4       0x34 hal/src/hal_usart_async.o
 .text.usart_async_read
                0x00008af8       0x54 hal/src/hal_usart_async.o
 .text.usart_async_init
                0x00008b4c       0x60 hal/src/hal_usart_async.o
                0x00008b4c                usart_async_init
 .text.usart_async_enable
                0x00008bac       0x10 hal/src/hal_usart_async.o
                0x00008bac                usart_async_enable
 .text.usart_async_disable
                0x00008bbc       0x10 hal/src/hal_usart_async.o
                0x00008bbc                usart_async_disable
 .text.usart_async_get_io_descriptor
                0x00008bcc        0x6 hal/src/hal_usart_async.o
                0x00008bcc                usart_async_get_io_descriptor
 *fill*         0x00008bd2        0x2 
 .text.usart_async_register_callback
                0x00008bd4       0x44 hal/src/hal_usart_async.o
                0x00008bd4                usart_async_register_callback
 .text.usart_async_set_parity
                0x00008c18       0x10 hal/src/hal_usart_async.o
                0x00008c18                usart_async_set_parity
 .text.usart_sync_write
                0x00008c28       0x50 hal/src/hal_usart_sync.o
 .text.usart_sync_read
                0x00008c78       0x38 hal/src/hal_usart_sync.o
 .text.usart_sync_init
                0x00008cb0       0x24 hal/src/hal_usart_sync.o
                0x00008cb0                usart_sync_init
 .text.usart_sync_enable
                0x00008cd4       0x10 hal/src/hal_usart_sync.o
                0x00008cd4                usart_sync_enable
 .text._usb_d_find_ep
                0x00008ce4       0x30 hal/src/hal_usb_device.o
 .text.usb_d_dummy_cb_false
                0x00008d14        0x4 hal/src/hal_usb_device.o
 .text.usb_d_cb_trans_more
                0x00008d18       0x30 hal/src/hal_usb_device.o
 .text._usb_d_cb_trans_done
                0x00008d48      0x108 hal/src/hal_usb_device.o
 .text.usb_d_cb_trans_setup
                0x00008e50       0x8c hal/src/hal_usb_device.o
 .text.usb_d_init
                0x00008edc       0x68 hal/src/hal_usb_device.o
                0x00008edc                usb_d_init
 .text.usb_d_register_callback
                0x00008f44        0x8 hal/src/hal_usb_device.o
                0x00008f44                usb_d_register_callback
 .text.usb_d_enable
                0x00008f4c        0x8 hal/src/hal_usb_device.o
                0x00008f4c                usb_d_enable
 .text.usb_d_attach
                0x00008f54        0x8 hal/src/hal_usb_device.o
                0x00008f54                usb_d_attach
 .text.usb_d_get_frame_num
                0x00008f5c        0x8 hal/src/hal_usb_device.o
                0x00008f5c                usb_d_get_frame_num
 .text.usb_d_set_address
                0x00008f64        0x8 hal/src/hal_usb_device.o
                0x00008f64                usb_d_set_address
 .text.usb_d_ep_init
                0x00008f6c       0x50 hal/src/hal_usb_device.o
                0x00008f6c                usb_d_ep_init
 .text.usb_d_ep0_init
                0x00008fbc       0x10 hal/src/hal_usb_device.o
                0x00008fbc                usb_d_ep0_init
 .text.usb_d_ep_deinit
                0x00008fcc       0x2c hal/src/hal_usb_device.o
                0x00008fcc                usb_d_ep_deinit
 .text.usb_d_ep_enable
                0x00008ff8       0x40 hal/src/hal_usb_device.o
                0x00008ff8                usb_d_ep_enable
 .text.usb_d_ep_transfer
                0x00009038       0xf8 hal/src/hal_usb_device.o
                0x00009038                usb_d_ep_transfer
 .text.usb_d_ep_halt
                0x00009130       0x64 hal/src/hal_usb_device.o
                0x00009130                usb_d_ep_halt
 .text.usb_d_ep_register_callback
                0x00009194       0x4c hal/src/hal_usb_device.o
                0x00009194                usb_d_ep_register_callback
 .text.is_list_element
                0x000091e0        0xe hal/utils/src/utils_list.o
                0x000091e0                is_list_element
 .text.list_insert_as_head
                0x000091ee        0x8 hal/utils/src/utils_list.o
                0x000091ee                list_insert_as_head
 .text.list_insert_after
                0x000091f6        0x8 hal/utils/src/utils_list.o
                0x000091f6                list_insert_after
 .text.list_insert_at_end
                0x000091fe       0x18 hal/utils/src/utils_list.o
                0x000091fe                list_insert_at_end
 .text.list_remove_head
                0x00009216        0xc hal/utils/src/utils_list.o
                0x00009216                list_remove_head
 .text.ringbuffer_init
                0x00009222       0x18 hal/utils/src/utils_ringbuffer.o
                0x00009222                ringbuffer_init
 .text.ringbuffer_get
                0x0000923a       0x22 hal/utils/src/utils_ringbuffer.o
                0x0000923a                ringbuffer_get
 .text.ringbuffer_put
                0x0000925c       0x26 hal/utils/src/utils_ringbuffer.o
                0x0000925c                ringbuffer_put
 .text.ringbuffer_num
                0x00009282        0x8 hal/utils/src/utils_ringbuffer.o
                0x00009282                ringbuffer_num
 *fill*         0x0000928a        0x2 
 .text._sbrk    0x0000928c       0x1c hal/utils/src/utils_syscalls.o
                0x0000928c                _sbrk
 .text._close   0x000092a8        0x6 hal/utils/src/utils_syscalls.o
                0x000092a8                _close
 .text._fstat   0x000092ae        0xa hal/utils/src/utils_syscalls.o
                0x000092ae                _fstat
 .text._isatty  0x000092b8        0x4 hal/utils/src/utils_syscalls.o
                0x000092b8                _isatty
 .text._lseek   0x000092bc        0x4 hal/utils/src/utils_syscalls.o
                0x000092bc                _lseek
 .text.__NVIC_DisableIRQ
                0x000092c0       0x28 hpl/adc/hpl_adc.o
 .text.__NVIC_ClearPendingIRQ
                0x000092e8       0x20 hpl/adc/hpl_adc.o
 .text.hri_adc_wait_for_sync
                0x00009308        0x8 hpl/adc/hpl_adc.o
 .text.hri_adc_set_CTRLA_ENABLE_bit
                0x00009310       0x14 hpl/adc/hpl_adc.o
 .text.hri_adc_clear_CTRLA_ENABLE_bit
                0x00009324       0x18 hpl/adc/hpl_adc.o
 .text._adc_get_regs
                0x0000933c       0x14 hpl/adc/hpl_adc.o
 .text._adc_interrupt_handler
                0x00009350       0x4e hpl/adc/hpl_adc.o
 .text._adc_get_irq_num.isra.0
                0x0000939e       0x14 hpl/adc/hpl_adc.o
 *fill*         0x000093b2        0x2 
 .text._adc_init
                0x000093b4       0xc8 hpl/adc/hpl_adc.o
 .text._adc_async_init
                0x0000947c       0xb4 hpl/adc/hpl_adc.o
                0x0000947c                _adc_async_init
 .text._adc_async_enable_channel
                0x00009530        0xc hpl/adc/hpl_adc.o
                0x00009530                _adc_async_enable_channel
 .text._adc_async_get_data_size
                0x0000953c       0x12 hpl/adc/hpl_adc.o
                0x0000953c                _adc_async_get_data_size
 *fill*         0x0000954e        0x2 
 .text._adc_async_convert
                0x00009550       0x18 hpl/adc/hpl_adc.o
                0x00009550                _adc_async_convert
 .text._adc_async_set_irq_state
                0x00009568       0x20 hpl/adc/hpl_adc.o
                0x00009568                _adc_async_set_irq_state
 .text.ADC0_1_Handler
                0x00009588       0x10 hpl/adc/hpl_adc.o
                0x00009588                ADC0_1_Handler
 .text.ADC0_0_Handler
                0x00009598        0x8 hpl/adc/hpl_adc.o
                0x00009598                ADC0_0_Handler
 .text.ADC1_1_Handler
                0x000095a0       0x10 hpl/adc/hpl_adc.o
                0x000095a0                ADC1_1_Handler
 .text.ADC1_0_Handler
                0x000095b0        0x8 hpl/adc/hpl_adc.o
                0x000095b0                ADC1_0_Handler
 .text._irq_set
                0x000095b8       0x1c hpl/core/hpl_core_m4.o
                0x000095b8                _irq_set
 .text._get_cycles_for_us
                0x000095d4        0x6 hpl/core/hpl_core_m4.o
                0x000095d4                _get_cycles_for_us
 *fill*         0x000095da        0x2 
 .text._get_cycles_for_ms
                0x000095dc        0xc hpl/core/hpl_core_m4.o
                0x000095dc                _get_cycles_for_ms
 .text._init_chip
                0x000095e8       0x5c hpl/core/hpl_init.o
                0x000095e8                _init_chip
 .text._dmac_handler
                0x00009644       0x50 hpl/dmac/hpl_dmac.o
 .text._dma_init
                0x00009694       0xd0 hpl/dmac/hpl_dmac.o
                0x00009694                _dma_init
 .text._dma_set_irq_state
                0x00009764       0x28 hpl/dmac/hpl_dmac.o
                0x00009764                _dma_set_irq_state
 .text._dma_set_destination_address
                0x0000978c       0x10 hpl/dmac/hpl_dmac.o
                0x0000978c                _dma_set_destination_address
 .text._dma_set_source_address
                0x0000979c       0x10 hpl/dmac/hpl_dmac.o
                0x0000979c                _dma_set_source_address
 .text._dma_srcinc_enable
                0x000097ac       0x1c hpl/dmac/hpl_dmac.o
                0x000097ac                _dma_srcinc_enable
 .text._dma_set_data_amount
                0x000097c8       0x44 hpl/dmac/hpl_dmac.o
                0x000097c8                _dma_set_data_amount
 .text._dma_enable_transaction
                0x0000980c       0x3c hpl/dmac/hpl_dmac.o
                0x0000980c                _dma_enable_transaction
 .text._dma_get_channel_resource
                0x00009848       0x14 hpl/dmac/hpl_dmac.o
                0x00009848                _dma_get_channel_resource
 .text.DMAC_0_Handler
                0x0000985c        0x8 hpl/dmac/hpl_dmac.o
                0x0000985c                DMAC_0_Handler
 .text.DMAC_1_Handler
                0x00009864        0x8 hpl/dmac/hpl_dmac.o
                0x00009864                DMAC_1_Handler
 .text.DMAC_2_Handler
                0x0000986c        0x8 hpl/dmac/hpl_dmac.o
                0x0000986c                DMAC_2_Handler
 .text.DMAC_3_Handler
                0x00009874        0x8 hpl/dmac/hpl_dmac.o
                0x00009874                DMAC_3_Handler
 .text.DMAC_4_Handler
                0x0000987c        0x8 hpl/dmac/hpl_dmac.o
                0x0000987c                DMAC_4_Handler
 .text._crc_sync_init
                0x00009884        0x6 hpl/dsu/hpl_dsu.o
                0x00009884                _crc_sync_init
 *fill*         0x0000988a        0x2 
 .text._event_system_init
                0x0000988c       0x58 hpl/evsys/hpl_evsys.o
                0x0000988c                _event_system_init
 .text.hri_gclk_wait_for_sync.constprop.0
                0x000098e4       0x14 hpl/gclk/hpl_gclk.o
 .text._gclk_init_generators_by_fref
                0x000098f8       0x58 hpl/gclk/hpl_gclk.o
                0x000098f8                _gclk_init_generators_by_fref
 .text._mclk_init
                0x00009950        0xc hpl/mclk/hpl_mclk.o
                0x00009950                _mclk_init
 .text._user_row_write_exec
                0x0000995c       0x88 hpl/nvmctrl/hpl_nvmctrl.o
 .text._flash_init
                0x000099e4       0x4c hpl/nvmctrl/hpl_nvmctrl.o
                0x000099e4                _flash_init
 .text.NVMCTRL_1_Handler
                0x00009a30       0x2c hpl/nvmctrl/hpl_nvmctrl.o
                0x00009a30                NVMCTRL_1_Handler
 .text.NVMCTRL_0_Handler
                0x00009a5c        0x8 hpl/nvmctrl/hpl_nvmctrl.o
                0x00009a5c                NVMCTRL_0_Handler
 .text._user_area_read
                0x00009a64       0x60 hpl/nvmctrl/hpl_nvmctrl.o
                0x00009a64                _user_area_read
 .text._user_area_write
                0x00009ac4       0x78 hpl/nvmctrl/hpl_nvmctrl.o
                0x00009ac4                _user_area_write
 .text._osc32kctrl_init_sources
                0x00009b3c       0x14 hpl/osc32kctrl/hpl_osc32kctrl.o
                0x00009b3c                _osc32kctrl_init_sources
 .text._oscctrl_init_sources
                0x00009b50        0x2 hpl/oscctrl/hpl_oscctrl.o
                0x00009b50                _oscctrl_init_sources
 *fill*         0x00009b52        0x2 
 .text._oscctrl_init_referenced_generators
                0x00009b54       0xfc hpl/oscctrl/hpl_oscctrl.o
                0x00009b54                _oscctrl_init_referenced_generators
 .text._qspi_dma_tx_complete
                0x00009c50       0x14 hpl/qspi/hpl_qspi.o
 .text._qspi_dma_rx_complete
                0x00009c64        0x8 hpl/qspi/hpl_qspi.o
 .text._qspi_dma_error_occured
                0x00009c6c        0xa hpl/qspi/hpl_qspi.o
 *fill*         0x00009c76        0x2 
 .text._qspi_dma_init
                0x00009c78       0x58 hpl/qspi/hpl_qspi.o
                0x00009c78                _qspi_dma_init
 .text.RAMECC_Handler
                0x00009cd0       0x3c hpl/ramecc/hpl_ramecc.o
                0x00009cd0                RAMECC_Handler
 .text.hri_rtcmode0_wait_for_sync
                0x00009d0c        0x8 hpl/rtc/hpl_rtc.o
 .text._rtc_timer_stop
                0x00009d14       0x1c hpl/rtc/hpl_rtc.o
                0x00009d14                _rtc_timer_stop
 .text._rtc_timer_set_period
                0x00009d30       0x10 hpl/rtc/hpl_rtc.o
                0x00009d30                _rtc_timer_set_period
 .text._rtc_timer_get_period
                0x00009d40       0x14 hpl/rtc/hpl_rtc.o
                0x00009d40                _rtc_timer_get_period
 .text._rtc_timer_is_started
                0x00009d54       0x1c hpl/rtc/hpl_rtc.o
                0x00009d54                _rtc_timer_is_started
 .text._rtc_timer_set_irq
                0x00009d70        0x2 hpl/rtc/hpl_rtc.o
                0x00009d70                _rtc_timer_set_irq
 *fill*         0x00009d72        0x2 
 .text._rtc_timer_start
                0x00009d74       0x3c hpl/rtc/hpl_rtc.o
                0x00009d74                _rtc_timer_start
 .text._rtc_timer_deinit
                0x00009db0       0x28 hpl/rtc/hpl_rtc.o
                0x00009db0                _rtc_timer_deinit
 .text._rtc_timer_init
                0x00009dd8       0x48 hpl/rtc/hpl_rtc.o
                0x00009dd8                _rtc_timer_init
 .text._rtc_get_timer
                0x00009e20        0x8 hpl/rtc/hpl_rtc.o
                0x00009e20                _rtc_get_timer
 .text.RTC_Handler
                0x00009e28       0x24 hpl/rtc/hpl_rtc.o
                0x00009e28                RTC_Handler
 .text.__NVIC_EnableIRQ
                0x00009e4c       0x1c hpl/sercom/hpl_sercom.o
 .text.__NVIC_DisableIRQ
                0x00009e68       0x28 hpl/sercom/hpl_sercom.o
 .text.__NVIC_ClearPendingIRQ
                0x00009e90       0x20 hpl/sercom/hpl_sercom.o
 .text.hri_sercomi2cm_wait_for_sync
                0x00009eb0        0x8 hpl/sercom/hpl_sercom.o
 .text.hri_sercomspi_wait_for_sync
                0x00009eb8        0x8 hpl/sercom/hpl_sercom.o
 .text.hri_sercomusart_wait_for_sync
                0x00009ec0        0x8 hpl/sercom/hpl_sercom.o
 .text.hri_sercomi2cm_clear_CTRLA_ENABLE_bit
                0x00009ec8       0x14 hpl/sercom/hpl_sercom.o
 .text.hri_sercomspi_clear_CTRLA_ENABLE_bit
                0x00009edc       0x14 hpl/sercom/hpl_sercom.o
 .text.hri_sercomusart_get_CTRLA_ENABLE_bit
                0x00009ef0       0x14 hpl/sercom/hpl_sercom.o
 .text.hri_sercomusart_write_CTRLA_ENABLE_bit
                0x00009f04       0x18 hpl/sercom/hpl_sercom.o
 .text.hri_sercomusart_clear_CTRLA_ENABLE_bit
                0x00009f1c       0x14 hpl/sercom/hpl_sercom.o
 .text._sercom_get_hardware_index
                0x00009f30       0x34 hpl/sercom/hpl_sercom.o
 .text._sercom_usart_interrupt_handler
                0x00009f64       0x70 hpl/sercom/hpl_sercom.o
 .text._sercom_init_irq_param
                0x00009fd4       0x60 hpl/sercom/hpl_sercom.o
 .text._get_i2cm_index
                0x0000a034       0x14 hpl/sercom/hpl_sercom.o
 .text._sercom_get_irq_num
                0x0000a048       0x14 hpl/sercom/hpl_sercom.o
 .text._spi_sync_enable
                0x0000a05c       0x28 hpl/sercom/hpl_sercom.o
 .text._spi_get_regs
                0x0000a084       0x2c hpl/sercom/hpl_sercom.o
 .text._spi_get_tx_dma_channel
                0x0000a0b0       0x14 hpl/sercom/hpl_sercom.o
 .text._spi_get_rx_dma_channel
                0x0000a0c4       0x14 hpl/sercom/hpl_sercom.o
 .text._spi_dma_rx_complete
                0x0000a0d8        0xa hpl/sercom/hpl_sercom.o
 .text._spi_dma_tx_complete
                0x0000a0e2        0xa hpl/sercom/hpl_sercom.o
 .text._spi_dma_error_occured
                0x0000a0ec        0xa hpl/sercom/hpl_sercom.o
 *fill*         0x0000a0f6        0x2 
 .text._usart_set_parity
                0x0000a0f8       0x78 hpl/sercom/hpl_sercom.o
 .text._sercom_i2c_send_stop
                0x0000a170       0x14 hpl/sercom/hpl_sercom.o
 .text._sercom_i2c_sync_analyse_flags
                0x0000a184      0x16c hpl/sercom/hpl_sercom.o
 .text._spi_load_regs_master
                0x0000a2f0       0x3c hpl/sercom/hpl_sercom.o
 .text._spi_set_mode
                0x0000a32c       0x34 hpl/sercom/hpl_sercom.o
 .text._i2c_m_sync_init_impl
                0x0000a360       0xb0 hpl/sercom/hpl_sercom.o
 .text._usart_init
                0x0000a410       0xdc hpl/sercom/hpl_sercom.o
 .text._usart_sync_init
                0x0000a4ec        0xc hpl/sercom/hpl_sercom.o
                0x0000a4ec                _usart_sync_init
 .text._usart_async_init
                0x0000a4f8       0x64 hpl/sercom/hpl_sercom.o
                0x0000a4f8                _usart_async_init
 .text._usart_sync_enable
                0x0000a55c       0x14 hpl/sercom/hpl_sercom.o
                0x0000a55c                _usart_sync_enable
 .text._usart_async_enable
                0x0000a570       0x14 hpl/sercom/hpl_sercom.o
                0x0000a570                _usart_async_enable
 .text._usart_async_disable
                0x0000a584        0xc hpl/sercom/hpl_sercom.o
                0x0000a584                _usart_async_disable
 .text._usart_async_set_parity
                0x0000a590        0xc hpl/sercom/hpl_sercom.o
                0x0000a590                _usart_async_set_parity
 .text._usart_sync_write_byte
                0x0000a59c        0x6 hpl/sercom/hpl_sercom.o
                0x0000a59c                _usart_sync_write_byte
 .text._usart_async_write_byte
                0x0000a5a2        0x6 hpl/sercom/hpl_sercom.o
                0x0000a5a2                _usart_async_write_byte
 .text._usart_sync_read_byte
                0x0000a5a8        0x8 hpl/sercom/hpl_sercom.o
                0x0000a5a8                _usart_sync_read_byte
 .text._usart_sync_is_ready_to_send
                0x0000a5b0        0xa hpl/sercom/hpl_sercom.o
                0x0000a5b0                _usart_sync_is_ready_to_send
 .text._usart_sync_is_transmit_done
                0x0000a5ba        0xa hpl/sercom/hpl_sercom.o
                0x0000a5ba                _usart_sync_is_transmit_done
 .text._usart_sync_is_byte_received
                0x0000a5c4        0xa hpl/sercom/hpl_sercom.o
                0x0000a5c4                _usart_sync_is_byte_received
 .text._usart_async_enable_byte_sent_irq
                0x0000a5ce        0x8 hpl/sercom/hpl_sercom.o
                0x0000a5ce                _usart_async_enable_byte_sent_irq
 .text._usart_async_enable_tx_done_irq
                0x0000a5d6        0x8 hpl/sercom/hpl_sercom.o
                0x0000a5d6                _usart_async_enable_tx_done_irq
 .text._usart_async_set_irq_state
                0x0000a5de       0x32 hpl/sercom/hpl_sercom.o
                0x0000a5de                _usart_async_set_irq_state
 .text._i2c_m_async_init
                0x0000a610       0x64 hpl/sercom/hpl_sercom.o
                0x0000a610                _i2c_m_async_init
 .text._i2c_m_async_transfer
                0x0000a674       0xc0 hpl/sercom/hpl_sercom.o
                0x0000a674                _i2c_m_async_transfer
 .text._i2c_m_async_register_callback
                0x0000a734       0x1a hpl/sercom/hpl_sercom.o
                0x0000a734                _i2c_m_async_register_callback
 *fill*         0x0000a74e        0x2 
 .text.SERCOM0_3_Handler
                0x0000a750       0x10 hpl/sercom/hpl_sercom.o
                0x0000a750                SERCOM0_3_Handler
 .text.SERCOM0_2_Handler
                0x0000a760        0x8 hpl/sercom/hpl_sercom.o
                0x0000a760                SERCOM0_2_Handler
 .text.SERCOM0_1_Handler
                0x0000a768        0x8 hpl/sercom/hpl_sercom.o
                0x0000a768                SERCOM0_1_Handler
 .text.SERCOM0_0_Handler
                0x0000a770        0x8 hpl/sercom/hpl_sercom.o
                0x0000a770                SERCOM0_0_Handler
 .text.SERCOM1_3_Handler
                0x0000a778       0x10 hpl/sercom/hpl_sercom.o
                0x0000a778                SERCOM1_3_Handler
 .text.SERCOM1_2_Handler
                0x0000a788        0x8 hpl/sercom/hpl_sercom.o
                0x0000a788                SERCOM1_2_Handler
 .text.SERCOM1_1_Handler
                0x0000a790        0x8 hpl/sercom/hpl_sercom.o
                0x0000a790                SERCOM1_1_Handler
 .text.SERCOM1_0_Handler
                0x0000a798        0x8 hpl/sercom/hpl_sercom.o
                0x0000a798                SERCOM1_0_Handler
 .text.SERCOM3_3_Handler
                0x0000a7a0       0x44 hpl/sercom/hpl_sercom.o
                0x0000a7a0                SERCOM3_3_Handler
 .text.SERCOM3_2_Handler
                0x0000a7e4        0x8 hpl/sercom/hpl_sercom.o
                0x0000a7e4                SERCOM3_2_Handler
 .text.SERCOM3_1_Handler
                0x0000a7ec        0x8 hpl/sercom/hpl_sercom.o
                0x0000a7ec                SERCOM3_1_Handler
 .text.SERCOM3_0_Handler
                0x0000a7f4        0x8 hpl/sercom/hpl_sercom.o
                0x0000a7f4                SERCOM3_0_Handler
 .text.SERCOM4_3_Handler
                0x0000a7fc       0x10 hpl/sercom/hpl_sercom.o
                0x0000a7fc                SERCOM4_3_Handler
 .text.SERCOM4_2_Handler
                0x0000a80c        0x8 hpl/sercom/hpl_sercom.o
                0x0000a80c                SERCOM4_2_Handler
 .text.SERCOM4_1_Handler
                0x0000a814        0x8 hpl/sercom/hpl_sercom.o
                0x0000a814                SERCOM4_1_Handler
 .text.SERCOM4_0_Handler
                0x0000a81c        0x8 hpl/sercom/hpl_sercom.o
                0x0000a81c                SERCOM4_0_Handler
 .text.SERCOM5_3_Handler
                0x0000a824       0x64 hpl/sercom/hpl_sercom.o
                0x0000a824                SERCOM5_3_Handler
 .text.SERCOM5_2_Handler
                0x0000a888        0x8 hpl/sercom/hpl_sercom.o
                0x0000a888                SERCOM5_2_Handler
 .text.SERCOM5_1_Handler
                0x0000a890        0x8 hpl/sercom/hpl_sercom.o
                0x0000a890                SERCOM5_1_Handler
 .text.SERCOM5_0_Handler
                0x0000a898        0x8 hpl/sercom/hpl_sercom.o
                0x0000a898                SERCOM5_0_Handler
 .text.SERCOM6_3_Handler
                0x0000a8a0       0x10 hpl/sercom/hpl_sercom.o
                0x0000a8a0                SERCOM6_3_Handler
 .text.SERCOM6_2_Handler
                0x0000a8b0        0x8 hpl/sercom/hpl_sercom.o
                0x0000a8b0                SERCOM6_2_Handler
 .text.SERCOM6_1_Handler
                0x0000a8b8        0x8 hpl/sercom/hpl_sercom.o
                0x0000a8b8                SERCOM6_1_Handler
 .text.SERCOM6_0_Handler
                0x0000a8c0        0x8 hpl/sercom/hpl_sercom.o
                0x0000a8c0                SERCOM6_0_Handler
 .text._spi_m_sync_init
                0x0000a8c8       0xd0 hpl/sercom/hpl_sercom.o
                0x0000a8c8                _spi_m_sync_init
 .text._spi_m_async_init
                0x0000a998       0x58 hpl/sercom/hpl_sercom.o
                0x0000a998                _spi_m_async_init
 .text._spi_s_async_enable
                0x0000a9f0       0x34 hpl/sercom/hpl_sercom.o
                0x0000a9f0                _spi_s_async_enable
 .text._spi_m_async_enable
                0x0000aa24        0x8 hpl/sercom/hpl_sercom.o
                0x0000aa24                _spi_m_async_enable
 .text._spi_s_async_set_mode
                0x0000aa2c        0xc hpl/sercom/hpl_sercom.o
                0x0000aa2c                _spi_s_async_set_mode
 .text._spi_m_async_set_mode
                0x0000aa38        0x8 hpl/sercom/hpl_sercom.o
                0x0000aa38                _spi_m_async_set_mode
 .text._spi_m_async_set_baudrate
                0x0000aa40       0x14 hpl/sercom/hpl_sercom.o
                0x0000aa40                _spi_m_async_set_baudrate
 .text._spi_m_async_enable_tx
                0x0000aa54       0x10 hpl/sercom/hpl_sercom.o
                0x0000aa54                _spi_m_async_enable_tx
 .text._spi_m_async_enable_rx
                0x0000aa64       0x10 hpl/sercom/hpl_sercom.o
                0x0000aa64                _spi_m_async_enable_rx
 .text._spi_m_async_enable_tx_complete
                0x0000aa74       0x10 hpl/sercom/hpl_sercom.o
                0x0000aa74                _spi_m_async_enable_tx_complete
 .text._spi_m_async_write_one
                0x0000aa84        0x8 hpl/sercom/hpl_sercom.o
                0x0000aa84                _spi_m_async_write_one
 .text._spi_m_async_read_one
                0x0000aa8c        0x8 hpl/sercom/hpl_sercom.o
                0x0000aa8c                _spi_m_async_read_one
 .text._spi_m_async_register_callback
                0x0000aa94        0xa hpl/sercom/hpl_sercom.o
                0x0000aa94                _spi_m_async_register_callback
 .text._spi_m_async_set_irq_state
                0x0000aa9e       0x12 hpl/sercom/hpl_sercom.o
                0x0000aa9e                _spi_m_async_set_irq_state
 .text._spi_m_dma_init
                0x0000aab0       0xc4 hpl/sercom/hpl_sercom.o
                0x0000aab0                _spi_m_dma_init
 .text._spi_m_dma_enable
                0x0000ab74        0xc hpl/sercom/hpl_sercom.o
                0x0000ab74                _spi_m_dma_enable
 .text._spi_m_dma_register_callback
                0x0000ab80       0x64 hpl/sercom/hpl_sercom.o
                0x0000ab80                _spi_m_dma_register_callback
 .text._spi_m_dma_transfer
                0x0000abe4       0xf8 hpl/sercom/hpl_sercom.o
                0x0000abe4                _spi_m_dma_transfer
 .text._delay_init
                0x0000acdc       0x14 hpl/systick/hpl_systick.o
                0x0000acdc                _delay_init
 .text._delay_cycles
                0x0000acf0       0x38 hpl/systick/hpl_systick.o
                0x0000acf0                _delay_cycles
 .text.__NVIC_DisableIRQ
                0x0000ad28       0x28 hpl/tc/hpl_tc.o
 .text.hri_tc_wait_for_sync
                0x0000ad50        0x8 hpl/tc/hpl_tc.o
 .text._tc_timer_start
                0x0000ad58       0x14 hpl/tc/hpl_tc.o
                0x0000ad58                _tc_timer_start
 .text._tc_timer_get_period
                0x0000ad6c       0x50 hpl/tc/hpl_tc.o
                0x0000ad6c                _tc_timer_get_period
 .text._tc_timer_is_started
                0x0000adbc       0x18 hpl/tc/hpl_tc.o
                0x0000adbc                _tc_timer_is_started
 .text.tc_interrupt_handler
                0x0000add4       0x12 hpl/tc/hpl_tc.o
 *fill*         0x0000ade6        0x2 
 .text.get_tc_index
                0x0000ade8       0x50 hpl/tc/hpl_tc.o
 .text._tc_timer_set_irq
                0x0000ae38       0x28 hpl/tc/hpl_tc.o
                0x0000ae38                _tc_timer_set_irq
 .text._tc_timer_stop
                0x0000ae60       0x14 hpl/tc/hpl_tc.o
                0x0000ae60                _tc_timer_stop
 .text._tc_timer_deinit
                0x0000ae74       0x4c hpl/tc/hpl_tc.o
                0x0000ae74                _tc_timer_deinit
 .text._tc_timer_init
                0x0000aec0      0x150 hpl/tc/hpl_tc.o
                0x0000aec0                _tc_timer_init
 .text._tc_timer_set_period
                0x0000b010       0x3c hpl/tc/hpl_tc.o
                0x0000b010                _tc_timer_set_period
 .text._tc_get_timer
                0x0000b04c        0x8 hpl/tc/hpl_tc.o
                0x0000b04c                _tc_get_timer
 .text.TC0_Handler
                0x0000b054       0x10 hpl/tc/hpl_tc.o
                0x0000b054                TC0_Handler
 .text.TC1_Handler
                0x0000b064       0x10 hpl/tc/hpl_tc.o
                0x0000b064                TC1_Handler
 .text.TC2_Handler
                0x0000b074       0x10 hpl/tc/hpl_tc.o
                0x0000b074                TC2_Handler
 .text.TC3_Handler
                0x0000b084       0x10 hpl/tc/hpl_tc.o
                0x0000b084                TC3_Handler
 .text._dummy_func_no_return
                0x0000b094        0x4 hpl/usb/hpl_usb.o
 .text._usb_d_dev_wait_dfll_rdy
                0x0000b098       0x24 hpl/usb/hpl_usb.o
 .text._usb_d_dev_ept
                0x0000b0bc       0x18 hpl/usb/hpl_usb.o
 .text._usb_d_dev_handle_setup
                0x0000b0d4       0x84 hpl/usb/hpl_usb.o
 .text._usb_d_dev_handle_stall
                0x0000b158       0x28 hpl/usb/hpl_usb.o
 .text._usb_d_dev_trans_done
                0x0000b180       0x24 hpl/usb/hpl_usb.o
 .text._usb_d_dev_trans_stop
                0x0000b1a4       0x64 hpl/usb/hpl_usb.o
 .text._usb_d_dev_handle_trfail
                0x0000b208       0xec hpl/usb/hpl_usb.o
 .text._usb_d_dev_reset_epts
                0x0000b2f4       0x3c hpl/usb/hpl_usb.o
 .text._usb_d_dev_in_next
                0x0000b330      0x158 hpl/usb/hpl_usb.o
 .text._usb_d_dev_out_next
                0x0000b488      0x1ac hpl/usb/hpl_usb.o
 .text._usb_d_dev_handler
                0x0000b634      0x1dc hpl/usb/hpl_usb.o
 .text._usbd_ep_pcksize_size
                0x0000b810       0x3e hpl/usb/hpl_usb.o
 *fill*         0x0000b84e        0x2 
 .text._usb_d_dev_init
                0x0000b850       0xe8 hpl/usb/hpl_usb.o
                0x0000b850                _usb_d_dev_init
 .text._usb_d_dev_enable
                0x0000b938       0x5c hpl/usb/hpl_usb.o
                0x0000b938                _usb_d_dev_enable
 .text._usb_d_dev_attach
                0x0000b994       0x12 hpl/usb/hpl_usb.o
                0x0000b994                _usb_d_dev_attach
 .text._usb_d_dev_set_address
                0x0000b9a6        0xc hpl/usb/hpl_usb.o
                0x0000b9a6                _usb_d_dev_set_address
 .text._usb_d_dev_get_frame_n
                0x0000b9b2        0xc hpl/usb/hpl_usb.o
                0x0000b9b2                _usb_d_dev_get_frame_n
 *fill*         0x0000b9be        0x2 
 .text._usb_d_dev_ep_init
                0x0000b9c0       0xc0 hpl/usb/hpl_usb.o
                0x0000b9c0                _usb_d_dev_ep_init
 .text._usb_d_dev_ep_deinit
                0x0000ba80       0x84 hpl/usb/hpl_usb.o
                0x0000ba80                _usb_d_dev_ep_deinit
 .text._usb_d_dev_ep_enable
                0x0000bb04      0x17c hpl/usb/hpl_usb.o
                0x0000bb04                _usb_d_dev_ep_enable
 .text._usb_d_dev_ep_stall
                0x0000bc80       0xe4 hpl/usb/hpl_usb.o
                0x0000bc80                _usb_d_dev_ep_stall
 .text._usb_d_dev_ep_read_req
                0x0000bd64       0x54 hpl/usb/hpl_usb.o
                0x0000bd64                _usb_d_dev_ep_read_req
 .text._usb_d_dev_ep_trans
                0x0000bdb8      0x108 hpl/usb/hpl_usb.o
                0x0000bdb8                _usb_d_dev_ep_trans
 .text._usb_d_dev_register_callback
                0x0000bec0       0x24 hpl/usb/hpl_usb.o
                0x0000bec0                _usb_d_dev_register_callback
 .text._usb_d_dev_register_ep_callback
                0x0000bee4       0x2c hpl/usb/hpl_usb.o
                0x0000bee4                _usb_d_dev_register_ep_callback
 .text.USB_0_Handler
                0x0000bf10        0x8 hpl/usb/hpl_usb.o
                0x0000bf10                USB_0_Handler
 .text.USB_1_Handler
                0x0000bf18        0x8 hpl/usb/hpl_usb.o
                0x0000bf18                USB_1_Handler
 .text.USB_2_Handler
                0x0000bf20        0x8 hpl/usb/hpl_usb.o
                0x0000bf20                USB_2_Handler
 .text.USB_3_Handler
                0x0000bf28        0x8 hpl/usb/hpl_usb.o
                0x0000bf28                USB_3_Handler
 .text._wdt_init
                0x0000bf30       0x42 hpl/wdt/hpl_wdt.o
                0x0000bf30                _wdt_init
 *fill*         0x0000bf72        0x2 
 .text.RTC_Scheduler_report_cb
                0x0000bf74        0xc main.o
 .text.RTC_Scheduler_heartbeat_cb
                0x0000bf80       0x10 main.o
 .text.RTC_Scheduler_ping_cb
                0x0000bf90       0x3c main.o
 .text.grid_task_timer_tick
                0x0000bfcc        0xe main.o
                0x0000bfcc                grid_task_timer_tick
 *fill*         0x0000bfda        0x2 
 .text.RTC_Scheduler_realtime_cb
                0x0000bfdc       0x94 main.o
 .text.grid_task_timer_reset
                0x0000c070       0x10 main.o
                0x0000c070                grid_task_timer_reset
 .text.grid_port_reset_receiver
                0x0000c080       0x78 main.o
                0x0000c080                grid_port_reset_receiver
 .text.grid_port_receive_task
                0x0000c0f8      0x104 main.o
                0x0000c0f8                grid_port_receive_task
 .text.grid_port_receive_decode
                0x0000c1fc      0x4f4 main.o
                0x0000c1fc                grid_port_receive_decode
 .text.grid_port_receive_complete_task
                0x0000c6f0       0x70 main.o
                0x0000c6f0                grid_port_receive_complete_task
 .text.init_timer
                0x0000c760       0x84 main.o
                0x0000c760                init_timer
 .text.startup.main
                0x0000c7e4      0x3d8 main.o
                0x0000c7e4                main
 .text._read    0x0000cbbc       0x20 stdio_redirect/gcc/read.o
                0x0000cbbc                _read
 .text._write   0x0000cbdc       0x24 stdio_redirect/gcc/write.o
                0x0000cbdc                _write
 .text.stdio_io_init
                0x0000cc00       0x2c stdio_redirect/stdio_io.o
                0x0000cc00                stdio_io_init
 .text.stdio_io_read
                0x0000cc2c       0x1c stdio_redirect/stdio_io.o
                0x0000cc2c                stdio_io_read
 .text.stdio_io_write
                0x0000cc48       0x1c stdio_redirect/stdio_io.o
                0x0000cc48                stdio_io_write
 .text.stdio_redirect_init
                0x0000cc64       0x20 stdio_start.o
                0x0000cc64                stdio_redirect_init
 .text.cdcdf_acm_req
                0x0000cc84       0xdc usb/class/cdc/device/cdcdf_acm.o
 .text.cdcdf_acm_ctrl
                0x0000cd60      0x138 usb/class/cdc/device/cdcdf_acm.o
 .text.cdcdf_acm_init
                0x0000ce98       0x44 usb/class/cdc/device/cdcdf_acm.o
                0x0000ce98                cdcdf_acm_init
 .text.cdcdf_acm_write
                0x0000cedc       0x2c usb/class/cdc/device/cdcdf_acm.o
                0x0000cedc                cdcdf_acm_write
 .text.hid_keyboard_req
                0x0000cf08       0x88 usb/class/hid/device/hiddf_keyboard.o
 .text.hid_keyboard_ctrl
                0x0000cf90      0x110 usb/class/hid/device/hiddf_keyboard.o
 .text.hiddf_keyboard_init
                0x0000d0a0       0x44 usb/class/hid/device/hiddf_keyboard.o
                0x0000d0a0                hiddf_keyboard_init
 .text.hiddf_keyboard_keys_state_change
                0x0000d0e4       0x8c usb/class/hid/device/hiddf_keyboard.o
                0x0000d0e4                hiddf_keyboard_keys_state_change
 .text.hid_mouse_req
                0x0000d170       0x88 usb/class/hid/device/hiddf_mouse.o
 .text.hid_mouse_ctrl
                0x0000d1f8       0xe4 usb/class/hid/device/hiddf_mouse.o
 .text.hiddf_mouse_init
                0x0000d2dc       0x44 usb/class/hid/device/hiddf_mouse.o
                0x0000d2dc                hiddf_mouse_init
 .text.hiddf_mouse_move
                0x0000d320       0x48 usb/class/hid/device/hiddf_mouse.o
                0x0000d320                hiddf_mouse_move
 .text.midi_cb_ep_bulk_in
                0x0000d368        0x2 usb/class/midi/device/audiodf_midi.o
 .text.midi_cb_ep_bulk_out
                0x0000d36a        0x2 usb/class/midi/device/audiodf_midi.o
 .text.audio_midi_req
                0x0000d36c       0x78 usb/class/midi/device/audiodf_midi.o
 .text.audio_midi_ctrl
                0x0000d3e4      0x1a8 usb/class/midi/device/audiodf_midi.o
 .text.audiodf_midi_init
                0x0000d58c       0x44 usb/class/midi/device/audiodf_midi.o
                0x0000d58c                audiodf_midi_init
 .text.audiodf_midi_xfer_packet
                0x0000d5d0       0x28 usb/class/midi/device/audiodf_midi.o
                0x0000d5d0                audiodf_midi_xfer_packet
 .text.usbdc_unconfig
                0x0000d5f8       0x1c usb/device/usbdc.o
 .text.usbdc_change_notify
                0x0000d614       0x20 usb/device/usbdc.o
 .text.usbdc_request_handler
                0x0000d634       0x38 usb/device/usbdc.o
 .text.usbd_sof_cb
                0x0000d66c       0x18 usb/device/usbdc.o
 .text.usbdc_cb_ctl_done
                0x0000d684       0x68 usb/device/usbdc.o
 .text.usbdc_reset
                0x0000d6ec       0x5c usb/device/usbdc.o
                0x0000d6ec                usbdc_reset
 .text.usbd_event_cb
                0x0000d748       0x18 usb/device/usbdc.o
 .text.usbdc_xfer
                0x0000d760       0x20 usb/device/usbdc.o
                0x0000d760                usbdc_xfer
 .text.usbdc_cb_ctl_req
                0x0000d780      0x328 usb/device/usbdc.o
 .text.usbdc_register_handler
                0x0000daa8       0x2c usb/device/usbdc.o
                0x0000daa8                usbdc_register_handler
 .text.usbdc_init
                0x0000dad4       0x44 usb/device/usbdc.o
                0x0000dad4                usbdc_init
 .text.usbdc_register_function
                0x0000db18       0x10 usb/device/usbdc.o
                0x0000db18                usbdc_register_function
 .text.usbdc_start
                0x0000db28       0x34 usb/device/usbdc.o
                0x0000db28                usbdc_start
 .text.usbdc_attach
                0x0000db5c        0x8 usb/device/usbdc.o
                0x0000db5c                usbdc_attach
 .text.usbdc_get_ctrl_buffer
                0x0000db64        0xc usb/device/usbdc.o
                0x0000db64                usbdc_get_ctrl_buffer
 .text.usbdc_get_state
                0x0000db70       0x14 usb/device/usbdc.o
                0x0000db70                usbdc_get_state
 .text.usb_find_desc
                0x0000db84       0x1a usb/usb_protocol.o
                0x0000db84                usb_find_desc
 .text.usb_find_ep_desc
                0x0000db9e       0x1c usb/usb_protocol.o
                0x0000db9e                usb_find_ep_desc
 *fill*         0x0000dbba        0x2 
 .text.usb_find_cfg_desc
                0x0000dbbc       0x3c usb/usb_protocol.o
                0x0000dbbc                usb_find_cfg_desc
 .text.usb_find_str_desc
                0x0000dbf8       0x30 usb/usb_protocol.o
                0x0000dbf8                usb_find_str_desc
 .text.gpio_get_pin_level
                0x0000dc28       0x48 usb_start.o
 .text.hiddf_demo_sof_event
                0x0000dc70       0x78 usb_start.o
 .text.composite_device_init
                0x0000dce8       0x2c usb_start.o
                0x0000dce8                composite_device_init
 .text.composite_device_start
                0x0000dd14       0x1c usb_start.o
                0x0000dd14                composite_device_start
 .text.usb_init
                0x0000dd30        0x8 usb_start.o
                0x0000dd30                usb_init
 .text          0x0000dd38      0x370 c:/program files (x86)/atmel/studio/7.0/toolchain/arm/arm-gnu-toolchain/bin/../lib/gcc/arm-none-eabi/6.3.1/thumb/v7e-m\libgcc.a(_arm_addsubdf3.o)
                0x0000dd38                __aeabi_drsub
                0x0000dd40                __aeabi_dsub
                0x0000dd40                __subdf3
                0x0000dd44                __aeabi_dadd
                0x0000dd44                __adddf3
                0x0000dfbc                __floatunsidf
                0x0000dfbc                __aeabi_ui2d
                0x0000dfdc                __floatsidf
                0x0000dfdc                __aeabi_i2d
                0x0000e000                __aeabi_f2d
                0x0000e000                __extendsfdf2
                0x0000e03c                __floatundidf
                0x0000e03c                __aeabi_ul2d
                0x0000e04c                __floatdidf
                0x0000e04c                __aeabi_l2d
 .text          0x0000e0a8      0x424 c:/program files (x86)/atmel/studio/7.0/toolchain/arm/arm-gnu-toolchain/bin/../lib/gcc/arm-none-eabi/6.3.1/thumb/v7e-m\libgcc.a(_arm_muldivdf3.o)
                0x0000e0a8                __aeabi_dmul
                0x0000e0a8                __muldf3
                0x0000e2fc                __divdf3
                0x0000e2fc                __aeabi_ddiv
 .text          0x0000e4cc       0x40 c:/program files (x86)/atmel/studio/7.0/toolchain/arm/arm-gnu-toolchain/bin/../lib/gcc/arm-none-eabi/6.3.1/thumb/v7e-m\libgcc.a(_arm_fixunsdfsi.o)
                0x0000e4cc                __aeabi_d2uiz
                0x0000e4cc                __fixunsdfsi
 .text.__libc_init_array
                0x0000e50c       0x48 c:/program files (x86)/atmel/studio/7.0/toolchain/arm/arm-gnu-toolchain/bin/../lib/gcc/arm-none-eabi/6.3.1/../../../../arm-none-eabi/lib/thumb/v7e-m\libc_nano.a(lib_a-init.o)
                0x0000e50c                __libc_init_array
 .text.malloc   0x0000e554       0x10 c:/program files (x86)/atmel/studio/7.0/toolchain/arm/arm-gnu-toolchain/bin/../lib/gcc/arm-none-eabi/6.3.1/../../../../arm-none-eabi/lib/thumb/v7e-m\libc_nano.a(lib_a-malloc.o)
                0x0000e554                malloc
 .text.memcpy   0x0000e564       0x16 c:/program files (x86)/atmel/studio/7.0/toolchain/arm/arm-gnu-toolchain/bin/../lib/gcc/arm-none-eabi/6.3.1/../../../../arm-none-eabi/lib/thumb/v7e-m\libc_nano.a(lib_a-memcpy-stub.o)
                0x0000e564                memcpy
 .text.memset   0x0000e57a       0x10 c:/program files (x86)/atmel/studio/7.0/toolchain/arm/arm-gnu-toolchain/bin/../lib/gcc/arm-none-eabi/6.3.1/../../../../arm-none-eabi/lib/thumb/v7e-m\libc_nano.a(lib_a-memset.o)
                0x0000e57a                memset
 *fill*         0x0000e58a        0x2 
 .text._free_r  0x0000e58c       0x9c c:/program files (x86)/atmel/studio/7.0/toolchain/arm/arm-gnu-toolchain/bin/../lib/gcc/arm-none-eabi/6.3.1/../../../../arm-none-eabi/lib/thumb/v7e-m\libc_nano.a(lib_a-nano-freer.o)
                0x0000e58c                _free_r
 .text._malloc_r
                0x0000e628       0xbc c:/program files (x86)/atmel/studio/7.0/toolchain/arm/arm-gnu-toolchain/bin/../lib/gcc/arm-none-eabi/6.3.1/../../../../arm-none-eabi/lib/thumb/v7e-m\libc_nano.a(lib_a-nano-mallocr.o)
                0x0000e628                _malloc_r
 .text.printf   0x0000e6e4       0x30 c:/program files (x86)/atmel/studio/7.0/toolchain/arm/arm-gnu-toolchain/bin/../lib/gcc/arm-none-eabi/6.3.1/../../../../arm-none-eabi/lib/thumb/v7e-m\libc_nano.a(lib_a-printf.o)
                0x0000e6e4                iprintf
                0x0000e6e4                printf
 .text._puts_r  0x0000e714       0xb8 c:/program files (x86)/atmel/studio/7.0/toolchain/arm/arm-gnu-toolchain/bin/../lib/gcc/arm-none-eabi/6.3.1/../../../../arm-none-eabi/lib/thumb/v7e-m\libc_nano.a(lib_a-puts.o)
                0x0000e714                _puts_r
 .text.puts     0x0000e7cc       0x10 c:/program files (x86)/atmel/studio/7.0/toolchain/arm/arm-gnu-toolchain/bin/../lib/gcc/arm-none-eabi/6.3.1/../../../../arm-none-eabi/lib/thumb/v7e-m\libc_nano.a(lib_a-puts.o)
                0x0000e7cc                puts
 .text._sbrk_r  0x0000e7dc       0x20 c:/program files (x86)/atmel/studio/7.0/toolchain/arm/arm-gnu-toolchain/bin/../lib/gcc/arm-none-eabi/6.3.1/../../../../arm-none-eabi/lib/thumb/v7e-m\libc_nano.a(lib_a-sbrkr.o)
                0x0000e7dc                _sbrk_r
 .text.setbuf   0x0000e7fc       0x10 c:/program files (x86)/atmel/studio/7.0/toolchain/arm/arm-gnu-toolchain/bin/../lib/gcc/arm-none-eabi/6.3.1/../../../../arm-none-eabi/lib/thumb/v7e-m\libc_nano.a(lib_a-setbuf.o)
                0x0000e7fc                setbuf
 .text.setvbuf  0x0000e80c      0x15c c:/program files (x86)/atmel/studio/7.0/toolchain/arm/arm-gnu-toolchain/bin/../lib/gcc/arm-none-eabi/6.3.1/../../../../arm-none-eabi/lib/thumb/v7e-m\libc_nano.a(lib_a-setvbuf.o)
                0x0000e80c                setvbuf
 .text.sprintf  0x0000e968       0x48 c:/program files (x86)/atmel/studio/7.0/toolchain/arm/arm-gnu-toolchain/bin/../lib/gcc/arm-none-eabi/6.3.1/../../../../arm-none-eabi/lib/thumb/v7e-m\libc_nano.a(lib_a-sprintf.o)
                0x0000e968                siprintf
                0x0000e968                sprintf
 .text.strcpy   0x0000e9b0       0x10 c:/program files (x86)/atmel/studio/7.0/toolchain/arm/arm-gnu-toolchain/bin/../lib/gcc/arm-none-eabi/6.3.1/../../../../arm-none-eabi/lib/thumb/v7e-m\libc_nano.a(lib_a-strcpy.o)
                0x0000e9b0                strcpy
 .text          0x0000e9c0       0x10 c:/program files (x86)/atmel/studio/7.0/toolchain/arm/arm-gnu-toolchain/bin/../lib/gcc/arm-none-eabi/6.3.1/../../../../arm-none-eabi/lib/thumb/v7e-m\libc_nano.a(lib_a-strlen.o)
                0x0000e9c0                strlen
 .text.__swbuf_r
                0x0000e9d0       0xa4 c:/program files (x86)/atmel/studio/7.0/toolchain/arm/arm-gnu-toolchain/bin/../lib/gcc/arm-none-eabi/6.3.1/../../../../arm-none-eabi/lib/thumb/v7e-m\libc_nano.a(lib_a-wbuf.o)
                0x0000e9d0                __swbuf_r
 .text.__swsetup_r
                0x0000ea74       0xdc c:/program files (x86)/atmel/studio/7.0/toolchain/arm/arm-gnu-toolchain/bin/../lib/gcc/arm-none-eabi/6.3.1/../../../../arm-none-eabi/lib/thumb/v7e-m\libc_nano.a(lib_a-wsetup.o)
                0x0000ea74                __swsetup_r
 .text.__sflush_r
                0x0000eb50      0x110 c:/program files (x86)/atmel/studio/7.0/toolchain/arm/arm-gnu-toolchain/bin/../lib/gcc/arm-none-eabi/6.3.1/../../../../arm-none-eabi/lib/thumb/v7e-m\libc_nano.a(lib_a-fflush.o)
                0x0000eb50                __sflush_r
 .text._fflush_r
                0x0000ec60       0x54 c:/program files (x86)/atmel/studio/7.0/toolchain/arm/arm-gnu-toolchain/bin/../lib/gcc/arm-none-eabi/6.3.1/../../../../arm-none-eabi/lib/thumb/v7e-m\libc_nano.a(lib_a-fflush.o)
                0x0000ec60                _fflush_r
 .text._cleanup_r
                0x0000ecb4        0xc c:/program files (x86)/atmel/studio/7.0/toolchain/arm/arm-gnu-toolchain/bin/../lib/gcc/arm-none-eabi/6.3.1/../../../../arm-none-eabi/lib/thumb/v7e-m\libc_nano.a(lib_a-findfp.o)
                0x0000ecb4                _cleanup_r
 .text.std.isra.0
                0x0000ecc0       0x48 c:/program files (x86)/atmel/studio/7.0/toolchain/arm/arm-gnu-toolchain/bin/../lib/gcc/arm-none-eabi/6.3.1/../../../../arm-none-eabi/lib/thumb/v7e-m\libc_nano.a(lib_a-findfp.o)
 .text.__sfmoreglue
                0x0000ed08       0x2c c:/program files (x86)/atmel/studio/7.0/toolchain/arm/arm-gnu-toolchain/bin/../lib/gcc/arm-none-eabi/6.3.1/../../../../arm-none-eabi/lib/thumb/v7e-m\libc_nano.a(lib_a-findfp.o)
                0x0000ed08                __sfmoreglue
 .text.__sinit  0x0000ed34       0x60 c:/program files (x86)/atmel/studio/7.0/toolchain/arm/arm-gnu-toolchain/bin/../lib/gcc/arm-none-eabi/6.3.1/../../../../arm-none-eabi/lib/thumb/v7e-m\libc_nano.a(lib_a-findfp.o)
                0x0000ed34                __sinit
 .text.__sfp    0x0000ed94       0x78 c:/program files (x86)/atmel/studio/7.0/toolchain/arm/arm-gnu-toolchain/bin/../lib/gcc/arm-none-eabi/6.3.1/../../../../arm-none-eabi/lib/thumb/v7e-m\libc_nano.a(lib_a-findfp.o)
                0x0000ed94                __sfp
 .text._fwalk_reent
                0x0000ee0c       0x3c c:/program files (x86)/atmel/studio/7.0/toolchain/arm/arm-gnu-toolchain/bin/../lib/gcc/arm-none-eabi/6.3.1/../../../../arm-none-eabi/lib/thumb/v7e-m\libc_nano.a(lib_a-fwalk.o)
                0x0000ee0c                _fwalk_reent
 .text.__swhatbuf_r
                0x0000ee48       0x48 c:/program files (x86)/atmel/studio/7.0/toolchain/arm/arm-gnu-toolchain/bin/../lib/gcc/arm-none-eabi/6.3.1/../../../../arm-none-eabi/lib/thumb/v7e-m\libc_nano.a(lib_a-makebuf.o)
                0x0000ee48                __swhatbuf_r
 .text.__smakebuf_r
                0x0000ee90       0x80 c:/program files (x86)/atmel/studio/7.0/toolchain/arm/arm-gnu-toolchain/bin/../lib/gcc/arm-none-eabi/6.3.1/../../../../arm-none-eabi/lib/thumb/v7e-m\libc_nano.a(lib_a-makebuf.o)
                0x0000ee90                __smakebuf_r
 .text.__malloc_lock
                0x0000ef10        0x2 c:/program files (x86)/atmel/studio/7.0/toolchain/arm/arm-gnu-toolchain/bin/../lib/gcc/arm-none-eabi/6.3.1/../../../../arm-none-eabi/lib/thumb/v7e-m\libc_nano.a(lib_a-mlock.o)
                0x0000ef10                __malloc_lock
 .text.__malloc_unlock
                0x0000ef12        0x2 c:/program files (x86)/atmel/studio/7.0/toolchain/arm/arm-gnu-toolchain/bin/../lib/gcc/arm-none-eabi/6.3.1/../../../../arm-none-eabi/lib/thumb/v7e-m\libc_nano.a(lib_a-mlock.o)
                0x0000ef12                __malloc_unlock
 .text.__ssputs_r
                0x0000ef14       0xb6 c:/program files (x86)/atmel/studio/7.0/toolchain/arm/arm-gnu-toolchain/bin/../lib/gcc/arm-none-eabi/6.3.1/../../../../arm-none-eabi/lib/thumb/v7e-m\libc_nano.a(lib_a-nano-svfprintf.o)
                0x0000ef14                __ssputs_r
 *fill*         0x0000efca        0x2 
 .text._svfprintf_r
                0x0000efcc      0x1e8 c:/program files (x86)/atmel/studio/7.0/toolchain/arm/arm-gnu-toolchain/bin/../lib/gcc/arm-none-eabi/6.3.1/../../../../arm-none-eabi/lib/thumb/v7e-m\libc_nano.a(lib_a-nano-svfprintf.o)
                0x0000efcc                _svfiprintf_r
                0x0000efcc                _svfprintf_r
 .text.__sfputc_r
                0x0000f1b4       0x2c c:/program files (x86)/atmel/studio/7.0/toolchain/arm/arm-gnu-toolchain/bin/../lib/gcc/arm-none-eabi/6.3.1/../../../../arm-none-eabi/lib/thumb/v7e-m\libc_nano.a(lib_a-nano-vfprintf.o)
 .text.__sfputs_r
                0x0000f1e0       0x24 c:/program files (x86)/atmel/studio/7.0/toolchain/arm/arm-gnu-toolchain/bin/../lib/gcc/arm-none-eabi/6.3.1/../../../../arm-none-eabi/lib/thumb/v7e-m\libc_nano.a(lib_a-nano-vfprintf.o)
                0x0000f1e0                __sfputs_r
 .text._vfprintf_r
                0x0000f204      0x22c c:/program files (x86)/atmel/studio/7.0/toolchain/arm/arm-gnu-toolchain/bin/../lib/gcc/arm-none-eabi/6.3.1/../../../../arm-none-eabi/lib/thumb/v7e-m\libc_nano.a(lib_a-nano-vfprintf.o)
                0x0000f204                _vfprintf_r
                0x0000f204                _vfiprintf_r
 .text._printf_common
                0x0000f430       0xec c:/program files (x86)/atmel/studio/7.0/toolchain/arm/arm-gnu-toolchain/bin/../lib/gcc/arm-none-eabi/6.3.1/../../../../arm-none-eabi/lib/thumb/v7e-m\libc_nano.a(lib_a-nano-vfprintf_i.o)
                0x0000f430                _printf_common
 .text._printf_i
                0x0000f51c      0x240 c:/program files (x86)/atmel/studio/7.0/toolchain/arm/arm-gnu-toolchain/bin/../lib/gcc/arm-none-eabi/6.3.1/../../../../arm-none-eabi/lib/thumb/v7e-m\libc_nano.a(lib_a-nano-vfprintf_i.o)
                0x0000f51c                _printf_i
 .text.__sread  0x0000f75c       0x22 c:/program files (x86)/atmel/studio/7.0/toolchain/arm/arm-gnu-toolchain/bin/../lib/gcc/arm-none-eabi/6.3.1/../../../../arm-none-eabi/lib/thumb/v7e-m\libc_nano.a(lib_a-stdio.o)
                0x0000f75c                __sread
 .text.__swrite
                0x0000f77e       0x38 c:/program files (x86)/atmel/studio/7.0/toolchain/arm/arm-gnu-toolchain/bin/../lib/gcc/arm-none-eabi/6.3.1/../../../../arm-none-eabi/lib/thumb/v7e-m\libc_nano.a(lib_a-stdio.o)
                0x0000f77e                __swrite
 .text.__sseek  0x0000f7b6       0x24 c:/program files (x86)/atmel/studio/7.0/toolchain/arm/arm-gnu-toolchain/bin/../lib/gcc/arm-none-eabi/6.3.1/../../../../arm-none-eabi/lib/thumb/v7e-m\libc_nano.a(lib_a-stdio.o)
                0x0000f7b6                __sseek
 .text.__sclose
                0x0000f7da        0x8 c:/program files (x86)/atmel/studio/7.0/toolchain/arm/arm-gnu-toolchain/bin/../lib/gcc/arm-none-eabi/6.3.1/../../../../arm-none-eabi/lib/thumb/v7e-m\libc_nano.a(lib_a-stdio.o)
                0x0000f7da                __sclose
 *fill*         0x0000f7e2        0x2 
 .text._write_r
                0x0000f7e4       0x24 c:/program files (x86)/atmel/studio/7.0/toolchain/arm/arm-gnu-toolchain/bin/../lib/gcc/arm-none-eabi/6.3.1/../../../../arm-none-eabi/lib/thumb/v7e-m\libc_nano.a(lib_a-writer.o)
                0x0000f7e4                _write_r
 .text._close_r
                0x0000f808       0x20 c:/program files (x86)/atmel/studio/7.0/toolchain/arm/arm-gnu-toolchain/bin/../lib/gcc/arm-none-eabi/6.3.1/../../../../arm-none-eabi/lib/thumb/v7e-m\libc_nano.a(lib_a-closer.o)