Archive member included to satisfy reference by file (symbol)

c:/program files (x86)/atmel/studio/7.0/toolchain/arm/arm-gnu-toolchain/bin/../lib/gcc/arm-none-eabi/6.3.1/thumb/v7e-m\libgcc.a(_arm_addsubdf3.o)
                              hpl/sercom/hpl_sercom.o (__aeabi_dsub)
c:/program files (x86)/atmel/studio/7.0/toolchain/arm/arm-gnu-toolchain/bin/../lib/gcc/arm-none-eabi/6.3.1/thumb/v7e-m\libgcc.a(_arm_muldivdf3.o)
                              grid/grid_hardwaretest.o (__aeabi_dmul)
c:/program files (x86)/atmel/studio/7.0/toolchain/arm/arm-gnu-toolchain/bin/../lib/gcc/arm-none-eabi/6.3.1/thumb/v7e-m\libgcc.a(_arm_fixunsdfsi.o)
                              grid/grid_hardwaretest.o (__aeabi_d2uiz)
c:/program files (x86)/atmel/studio/7.0/toolchain/arm/arm-gnu-toolchain/bin/../lib/gcc/arm-none-eabi/6.3.1/thumb/v7e-m\libgcc.a(_aeabi_uldivmod.o)
                              hpl/sercom/hpl_sercom.o (__aeabi_uldivmod)
c:/program files (x86)/atmel/studio/7.0/toolchain/arm/arm-gnu-toolchain/bin/../lib/gcc/arm-none-eabi/6.3.1/thumb/v7e-m\libgcc.a(_udivmoddi4.o)
                              c:/program files (x86)/atmel/studio/7.0/toolchain/arm/arm-gnu-toolchain/bin/../lib/gcc/arm-none-eabi/6.3.1/thumb/v7e-m\libgcc.a(_aeabi_uldivmod.o) (__udivmoddi4)
c:/program files (x86)/atmel/studio/7.0/toolchain/arm/arm-gnu-toolchain/bin/../lib/gcc/arm-none-eabi/6.3.1/thumb/v7e-m\libgcc.a(_dvmd_tls.o)
                              c:/program files (x86)/atmel/studio/7.0/toolchain/arm/arm-gnu-toolchain/bin/../lib/gcc/arm-none-eabi/6.3.1/thumb/v7e-m\libgcc.a(_aeabi_uldivmod.o) (__aeabi_ldiv0)
c:/program files (x86)/atmel/studio/7.0/toolchain/arm/arm-gnu-toolchain/bin/../lib/gcc/arm-none-eabi/6.3.1/../../../../arm-none-eabi/lib/thumb/v7e-m\libc_nano.a(lib_a-exit.o)
                              c:/program files (x86)/atmel/studio/7.0/toolchain/arm/arm-gnu-toolchain/bin/../lib/gcc/arm-none-eabi/6.3.1/../../../../arm-none-eabi/lib/thumb/v7e-m/crt0.o (exit)
c:/program files (x86)/atmel/studio/7.0/toolchain/arm/arm-gnu-toolchain/bin/../lib/gcc/arm-none-eabi/6.3.1/../../../../arm-none-eabi/lib/thumb/v7e-m\libc_nano.a(lib_a-impure.o)
                              c:/program files (x86)/atmel/studio/7.0/toolchain/arm/arm-gnu-toolchain/bin/../lib/gcc/arm-none-eabi/6.3.1/../../../../arm-none-eabi/lib/thumb/v7e-m\libc_nano.a(lib_a-exit.o) (_global_impure_ptr)
c:/program files (x86)/atmel/studio/7.0/toolchain/arm/arm-gnu-toolchain/bin/../lib/gcc/arm-none-eabi/6.3.1/../../../../arm-none-eabi/lib/thumb/v7e-m\libc_nano.a(lib_a-init.o)
                              c:/program files (x86)/atmel/studio/7.0/toolchain/arm/arm-gnu-toolchain/bin/../lib/gcc/arm-none-eabi/6.3.1/../../../../arm-none-eabi/lib/thumb/v7e-m/crt0.o (__libc_init_array)
c:/program files (x86)/atmel/studio/7.0/toolchain/arm/arm-gnu-toolchain/bin/../lib/gcc/arm-none-eabi/6.3.1/../../../../arm-none-eabi/lib/thumb/v7e-m\libc_nano.a(lib_a-malloc.o)
                              grid/grid_ain.o (malloc)
c:/program files (x86)/atmel/studio/7.0/toolchain/arm/arm-gnu-toolchain/bin/../lib/gcc/arm-none-eabi/6.3.1/../../../../arm-none-eabi/lib/thumb/v7e-m\libc_nano.a(lib_a-memcpy-stub.o)
                              hpl/nvmctrl/hpl_nvmctrl.o (memcpy)
c:/program files (x86)/atmel/studio/7.0/toolchain/arm/arm-gnu-toolchain/bin/../lib/gcc/arm-none-eabi/6.3.1/../../../../arm-none-eabi/lib/thumb/v7e-m\libc_nano.a(lib_a-memset.o)
                              c:/program files (x86)/atmel/studio/7.0/toolchain/arm/arm-gnu-toolchain/bin/../lib/gcc/arm-none-eabi/6.3.1/../../../../arm-none-eabi/lib/thumb/v7e-m/crt0.o (memset)
c:/program files (x86)/atmel/studio/7.0/toolchain/arm/arm-gnu-toolchain/bin/../lib/gcc/arm-none-eabi/6.3.1/../../../../arm-none-eabi/lib/thumb/v7e-m\libc_nano.a(lib_a-nano-freer.o)
                              c:/program files (x86)/atmel/studio/7.0/toolchain/arm/arm-gnu-toolchain/bin/../lib/gcc/arm-none-eabi/6.3.1/../../../../arm-none-eabi/lib/thumb/v7e-m\libc_nano.a(lib_a-malloc.o) (_free_r)
c:/program files (x86)/atmel/studio/7.0/toolchain/arm/arm-gnu-toolchain/bin/../lib/gcc/arm-none-eabi/6.3.1/../../../../arm-none-eabi/lib/thumb/v7e-m\libc_nano.a(lib_a-nano-mallocr.o)
                              c:/program files (x86)/atmel/studio/7.0/toolchain/arm/arm-gnu-toolchain/bin/../lib/gcc/arm-none-eabi/6.3.1/../../../../arm-none-eabi/lib/thumb/v7e-m\libc_nano.a(lib_a-malloc.o) (_malloc_r)
c:/program files (x86)/atmel/studio/7.0/toolchain/arm/arm-gnu-toolchain/bin/../lib/gcc/arm-none-eabi/6.3.1/../../../../arm-none-eabi/lib/thumb/v7e-m\libc_nano.a(lib_a-printf.o)
                              grid/grid_d51.o (printf)
c:/program files (x86)/atmel/studio/7.0/toolchain/arm/arm-gnu-toolchain/bin/../lib/gcc/arm-none-eabi/6.3.1/../../../../arm-none-eabi/lib/thumb/v7e-m\libc_nano.a(lib_a-puts.o)
                              grid/grid_unittest.o (puts)
[...]
Memory Configuration

Name             Origin             Length             Attributes
rom              0x00004000         0x0007a000         xr
ram              0x20000000         0x00040000         xrw
bkupram          0x47000000         0x00002000         xrw
qspi             0x04000000         0x01000000         xrw
*default*        0x00000000         0xffffffff

Linker script and memory map

LOAD c:/program files (x86)/atmel/studio/7.0/toolchain/arm/arm-gnu-toolchain/bin/../lib/gcc/arm-none-eabi/6.3.1/thumb/v7e-m/crti.o
LOAD c:/program files (x86)/atmel/studio/7.0/toolchain/arm/arm-gnu-toolchain/bin/../lib/gcc/arm-none-eabi/6.3.1/thumb/v7e-m/crtbegin.o
LOAD c:/program files (x86)/atmel/studio/7.0/toolchain/arm/arm-gnu-toolchain/bin/../lib/gcc/arm-none-eabi/6.3.1/../../../../arm-none-eabi/lib/thumb/v7e-m/crt0.o
LOAD atmel_start.o
LOAD Device_Startup/startup_samd51.o
LOAD Device_Startup/system_samd51.o
LOAD driver_init.o
LOAD examples/driver_examples.o
LOAD flash/n25q256a.o
LOAD flash/spi_nor_flash.o
LOAD grid/grid_d51.o
LOAD grid/grid_debug.o
LOAD grid/grid_hardwaretest.o
LOAD grid/grid_msg.o
LOAD grid/grid_nvm.o
LOAD grid/grid_unittest.o
LOAD grid/grid_ain.o
LOAD grid/grid_buf.o
LOAD grid/grid_led.o
LOAD grid/grid_module.o
LOAD grid/grid_module_bu16_revb.o
LOAD grid/grid_module_en16_reva.o
LOAD grid/grid_module_pbf4_reva.o
LOAD grid/grid_module_po16_revb.o
LOAD grid/grid_sys.o
LOAD grid/grid_ui.o
LOAD grid/grid_usb.o
LOAD hal/src/hal_adc_async.o
LOAD hal/src/hal_atomic.o
LOAD hal/src/hal_cache.o
LOAD hal/src/hal_crc_sync.o
LOAD hal/src/hal_delay.o
LOAD hal/src/hal_evsys.o
LOAD hal/src/hal_flash.o
LOAD hal/src/hal_gpio.o
LOAD hal/src/hal_i2c_m_async.o
LOAD hal/src/hal_init.o
LOAD hal/src/hal_io.o
LOAD hal/src/hal_qspi_dma.o
LOAD hal/src/hal_sleep.o
LOAD hal/src/hal_spi_m_async.o
LOAD hal/src/hal_spi_m_dma.o
LOAD hal/src/hal_timer.o
LOAD hal/src/hal_usart_async.o
LOAD hal/src/hal_usart_sync.o
LOAD hal/src/hal_usb_device.o
LOAD hal/src/hal_wdt.o
LOAD hal/utils/src/utils_assert.o
LOAD hal/utils/src/utils_event.o
LOAD hal/utils/src/utils_list.o
LOAD hal/utils/src/utils_ringbuffer.o
LOAD hal/utils/src/utils_syscalls.o
LOAD hpl/adc/hpl_adc.o
LOAD hpl/cmcc/hpl_cmcc.o
LOAD hpl/core/hpl_core_m4.o
LOAD hpl/core/hpl_init.o
LOAD hpl/dmac/hpl_dmac.o
LOAD hpl/dsu/hpl_dsu.o
LOAD hpl/evsys/hpl_evsys.o
LOAD hpl/gclk/hpl_gclk.o
LOAD hpl/mclk/hpl_mclk.o
LOAD hpl/nvmctrl/hpl_nvmctrl.o
LOAD hpl/osc32kctrl/hpl_osc32kctrl.o
LOAD hpl/oscctrl/hpl_oscctrl.o
LOAD hpl/pac/hpl_pac.o
LOAD hpl/pm/hpl_pm.o
LOAD hpl/qspi/hpl_qspi.o
LOAD hpl/ramecc/hpl_ramecc.o
LOAD hpl/rtc/hpl_rtc.o
LOAD hpl/sercom/hpl_sercom.o
LOAD hpl/systick/hpl_systick.o
LOAD hpl/tc/hpl_tc.o
LOAD hpl/usb/hpl_usb.o
LOAD hpl/wdt/hpl_wdt.o
LOAD main.o
LOAD stdio_redirect/gcc/read.o
LOAD stdio_redirect/gcc/write.o
LOAD stdio_redirect/stdio_io.o
LOAD stdio_start.o
LOAD usb/class/cdc/device/cdcdf_acm.o
LOAD usb/class/hid/device/hiddf_generic.o
LOAD usb/class/hid/device/hiddf_keyboard.o
LOAD usb/class/hid/device/hiddf_mouse.o
LOAD usb/class/midi/device/audiodf_midi.o
LOAD usb/class/midi/usb_protocol_midi.o
LOAD usb/class/msc/device/mscdf.o
LOAD usb/device/usbdc.o
LOAD usb/usb_protocol.o
LOAD usb_start.o
START GROUP
LOAD c:/program files (x86)/atmel/studio/7.0/toolchain/arm/arm-gnu-toolchain/bin/../lib/gcc/arm-none-eabi/6.3.1/../../../../arm-none-eabi/lib/thumb/v7e-m\libm.a
END GROUP
START GROUP
LOAD c:/program files (x86)/atmel/studio/7.0/toolchain/arm/arm-gnu-toolchain/bin/../lib/gcc/arm-none-eabi/6.3.1/thumb/v7e-m\libgcc.a
LOAD c:/program files (x86)/atmel/studio/7.0/toolchain/arm/arm-gnu-toolchain/bin/../lib/gcc/arm-none-eabi/6.3.1/../../../../arm-none-eabi/lib/thumb/v7e-m\libc_nano.a
END GROUP
START GROUP
LOAD c:/program files (x86)/atmel/studio/7.0/toolchain/arm/arm-gnu-toolchain/bin/../lib/gcc/arm-none-eabi/6.3.1/thumb/v7e-m\libgcc.a
LOAD c:/program files (x86)/atmel/studio/7.0/toolchain/arm/arm-gnu-toolchain/bin/../lib/gcc/arm-none-eabi/6.3.1/../../../../arm-none-eabi/lib/thumb/v7e-m\libc_nano.a
END GROUP
LOAD c:/program files (x86)/atmel/studio/7.0/toolchain/arm/arm-gnu-toolchain/bin/../lib/gcc/arm-none-eabi/6.3.1/thumb/v7e-m/crtend.o
LOAD c:/program files (x86)/atmel/studio/7.0/toolchain/arm/arm-gnu-toolchain/bin/../lib/gcc/arm-none-eabi/6.3.1/thumb/v7e-m/crtn.o
                0x00010000                STACK_SIZE = DEFINED (STACK_SIZE)?STACK_SIZE:DEFINED (__stack_size__)?__stack_size__:0x10000

.text           0x00004000     0xe37c
                0x00004000                . = ALIGN (0x4)
                0x00004000                _sfixed = .
 *(.vectors .vectors.*)
 .vectors       0x00004000      0x264 Device_Startup/startup_samd51.o
                0x00004000                exception_table
 *(.text .text.* .gnu.linkonce.t.*)
 .text          0x00004264       0x6c c:/program files (x86)/atmel/studio/7.0/toolchain/arm/arm-gnu-toolchain/bin/../lib/gcc/arm-none-eabi/6.3.1/thumb/v7e-m/crtbegin.o
 .text.atmel_start_init
                0x000042d0       0x20 atmel_start.o
                0x000042d0                atmel_start_init
 .text.Dummy_Handler
                0x000042f0        0x2 Device_Startup/startup_samd51.o
                0x000042f0                EIC_5_Handler
                0x000042f0                SVCall_Handler
                0x000042f0                EIC_13_Handler
                0x000042f0                EVSYS_0_Handler
                0x000042f0                TCC1_3_Handler
                0x000042f0                DAC_3_Handler
                0x000042f0                TRNG_Handler
                0x000042f0                HardFault_Handler
                0x000042f0                PDEC_2_Handler
                0x000042f0                EIC_4_Handler
                0x000042f0                AC_Handler
                0x000042f0                SysTick_Handler
                0x000042f0                TCC2_3_Handler
                0x000042f0                PendSV_Handler
                0x000042f0                TC7_Handler
                0x000042f0                EVSYS_3_Handler
                0x000042f0                PDEC_0_Handler
                0x000042f0                QSPI_Handler
                0x000042f0                NonMaskableInt_Handler
                0x000042f0                TCC0_0_Handler
                0x000042f0                EIC_3_Handler
                0x000042f0                MemManagement_Handler
                0x000042f0                DAC_2_Handler
                0x000042f0                UsageFault_Handler
                0x000042f0                EIC_10_Handler
                0x000042f0                EIC_11_Handler
                0x000042f0                EIC_9_Handler
                0x000042f0                OSC32KCTRL_Handler
                0x000042f0                TCC2_1_Handler
                0x000042f0                SUPC_1_Handler
                0x000042f0                TCC0_5_Handler
                0x000042f0                TCC0_6_Handler
                0x000042f0                EVSYS_1_Handler
                0x000042f0                TCC1_4_Handler
                0x000042f0                TC6_Handler
                0x000042f0                WDT_Handler
                0x000042f0                EIC_8_Handler
                0x000042f0                EIC_15_Handler
                0x000042f0                TC4_Handler
                0x000042f0                OSCCTRL_4_Handler
                0x000042f0                EIC_12_Handler
                0x000042f0                TCC4_2_Handler
                0x000042f0                PAC_Handler
                0x000042f0                TCC1_0_Handler
                0x000042f0                OSCCTRL_0_Handler
                0x000042f0                EIC_0_Handler
                0x000042f0                OSCCTRL_3_Handler
                0x000042f0                Dummy_Handler
                0x000042f0                TCC3_0_Handler
                0x000042f0                TCC2_2_Handler
                0x000042f0                TCC1_1_Handler
                0x000042f0                OSCCTRL_2_Handler
                0x000042f0                TCC1_2_Handler
                0x000042f0                SERCOM7_1_Handler
                0x000042f0                PM_Handler
                0x000042f0                SERCOM2_3_Handler
                0x000042f0                DAC_4_Handler
                0x000042f0                TCC3_2_Handler
                0x000042f0                SERCOM7_0_Handler
                0x000042f0                TCC0_2_Handler
                0x000042f0                TCC4_0_Handler
                0x000042f0                SERCOM7_3_Handler
                0x000042f0                SDHC1_Handler
                0x000042f0                SERCOM7_2_Handler
                0x000042f0                TCC2_0_Handler
                0x000042f0                PDEC_1_Handler
                0x000042f0                TCC4_1_Handler
                0x000042f0                SDHC0_Handler
                0x000042f0                I2S_Handler
                0x000042f0                EIC_2_Handler
                0x000042f0                PCC_Handler
                0x000042f0                DAC_0_Handler
                0x000042f0                TCC0_1_Handler
                0x000042f0                EIC_6_Handler
                0x000042f0                OSCCTRL_1_Handler
                0x000042f0                PUKCC_Handler
                0x000042f0                SERCOM2_1_Handler
                0x000042f0                EIC_1_Handler
                0x000042f0                EVSYS_4_Handler
                0x000042f0                EIC_7_Handler
                0x000042f0                SERCOM2_2_Handler
                0x000042f0                TCC3_1_Handler
                0x000042f0                EIC_14_Handler
                0x000042f0                DAC_1_Handler
                0x000042f0                MCLK_Handler
                0x000042f0                EVSYS_2_Handler
                0x000042f0                SUPC_0_Handler
                0x000042f0                BusFault_Handler
                0x000042f0                FREQM_Handler
                0x000042f0                TCC0_3_Handler
                0x000042f0                DebugMonitor_Handler
                0x000042f0                TCC0_4_Handler
                0x000042f0                TC5_Handler
                0x000042f0                SERCOM2_0_Handler
                0x000042f0                AES_Handler
                0x000042f0                ICM_Handler
 *fill*         0x000042f2        0x2 
 .text.Reset_Handler
                0x000042f4       0x78 Device_Startup/startup_samd51.o
                0x000042f4                Reset_Handler
 .text._gpio_set_pin_function
                0x0000436c       0x68 driver_init.o
 .text.gpio_set_pin_direction
                0x000043d4       0x68 driver_init.o
 .text.ADC_0_init
                0x0000443c       0x80 driver_init.o
                0x0000443c                ADC_0_init
 .text.ADC_1_init
                0x000044bc       0x84 driver_init.o
                0x000044bc                ADC_1_init
 .text.CRC_0_init
                0x00004540       0x24 driver_init.o
                0x00004540                CRC_0_init
 .text.EVENT_SYSTEM_0_init
                0x00004564       0x30 driver_init.o
                0x00004564                EVENT_SYSTEM_0_init
 .text.FLASH_0_CLOCK_init
                0x00004594       0x10 driver_init.o
                0x00004594                FLASH_0_CLOCK_init
 .text.FLASH_0_init
                0x000045a4       0x24 driver_init.o
                0x000045a4                FLASH_0_init
 .text.QSPI_INSTANCE_PORT_init
                0x000045c8       0xdc driver_init.o
                0x000045c8                QSPI_INSTANCE_PORT_init
 .text.QSPI_INSTANCE_CLOCK_init
                0x000046a4       0x20 driver_init.o
                0x000046a4                QSPI_INSTANCE_CLOCK_init
 .text.QSPI_INSTANCE_init
                0x000046c4       0x2c driver_init.o
                0x000046c4                QSPI_INSTANCE_init
 .text.USART_EAST_CLOCK_init
                0x000046f0       0x24 driver_init.o
                0x000046f0                USART_EAST_CLOCK_init
 .text.USART_EAST_PORT_init
                0x00004714       0x24 driver_init.o
                0x00004714                USART_EAST_PORT_init
 .text.USART_EAST_init
                0x00004738       0x38 driver_init.o
                0x00004738                USART_EAST_init
 .text.USART_NORTH_CLOCK_init
                0x00004770       0x24 driver_init.o
                0x00004770                USART_NORTH_CLOCK_init
 .text.USART_NORTH_PORT_init
                0x00004794       0x24 driver_init.o
                0x00004794                USART_NORTH_PORT_init
 .text.USART_NORTH_init
                0x000047b8       0x38 driver_init.o
                0x000047b8                USART_NORTH_init
 .text.GRID_AUX_PORT_init
                0x000047f0       0x24 driver_init.o
                0x000047f0                GRID_AUX_PORT_init
 .text.GRID_AUX_CLOCK_init
                0x00004814       0x24 driver_init.o
                0x00004814                GRID_AUX_CLOCK_init
 .text.GRID_AUX_init
                0x00004838       0x2c driver_init.o
                0x00004838                GRID_AUX_init
 .text.UI_SPI_PORT_init
                0x00004864       0x68 driver_init.o
                0x00004864                UI_SPI_PORT_init
 .text.UI_SPI_CLOCK_init
                0x000048cc       0x24 driver_init.o
                0x000048cc                UI_SPI_CLOCK_init
 .text.UI_SPI_init
                0x000048f0       0x2c driver_init.o
                0x000048f0                UI_SPI_init
 .text.USART_WEST_CLOCK_init
                0x0000491c       0x24 driver_init.o
                0x0000491c                USART_WEST_CLOCK_init
 .text.USART_WEST_PORT_init
                0x00004940       0x24 driver_init.o
                0x00004940                USART_WEST_PORT_init
 .text.USART_WEST_init
                0x00004964       0x38 driver_init.o
                0x00004964                USART_WEST_init
 .text.SYS_I2C_PORT_init
                0x0000499c       0x40 driver_init.o
                0x0000499c                SYS_I2C_PORT_init
 .text.SYS_I2C_CLOCK_init
                0x000049dc       0x24 driver_init.o
                0x000049dc                SYS_I2C_CLOCK_init
 .text.SYS_I2C_init
                0x00004a00       0x2c driver_init.o
                0x00004a00                SYS_I2C_init
 .text.USART_SOUTH_CLOCK_init
                0x00004a2c       0x24 driver_init.o
                0x00004a2c                USART_SOUTH_CLOCK_init
 .text.USART_SOUTH_PORT_init
                0x00004a50       0x24 driver_init.o
                0x00004a50                USART_SOUTH_PORT_init
 .text.USART_SOUTH_init
                0x00004a74       0x38 driver_init.o
                0x00004a74                USART_SOUTH_init
 .text.GRID_LED_PORT_init
                0x00004aac       0x68 driver_init.o
                0x00004aac                GRID_LED_PORT_init
 .text.GRID_LED_CLOCK_init
                0x00004b14       0x24 driver_init.o
                0x00004b14                GRID_LED_CLOCK_init
 .text.GRID_LED_init
                0x00004b38       0x2c driver_init.o
                0x00004b38                GRID_LED_init
 .text.delay_driver_init
                0x00004b64       0x10 driver_init.o
                0x00004b64                delay_driver_init
 .text.USB_DEVICE_INSTANCE_PORT_init
                0x00004b74       0x60 driver_init.o
                0x00004b74                USB_DEVICE_INSTANCE_PORT_init
 .text.USB_DEVICE_INSTANCE_CLOCK_init
                0x00004bd4       0x24 driver_init.o
                0x00004bd4                USB_DEVICE_INSTANCE_CLOCK_init
 .text.USB_DEVICE_INSTANCE_init
                0x00004bf8       0x20 driver_init.o
                0x00004bf8                USB_DEVICE_INSTANCE_init
 .text.WDT_0_CLOCK_init
                0x00004c18       0x10 driver_init.o
                0x00004c18                WDT_0_CLOCK_init
 .text.WDT_0_init
                0x00004c28       0x24 driver_init.o
                0x00004c28                WDT_0_init
 .text.system_init
                0x00004c4c      0x2a8 driver_init.o
                0x00004c4c                system_init
 .text.grid_d51_bitmap_write_bit
                0x00004ef4       0x3a grid/grid_d51.o
                0x00004ef4                grid_d51_bitmap_write_bit
 *fill*         0x00004f2e        0x2 
 .text.grid_d51_verify_user_row
                0x00004f30      0x198 grid/grid_d51.o
                0x00004f30                grid_d51_verify_user_row
 .text.grid_d51_init
                0x000050c8       0x4c grid/grid_d51.o
                0x000050c8                grid_d51_init
 .text.grid_msg_header_set_len
                0x00005114       0x20 grid/grid_msg.o
                0x00005114                grid_msg_header_set_len
 .text.grid_msg_header_set_id
                0x00005134       0x20 grid/grid_msg.o
                0x00005134                grid_msg_header_set_id
 .text.grid_msg_header_set_dx
                0x00005154       0x20 grid/grid_msg.o
                0x00005154                grid_msg_header_set_dx
 .text.grid_msg_header_get_dx
                0x00005174       0x1c grid/grid_msg.o
                0x00005174                grid_msg_header_get_dx
 .text.grid_msg_header_set_dy
                0x00005190       0x20 grid/grid_msg.o
                0x00005190                grid_msg_header_set_dy
 .text.grid_msg_header_get_dy
                0x000051b0       0x1c grid/grid_msg.o
                0x000051b0                grid_msg_header_get_dy
 .text.grid_msg_header_set_rot
                0x000051cc       0x20 grid/grid_msg.o
                0x000051cc                grid_msg_header_set_rot
 .text.grid_msg_header_set_age
                0x000051ec       0x20 grid/grid_msg.o
                0x000051ec                grid_msg_header_set_age
 .text.grid_msg_packet_get_length
                0x0000520c       0x12 grid/grid_msg.o
                0x0000520c                grid_msg_packet_get_length
 .text.grid_msg_body_get_length
                0x0000521e        0x6 grid/grid_msg.o
                0x0000521e                grid_msg_body_get_length
 .text.grid_msg_body_append_text
                0x00005224       0x20 grid/grid_msg.o
                0x00005224                grid_msg_body_append_text
 .text.grid_msg_body_append_text_escaped
                0x00005244       0x30 grid/grid_msg.o
                0x00005244                grid_msg_body_append_text_escaped
 .text.grid_msg_text_get_parameter
                0x00005274       0x18 grid/grid_msg.o
                0x00005274                grid_msg_text_get_parameter
 .text.grid_msg_text_set_parameter
                0x0000528c       0x18 grid/grid_msg.o
                0x0000528c                grid_msg_text_set_parameter
 .text.grid_msg_init
                0x000052a4       0x44 grid/grid_msg.o
                0x000052a4                grid_msg_init
 .text.grid_msg_init_header
                0x000052e8       0x6c grid/grid_msg.o
                0x000052e8                grid_msg_init_header
 .text.grid_msg_packet_receive_char
                0x00005354       0x4e grid/grid_msg.o
                0x00005354                grid_msg_packet_receive_char
 .text.grid_msg_packet_send_char
                0x000053a2       0x3a grid/grid_msg.o
                0x000053a2                grid_msg_packet_send_char
 .text.grid_msg_packet_close
                0x000053dc       0xd4 grid/grid_msg.o
                0x000053dc                grid_msg_packet_close
 .text.grid_msg_packet_send_everywhere
                0x000054b0       0x5c grid/grid_msg.o
                0x000054b0                grid_msg_packet_send_everywhere
 .text.grid_nvm_ui_bulk_read_init
                0x0000550c        0xe grid/grid_nvm.o
                0x0000550c                grid_nvm_ui_bulk_read_init
 .text.grid_nvm_ui_bulk_read_is_in_progress
                0x0000551a        0x6 grid/grid_nvm.o
                0x0000551a                grid_nvm_ui_bulk_read_is_in_progress
 .text.grid_nvm_ui_bulk_read_next
                0x00005520      0x104 grid/grid_nvm.o
                0x00005520                grid_nvm_ui_bulk_read_next
 .text.grid_nvm_ui_bulk_clear_init
                0x00005624        0xe grid/grid_nvm.o
                0x00005624                grid_nvm_ui_bulk_clear_init
 .text.grid_nvm_ui_bulk_clear_is_in_progress
                0x00005632        0x6 grid/grid_nvm.o
                0x00005632                grid_nvm_ui_bulk_clear_is_in_progress
 .text.grid_nvm_ui_bulk_clear_next
                0x00005638      0x104 grid/grid_nvm.o
                0x00005638                grid_nvm_ui_bulk_clear_next
 .text.grid_nvm_clear_read_buffer
                0x0000573c       0x20 grid/grid_nvm.o
                0x0000573c                grid_nvm_clear_read_buffer
 .text.grid_nvm_clear_write_buffer
                0x0000575c       0x28 grid/grid_nvm.o
                0x0000575c                grid_nvm_clear_write_buffer
 .text.grid_nvm_init
                0x00005784       0x44 grid/grid_nvm.o
                0x00005784                grid_nvm_init
 .text.grid_nvm_calculate_event_page_offset
                0x000057c8       0x1c grid/grid_nvm.o
                0x000057c8                grid_nvm_calculate_event_page_offset
 .text.grid_ain_channel_init
                0x000057e4       0x34 grid/grid_ain.o
                0x000057e4                grid_ain_channel_init
 .text.grid_ain_init
                0x00005818       0x44 grid/grid_ain.o
                0x00005818                grid_ain_init
 .text.grid_ain_add_sample
                0x0000585c       0xd0 grid/grid_ain.o
                0x0000585c                grid_ain_add_sample
 .text.grid_ain_get_changed
                0x0000592c       0x10 grid/grid_ain.o
                0x0000592c                grid_ain_get_changed
 .text.grid_ain_get_average
                0x0000593c       0x28 grid/grid_ain.o
                0x0000593c                grid_ain_get_average
 .text.grid_port_reset_receiver
                0x00005964       0x90 grid/grid_buf.o
                0x00005964                grid_port_reset_receiver
 .text.grid_buffer_init
                0x000059f4       0x3c grid/grid_buf.o
                0x000059f4                grid_buffer_init
 .text.grid_buffer_get_space
                0x00005a30       0x18 grid/grid_buf.o
                0x00005a30                grid_buffer_get_space
 .text.grid_buffer_write_init
                0x00005a48       0x3c grid/grid_buf.o
                0x00005a48                grid_buffer_write_init
 .text.grid_buffer_write_character
                0x00005a84       0x1e grid/grid_buf.o
                0x00005a84                grid_buffer_write_character
 *fill*         0x00005aa2        0x2 
 .text.grid_buffer_write_acknowledge
                0x00005aa4       0x28 grid/grid_buf.o
                0x00005aa4                grid_buffer_write_acknowledge
 .text.grid_port_receive_decode
                0x00005acc      0x524 grid/grid_buf.o
                0x00005acc                grid_port_receive_decode
 .text.grid_port_receive_task
                0x00005ff0      0x168 grid/grid_buf.o
                0x00005ff0                grid_port_receive_task
 .text.grid_buffer_read_size
                0x00006158       0x52 grid/grid_buf.o
                0x00006158                grid_buffer_read_size
 .text.grid_buffer_read_init
                0x000061aa       0x66 grid/grid_buf.o
                0x000061aa                grid_buffer_read_init
 .text.grid_buffer_read_character
                0x00006210       0x2a grid/grid_buf.o
                0x00006210                grid_buffer_read_character
 .text.grid_buffer_read_acknowledge
                0x0000623a       0x16 grid/grid_buf.o
                0x0000623a                grid_buffer_read_acknowledge
 .text.grid_port_init
                0x00006250      0x15c grid/grid_buf.o
                0x00006250                grid_port_init
 .text.grid_port_init_all
                0x000063ac       0xa4 grid/grid_buf.o
                0x000063ac                grid_port_init_all
 .text.grid_port_process_inbound
                0x00006450      0x1bc grid/grid_buf.o
                0x00006450                grid_port_process_inbound
 .text.grid_port_process_outbound_usb
                0x0000660c      0x1ec grid/grid_buf.o
                0x0000660c                grid_port_process_outbound_usb
 .text.grid_port_process_outbound_ui
                0x000067f8      0x724 grid/grid_buf.o
                0x000067f8                grid_port_process_outbound_ui
 .text.grid_port_process_outbound_usart
                0x00006f1c       0x6c grid/grid_buf.o
                0x00006f1c                grid_port_process_outbound_usart
 .text.grid_led_lowlevel_hardware_transfer_complete_cb
                0x00006f88        0xc grid/grid_led.o
                0x00006f88                grid_led_lowlevel_hardware_transfer_complete_cb
 .text.grid_led_lowlevel_set_color
                0x00006f94       0x4c grid/grid_led.o
                0x00006f94                grid_led_lowlevel_set_color
 .text.grid_led_hardware_init
                0x00006fe0       0x2c grid/grid_led.o
                0x00006fe0                grid_led_hardware_init
 .text.grid_led_get_led_number
                0x0000700c        0x4 grid/grid_led.o
                0x0000700c                grid_led_get_led_number
 .text.grid_led_tick
                0x00007010       0x34 grid/grid_led.o
                0x00007010                grid_led_tick
 .text.grid_led_set_min
                0x00007044       0x20 grid/grid_led.o
                0x00007044                grid_led_set_min
 .text.grid_led_set_mid
                0x00007064       0x20 grid/grid_led.o
                0x00007064                grid_led_set_mid
 .text.grid_led_set_max
                0x00007084       0x20 grid/grid_led.o
                0x00007084                grid_led_set_max
 .text.grid_led_set_color
                0x000070a4       0x6c grid/grid_led.o
                0x000070a4                grid_led_set_color
 .text.grid_led_set_phase
                0x00007110       0x14 grid/grid_led.o
                0x00007110                grid_led_set_phase
 .text.grid_led_set_frequency
                0x00007124       0x14 grid/grid_led.o
                0x00007124                grid_led_set_frequency
 .text.grid_led_buffer_init
                0x00007138      0x16c grid/grid_led.o
                0x00007138                grid_led_buffer_init
 .text.grid_led_lowlevel_init
                0x000072a4       0xb0 grid/grid_led.o
                0x000072a4                grid_led_lowlevel_init
 .text.grid_led_lowlevel_render
                0x00007354       0xb0 grid/grid_led.o
                0x00007354                grid_led_lowlevel_render
 .text.grid_led_lowlevel_render_all
                0x00007404       0x20 grid/grid_led.o
                0x00007404                grid_led_lowlevel_render_all
 .text.grid_led_lowlevel_hardware_start_transfer
                0x00007424       0x30 grid/grid_led.o
                0x00007424                grid_led_lowlevel_hardware_start_transfer
 .text.grid_module_common_init
                0x00007454      0x250 grid/grid_module.o
                0x00007454                grid_module_common_init
 .text.grid_module_bu16_revb_hardware_start_transfer
                0x000076a4       0x20 grid/grid_module_bu16_revb.o
                0x000076a4                grid_module_bu16_revb_hardware_start_transfer
 .text.grid_module_bu16_revb_hardware_transfer_complete_cb
                0x000076c4      0x200 grid/grid_module_bu16_revb.o
 .text.grid_module_bu16_revb_hardware_init
                0x000078c4       0x48 grid/grid_module_bu16_revb.o
                0x000078c4                grid_module_bu16_revb_hardware_init
 .text.grid_module_bu16_revb_init
                0x0000790c       0x70 grid/grid_module_bu16_revb.o
                0x0000790c                grid_module_bu16_revb_init
 .text.grid_module_en16_reva_hardware_start_transfer
                0x0000797c       0x3c grid/grid_module_en16_reva.o
                0x0000797c                grid_module_en16_reva_hardware_start_transfer
 .text.grid_module_en16_reva_hardware_transfer_complete_cb
                0x000079b8      0x320 grid/grid_module_en16_reva.o
                0x000079b8                grid_module_en16_reva_hardware_transfer_complete_cb
 .text.grid_module_en16_reva_hardware_init
                0x00007cd8       0x68 grid/grid_module_en16_reva.o
                0x00007cd8                grid_module_en16_reva_hardware_init
 .text.grid_module_en16_reva_init
                0x00007d40       0x9c grid/grid_module_en16_reva.o
                0x00007d40                grid_module_en16_reva_init
 .text.grid_module_pbf4_reva_hardware_start_transfer
                0x00007ddc       0x20 grid/grid_module_pbf4_reva.o
                0x00007ddc                grid_module_pbf4_reva_hardware_start_transfer
 *fill*         0x00007dfc        0x4 
 .text.grid_module_pbf4_reva_hardware_transfer_complete_cb
                0x00007e00      0x320 grid/grid_module_pbf4_reva.o
                0x00007e00                grid_module_pbf4_reva_hardware_transfer_complete_cb
 .text.grid_module_pbf4_reva_hardware_init
                0x00008120       0x48 grid/grid_module_pbf4_reva.o
                0x00008120                grid_module_pbf4_reva_hardware_init
 .text.grid_module_pbf4_reva_init
                0x00008168       0x84 grid/grid_module_pbf4_reva.o
                0x00008168                grid_module_pbf4_reva_init
 .text.grid_module_po16_revb_hardware_start_transfer
                0x000081ec       0x20 grid/grid_module_po16_revb.o
                0x000081ec                grid_module_po16_revb_hardware_start_transfer
 *fill*         0x0000820c        0x4 
 .text.grid_module_po16_revb_hardware_transfer_complete_cb
                0x00008210      0x248 grid/grid_module_po16_revb.o
 .text.grid_module_po16_revb_hardware_init
                0x00008458       0x48 grid/grid_module_po16_revb.o
                0x00008458                grid_module_po16_revb_hardware_init
 .text.grid_module_po16_revb_init
                0x000084a0       0x80 grid/grid_module_po16_revb.o
                0x000084a0                grid_module_po16_revb_init
 .text.gpio_set_pin_pull_mode.constprop.3
                0x00008520       0x28 grid/grid_sys.o
 .text.grid_task_enter_task
                0x00008548        0x8 grid/grid_sys.o
                0x00008548                grid_task_enter_task
 .text.grid_task_timer_tick
                0x00008550        0xe grid/grid_sys.o
                0x00008550                grid_task_timer_tick
 .text.grid_task_timer_reset
                0x0000855e       0x10 grid/grid_sys.o
                0x0000855e                grid_task_timer_reset
 .text.grid_task_timer_read
                0x0000856e        0x8 grid/grid_sys.o
                0x0000856e                grid_task_timer_read
 *fill*         0x00008576        0x2 
 .text.grid_sys_nvm_store_configuration
                0x00008578      0x1f8 grid/grid_sys.o
                0x00008578                grid_sys_nvm_store_configuration
 .text.grid_sys_nvm_load_configuration
                0x00008770       0xf8 grid/grid_sys.o
                0x00008770                grid_sys_nvm_load_configuration
 .text.grid_sys_nvm_clear_configuration
                0x00008868       0x9c grid/grid_sys.o
                0x00008868                grid_sys_nvm_clear_configuration
 .text.grid_debug_print_text
                0x00008904       0xec grid/grid_sys.o
                0x00008904                grid_debug_print_text
 .text.tx_cb_USART_GRID
                0x000089f0       0x1a grid/grid_sys.o
                0x000089f0                tx_cb_USART_GRID
 *fill*         0x00008a0a        0x2 
 .text.tx_cb_USART_GRID_W
                0x00008a0c       0x10 grid/grid_sys.o
 .text.tx_cb_USART_GRID_S
                0x00008a1c       0x10 grid/grid_sys.o
 .text.tx_cb_USART_GRID_E
                0x00008a2c       0x10 grid/grid_sys.o
 .text.tx_cb_USART_GRID_N
                0x00008a3c       0x10 grid/grid_sys.o
 .text.err_cb_USART_GRID
                0x00008a4c       0x10 grid/grid_sys.o
                0x00008a4c                err_cb_USART_GRID
 .text.err_cb_USART_GRID_W
                0x00008a5c       0x10 grid/grid_sys.o
 .text.err_cb_USART_GRID_S
                0x00008a6c       0x10 grid/grid_sys.o
 .text.err_cb_USART_GRID_E
                0x00008a7c       0x10 grid/grid_sys.o
 .text.err_cb_USART_GRID_N
                0x00008a8c       0x10 grid/grid_sys.o
 .text.grid_sys_port_reset_dma
                0x00008a9c       0x20 grid/grid_sys.o
                0x00008a9c                grid_sys_port_reset_dma
 .text.dma_transfer_complete_n_cb
                0x00008abc       0x10 grid/grid_sys.o
                0x00008abc                dma_transfer_complete_n_cb
 .text.dma_transfer_complete_e_cb
                0x00008acc       0x10 grid/grid_sys.o
                0x00008acc                dma_transfer_complete_e_cb
 .text.dma_transfer_complete_s_cb
                0x00008adc       0x10 grid/grid_sys.o
                0x00008adc                dma_transfer_complete_s_cb
 .text.dma_transfer_complete_w_cb
                0x00008aec       0x10 grid/grid_sys.o
                0x00008aec                dma_transfer_complete_w_cb
 .text.grid_sys_uart_init
                0x00008afc      0x104 grid/grid_sys.o
                0x00008afc                grid_sys_uart_init
 .text.grid_sys_dma_rx_init_one
                0x00008c00       0x64 grid/grid_sys.o
                0x00008c00                grid_sys_dma_rx_init_one
 .text.grid_sys_dma_rx_init
                0x00008c64       0x6c grid/grid_sys.o
                0x00008c64                grid_sys_dma_rx_init
 .text.grid_sys_init
                0x00008cd0       0x70 grid/grid_sys.o
                0x00008cd0                grid_sys_init
 .text.grid_sys_bank_enable
                0x00008d40        0xc grid/grid_sys.o
                0x00008d40                grid_sys_bank_enable
 .text.grid_sys_bank_disable
                0x00008d4c        0xc grid/grid_sys.o
                0x00008d4c                grid_sys_bank_disable
 .text.grid_sys_bank_set_color
                0x00008d58       0x16 grid/grid_sys.o
                0x00008d58                grid_sys_bank_set_color
 .text.grid_sys_get_bank_num
                0x00008d6e        0x4 grid/grid_sys.o
                0x00008d6e                grid_sys_get_bank_num
 .text.grid_sys_get_bank_valid
                0x00008d72        0x4 grid/grid_sys.o
                0x00008d72                grid_sys_get_bank_valid
 .text.grid_sys_get_bank_red
                0x00008d76        0x4 grid/grid_sys.o
                0x00008d76                grid_sys_get_bank_red
 .text.grid_sys_get_bank_gre
                0x00008d7a        0x4 grid/grid_sys.o
                0x00008d7a                grid_sys_get_bank_gre
 .text.grid_sys_get_bank_blu
                0x00008d7e        0x6 grid/grid_sys.o
                0x00008d7e                grid_sys_get_bank_blu
 .text.grid_sys_get_bank_next
                0x00008d84       0x24 grid/grid_sys.o
                0x00008d84                grid_sys_get_bank_next
 .text.grid_sys_get_bank_number_of_first_valid
                0x00008da8       0x1a grid/grid_sys.o
                0x00008da8                grid_sys_get_bank_number_of_first_valid
 .text.grid_sys_set_bank
                0x00008dc2       0x3c grid/grid_sys.o
                0x00008dc2                grid_sys_set_bank
 .text.grid_sys_rtc_get_time
                0x00008dfe        0x4 grid/grid_sys.o
                0x00008dfe                grid_sys_rtc_get_time
 .text.grid_sys_rtc_get_elapsed_time
                0x00008e02        0x6 grid/grid_sys.o
                0x00008e02                grid_sys_rtc_get_elapsed_time
 .text.grid_sys_rtc_tick_time
                0x00008e08        0x8 grid/grid_sys.o
                0x00008e08                grid_sys_rtc_tick_time
 .text.grid_sys_alert_read_color_changed_flag
                0x00008e10        0x4 grid/grid_sys.o
                0x00008e10                grid_sys_alert_read_color_changed_flag
 .text.grid_sys_alert_clear_color_changed_flag
                0x00008e14        0x6 grid/grid_sys.o
                0x00008e14                grid_sys_alert_clear_color_changed_flag
 .text.grid_sys_alert_get_color_intensity
                0x00008e1a       0x42 grid/grid_sys.o
                0x00008e1a                grid_sys_alert_get_color_intensity
 .text.grid_sys_alert_set_alert
                0x00008e5c       0x1a grid/grid_sys.o
                0x00008e5c                grid_sys_alert_set_alert
 .text.grid_sys_alert_get_color_r
                0x00008e76        0x4 grid/grid_sys.o
                0x00008e76                grid_sys_alert_get_color_r
 .text.grid_sys_alert_get_color_g
                0x00008e7a        0x4 grid/grid_sys.o
                0x00008e7a                grid_sys_alert_get_color_g
 .text.grid_sys_alert_get_color_b
                0x00008e7e        0x4 grid/grid_sys.o
                0x00008e7e                grid_sys_alert_get_color_b
 .text.grid_sys_read_hex_char_value
                0x00008e82       0x28 grid/grid_sys.o
                0x00008e82                grid_sys_read_hex_char_value
 *fill*         0x00008eaa        0x2 
 .text.grid_sys_read_hex_string_value
                0x00008eac       0x30 grid/grid_sys.o
                0x00008eac                grid_sys_read_hex_string_value
 .text.grid_sys_write_hex_string_value
                0x00008edc       0x34 grid/grid_sys.o
                0x00008edc                grid_sys_write_hex_string_value
 .text.grid_sys_get_hwcfg
                0x00008f10       0xe4 grid/grid_sys.o
                0x00008f10                grid_sys_get_hwcfg
 .text.grid_msg_calculate_checksum_of_packet_string
                0x00008ff4       0x1a grid/grid_sys.o
                0x00008ff4                grid_msg_calculate_checksum_of_packet_string
 *fill*         0x0000900e        0x2 
 .text.grid_msg_checksum_read
                0x00009010       0x1c grid/grid_sys.o
                0x00009010                grid_msg_checksum_read
 .text.grid_msg_checksum_write
                0x0000902c       0x10 grid/grid_sys.o
                0x0000902c                grid_msg_checksum_write
 .text.grid_msg_get_parameter
                0x0000903c       0x18 grid/grid_sys.o
                0x0000903c                grid_msg_get_parameter
 .text.grid_msg_set_parameter
                0x00009054       0x14 grid/grid_sys.o
                0x00009054                grid_msg_set_parameter
 .text.grid_msg_find_recent
                0x00009068       0x1a grid/grid_sys.o
                0x00009068                grid_msg_find_recent
 .text.grid_msg_push_recent
                0x00009082       0x16 grid/grid_sys.o
                0x00009082                grid_msg_push_recent
 .text.grid_ui_model_init
                0x00009098       0x34 grid/grid_ui.o
                0x00009098                grid_ui_model_init
 .text.grid_ui_bank_init
                0x000090cc       0x40 grid/grid_ui.o
                0x000090cc                grid_ui_bank_init
 .text.grid_ui_nvm_load_all_configuration
                0x0000910c       0x10 grid/grid_ui.o
                0x0000910c                grid_ui_nvm_load_all_configuration
 .text.grid_ui_nvm_clear_all_configuration
                0x0000911c       0x10 grid/grid_ui.o
                0x0000911c                grid_ui_nvm_clear_all_configuration
 .text.grid_ui_nvm_store_event_configuration
                0x0000912c      0x1e4 grid/grid_ui.o
                0x0000912c                grid_ui_nvm_store_event_configuration
 .text.grid_ui_nvm_store_all_configuration
                0x00009310      0x108 grid/grid_ui.o
                0x00009310                grid_ui_nvm_store_all_configuration
 .text.grid_ui_nvm_load_event_configuration
                0x00009418       0x78 grid/grid_ui.o
                0x00009418                grid_ui_nvm_load_event_configuration
 .text.grid_ui_nvm_clear_event_configuration
                0x00009490       0x28 grid/grid_ui.o
                0x00009490                grid_ui_nvm_clear_event_configuration
 .text.grid_ui_event_find
                0x000094b8       0x2a grid/grid_ui.o
                0x000094b8                grid_ui_event_find
 .text.grid_ui_event_trigger
                0x000094e2       0x14 grid/grid_ui.o
                0x000094e2                grid_ui_event_trigger
 .text.grid_ui_event_render_action
                0x000094f6       0x38 grid/grid_ui.o
                0x000094f6                grid_ui_event_render_action
 *fill*         0x0000952e        0x2 
 .text.grid_port_process_ui
                0x00009530      0x4c0 grid/grid_ui.o
                0x00009530                grid_port_process_ui
 .text.grid_ui_event_template_action
                0x000099f0      0x1f4 grid/grid_ui.o
                0x000099f0                grid_ui_event_template_action
 .text.grid_ui_event_register_actionstring
                0x00009be4      0x100 grid/grid_ui.o
                0x00009be4                grid_ui_event_register_actionstring
 .text.grid_ui_event_generate_actionstring
                0x00009ce4       0xe4 grid/grid_ui.o
                0x00009ce4                grid_ui_event_generate_actionstring
 .text.grid_ui_reinit
                0x00009dc8       0x6c grid/grid_ui.o
                0x00009dc8                grid_ui_reinit
 .text.grid_ui_smart_trigger
                0x00009e34       0x50 grid/grid_ui.o
                0x00009e34                grid_ui_smart_trigger
 .text.grid_ui_event_register_eventstring
                0x00009e84      0x164 grid/grid_ui.o
                0x00009e84                grid_ui_event_register_eventstring
 .text.grid_ui_event_generate_eventstring
                0x00009fe8       0xe0 grid/grid_ui.o
                0x00009fe8                grid_ui_event_generate_eventstring
 .text.grid_ui_event_init
                0x0000a0c8       0xb0 grid/grid_ui.o
                0x0000a0c8                grid_ui_event_init
 .text.grid_ui_element_init
                0x0000a178      0x108 grid/grid_ui.o
                0x0000a178                grid_ui_element_init
 .text.grid_usb_serial_bulkin_cb
                0x0000a280        0x4 grid/grid_usb.o
 .text.grid_usb_serial_statechange_cb
                0x0000a284       0x28 grid/grid_usb.o
 .text.grid_usb_midi_bulkin_cb
                0x0000a2ac       0x28 grid/grid_usb.o
 .text.grid_usb_midi_bulkout_cb
                0x0000a2d4       0x28 grid/grid_usb.o
 .text.grid_usb_serial_bulkout_cb
                0x0000a2fc        0x4 grid/grid_usb.o
 .text.grid_usb_serial_init
                0x0000a300       0x10 grid/grid_usb.o
                0x0000a300                grid_usb_serial_init
 .text.grid_usb_midi_init
                0x0000a310       0x24 grid/grid_usb.o
                0x0000a310                grid_usb_midi_init
 .text.adc_async_window_threshold_reached
                0x0000a334        0x8 hal/src/hal_adc_async.o
 .text.adc_async_error_occured
                0x0000a33c        0x8 hal/src/hal_adc_async.o
 .text.adc_async_channel_conversion_done
                0x0000a344       0x68 hal/src/hal_adc_async.o
 .text.adc_async_init
                0x0000a3ac       0x4c hal/src/hal_adc_async.o
                0x0000a3ac                adc_async_init
 .text.adc_async_register_channel_buffer
                0x0000a3f8       0x6c hal/src/hal_adc_async.o
                0x0000a3f8                adc_async_register_channel_buffer
 .text.adc_async_enable_channel
                0x0000a464       0x10 hal/src/hal_adc_async.o
                0x0000a464                adc_async_enable_channel
 .text.adc_async_register_callback
                0x0000a474       0x3c hal/src/hal_adc_async.o
                0x0000a474                adc_async_register_callback
 .text.adc_async_read_channel
                0x0000a4b0       0x74 hal/src/hal_adc_async.o
                0x0000a4b0                adc_async_read_channel
 .text.adc_async_start_conversion
                0x0000a524       0x10 hal/src/hal_adc_async.o
                0x0000a524                adc_async_start_conversion
 .text.atomic_enter_critical
                0x0000a534        0xe hal/src/hal_atomic.o
                0x0000a534                atomic_enter_critical
 .text.atomic_leave_critical
                0x0000a542        0xc hal/src/hal_atomic.o
                0x0000a542                atomic_leave_critical
 *fill*         0x0000a54e        0x2 
 .text.crc_sync_init
                0x0000a550        0x8 hal/src/hal_crc_sync.o
                0x0000a550                crc_sync_init
 .text.delay_init
                0x0000a558       0x10 hal/src/hal_delay.o
                0x0000a558                delay_init
 .text.delay_us
                0x0000a568       0x24 hal/src/hal_delay.o
                0x0000a568                delay_us
 .text.delay_ms
                0x0000a58c       0x24 hal/src/hal_delay.o
                0x0000a58c                delay_ms
 .text.event_system_init
                0x0000a5b0        0x8 hal/src/hal_evsys.o
                0x0000a5b0                event_system_init
 .text.flash_ready
                0x0000a5b8        0x8 hal/src/hal_flash.o
 .text.flash_error
                0x0000a5c0        0x8 hal/src/hal_flash.o
 .text.flash_init
                0x0000a5c8       0x20 hal/src/hal_flash.o
                0x0000a5c8                flash_init
 .text.flash_read
                0x0000a5e8       0x4c hal/src/hal_flash.o
                0x0000a5e8                flash_read
 .text.flash_write
                0x0000a634       0x64 hal/src/hal_flash.o
                0x0000a634                flash_write
 .text.flash_erase
                0x0000a698       0x60 hal/src/hal_flash.o
                0x0000a698                flash_erase
 .text.i2c_m_async_write
                0x0000a6f8       0x2c hal/src/hal_i2c_m_async.o
 .text.i2c_m_async_read
                0x0000a724       0x2c hal/src/hal_i2c_m_async.o
 .text.i2c_tx_complete
                0x0000a750        0xe hal/src/hal_i2c_m_async.o
 .text.i2c_rx_complete
                0x0000a75e        0xe hal/src/hal_i2c_m_async.o
 .text.i2c_error
                0x0000a76c        0xe hal/src/hal_i2c_m_async.o
 *fill*         0x0000a77a        0x2 
 .text.i2c_m_async_init
                0x0000a77c       0x50 hal/src/hal_i2c_m_async.o
                0x0000a77c                i2c_m_async_init
 .text.io_write
                0x0000a7cc        0x4 hal/src/hal_io.o
                0x0000a7cc                io_write
 .text.io_read  0x0000a7d0        0x4 hal/src/hal_io.o
                0x0000a7d0                io_read
 .text.qspi_dma_init
                0x0000a7d4        0x8 hal/src/hal_qspi_dma.o
                0x0000a7d4                qspi_dma_init
 .text._spi_m_async_io_write
                0x0000a7dc       0x20 hal/src/hal_spi_m_async.o
 .text._spi_m_async_io_read
                0x0000a7fc       0x34 hal/src/hal_spi_m_async.o
 .text._spi_dev_error
                0x0000a830       0x40 hal/src/hal_spi_m_async.o
 .text._spi_dev_complete
                0x0000a870       0x2c hal/src/hal_spi_m_async.o
 .text._spi_dev_rx
                0x0000a89c       0x7c hal/src/hal_spi_m_async.o
 .text._spi_dev_tx
                0x0000a918       0x48 hal/src/hal_spi_m_async.o
 .text.spi_m_async_init
                0x0000a960       0x64 hal/src/hal_spi_m_async.o
                0x0000a960                spi_m_async_init
 .text.spi_m_async_enable
                0x0000a9c4        0xc hal/src/hal_spi_m_async.o
                0x0000a9c4                spi_m_async_enable
 .text.spi_m_async_set_baudrate
                0x0000a9d0       0x18 hal/src/hal_spi_m_async.o
                0x0000a9d0                spi_m_async_set_baudrate
 .text.spi_m_async_set_mode
                0x0000a9e8       0x18 hal/src/hal_spi_m_async.o
                0x0000a9e8                spi_m_async_set_mode
 .text.spi_m_async_transfer
                0x0000aa00       0x48 hal/src/hal_spi_m_async.o
                0x0000aa00                spi_m_async_transfer
 .text.spi_m_async_register_callback
                0x0000aa48       0x1c hal/src/hal_spi_m_async.o
                0x0000aa48                spi_m_async_register_callback
 .text.spi_m_async_get_io_descriptor
                0x0000aa64        0x8 hal/src/hal_spi_m_async.o
                0x0000aa64                spi_m_async_get_io_descriptor
 .text._spi_m_dma_io_write
                0x0000aa6c       0x18 hal/src/hal_spi_m_dma.o
 .text._spi_m_dma_io_read
                0x0000aa84       0x18 hal/src/hal_spi_m_dma.o
 .text.spi_m_dma_init
                0x0000aa9c       0x24 hal/src/hal_spi_m_dma.o
                0x0000aa9c                spi_m_dma_init
 .text.spi_m_dma_enable
                0x0000aac0        0xc hal/src/hal_spi_m_dma.o
                0x0000aac0                spi_m_dma_enable
 .text.spi_m_dma_register_callback
                0x0000aacc        0xc hal/src/hal_spi_m_dma.o
                0x0000aacc                spi_m_dma_register_callback
 .text.spi_m_dma_get_io_descriptor
                0x0000aad8        0x8 hal/src/hal_spi_m_dma.o
                0x0000aad8                spi_m_dma_get_io_descriptor
 .text.timer_add_timer_task
                0x0000aae0       0x4c hal/src/hal_timer.o
 .text.timer_process_counted
                0x0000ab2c       0x6c hal/src/hal_timer.o
 .text.timer_init
                0x0000ab98       0x1c hal/src/hal_timer.o
                0x0000ab98                timer_init
 .text.timer_start
                0x0000abb4       0x24 hal/src/hal_timer.o
                0x0000abb4                timer_start
 .text.timer_add_task
                0x0000abd8       0x78 hal/src/hal_timer.o
                0x0000abd8                timer_add_task
 .text.usart_transmission_complete
                0x0000ac50       0x10 hal/src/hal_usart_async.o
 .text.usart_error
                0x0000ac60       0x10 hal/src/hal_usart_async.o
 .text.usart_fill_rx_buffer
                0x0000ac70       0x20 hal/src/hal_usart_async.o
 .text.usart_async_write
                0x0000ac90       0x34 hal/src/hal_usart_async.o
 .text.usart_process_byte_sent
                0x0000acc4       0x34 hal/src/hal_usart_async.o
 .text.usart_async_read
                0x0000acf8       0x54 hal/src/hal_usart_async.o
 .text.usart_async_init
                0x0000ad4c       0x60 hal/src/hal_usart_async.o
                0x0000ad4c                usart_async_init
 .text.usart_async_enable
                0x0000adac       0x10 hal/src/hal_usart_async.o
                0x0000adac                usart_async_enable
 .text.usart_async_disable
                0x0000adbc       0x10 hal/src/hal_usart_async.o
                0x0000adbc                usart_async_disable
 .text.usart_async_get_io_descriptor
                0x0000adcc        0x6 hal/src/hal_usart_async.o
                0x0000adcc                usart_async_get_io_descriptor
 *fill*         0x0000add2        0x2 
 .text.usart_async_register_callback
                0x0000add4       0x44 hal/src/hal_usart_async.o
                0x0000add4                usart_async_register_callback
 .text.usart_async_set_parity
                0x0000ae18       0x10 hal/src/hal_usart_async.o
                0x0000ae18                usart_async_set_parity
 .text.usart_sync_write
                0x0000ae28       0x50 hal/src/hal_usart_sync.o
 .text.usart_sync_read
                0x0000ae78       0x38 hal/src/hal_usart_sync.o
 .text.usart_sync_init
                0x0000aeb0       0x24 hal/src/hal_usart_sync.o
                0x0000aeb0                usart_sync_init
 .text.usart_sync_enable
                0x0000aed4       0x10 hal/src/hal_usart_sync.o
                0x0000aed4                usart_sync_enable
 .text._usb_d_find_ep
                0x0000aee4       0x30 hal/src/hal_usb_device.o
 .text.usb_d_dummy_cb_false
                0x0000af14        0x4 hal/src/hal_usb_device.o
 .text.usb_d_cb_trans_more
                0x0000af18       0x30 hal/src/hal_usb_device.o
 .text._usb_d_cb_trans_done
                0x0000af48      0x108 hal/src/hal_usb_device.o
 .text.usb_d_cb_trans_setup
                0x0000b050       0x8c hal/src/hal_usb_device.o
 .text.usb_d_init
                0x0000b0dc       0x68 hal/src/hal_usb_device.o
                0x0000b0dc                usb_d_init
 .text.usb_d_register_callback
                0x0000b144        0x8 hal/src/hal_usb_device.o
                0x0000b144                usb_d_register_callback
 .text.usb_d_enable
                0x0000b14c        0x8 hal/src/hal_usb_device.o
                0x0000b14c                usb_d_enable
 .text.usb_d_attach
                0x0000b154        0x8 hal/src/hal_usb_device.o
                0x0000b154                usb_d_attach
 .text.usb_d_get_frame_num
                0x0000b15c        0x8 hal/src/hal_usb_device.o
                0x0000b15c                usb_d_get_frame_num
 .text.usb_d_set_address
                0x0000b164        0x8 hal/src/hal_usb_device.o
                0x0000b164                usb_d_set_address
 .text.usb_d_ep_init
                0x0000b16c       0x50 hal/src/hal_usb_device.o
                0x0000b16c                usb_d_ep_init
 .text.usb_d_ep0_init
                0x0000b1bc       0x10 hal/src/hal_usb_device.o
                0x0000b1bc                usb_d_ep0_init
 .text.usb_d_ep_deinit
                0x0000b1cc       0x2c hal/src/hal_usb_device.o
                0x0000b1cc                usb_d_ep_deinit
 .text.usb_d_ep_enable
                0x0000b1f8       0x40 hal/src/hal_usb_device.o
                0x0000b1f8                usb_d_ep_enable
 .text.usb_d_ep_transfer
                0x0000b238       0xf8 hal/src/hal_usb_device.o
                0x0000b238                usb_d_ep_transfer
 .text.usb_d_ep_halt
                0x0000b330       0x64 hal/src/hal_usb_device.o
                0x0000b330                usb_d_ep_halt
 .text.usb_d_ep_register_callback
                0x0000b394       0x4c hal/src/hal_usb_device.o
                0x0000b394                usb_d_ep_register_callback
 .text.is_list_element
                0x0000b3e0        0xe hal/utils/src/utils_list.o
                0x0000b3e0                is_list_element
 .text.list_insert_as_head
                0x0000b3ee        0x8 hal/utils/src/utils_list.o
                0x0000b3ee                list_insert_as_head
 .text.list_insert_after
                0x0000b3f6        0x8 hal/utils/src/utils_list.o
                0x0000b3f6                list_insert_after
 .text.list_insert_at_end
                0x0000b3fe       0x18 hal/utils/src/utils_list.o
                0x0000b3fe                list_insert_at_end
 .text.list_remove_head
                0x0000b416        0xc hal/utils/src/utils_list.o
                0x0000b416                list_remove_head
 .text.ringbuffer_init
                0x0000b422       0x18 hal/utils/src/utils_ringbuffer.o
                0x0000b422                ringbuffer_init
 .text.ringbuffer_get
                0x0000b43a       0x22 hal/utils/src/utils_ringbuffer.o
                0x0000b43a                ringbuffer_get
 .text.ringbuffer_put
                0x0000b45c       0x26 hal/utils/src/utils_ringbuffer.o
                0x0000b45c                ringbuffer_put
 .text.ringbuffer_num
                0x0000b482        0x8 hal/utils/src/utils_ringbuffer.o
                0x0000b482                ringbuffer_num
 *fill*         0x0000b48a        0x2 
 .text._sbrk    0x0000b48c       0x1c hal/utils/src/utils_syscalls.o
                0x0000b48c                _sbrk
 .text._close   0x0000b4a8        0x6 hal/utils/src/utils_syscalls.o
                0x0000b4a8                _close
 .text._fstat   0x0000b4ae        0xa hal/utils/src/utils_syscalls.o
                0x0000b4ae                _fstat
 .text._isatty  0x0000b4b8        0x4 hal/utils/src/utils_syscalls.o
                0x0000b4b8                _isatty
 .text._lseek   0x0000b4bc        0x4 hal/utils/src/utils_syscalls.o
                0x0000b4bc                _lseek
 .text.__NVIC_DisableIRQ
                0x0000b4c0       0x28 hpl/adc/hpl_adc.o
 .text.__NVIC_ClearPendingIRQ
                0x0000b4e8       0x20 hpl/adc/hpl_adc.o
 .text.hri_adc_wait_for_sync
                0x0000b508        0x8 hpl/adc/hpl_adc.o
 .text.hri_adc_set_CTRLA_ENABLE_bit
                0x0000b510       0x14 hpl/adc/hpl_adc.o
 .text.hri_adc_clear_CTRLA_ENABLE_bit
                0x0000b524       0x18 hpl/adc/hpl_adc.o
 .text._adc_get_regs
                0x0000b53c       0x14 hpl/adc/hpl_adc.o
 .text._adc_interrupt_handler
                0x0000b550       0x4e hpl/adc/hpl_adc.o
 .text._adc_get_irq_num.isra.0
                0x0000b59e       0x14 hpl/adc/hpl_adc.o
 *fill*         0x0000b5b2        0x2 
 .text._adc_init
                0x0000b5b4       0xc8 hpl/adc/hpl_adc.o
 .text._adc_async_init
                0x0000b67c       0xb4 hpl/adc/hpl_adc.o
                0x0000b67c                _adc_async_init
 .text._adc_async_enable_channel
                0x0000b730        0xc hpl/adc/hpl_adc.o
                0x0000b730                _adc_async_enable_channel
 .text._adc_async_get_data_size
                0x0000b73c       0x12 hpl/adc/hpl_adc.o
                0x0000b73c                _adc_async_get_data_size
 *fill*         0x0000b74e        0x2 
 .text._adc_async_convert
                0x0000b750       0x18 hpl/adc/hpl_adc.o
                0x0000b750                _adc_async_convert
 .text._adc_async_set_irq_state
                0x0000b768       0x20 hpl/adc/hpl_adc.o
                0x0000b768                _adc_async_set_irq_state
 .text.ADC0_1_Handler
                0x0000b788       0x10 hpl/adc/hpl_adc.o
                0x0000b788                ADC0_1_Handler
 .text.ADC0_0_Handler
                0x0000b798        0x8 hpl/adc/hpl_adc.o
                0x0000b798                ADC0_0_Handler
 .text.ADC1_1_Handler
                0x0000b7a0       0x10 hpl/adc/hpl_adc.o
                0x0000b7a0                ADC1_1_Handler
 .text.ADC1_0_Handler
                0x0000b7b0        0x8 hpl/adc/hpl_adc.o
                0x0000b7b0                ADC1_0_Handler
 .text._irq_set
                0x0000b7b8       0x1c hpl/core/hpl_core_m4.o
                0x0000b7b8                _irq_set
 .text._get_cycles_for_us
                0x0000b7d4        0x6 hpl/core/hpl_core_m4.o
                0x0000b7d4                _get_cycles_for_us
 *fill*         0x0000b7da        0x2 
 .text._get_cycles_for_ms
                0x0000b7dc        0xc hpl/core/hpl_core_m4.o
                0x0000b7dc                _get_cycles_for_ms
 .text._init_chip
                0x0000b7e8       0x5c hpl/core/hpl_init.o
                0x0000b7e8                _init_chip
 .text._dmac_handler
                0x0000b844       0x50 hpl/dmac/hpl_dmac.o
 .text._dma_init
                0x0000b894       0xd0 hpl/dmac/hpl_dmac.o
                0x0000b894                _dma_init
 .text._dma_set_irq_state
                0x0000b964       0x28 hpl/dmac/hpl_dmac.o
                0x0000b964                _dma_set_irq_state
 .text._dma_set_destination_address
                0x0000b98c       0x10 hpl/dmac/hpl_dmac.o
                0x0000b98c                _dma_set_destination_address
 .text._dma_set_source_address
                0x0000b99c       0x10 hpl/dmac/hpl_dmac.o
                0x0000b99c                _dma_set_source_address
 .text._dma_srcinc_enable
                0x0000b9ac       0x1c hpl/dmac/hpl_dmac.o
                0x0000b9ac                _dma_srcinc_enable
 .text._dma_set_data_amount
                0x0000b9c8       0x44 hpl/dmac/hpl_dmac.o
                0x0000b9c8                _dma_set_data_amount
 .text._dma_enable_transaction
                0x0000ba0c       0x3c hpl/dmac/hpl_dmac.o
                0x0000ba0c                _dma_enable_transaction
 .text._dma_get_channel_resource
                0x0000ba48       0x14 hpl/dmac/hpl_dmac.o
                0x0000ba48                _dma_get_channel_resource
 .text.DMAC_0_Handler
                0x0000ba5c        0x8 hpl/dmac/hpl_dmac.o
                0x0000ba5c                DMAC_0_Handler
 .text.DMAC_1_Handler
                0x0000ba64        0x8 hpl/dmac/hpl_dmac.o
                0x0000ba64                DMAC_1_Handler
 .text.DMAC_2_Handler
                0x0000ba6c        0x8 hpl/dmac/hpl_dmac.o
                0x0000ba6c                DMAC_2_Handler
 .text.DMAC_3_Handler
                0x0000ba74        0x8 hpl/dmac/hpl_dmac.o
                0x0000ba74                DMAC_3_Handler
 .text.DMAC_4_Handler
                0x0000ba7c        0x8 hpl/dmac/hpl_dmac.o
                0x0000ba7c                DMAC_4_Handler
 .text._crc_sync_init
                0x0000ba84        0x6 hpl/dsu/hpl_dsu.o
                0x0000ba84                _crc_sync_init
 *fill*         0x0000ba8a        0x2 
 .text._event_system_init
                0x0000ba8c       0x58 hpl/evsys/hpl_evsys.o
                0x0000ba8c                _event_system_init
 .text.hri_gclk_wait_for_sync.constprop.0
                0x0000bae4       0x14 hpl/gclk/hpl_gclk.o
 .text._gclk_init_generators_by_fref
                0x0000baf8       0x58 hpl/gclk/hpl_gclk.o
                0x0000baf8                _gclk_init_generators_by_fref
 .text._mclk_init
                0x0000bb50        0xc hpl/mclk/hpl_mclk.o
                0x0000bb50                _mclk_init
 .text._flash_program
                0x0000bb5c       0x3c hpl/nvmctrl/hpl_nvmctrl.o
 .text._user_row_write_exec
                0x0000bb98       0x88 hpl/nvmctrl/hpl_nvmctrl.o
 .text._flash_init
                0x0000bc20       0x4c hpl/nvmctrl/hpl_nvmctrl.o
                0x0000bc20                _flash_init
 .text._flash_get_page_size
                0x0000bc6c        0x6 hpl/nvmctrl/hpl_nvmctrl.o
                0x0000bc6c                _flash_get_page_size
 .text._flash_get_total_pages
                0x0000bc72        0x8 hpl/nvmctrl/hpl_nvmctrl.o
                0x0000bc72                _flash_get_total_pages
 .text._flash_read
                0x0000bc7a       0x1e hpl/nvmctrl/hpl_nvmctrl.o
                0x0000bc7a                _flash_read
 .text._flash_write
                0x0000bc98       0xd0 hpl/nvmctrl/hpl_nvmctrl.o
                0x0000bc98                _flash_write
 .text._flash_erase
                0x0000bd68       0xa8 hpl/nvmctrl/hpl_nvmctrl.o
                0x0000bd68                _flash_erase
 .text._flash_is_locked
                0x0000be10       0x18 hpl/nvmctrl/hpl_nvmctrl.o
                0x0000be10                _flash_is_locked
 .text.NVMCTRL_1_Handler
                0x0000be28       0x2c hpl/nvmctrl/hpl_nvmctrl.o
                0x0000be28                NVMCTRL_1_Handler
 .text.NVMCTRL_0_Handler
                0x0000be54        0x8 hpl/nvmctrl/hpl_nvmctrl.o
                0x0000be54                NVMCTRL_0_Handler
 .text._user_area_read
                0x0000be5c       0x60 hpl/nvmctrl/hpl_nvmctrl.o
                0x0000be5c                _user_area_read
 .text._user_area_write
                0x0000bebc       0x78 hpl/nvmctrl/hpl_nvmctrl.o
                0x0000bebc                _user_area_write
 .text._osc32kctrl_init_sources
                0x0000bf34       0x14 hpl/osc32kctrl/hpl_osc32kctrl.o
                0x0000bf34                _osc32kctrl_init_sources
 .text._oscctrl_init_sources
                0x0000bf48        0x2 hpl/oscctrl/hpl_oscctrl.o
                0x0000bf48                _oscctrl_init_sources
 *fill*         0x0000bf4a        0x2 
 .text._oscctrl_init_referenced_generators
                0x0000bf4c       0xfc hpl/oscctrl/hpl_oscctrl.o
                0x0000bf4c                _oscctrl_init_referenced_generators
 .text._qspi_dma_tx_complete
                0x0000c048       0x14 hpl/qspi/hpl_qspi.o
 .text._qspi_dma_rx_complete
                0x0000c05c        0x8 hpl/qspi/hpl_qspi.o
 .text._qspi_dma_error_occured
                0x0000c064        0xa hpl/qspi/hpl_qspi.o
 *fill*         0x0000c06e        0x2 
 .text._qspi_dma_init
                0x0000c070       0x58 hpl/qspi/hpl_qspi.o
                0x0000c070                _qspi_dma_init
 .text.RAMECC_Handler
                0x0000c0c8       0x3c hpl/ramecc/hpl_ramecc.o
                0x0000c0c8                RAMECC_Handler
 .text.hri_rtcmode0_wait_for_sync
                0x0000c104        0x8 hpl/rtc/hpl_rtc.o
 .text._rtc_timer_stop
                0x0000c10c       0x1c hpl/rtc/hpl_rtc.o
                0x0000c10c                _rtc_timer_stop
 .text._rtc_timer_set_period
                0x0000c128       0x10 hpl/rtc/hpl_rtc.o
                0x0000c128                _rtc_timer_set_period
 .text._rtc_timer_get_period
                0x0000c138       0x14 hpl/rtc/hpl_rtc.o
                0x0000c138                _rtc_timer_get_period
 .text._rtc_timer_is_started
                0x0000c14c       0x1c hpl/rtc/hpl_rtc.o
                0x0000c14c                _rtc_timer_is_started
 .text._rtc_timer_set_irq
                0x0000c168        0x2 hpl/rtc/hpl_rtc.o
                0x0000c168                _rtc_timer_set_irq
 *fill*         0x0000c16a        0x2 
 .text._rtc_timer_start
                0x0000c16c       0x3c hpl/rtc/hpl_rtc.o
                0x0000c16c                _rtc_timer_start
 .text._rtc_timer_deinit
                0x0000c1a8       0x28 hpl/rtc/hpl_rtc.o
                0x0000c1a8                _rtc_timer_deinit
 .text._rtc_timer_init
                0x0000c1d0       0x48 hpl/rtc/hpl_rtc.o
                0x0000c1d0                _rtc_timer_init
 .text._rtc_get_timer
                0x0000c218        0x8 hpl/rtc/hpl_rtc.o
                0x0000c218                _rtc_get_timer
 .text.RTC_Handler
                0x0000c220       0x24 hpl/rtc/hpl_rtc.o
                0x0000c220                RTC_Handler
 .text.__NVIC_EnableIRQ
                0x0000c244       0x1c hpl/sercom/hpl_sercom.o
 .text.__NVIC_DisableIRQ
                0x0000c260       0x28 hpl/sercom/hpl_sercom.o
 .text.__NVIC_ClearPendingIRQ
                0x0000c288       0x20 hpl/sercom/hpl_sercom.o
 .text.hri_sercomi2cm_wait_for_sync
                0x0000c2a8        0x8 hpl/sercom/hpl_sercom.o
 .text.hri_sercomspi_wait_for_sync
                0x0000c2b0        0x8 hpl/sercom/hpl_sercom.o
 .text.hri_sercomusart_wait_for_sync
                0x0000c2b8        0x8 hpl/sercom/hpl_sercom.o
 .text.hri_sercomi2cm_clear_CTRLA_ENABLE_bit
                0x0000c2c0       0x14 hpl/sercom/hpl_sercom.o
 .text.hri_sercomspi_clear_CTRLA_ENABLE_bit
                0x0000c2d4       0x14 hpl/sercom/hpl_sercom.o
 .text.hri_sercomusart_get_CTRLA_ENABLE_bit
                0x0000c2e8       0x14 hpl/sercom/hpl_sercom.o
 .text.hri_sercomusart_write_CTRLA_ENABLE_bit
                0x0000c2fc       0x18 hpl/sercom/hpl_sercom.o
 .text.hri_sercomusart_clear_CTRLA_ENABLE_bit
                0x0000c314       0x14 hpl/sercom/hpl_sercom.o
 .text._sercom_get_hardware_index
                0x0000c328       0x34 hpl/sercom/hpl_sercom.o
 .text._sercom_usart_interrupt_handler
                0x0000c35c       0x70 hpl/sercom/hpl_sercom.o
 .text._sercom_init_irq_param
                0x0000c3cc       0x60 hpl/sercom/hpl_sercom.o
 .text._get_i2cm_index
                0x0000c42c       0x14 hpl/sercom/hpl_sercom.o
 .text._sercom_get_irq_num
                0x0000c440       0x14 hpl/sercom/hpl_sercom.o
 .text._spi_sync_enable
                0x0000c454       0x28 hpl/sercom/hpl_sercom.o
 .text._spi_get_regs
                0x0000c47c       0x2c hpl/sercom/hpl_sercom.o
 .text._spi_get_tx_dma_channel
                0x0000c4a8       0x14 hpl/sercom/hpl_sercom.o
 .text._spi_get_rx_dma_channel
                0x0000c4bc       0x14 hpl/sercom/hpl_sercom.o
 .text._spi_dma_rx_complete
                0x0000c4d0        0xa hpl/sercom/hpl_sercom.o
 .text._spi_dma_tx_complete
                0x0000c4da        0xa hpl/sercom/hpl_sercom.o
 .text._spi_dma_error_occured
                0x0000c4e4        0xa hpl/sercom/hpl_sercom.o
 *fill*         0x0000c4ee        0x2 
 .text._usart_set_parity
                0x0000c4f0       0x78 hpl/sercom/hpl_sercom.o
 .text._sercom_i2c_send_stop
                0x0000c568       0x14 hpl/sercom/hpl_sercom.o
 .text._sercom_i2c_sync_analyse_flags
                0x0000c57c      0x16c hpl/sercom/hpl_sercom.o
 .text._spi_load_regs_master
                0x0000c6e8       0x3c hpl/sercom/hpl_sercom.o
 .text._spi_set_mode
                0x0000c724       0x34 hpl/sercom/hpl_sercom.o
 .text._i2c_m_sync_init_impl
                0x0000c758       0xb0 hpl/sercom/hpl_sercom.o
 .text._usart_init
                0x0000c808       0xdc hpl/sercom/hpl_sercom.o
 .text._usart_sync_init
                0x0000c8e4        0xc hpl/sercom/hpl_sercom.o
                0x0000c8e4                _usart_sync_init
 .text._usart_async_init
                0x0000c8f0       0x64 hpl/sercom/hpl_sercom.o
                0x0000c8f0                _usart_async_init
 .text._usart_sync_enable
                0x0000c954       0x14 hpl/sercom/hpl_sercom.o
                0x0000c954                _usart_sync_enable
 .text._usart_async_enable
                0x0000c968       0x14 hpl/sercom/hpl_sercom.o
                0x0000c968                _usart_async_enable
 .text._usart_async_disable
                0x0000c97c        0xc hpl/sercom/hpl_sercom.o
                0x0000c97c                _usart_async_disable
 .text._usart_async_set_parity
                0x0000c988        0xc hpl/sercom/hpl_sercom.o
                0x0000c988                _usart_async_set_parity
 .text._usart_sync_write_byte
                0x0000c994        0x6 hpl/sercom/hpl_sercom.o
                0x0000c994                _usart_sync_write_byte
 .text._usart_async_write_byte
                0x0000c99a        0x6 hpl/sercom/hpl_sercom.o
                0x0000c99a                _usart_async_write_byte
 .text._usart_sync_read_byte
                0x0000c9a0        0x8 hpl/sercom/hpl_sercom.o
                0x0000c9a0                _usart_sync_read_byte
 .text._usart_sync_is_ready_to_send
                0x0000c9a8        0xa hpl/sercom/hpl_sercom.o
                0x0000c9a8                _usart_sync_is_ready_to_send
 .text._usart_sync_is_transmit_done
                0x0000c9b2        0xa hpl/sercom/hpl_sercom.o
                0x0000c9b2                _usart_sync_is_transmit_done
 .text._usart_sync_is_byte_received
                0x0000c9bc        0xa hpl/sercom/hpl_sercom.o
                0x0000c9bc                _usart_sync_is_byte_received
 .text._usart_async_enable_byte_sent_irq
                0x0000c9c6        0x8 hpl/sercom/hpl_sercom.o
                0x0000c9c6                _usart_async_enable_byte_sent_irq
 .text._usart_async_enable_tx_done_irq
                0x0000c9ce        0x8 hpl/sercom/hpl_sercom.o
                0x0000c9ce                _usart_async_enable_tx_done_irq
 .text._usart_async_set_irq_state
                0x0000c9d6       0x32 hpl/sercom/hpl_sercom.o
                0x0000c9d6                _usart_async_set_irq_state
 .text._i2c_m_async_init
                0x0000ca08       0x64 hpl/sercom/hpl_sercom.o
                0x0000ca08                _i2c_m_async_init
 .text._i2c_m_async_transfer
                0x0000ca6c       0xc0 hpl/sercom/hpl_sercom.o
                0x0000ca6c                _i2c_m_async_transfer
 .text._i2c_m_async_register_callback
                0x0000cb2c       0x1a hpl/sercom/hpl_sercom.o
                0x0000cb2c                _i2c_m_async_register_callback
 *fill*         0x0000cb46        0x2 
 .text.SERCOM0_3_Handler
                0x0000cb48       0x10 hpl/sercom/hpl_sercom.o
                0x0000cb48                SERCOM0_3_Handler
 .text.SERCOM0_2_Handler
                0x0000cb58        0x8 hpl/sercom/hpl_sercom.o
                0x0000cb58                SERCOM0_2_Handler
 .text.SERCOM0_1_Handler
                0x0000cb60        0x8 hpl/sercom/hpl_sercom.o
                0x0000cb60                SERCOM0_1_Handler
 .text.SERCOM0_0_Handler
                0x0000cb68        0x8 hpl/sercom/hpl_sercom.o
                0x0000cb68                SERCOM0_0_Handler
 .text.SERCOM1_3_Handler
                0x0000cb70       0x10 hpl/sercom/hpl_sercom.o
                0x0000cb70                SERCOM1_3_Handler
 .text.SERCOM1_2_Handler
                0x0000cb80        0x8 hpl/sercom/hpl_sercom.o
                0x0000cb80                SERCOM1_2_Handler
 .text.SERCOM1_1_Handler
                0x0000cb88        0x8 hpl/sercom/hpl_sercom.o
                0x0000cb88                SERCOM1_1_Handler
 .text.SERCOM1_0_Handler
                0x0000cb90        0x8 hpl/sercom/hpl_sercom.o
                0x0000cb90                SERCOM1_0_Handler
 .text.SERCOM3_3_Handler
                0x0000cb98       0x44 hpl/sercom/hpl_sercom.o
                0x0000cb98                SERCOM3_3_Handler
 .text.SERCOM3_2_Handler
                0x0000cbdc        0x8 hpl/sercom/hpl_sercom.o
                0x0000cbdc                SERCOM3_2_Handler
 .text.SERCOM3_1_Handler
                0x0000cbe4        0x8 hpl/sercom/hpl_sercom.o
                0x0000cbe4                SERCOM3_1_Handler
 .text.SERCOM3_0_Handler
                0x0000cbec        0x8 hpl/sercom/hpl_sercom.o
                0x0000cbec                SERCOM3_0_Handler
 .text.SERCOM4_3_Handler
                0x0000cbf4       0x10 hpl/sercom/hpl_sercom.o
                0x0000cbf4                SERCOM4_3_Handler
 .text.SERCOM4_2_Handler
                0x0000cc04        0x8 hpl/sercom/hpl_sercom.o
                0x0000cc04                SERCOM4_2_Handler
 .text.SERCOM4_1_Handler
                0x0000cc0c        0x8 hpl/sercom/hpl_sercom.o
                0x0000cc0c                SERCOM4_1_Handler
 .text.SERCOM4_0_Handler
                0x0000cc14        0x8 hpl/sercom/hpl_sercom.o
                0x0000cc14                SERCOM4_0_Handler
 .text.SERCOM5_3_Handler
                0x0000cc1c       0x64 hpl/sercom/hpl_sercom.o
                0x0000cc1c                SERCOM5_3_Handler
 .text.SERCOM5_2_Handler
                0x0000cc80        0x8 hpl/sercom/hpl_sercom.o
                0x0000cc80                SERCOM5_2_Handler
 .text.SERCOM5_1_Handler
                0x0000cc88        0x8 hpl/sercom/hpl_sercom.o
                0x0000cc88                SERCOM5_1_Handler
 .text.SERCOM5_0_Handler
                0x0000cc90        0x8 hpl/sercom/hpl_sercom.o
                0x0000cc90                SERCOM5_0_Handler
 .text.SERCOM6_3_Handler
                0x0000cc98       0x10 hpl/sercom/hpl_sercom.o
                0x0000cc98                SERCOM6_3_Handler
 .text.SERCOM6_2_Handler
                0x0000cca8        0x8 hpl/sercom/hpl_sercom.o
                0x0000cca8                SERCOM6_2_Handler
 .text.SERCOM6_1_Handler
                0x0000ccb0        0x8 hpl/sercom/hpl_sercom.o
                0x0000ccb0                SERCOM6_1_Handler
 .text.SERCOM6_0_Handler
                0x0000ccb8        0x8 hpl/sercom/hpl_sercom.o
                0x0000ccb8                SERCOM6_0_Handler
 .text._spi_m_sync_init
                0x0000ccc0       0xd0 hpl/sercom/hpl_sercom.o
                0x0000ccc0                _spi_m_sync_init
 .text._spi_m_async_init
                0x0000cd90       0x58 hpl/sercom/hpl_sercom.o
                0x0000cd90                _spi_m_async_init
 .text._spi_s_async_enable
                0x0000cde8       0x34 hpl/sercom/hpl_sercom.o
                0x0000cde8                _spi_s_async_enable
 .text._spi_m_async_enable
                0x0000ce1c        0x8 hpl/sercom/hpl_sercom.o
                0x0000ce1c                _spi_m_async_enable
 .text._spi_s_async_set_mode
                0x0000ce24        0xc hpl/sercom/hpl_sercom.o
                0x0000ce24                _spi_s_async_set_mode
 .text._spi_m_async_set_mode
                0x0000ce30        0x8 hpl/sercom/hpl_sercom.o
                0x0000ce30                _spi_m_async_set_mode
 .text._spi_m_async_set_baudrate
                0x0000ce38       0x14 hpl/sercom/hpl_sercom.o
                0x0000ce38                _spi_m_async_set_baudrate
 .text._spi_m_async_enable_tx
                0x0000ce4c       0x10 hpl/sercom/hpl_sercom.o
                0x0000ce4c                _spi_m_async_enable_tx
 .text._spi_m_async_enable_rx
                0x0000ce5c       0x10 hpl/sercom/hpl_sercom.o
                0x0000ce5c                _spi_m_async_enable_rx
 .text._spi_m_async_enable_tx_complete
                0x0000ce6c       0x10 hpl/sercom/hpl_sercom.o
                0x0000ce6c                _spi_m_async_enable_tx_complete
 .text._spi_m_async_write_one
                0x0000ce7c        0x8 hpl/sercom/hpl_sercom.o
                0x0000ce7c                _spi_m_async_write_one
 .text._spi_m_async_read_one
                0x0000ce84        0x8 hpl/sercom/hpl_sercom.o
                0x0000ce84                _spi_m_async_read_one
 .text._spi_m_async_register_callback
                0x0000ce8c        0xa hpl/sercom/hpl_sercom.o
                0x0000ce8c                _spi_m_async_register_callback
 .text._spi_m_async_set_irq_state
                0x0000ce96       0x12 hpl/sercom/hpl_sercom.o
                0x0000ce96                _spi_m_async_set_irq_state
 .text._spi_m_dma_init
                0x0000cea8       0xc4 hpl/sercom/hpl_sercom.o
                0x0000cea8                _spi_m_dma_init
 .text._spi_m_dma_enable
                0x0000cf6c        0xc hpl/sercom/hpl_sercom.o
                0x0000cf6c                _spi_m_dma_enable
 .text._spi_m_dma_register_callback
                0x0000cf78       0x64 hpl/sercom/hpl_sercom.o
                0x0000cf78                _spi_m_dma_register_callback
 .text._spi_m_dma_transfer
                0x0000cfdc       0xf8 hpl/sercom/hpl_sercom.o
                0x0000cfdc                _spi_m_dma_transfer
 .text._delay_init
                0x0000d0d4       0x14 hpl/systick/hpl_systick.o
                0x0000d0d4                _delay_init
 .text._delay_cycles
                0x0000d0e8       0x38 hpl/systick/hpl_systick.o
                0x0000d0e8                _delay_cycles
 .text.__NVIC_DisableIRQ
                0x0000d120       0x28 hpl/tc/hpl_tc.o
 .text.hri_tc_wait_for_sync
                0x0000d148        0x8 hpl/tc/hpl_tc.o
 .text._tc_timer_start
                0x0000d150       0x14 hpl/tc/hpl_tc.o
                0x0000d150                _tc_timer_start
 .text._tc_timer_get_period
                0x0000d164       0x50 hpl/tc/hpl_tc.o
                0x0000d164                _tc_timer_get_period
 .text._tc_timer_is_started
                0x0000d1b4       0x18 hpl/tc/hpl_tc.o
                0x0000d1b4                _tc_timer_is_started
 .text.tc_interrupt_handler
                0x0000d1cc       0x12 hpl/tc/hpl_tc.o
 *fill*         0x0000d1de        0x2 
 .text.get_tc_index
                0x0000d1e0       0x50 hpl/tc/hpl_tc.o
 .text._tc_timer_set_irq
                0x0000d230       0x28 hpl/tc/hpl_tc.o
                0x0000d230                _tc_timer_set_irq
 .text._tc_timer_stop
                0x0000d258       0x14 hpl/tc/hpl_tc.o
                0x0000d258                _tc_timer_stop
 .text._tc_timer_deinit
                0x0000d26c       0x4c hpl/tc/hpl_tc.o
                0x0000d26c                _tc_timer_deinit
 .text._tc_timer_init
                0x0000d2b8      0x150 hpl/tc/hpl_tc.o
                0x0000d2b8                _tc_timer_init
 .text._tc_timer_set_period
                0x0000d408       0x3c hpl/tc/hpl_tc.o
                0x0000d408                _tc_timer_set_period
 .text._tc_get_timer
                0x0000d444        0x8 hpl/tc/hpl_tc.o
                0x0000d444                _tc_get_timer
 .text.TC0_Handler
                0x0000d44c       0x10 hpl/tc/hpl_tc.o
                0x0000d44c                TC0_Handler
 .text.TC1_Handler
                0x0000d45c       0x10 hpl/tc/hpl_tc.o
                0x0000d45c                TC1_Handler
 .text.TC2_Handler
                0x0000d46c       0x10 hpl/tc/hpl_tc.o
                0x0000d46c                TC2_Handler
 .text.TC3_Handler
                0x0000d47c       0x10 hpl/tc/hpl_tc.o
                0x0000d47c                TC3_Handler
 .text._dummy_func_no_return
                0x0000d48c        0x4 hpl/usb/hpl_usb.o
 .text._usb_d_dev_wait_dfll_rdy
                0x0000d490       0x24 hpl/usb/hpl_usb.o
 .text._usb_d_dev_ept
                0x0000d4b4       0x18 hpl/usb/hpl_usb.o
 .text._usb_d_dev_handle_setup
                0x0000d4cc       0x84 hpl/usb/hpl_usb.o
 .text._usb_d_dev_handle_stall
                0x0000d550       0x28 hpl/usb/hpl_usb.o
 .text._usb_d_dev_trans_done
                0x0000d578       0x24 hpl/usb/hpl_usb.o
 .text._usb_d_dev_trans_stop
                0x0000d59c       0x64 hpl/usb/hpl_usb.o
 .text._usb_d_dev_handle_trfail
                0x0000d600       0xec hpl/usb/hpl_usb.o
 .text._usb_d_dev_reset_epts
                0x0000d6ec       0x3c hpl/usb/hpl_usb.o
 .text._usb_d_dev_in_next
                0x0000d728      0x158 hpl/usb/hpl_usb.o
 .text._usb_d_dev_out_next
                0x0000d880      0x1ac hpl/usb/hpl_usb.o
 .text._usb_d_dev_handler
                0x0000da2c      0x1dc hpl/usb/hpl_usb.o
 .text._usbd_ep_pcksize_size
                0x0000dc08       0x3e hpl/usb/hpl_usb.o
 *fill*         0x0000dc46        0x2 
 .text._usb_d_dev_init
                0x0000dc48       0xe8 hpl/usb/hpl_usb.o
                0x0000dc48                _usb_d_dev_init
 .text._usb_d_dev_enable
                0x0000dd30       0x5c hpl/usb/hpl_usb.o
                0x0000dd30                _usb_d_dev_enable
 .text._usb_d_dev_attach
                0x0000dd8c       0x12 hpl/usb/hpl_usb.o
                0x0000dd8c                _usb_d_dev_attach
 .text._usb_d_dev_set_address
                0x0000dd9e        0xc hpl/usb/hpl_usb.o
                0x0000dd9e                _usb_d_dev_set_address
 .text._usb_d_dev_get_frame_n
                0x0000ddaa        0xc hpl/usb/hpl_usb.o
                0x0000ddaa                _usb_d_dev_get_frame_n
 *fill*         0x0000ddb6        0x2 
 .text._usb_d_dev_ep_init
                0x0000ddb8       0xc0 hpl/usb/hpl_usb.o
                0x0000ddb8                _usb_d_dev_ep_init
 .text._usb_d_dev_ep_deinit
                0x0000de78       0x84 hpl/usb/hpl_usb.o
                0x0000de78                _usb_d_dev_ep_deinit
 .text._usb_d_dev_ep_enable
                0x0000defc      0x17c hpl/usb/hpl_usb.o
                0x0000defc                _usb_d_dev_ep_enable
 .text._usb_d_dev_ep_stall
                0x0000e078       0xe4 hpl/usb/hpl_usb.o
                0x0000e078                _usb_d_dev_ep_stall
 .text._usb_d_dev_ep_read_req
                0x0000e15c       0x54 hpl/usb/hpl_usb.o
                0x0000e15c                _usb_d_dev_ep_read_req
 .text._usb_d_dev_ep_trans
                0x0000e1b0      0x108 hpl/usb/hpl_usb.o
                0x0000e1b0                _usb_d_dev_ep_trans
 .text._usb_d_dev_register_callback
                0x0000e2b8       0x24 hpl/usb/hpl_usb.o
                0x0000e2b8                _usb_d_dev_register_callback
 .text._usb_d_dev_register_ep_callback
                0x0000e2dc       0x2c hpl/usb/hpl_usb.o
                0x0000e2dc                _usb_d_dev_register_ep_callback
 .text.USB_0_Handler
                0x0000e308        0x8 hpl/usb/hpl_usb.o
                0x0000e308                USB_0_Handler
 .text.USB_1_Handler
                0x0000e310        0x8 hpl/usb/hpl_usb.o
                0x0000e310                USB_1_Handler
 .text.USB_2_Handler
                0x0000e318        0x8 hpl/usb/hpl_usb.o
                0x0000e318                USB_2_Handler
 .text.USB_3_Handler
                0x0000e320        0x8 hpl/usb/hpl_usb.o
                0x0000e320                USB_3_Handler
 .text._wdt_init
                0x0000e328       0x42 hpl/wdt/hpl_wdt.o
                0x0000e328                _wdt_init
 *fill*         0x0000e36a        0x2 
 .text.RTC_Scheduler_ping_cb
                0x0000e36c       0x50 main.o
 .text.RTC_Scheduler_report_cb
                0x0000e3bc        0xc main.o
 .text.RTC_Scheduler_heartbeat_cb
                0x0000e3c8       0x1c main.o
 .text.RTC_Scheduler_realtime_cb
                0x0000e3e4       0x80 main.o
 .text.init_timer
                0x0000e464       0x84 main.o
                0x0000e464                init_timer
 .text.startup.main
                0x0000e4e8      0x510 main.o
                0x0000e4e8                main
 .text._read    0x0000e9f8       0x20 stdio_redirect/gcc/read.o
                0x0000e9f8                _read
 .text._write   0x0000ea18       0x24 stdio_redirect/gcc/write.o
                0x0000ea18                _write
 .text.stdio_io_init
                0x0000ea3c       0x2c stdio_redirect/stdio_io.o
                0x0000ea3c                stdio_io_init
 .text.stdio_io_read
                0x0000ea68       0x1c stdio_redirect/stdio_io.o
                0x0000ea68                stdio_io_read
 .text.stdio_io_write
                0x0000ea84       0x1c stdio_redirect/stdio_io.o
                0x0000ea84                stdio_io_write
 .text.stdio_redirect_init
                0x0000eaa0       0x20 stdio_start.o
                0x0000eaa0                stdio_redirect_init
 .text.cdcdf_acm_req
                0x0000eac0       0xdc usb/class/cdc/device/cdcdf_acm.o
 .text.cdcdf_acm_ctrl
                0x0000eb9c      0x138 usb/class/cdc/device/cdcdf_acm.o
 .text.cdcdf_acm_init
                0x0000ecd4       0x44 usb/class/cdc/device/cdcdf_acm.o
                0x0000ecd4                cdcdf_acm_init
 .text.cdcdf_acm_read
                0x0000ed18       0x2c usb/class/cdc/device/cdcdf_acm.o
                0x0000ed18                cdcdf_acm_read
 .text.cdcdf_acm_write
                0x0000ed44       0x2c usb/class/cdc/device/cdcdf_acm.o
                0x0000ed44                cdcdf_acm_write
 .text.cdcdf_acm_register_callback
                0x0000ed70       0x40 usb/class/cdc/device/cdcdf_acm.o
                0x0000ed70                cdcdf_acm_register_callback
 .text.hid_keyboard_req
                0x0000edb0       0x88 usb/class/hid/device/hiddf_keyboard.o
 .text.hid_keyboard_ctrl
                0x0000ee38      0x110 usb/class/hid/device/hiddf_keyboard.o
 .text.hiddf_keyboard_init
                0x0000ef48       0x44 usb/class/hid/device/hiddf_keyboard.o
                0x0000ef48                hiddf_keyboard_init
 .text.hiddf_keyboard_keys_state_change
                0x0000ef8c       0x8c usb/class/hid/device/hiddf_keyboard.o
                0x0000ef8c                hiddf_keyboard_keys_state_change
 .text.hid_mouse_req
                0x0000f018       0x88 usb/class/hid/device/hiddf_mouse.o
 .text.hid_mouse_ctrl
                0x0000f0a0       0xe4 usb/class/hid/device/hiddf_mouse.o
 .text.hiddf_mouse_init
                0x0000f184       0x44 usb/class/hid/device/hiddf_mouse.o
                0x0000f184                hiddf_mouse_init
 .text.hiddf_mouse_move
                0x0000f1c8       0x48 usb/class/hid/device/hiddf_mouse.o
                0x0000f1c8                hiddf_mouse_move
 .text.audio_midi_req
                0x0000f210       0x78 usb/class/midi/device/audiodf_midi.o
 .text.audio_midi_ctrl
                0x0000f288      0x180 usb/class/midi/device/audiodf_midi.o
 .text.audiodf_midi_init
                0x0000f408       0x44 usb/class/midi/device/audiodf_midi.o
                0x0000f408                audiodf_midi_init
 .text.audiodf_midi_write
                0x0000f44c       0x28 usb/class/midi/device/audiodf_midi.o
                0x0000f44c                audiodf_midi_write
 .text.audiodf_midi_read
                0x0000f474       0x20 usb/class/midi/device/audiodf_midi.o
                0x0000f474                audiodf_midi_read
 .text.audiodf_midi_register_callback
                0x0000f494       0x30 usb/class/midi/device/audiodf_midi.o
                0x0000f494                audiodf_midi_register_callback
 .text.usbdc_unconfig
                0x0000f4c4       0x1c usb/device/usbdc.o
 .text.usbdc_change_notify
                0x0000f4e0       0x20 usb/device/usbdc.o
 .text.usbdc_request_handler
                0x0000f500       0x38 usb/device/usbdc.o
 .text.usbd_sof_cb
                0x0000f538       0x18 usb/device/usbdc.o
 .text.usbdc_cb_ctl_done
                0x0000f550       0x68 usb/device/usbdc.o
 .text.usbdc_reset
                0x0000f5b8       0x5c usb/device/usbdc.o
                0x0000f5b8                usbdc_reset
 .text.usbd_event_cb
                0x0000f614       0x18 usb/device/usbdc.o
 .text.usbdc_xfer
                0x0000f62c       0x20 usb/device/usbdc.o
                0x0000f62c                usbdc_xfer
 .text.usbdc_cb_ctl_req
                0x0000f64c      0x328 usb/device/usbdc.o
 .text.usbdc_register_handler
                0x0000f974       0x2c usb/device/usbdc.o
                0x0000f974                usbdc_register_handler
 .text.usbdc_init
                0x0000f9a0       0x44 usb/device/usbdc.o
                0x0000f9a0                usbdc_init
 .text.usbdc_register_function
                0x0000f9e4       0x10 usb/device/usbdc.o
                0x0000f9e4                usbdc_register_function
 .text.usbdc_start
                0x0000f9f4       0x34 usb/device/usbdc.o
                0x0000f9f4                usbdc_start
 .text.usbdc_attach
                0x0000fa28        0x8 usb/device/usbdc.o
                0x0000fa28                usbdc_attach
 .text.usbdc_get_ctrl_buffer
                0x0000fa30        0xc usb/device/usbdc.o
                0x0000fa30                usbdc_get_ctrl_buffer
 .text.usbdc_get_state
                0x0000fa3c       0x14 usb/device/usbdc.o
                0x0000fa3c                usbdc_get_state
 .text.usb_find_desc
                0x0000fa50       0x1a usb/usb_protocol.o
                0x0000fa50                usb_find_desc
 .text.usb_find_ep_desc
                0x0000fa6a       0x1c usb/usb_protocol.o
                0x0000fa6a                usb_find_ep_desc
 *fill*         0x0000fa86        0x2 
 .text.usb_find_cfg_desc
                0x0000fa88       0x3c usb/usb_protocol.o
                0x0000fa88                usb_find_cfg_desc
 .text.usb_find_str_desc
                0x0000fac4       0x30 usb/usb_protocol.o
                0x0000fac4                usb_find_str_desc
 .text.gpio_get_pin_level
                0x0000faf4       0x48 usb_start.o
 .text.hiddf_demo_sof_event
                0x0000fb3c       0x78 usb_start.o
 .text.composite_device_init
                0x0000fbb4       0x2c usb_start.o
                0x0000fbb4                composite_device_init
 .text.composite_device_start
                0x0000fbe0       0x1c usb_start.o
                0x0000fbe0                composite_device_start
 .text.usb_init
                0x0000fbfc        0x8 usb_start.o
                0x0000fbfc                usb_init
 .text          0x0000fc04      0x370 c:/program files (x86)/atmel/studio/7.0/toolchain/arm/arm-gnu-toolchain/bin/../lib/gcc/arm-none-eabi/6.3.1/thumb/v7e-m\libgcc.a(_arm_addsubdf3.o)
                0x0000fc04                __aeabi_drsub
                0x0000fc0c                __aeabi_dsub
                0x0000fc0c                __subdf3
                0x0000fc10                __aeabi_dadd
                0x0000fc10                __adddf3
                0x0000fe88                __floatunsidf
                0x0000fe88                __aeabi_ui2d
                0x0000fea8                __floatsidf
                0x0000fea8                __aeabi_i2d
                0x0000fecc                __aeabi_f2d
                0x0000fecc                __extendsfdf2
                0x0000ff08                __floatundidf
                0x0000ff08                __aeabi_ul2d
                0x0000ff18                __floatdidf
                0x0000ff18                __aeabi_l2d
 .text          0x0000ff74      0x424 c:/program files (x86)/atmel/studio/7.0/toolchain/arm/arm-gnu-toolchain/bin/../lib/gcc/arm-none-eabi/6.3.1/thumb/v7e-m\libgcc.a(_arm_muldivdf3.o)
                0x0000ff74                __aeabi_dmul
                0x0000ff74                __muldf3
                0x000101c8                __divdf3
                0x000101c8                __aeabi_ddiv
 .text          0x00010398       0x40 c:/program files (x86)/atmel/studio/7.0/toolchain/arm/arm-gnu-toolchain/bin/../lib/gcc/arm-none-eabi/6.3.1/thumb/v7e-m\libgcc.a(_arm_fixunsdfsi.o)
                0x00010398                __aeabi_d2uiz
                0x00010398                __fixunsdfsi
 .text.__libc_init_array
                0x000103d8       0x48 c:/program files (x86)/atmel/studio/7.0/toolchain/arm/arm-gnu-toolchain/bin/../lib/gcc/arm-none-eabi/6.3.1/../../../../arm-none-eabi/lib/thumb/v7e-m\libc_nano.a(lib_a-init.o)
                0x000103d8                __libc_init_array
 .text.malloc   0x00010420       0x10 c:/program files (x86)/atmel/studio/7.0/toolchain/arm/arm-gnu-toolchain/bin/../lib/gcc/arm-none-eabi/6.3.1/../../../../arm-none-eabi/lib/thumb/v7e-m\libc_nano.a(lib_a-malloc.o)
                0x00010420                malloc
 .text.memcpy   0x00010430       0x16 c:/program files (x86)/atmel/studio/7.0/toolchain/arm/arm-gnu-toolchain/bin/../lib/gcc/arm-none-eabi/6.3.1/../../../../arm-none-eabi/lib/thumb/v7e-m\libc_nano.a(lib_a-memcpy-stub.o)
                0x00010430                memcpy
 .text.memset   0x00010446       0x10 c:/program files (x86)/atmel/studio/7.0/toolchain/arm/arm-gnu-toolchain/bin/../lib/gcc/arm-none-eabi/6.3.1/../../../../arm-none-eabi/lib/thumb/v7e-m\libc_nano.a(lib_a-memset.o)
                0x00010446                memset
 *fill*         0x00010456        0x2 