Archive member included to satisfy reference by file (symbol)

c:/program files (x86)/atmel/studio/7.0/toolchain/arm/arm-gnu-toolchain/bin/../lib/gcc/arm-none-eabi/6.3.1/thumb/v7e-m\libgcc.a(_arm_addsubdf3.o)
                              hpl/sercom/hpl_sercom.o (__aeabi_dsub)
c:/program files (x86)/atmel/studio/7.0/toolchain/arm/arm-gnu-toolchain/bin/../lib/gcc/arm-none-eabi/6.3.1/thumb/v7e-m\libgcc.a(_arm_muldivdf3.o)
                              grid/grid_hardwaretest.o (__aeabi_dmul)
c:/program files (x86)/atmel/studio/7.0/toolchain/arm/arm-gnu-toolchain/bin/../lib/gcc/arm-none-eabi/6.3.1/thumb/v7e-m\libgcc.a(_arm_fixunsdfsi.o)
                              grid/grid_hardwaretest.o (__aeabi_d2uiz)
c:/program files (x86)/atmel/studio/7.0/toolchain/arm/arm-gnu-toolchain/bin/../lib/gcc/arm-none-eabi/6.3.1/thumb/v7e-m\libgcc.a(_aeabi_uldivmod.o)
                              hpl/sercom/hpl_sercom.o (__aeabi_uldivmod)
c:/program files (x86)/atmel/studio/7.0/toolchain/arm/arm-gnu-toolchain/bin/../lib/gcc/arm-none-eabi/6.3.1/thumb/v7e-m\libgcc.a(_udivmoddi4.o)
                              c:/program files (x86)/atmel/studio/7.0/toolchain/arm/arm-gnu-toolchain/bin/../lib/gcc/arm-none-eabi/6.3.1/thumb/v7e-m\libgcc.a(_aeabi_uldivmod.o) (__udivmoddi4)
c:/program files (x86)/atmel/studio/7.0/toolchain/arm/arm-gnu-toolchain/bin/../lib/gcc/arm-none-eabi/6.3.1/thumb/v7e-m\libgcc.a(_dvmd_tls.o)
                              c:/program files (x86)/atmel/studio/7.0/toolchain/arm/arm-gnu-toolchain/bin/../lib/gcc/arm-none-eabi/6.3.1/thumb/v7e-m\libgcc.a(_aeabi_uldivmod.o) (__aeabi_ldiv0)
c:/program files (x86)/atmel/studio/7.0/toolchain/arm/arm-gnu-toolchain/bin/../lib/gcc/arm-none-eabi/6.3.1/../../../../arm-none-eabi/lib/thumb/v7e-m\libc_nano.a(lib_a-exit.o)
                              c:/program files (x86)/atmel/studio/7.0/toolchain/arm/arm-gnu-toolchain/bin/../lib/gcc/arm-none-eabi/6.3.1/../../../../arm-none-eabi/lib/thumb/v7e-m/crt0.o (exit)
c:/program files (x86)/atmel/studio/7.0/toolchain/arm/arm-gnu-toolchain/bin/../lib/gcc/arm-none-eabi/6.3.1/../../../../arm-none-eabi/lib/thumb/v7e-m\libc_nano.a(lib_a-impure.o)
                              c:/program files (x86)/atmel/studio/7.0/toolchain/arm/arm-gnu-toolchain/bin/../lib/gcc/arm-none-eabi/6.3.1/../../../../arm-none-eabi/lib/thumb/v7e-m\libc_nano.a(lib_a-exit.o) (_global_impure_ptr)
c:/program files (x86)/atmel/studio/7.0/toolchain/arm/arm-gnu-toolchain/bin/../lib/gcc/arm-none-eabi/6.3.1/../../../../arm-none-eabi/lib/thumb/v7e-m\libc_nano.a(lib_a-init.o)
                              c:/program files (x86)/atmel/studio/7.0/toolchain/arm/arm-gnu-toolchain/bin/../lib/gcc/arm-none-eabi/6.3.1/../../../../arm-none-eabi/lib/thumb/v7e-m/crt0.o (__libc_init_array)
c:/program files (x86)/atmel/studio/7.0/toolchain/arm/arm-gnu-toolchain/bin/../lib/gcc/arm-none-eabi/6.3.1/../../../../arm-none-eabi/lib/thumb/v7e-m\libc_nano.a(lib_a-malloc.o)
                              grid/grid_ain.o (malloc)
c:/program files (x86)/atmel/studio/7.0/toolchain/arm/arm-gnu-toolchain/bin/../lib/gcc/arm-none-eabi/6.3.1/../../../../arm-none-eabi/lib/thumb/v7e-m\libc_nano.a(lib_a-memcpy-stub.o)
                              hpl/nvmctrl/hpl_nvmctrl.o (memcpy)
c:/program files (x86)/atmel/studio/7.0/toolchain/arm/arm-gnu-toolchain/bin/../lib/gcc/arm-none-eabi/6.3.1/../../../../arm-none-eabi/lib/thumb/v7e-m\libc_nano.a(lib_a-memset.o)
                              c:/program files (x86)/atmel/studio/7.0/toolchain/arm/arm-gnu-toolchain/bin/../lib/gcc/arm-none-eabi/6.3.1/../../../../arm-none-eabi/lib/thumb/v7e-m/crt0.o (memset)
c:/program files (x86)/atmel/studio/7.0/toolchain/arm/arm-gnu-toolchain/bin/../lib/gcc/arm-none-eabi/6.3.1/../../../../arm-none-eabi/lib/thumb/v7e-m\libc_nano.a(lib_a-nano-freer.o)
                              c:/program files (x86)/atmel/studio/7.0/toolchain/arm/arm-gnu-toolchain/bin/../lib/gcc/arm-none-eabi/6.3.1/../../../../arm-none-eabi/lib/thumb/v7e-m\libc_nano.a(lib_a-malloc.o) (_free_r)
c:/program files (x86)/atmel/studio/7.0/toolchain/arm/arm-gnu-toolchain/bin/../lib/gcc/arm-none-eabi/6.3.1/../../../../arm-none-eabi/lib/thumb/v7e-m\libc_nano.a(lib_a-nano-mallocr.o)
                              c:/program files (x86)/atmel/studio/7.0/toolchain/arm/arm-gnu-toolchain/bin/../lib/gcc/arm-none-eabi/6.3.1/../../../../arm-none-eabi/lib/thumb/v7e-m\libc_nano.a(lib_a-malloc.o) (_malloc_r)
c:/program files (x86)/atmel/studio/7.0/toolchain/arm/arm-gnu-toolchain/bin/../lib/gcc/arm-none-eabi/6.3.1/../../../../arm-none-eabi/lib/thumb/v7e-m\libc_nano.a(lib_a-printf.o)
                              grid/grid_d51.o (printf)
c:/program files (x86)/atmel/studio/7.0/toolchain/arm/arm-gnu-toolchain/bin/../lib/gcc/arm-none-eabi/6.3.1/../../../../arm-none-eabi/lib/thumb/v7e-m\libc_nano.a(lib_a-puts.o)
                              grid/grid_unittest.o (puts)
[...]
Memory Configuration

Name             Origin             Length             Attributes
rom              0x00004000         0x0007a000         xr
ram              0x20000000         0x00040000         xrw
bkupram          0x47000000         0x00002000         xrw
qspi             0x04000000         0x01000000         xrw
*default*        0x00000000         0xffffffff

Linker script and memory map

LOAD c:/program files (x86)/atmel/studio/7.0/toolchain/arm/arm-gnu-toolchain/bin/../lib/gcc/arm-none-eabi/6.3.1/thumb/v7e-m/crti.o
LOAD c:/program files (x86)/atmel/studio/7.0/toolchain/arm/arm-gnu-toolchain/bin/../lib/gcc/arm-none-eabi/6.3.1/thumb/v7e-m/crtbegin.o
LOAD c:/program files (x86)/atmel/studio/7.0/toolchain/arm/arm-gnu-toolchain/bin/../lib/gcc/arm-none-eabi/6.3.1/../../../../arm-none-eabi/lib/thumb/v7e-m/crt0.o
LOAD atmel_start.o
LOAD Device_Startup/startup_samd51.o
LOAD Device_Startup/system_samd51.o
LOAD driver_init.o
LOAD examples/driver_examples.o
LOAD flash/n25q256a.o
LOAD flash/spi_nor_flash.o
LOAD grid/grid_d51.o
LOAD grid/grid_debug.o
LOAD grid/grid_hardwaretest.o
LOAD grid/grid_msg.o
LOAD grid/grid_nvm.o
LOAD grid/grid_unittest.o
LOAD grid/grid_ain.o
LOAD grid/grid_buf.o
LOAD grid/grid_led.o
LOAD grid/grid_module.o
LOAD grid/grid_module_bu16_revb.o
LOAD grid/grid_module_en16_reva.o
LOAD grid/grid_module_pbf4_reva.o
LOAD grid/grid_module_po16_revb.o
LOAD grid/grid_sys.o
LOAD grid/grid_ui.o
LOAD grid/grid_usb.o
LOAD hal/src/hal_adc_async.o
LOAD hal/src/hal_atomic.o
LOAD hal/src/hal_cache.o
LOAD hal/src/hal_crc_sync.o
LOAD hal/src/hal_delay.o
LOAD hal/src/hal_evsys.o
LOAD hal/src/hal_flash.o
LOAD hal/src/hal_gpio.o
LOAD hal/src/hal_i2c_m_async.o
LOAD hal/src/hal_init.o
LOAD hal/src/hal_io.o
LOAD hal/src/hal_qspi_dma.o
LOAD hal/src/hal_sleep.o
LOAD hal/src/hal_spi_m_async.o
LOAD hal/src/hal_spi_m_dma.o
LOAD hal/src/hal_timer.o
LOAD hal/src/hal_usart_async.o
LOAD hal/src/hal_usart_sync.o
LOAD hal/src/hal_usb_device.o
LOAD hal/src/hal_wdt.o
LOAD hal/utils/src/utils_assert.o
LOAD hal/utils/src/utils_event.o
LOAD hal/utils/src/utils_list.o
LOAD hal/utils/src/utils_ringbuffer.o
LOAD hal/utils/src/utils_syscalls.o
LOAD hpl/adc/hpl_adc.o
LOAD hpl/cmcc/hpl_cmcc.o
LOAD hpl/core/hpl_core_m4.o
LOAD hpl/core/hpl_init.o
LOAD hpl/dmac/hpl_dmac.o
LOAD hpl/dsu/hpl_dsu.o
LOAD hpl/evsys/hpl_evsys.o
LOAD hpl/gclk/hpl_gclk.o
LOAD hpl/mclk/hpl_mclk.o
LOAD hpl/nvmctrl/hpl_nvmctrl.o
LOAD hpl/osc32kctrl/hpl_osc32kctrl.o
LOAD hpl/oscctrl/hpl_oscctrl.o
LOAD hpl/pac/hpl_pac.o
LOAD hpl/pm/hpl_pm.o
LOAD hpl/qspi/hpl_qspi.o
LOAD hpl/ramecc/hpl_ramecc.o
LOAD hpl/rtc/hpl_rtc.o
LOAD hpl/sercom/hpl_sercom.o
LOAD hpl/systick/hpl_systick.o
LOAD hpl/tc/hpl_tc.o
LOAD hpl/usb/hpl_usb.o
LOAD hpl/wdt/hpl_wdt.o
LOAD main.o
LOAD stdio_redirect/gcc/read.o
LOAD stdio_redirect/gcc/write.o
LOAD stdio_redirect/stdio_io.o
LOAD stdio_start.o
LOAD usb/class/cdc/device/cdcdf_acm.o
LOAD usb/class/hid/device/hiddf_generic.o
LOAD usb/class/hid/device/hiddf_keyboard.o
LOAD usb/class/hid/device/hiddf_mouse.o
LOAD usb/class/midi/device/audiodf_midi.o
LOAD usb/class/midi/usb_protocol_midi.o
LOAD usb/class/msc/device/mscdf.o
LOAD usb/device/usbdc.o
LOAD usb/usb_protocol.o
LOAD usb_start.o
START GROUP
LOAD c:/program files (x86)/atmel/studio/7.0/toolchain/arm/arm-gnu-toolchain/bin/../lib/gcc/arm-none-eabi/6.3.1/../../../../arm-none-eabi/lib/thumb/v7e-m\libm.a
END GROUP
START GROUP
LOAD c:/program files (x86)/atmel/studio/7.0/toolchain/arm/arm-gnu-toolchain/bin/../lib/gcc/arm-none-eabi/6.3.1/thumb/v7e-m\libgcc.a
LOAD c:/program files (x86)/atmel/studio/7.0/toolchain/arm/arm-gnu-toolchain/bin/../lib/gcc/arm-none-eabi/6.3.1/../../../../arm-none-eabi/lib/thumb/v7e-m\libc_nano.a
END GROUP
START GROUP
LOAD c:/program files (x86)/atmel/studio/7.0/toolchain/arm/arm-gnu-toolchain/bin/../lib/gcc/arm-none-eabi/6.3.1/thumb/v7e-m\libgcc.a
LOAD c:/program files (x86)/atmel/studio/7.0/toolchain/arm/arm-gnu-toolchain/bin/../lib/gcc/arm-none-eabi/6.3.1/../../../../arm-none-eabi/lib/thumb/v7e-m\libc_nano.a
END GROUP
LOAD c:/program files (x86)/atmel/studio/7.0/toolchain/arm/arm-gnu-toolchain/bin/../lib/gcc/arm-none-eabi/6.3.1/thumb/v7e-m/crtend.o
LOAD c:/program files (x86)/atmel/studio/7.0/toolchain/arm/arm-gnu-toolchain/bin/../lib/gcc/arm-none-eabi/6.3.1/thumb/v7e-m/crtn.o
                0x00010000                STACK_SIZE = DEFINED (STACK_SIZE)?STACK_SIZE:DEFINED (__stack_size__)?__stack_size__:0x10000

.text           0x00004000     0xe174
                0x00004000                . = ALIGN (0x4)
                0x00004000                _sfixed = .
 *(.vectors .vectors.*)
 .vectors       0x00004000      0x264 Device_Startup/startup_samd51.o
                0x00004000                exception_table
 *(.text .text.* .gnu.linkonce.t.*)
 .text          0x00004264       0x6c c:/program files (x86)/atmel/studio/7.0/toolchain/arm/arm-gnu-toolchain/bin/../lib/gcc/arm-none-eabi/6.3.1/thumb/v7e-m/crtbegin.o
 .text.atmel_start_init
                0x000042d0       0x20 atmel_start.o
                0x000042d0                atmel_start_init
 .text.Dummy_Handler
                0x000042f0        0x2 Device_Startup/startup_samd51.o
                0x000042f0                EIC_5_Handler
                0x000042f0                SVCall_Handler
                0x000042f0                EIC_13_Handler
                0x000042f0                EVSYS_0_Handler
                0x000042f0                TCC1_3_Handler
                0x000042f0                DAC_3_Handler
                0x000042f0                TRNG_Handler
                0x000042f0                HardFault_Handler
                0x000042f0                PDEC_2_Handler
                0x000042f0                EIC_4_Handler
                0x000042f0                AC_Handler
                0x000042f0                SysTick_Handler
                0x000042f0                TCC2_3_Handler
                0x000042f0                PendSV_Handler
                0x000042f0                TC7_Handler
                0x000042f0                EVSYS_3_Handler
                0x000042f0                PDEC_0_Handler
                0x000042f0                QSPI_Handler
                0x000042f0                NonMaskableInt_Handler
                0x000042f0                TCC0_0_Handler
                0x000042f0                EIC_3_Handler
                0x000042f0                MemManagement_Handler
                0x000042f0                DAC_2_Handler
                0x000042f0                UsageFault_Handler
                0x000042f0                EIC_10_Handler
                0x000042f0                EIC_11_Handler
                0x000042f0                EIC_9_Handler
                0x000042f0                OSC32KCTRL_Handler
                0x000042f0                TCC2_1_Handler
                0x000042f0                SUPC_1_Handler
                0x000042f0                TCC0_5_Handler
                0x000042f0                TCC0_6_Handler
                0x000042f0                EVSYS_1_Handler
                0x000042f0                TCC1_4_Handler
                0x000042f0                TC6_Handler
                0x000042f0                WDT_Handler
                0x000042f0                EIC_8_Handler
                0x000042f0                EIC_15_Handler
                0x000042f0                TC4_Handler
                0x000042f0                OSCCTRL_4_Handler
                0x000042f0                EIC_12_Handler
                0x000042f0                TCC4_2_Handler
                0x000042f0                PAC_Handler
                0x000042f0                TCC1_0_Handler
                0x000042f0                OSCCTRL_0_Handler
                0x000042f0                EIC_0_Handler
                0x000042f0                OSCCTRL_3_Handler
                0x000042f0                Dummy_Handler
                0x000042f0                TCC3_0_Handler
                0x000042f0                TCC2_2_Handler
                0x000042f0                TCC1_1_Handler
                0x000042f0                OSCCTRL_2_Handler
                0x000042f0                TCC1_2_Handler
                0x000042f0                SERCOM7_1_Handler
                0x000042f0                PM_Handler
                0x000042f0                SERCOM2_3_Handler
                0x000042f0                DAC_4_Handler
                0x000042f0                TCC3_2_Handler
                0x000042f0                SERCOM7_0_Handler
                0x000042f0                TCC0_2_Handler
                0x000042f0                TCC4_0_Handler
                0x000042f0                SERCOM7_3_Handler
                0x000042f0                SDHC1_Handler
                0x000042f0                SERCOM7_2_Handler
                0x000042f0                TCC2_0_Handler
                0x000042f0                PDEC_1_Handler
                0x000042f0                TCC4_1_Handler
                0x000042f0                SDHC0_Handler
                0x000042f0                I2S_Handler
                0x000042f0                EIC_2_Handler
                0x000042f0                PCC_Handler
                0x000042f0                DAC_0_Handler
                0x000042f0                TCC0_1_Handler
                0x000042f0                EIC_6_Handler
                0x000042f0                OSCCTRL_1_Handler
                0x000042f0                PUKCC_Handler
                0x000042f0                SERCOM2_1_Handler
                0x000042f0                EIC_1_Handler
                0x000042f0                EVSYS_4_Handler
                0x000042f0                EIC_7_Handler
                0x000042f0                SERCOM2_2_Handler
                0x000042f0                TCC3_1_Handler
                0x000042f0                EIC_14_Handler
                0x000042f0                DAC_1_Handler
                0x000042f0                MCLK_Handler
                0x000042f0                EVSYS_2_Handler
                0x000042f0                SUPC_0_Handler
                0x000042f0                BusFault_Handler
                0x000042f0                FREQM_Handler
                0x000042f0                TCC0_3_Handler
                0x000042f0                DebugMonitor_Handler
                0x000042f0                TCC0_4_Handler
                0x000042f0                TC5_Handler
                0x000042f0                SERCOM2_0_Handler
                0x000042f0                AES_Handler
                0x000042f0                ICM_Handler
 *fill*         0x000042f2        0x2 
 .text.Reset_Handler
                0x000042f4       0x78 Device_Startup/startup_samd51.o
                0x000042f4                Reset_Handler
 .text._gpio_set_pin_function
                0x0000436c       0x68 driver_init.o
 .text.gpio_set_pin_direction
                0x000043d4       0x68 driver_init.o
 .text.ADC_0_init
                0x0000443c       0x80 driver_init.o
                0x0000443c                ADC_0_init
 .text.ADC_1_init
                0x000044bc       0x84 driver_init.o
                0x000044bc                ADC_1_init
 .text.CRC_0_init
                0x00004540       0x24 driver_init.o
                0x00004540                CRC_0_init
 .text.EVENT_SYSTEM_0_init
                0x00004564       0x30 driver_init.o
                0x00004564                EVENT_SYSTEM_0_init
 .text.FLASH_0_CLOCK_init
                0x00004594       0x10 driver_init.o
                0x00004594                FLASH_0_CLOCK_init
 .text.FLASH_0_init
                0x000045a4       0x24 driver_init.o
                0x000045a4                FLASH_0_init
 .text.QSPI_INSTANCE_PORT_init
                0x000045c8       0xdc driver_init.o
                0x000045c8                QSPI_INSTANCE_PORT_init
 .text.QSPI_INSTANCE_CLOCK_init
                0x000046a4       0x20 driver_init.o
                0x000046a4                QSPI_INSTANCE_CLOCK_init
 .text.QSPI_INSTANCE_init
                0x000046c4       0x2c driver_init.o
                0x000046c4                QSPI_INSTANCE_init
 .text.USART_EAST_CLOCK_init
                0x000046f0       0x24 driver_init.o
                0x000046f0                USART_EAST_CLOCK_init
 .text.USART_EAST_PORT_init
                0x00004714       0x24 driver_init.o
                0x00004714                USART_EAST_PORT_init
 .text.USART_EAST_init
                0x00004738       0x38 driver_init.o
                0x00004738                USART_EAST_init
 .text.USART_NORTH_CLOCK_init
                0x00004770       0x24 driver_init.o
                0x00004770                USART_NORTH_CLOCK_init
 .text.USART_NORTH_PORT_init
                0x00004794       0x24 driver_init.o
                0x00004794                USART_NORTH_PORT_init
 .text.USART_NORTH_init
                0x000047b8       0x38 driver_init.o
                0x000047b8                USART_NORTH_init
 .text.GRID_AUX_PORT_init
                0x000047f0       0x24 driver_init.o
                0x000047f0                GRID_AUX_PORT_init
 .text.GRID_AUX_CLOCK_init
                0x00004814       0x24 driver_init.o
                0x00004814                GRID_AUX_CLOCK_init
 .text.GRID_AUX_init
                0x00004838       0x2c driver_init.o
                0x00004838                GRID_AUX_init
 .text.UI_SPI_PORT_init
                0x00004864       0x68 driver_init.o
                0x00004864                UI_SPI_PORT_init
 .text.UI_SPI_CLOCK_init
                0x000048cc       0x24 driver_init.o
                0x000048cc                UI_SPI_CLOCK_init
 .text.UI_SPI_init
                0x000048f0       0x2c driver_init.o
                0x000048f0                UI_SPI_init
 .text.USART_WEST_CLOCK_init
                0x0000491c       0x24 driver_init.o
                0x0000491c                USART_WEST_CLOCK_init
 .text.USART_WEST_PORT_init
                0x00004940       0x24 driver_init.o
                0x00004940                USART_WEST_PORT_init
 .text.USART_WEST_init
                0x00004964       0x38 driver_init.o
                0x00004964                USART_WEST_init
 .text.SYS_I2C_PORT_init
                0x0000499c       0x40 driver_init.o
                0x0000499c                SYS_I2C_PORT_init
 .text.SYS_I2C_CLOCK_init
                0x000049dc       0x24 driver_init.o
                0x000049dc                SYS_I2C_CLOCK_init
 .text.SYS_I2C_init
                0x00004a00       0x2c driver_init.o
                0x00004a00                SYS_I2C_init
 .text.USART_SOUTH_CLOCK_init
                0x00004a2c       0x24 driver_init.o
                0x00004a2c                USART_SOUTH_CLOCK_init
 .text.USART_SOUTH_PORT_init
                0x00004a50       0x24 driver_init.o
                0x00004a50                USART_SOUTH_PORT_init
 .text.USART_SOUTH_init
                0x00004a74       0x38 driver_init.o
                0x00004a74                USART_SOUTH_init
 .text.GRID_LED_PORT_init
                0x00004aac       0x68 driver_init.o
                0x00004aac                GRID_LED_PORT_init
 .text.GRID_LED_CLOCK_init
                0x00004b14       0x24 driver_init.o
                0x00004b14                GRID_LED_CLOCK_init
 .text.GRID_LED_init
                0x00004b38       0x2c driver_init.o
                0x00004b38                GRID_LED_init
 .text.delay_driver_init
                0x00004b64       0x10 driver_init.o
                0x00004b64                delay_driver_init
 .text.USB_DEVICE_INSTANCE_PORT_init
                0x00004b74       0x60 driver_init.o
                0x00004b74                USB_DEVICE_INSTANCE_PORT_init
 .text.USB_DEVICE_INSTANCE_CLOCK_init
                0x00004bd4       0x24 driver_init.o
                0x00004bd4                USB_DEVICE_INSTANCE_CLOCK_init
 .text.USB_DEVICE_INSTANCE_init
                0x00004bf8       0x20 driver_init.o
                0x00004bf8                USB_DEVICE_INSTANCE_init
 .text.WDT_0_CLOCK_init
                0x00004c18       0x10 driver_init.o
                0x00004c18                WDT_0_CLOCK_init
 .text.WDT_0_init
                0x00004c28       0x24 driver_init.o
                0x00004c28                WDT_0_init
 .text.system_init
                0x00004c4c      0x2a8 driver_init.o
                0x00004c4c                system_init
 .text.grid_d51_bitmap_write_bit
                0x00004ef4       0x3a grid/grid_d51.o
                0x00004ef4                grid_d51_bitmap_write_bit
 *fill*         0x00004f2e        0x2 
 .text.grid_d51_verify_user_row
                0x00004f30      0x198 grid/grid_d51.o
                0x00004f30                grid_d51_verify_user_row
 .text.grid_d51_init
                0x000050c8       0x4c grid/grid_d51.o
                0x000050c8                grid_d51_init
 .text.grid_msg_header_set_len
                0x00005114       0x20 grid/grid_msg.o
                0x00005114                grid_msg_header_set_len
 .text.grid_msg_header_set_id
                0x00005134       0x20 grid/grid_msg.o
                0x00005134                grid_msg_header_set_id
 .text.grid_msg_header_set_dx
                0x00005154       0x20 grid/grid_msg.o
                0x00005154                grid_msg_header_set_dx
 .text.grid_msg_header_get_dx
                0x00005174       0x1c grid/grid_msg.o
                0x00005174                grid_msg_header_get_dx
 .text.grid_msg_header_set_dy
                0x00005190       0x20 grid/grid_msg.o
                0x00005190                grid_msg_header_set_dy
 .text.grid_msg_header_get_dy
                0x000051b0       0x1c grid/grid_msg.o
                0x000051b0                grid_msg_header_get_dy
 .text.grid_msg_header_set_rot
                0x000051cc       0x20 grid/grid_msg.o
                0x000051cc                grid_msg_header_set_rot
 .text.grid_msg_header_set_age
                0x000051ec       0x20 grid/grid_msg.o
                0x000051ec                grid_msg_header_set_age
 .text.grid_msg_packet_get_length
                0x0000520c       0x12 grid/grid_msg.o
                0x0000520c                grid_msg_packet_get_length
 .text.grid_msg_body_get_length
                0x0000521e        0x6 grid/grid_msg.o
                0x0000521e                grid_msg_body_get_length
 .text.grid_msg_body_append_text
                0x00005224       0x20 grid/grid_msg.o
                0x00005224                grid_msg_body_append_text
 .text.grid_msg_body_append_text_escaped
                0x00005244       0x30 grid/grid_msg.o
                0x00005244                grid_msg_body_append_text_escaped
 .text.grid_msg_text_get_parameter
                0x00005274       0x18 grid/grid_msg.o
                0x00005274                grid_msg_text_get_parameter
 .text.grid_msg_text_set_parameter
                0x0000528c       0x18 grid/grid_msg.o
                0x0000528c                grid_msg_text_set_parameter
 .text.grid_msg_init
                0x000052a4       0x44 grid/grid_msg.o
                0x000052a4                grid_msg_init
 .text.grid_msg_init_header
                0x000052e8       0x6c grid/grid_msg.o
                0x000052e8                grid_msg_init_header
 .text.grid_msg_packet_receive_char
                0x00005354       0x4e grid/grid_msg.o
                0x00005354                grid_msg_packet_receive_char
 .text.grid_msg_packet_send_char
                0x000053a2       0x3a grid/grid_msg.o
                0x000053a2                grid_msg_packet_send_char
 .text.grid_msg_packet_close
                0x000053dc       0xd4 grid/grid_msg.o
                0x000053dc                grid_msg_packet_close
 .text.grid_nvm_ui_bulk_read_init
                0x000054b0        0xe grid/grid_nvm.o
                0x000054b0                grid_nvm_ui_bulk_read_init
 .text.grid_nvm_ui_bulk_read_is_in_progress
                0x000054be        0x6 grid/grid_nvm.o
                0x000054be                grid_nvm_ui_bulk_read_is_in_progress
 .text.grid_nvm_ui_bulk_read_next
                0x000054c4       0xc4 grid/grid_nvm.o
                0x000054c4                grid_nvm_ui_bulk_read_next
 .text.grid_nvm_ui_bulk_clear_is_in_progress
                0x00005588        0x6 grid/grid_nvm.o
                0x00005588                grid_nvm_ui_bulk_clear_is_in_progress
 *fill*         0x0000558e        0x2 
 .text.grid_nvm_ui_bulk_clear_next
                0x00005590       0x6c grid/grid_nvm.o
                0x00005590                grid_nvm_ui_bulk_clear_next
 .text.grid_nvm_clear_read_buffer
                0x000055fc       0x20 grid/grid_nvm.o
                0x000055fc                grid_nvm_clear_read_buffer
 .text.grid_nvm_clear_write_buffer
                0x0000561c       0x28 grid/grid_nvm.o
                0x0000561c                grid_nvm_clear_write_buffer
 .text.grid_nvm_init
                0x00005644       0x44 grid/grid_nvm.o
                0x00005644                grid_nvm_init
 .text.grid_nvm_calculate_event_page_offset
                0x00005688       0x10 grid/grid_nvm.o
                0x00005688                grid_nvm_calculate_event_page_offset
 .text.grid_ain_channel_init
                0x00005698       0x34 grid/grid_ain.o
                0x00005698                grid_ain_channel_init
 .text.grid_ain_init
                0x000056cc       0x44 grid/grid_ain.o
                0x000056cc                grid_ain_init
 .text.grid_ain_add_sample
                0x00005710       0xd0 grid/grid_ain.o
                0x00005710                grid_ain_add_sample
 .text.grid_ain_get_changed
                0x000057e0       0x10 grid/grid_ain.o
                0x000057e0                grid_ain_get_changed
 .text.grid_ain_get_average
                0x000057f0       0x28 grid/grid_ain.o
                0x000057f0                grid_ain_get_average
 .text.grid_port_reset_receiver
                0x00005818       0x90 grid/grid_buf.o
                0x00005818                grid_port_reset_receiver
 .text.grid_buffer_init
                0x000058a8       0x4c grid/grid_buf.o
                0x000058a8                grid_buffer_init
 .text.grid_buffer_write_size
                0x000058f4       0x14 grid/grid_buf.o
                0x000058f4                grid_buffer_write_size
 .text.grid_buffer_write_init
                0x00005908       0x3c grid/grid_buf.o
                0x00005908                grid_buffer_write_init
 .text.grid_buffer_write_character
                0x00005944       0x1c grid/grid_buf.o
                0x00005944                grid_buffer_write_character
 .text.grid_buffer_write_acknowledge
                0x00005960       0x20 grid/grid_buf.o
                0x00005960                grid_buffer_write_acknowledge
 .text.grid_port_receive_decode
                0x00005980      0x51c grid/grid_buf.o
                0x00005980                grid_port_receive_decode
 .text.grid_port_receive_task
                0x00005e9c      0x168 grid/grid_buf.o
                0x00005e9c                grid_port_receive_task
 .text.grid_buffer_read_size
                0x00006004       0x4c grid/grid_buf.o
                0x00006004                grid_buffer_read_size
 .text.grid_buffer_read_init
                0x00006050       0x5c grid/grid_buf.o
                0x00006050                grid_buffer_read_init
 .text.grid_buffer_read_character
                0x000060ac       0x24 grid/grid_buf.o
                0x000060ac                grid_buffer_read_character
 .text.grid_buffer_read_acknowledge
                0x000060d0       0x10 grid/grid_buf.o
                0x000060d0                grid_buffer_read_acknowledge
 .text.grid_port_init
                0x000060e0      0x158 grid/grid_buf.o
                0x000060e0                grid_port_init
 .text.grid_port_init_all
                0x00006238       0xd4 grid/grid_buf.o
                0x00006238                grid_port_init_all
 .text.grid_port_process_inbound
                0x0000630c      0x1ac grid/grid_buf.o
                0x0000630c                grid_port_process_inbound
 .text.grid_port_process_outbound_usb
                0x000064b8      0x1ec grid/grid_buf.o
                0x000064b8                grid_port_process_outbound_usb
 .text.grid_port_process_outbound_ui
                0x000066a4      0x660 grid/grid_buf.o
                0x000066a4                grid_port_process_outbound_ui
 .text.grid_port_process_outbound_usart
                0x00006d04       0x6c grid/grid_buf.o
                0x00006d04                grid_port_process_outbound_usart
 .text.grid_led_lowlevel_hardware_transfer_complete_cb
                0x00006d70        0xc grid/grid_led.o
                0x00006d70                grid_led_lowlevel_hardware_transfer_complete_cb
 .text.grid_led_lowlevel_set_color
                0x00006d7c       0x4c grid/grid_led.o
                0x00006d7c                grid_led_lowlevel_set_color
 .text.grid_led_hardware_init
                0x00006dc8       0x2c grid/grid_led.o
                0x00006dc8                grid_led_hardware_init
 .text.grid_led_get_led_number
                0x00006df4        0x4 grid/grid_led.o
                0x00006df4                grid_led_get_led_number
 .text.grid_led_tick
                0x00006df8       0x34 grid/grid_led.o
                0x00006df8                grid_led_tick
 .text.grid_led_set_min
                0x00006e2c       0x20 grid/grid_led.o
                0x00006e2c                grid_led_set_min
 .text.grid_led_set_mid
                0x00006e4c       0x20 grid/grid_led.o
                0x00006e4c                grid_led_set_mid
 .text.grid_led_set_max
                0x00006e6c       0x20 grid/grid_led.o
                0x00006e6c                grid_led_set_max
 .text.grid_led_set_color
                0x00006e8c       0x6c grid/grid_led.o
                0x00006e8c                grid_led_set_color
 .text.grid_led_set_phase
                0x00006ef8       0x14 grid/grid_led.o
                0x00006ef8                grid_led_set_phase
 .text.grid_led_set_frequency
                0x00006f0c       0x14 grid/grid_led.o
                0x00006f0c                grid_led_set_frequency
 .text.grid_led_buffer_init
                0x00006f20      0x16c grid/grid_led.o
                0x00006f20                grid_led_buffer_init
 .text.grid_led_lowlevel_init
                0x0000708c       0xb0 grid/grid_led.o
                0x0000708c                grid_led_lowlevel_init
 .text.grid_led_lowlevel_render
                0x0000713c       0xb0 grid/grid_led.o
                0x0000713c                grid_led_lowlevel_render
 .text.grid_led_lowlevel_render_all
                0x000071ec       0x20 grid/grid_led.o
                0x000071ec                grid_led_lowlevel_render_all
 .text.grid_led_lowlevel_hardware_start_transfer
                0x0000720c       0x30 grid/grid_led.o
                0x0000720c                grid_led_lowlevel_hardware_start_transfer
 .text.grid_module_common_init
                0x0000723c      0x25c grid/grid_module.o
                0x0000723c                grid_module_common_init
 .text.grid_module_bu16_revb_hardware_start_transfer
                0x00007498       0x20 grid/grid_module_bu16_revb.o
                0x00007498                grid_module_bu16_revb_hardware_start_transfer
 .text.grid_module_bu16_revb_hardware_transfer_complete_cb
                0x000074b8      0x200 grid/grid_module_bu16_revb.o
 .text.grid_module_bu16_revb_hardware_init
                0x000076b8       0x48 grid/grid_module_bu16_revb.o
                0x000076b8                grid_module_bu16_revb_hardware_init
 .text.grid_module_bu16_revb_init
                0x00007700       0x70 grid/grid_module_bu16_revb.o
                0x00007700                grid_module_bu16_revb_init
 .text.grid_module_en16_reva_hardware_start_transfer
                0x00007770       0x3c grid/grid_module_en16_reva.o
                0x00007770                grid_module_en16_reva_hardware_start_transfer
 *fill*         0x000077ac        0x4 
 .text.grid_module_en16_reva_hardware_transfer_complete_cb
                0x000077b0      0x320 grid/grid_module_en16_reva.o
                0x000077b0                grid_module_en16_reva_hardware_transfer_complete_cb
 .text.grid_module_en16_reva_hardware_init
                0x00007ad0       0x68 grid/grid_module_en16_reva.o
                0x00007ad0                grid_module_en16_reva_hardware_init
 .text.grid_module_en16_reva_init
                0x00007b38       0x9c grid/grid_module_en16_reva.o
                0x00007b38                grid_module_en16_reva_init
 .text.grid_module_pbf4_reva_hardware_start_transfer
                0x00007bd4       0x20 grid/grid_module_pbf4_reva.o
                0x00007bd4                grid_module_pbf4_reva_hardware_start_transfer
 *fill*         0x00007bf4        0x4 
 .text.grid_module_pbf4_reva_hardware_transfer_complete_cb
                0x00007bf8      0x320 grid/grid_module_pbf4_reva.o
                0x00007bf8                grid_module_pbf4_reva_hardware_transfer_complete_cb
 .text.grid_module_pbf4_reva_hardware_init
                0x00007f18       0x48 grid/grid_module_pbf4_reva.o
                0x00007f18                grid_module_pbf4_reva_hardware_init
 .text.grid_module_pbf4_reva_init
                0x00007f60       0x84 grid/grid_module_pbf4_reva.o
                0x00007f60                grid_module_pbf4_reva_init
 .text.grid_module_po16_revb_hardware_start_transfer
                0x00007fe4       0x20 grid/grid_module_po16_revb.o
                0x00007fe4                grid_module_po16_revb_hardware_start_transfer
 *fill*         0x00008004        0x4 
 .text.grid_module_po16_revb_hardware_transfer_complete_cb
                0x00008008      0x248 grid/grid_module_po16_revb.o
 .text.grid_module_po16_revb_hardware_init
                0x00008250       0x48 grid/grid_module_po16_revb.o
                0x00008250                grid_module_po16_revb_hardware_init
 .text.grid_module_po16_revb_init
                0x00008298       0x80 grid/grid_module_po16_revb.o
                0x00008298                grid_module_po16_revb_init
 .text.gpio_set_pin_pull_mode.constprop.3
                0x00008318       0x28 grid/grid_sys.o
 .text.grid_task_enter_task
                0x00008340        0x8 grid/grid_sys.o
                0x00008340                grid_task_enter_task
 .text.grid_task_timer_tick
                0x00008348        0xe grid/grid_sys.o
                0x00008348                grid_task_timer_tick
 .text.grid_task_timer_reset
                0x00008356       0x10 grid/grid_sys.o
                0x00008356                grid_task_timer_reset
 .text.grid_task_timer_read
                0x00008366        0x8 grid/grid_sys.o
                0x00008366                grid_task_timer_read
 *fill*         0x0000836e        0x2 
 .text.grid_sys_nvm_store_configuration
                0x00008370      0x198 grid/grid_sys.o
                0x00008370                grid_sys_nvm_store_configuration
 .text.grid_sys_nvm_load_configuration
                0x00008508       0x6c grid/grid_sys.o
                0x00008508                grid_sys_nvm_load_configuration
 .text.grid_sys_nvm_clear_configuration
                0x00008574       0x18 grid/grid_sys.o
                0x00008574                grid_sys_nvm_clear_configuration
 .text.grid_debug_print_text
                0x0000858c      0x130 grid/grid_sys.o
                0x0000858c                grid_debug_print_text
 .text.tx_cb_USART_GRID
                0x000086bc       0x1a grid/grid_sys.o
                0x000086bc                tx_cb_USART_GRID
 *fill*         0x000086d6        0x2 
 .text.tx_cb_USART_GRID_W
                0x000086d8       0x10 grid/grid_sys.o
 .text.tx_cb_USART_GRID_S
                0x000086e8       0x10 grid/grid_sys.o
 .text.tx_cb_USART_GRID_E
                0x000086f8       0x10 grid/grid_sys.o
 .text.tx_cb_USART_GRID_N
                0x00008708       0x10 grid/grid_sys.o
 .text.err_cb_USART_GRID
                0x00008718       0x10 grid/grid_sys.o
                0x00008718                err_cb_USART_GRID
 .text.err_cb_USART_GRID_W
                0x00008728       0x10 grid/grid_sys.o
 .text.err_cb_USART_GRID_S
                0x00008738       0x10 grid/grid_sys.o
 .text.err_cb_USART_GRID_E
                0x00008748       0x10 grid/grid_sys.o
 .text.err_cb_USART_GRID_N
                0x00008758       0x10 grid/grid_sys.o
 .text.grid_sys_port_reset_dma
                0x00008768       0x20 grid/grid_sys.o
                0x00008768                grid_sys_port_reset_dma
 .text.dma_transfer_complete_n_cb
                0x00008788       0x10 grid/grid_sys.o
                0x00008788                dma_transfer_complete_n_cb
 .text.dma_transfer_complete_e_cb
                0x00008798       0x10 grid/grid_sys.o
                0x00008798                dma_transfer_complete_e_cb
 .text.dma_transfer_complete_s_cb
                0x000087a8       0x10 grid/grid_sys.o
                0x000087a8                dma_transfer_complete_s_cb
 .text.dma_transfer_complete_w_cb
                0x000087b8       0x10 grid/grid_sys.o
                0x000087b8                dma_transfer_complete_w_cb
 .text.grid_sys_uart_init
                0x000087c8      0x104 grid/grid_sys.o
                0x000087c8                grid_sys_uart_init
 .text.grid_sys_dma_rx_init_one
                0x000088cc       0x64 grid/grid_sys.o
                0x000088cc                grid_sys_dma_rx_init_one
 .text.grid_sys_dma_rx_init
                0x00008930       0x6c grid/grid_sys.o
                0x00008930                grid_sys_dma_rx_init
 .text.grid_sys_init
                0x0000899c       0x70 grid/grid_sys.o
                0x0000899c                grid_sys_init
 .text.grid_sys_bank_enable
                0x00008a0c        0xc grid/grid_sys.o
                0x00008a0c                grid_sys_bank_enable
 .text.grid_sys_bank_disable
                0x00008a18        0xc grid/grid_sys.o
                0x00008a18                grid_sys_bank_disable
 .text.grid_sys_bank_set_color
                0x00008a24       0x16 grid/grid_sys.o
                0x00008a24                grid_sys_bank_set_color
 .text.grid_sys_get_bank_num
                0x00008a3a        0x4 grid/grid_sys.o
                0x00008a3a                grid_sys_get_bank_num
 .text.grid_sys_get_bank_valid
                0x00008a3e        0x4 grid/grid_sys.o
                0x00008a3e                grid_sys_get_bank_valid
 .text.grid_sys_get_bank_red
                0x00008a42        0x4 grid/grid_sys.o
                0x00008a42                grid_sys_get_bank_red
 .text.grid_sys_get_bank_gre
                0x00008a46        0x4 grid/grid_sys.o
                0x00008a46                grid_sys_get_bank_gre
 .text.grid_sys_get_bank_blu
                0x00008a4a        0x6 grid/grid_sys.o
                0x00008a4a                grid_sys_get_bank_blu
 .text.grid_sys_get_bank_next
                0x00008a50       0x24 grid/grid_sys.o
                0x00008a50                grid_sys_get_bank_next
 .text.grid_sys_get_bank_number_of_first_valid
                0x00008a74       0x1a grid/grid_sys.o
                0x00008a74                grid_sys_get_bank_number_of_first_valid
 .text.grid_sys_set_bank
                0x00008a8e       0x3c grid/grid_sys.o
                0x00008a8e                grid_sys_set_bank
 .text.grid_sys_rtc_get_time
                0x00008aca        0x4 grid/grid_sys.o
                0x00008aca                grid_sys_rtc_get_time
 .text.grid_sys_rtc_get_elapsed_time
                0x00008ace        0x6 grid/grid_sys.o
                0x00008ace                grid_sys_rtc_get_elapsed_time
 .text.grid_sys_rtc_tick_time
                0x00008ad4        0x8 grid/grid_sys.o
                0x00008ad4                grid_sys_rtc_tick_time
 .text.grid_sys_alert_read_color_changed_flag
                0x00008adc        0x4 grid/grid_sys.o
                0x00008adc                grid_sys_alert_read_color_changed_flag
 .text.grid_sys_alert_clear_color_changed_flag
                0x00008ae0        0x6 grid/grid_sys.o
                0x00008ae0                grid_sys_alert_clear_color_changed_flag
 .text.grid_sys_alert_get_color_intensity
                0x00008ae6       0x42 grid/grid_sys.o
                0x00008ae6                grid_sys_alert_get_color_intensity
 .text.grid_sys_alert_set_alert
                0x00008b28       0x1a grid/grid_sys.o
                0x00008b28                grid_sys_alert_set_alert
 .text.grid_sys_alert_get_color_r
                0x00008b42        0x4 grid/grid_sys.o
                0x00008b42                grid_sys_alert_get_color_r
 .text.grid_sys_alert_get_color_g
                0x00008b46        0x4 grid/grid_sys.o
                0x00008b46                grid_sys_alert_get_color_g
 .text.grid_sys_alert_get_color_b
                0x00008b4a        0x4 grid/grid_sys.o
                0x00008b4a                grid_sys_alert_get_color_b
 .text.grid_sys_read_hex_char_value
                0x00008b4e       0x28 grid/grid_sys.o
                0x00008b4e                grid_sys_read_hex_char_value
 *fill*         0x00008b76        0x2 
 .text.grid_sys_read_hex_string_value
                0x00008b78       0x30 grid/grid_sys.o
                0x00008b78                grid_sys_read_hex_string_value
 .text.grid_sys_write_hex_string_value
                0x00008ba8       0x34 grid/grid_sys.o
                0x00008ba8                grid_sys_write_hex_string_value
 .text.grid_sys_get_hwcfg
                0x00008bdc       0xe4 grid/grid_sys.o
                0x00008bdc                grid_sys_get_hwcfg
 .text.grid_msg_calculate_checksum_of_packet_string
                0x00008cc0       0x1a grid/grid_sys.o
                0x00008cc0                grid_msg_calculate_checksum_of_packet_string
 *fill*         0x00008cda        0x2 
 .text.grid_msg_checksum_read
                0x00008cdc       0x1c grid/grid_sys.o
                0x00008cdc                grid_msg_checksum_read
 .text.grid_msg_checksum_write
                0x00008cf8       0x10 grid/grid_sys.o
                0x00008cf8                grid_msg_checksum_write
 .text.grid_msg_get_parameter
                0x00008d08       0x18 grid/grid_sys.o
                0x00008d08                grid_msg_get_parameter
 .text.grid_msg_set_parameter
                0x00008d20       0x14 grid/grid_sys.o
                0x00008d20                grid_msg_set_parameter
 .text.grid_msg_find_recent
                0x00008d34       0x1a grid/grid_sys.o
                0x00008d34                grid_msg_find_recent
 .text.grid_msg_push_recent
                0x00008d4e       0x16 grid/grid_sys.o
                0x00008d4e                grid_msg_push_recent
 .text.grid_ui_model_init
                0x00008d64       0x34 grid/grid_ui.o
                0x00008d64                grid_ui_model_init
 .text.grid_ui_bank_init
                0x00008d98       0x40 grid/grid_ui.o
                0x00008d98                grid_ui_bank_init
 .text.grid_ui_nvm_clear_all_configuration
                0x00008dd8       0x14 grid/grid_ui.o
                0x00008dd8                grid_ui_nvm_clear_all_configuration
 .text.grid_ui_nvm_store_event_configuration
                0x00008dec      0x248 grid/grid_ui.o
                0x00008dec                grid_ui_nvm_store_event_configuration
 .text.grid_ui_nvm_store_all_configuration
                0x00009034       0x78 grid/grid_ui.o
                0x00009034                grid_ui_nvm_store_all_configuration
 .text.grid_ui_nvm_load_event_configuration
                0x000090ac       0x84 grid/grid_ui.o
                0x000090ac                grid_ui_nvm_load_event_configuration
 .text.grid_ui_nvm_clear_event_configuration
                0x00009130       0x34 grid/grid_ui.o
                0x00009130                grid_ui_nvm_clear_event_configuration
 .text.grid_ui_event_find
                0x00009164       0x2a grid/grid_ui.o
                0x00009164                grid_ui_event_find
 .text.grid_ui_event_trigger
                0x0000918e       0x14 grid/grid_ui.o
                0x0000918e                grid_ui_event_trigger
 .text.grid_ui_event_render_action
                0x000091a2       0x3a grid/grid_ui.o
                0x000091a2                grid_ui_event_render_action
 .text.grid_port_process_ui
                0x000091dc      0x55c grid/grid_ui.o
                0x000091dc                grid_port_process_ui
 .text.grid_ui_event_template_action
                0x00009738      0x1f4 grid/grid_ui.o
                0x00009738                grid_ui_event_template_action
 .text.grid_ui_smart_trigger
                0x0000992c       0x50 grid/grid_ui.o
                0x0000992c                grid_ui_smart_trigger
 .text.grid_ui_event_register_eventstring
                0x0000997c      0x164 grid/grid_ui.o
                0x0000997c                grid_ui_event_register_eventstring
 .text.grid_ui_event_generate_eventstring
                0x00009ae0       0xe0 grid/grid_ui.o
                0x00009ae0                grid_ui_event_generate_eventstring
 .text.grid_ui_event_register_actionstring
                0x00009bc0      0x10c grid/grid_ui.o
                0x00009bc0                grid_ui_event_register_actionstring
 .text.grid_ui_event_generate_actionstring
                0x00009ccc       0xe4 grid/grid_ui.o
                0x00009ccc                grid_ui_event_generate_actionstring
 .text.grid_ui_event_init
                0x00009db0       0xb0 grid/grid_ui.o
                0x00009db0                grid_ui_event_init
 .text.grid_ui_element_init
                0x00009e60      0x108 grid/grid_ui.o
                0x00009e60                grid_ui_element_init
 .text.grid_usb_serial_bulkin_cb
                0x00009f68        0x4 grid/grid_usb.o
 .text.grid_usb_serial_statechange_cb
                0x00009f6c       0x28 grid/grid_usb.o
 .text.grid_usb_midi_bulkin_cb
                0x00009f94       0x28 grid/grid_usb.o
 .text.grid_usb_midi_bulkout_cb
                0x00009fbc       0x28 grid/grid_usb.o
 .text.grid_usb_serial_bulkout_cb
                0x00009fe4        0x4 grid/grid_usb.o
 .text.grid_usb_serial_init
                0x00009fe8       0x10 grid/grid_usb.o
                0x00009fe8                grid_usb_serial_init
 .text.grid_usb_midi_init
                0x00009ff8       0x24 grid/grid_usb.o
                0x00009ff8                grid_usb_midi_init
 .text.adc_async_window_threshold_reached
                0x0000a01c        0x8 hal/src/hal_adc_async.o
 .text.adc_async_error_occured
                0x0000a024        0x8 hal/src/hal_adc_async.o
 .text.adc_async_channel_conversion_done
                0x0000a02c       0x68 hal/src/hal_adc_async.o
 .text.adc_async_init
                0x0000a094       0x4c hal/src/hal_adc_async.o
                0x0000a094                adc_async_init
 .text.adc_async_register_channel_buffer
                0x0000a0e0       0x6c hal/src/hal_adc_async.o
                0x0000a0e0                adc_async_register_channel_buffer
 .text.adc_async_enable_channel
                0x0000a14c       0x10 hal/src/hal_adc_async.o
                0x0000a14c                adc_async_enable_channel
 .text.adc_async_register_callback
                0x0000a15c       0x3c hal/src/hal_adc_async.o
                0x0000a15c                adc_async_register_callback
 .text.adc_async_read_channel
                0x0000a198       0x74 hal/src/hal_adc_async.o
                0x0000a198                adc_async_read_channel
 .text.adc_async_start_conversion
                0x0000a20c       0x10 hal/src/hal_adc_async.o
                0x0000a20c                adc_async_start_conversion
 .text.atomic_enter_critical
                0x0000a21c        0xe hal/src/hal_atomic.o
                0x0000a21c                atomic_enter_critical
 .text.atomic_leave_critical
                0x0000a22a        0xc hal/src/hal_atomic.o
                0x0000a22a                atomic_leave_critical
 *fill*         0x0000a236        0x2 
 .text.crc_sync_init
                0x0000a238        0x8 hal/src/hal_crc_sync.o
                0x0000a238                crc_sync_init
 .text.delay_init
                0x0000a240       0x10 hal/src/hal_delay.o
                0x0000a240                delay_init
 .text.delay_us
                0x0000a250       0x24 hal/src/hal_delay.o
                0x0000a250                delay_us
 .text.delay_ms
                0x0000a274       0x24 hal/src/hal_delay.o
                0x0000a274                delay_ms
 .text.event_system_init
                0x0000a298        0x8 hal/src/hal_evsys.o
                0x0000a298                event_system_init
 .text.flash_ready
                0x0000a2a0        0x8 hal/src/hal_flash.o
 .text.flash_error
                0x0000a2a8        0x8 hal/src/hal_flash.o
 .text.flash_init
                0x0000a2b0       0x20 hal/src/hal_flash.o
                0x0000a2b0                flash_init
 .text.flash_read
                0x0000a2d0       0x4c hal/src/hal_flash.o
                0x0000a2d0                flash_read
 .text.flash_write
                0x0000a31c       0x64 hal/src/hal_flash.o
                0x0000a31c                flash_write
 .text.flash_erase
                0x0000a380       0x60 hal/src/hal_flash.o
                0x0000a380                flash_erase
 .text.i2c_m_async_write
                0x0000a3e0       0x2c hal/src/hal_i2c_m_async.o
 .text.i2c_m_async_read
                0x0000a40c       0x2c hal/src/hal_i2c_m_async.o
 .text.i2c_tx_complete
                0x0000a438        0xe hal/src/hal_i2c_m_async.o
 .text.i2c_rx_complete
                0x0000a446        0xe hal/src/hal_i2c_m_async.o
 .text.i2c_error
                0x0000a454        0xe hal/src/hal_i2c_m_async.o
 *fill*         0x0000a462        0x2 
 .text.i2c_m_async_init
                0x0000a464       0x50 hal/src/hal_i2c_m_async.o
                0x0000a464                i2c_m_async_init
 .text.io_write
                0x0000a4b4        0x4 hal/src/hal_io.o
                0x0000a4b4                io_write
 .text.io_read  0x0000a4b8        0x4 hal/src/hal_io.o
                0x0000a4b8                io_read
 .text.qspi_dma_init
                0x0000a4bc        0x8 hal/src/hal_qspi_dma.o
                0x0000a4bc                qspi_dma_init
 .text._spi_m_async_io_write
                0x0000a4c4       0x20 hal/src/hal_spi_m_async.o
 .text._spi_m_async_io_read
                0x0000a4e4       0x34 hal/src/hal_spi_m_async.o
 .text._spi_dev_error
                0x0000a518       0x40 hal/src/hal_spi_m_async.o
 .text._spi_dev_complete
                0x0000a558       0x2c hal/src/hal_spi_m_async.o
 .text._spi_dev_rx
                0x0000a584       0x7c hal/src/hal_spi_m_async.o
 .text._spi_dev_tx
                0x0000a600       0x48 hal/src/hal_spi_m_async.o
 .text.spi_m_async_init
                0x0000a648       0x64 hal/src/hal_spi_m_async.o
                0x0000a648                spi_m_async_init
 .text.spi_m_async_enable
                0x0000a6ac        0xc hal/src/hal_spi_m_async.o
                0x0000a6ac                spi_m_async_enable
 .text.spi_m_async_set_baudrate
                0x0000a6b8       0x18 hal/src/hal_spi_m_async.o
                0x0000a6b8                spi_m_async_set_baudrate
 .text.spi_m_async_set_mode
                0x0000a6d0       0x18 hal/src/hal_spi_m_async.o
                0x0000a6d0                spi_m_async_set_mode
 .text.spi_m_async_transfer
                0x0000a6e8       0x48 hal/src/hal_spi_m_async.o
                0x0000a6e8                spi_m_async_transfer
 .text.spi_m_async_register_callback
                0x0000a730       0x1c hal/src/hal_spi_m_async.o
                0x0000a730                spi_m_async_register_callback
 .text.spi_m_async_get_io_descriptor
                0x0000a74c        0x8 hal/src/hal_spi_m_async.o
                0x0000a74c                spi_m_async_get_io_descriptor
 .text._spi_m_dma_io_write
                0x0000a754       0x18 hal/src/hal_spi_m_dma.o
 .text._spi_m_dma_io_read
                0x0000a76c       0x18 hal/src/hal_spi_m_dma.o
 .text.spi_m_dma_init
                0x0000a784       0x24 hal/src/hal_spi_m_dma.o
                0x0000a784                spi_m_dma_init
 .text.spi_m_dma_enable
                0x0000a7a8        0xc hal/src/hal_spi_m_dma.o
                0x0000a7a8                spi_m_dma_enable
 .text.spi_m_dma_register_callback
                0x0000a7b4        0xc hal/src/hal_spi_m_dma.o
                0x0000a7b4                spi_m_dma_register_callback
 .text.spi_m_dma_get_io_descriptor
                0x0000a7c0        0x8 hal/src/hal_spi_m_dma.o
                0x0000a7c0                spi_m_dma_get_io_descriptor
 .text.timer_add_timer_task
                0x0000a7c8       0x4c hal/src/hal_timer.o
 .text.timer_process_counted
                0x0000a814       0x6c hal/src/hal_timer.o
 .text.timer_init
                0x0000a880       0x1c hal/src/hal_timer.o
                0x0000a880                timer_init
 .text.timer_start
                0x0000a89c       0x24 hal/src/hal_timer.o
                0x0000a89c                timer_start
 .text.timer_add_task
                0x0000a8c0       0x78 hal/src/hal_timer.o
                0x0000a8c0                timer_add_task
 .text.usart_transmission_complete
                0x0000a938       0x10 hal/src/hal_usart_async.o
 .text.usart_error
                0x0000a948       0x10 hal/src/hal_usart_async.o
 .text.usart_fill_rx_buffer
                0x0000a958       0x20 hal/src/hal_usart_async.o
 .text.usart_async_write
                0x0000a978       0x34 hal/src/hal_usart_async.o
 .text.usart_process_byte_sent
                0x0000a9ac       0x34 hal/src/hal_usart_async.o
 .text.usart_async_read
                0x0000a9e0       0x54 hal/src/hal_usart_async.o
 .text.usart_async_init
                0x0000aa34       0x60 hal/src/hal_usart_async.o
                0x0000aa34                usart_async_init
 .text.usart_async_enable
                0x0000aa94       0x10 hal/src/hal_usart_async.o
                0x0000aa94                usart_async_enable
 .text.usart_async_disable
                0x0000aaa4       0x10 hal/src/hal_usart_async.o
                0x0000aaa4                usart_async_disable
 .text.usart_async_get_io_descriptor
                0x0000aab4        0x6 hal/src/hal_usart_async.o
                0x0000aab4                usart_async_get_io_descriptor
 *fill*         0x0000aaba        0x2 
 .text.usart_async_register_callback
                0x0000aabc       0x44 hal/src/hal_usart_async.o
                0x0000aabc                usart_async_register_callback
 .text.usart_async_set_parity
                0x0000ab00       0x10 hal/src/hal_usart_async.o
                0x0000ab00                usart_async_set_parity
 .text.usart_sync_write
                0x0000ab10       0x50 hal/src/hal_usart_sync.o
 .text.usart_sync_read
                0x0000ab60       0x38 hal/src/hal_usart_sync.o
 .text.usart_sync_init
                0x0000ab98       0x24 hal/src/hal_usart_sync.o
                0x0000ab98                usart_sync_init
 .text.usart_sync_enable
                0x0000abbc       0x10 hal/src/hal_usart_sync.o
                0x0000abbc                usart_sync_enable
 .text._usb_d_find_ep
                0x0000abcc       0x30 hal/src/hal_usb_device.o
 .text.usb_d_dummy_cb_false
                0x0000abfc        0x4 hal/src/hal_usb_device.o
 .text.usb_d_cb_trans_more
                0x0000ac00       0x30 hal/src/hal_usb_device.o
 .text._usb_d_cb_trans_done
                0x0000ac30      0x108 hal/src/hal_usb_device.o
 .text.usb_d_cb_trans_setup
                0x0000ad38       0x8c hal/src/hal_usb_device.o
 .text.usb_d_init
                0x0000adc4       0x68 hal/src/hal_usb_device.o
                0x0000adc4                usb_d_init
 .text.usb_d_register_callback
                0x0000ae2c        0x8 hal/src/hal_usb_device.o
                0x0000ae2c                usb_d_register_callback
 .text.usb_d_enable
                0x0000ae34        0x8 hal/src/hal_usb_device.o
                0x0000ae34                usb_d_enable
 .text.usb_d_attach
                0x0000ae3c        0x8 hal/src/hal_usb_device.o
                0x0000ae3c                usb_d_attach
 .text.usb_d_get_frame_num
                0x0000ae44        0x8 hal/src/hal_usb_device.o
                0x0000ae44                usb_d_get_frame_num
 .text.usb_d_set_address
                0x0000ae4c        0x8 hal/src/hal_usb_device.o
                0x0000ae4c                usb_d_set_address
 .text.usb_d_ep_init
                0x0000ae54       0x50 hal/src/hal_usb_device.o
                0x0000ae54                usb_d_ep_init
 .text.usb_d_ep0_init
                0x0000aea4       0x10 hal/src/hal_usb_device.o
                0x0000aea4                usb_d_ep0_init
 .text.usb_d_ep_deinit
                0x0000aeb4       0x2c hal/src/hal_usb_device.o
                0x0000aeb4                usb_d_ep_deinit
 .text.usb_d_ep_enable
                0x0000aee0       0x40 hal/src/hal_usb_device.o
                0x0000aee0                usb_d_ep_enable
 .text.usb_d_ep_transfer
                0x0000af20       0xf8 hal/src/hal_usb_device.o
                0x0000af20                usb_d_ep_transfer
 .text.usb_d_ep_halt
                0x0000b018       0x64 hal/src/hal_usb_device.o
                0x0000b018                usb_d_ep_halt
 .text.usb_d_ep_register_callback
                0x0000b07c       0x4c hal/src/hal_usb_device.o
                0x0000b07c                usb_d_ep_register_callback
 .text.is_list_element
                0x0000b0c8        0xe hal/utils/src/utils_list.o
                0x0000b0c8                is_list_element
 .text.list_insert_as_head
                0x0000b0d6        0x8 hal/utils/src/utils_list.o
                0x0000b0d6                list_insert_as_head
 .text.list_insert_after
                0x0000b0de        0x8 hal/utils/src/utils_list.o
                0x0000b0de                list_insert_after
 .text.list_insert_at_end
                0x0000b0e6       0x18 hal/utils/src/utils_list.o
                0x0000b0e6                list_insert_at_end
 .text.list_remove_head
                0x0000b0fe        0xc hal/utils/src/utils_list.o
                0x0000b0fe                list_remove_head
 .text.ringbuffer_init
                0x0000b10a       0x18 hal/utils/src/utils_ringbuffer.o
                0x0000b10a                ringbuffer_init
 .text.ringbuffer_get
                0x0000b122       0x22 hal/utils/src/utils_ringbuffer.o
                0x0000b122                ringbuffer_get
 .text.ringbuffer_put
                0x0000b144       0x26 hal/utils/src/utils_ringbuffer.o
                0x0000b144                ringbuffer_put
 .text.ringbuffer_num
                0x0000b16a        0x8 hal/utils/src/utils_ringbuffer.o
                0x0000b16a                ringbuffer_num
 *fill*         0x0000b172        0x2 
 .text._sbrk    0x0000b174       0x1c hal/utils/src/utils_syscalls.o
                0x0000b174                _sbrk
 .text._close   0x0000b190        0x6 hal/utils/src/utils_syscalls.o
                0x0000b190                _close
 .text._fstat   0x0000b196        0xa hal/utils/src/utils_syscalls.o
                0x0000b196                _fstat
 .text._isatty  0x0000b1a0        0x4 hal/utils/src/utils_syscalls.o
                0x0000b1a0                _isatty
 .text._lseek   0x0000b1a4        0x4 hal/utils/src/utils_syscalls.o
                0x0000b1a4                _lseek
 .text.__NVIC_DisableIRQ
                0x0000b1a8       0x28 hpl/adc/hpl_adc.o
 .text.__NVIC_ClearPendingIRQ
                0x0000b1d0       0x20 hpl/adc/hpl_adc.o
 .text.hri_adc_wait_for_sync
                0x0000b1f0        0x8 hpl/adc/hpl_adc.o
 .text.hri_adc_set_CTRLA_ENABLE_bit
                0x0000b1f8       0x14 hpl/adc/hpl_adc.o
 .text.hri_adc_clear_CTRLA_ENABLE_bit
                0x0000b20c       0x18 hpl/adc/hpl_adc.o
 .text._adc_get_regs
                0x0000b224       0x14 hpl/adc/hpl_adc.o
 .text._adc_interrupt_handler
                0x0000b238       0x4e hpl/adc/hpl_adc.o
 .text._adc_get_irq_num.isra.0
                0x0000b286       0x14 hpl/adc/hpl_adc.o
 *fill*         0x0000b29a        0x2 
 .text._adc_init
                0x0000b29c       0xc8 hpl/adc/hpl_adc.o
 .text._adc_async_init
                0x0000b364       0xb4 hpl/adc/hpl_adc.o
                0x0000b364                _adc_async_init
 .text._adc_async_enable_channel
                0x0000b418        0xc hpl/adc/hpl_adc.o
                0x0000b418                _adc_async_enable_channel
 .text._adc_async_get_data_size
                0x0000b424       0x12 hpl/adc/hpl_adc.o
                0x0000b424                _adc_async_get_data_size
 *fill*         0x0000b436        0x2 
 .text._adc_async_convert
                0x0000b438       0x18 hpl/adc/hpl_adc.o
                0x0000b438                _adc_async_convert
 .text._adc_async_set_irq_state
                0x0000b450       0x20 hpl/adc/hpl_adc.o
                0x0000b450                _adc_async_set_irq_state
 .text.ADC0_1_Handler
                0x0000b470       0x10 hpl/adc/hpl_adc.o
                0x0000b470                ADC0_1_Handler
 .text.ADC0_0_Handler
                0x0000b480        0x8 hpl/adc/hpl_adc.o
                0x0000b480                ADC0_0_Handler
 .text.ADC1_1_Handler
                0x0000b488       0x10 hpl/adc/hpl_adc.o
                0x0000b488                ADC1_1_Handler
 .text.ADC1_0_Handler
                0x0000b498        0x8 hpl/adc/hpl_adc.o
                0x0000b498                ADC1_0_Handler
 .text._irq_set
                0x0000b4a0       0x1c hpl/core/hpl_core_m4.o
                0x0000b4a0                _irq_set
 .text._get_cycles_for_us
                0x0000b4bc        0x6 hpl/core/hpl_core_m4.o
                0x0000b4bc                _get_cycles_for_us
 *fill*         0x0000b4c2        0x2 
 .text._get_cycles_for_ms
                0x0000b4c4        0xc hpl/core/hpl_core_m4.o
                0x0000b4c4                _get_cycles_for_ms
 .text._init_chip
                0x0000b4d0       0x5c hpl/core/hpl_init.o
                0x0000b4d0                _init_chip
 .text._dmac_handler
                0x0000b52c       0x50 hpl/dmac/hpl_dmac.o
 .text._dma_init
                0x0000b57c       0xd0 hpl/dmac/hpl_dmac.o
                0x0000b57c                _dma_init
 .text._dma_set_irq_state
                0x0000b64c       0x28 hpl/dmac/hpl_dmac.o
                0x0000b64c                _dma_set_irq_state
 .text._dma_set_destination_address
                0x0000b674       0x10 hpl/dmac/hpl_dmac.o
                0x0000b674                _dma_set_destination_address
 .text._dma_set_source_address
                0x0000b684       0x10 hpl/dmac/hpl_dmac.o
                0x0000b684                _dma_set_source_address
 .text._dma_srcinc_enable
                0x0000b694       0x1c hpl/dmac/hpl_dmac.o
                0x0000b694                _dma_srcinc_enable
 .text._dma_set_data_amount
                0x0000b6b0       0x44 hpl/dmac/hpl_dmac.o
                0x0000b6b0                _dma_set_data_amount
 .text._dma_enable_transaction
                0x0000b6f4       0x3c hpl/dmac/hpl_dmac.o
                0x0000b6f4                _dma_enable_transaction
 .text._dma_get_channel_resource
                0x0000b730       0x14 hpl/dmac/hpl_dmac.o
                0x0000b730                _dma_get_channel_resource
 .text.DMAC_0_Handler
                0x0000b744        0x8 hpl/dmac/hpl_dmac.o
                0x0000b744                DMAC_0_Handler
 .text.DMAC_1_Handler
                0x0000b74c        0x8 hpl/dmac/hpl_dmac.o
                0x0000b74c                DMAC_1_Handler
 .text.DMAC_2_Handler
                0x0000b754        0x8 hpl/dmac/hpl_dmac.o
                0x0000b754                DMAC_2_Handler
 .text.DMAC_3_Handler
                0x0000b75c        0x8 hpl/dmac/hpl_dmac.o
                0x0000b75c                DMAC_3_Handler
 .text.DMAC_4_Handler
                0x0000b764        0x8 hpl/dmac/hpl_dmac.o
                0x0000b764                DMAC_4_Handler
 .text._crc_sync_init
                0x0000b76c        0x6 hpl/dsu/hpl_dsu.o
                0x0000b76c                _crc_sync_init
 *fill*         0x0000b772        0x2 
 .text._event_system_init
                0x0000b774       0x58 hpl/evsys/hpl_evsys.o
                0x0000b774                _event_system_init
 .text.hri_gclk_wait_for_sync.constprop.0
                0x0000b7cc       0x14 hpl/gclk/hpl_gclk.o
 .text._gclk_init_generators_by_fref
                0x0000b7e0       0x58 hpl/gclk/hpl_gclk.o
                0x0000b7e0                _gclk_init_generators_by_fref
 .text._mclk_init
                0x0000b838        0xc hpl/mclk/hpl_mclk.o
                0x0000b838                _mclk_init
 .text._flash_program
                0x0000b844       0x3c hpl/nvmctrl/hpl_nvmctrl.o
 .text._user_row_write_exec
                0x0000b880       0x88 hpl/nvmctrl/hpl_nvmctrl.o
 .text._flash_init
                0x0000b908       0x4c hpl/nvmctrl/hpl_nvmctrl.o
                0x0000b908                _flash_init
 .text._flash_get_page_size
                0x0000b954        0x6 hpl/nvmctrl/hpl_nvmctrl.o
                0x0000b954                _flash_get_page_size
 .text._flash_get_total_pages
                0x0000b95a        0x8 hpl/nvmctrl/hpl_nvmctrl.o
                0x0000b95a                _flash_get_total_pages
 .text._flash_read
                0x0000b962       0x1e hpl/nvmctrl/hpl_nvmctrl.o
                0x0000b962                _flash_read
 .text._flash_write
                0x0000b980       0xd0 hpl/nvmctrl/hpl_nvmctrl.o
                0x0000b980                _flash_write
 .text._flash_erase
                0x0000ba50       0xa8 hpl/nvmctrl/hpl_nvmctrl.o
                0x0000ba50                _flash_erase
 .text._flash_is_locked
                0x0000baf8       0x18 hpl/nvmctrl/hpl_nvmctrl.o
                0x0000baf8                _flash_is_locked
 .text.NVMCTRL_1_Handler
                0x0000bb10       0x2c hpl/nvmctrl/hpl_nvmctrl.o
                0x0000bb10                NVMCTRL_1_Handler
 .text.NVMCTRL_0_Handler
                0x0000bb3c        0x8 hpl/nvmctrl/hpl_nvmctrl.o
                0x0000bb3c                NVMCTRL_0_Handler
 .text._user_area_read
                0x0000bb44       0x60 hpl/nvmctrl/hpl_nvmctrl.o
                0x0000bb44                _user_area_read
 .text._user_area_write
                0x0000bba4       0x78 hpl/nvmctrl/hpl_nvmctrl.o
                0x0000bba4                _user_area_write
 .text._osc32kctrl_init_sources
                0x0000bc1c       0x14 hpl/osc32kctrl/hpl_osc32kctrl.o
                0x0000bc1c                _osc32kctrl_init_sources
 .text._oscctrl_init_sources
                0x0000bc30        0x2 hpl/oscctrl/hpl_oscctrl.o
                0x0000bc30                _oscctrl_init_sources
 *fill*         0x0000bc32        0x2 
 .text._oscctrl_init_referenced_generators
                0x0000bc34       0xfc hpl/oscctrl/hpl_oscctrl.o
                0x0000bc34                _oscctrl_init_referenced_generators
 .text._qspi_dma_tx_complete
                0x0000bd30       0x14 hpl/qspi/hpl_qspi.o
 .text._qspi_dma_rx_complete
                0x0000bd44        0x8 hpl/qspi/hpl_qspi.o
 .text._qspi_dma_error_occured
                0x0000bd4c        0xa hpl/qspi/hpl_qspi.o
 *fill*         0x0000bd56        0x2 
 .text._qspi_dma_init
                0x0000bd58       0x58 hpl/qspi/hpl_qspi.o
                0x0000bd58                _qspi_dma_init
 .text.RAMECC_Handler
                0x0000bdb0       0x3c hpl/ramecc/hpl_ramecc.o
                0x0000bdb0                RAMECC_Handler
 .text.hri_rtcmode0_wait_for_sync
                0x0000bdec        0x8 hpl/rtc/hpl_rtc.o
 .text._rtc_timer_stop
                0x0000bdf4       0x1c hpl/rtc/hpl_rtc.o
                0x0000bdf4                _rtc_timer_stop
 .text._rtc_timer_set_period
                0x0000be10       0x10 hpl/rtc/hpl_rtc.o
                0x0000be10                _rtc_timer_set_period
 .text._rtc_timer_get_period
                0x0000be20       0x14 hpl/rtc/hpl_rtc.o
                0x0000be20                _rtc_timer_get_period
 .text._rtc_timer_is_started
                0x0000be34       0x1c hpl/rtc/hpl_rtc.o
                0x0000be34                _rtc_timer_is_started
 .text._rtc_timer_set_irq
                0x0000be50        0x2 hpl/rtc/hpl_rtc.o
                0x0000be50                _rtc_timer_set_irq
 *fill*         0x0000be52        0x2 
 .text._rtc_timer_start
                0x0000be54       0x3c hpl/rtc/hpl_rtc.o
                0x0000be54                _rtc_timer_start
 .text._rtc_timer_deinit
                0x0000be90       0x28 hpl/rtc/hpl_rtc.o
                0x0000be90                _rtc_timer_deinit
 .text._rtc_timer_init
                0x0000beb8       0x48 hpl/rtc/hpl_rtc.o
                0x0000beb8                _rtc_timer_init
 .text._rtc_get_timer
                0x0000bf00        0x8 hpl/rtc/hpl_rtc.o
                0x0000bf00                _rtc_get_timer
 .text.RTC_Handler
                0x0000bf08       0x24 hpl/rtc/hpl_rtc.o
                0x0000bf08                RTC_Handler
 .text.__NVIC_EnableIRQ
                0x0000bf2c       0x1c hpl/sercom/hpl_sercom.o
 .text.__NVIC_DisableIRQ
                0x0000bf48       0x28 hpl/sercom/hpl_sercom.o
 .text.__NVIC_ClearPendingIRQ
                0x0000bf70       0x20 hpl/sercom/hpl_sercom.o
 .text.hri_sercomi2cm_wait_for_sync
                0x0000bf90        0x8 hpl/sercom/hpl_sercom.o
 .text.hri_sercomspi_wait_for_sync
                0x0000bf98        0x8 hpl/sercom/hpl_sercom.o
 .text.hri_sercomusart_wait_for_sync
                0x0000bfa0        0x8 hpl/sercom/hpl_sercom.o
 .text.hri_sercomi2cm_clear_CTRLA_ENABLE_bit
                0x0000bfa8       0x14 hpl/sercom/hpl_sercom.o
 .text.hri_sercomspi_clear_CTRLA_ENABLE_bit
                0x0000bfbc       0x14 hpl/sercom/hpl_sercom.o
 .text.hri_sercomusart_get_CTRLA_ENABLE_bit
                0x0000bfd0       0x14 hpl/sercom/hpl_sercom.o
 .text.hri_sercomusart_write_CTRLA_ENABLE_bit
                0x0000bfe4       0x18 hpl/sercom/hpl_sercom.o
 .text.hri_sercomusart_clear_CTRLA_ENABLE_bit
                0x0000bffc       0x14 hpl/sercom/hpl_sercom.o
 .text._sercom_get_hardware_index
                0x0000c010       0x34 hpl/sercom/hpl_sercom.o
 .text._sercom_usart_interrupt_handler
                0x0000c044       0x70 hpl/sercom/hpl_sercom.o
 .text._sercom_init_irq_param
                0x0000c0b4       0x60 hpl/sercom/hpl_sercom.o
 .text._get_i2cm_index
                0x0000c114       0x14 hpl/sercom/hpl_sercom.o
 .text._sercom_get_irq_num
                0x0000c128       0x14 hpl/sercom/hpl_sercom.o
 .text._spi_sync_enable
                0x0000c13c       0x28 hpl/sercom/hpl_sercom.o
 .text._spi_get_regs
                0x0000c164       0x2c hpl/sercom/hpl_sercom.o
 .text._spi_get_tx_dma_channel
                0x0000c190       0x14 hpl/sercom/hpl_sercom.o
 .text._spi_get_rx_dma_channel
                0x0000c1a4       0x14 hpl/sercom/hpl_sercom.o
 .text._spi_dma_rx_complete
                0x0000c1b8        0xa hpl/sercom/hpl_sercom.o
 .text._spi_dma_tx_complete
                0x0000c1c2        0xa hpl/sercom/hpl_sercom.o
 .text._spi_dma_error_occured
                0x0000c1cc        0xa hpl/sercom/hpl_sercom.o
 *fill*         0x0000c1d6        0x2 
 .text._usart_set_parity
                0x0000c1d8       0x78 hpl/sercom/hpl_sercom.o
 .text._sercom_i2c_send_stop
                0x0000c250       0x14 hpl/sercom/hpl_sercom.o
 .text._sercom_i2c_sync_analyse_flags
                0x0000c264      0x16c hpl/sercom/hpl_sercom.o
 .text._spi_load_regs_master
                0x0000c3d0       0x3c hpl/sercom/hpl_sercom.o
 .text._spi_set_mode
                0x0000c40c       0x34 hpl/sercom/hpl_sercom.o
 .text._i2c_m_sync_init_impl
                0x0000c440       0xb0 hpl/sercom/hpl_sercom.o
 .text._usart_init
                0x0000c4f0       0xdc hpl/sercom/hpl_sercom.o
 .text._usart_sync_init
                0x0000c5cc        0xc hpl/sercom/hpl_sercom.o
                0x0000c5cc                _usart_sync_init
 .text._usart_async_init
                0x0000c5d8       0x64 hpl/sercom/hpl_sercom.o
                0x0000c5d8                _usart_async_init
 .text._usart_sync_enable
                0x0000c63c       0x14 hpl/sercom/hpl_sercom.o
                0x0000c63c                _usart_sync_enable
 .text._usart_async_enable
                0x0000c650       0x14 hpl/sercom/hpl_sercom.o
                0x0000c650                _usart_async_enable
 .text._usart_async_disable
                0x0000c664        0xc hpl/sercom/hpl_sercom.o
                0x0000c664                _usart_async_disable
 .text._usart_async_set_parity
                0x0000c670        0xc hpl/sercom/hpl_sercom.o
                0x0000c670                _usart_async_set_parity
 .text._usart_sync_write_byte
                0x0000c67c        0x6 hpl/sercom/hpl_sercom.o
                0x0000c67c                _usart_sync_write_byte
 .text._usart_async_write_byte
                0x0000c682        0x6 hpl/sercom/hpl_sercom.o
                0x0000c682                _usart_async_write_byte
 .text._usart_sync_read_byte
                0x0000c688        0x8 hpl/sercom/hpl_sercom.o
                0x0000c688                _usart_sync_read_byte
 .text._usart_sync_is_ready_to_send
                0x0000c690        0xa hpl/sercom/hpl_sercom.o
                0x0000c690                _usart_sync_is_ready_to_send
 .text._usart_sync_is_transmit_done
                0x0000c69a        0xa hpl/sercom/hpl_sercom.o
                0x0000c69a                _usart_sync_is_transmit_done
 .text._usart_sync_is_byte_received
                0x0000c6a4        0xa hpl/sercom/hpl_sercom.o
                0x0000c6a4                _usart_sync_is_byte_received
 .text._usart_async_enable_byte_sent_irq
                0x0000c6ae        0x8 hpl/sercom/hpl_sercom.o
                0x0000c6ae                _usart_async_enable_byte_sent_irq
 .text._usart_async_enable_tx_done_irq
                0x0000c6b6        0x8 hpl/sercom/hpl_sercom.o
                0x0000c6b6                _usart_async_enable_tx_done_irq
 .text._usart_async_set_irq_state
                0x0000c6be       0x32 hpl/sercom/hpl_sercom.o
                0x0000c6be                _usart_async_set_irq_state
 .text._i2c_m_async_init
                0x0000c6f0       0x64 hpl/sercom/hpl_sercom.o
                0x0000c6f0                _i2c_m_async_init
 .text._i2c_m_async_transfer
                0x0000c754       0xc0 hpl/sercom/hpl_sercom.o
                0x0000c754                _i2c_m_async_transfer
 .text._i2c_m_async_register_callback
                0x0000c814       0x1a hpl/sercom/hpl_sercom.o
                0x0000c814                _i2c_m_async_register_callback
 *fill*         0x0000c82e        0x2 
 .text.SERCOM0_3_Handler
                0x0000c830       0x10 hpl/sercom/hpl_sercom.o
                0x0000c830                SERCOM0_3_Handler
 .text.SERCOM0_2_Handler
                0x0000c840        0x8 hpl/sercom/hpl_sercom.o
                0x0000c840                SERCOM0_2_Handler
 .text.SERCOM0_1_Handler
                0x0000c848        0x8 hpl/sercom/hpl_sercom.o
                0x0000c848                SERCOM0_1_Handler
 .text.SERCOM0_0_Handler
                0x0000c850        0x8 hpl/sercom/hpl_sercom.o
                0x0000c850                SERCOM0_0_Handler
 .text.SERCOM1_3_Handler
                0x0000c858       0x10 hpl/sercom/hpl_sercom.o
                0x0000c858                SERCOM1_3_Handler
 .text.SERCOM1_2_Handler
                0x0000c868        0x8 hpl/sercom/hpl_sercom.o
                0x0000c868                SERCOM1_2_Handler
 .text.SERCOM1_1_Handler
                0x0000c870        0x8 hpl/sercom/hpl_sercom.o
                0x0000c870                SERCOM1_1_Handler
 .text.SERCOM1_0_Handler
                0x0000c878        0x8 hpl/sercom/hpl_sercom.o
                0x0000c878                SERCOM1_0_Handler
 .text.SERCOM3_3_Handler
                0x0000c880       0x44 hpl/sercom/hpl_sercom.o
                0x0000c880                SERCOM3_3_Handler
 .text.SERCOM3_2_Handler
                0x0000c8c4        0x8 hpl/sercom/hpl_sercom.o
                0x0000c8c4                SERCOM3_2_Handler
 .text.SERCOM3_1_Handler
                0x0000c8cc        0x8 hpl/sercom/hpl_sercom.o
                0x0000c8cc                SERCOM3_1_Handler
 .text.SERCOM3_0_Handler
                0x0000c8d4        0x8 hpl/sercom/hpl_sercom.o
                0x0000c8d4                SERCOM3_0_Handler
 .text.SERCOM4_3_Handler
                0x0000c8dc       0x10 hpl/sercom/hpl_sercom.o
                0x0000c8dc                SERCOM4_3_Handler
 .text.SERCOM4_2_Handler
                0x0000c8ec        0x8 hpl/sercom/hpl_sercom.o
                0x0000c8ec                SERCOM4_2_Handler
 .text.SERCOM4_1_Handler
                0x0000c8f4        0x8 hpl/sercom/hpl_sercom.o
                0x0000c8f4                SERCOM4_1_Handler
 .text.SERCOM4_0_Handler
                0x0000c8fc        0x8 hpl/sercom/hpl_sercom.o
                0x0000c8fc                SERCOM4_0_Handler
 .text.SERCOM5_3_Handler
                0x0000c904       0x64 hpl/sercom/hpl_sercom.o
                0x0000c904                SERCOM5_3_Handler
 .text.SERCOM5_2_Handler
                0x0000c968        0x8 hpl/sercom/hpl_sercom.o
                0x0000c968                SERCOM5_2_Handler
 .text.SERCOM5_1_Handler
                0x0000c970        0x8 hpl/sercom/hpl_sercom.o
                0x0000c970                SERCOM5_1_Handler
 .text.SERCOM5_0_Handler
                0x0000c978        0x8 hpl/sercom/hpl_sercom.o
                0x0000c978                SERCOM5_0_Handler
 .text.SERCOM6_3_Handler
                0x0000c980       0x10 hpl/sercom/hpl_sercom.o
                0x0000c980                SERCOM6_3_Handler
 .text.SERCOM6_2_Handler
                0x0000c990        0x8 hpl/sercom/hpl_sercom.o
                0x0000c990                SERCOM6_2_Handler
 .text.SERCOM6_1_Handler
                0x0000c998        0x8 hpl/sercom/hpl_sercom.o
                0x0000c998                SERCOM6_1_Handler
 .text.SERCOM6_0_Handler
                0x0000c9a0        0x8 hpl/sercom/hpl_sercom.o
                0x0000c9a0                SERCOM6_0_Handler
 .text._spi_m_sync_init
                0x0000c9a8       0xd0 hpl/sercom/hpl_sercom.o
                0x0000c9a8                _spi_m_sync_init
 .text._spi_m_async_init
                0x0000ca78       0x58 hpl/sercom/hpl_sercom.o
                0x0000ca78                _spi_m_async_init
 .text._spi_s_async_enable
                0x0000cad0       0x34 hpl/sercom/hpl_sercom.o
                0x0000cad0                _spi_s_async_enable
 .text._spi_m_async_enable
                0x0000cb04        0x8 hpl/sercom/hpl_sercom.o
                0x0000cb04                _spi_m_async_enable
 .text._spi_s_async_set_mode
                0x0000cb0c        0xc hpl/sercom/hpl_sercom.o
                0x0000cb0c                _spi_s_async_set_mode
 .text._spi_m_async_set_mode
                0x0000cb18        0x8 hpl/sercom/hpl_sercom.o
                0x0000cb18                _spi_m_async_set_mode
 .text._spi_m_async_set_baudrate
                0x0000cb20       0x14 hpl/sercom/hpl_sercom.o
                0x0000cb20                _spi_m_async_set_baudrate
 .text._spi_m_async_enable_tx
                0x0000cb34       0x10 hpl/sercom/hpl_sercom.o
                0x0000cb34                _spi_m_async_enable_tx
 .text._spi_m_async_enable_rx
                0x0000cb44       0x10 hpl/sercom/hpl_sercom.o
                0x0000cb44                _spi_m_async_enable_rx
 .text._spi_m_async_enable_tx_complete
                0x0000cb54       0x10 hpl/sercom/hpl_sercom.o
                0x0000cb54                _spi_m_async_enable_tx_complete
 .text._spi_m_async_write_one
                0x0000cb64        0x8 hpl/sercom/hpl_sercom.o
                0x0000cb64                _spi_m_async_write_one
 .text._spi_m_async_read_one
                0x0000cb6c        0x8 hpl/sercom/hpl_sercom.o
                0x0000cb6c                _spi_m_async_read_one
 .text._spi_m_async_register_callback
                0x0000cb74        0xa hpl/sercom/hpl_sercom.o
                0x0000cb74                _spi_m_async_register_callback
 .text._spi_m_async_set_irq_state
                0x0000cb7e       0x12 hpl/sercom/hpl_sercom.o
                0x0000cb7e                _spi_m_async_set_irq_state
 .text._spi_m_dma_init
                0x0000cb90       0xc4 hpl/sercom/hpl_sercom.o
                0x0000cb90                _spi_m_dma_init
 .text._spi_m_dma_enable
                0x0000cc54        0xc hpl/sercom/hpl_sercom.o
                0x0000cc54                _spi_m_dma_enable
 .text._spi_m_dma_register_callback
                0x0000cc60       0x64 hpl/sercom/hpl_sercom.o
                0x0000cc60                _spi_m_dma_register_callback
 .text._spi_m_dma_transfer
                0x0000ccc4       0xf8 hpl/sercom/hpl_sercom.o
                0x0000ccc4                _spi_m_dma_transfer
 .text._delay_init
                0x0000cdbc       0x14 hpl/systick/hpl_systick.o
                0x0000cdbc                _delay_init
 .text._delay_cycles
                0x0000cdd0       0x38 hpl/systick/hpl_systick.o
                0x0000cdd0                _delay_cycles
 .text.__NVIC_DisableIRQ
                0x0000ce08       0x28 hpl/tc/hpl_tc.o
 .text.hri_tc_wait_for_sync
                0x0000ce30        0x8 hpl/tc/hpl_tc.o
 .text._tc_timer_start
                0x0000ce38       0x14 hpl/tc/hpl_tc.o
                0x0000ce38                _tc_timer_start
 .text._tc_timer_get_period
                0x0000ce4c       0x50 hpl/tc/hpl_tc.o
                0x0000ce4c                _tc_timer_get_period
 .text._tc_timer_is_started
                0x0000ce9c       0x18 hpl/tc/hpl_tc.o
                0x0000ce9c                _tc_timer_is_started
 .text.tc_interrupt_handler
                0x0000ceb4       0x12 hpl/tc/hpl_tc.o
 *fill*         0x0000cec6        0x2 
 .text.get_tc_index
                0x0000cec8       0x50 hpl/tc/hpl_tc.o
 .text._tc_timer_set_irq
                0x0000cf18       0x28 hpl/tc/hpl_tc.o
                0x0000cf18                _tc_timer_set_irq
 .text._tc_timer_stop
                0x0000cf40       0x14 hpl/tc/hpl_tc.o
                0x0000cf40                _tc_timer_stop
 .text._tc_timer_deinit
                0x0000cf54       0x4c hpl/tc/hpl_tc.o
                0x0000cf54                _tc_timer_deinit
 .text._tc_timer_init
                0x0000cfa0      0x150 hpl/tc/hpl_tc.o
                0x0000cfa0                _tc_timer_init
 .text._tc_timer_set_period
                0x0000d0f0       0x3c hpl/tc/hpl_tc.o
                0x0000d0f0                _tc_timer_set_period
 .text._tc_get_timer
                0x0000d12c        0x8 hpl/tc/hpl_tc.o
                0x0000d12c                _tc_get_timer
 .text.TC0_Handler
                0x0000d134       0x10 hpl/tc/hpl_tc.o
                0x0000d134                TC0_Handler
 .text.TC1_Handler
                0x0000d144       0x10 hpl/tc/hpl_tc.o
                0x0000d144                TC1_Handler
 .text.TC2_Handler
                0x0000d154       0x10 hpl/tc/hpl_tc.o
                0x0000d154                TC2_Handler
 .text.TC3_Handler
                0x0000d164       0x10 hpl/tc/hpl_tc.o
                0x0000d164                TC3_Handler
 .text._dummy_func_no_return
                0x0000d174        0x4 hpl/usb/hpl_usb.o
 .text._usb_d_dev_wait_dfll_rdy
                0x0000d178       0x24 hpl/usb/hpl_usb.o
 .text._usb_d_dev_ept
                0x0000d19c       0x18 hpl/usb/hpl_usb.o
 .text._usb_d_dev_handle_setup
                0x0000d1b4       0x84 hpl/usb/hpl_usb.o
 .text._usb_d_dev_handle_stall
                0x0000d238       0x28 hpl/usb/hpl_usb.o
 .text._usb_d_dev_trans_done
                0x0000d260       0x24 hpl/usb/hpl_usb.o
 .text._usb_d_dev_trans_stop
                0x0000d284       0x64 hpl/usb/hpl_usb.o
 .text._usb_d_dev_handle_trfail
                0x0000d2e8       0xec hpl/usb/hpl_usb.o
 .text._usb_d_dev_reset_epts
                0x0000d3d4       0x3c hpl/usb/hpl_usb.o
 .text._usb_d_dev_in_next
                0x0000d410      0x158 hpl/usb/hpl_usb.o
 .text._usb_d_dev_out_next
                0x0000d568      0x1ac hpl/usb/hpl_usb.o
 .text._usb_d_dev_handler
                0x0000d714      0x1dc hpl/usb/hpl_usb.o
 .text._usbd_ep_pcksize_size
                0x0000d8f0       0x3e hpl/usb/hpl_usb.o
 *fill*         0x0000d92e        0x2 
 .text._usb_d_dev_init
                0x0000d930       0xe8 hpl/usb/hpl_usb.o
                0x0000d930                _usb_d_dev_init
 .text._usb_d_dev_enable
                0x0000da18       0x5c hpl/usb/hpl_usb.o
                0x0000da18                _usb_d_dev_enable
 .text._usb_d_dev_attach
                0x0000da74       0x12 hpl/usb/hpl_usb.o
                0x0000da74                _usb_d_dev_attach
 .text._usb_d_dev_set_address
                0x0000da86        0xc hpl/usb/hpl_usb.o
                0x0000da86                _usb_d_dev_set_address
 .text._usb_d_dev_get_frame_n
                0x0000da92        0xc hpl/usb/hpl_usb.o
                0x0000da92                _usb_d_dev_get_frame_n
 *fill*         0x0000da9e        0x2 
 .text._usb_d_dev_ep_init
                0x0000daa0       0xc0 hpl/usb/hpl_usb.o
                0x0000daa0                _usb_d_dev_ep_init
 .text._usb_d_dev_ep_deinit
                0x0000db60       0x84 hpl/usb/hpl_usb.o
                0x0000db60                _usb_d_dev_ep_deinit
 .text._usb_d_dev_ep_enable
                0x0000dbe4      0x17c hpl/usb/hpl_usb.o
                0x0000dbe4                _usb_d_dev_ep_enable
 .text._usb_d_dev_ep_stall
                0x0000dd60       0xe4 hpl/usb/hpl_usb.o
                0x0000dd60                _usb_d_dev_ep_stall
 .text._usb_d_dev_ep_read_req
                0x0000de44       0x54 hpl/usb/hpl_usb.o
                0x0000de44                _usb_d_dev_ep_read_req
 .text._usb_d_dev_ep_trans
                0x0000de98      0x108 hpl/usb/hpl_usb.o
                0x0000de98                _usb_d_dev_ep_trans
 .text._usb_d_dev_register_callback
                0x0000dfa0       0x24 hpl/usb/hpl_usb.o
                0x0000dfa0                _usb_d_dev_register_callback
 .text._usb_d_dev_register_ep_callback
                0x0000dfc4       0x2c hpl/usb/hpl_usb.o
                0x0000dfc4                _usb_d_dev_register_ep_callback
 .text.USB_0_Handler
                0x0000dff0        0x8 hpl/usb/hpl_usb.o
                0x0000dff0                USB_0_Handler
 .text.USB_1_Handler
                0x0000dff8        0x8 hpl/usb/hpl_usb.o
                0x0000dff8                USB_1_Handler
 .text.USB_2_Handler
                0x0000e000        0x8 hpl/usb/hpl_usb.o
                0x0000e000                USB_2_Handler
 .text.USB_3_Handler
                0x0000e008        0x8 hpl/usb/hpl_usb.o
                0x0000e008                USB_3_Handler
 .text._wdt_init
                0x0000e010       0x42 hpl/wdt/hpl_wdt.o
                0x0000e010                _wdt_init
 *fill*         0x0000e052        0x2 
 .text.RTC_Scheduler_ping_cb
                0x0000e054       0x50 main.o
 .text.RTC_Scheduler_report_cb
                0x0000e0a4        0xc main.o
 .text.RTC_Scheduler_heartbeat_cb
                0x0000e0b0       0x1c main.o
 .text.RTC_Scheduler_realtime_cb
                0x0000e0cc       0x80 main.o
 .text.init_timer
                0x0000e14c       0x84 main.o
                0x0000e14c                init_timer
 .text.startup.main
                0x0000e1d0      0x500 main.o
                0x0000e1d0                main
 .text._read    0x0000e6d0       0x20 stdio_redirect/gcc/read.o
                0x0000e6d0                _read
 .text._write   0x0000e6f0       0x24 stdio_redirect/gcc/write.o
                0x0000e6f0                _write
 .text.stdio_io_init
                0x0000e714       0x2c stdio_redirect/stdio_io.o
                0x0000e714                stdio_io_init
 .text.stdio_io_read
                0x0000e740       0x1c stdio_redirect/stdio_io.o
                0x0000e740                stdio_io_read
 .text.stdio_io_write
                0x0000e75c       0x1c stdio_redirect/stdio_io.o
                0x0000e75c                stdio_io_write
 .text.stdio_redirect_init
                0x0000e778       0x20 stdio_start.o
                0x0000e778                stdio_redirect_init
 .text.cdcdf_acm_req
                0x0000e798       0xdc usb/class/cdc/device/cdcdf_acm.o
 .text.cdcdf_acm_ctrl
                0x0000e874      0x138 usb/class/cdc/device/cdcdf_acm.o
 .text.cdcdf_acm_init
                0x0000e9ac       0x44 usb/class/cdc/device/cdcdf_acm.o
                0x0000e9ac                cdcdf_acm_init
 .text.cdcdf_acm_read
                0x0000e9f0       0x2c usb/class/cdc/device/cdcdf_acm.o
                0x0000e9f0                cdcdf_acm_read
 .text.cdcdf_acm_write
                0x0000ea1c       0x2c usb/class/cdc/device/cdcdf_acm.o
                0x0000ea1c                cdcdf_acm_write
 .text.cdcdf_acm_register_callback
                0x0000ea48       0x40 usb/class/cdc/device/cdcdf_acm.o
                0x0000ea48                cdcdf_acm_register_callback
 .text.hid_keyboard_req
                0x0000ea88       0x88 usb/class/hid/device/hiddf_keyboard.o
 .text.hid_keyboard_ctrl
                0x0000eb10      0x110 usb/class/hid/device/hiddf_keyboard.o
 .text.hiddf_keyboard_init
                0x0000ec20       0x44 usb/class/hid/device/hiddf_keyboard.o
                0x0000ec20                hiddf_keyboard_init
 .text.hiddf_keyboard_keys_state_change
                0x0000ec64       0x8c usb/class/hid/device/hiddf_keyboard.o
                0x0000ec64                hiddf_keyboard_keys_state_change
 .text.hid_mouse_req
                0x0000ecf0       0x88 usb/class/hid/device/hiddf_mouse.o
 .text.hid_mouse_ctrl
                0x0000ed78       0xe4 usb/class/hid/device/hiddf_mouse.o
 .text.hiddf_mouse_init
                0x0000ee5c       0x44 usb/class/hid/device/hiddf_mouse.o
                0x0000ee5c                hiddf_mouse_init
 .text.hiddf_mouse_move
                0x0000eea0       0x48 usb/class/hid/device/hiddf_mouse.o
                0x0000eea0                hiddf_mouse_move
 .text.audio_midi_req
                0x0000eee8       0x78 usb/class/midi/device/audiodf_midi.o
 .text.audio_midi_ctrl
                0x0000ef60      0x180 usb/class/midi/device/audiodf_midi.o
 .text.audiodf_midi_init
                0x0000f0e0       0x44 usb/class/midi/device/audiodf_midi.o
                0x0000f0e0                audiodf_midi_init
 .text.audiodf_midi_write
                0x0000f124       0x28 usb/class/midi/device/audiodf_midi.o
                0x0000f124                audiodf_midi_write
 .text.audiodf_midi_read
                0x0000f14c       0x20 usb/class/midi/device/audiodf_midi.o
                0x0000f14c                audiodf_midi_read
 .text.audiodf_midi_register_callback
                0x0000f16c       0x30 usb/class/midi/device/audiodf_midi.o
                0x0000f16c                audiodf_midi_register_callback
 .text.usbdc_unconfig
                0x0000f19c       0x1c usb/device/usbdc.o
 .text.usbdc_change_notify
                0x0000f1b8       0x20 usb/device/usbdc.o
 .text.usbdc_request_handler
                0x0000f1d8       0x38 usb/device/usbdc.o
 .text.usbd_sof_cb
                0x0000f210       0x18 usb/device/usbdc.o
 .text.usbdc_cb_ctl_done
                0x0000f228       0x68 usb/device/usbdc.o
 .text.usbdc_reset
                0x0000f290       0x5c usb/device/usbdc.o
                0x0000f290                usbdc_reset
 .text.usbd_event_cb
                0x0000f2ec       0x18 usb/device/usbdc.o
 .text.usbdc_xfer
                0x0000f304       0x20 usb/device/usbdc.o
                0x0000f304                usbdc_xfer
 .text.usbdc_cb_ctl_req
                0x0000f324      0x328 usb/device/usbdc.o
 .text.usbdc_register_handler
                0x0000f64c       0x2c usb/device/usbdc.o
                0x0000f64c                usbdc_register_handler
 .text.usbdc_init
                0x0000f678       0x44 usb/device/usbdc.o
                0x0000f678                usbdc_init
 .text.usbdc_register_function
                0x0000f6bc       0x10 usb/device/usbdc.o
                0x0000f6bc                usbdc_register_function
 .text.usbdc_start
                0x0000f6cc       0x34 usb/device/usbdc.o
                0x0000f6cc                usbdc_start
 .text.usbdc_attach
                0x0000f700        0x8 usb/device/usbdc.o
                0x0000f700                usbdc_attach
 .text.usbdc_get_ctrl_buffer
                0x0000f708        0xc usb/device/usbdc.o
                0x0000f708                usbdc_get_ctrl_buffer
 .text.usbdc_get_state
                0x0000f714       0x14 usb/device/usbdc.o
                0x0000f714                usbdc_get_state
 .text.usb_find_desc
                0x0000f728       0x1a usb/usb_protocol.o
                0x0000f728                usb_find_desc
 .text.usb_find_ep_desc
                0x0000f742       0x1c usb/usb_protocol.o
                0x0000f742                usb_find_ep_desc
 *fill*         0x0000f75e        0x2 
 .text.usb_find_cfg_desc
                0x0000f760       0x3c usb/usb_protocol.o
                0x0000f760                usb_find_cfg_desc
 .text.usb_find_str_desc
                0x0000f79c       0x30 usb/usb_protocol.o
                0x0000f79c                usb_find_str_desc
 .text.gpio_get_pin_level
                0x0000f7cc       0x48 usb_start.o
 .text.hiddf_demo_sof_event
                0x0000f814       0x78 usb_start.o
 .text.composite_device_init
                0x0000f88c       0x2c usb_start.o
                0x0000f88c                composite_device_init
 .text.composite_device_start
                0x0000f8b8       0x1c usb_start.o
                0x0000f8b8                composite_device_start
 .text.usb_init
                0x0000f8d4        0x8 usb_start.o
                0x0000f8d4                usb_init
 .text          0x0000f8dc      0x370 c:/program files (x86)/atmel/studio/7.0/toolchain/arm/arm-gnu-toolchain/bin/../lib/gcc/arm-none-eabi/6.3.1/thumb/v7e-m\libgcc.a(_arm_addsubdf3.o)
                0x0000f8dc                __aeabi_drsub
                0x0000f8e4                __aeabi_dsub
                0x0000f8e4                __subdf3
                0x0000f8e8                __aeabi_dadd
                0x0000f8e8                __adddf3
                0x0000fb60                __floatunsidf
                0x0000fb60                __aeabi_ui2d
                0x0000fb80                __floatsidf
                0x0000fb80                __aeabi_i2d
                0x0000fba4                __aeabi_f2d
                0x0000fba4                __extendsfdf2
                0x0000fbe0                __floatundidf
                0x0000fbe0                __aeabi_ul2d
                0x0000fbf0                __floatdidf
                0x0000fbf0                __aeabi_l2d
 .text          0x0000fc4c      0x424 c:/program files (x86)/atmel/studio/7.0/toolchain/arm/arm-gnu-toolchain/bin/../lib/gcc/arm-none-eabi/6.3.1/thumb/v7e-m\libgcc.a(_arm_muldivdf3.o)
                0x0000fc4c                __aeabi_dmul
                0x0000fc4c                __muldf3
                0x0000fea0                __divdf3
                0x0000fea0                __aeabi_ddiv
 .text          0x00010070       0x40 c:/program files (x86)/atmel/studio/7.0/toolchain/arm/arm-gnu-toolchain/bin/../lib/gcc/arm-none-eabi/6.3.1/thumb/v7e-m\libgcc.a(_arm_fixunsdfsi.o)
                0x00010070                __aeabi_d2uiz
                0x00010070                __fixunsdfsi
 .text.__libc_init_array
                0x000100b0       0x48 c:/program files (x86)/atmel/studio/7.0/toolchain/arm/arm-gnu-toolchain/bin/../lib/gcc/arm-none-eabi/6.3.1/../../../../arm-none-eabi/lib/thumb/v7e-m\libc_nano.a(lib_a-init.o)
                0x000100b0                __libc_init_array
 .text.malloc   0x000100f8       0x10 c:/program files (x86)/atmel/studio/7.0/toolchain/arm/arm-gnu-toolchain/bin/../lib/gcc/arm-none-eabi/6.3.1/../../../../arm-none-eabi/lib/thumb/v7e-m\libc_nano.a(lib_a-malloc.o)
                0x000100f8                malloc
 .text.memcpy   0x00010108       0x16 c:/program files (x86)/atmel/studio/7.0/toolchain/arm/arm-gnu-toolchain/bin/../lib/gcc/arm-none-eabi/6.3.1/../../../../arm-none-eabi/lib/thumb/v7e-m\libc_nano.a(lib_a-memcpy-stub.o)
                0x00010108                memcpy
 .text.memset   0x0001011e       0x10 c:/program files (x86)/atmel/studio/7.0/toolchain/arm/arm-gnu-toolchain/bin/../lib/gcc/arm-none-eabi/6.3.1/../../../../arm-none-eabi/lib/thumb/v7e-m\libc_nano.a(lib_a-memset.o)
                0x0001011e                memset
 *fill*         0x0001012e        0x2 
 .text._free_r  0x00010130       0x9c c:/program files (x86)/atmel/studio/7.0/toolchain/arm/arm-gnu-toolchain/bin/../lib/gcc/arm-none-eabi/6.3.1/../../../../arm-none-eabi/lib/thumb/v7e-m\libc_nano.a(lib_a-nano-freer.o)
                0x00010130                _free_r
 .text._malloc_r
                0x000101cc       0xbc c:/program files (x86)/atmel/studio/7.0/toolchain/arm/arm-gnu-toolchain/bin/../lib/gcc/arm-none-eabi/6.3.1/../../../../arm-none-eabi/lib/thumb/v7e-m\libc_nano.a(lib_a-nano-mallocr.o)
                0x000101cc                _malloc_r