Archive member included to satisfy reference by file (symbol)

c:/program files (x86)/atmel/studio/7.0/toolchain/arm/arm-gnu-toolchain/bin/../lib/gcc/arm-none-eabi/6.3.1/thumb/v7e-m\libgcc.a(_arm_addsubdf3.o)
                              hpl/sercom/hpl_sercom.o (__aeabi_dsub)
c:/program files (x86)/atmel/studio/7.0/toolchain/arm/arm-gnu-toolchain/bin/../lib/gcc/arm-none-eabi/6.3.1/thumb/v7e-m\libgcc.a(_arm_muldivdf3.o)
                              grid/grid_hardwaretest.o (__aeabi_dmul)
c:/program files (x86)/atmel/studio/7.0/toolchain/arm/arm-gnu-toolchain/bin/../lib/gcc/arm-none-eabi/6.3.1/thumb/v7e-m\libgcc.a(_arm_fixunsdfsi.o)
                              grid/grid_hardwaretest.o (__aeabi_d2uiz)
c:/program files (x86)/atmel/studio/7.0/toolchain/arm/arm-gnu-toolchain/bin/../lib/gcc/arm-none-eabi/6.3.1/thumb/v7e-m\libgcc.a(_aeabi_uldivmod.o)
                              hpl/sercom/hpl_sercom.o (__aeabi_uldivmod)
c:/program files (x86)/atmel/studio/7.0/toolchain/arm/arm-gnu-toolchain/bin/../lib/gcc/arm-none-eabi/6.3.1/thumb/v7e-m\libgcc.a(_udivmoddi4.o)
                              c:/program files (x86)/atmel/studio/7.0/toolchain/arm/arm-gnu-toolchain/bin/../lib/gcc/arm-none-eabi/6.3.1/thumb/v7e-m\libgcc.a(_aeabi_uldivmod.o) (__udivmoddi4)
c:/program files (x86)/atmel/studio/7.0/toolchain/arm/arm-gnu-toolchain/bin/../lib/gcc/arm-none-eabi/6.3.1/thumb/v7e-m\libgcc.a(_dvmd_tls.o)
                              c:/program files (x86)/atmel/studio/7.0/toolchain/arm/arm-gnu-toolchain/bin/../lib/gcc/arm-none-eabi/6.3.1/thumb/v7e-m\libgcc.a(_aeabi_uldivmod.o) (__aeabi_ldiv0)
c:/program files (x86)/atmel/studio/7.0/toolchain/arm/arm-gnu-toolchain/bin/../lib/gcc/arm-none-eabi/6.3.1/../../../../arm-none-eabi/lib/thumb/v7e-m\libc_nano.a(lib_a-exit.o)
                              c:/program files (x86)/atmel/studio/7.0/toolchain/arm/arm-gnu-toolchain/bin/../lib/gcc/arm-none-eabi/6.3.1/../../../../arm-none-eabi/lib/thumb/v7e-m/crt0.o (exit)
c:/program files (x86)/atmel/studio/7.0/toolchain/arm/arm-gnu-toolchain/bin/../lib/gcc/arm-none-eabi/6.3.1/../../../../arm-none-eabi/lib/thumb/v7e-m\libc_nano.a(lib_a-impure.o)
                              c:/program files (x86)/atmel/studio/7.0/toolchain/arm/arm-gnu-toolchain/bin/../lib/gcc/arm-none-eabi/6.3.1/../../../../arm-none-eabi/lib/thumb/v7e-m\libc_nano.a(lib_a-exit.o) (_global_impure_ptr)
c:/program files (x86)/atmel/studio/7.0/toolchain/arm/arm-gnu-toolchain/bin/../lib/gcc/arm-none-eabi/6.3.1/../../../../arm-none-eabi/lib/thumb/v7e-m\libc_nano.a(lib_a-init.o)
                              c:/program files (x86)/atmel/studio/7.0/toolchain/arm/arm-gnu-toolchain/bin/../lib/gcc/arm-none-eabi/6.3.1/../../../../arm-none-eabi/lib/thumb/v7e-m/crt0.o (__libc_init_array)
c:/program files (x86)/atmel/studio/7.0/toolchain/arm/arm-gnu-toolchain/bin/../lib/gcc/arm-none-eabi/6.3.1/../../../../arm-none-eabi/lib/thumb/v7e-m\libc_nano.a(lib_a-malloc.o)
                              grid/grid_ain.o (malloc)
c:/program files (x86)/atmel/studio/7.0/toolchain/arm/arm-gnu-toolchain/bin/../lib/gcc/arm-none-eabi/6.3.1/../../../../arm-none-eabi/lib/thumb/v7e-m\libc_nano.a(lib_a-memcpy-stub.o)
                              hpl/nvmctrl/hpl_nvmctrl.o (memcpy)
c:/program files (x86)/atmel/studio/7.0/toolchain/arm/arm-gnu-toolchain/bin/../lib/gcc/arm-none-eabi/6.3.1/../../../../arm-none-eabi/lib/thumb/v7e-m\libc_nano.a(lib_a-memset.o)
                              c:/program files (x86)/atmel/studio/7.0/toolchain/arm/arm-gnu-toolchain/bin/../lib/gcc/arm-none-eabi/6.3.1/../../../../arm-none-eabi/lib/thumb/v7e-m/crt0.o (memset)
c:/program files (x86)/atmel/studio/7.0/toolchain/arm/arm-gnu-toolchain/bin/../lib/gcc/arm-none-eabi/6.3.1/../../../../arm-none-eabi/lib/thumb/v7e-m\libc_nano.a(lib_a-nano-freer.o)
                              c:/program files (x86)/atmel/studio/7.0/toolchain/arm/arm-gnu-toolchain/bin/../lib/gcc/arm-none-eabi/6.3.1/../../../../arm-none-eabi/lib/thumb/v7e-m\libc_nano.a(lib_a-malloc.o) (_free_r)
c:/program files (x86)/atmel/studio/7.0/toolchain/arm/arm-gnu-toolchain/bin/../lib/gcc/arm-none-eabi/6.3.1/../../../../arm-none-eabi/lib/thumb/v7e-m\libc_nano.a(lib_a-nano-mallocr.o)
                              c:/program files (x86)/atmel/studio/7.0/toolchain/arm/arm-gnu-toolchain/bin/../lib/gcc/arm-none-eabi/6.3.1/../../../../arm-none-eabi/lib/thumb/v7e-m\libc_nano.a(lib_a-malloc.o) (_malloc_r)
c:/program files (x86)/atmel/studio/7.0/toolchain/arm/arm-gnu-toolchain/bin/../lib/gcc/arm-none-eabi/6.3.1/../../../../arm-none-eabi/lib/thumb/v7e-m\libc_nano.a(lib_a-printf.o)
                              grid/grid_d51.o (printf)
c:/program files (x86)/atmel/studio/7.0/toolchain/arm/arm-gnu-toolchain/bin/../lib/gcc/arm-none-eabi/6.3.1/../../../../arm-none-eabi/lib/thumb/v7e-m\libc_nano.a(lib_a-puts.o)
                              grid/grid_unittest.o (puts)
[...]
Memory Configuration

Name             Origin             Length             Attributes
rom              0x00004000         0x0007a000         xr
ram              0x20000000         0x00040000         xrw
bkupram          0x47000000         0x00002000         xrw
qspi             0x04000000         0x01000000         xrw
*default*        0x00000000         0xffffffff

Linker script and memory map

LOAD c:/program files (x86)/atmel/studio/7.0/toolchain/arm/arm-gnu-toolchain/bin/../lib/gcc/arm-none-eabi/6.3.1/thumb/v7e-m/crti.o
LOAD c:/program files (x86)/atmel/studio/7.0/toolchain/arm/arm-gnu-toolchain/bin/../lib/gcc/arm-none-eabi/6.3.1/thumb/v7e-m/crtbegin.o
LOAD c:/program files (x86)/atmel/studio/7.0/toolchain/arm/arm-gnu-toolchain/bin/../lib/gcc/arm-none-eabi/6.3.1/../../../../arm-none-eabi/lib/thumb/v7e-m/crt0.o
LOAD atmel_start.o
LOAD Device_Startup/startup_samd51.o
LOAD Device_Startup/system_samd51.o
LOAD driver_init.o
LOAD examples/driver_examples.o
LOAD flash/n25q256a.o
LOAD flash/spi_nor_flash.o
LOAD grid/grid_d51.o
LOAD grid/grid_debug.o
LOAD grid/grid_hardwaretest.o
LOAD grid/grid_msg.o
LOAD grid/grid_nvm.o
LOAD grid/grid_unittest.o
LOAD grid/grid_ain.o
LOAD grid/grid_buf.o
LOAD grid/grid_led.o
LOAD grid/grid_module.o
LOAD grid/grid_module_bu16_revb.o
LOAD grid/grid_module_en16_reva.o
LOAD grid/grid_module_pbf4_reva.o
LOAD grid/grid_module_po16_revb.o
LOAD grid/grid_sys.o
LOAD grid/grid_ui.o
LOAD grid/grid_usb.o
LOAD hal/src/hal_adc_async.o
LOAD hal/src/hal_atomic.o
LOAD hal/src/hal_cache.o
LOAD hal/src/hal_crc_sync.o
LOAD hal/src/hal_delay.o
LOAD hal/src/hal_evsys.o
LOAD hal/src/hal_flash.o
LOAD hal/src/hal_gpio.o
LOAD hal/src/hal_i2c_m_async.o
LOAD hal/src/hal_init.o
LOAD hal/src/hal_io.o
LOAD hal/src/hal_qspi_dma.o
LOAD hal/src/hal_sleep.o
LOAD hal/src/hal_spi_m_async.o
LOAD hal/src/hal_spi_m_dma.o
LOAD hal/src/hal_timer.o
LOAD hal/src/hal_usart_async.o
LOAD hal/src/hal_usart_sync.o
LOAD hal/src/hal_usb_device.o
LOAD hal/src/hal_wdt.o
LOAD hal/utils/src/utils_assert.o
LOAD hal/utils/src/utils_event.o
LOAD hal/utils/src/utils_list.o
LOAD hal/utils/src/utils_ringbuffer.o
LOAD hal/utils/src/utils_syscalls.o
LOAD hpl/adc/hpl_adc.o
LOAD hpl/cmcc/hpl_cmcc.o
LOAD hpl/core/hpl_core_m4.o
LOAD hpl/core/hpl_init.o
LOAD hpl/dmac/hpl_dmac.o
LOAD hpl/dsu/hpl_dsu.o
LOAD hpl/evsys/hpl_evsys.o
LOAD hpl/gclk/hpl_gclk.o
LOAD hpl/mclk/hpl_mclk.o
LOAD hpl/nvmctrl/hpl_nvmctrl.o
LOAD hpl/osc32kctrl/hpl_osc32kctrl.o
LOAD hpl/oscctrl/hpl_oscctrl.o
LOAD hpl/pac/hpl_pac.o
LOAD hpl/pm/hpl_pm.o
LOAD hpl/qspi/hpl_qspi.o
LOAD hpl/ramecc/hpl_ramecc.o
LOAD hpl/rtc/hpl_rtc.o
LOAD hpl/sercom/hpl_sercom.o
LOAD hpl/systick/hpl_systick.o
LOAD hpl/tc/hpl_tc.o
LOAD hpl/usb/hpl_usb.o
LOAD hpl/wdt/hpl_wdt.o
LOAD main.o
LOAD stdio_redirect/gcc/read.o
LOAD stdio_redirect/gcc/write.o
LOAD stdio_redirect/stdio_io.o
LOAD stdio_start.o
LOAD usb/class/cdc/device/cdcdf_acm.o
LOAD usb/class/hid/device/hiddf_generic.o
LOAD usb/class/hid/device/hiddf_keyboard.o
LOAD usb/class/hid/device/hiddf_mouse.o
LOAD usb/class/midi/device/audiodf_midi.o
LOAD usb/class/midi/usb_protocol_midi.o
LOAD usb/class/msc/device/mscdf.o
LOAD usb/device/usbdc.o
LOAD usb/usb_protocol.o
LOAD usb_start.o
START GROUP
LOAD c:/program files (x86)/atmel/studio/7.0/toolchain/arm/arm-gnu-toolchain/bin/../lib/gcc/arm-none-eabi/6.3.1/../../../../arm-none-eabi/lib/thumb/v7e-m\libm.a
END GROUP
START GROUP
LOAD c:/program files (x86)/atmel/studio/7.0/toolchain/arm/arm-gnu-toolchain/bin/../lib/gcc/arm-none-eabi/6.3.1/thumb/v7e-m\libgcc.a
LOAD c:/program files (x86)/atmel/studio/7.0/toolchain/arm/arm-gnu-toolchain/bin/../lib/gcc/arm-none-eabi/6.3.1/../../../../arm-none-eabi/lib/thumb/v7e-m\libc_nano.a
END GROUP
START GROUP
LOAD c:/program files (x86)/atmel/studio/7.0/toolchain/arm/arm-gnu-toolchain/bin/../lib/gcc/arm-none-eabi/6.3.1/thumb/v7e-m\libgcc.a
LOAD c:/program files (x86)/atmel/studio/7.0/toolchain/arm/arm-gnu-toolchain/bin/../lib/gcc/arm-none-eabi/6.3.1/../../../../arm-none-eabi/lib/thumb/v7e-m\libc_nano.a
END GROUP
LOAD c:/program files (x86)/atmel/studio/7.0/toolchain/arm/arm-gnu-toolchain/bin/../lib/gcc/arm-none-eabi/6.3.1/thumb/v7e-m/crtend.o
LOAD c:/program files (x86)/atmel/studio/7.0/toolchain/arm/arm-gnu-toolchain/bin/../lib/gcc/arm-none-eabi/6.3.1/thumb/v7e-m/crtn.o
                0x00010000                STACK_SIZE = DEFINED (STACK_SIZE)?STACK_SIZE:DEFINED (__stack_size__)?__stack_size__:0x10000

.text           0x00004000     0xecdc
                0x00004000                . = ALIGN (0x4)
                0x00004000                _sfixed = .
 *(.vectors .vectors.*)
 .vectors       0x00004000      0x264 Device_Startup/startup_samd51.o
                0x00004000                exception_table
 *(.text .text.* .gnu.linkonce.t.*)
 .text          0x00004264       0x6c c:/program files (x86)/atmel/studio/7.0/toolchain/arm/arm-gnu-toolchain/bin/../lib/gcc/arm-none-eabi/6.3.1/thumb/v7e-m/crtbegin.o
 .text.atmel_start_init
                0x000042d0       0x20 atmel_start.o
                0x000042d0                atmel_start_init
 .text.Dummy_Handler
                0x000042f0        0x2 Device_Startup/startup_samd51.o
                0x000042f0                EIC_5_Handler
                0x000042f0                SVCall_Handler
                0x000042f0                EIC_13_Handler
                0x000042f0                EVSYS_0_Handler
                0x000042f0                TCC1_3_Handler
                0x000042f0                DAC_3_Handler
                0x000042f0                TRNG_Handler
                0x000042f0                HardFault_Handler
                0x000042f0                PDEC_2_Handler
                0x000042f0                EIC_4_Handler
                0x000042f0                AC_Handler
                0x000042f0                SysTick_Handler
                0x000042f0                TCC2_3_Handler
                0x000042f0                PendSV_Handler
                0x000042f0                TC7_Handler
                0x000042f0                EVSYS_3_Handler
                0x000042f0                PDEC_0_Handler
                0x000042f0                QSPI_Handler
                0x000042f0                NonMaskableInt_Handler
                0x000042f0                TCC0_0_Handler
                0x000042f0                EIC_3_Handler
                0x000042f0                MemManagement_Handler
                0x000042f0                DAC_2_Handler
                0x000042f0                UsageFault_Handler
                0x000042f0                EIC_10_Handler
                0x000042f0                EIC_11_Handler
                0x000042f0                EIC_9_Handler
                0x000042f0                OSC32KCTRL_Handler
                0x000042f0                TCC2_1_Handler
                0x000042f0                SUPC_1_Handler
                0x000042f0                TCC0_5_Handler
                0x000042f0                TCC0_6_Handler
                0x000042f0                EVSYS_1_Handler
                0x000042f0                TCC1_4_Handler
                0x000042f0                TC6_Handler
                0x000042f0                WDT_Handler
                0x000042f0                EIC_8_Handler
                0x000042f0                EIC_15_Handler
                0x000042f0                TC4_Handler
                0x000042f0                OSCCTRL_4_Handler
                0x000042f0                EIC_12_Handler
                0x000042f0                TCC4_2_Handler
                0x000042f0                PAC_Handler
                0x000042f0                TCC1_0_Handler
                0x000042f0                OSCCTRL_0_Handler
                0x000042f0                EIC_0_Handler
                0x000042f0                OSCCTRL_3_Handler
                0x000042f0                Dummy_Handler
                0x000042f0                TCC3_0_Handler
                0x000042f0                TCC2_2_Handler
                0x000042f0                TCC1_1_Handler
                0x000042f0                OSCCTRL_2_Handler
                0x000042f0                TCC1_2_Handler
                0x000042f0                SERCOM7_1_Handler
                0x000042f0                PM_Handler
                0x000042f0                SERCOM2_3_Handler
                0x000042f0                DAC_4_Handler
                0x000042f0                TCC3_2_Handler
                0x000042f0                SERCOM7_0_Handler
                0x000042f0                TCC0_2_Handler
                0x000042f0                TCC4_0_Handler
                0x000042f0                SERCOM7_3_Handler
                0x000042f0                SDHC1_Handler
                0x000042f0                SERCOM7_2_Handler
                0x000042f0                TCC2_0_Handler
                0x000042f0                PDEC_1_Handler
                0x000042f0                TCC4_1_Handler
                0x000042f0                SDHC0_Handler
                0x000042f0                I2S_Handler
                0x000042f0                EIC_2_Handler
                0x000042f0                PCC_Handler
                0x000042f0                DAC_0_Handler
                0x000042f0                TCC0_1_Handler
                0x000042f0                EIC_6_Handler
                0x000042f0                OSCCTRL_1_Handler
                0x000042f0                PUKCC_Handler
                0x000042f0                SERCOM2_1_Handler
                0x000042f0                EIC_1_Handler
                0x000042f0                EVSYS_4_Handler
                0x000042f0                EIC_7_Handler
                0x000042f0                SERCOM2_2_Handler
                0x000042f0                TCC3_1_Handler
                0x000042f0                EIC_14_Handler
                0x000042f0                DAC_1_Handler
                0x000042f0                MCLK_Handler
                0x000042f0                EVSYS_2_Handler
                0x000042f0                SUPC_0_Handler
                0x000042f0                BusFault_Handler
                0x000042f0                FREQM_Handler
                0x000042f0                TCC0_3_Handler
                0x000042f0                DebugMonitor_Handler
                0x000042f0                TCC0_4_Handler
                0x000042f0                TC5_Handler
                0x000042f0                SERCOM2_0_Handler
                0x000042f0                AES_Handler
                0x000042f0                ICM_Handler
 *fill*         0x000042f2        0x2 
 .text.Reset_Handler
                0x000042f4       0x78 Device_Startup/startup_samd51.o
                0x000042f4                Reset_Handler
 .text._gpio_set_pin_function
                0x0000436c       0x68 driver_init.o
 .text.gpio_set_pin_direction
                0x000043d4       0x68 driver_init.o
 .text.ADC_0_init
                0x0000443c       0x80 driver_init.o
                0x0000443c                ADC_0_init
 .text.ADC_1_init
                0x000044bc       0x84 driver_init.o
                0x000044bc                ADC_1_init
 .text.CRC_0_init
                0x00004540       0x24 driver_init.o
                0x00004540                CRC_0_init
 .text.EVENT_SYSTEM_0_init
                0x00004564       0x30 driver_init.o
                0x00004564                EVENT_SYSTEM_0_init
 .text.FLASH_0_CLOCK_init
                0x00004594       0x10 driver_init.o
                0x00004594                FLASH_0_CLOCK_init
 .text.FLASH_0_init
                0x000045a4       0x24 driver_init.o
                0x000045a4                FLASH_0_init
 .text.QSPI_INSTANCE_PORT_init
                0x000045c8       0xdc driver_init.o
                0x000045c8                QSPI_INSTANCE_PORT_init
 .text.QSPI_INSTANCE_CLOCK_init
                0x000046a4       0x20 driver_init.o
                0x000046a4                QSPI_INSTANCE_CLOCK_init
 .text.QSPI_INSTANCE_init
                0x000046c4       0x2c driver_init.o
                0x000046c4                QSPI_INSTANCE_init
 .text.USART_EAST_CLOCK_init
                0x000046f0       0x24 driver_init.o
                0x000046f0                USART_EAST_CLOCK_init
 .text.USART_EAST_PORT_init
                0x00004714       0x24 driver_init.o
                0x00004714                USART_EAST_PORT_init
 .text.USART_EAST_init
                0x00004738       0x38 driver_init.o
                0x00004738                USART_EAST_init
 .text.USART_NORTH_CLOCK_init
                0x00004770       0x24 driver_init.o
                0x00004770                USART_NORTH_CLOCK_init
 .text.USART_NORTH_PORT_init
                0x00004794       0x24 driver_init.o
                0x00004794                USART_NORTH_PORT_init
 .text.USART_NORTH_init
                0x000047b8       0x38 driver_init.o
                0x000047b8                USART_NORTH_init
 .text.GRID_AUX_PORT_init
                0x000047f0       0x24 driver_init.o
                0x000047f0                GRID_AUX_PORT_init
 .text.GRID_AUX_CLOCK_init
                0x00004814       0x24 driver_init.o
                0x00004814                GRID_AUX_CLOCK_init
 .text.GRID_AUX_init
                0x00004838       0x2c driver_init.o
                0x00004838                GRID_AUX_init
 .text.UI_SPI_PORT_init
                0x00004864       0x68 driver_init.o
                0x00004864                UI_SPI_PORT_init
 .text.UI_SPI_CLOCK_init
                0x000048cc       0x24 driver_init.o
                0x000048cc                UI_SPI_CLOCK_init
 .text.UI_SPI_init
                0x000048f0       0x2c driver_init.o
                0x000048f0                UI_SPI_init
 .text.USART_WEST_CLOCK_init
                0x0000491c       0x24 driver_init.o
                0x0000491c                USART_WEST_CLOCK_init
 .text.USART_WEST_PORT_init
                0x00004940       0x24 driver_init.o
                0x00004940                USART_WEST_PORT_init
 .text.USART_WEST_init
                0x00004964       0x38 driver_init.o
                0x00004964                USART_WEST_init
 .text.SYS_I2C_PORT_init
                0x0000499c       0x40 driver_init.o
                0x0000499c                SYS_I2C_PORT_init
 .text.SYS_I2C_CLOCK_init
                0x000049dc       0x24 driver_init.o
                0x000049dc                SYS_I2C_CLOCK_init
 .text.SYS_I2C_init
                0x00004a00       0x2c driver_init.o
                0x00004a00                SYS_I2C_init
 .text.USART_SOUTH_CLOCK_init
                0x00004a2c       0x24 driver_init.o
                0x00004a2c                USART_SOUTH_CLOCK_init
 .text.USART_SOUTH_PORT_init
                0x00004a50       0x24 driver_init.o
                0x00004a50                USART_SOUTH_PORT_init
 .text.USART_SOUTH_init
                0x00004a74       0x38 driver_init.o
                0x00004a74                USART_SOUTH_init
 .text.GRID_LED_PORT_init
                0x00004aac       0x68 driver_init.o
                0x00004aac                GRID_LED_PORT_init
 .text.GRID_LED_CLOCK_init
                0x00004b14       0x24 driver_init.o
                0x00004b14                GRID_LED_CLOCK_init
 .text.GRID_LED_init
                0x00004b38       0x2c driver_init.o
                0x00004b38                GRID_LED_init
 .text.delay_driver_init
                0x00004b64       0x10 driver_init.o
                0x00004b64                delay_driver_init
 .text.USB_DEVICE_INSTANCE_PORT_init
                0x00004b74       0x60 driver_init.o
                0x00004b74                USB_DEVICE_INSTANCE_PORT_init
 .text.USB_DEVICE_INSTANCE_CLOCK_init
                0x00004bd4       0x24 driver_init.o
                0x00004bd4                USB_DEVICE_INSTANCE_CLOCK_init
 .text.USB_DEVICE_INSTANCE_init
                0x00004bf8       0x20 driver_init.o
                0x00004bf8                USB_DEVICE_INSTANCE_init
 .text.WDT_0_CLOCK_init
                0x00004c18       0x10 driver_init.o
                0x00004c18                WDT_0_CLOCK_init
 .text.WDT_0_init
                0x00004c28       0x24 driver_init.o
                0x00004c28                WDT_0_init
 .text.system_init
                0x00004c4c      0x2a8 driver_init.o
                0x00004c4c                system_init
 .text.grid_d51_bitmap_write_bit
                0x00004ef4       0x3a grid/grid_d51.o
                0x00004ef4                grid_d51_bitmap_write_bit
 *fill*         0x00004f2e        0x2 
 .text.grid_d51_verify_user_row
                0x00004f30      0x198 grid/grid_d51.o
                0x00004f30                grid_d51_verify_user_row
 .text.grid_d51_init
                0x000050c8       0x4c grid/grid_d51.o
                0x000050c8                grid_d51_init
 .text.grid_msg_header_set_len
                0x00005114       0x20 grid/grid_msg.o
                0x00005114                grid_msg_header_set_len
 .text.grid_msg_header_set_id
                0x00005134       0x20 grid/grid_msg.o
                0x00005134                grid_msg_header_set_id
 .text.grid_msg_header_set_dx
                0x00005154       0x20 grid/grid_msg.o
                0x00005154                grid_msg_header_set_dx
 .text.grid_msg_header_get_dx
                0x00005174       0x1c grid/grid_msg.o
                0x00005174                grid_msg_header_get_dx
 .text.grid_msg_header_set_dy
                0x00005190       0x20 grid/grid_msg.o
                0x00005190                grid_msg_header_set_dy
 .text.grid_msg_header_get_dy
                0x000051b0       0x1c grid/grid_msg.o
                0x000051b0                grid_msg_header_get_dy
 .text.grid_msg_header_set_rot
                0x000051cc       0x20 grid/grid_msg.o
                0x000051cc                grid_msg_header_set_rot
 .text.grid_msg_header_set_age
                0x000051ec       0x20 grid/grid_msg.o
                0x000051ec                grid_msg_header_set_age
 .text.grid_msg_packet_get_length
                0x0000520c       0x12 grid/grid_msg.o
                0x0000520c                grid_msg_packet_get_length
 .text.grid_msg_body_get_length
                0x0000521e        0x6 grid/grid_msg.o
                0x0000521e                grid_msg_body_get_length
 .text.grid_msg_body_append_text
                0x00005224       0x20 grid/grid_msg.o
                0x00005224                grid_msg_body_append_text
 .text.grid_msg_body_append_text_escaped
                0x00005244       0x36 grid/grid_msg.o
                0x00005244                grid_msg_body_append_text_escaped
 *fill*         0x0000527a        0x2 
 .text.grid_msg_text_get_parameter
                0x0000527c       0x18 grid/grid_msg.o
                0x0000527c                grid_msg_text_get_parameter
 .text.grid_msg_text_set_parameter
                0x00005294       0x18 grid/grid_msg.o
                0x00005294                grid_msg_text_set_parameter
 .text.grid_msg_init
                0x000052ac       0x44 grid/grid_msg.o
                0x000052ac                grid_msg_init
 .text.grid_msg_init_header
                0x000052f0       0x6c grid/grid_msg.o
                0x000052f0                grid_msg_init_header
 .text.grid_msg_packet_receive_char
                0x0000535c       0x4e grid/grid_msg.o
                0x0000535c                grid_msg_packet_receive_char
 .text.grid_msg_packet_send_char
                0x000053aa       0x3a grid/grid_msg.o
                0x000053aa                grid_msg_packet_send_char
 .text.grid_msg_packet_close
                0x000053e4       0xd4 grid/grid_msg.o
                0x000053e4                grid_msg_packet_close
 .text.grid_msg_packet_send_everywhere
                0x000054b8       0x5c grid/grid_msg.o
                0x000054b8                grid_msg_packet_send_everywhere
 .text.grid_nvm_ui_bulk_read_init
                0x00005514        0xe grid/grid_nvm.o
                0x00005514                grid_nvm_ui_bulk_read_init
 .text.grid_nvm_ui_bulk_read_is_in_progress
                0x00005522        0x6 grid/grid_nvm.o
                0x00005522                grid_nvm_ui_bulk_read_is_in_progress
 .text.grid_nvm_ui_bulk_read_next
                0x00005528      0x104 grid/grid_nvm.o
                0x00005528                grid_nvm_ui_bulk_read_next
 .text.grid_nvm_ui_bulk_clear_init
                0x0000562c        0xe grid/grid_nvm.o
                0x0000562c                grid_nvm_ui_bulk_clear_init
 .text.grid_nvm_ui_bulk_clear_is_in_progress
                0x0000563a        0x6 grid/grid_nvm.o
                0x0000563a                grid_nvm_ui_bulk_clear_is_in_progress
 .text.grid_nvm_ui_bulk_clear_next
                0x00005640      0x104 grid/grid_nvm.o
                0x00005640                grid_nvm_ui_bulk_clear_next
 .text.grid_nvm_clear_read_buffer
                0x00005744       0x20 grid/grid_nvm.o
                0x00005744                grid_nvm_clear_read_buffer
 .text.grid_nvm_clear_write_buffer
                0x00005764       0x28 grid/grid_nvm.o
                0x00005764                grid_nvm_clear_write_buffer
 .text.grid_nvm_init
                0x0000578c       0x44 grid/grid_nvm.o
                0x0000578c                grid_nvm_init
 .text.grid_nvm_calculate_event_page_offset
                0x000057d0       0x1c grid/grid_nvm.o
                0x000057d0                grid_nvm_calculate_event_page_offset
 .text.grid_ain_channel_init
                0x000057ec       0x34 grid/grid_ain.o
                0x000057ec                grid_ain_channel_init
 .text.grid_ain_init
                0x00005820       0x44 grid/grid_ain.o
                0x00005820                grid_ain_init
 .text.grid_ain_add_sample
                0x00005864       0xd0 grid/grid_ain.o
                0x00005864                grid_ain_add_sample
 .text.grid_ain_get_changed
                0x00005934       0x10 grid/grid_ain.o
                0x00005934                grid_ain_get_changed
 .text.grid_ain_get_average
                0x00005944       0x28 grid/grid_ain.o
                0x00005944                grid_ain_get_average
 .text.grid_port_reset_receiver
                0x0000596c       0x90 grid/grid_buf.o
                0x0000596c                grid_port_reset_receiver
 .text.grid_buffer_init
                0x000059fc       0x3c grid/grid_buf.o
                0x000059fc                grid_buffer_init
 .text.grid_buffer_get_space
                0x00005a38       0x18 grid/grid_buf.o
                0x00005a38                grid_buffer_get_space
 .text.grid_buffer_write_init
                0x00005a50       0x3c grid/grid_buf.o
                0x00005a50                grid_buffer_write_init
 .text.grid_buffer_write_character
                0x00005a8c       0x1e grid/grid_buf.o
                0x00005a8c                grid_buffer_write_character
 *fill*         0x00005aaa        0x2 
 .text.grid_buffer_write_acknowledge
                0x00005aac       0x28 grid/grid_buf.o
                0x00005aac                grid_buffer_write_acknowledge
 .text.grid_port_receive_decode
                0x00005ad4      0x4e0 grid/grid_buf.o
                0x00005ad4                grid_port_receive_decode
 .text.grid_port_receive_task
                0x00005fb4      0x15c grid/grid_buf.o
                0x00005fb4                grid_port_receive_task
 .text.grid_buffer_read_size
                0x00006110       0x52 grid/grid_buf.o
                0x00006110                grid_buffer_read_size
 .text.grid_buffer_read_init
                0x00006162       0x66 grid/grid_buf.o
                0x00006162                grid_buffer_read_init
 .text.grid_buffer_read_character
                0x000061c8       0x2a grid/grid_buf.o
                0x000061c8                grid_buffer_read_character
 .text.grid_buffer_read_acknowledge
                0x000061f2       0x16 grid/grid_buf.o
                0x000061f2                grid_buffer_read_acknowledge
 .text.grid_port_init
                0x00006208      0x164 grid/grid_buf.o
                0x00006208                grid_port_init
 .text.grid_port_init_all
                0x0000636c       0xa4 grid/grid_buf.o
                0x0000636c                grid_port_init_all
 .text.grid_port_process_inbound
                0x00006410      0x1cc grid/grid_buf.o
                0x00006410                grid_port_process_inbound
 .text.grid_port_process_outbound_usb
                0x000065dc      0x218 grid/grid_buf.o
                0x000065dc                grid_port_process_outbound_usb
 .text.grid_port_process_outbound_ui
                0x000067f4      0x9f0 grid/grid_buf.o
                0x000067f4                grid_port_process_outbound_ui
 .text.grid_port_process_outbound_usart
                0x000071e4       0x6c grid/grid_buf.o
                0x000071e4                grid_port_process_outbound_usart
 .text.grid_led_lowlevel_hardware_transfer_complete_cb
                0x00007250        0xc grid/grid_led.o
                0x00007250                grid_led_lowlevel_hardware_transfer_complete_cb
 .text.grid_led_lowlevel_set_color
                0x0000725c       0x4c grid/grid_led.o
                0x0000725c                grid_led_lowlevel_set_color
 .text.grid_led_hardware_init
                0x000072a8       0x2c grid/grid_led.o
                0x000072a8                grid_led_hardware_init
 .text.grid_led_get_led_number
                0x000072d4        0x4 grid/grid_led.o
                0x000072d4                grid_led_get_led_number
 .text.grid_led_tick
                0x000072d8       0x34 grid/grid_led.o
                0x000072d8                grid_led_tick
 .text.grid_led_set_min
                0x0000730c       0x20 grid/grid_led.o
                0x0000730c                grid_led_set_min
 .text.grid_led_set_mid
                0x0000732c       0x20 grid/grid_led.o
                0x0000732c                grid_led_set_mid
 .text.grid_led_set_max
                0x0000734c       0x20 grid/grid_led.o
                0x0000734c                grid_led_set_max
 .text.grid_led_set_color
                0x0000736c       0x6c grid/grid_led.o
                0x0000736c                grid_led_set_color
 .text.grid_led_set_phase
                0x000073d8       0x14 grid/grid_led.o
                0x000073d8                grid_led_set_phase
 .text.grid_led_set_frequency
                0x000073ec       0x14 grid/grid_led.o
                0x000073ec                grid_led_set_frequency
 .text.grid_led_buffer_init
                0x00007400      0x16c grid/grid_led.o
                0x00007400                grid_led_buffer_init
 .text.grid_led_lowlevel_init
                0x0000756c       0xb0 grid/grid_led.o
                0x0000756c                grid_led_lowlevel_init
 .text.grid_led_lowlevel_render
                0x0000761c       0xb0 grid/grid_led.o
                0x0000761c                grid_led_lowlevel_render
 .text.grid_led_lowlevel_render_all
                0x000076cc       0x20 grid/grid_led.o
                0x000076cc                grid_led_lowlevel_render_all
 .text.grid_led_lowlevel_hardware_start_transfer
                0x000076ec       0x30 grid/grid_led.o
                0x000076ec                grid_led_lowlevel_hardware_start_transfer
 .text.grid_module_common_init
                0x0000771c      0x250 grid/grid_module.o
                0x0000771c                grid_module_common_init
 .text.grid_module_bu16_revb_hardware_start_transfer
                0x0000796c       0x20 grid/grid_module_bu16_revb.o
                0x0000796c                grid_module_bu16_revb_hardware_start_transfer
 .text.grid_module_bu16_revb_hardware_transfer_complete_cb
                0x0000798c      0x200 grid/grid_module_bu16_revb.o
 .text.grid_module_bu16_revb_hardware_init
                0x00007b8c       0x48 grid/grid_module_bu16_revb.o
                0x00007b8c                grid_module_bu16_revb_hardware_init
 .text.grid_module_bu16_revb_init
                0x00007bd4       0x70 grid/grid_module_bu16_revb.o
                0x00007bd4                grid_module_bu16_revb_init
 .text.grid_module_en16_reva_hardware_start_transfer
                0x00007c44       0x3c grid/grid_module_en16_reva.o
                0x00007c44                grid_module_en16_reva_hardware_start_transfer
 .text.grid_module_en16_reva_hardware_transfer_complete_cb
                0x00007c80      0x320 grid/grid_module_en16_reva.o
                0x00007c80                grid_module_en16_reva_hardware_transfer_complete_cb
 .text.grid_module_en16_reva_hardware_init
                0x00007fa0       0x68 grid/grid_module_en16_reva.o
                0x00007fa0                grid_module_en16_reva_hardware_init
 .text.grid_module_en16_reva_init
                0x00008008       0x9c grid/grid_module_en16_reva.o
                0x00008008                grid_module_en16_reva_init
 .text.grid_module_pbf4_reva_hardware_start_transfer
                0x000080a4       0x20 grid/grid_module_pbf4_reva.o
                0x000080a4                grid_module_pbf4_reva_hardware_start_transfer
 *fill*         0x000080c4        0x4 
 .text.grid_module_pbf4_reva_hardware_transfer_complete_cb
                0x000080c8      0x320 grid/grid_module_pbf4_reva.o
                0x000080c8                grid_module_pbf4_reva_hardware_transfer_complete_cb
 .text.grid_module_pbf4_reva_hardware_init
                0x000083e8       0x48 grid/grid_module_pbf4_reva.o
                0x000083e8                grid_module_pbf4_reva_hardware_init
 .text.grid_module_pbf4_reva_init
                0x00008430       0x84 grid/grid_module_pbf4_reva.o
                0x00008430                grid_module_pbf4_reva_init
 .text.grid_module_po16_revb_hardware_start_transfer
                0x000084b4       0x20 grid/grid_module_po16_revb.o
                0x000084b4                grid_module_po16_revb_hardware_start_transfer
 *fill*         0x000084d4        0x4 
 .text.grid_module_po16_revb_hardware_transfer_complete_cb
                0x000084d8      0x248 grid/grid_module_po16_revb.o
 .text.grid_module_po16_revb_hardware_init
                0x00008720       0x48 grid/grid_module_po16_revb.o
                0x00008720                grid_module_po16_revb_hardware_init
 .text.grid_module_po16_revb_init
                0x00008768       0x80 grid/grid_module_po16_revb.o
                0x00008768                grid_module_po16_revb_init
 .text.gpio_set_pin_pull_mode.constprop.3
                0x000087e8       0x28 grid/grid_sys.o
 .text.grid_task_enter_task
                0x00008810        0x8 grid/grid_sys.o
                0x00008810                grid_task_enter_task
 .text.grid_task_timer_tick
                0x00008818        0xe grid/grid_sys.o
                0x00008818                grid_task_timer_tick
 .text.grid_task_timer_reset
                0x00008826       0x10 grid/grid_sys.o
                0x00008826                grid_task_timer_reset
 .text.grid_task_timer_read
                0x00008836        0x8 grid/grid_sys.o
                0x00008836                grid_task_timer_read
 *fill*         0x0000883e        0x2 
 .text.grid_sys_nvm_store_configuration
                0x00008840      0x1f8 grid/grid_sys.o
                0x00008840                grid_sys_nvm_store_configuration
 .text.grid_sys_recall_configuration
                0x00008a38      0x15c grid/grid_sys.o
                0x00008a38                grid_sys_recall_configuration
 .text.grid_sys_nvm_load_configuration
                0x00008b94       0xf8 grid/grid_sys.o
                0x00008b94                grid_sys_nvm_load_configuration
 .text.grid_sys_nvm_clear_configuration
                0x00008c8c       0x9c grid/grid_sys.o
                0x00008c8c                grid_sys_nvm_clear_configuration
 .text.grid_debug_print_text
                0x00008d28       0xec grid/grid_sys.o
                0x00008d28                grid_debug_print_text
 .text.tx_cb_USART_GRID
                0x00008e14       0x1a grid/grid_sys.o
                0x00008e14                tx_cb_USART_GRID
 *fill*         0x00008e2e        0x2 
 .text.tx_cb_USART_GRID_W
                0x00008e30       0x10 grid/grid_sys.o
 .text.tx_cb_USART_GRID_S
                0x00008e40       0x10 grid/grid_sys.o
 .text.tx_cb_USART_GRID_E
                0x00008e50       0x10 grid/grid_sys.o
 .text.tx_cb_USART_GRID_N
                0x00008e60       0x10 grid/grid_sys.o
 .text.err_cb_USART_GRID
                0x00008e70       0x10 grid/grid_sys.o
                0x00008e70                err_cb_USART_GRID
 .text.err_cb_USART_GRID_W
                0x00008e80       0x10 grid/grid_sys.o
 .text.err_cb_USART_GRID_S
                0x00008e90       0x10 grid/grid_sys.o
 .text.err_cb_USART_GRID_E
                0x00008ea0       0x10 grid/grid_sys.o
 .text.err_cb_USART_GRID_N
                0x00008eb0       0x10 grid/grid_sys.o
 .text.grid_sys_port_reset_dma
                0x00008ec0       0x20 grid/grid_sys.o
                0x00008ec0                grid_sys_port_reset_dma
 .text.dma_transfer_complete_n_cb
                0x00008ee0       0x10 grid/grid_sys.o
                0x00008ee0                dma_transfer_complete_n_cb
 .text.dma_transfer_complete_e_cb
                0x00008ef0       0x10 grid/grid_sys.o
                0x00008ef0                dma_transfer_complete_e_cb
 .text.dma_transfer_complete_s_cb
                0x00008f00       0x10 grid/grid_sys.o
                0x00008f00                dma_transfer_complete_s_cb
 .text.dma_transfer_complete_w_cb
                0x00008f10       0x10 grid/grid_sys.o
                0x00008f10                dma_transfer_complete_w_cb
 .text.grid_sys_uart_init
                0x00008f20      0x104 grid/grid_sys.o
                0x00008f20                grid_sys_uart_init
 .text.grid_sys_dma_rx_init_one
                0x00009024       0x64 grid/grid_sys.o
                0x00009024                grid_sys_dma_rx_init_one
 .text.grid_sys_dma_rx_init
                0x00009088       0x6c grid/grid_sys.o
                0x00009088                grid_sys_dma_rx_init
 .text.grid_sys_init
                0x000090f4       0x8c grid/grid_sys.o
                0x000090f4                grid_sys_init
 .text.grid_sys_bank_enable
                0x00009180        0xc grid/grid_sys.o
                0x00009180                grid_sys_bank_enable
 .text.grid_sys_bank_disable
                0x0000918c        0xc grid/grid_sys.o
                0x0000918c                grid_sys_bank_disable
 .text.grid_sys_bank_set_color
                0x00009198       0x16 grid/grid_sys.o
                0x00009198                grid_sys_bank_set_color
 .text.grid_sys_get_bank_num
                0x000091ae        0x4 grid/grid_sys.o
                0x000091ae                grid_sys_get_bank_num
 .text.grid_sys_get_bank_valid
                0x000091b2        0x6 grid/grid_sys.o
                0x000091b2                grid_sys_get_bank_valid
 .text.grid_sys_get_bank_red
                0x000091b8        0x6 grid/grid_sys.o
                0x000091b8                grid_sys_get_bank_red
 .text.grid_sys_get_bank_gre
                0x000091be        0x6 grid/grid_sys.o
                0x000091be                grid_sys_get_bank_gre
 .text.grid_sys_get_bank_blu
                0x000091c4        0x6 grid/grid_sys.o
                0x000091c4                grid_sys_get_bank_blu
 .text.grid_sys_get_bank_next
                0x000091ca       0x24 grid/grid_sys.o
                0x000091ca                grid_sys_get_bank_next
 .text.grid_sys_get_bank_number_of_first_valid
                0x000091ee       0x1a grid/grid_sys.o
                0x000091ee                grid_sys_get_bank_number_of_first_valid
 .text.grid_sys_set_bank
                0x00009208       0x48 grid/grid_sys.o
                0x00009208                grid_sys_set_bank
 .text.grid_sys_rtc_get_time
                0x00009250        0x4 grid/grid_sys.o
                0x00009250                grid_sys_rtc_get_time
 .text.grid_sys_rtc_get_elapsed_time
                0x00009254        0x6 grid/grid_sys.o
                0x00009254                grid_sys_rtc_get_elapsed_time
 .text.grid_sys_rtc_tick_time
                0x0000925a       0x12 grid/grid_sys.o
                0x0000925a                grid_sys_rtc_tick_time
 .text.grid_sys_alert_read_color_changed_flag
                0x0000926c        0x4 grid/grid_sys.o
                0x0000926c                grid_sys_alert_read_color_changed_flag
 .text.grid_sys_alert_clear_color_changed_flag
                0x00009270        0x6 grid/grid_sys.o
                0x00009270                grid_sys_alert_clear_color_changed_flag
 .text.grid_sys_alert_get_color_intensity
                0x00009276       0x42 grid/grid_sys.o
                0x00009276                grid_sys_alert_get_color_intensity
 .text.grid_sys_alert_set_alert
                0x000092b8       0x1a grid/grid_sys.o
                0x000092b8                grid_sys_alert_set_alert
 .text.grid_sys_alert_get_color_r
                0x000092d2        0x4 grid/grid_sys.o
                0x000092d2                grid_sys_alert_get_color_r
 .text.grid_sys_alert_get_color_g
                0x000092d6        0x4 grid/grid_sys.o
                0x000092d6                grid_sys_alert_get_color_g
 .text.grid_sys_alert_get_color_b
                0x000092da        0x4 grid/grid_sys.o
                0x000092da                grid_sys_alert_get_color_b
 .text.grid_sys_read_hex_char_value
                0x000092de       0x28 grid/grid_sys.o
                0x000092de                grid_sys_read_hex_char_value
 *fill*         0x00009306        0x2 
 .text.grid_sys_read_hex_string_value
                0x00009308       0x30 grid/grid_sys.o
                0x00009308                grid_sys_read_hex_string_value
 .text.grid_sys_write_hex_string_value
                0x00009338       0x34 grid/grid_sys.o
                0x00009338                grid_sys_write_hex_string_value
 .text.grid_sys_get_id
                0x0000936c       0x2c grid/grid_sys.o
                0x0000936c                grid_sys_get_id
 .text.grid_sys_get_hwcfg
                0x00009398       0xe4 grid/grid_sys.o
                0x00009398                grid_sys_get_hwcfg
 .text.grid_msg_calculate_checksum_of_packet_string
                0x0000947c       0x1a grid/grid_sys.o
                0x0000947c                grid_msg_calculate_checksum_of_packet_string
 *fill*         0x00009496        0x2 
 .text.grid_msg_checksum_read
                0x00009498       0x1c grid/grid_sys.o
                0x00009498                grid_msg_checksum_read
 .text.grid_msg_checksum_write
                0x000094b4       0x10 grid/grid_sys.o
                0x000094b4                grid_msg_checksum_write
 .text.grid_msg_get_parameter
                0x000094c4       0x18 grid/grid_sys.o
                0x000094c4                grid_msg_get_parameter
 .text.grid_msg_set_parameter
                0x000094dc       0x14 grid/grid_sys.o
                0x000094dc                grid_msg_set_parameter
 .text.grid_msg_find_recent
                0x000094f0       0x1a grid/grid_sys.o
                0x000094f0                grid_msg_find_recent
 .text.grid_msg_push_recent
                0x0000950a       0x16 grid/grid_sys.o
                0x0000950a                grid_msg_push_recent
 .text.grid_ui_model_init
                0x00009520       0x34 grid/grid_ui.o
                0x00009520                grid_ui_model_init
 .text.grid_ui_bank_init
                0x00009554       0x40 grid/grid_ui.o
                0x00009554                grid_ui_bank_init
 .text.grid_ui_nvm_load_all_configuration
                0x00009594       0x10 grid/grid_ui.o
                0x00009594                grid_ui_nvm_load_all_configuration
 .text.grid_ui_nvm_clear_all_configuration
                0x000095a4       0x10 grid/grid_ui.o
                0x000095a4                grid_ui_nvm_clear_all_configuration
 .text.grid_ui_recall_event_configuration
                0x000095b4      0x238 grid/grid_ui.o
                0x000095b4                grid_ui_recall_event_configuration
 .text.grid_ui_nvm_store_event_configuration
                0x000097ec      0x1e4 grid/grid_ui.o
                0x000097ec                grid_ui_nvm_store_event_configuration
 .text.grid_ui_nvm_store_all_configuration
                0x000099d0      0x108 grid/grid_ui.o
                0x000099d0                grid_ui_nvm_store_all_configuration
 .text.grid_ui_nvm_load_event_configuration
                0x00009ad8       0x78 grid/grid_ui.o
                0x00009ad8                grid_ui_nvm_load_event_configuration
 .text.grid_ui_nvm_clear_event_configuration
                0x00009b50       0x28 grid/grid_ui.o
                0x00009b50                grid_ui_nvm_clear_event_configuration
 .text.grid_ui_event_find
                0x00009b78       0x2a grid/grid_ui.o
                0x00009b78                grid_ui_event_find
 .text.grid_ui_event_trigger
                0x00009ba2       0x14 grid/grid_ui.o
                0x00009ba2                grid_ui_event_trigger
 .text.grid_ui_event_render_action
                0x00009bb6       0x38 grid/grid_ui.o
                0x00009bb6                grid_ui_event_render_action
 *fill*         0x00009bee        0x2 
 .text.grid_port_process_ui
                0x00009bf0      0x478 grid/grid_ui.o
                0x00009bf0                grid_port_process_ui
 .text.grid_ui_event_template_action
                0x0000a068      0x1f4 grid/grid_ui.o
                0x0000a068                grid_ui_event_template_action
 .text.grid_ui_event_register_actionstring
                0x0000a25c      0x100 grid/grid_ui.o
                0x0000a25c                grid_ui_event_register_actionstring
 .text.grid_ui_event_generate_actionstring
                0x0000a35c       0xfc grid/grid_ui.o
                0x0000a35c                grid_ui_event_generate_actionstring
 .text.grid_ui_reinit
                0x0000a458       0x78 grid/grid_ui.o
                0x0000a458                grid_ui_reinit
 .text.grid_ui_smart_trigger
                0x0000a4d0       0x50 grid/grid_ui.o
                0x0000a4d0                grid_ui_smart_trigger
 .text.grid_ui_event_register_eventstring
                0x0000a520      0x164 grid/grid_ui.o
                0x0000a520                grid_ui_event_register_eventstring
 .text.grid_ui_event_generate_eventstring
                0x0000a684       0xec grid/grid_ui.o
                0x0000a684                grid_ui_event_generate_eventstring
 .text.grid_ui_event_init
                0x0000a770       0xb0 grid/grid_ui.o
                0x0000a770                grid_ui_event_init
 .text.grid_ui_element_init
                0x0000a820      0x108 grid/grid_ui.o
                0x0000a820                grid_ui_element_init
 .text.grid_usb_serial_bulkin_cb
                0x0000a928        0x4 grid/grid_usb.o
 .text.grid_usb_serial_statechange_cb
                0x0000a92c       0x28 grid/grid_usb.o
 .text.grid_usb_midi_bulkin_cb
                0x0000a954       0x28 grid/grid_usb.o
 .text.grid_usb_midi_bulkout_cb
                0x0000a97c       0x28 grid/grid_usb.o
 .text.grid_usb_serial_bulkout_cb
                0x0000a9a4        0x4 grid/grid_usb.o
 .text.grid_usb_serial_init
                0x0000a9a8       0x10 grid/grid_usb.o
                0x0000a9a8                grid_usb_serial_init
 .text.grid_keyboard_init
                0x0000a9b8       0x24 grid/grid_usb.o
                0x0000a9b8                grid_keyboard_init
 .text.grid_midi_buffer_init
                0x0000a9dc       0x26 grid/grid_usb.o
                0x0000a9dc                grid_midi_buffer_init
 *fill*         0x0000aa02        0x2 
 .text.grid_usb_midi_init
                0x0000aa04       0x48 grid/grid_usb.o
                0x0000aa04                grid_usb_midi_init
 .text.grid_midi_tx_push
                0x0000aa4c       0x28 grid/grid_usb.o
                0x0000aa4c                grid_midi_tx_push
 .text.grid_midi_tx_pop
                0x0000aa74       0x54 grid/grid_usb.o
                0x0000aa74                grid_midi_tx_pop
 .text.adc_async_window_threshold_reached
                0x0000aac8        0x8 hal/src/hal_adc_async.o
 .text.adc_async_error_occured
                0x0000aad0        0x8 hal/src/hal_adc_async.o
 .text.adc_async_channel_conversion_done
                0x0000aad8       0x68 hal/src/hal_adc_async.o
 .text.adc_async_init
                0x0000ab40       0x4c hal/src/hal_adc_async.o
                0x0000ab40                adc_async_init
 .text.adc_async_register_channel_buffer
                0x0000ab8c       0x6c hal/src/hal_adc_async.o
                0x0000ab8c                adc_async_register_channel_buffer
 .text.adc_async_enable_channel
                0x0000abf8       0x10 hal/src/hal_adc_async.o
                0x0000abf8                adc_async_enable_channel
 .text.adc_async_register_callback
                0x0000ac08       0x3c hal/src/hal_adc_async.o
                0x0000ac08                adc_async_register_callback
 .text.adc_async_read_channel
                0x0000ac44       0x74 hal/src/hal_adc_async.o
                0x0000ac44                adc_async_read_channel
 .text.adc_async_start_conversion
                0x0000acb8       0x10 hal/src/hal_adc_async.o
                0x0000acb8                adc_async_start_conversion
 .text.atomic_enter_critical
                0x0000acc8        0xe hal/src/hal_atomic.o
                0x0000acc8                atomic_enter_critical
 .text.atomic_leave_critical
                0x0000acd6        0xc hal/src/hal_atomic.o
                0x0000acd6                atomic_leave_critical
 *fill*         0x0000ace2        0x2 
 .text.crc_sync_init
                0x0000ace4        0x8 hal/src/hal_crc_sync.o
                0x0000ace4                crc_sync_init
 .text.delay_init
                0x0000acec       0x10 hal/src/hal_delay.o
                0x0000acec                delay_init
 .text.delay_us
                0x0000acfc       0x24 hal/src/hal_delay.o
                0x0000acfc                delay_us
 .text.delay_ms
                0x0000ad20       0x24 hal/src/hal_delay.o
                0x0000ad20                delay_ms
 .text.event_system_init
                0x0000ad44        0x8 hal/src/hal_evsys.o
                0x0000ad44                event_system_init
 .text.flash_ready
                0x0000ad4c        0x8 hal/src/hal_flash.o
 .text.flash_error
                0x0000ad54        0x8 hal/src/hal_flash.o
 .text.flash_init
                0x0000ad5c       0x20 hal/src/hal_flash.o
                0x0000ad5c                flash_init
 .text.flash_read
                0x0000ad7c       0x4c hal/src/hal_flash.o
                0x0000ad7c                flash_read
 .text.flash_write
                0x0000adc8       0x64 hal/src/hal_flash.o
                0x0000adc8                flash_write
 .text.flash_erase
                0x0000ae2c       0x60 hal/src/hal_flash.o
                0x0000ae2c                flash_erase
 .text.i2c_m_async_write
                0x0000ae8c       0x2c hal/src/hal_i2c_m_async.o
 .text.i2c_m_async_read
                0x0000aeb8       0x2c hal/src/hal_i2c_m_async.o
 .text.i2c_tx_complete
                0x0000aee4        0xe hal/src/hal_i2c_m_async.o
 .text.i2c_rx_complete
                0x0000aef2        0xe hal/src/hal_i2c_m_async.o
 .text.i2c_error
                0x0000af00        0xe hal/src/hal_i2c_m_async.o
 *fill*         0x0000af0e        0x2 
 .text.i2c_m_async_init
                0x0000af10       0x50 hal/src/hal_i2c_m_async.o
                0x0000af10                i2c_m_async_init
 .text.io_write
                0x0000af60        0x4 hal/src/hal_io.o
                0x0000af60                io_write
 .text.io_read  0x0000af64        0x4 hal/src/hal_io.o
                0x0000af64                io_read
 .text.qspi_dma_init
                0x0000af68        0x8 hal/src/hal_qspi_dma.o
                0x0000af68                qspi_dma_init
 .text._spi_m_async_io_write
                0x0000af70       0x20 hal/src/hal_spi_m_async.o
 .text._spi_m_async_io_read
                0x0000af90       0x34 hal/src/hal_spi_m_async.o
 .text._spi_dev_error
                0x0000afc4       0x40 hal/src/hal_spi_m_async.o
 .text._spi_dev_complete
                0x0000b004       0x2c hal/src/hal_spi_m_async.o
 .text._spi_dev_rx
                0x0000b030       0x7c hal/src/hal_spi_m_async.o
 .text._spi_dev_tx
                0x0000b0ac       0x48 hal/src/hal_spi_m_async.o
 .text.spi_m_async_init
                0x0000b0f4       0x64 hal/src/hal_spi_m_async.o
                0x0000b0f4                spi_m_async_init
 .text.spi_m_async_enable
                0x0000b158        0xc hal/src/hal_spi_m_async.o
                0x0000b158                spi_m_async_enable
 .text.spi_m_async_set_baudrate
                0x0000b164       0x18 hal/src/hal_spi_m_async.o
                0x0000b164                spi_m_async_set_baudrate
 .text.spi_m_async_set_mode
                0x0000b17c       0x18 hal/src/hal_spi_m_async.o
                0x0000b17c                spi_m_async_set_mode
 .text.spi_m_async_transfer
                0x0000b194       0x48 hal/src/hal_spi_m_async.o
                0x0000b194                spi_m_async_transfer
 .text.spi_m_async_register_callback
                0x0000b1dc       0x1c hal/src/hal_spi_m_async.o
                0x0000b1dc                spi_m_async_register_callback
 .text.spi_m_async_get_io_descriptor
                0x0000b1f8        0x8 hal/src/hal_spi_m_async.o
                0x0000b1f8                spi_m_async_get_io_descriptor
 .text._spi_m_dma_io_write
                0x0000b200       0x18 hal/src/hal_spi_m_dma.o
 .text._spi_m_dma_io_read
                0x0000b218       0x18 hal/src/hal_spi_m_dma.o
 .text.spi_m_dma_init
                0x0000b230       0x24 hal/src/hal_spi_m_dma.o
                0x0000b230                spi_m_dma_init
 .text.spi_m_dma_enable
                0x0000b254        0xc hal/src/hal_spi_m_dma.o
                0x0000b254                spi_m_dma_enable
 .text.spi_m_dma_register_callback
                0x0000b260        0xc hal/src/hal_spi_m_dma.o
                0x0000b260                spi_m_dma_register_callback
 .text.spi_m_dma_get_io_descriptor
                0x0000b26c        0x8 hal/src/hal_spi_m_dma.o
                0x0000b26c                spi_m_dma_get_io_descriptor
 .text.timer_add_timer_task
                0x0000b274       0x4c hal/src/hal_timer.o
 .text.timer_process_counted
                0x0000b2c0       0x6c hal/src/hal_timer.o
 .text.timer_init
                0x0000b32c       0x1c hal/src/hal_timer.o
                0x0000b32c                timer_init
 .text.timer_start
                0x0000b348       0x24 hal/src/hal_timer.o
                0x0000b348                timer_start
 .text.timer_add_task
                0x0000b36c       0x78 hal/src/hal_timer.o
                0x0000b36c                timer_add_task
 .text.usart_transmission_complete
                0x0000b3e4       0x10 hal/src/hal_usart_async.o
 .text.usart_error
                0x0000b3f4       0x10 hal/src/hal_usart_async.o
 .text.usart_fill_rx_buffer
                0x0000b404       0x20 hal/src/hal_usart_async.o
 .text.usart_async_write
                0x0000b424       0x34 hal/src/hal_usart_async.o
 .text.usart_process_byte_sent
                0x0000b458       0x34 hal/src/hal_usart_async.o
 .text.usart_async_read
                0x0000b48c       0x54 hal/src/hal_usart_async.o
 .text.usart_async_init
                0x0000b4e0       0x60 hal/src/hal_usart_async.o
                0x0000b4e0                usart_async_init
 .text.usart_async_enable
                0x0000b540       0x10 hal/src/hal_usart_async.o
                0x0000b540                usart_async_enable
 .text.usart_async_disable
                0x0000b550       0x10 hal/src/hal_usart_async.o
                0x0000b550                usart_async_disable
 .text.usart_async_get_io_descriptor
                0x0000b560        0x6 hal/src/hal_usart_async.o
                0x0000b560                usart_async_get_io_descriptor
 *fill*         0x0000b566        0x2 
 .text.usart_async_register_callback
                0x0000b568       0x44 hal/src/hal_usart_async.o
                0x0000b568                usart_async_register_callback
 .text.usart_async_set_parity
                0x0000b5ac       0x10 hal/src/hal_usart_async.o
                0x0000b5ac                usart_async_set_parity
 .text.usart_sync_write
                0x0000b5bc       0x50 hal/src/hal_usart_sync.o
 .text.usart_sync_read
                0x0000b60c       0x38 hal/src/hal_usart_sync.o
 .text.usart_sync_init
                0x0000b644       0x24 hal/src/hal_usart_sync.o
                0x0000b644                usart_sync_init
 .text.usart_sync_enable
                0x0000b668       0x10 hal/src/hal_usart_sync.o
                0x0000b668                usart_sync_enable
 .text._usb_d_find_ep
                0x0000b678       0x30 hal/src/hal_usb_device.o
 .text.usb_d_dummy_cb_false
                0x0000b6a8        0x4 hal/src/hal_usb_device.o
 .text.usb_d_cb_trans_more
                0x0000b6ac       0x30 hal/src/hal_usb_device.o
 .text._usb_d_cb_trans_done
                0x0000b6dc      0x108 hal/src/hal_usb_device.o
 .text.usb_d_cb_trans_setup
                0x0000b7e4       0x8c hal/src/hal_usb_device.o
 .text.usb_d_init
                0x0000b870       0x68 hal/src/hal_usb_device.o
                0x0000b870                usb_d_init
 .text.usb_d_register_callback
                0x0000b8d8        0x8 hal/src/hal_usb_device.o
                0x0000b8d8                usb_d_register_callback
 .text.usb_d_enable
                0x0000b8e0        0x8 hal/src/hal_usb_device.o
                0x0000b8e0                usb_d_enable
 .text.usb_d_attach
                0x0000b8e8        0x8 hal/src/hal_usb_device.o
                0x0000b8e8                usb_d_attach
 .text.usb_d_get_frame_num
                0x0000b8f0        0x8 hal/src/hal_usb_device.o
                0x0000b8f0                usb_d_get_frame_num
 .text.usb_d_set_address
                0x0000b8f8        0x8 hal/src/hal_usb_device.o
                0x0000b8f8                usb_d_set_address
 .text.usb_d_ep_init
                0x0000b900       0x50 hal/src/hal_usb_device.o
                0x0000b900                usb_d_ep_init
 .text.usb_d_ep0_init
                0x0000b950       0x10 hal/src/hal_usb_device.o
                0x0000b950                usb_d_ep0_init
 .text.usb_d_ep_deinit
                0x0000b960       0x2c hal/src/hal_usb_device.o
                0x0000b960                usb_d_ep_deinit
 .text.usb_d_ep_enable
                0x0000b98c       0x40 hal/src/hal_usb_device.o
                0x0000b98c                usb_d_ep_enable
 .text.usb_d_ep_transfer
                0x0000b9cc       0xf8 hal/src/hal_usb_device.o
                0x0000b9cc                usb_d_ep_transfer
 .text.usb_d_ep_get_status
                0x0000bac4       0x70 hal/src/hal_usb_device.o
                0x0000bac4                usb_d_ep_get_status
 .text.usb_d_ep_halt
                0x0000bb34       0x64 hal/src/hal_usb_device.o
                0x0000bb34                usb_d_ep_halt
 .text.usb_d_ep_register_callback
                0x0000bb98       0x4c hal/src/hal_usb_device.o
                0x0000bb98                usb_d_ep_register_callback
 .text.is_list_element
                0x0000bbe4        0xe hal/utils/src/utils_list.o
                0x0000bbe4                is_list_element
 .text.list_insert_as_head
                0x0000bbf2        0x8 hal/utils/src/utils_list.o
                0x0000bbf2                list_insert_as_head
 .text.list_insert_after
                0x0000bbfa        0x8 hal/utils/src/utils_list.o
                0x0000bbfa                list_insert_after
 .text.list_insert_at_end
                0x0000bc02       0x18 hal/utils/src/utils_list.o
                0x0000bc02                list_insert_at_end
 .text.list_remove_head
                0x0000bc1a        0xc hal/utils/src/utils_list.o
                0x0000bc1a                list_remove_head
 .text.ringbuffer_init
                0x0000bc26       0x18 hal/utils/src/utils_ringbuffer.o
                0x0000bc26                ringbuffer_init
 .text.ringbuffer_get
                0x0000bc3e       0x22 hal/utils/src/utils_ringbuffer.o
                0x0000bc3e                ringbuffer_get
 .text.ringbuffer_put
                0x0000bc60       0x26 hal/utils/src/utils_ringbuffer.o
                0x0000bc60                ringbuffer_put
 .text.ringbuffer_num
                0x0000bc86        0x8 hal/utils/src/utils_ringbuffer.o
                0x0000bc86                ringbuffer_num
 *fill*         0x0000bc8e        0x2 
 .text._sbrk    0x0000bc90       0x1c hal/utils/src/utils_syscalls.o
                0x0000bc90                _sbrk
 .text._close   0x0000bcac        0x6 hal/utils/src/utils_syscalls.o
                0x0000bcac                _close
 .text._fstat   0x0000bcb2        0xa hal/utils/src/utils_syscalls.o
                0x0000bcb2                _fstat
 .text._isatty  0x0000bcbc        0x4 hal/utils/src/utils_syscalls.o
                0x0000bcbc                _isatty
 .text._lseek   0x0000bcc0        0x4 hal/utils/src/utils_syscalls.o
                0x0000bcc0                _lseek
 .text.__NVIC_DisableIRQ
                0x0000bcc4       0x28 hpl/adc/hpl_adc.o
 .text.__NVIC_ClearPendingIRQ
                0x0000bcec       0x20 hpl/adc/hpl_adc.o
 .text.hri_adc_wait_for_sync
                0x0000bd0c        0x8 hpl/adc/hpl_adc.o
 .text.hri_adc_set_CTRLA_ENABLE_bit
                0x0000bd14       0x14 hpl/adc/hpl_adc.o
 .text.hri_adc_clear_CTRLA_ENABLE_bit
                0x0000bd28       0x18 hpl/adc/hpl_adc.o
 .text._adc_get_regs
                0x0000bd40       0x14 hpl/adc/hpl_adc.o
 .text._adc_interrupt_handler
                0x0000bd54       0x4e hpl/adc/hpl_adc.o
 .text._adc_get_irq_num.isra.0
                0x0000bda2       0x14 hpl/adc/hpl_adc.o
 *fill*         0x0000bdb6        0x2 
 .text._adc_init
                0x0000bdb8       0xc8 hpl/adc/hpl_adc.o
 .text._adc_async_init
                0x0000be80       0xb4 hpl/adc/hpl_adc.o
                0x0000be80                _adc_async_init
 .text._adc_async_enable_channel
                0x0000bf34        0xc hpl/adc/hpl_adc.o
                0x0000bf34                _adc_async_enable_channel
 .text._adc_async_get_data_size
                0x0000bf40       0x12 hpl/adc/hpl_adc.o
                0x0000bf40                _adc_async_get_data_size
 *fill*         0x0000bf52        0x2 
 .text._adc_async_convert
                0x0000bf54       0x18 hpl/adc/hpl_adc.o
                0x0000bf54                _adc_async_convert
 .text._adc_async_set_irq_state
                0x0000bf6c       0x20 hpl/adc/hpl_adc.o
                0x0000bf6c                _adc_async_set_irq_state
 .text.ADC0_1_Handler
                0x0000bf8c       0x10 hpl/adc/hpl_adc.o
                0x0000bf8c                ADC0_1_Handler
 .text.ADC0_0_Handler
                0x0000bf9c        0x8 hpl/adc/hpl_adc.o
                0x0000bf9c                ADC0_0_Handler
 .text.ADC1_1_Handler
                0x0000bfa4       0x10 hpl/adc/hpl_adc.o
                0x0000bfa4                ADC1_1_Handler
 .text.ADC1_0_Handler
                0x0000bfb4        0x8 hpl/adc/hpl_adc.o
                0x0000bfb4                ADC1_0_Handler
 .text._irq_set
                0x0000bfbc       0x1c hpl/core/hpl_core_m4.o
                0x0000bfbc                _irq_set
 .text._get_cycles_for_us
                0x0000bfd8        0x6 hpl/core/hpl_core_m4.o
                0x0000bfd8                _get_cycles_for_us
 *fill*         0x0000bfde        0x2 
 .text._get_cycles_for_ms
                0x0000bfe0        0xc hpl/core/hpl_core_m4.o
                0x0000bfe0                _get_cycles_for_ms
 .text._init_chip
                0x0000bfec       0x5c hpl/core/hpl_init.o
                0x0000bfec                _init_chip
 .text._dmac_handler
                0x0000c048       0x50 hpl/dmac/hpl_dmac.o
 .text._dma_init
                0x0000c098       0xd0 hpl/dmac/hpl_dmac.o
                0x0000c098                _dma_init
 .text._dma_set_irq_state
                0x0000c168       0x28 hpl/dmac/hpl_dmac.o
                0x0000c168                _dma_set_irq_state
 .text._dma_set_destination_address
                0x0000c190       0x10 hpl/dmac/hpl_dmac.o
                0x0000c190                _dma_set_destination_address
 .text._dma_set_source_address
                0x0000c1a0       0x10 hpl/dmac/hpl_dmac.o
                0x0000c1a0                _dma_set_source_address
 .text._dma_srcinc_enable
                0x0000c1b0       0x1c hpl/dmac/hpl_dmac.o
                0x0000c1b0                _dma_srcinc_enable
 .text._dma_set_data_amount
                0x0000c1cc       0x44 hpl/dmac/hpl_dmac.o
                0x0000c1cc                _dma_set_data_amount
 .text._dma_enable_transaction
                0x0000c210       0x3c hpl/dmac/hpl_dmac.o
                0x0000c210                _dma_enable_transaction
 .text._dma_get_channel_resource
                0x0000c24c       0x14 hpl/dmac/hpl_dmac.o
                0x0000c24c                _dma_get_channel_resource
 .text.DMAC_0_Handler
                0x0000c260        0x8 hpl/dmac/hpl_dmac.o
                0x0000c260                DMAC_0_Handler
 .text.DMAC_1_Handler
                0x0000c268        0x8 hpl/dmac/hpl_dmac.o
                0x0000c268                DMAC_1_Handler
 .text.DMAC_2_Handler
                0x0000c270        0x8 hpl/dmac/hpl_dmac.o
                0x0000c270                DMAC_2_Handler
 .text.DMAC_3_Handler
                0x0000c278        0x8 hpl/dmac/hpl_dmac.o
                0x0000c278                DMAC_3_Handler
 .text.DMAC_4_Handler
                0x0000c280        0x8 hpl/dmac/hpl_dmac.o
                0x0000c280                DMAC_4_Handler
 .text._crc_sync_init
                0x0000c288        0x6 hpl/dsu/hpl_dsu.o
                0x0000c288                _crc_sync_init
 *fill*         0x0000c28e        0x2 
 .text._event_system_init
                0x0000c290       0x58 hpl/evsys/hpl_evsys.o
                0x0000c290                _event_system_init
 .text.hri_gclk_wait_for_sync.constprop.0
                0x0000c2e8       0x14 hpl/gclk/hpl_gclk.o
 .text._gclk_init_generators_by_fref
                0x0000c2fc       0x58 hpl/gclk/hpl_gclk.o
                0x0000c2fc                _gclk_init_generators_by_fref
 .text._mclk_init
                0x0000c354        0xc hpl/mclk/hpl_mclk.o
                0x0000c354                _mclk_init
 .text._flash_program
                0x0000c360       0x3c hpl/nvmctrl/hpl_nvmctrl.o
 .text._user_row_write_exec
                0x0000c39c       0x88 hpl/nvmctrl/hpl_nvmctrl.o
 .text._flash_init
                0x0000c424       0x4c hpl/nvmctrl/hpl_nvmctrl.o
                0x0000c424                _flash_init
 .text._flash_get_page_size
                0x0000c470        0x6 hpl/nvmctrl/hpl_nvmctrl.o
                0x0000c470                _flash_get_page_size
 .text._flash_get_total_pages
                0x0000c476        0x8 hpl/nvmctrl/hpl_nvmctrl.o
                0x0000c476                _flash_get_total_pages
 .text._flash_read
                0x0000c47e       0x1e hpl/nvmctrl/hpl_nvmctrl.o
                0x0000c47e                _flash_read
 .text._flash_write
                0x0000c49c       0xd0 hpl/nvmctrl/hpl_nvmctrl.o
                0x0000c49c                _flash_write
 .text._flash_erase
                0x0000c56c       0xa8 hpl/nvmctrl/hpl_nvmctrl.o
                0x0000c56c                _flash_erase
 .text._flash_is_locked
                0x0000c614       0x18 hpl/nvmctrl/hpl_nvmctrl.o
                0x0000c614                _flash_is_locked
 .text.NVMCTRL_1_Handler
                0x0000c62c       0x2c hpl/nvmctrl/hpl_nvmctrl.o
                0x0000c62c                NVMCTRL_1_Handler
 .text.NVMCTRL_0_Handler
                0x0000c658        0x8 hpl/nvmctrl/hpl_nvmctrl.o
                0x0000c658                NVMCTRL_0_Handler
 .text._user_area_read
                0x0000c660       0x60 hpl/nvmctrl/hpl_nvmctrl.o
                0x0000c660                _user_area_read
 .text._user_area_write
                0x0000c6c0       0x78 hpl/nvmctrl/hpl_nvmctrl.o
                0x0000c6c0                _user_area_write
 .text._osc32kctrl_init_sources
                0x0000c738       0x14 hpl/osc32kctrl/hpl_osc32kctrl.o
                0x0000c738                _osc32kctrl_init_sources
 .text._oscctrl_init_sources
                0x0000c74c        0x2 hpl/oscctrl/hpl_oscctrl.o
                0x0000c74c                _oscctrl_init_sources
 *fill*         0x0000c74e        0x2 
 .text._oscctrl_init_referenced_generators
                0x0000c750       0xfc hpl/oscctrl/hpl_oscctrl.o
                0x0000c750                _oscctrl_init_referenced_generators
 .text._qspi_dma_tx_complete
                0x0000c84c       0x14 hpl/qspi/hpl_qspi.o
 .text._qspi_dma_rx_complete
                0x0000c860        0x8 hpl/qspi/hpl_qspi.o
 .text._qspi_dma_error_occured
                0x0000c868        0xa hpl/qspi/hpl_qspi.o
 *fill*         0x0000c872        0x2 
 .text._qspi_dma_init
                0x0000c874       0x58 hpl/qspi/hpl_qspi.o
                0x0000c874                _qspi_dma_init
 .text.RAMECC_Handler
                0x0000c8cc       0x3c hpl/ramecc/hpl_ramecc.o
                0x0000c8cc                RAMECC_Handler
 .text.hri_rtcmode0_wait_for_sync
                0x0000c908        0x8 hpl/rtc/hpl_rtc.o
 .text._rtc_timer_stop
                0x0000c910       0x1c hpl/rtc/hpl_rtc.o
                0x0000c910                _rtc_timer_stop
 .text._rtc_timer_set_period
                0x0000c92c       0x10 hpl/rtc/hpl_rtc.o
                0x0000c92c                _rtc_timer_set_period
 .text._rtc_timer_get_period
                0x0000c93c       0x14 hpl/rtc/hpl_rtc.o
                0x0000c93c                _rtc_timer_get_period
 .text._rtc_timer_is_started
                0x0000c950       0x1c hpl/rtc/hpl_rtc.o
                0x0000c950                _rtc_timer_is_started
 .text._rtc_timer_set_irq
                0x0000c96c        0x2 hpl/rtc/hpl_rtc.o
                0x0000c96c                _rtc_timer_set_irq
 *fill*         0x0000c96e        0x2 
 .text._rtc_timer_start
                0x0000c970       0x3c hpl/rtc/hpl_rtc.o
                0x0000c970                _rtc_timer_start
 .text._rtc_timer_deinit
                0x0000c9ac       0x28 hpl/rtc/hpl_rtc.o
                0x0000c9ac                _rtc_timer_deinit
 .text._rtc_timer_init
                0x0000c9d4       0x48 hpl/rtc/hpl_rtc.o
                0x0000c9d4                _rtc_timer_init
 .text._rtc_get_timer
                0x0000ca1c        0x8 hpl/rtc/hpl_rtc.o
                0x0000ca1c                _rtc_get_timer
 .text.RTC_Handler
                0x0000ca24       0x24 hpl/rtc/hpl_rtc.o
                0x0000ca24                RTC_Handler
 .text.__NVIC_EnableIRQ
                0x0000ca48       0x1c hpl/sercom/hpl_sercom.o
 .text.__NVIC_DisableIRQ
                0x0000ca64       0x28 hpl/sercom/hpl_sercom.o
 .text.__NVIC_ClearPendingIRQ
                0x0000ca8c       0x20 hpl/sercom/hpl_sercom.o
 .text.hri_sercomi2cm_wait_for_sync
                0x0000caac        0x8 hpl/sercom/hpl_sercom.o
 .text.hri_sercomspi_wait_for_sync
                0x0000cab4        0x8 hpl/sercom/hpl_sercom.o
 .text.hri_sercomusart_wait_for_sync
                0x0000cabc        0x8 hpl/sercom/hpl_sercom.o
 .text.hri_sercomi2cm_clear_CTRLA_ENABLE_bit
                0x0000cac4       0x14 hpl/sercom/hpl_sercom.o
 .text.hri_sercomspi_clear_CTRLA_ENABLE_bit
                0x0000cad8       0x14 hpl/sercom/hpl_sercom.o
 .text.hri_sercomusart_get_CTRLA_ENABLE_bit
                0x0000caec       0x14 hpl/sercom/hpl_sercom.o
 .text.hri_sercomusart_write_CTRLA_ENABLE_bit
                0x0000cb00       0x18 hpl/sercom/hpl_sercom.o
 .text.hri_sercomusart_clear_CTRLA_ENABLE_bit
                0x0000cb18       0x14 hpl/sercom/hpl_sercom.o
 .text._sercom_get_hardware_index
                0x0000cb2c       0x34 hpl/sercom/hpl_sercom.o
 .text._sercom_usart_interrupt_handler
                0x0000cb60       0x70 hpl/sercom/hpl_sercom.o
 .text._sercom_init_irq_param
                0x0000cbd0       0x60 hpl/sercom/hpl_sercom.o
 .text._get_i2cm_index
                0x0000cc30       0x14 hpl/sercom/hpl_sercom.o
 .text._sercom_get_irq_num
                0x0000cc44       0x14 hpl/sercom/hpl_sercom.o
 .text._spi_sync_enable
                0x0000cc58       0x28 hpl/sercom/hpl_sercom.o
 .text._spi_get_regs
                0x0000cc80       0x2c hpl/sercom/hpl_sercom.o
 .text._spi_get_tx_dma_channel
                0x0000ccac       0x14 hpl/sercom/hpl_sercom.o
 .text._spi_get_rx_dma_channel
                0x0000ccc0       0x14 hpl/sercom/hpl_sercom.o
 .text._spi_dma_rx_complete
                0x0000ccd4        0xa hpl/sercom/hpl_sercom.o
 .text._spi_dma_tx_complete
                0x0000ccde        0xa hpl/sercom/hpl_sercom.o
 .text._spi_dma_error_occured
                0x0000cce8        0xa hpl/sercom/hpl_sercom.o
 *fill*         0x0000ccf2        0x2 
 .text._usart_set_parity
                0x0000ccf4       0x78 hpl/sercom/hpl_sercom.o
 .text._sercom_i2c_send_stop
                0x0000cd6c       0x14 hpl/sercom/hpl_sercom.o
 .text._sercom_i2c_sync_analyse_flags
                0x0000cd80      0x16c hpl/sercom/hpl_sercom.o
 .text._spi_load_regs_master
                0x0000ceec       0x3c hpl/sercom/hpl_sercom.o
 .text._spi_set_mode
                0x0000cf28       0x34 hpl/sercom/hpl_sercom.o
 .text._i2c_m_sync_init_impl
                0x0000cf5c       0xb0 hpl/sercom/hpl_sercom.o
 .text._usart_init
                0x0000d00c       0xdc hpl/sercom/hpl_sercom.o
 .text._usart_sync_init
                0x0000d0e8        0xc hpl/sercom/hpl_sercom.o
                0x0000d0e8                _usart_sync_init
 .text._usart_async_init
                0x0000d0f4       0x64 hpl/sercom/hpl_sercom.o
                0x0000d0f4                _usart_async_init
 .text._usart_sync_enable
                0x0000d158       0x14 hpl/sercom/hpl_sercom.o
                0x0000d158                _usart_sync_enable
 .text._usart_async_enable
                0x0000d16c       0x14 hpl/sercom/hpl_sercom.o
                0x0000d16c                _usart_async_enable
 .text._usart_async_disable
                0x0000d180        0xc hpl/sercom/hpl_sercom.o
                0x0000d180                _usart_async_disable
 .text._usart_async_set_parity
                0x0000d18c        0xc hpl/sercom/hpl_sercom.o
                0x0000d18c                _usart_async_set_parity
 .text._usart_sync_write_byte
                0x0000d198        0x6 hpl/sercom/hpl_sercom.o
                0x0000d198                _usart_sync_write_byte
 .text._usart_async_write_byte
                0x0000d19e        0x6 hpl/sercom/hpl_sercom.o
                0x0000d19e                _usart_async_write_byte
 .text._usart_sync_read_byte
                0x0000d1a4        0x8 hpl/sercom/hpl_sercom.o
                0x0000d1a4                _usart_sync_read_byte
 .text._usart_sync_is_ready_to_send
                0x0000d1ac        0xa hpl/sercom/hpl_sercom.o
                0x0000d1ac                _usart_sync_is_ready_to_send
 .text._usart_sync_is_transmit_done
                0x0000d1b6        0xa hpl/sercom/hpl_sercom.o
                0x0000d1b6                _usart_sync_is_transmit_done
 .text._usart_sync_is_byte_received
                0x0000d1c0        0xa hpl/sercom/hpl_sercom.o
                0x0000d1c0                _usart_sync_is_byte_received
 .text._usart_async_enable_byte_sent_irq
                0x0000d1ca        0x8 hpl/sercom/hpl_sercom.o
                0x0000d1ca                _usart_async_enable_byte_sent_irq
 .text._usart_async_enable_tx_done_irq
                0x0000d1d2        0x8 hpl/sercom/hpl_sercom.o
                0x0000d1d2                _usart_async_enable_tx_done_irq
 .text._usart_async_set_irq_state
                0x0000d1da       0x32 hpl/sercom/hpl_sercom.o
                0x0000d1da                _usart_async_set_irq_state
 .text._i2c_m_async_init
                0x0000d20c       0x64 hpl/sercom/hpl_sercom.o
                0x0000d20c                _i2c_m_async_init
 .text._i2c_m_async_transfer
                0x0000d270       0xc0 hpl/sercom/hpl_sercom.o
                0x0000d270                _i2c_m_async_transfer
 .text._i2c_m_async_register_callback
                0x0000d330       0x1a hpl/sercom/hpl_sercom.o
                0x0000d330                _i2c_m_async_register_callback
 *fill*         0x0000d34a        0x2 
 .text.SERCOM0_3_Handler
                0x0000d34c       0x10 hpl/sercom/hpl_sercom.o
                0x0000d34c                SERCOM0_3_Handler
 .text.SERCOM0_2_Handler
                0x0000d35c        0x8 hpl/sercom/hpl_sercom.o
                0x0000d35c                SERCOM0_2_Handler
 .text.SERCOM0_1_Handler
                0x0000d364        0x8 hpl/sercom/hpl_sercom.o
                0x0000d364                SERCOM0_1_Handler
 .text.SERCOM0_0_Handler
                0x0000d36c        0x8 hpl/sercom/hpl_sercom.o
                0x0000d36c                SERCOM0_0_Handler
 .text.SERCOM1_3_Handler
                0x0000d374       0x10 hpl/sercom/hpl_sercom.o
                0x0000d374                SERCOM1_3_Handler
 .text.SERCOM1_2_Handler
                0x0000d384        0x8 hpl/sercom/hpl_sercom.o
                0x0000d384                SERCOM1_2_Handler
 .text.SERCOM1_1_Handler
                0x0000d38c        0x8 hpl/sercom/hpl_sercom.o
                0x0000d38c                SERCOM1_1_Handler
 .text.SERCOM1_0_Handler
                0x0000d394        0x8 hpl/sercom/hpl_sercom.o
                0x0000d394                SERCOM1_0_Handler
 .text.SERCOM3_3_Handler
                0x0000d39c       0x44 hpl/sercom/hpl_sercom.o
                0x0000d39c                SERCOM3_3_Handler
 .text.SERCOM3_2_Handler
                0x0000d3e0        0x8 hpl/sercom/hpl_sercom.o
                0x0000d3e0                SERCOM3_2_Handler
 .text.SERCOM3_1_Handler
                0x0000d3e8        0x8 hpl/sercom/hpl_sercom.o
                0x0000d3e8                SERCOM3_1_Handler
 .text.SERCOM3_0_Handler
                0x0000d3f0        0x8 hpl/sercom/hpl_sercom.o
                0x0000d3f0                SERCOM3_0_Handler
 .text.SERCOM4_3_Handler
                0x0000d3f8       0x10 hpl/sercom/hpl_sercom.o
                0x0000d3f8                SERCOM4_3_Handler
 .text.SERCOM4_2_Handler
                0x0000d408        0x8 hpl/sercom/hpl_sercom.o
                0x0000d408                SERCOM4_2_Handler
 .text.SERCOM4_1_Handler
                0x0000d410        0x8 hpl/sercom/hpl_sercom.o
                0x0000d410                SERCOM4_1_Handler
 .text.SERCOM4_0_Handler
                0x0000d418        0x8 hpl/sercom/hpl_sercom.o
                0x0000d418                SERCOM4_0_Handler
 .text.SERCOM5_3_Handler
                0x0000d420       0x64 hpl/sercom/hpl_sercom.o
                0x0000d420                SERCOM5_3_Handler
 .text.SERCOM5_2_Handler
                0x0000d484        0x8 hpl/sercom/hpl_sercom.o
                0x0000d484                SERCOM5_2_Handler
 .text.SERCOM5_1_Handler
                0x0000d48c        0x8 hpl/sercom/hpl_sercom.o
                0x0000d48c                SERCOM5_1_Handler
 .text.SERCOM5_0_Handler
                0x0000d494        0x8 hpl/sercom/hpl_sercom.o
                0x0000d494                SERCOM5_0_Handler
 .text.SERCOM6_3_Handler
                0x0000d49c       0x10 hpl/sercom/hpl_sercom.o
                0x0000d49c                SERCOM6_3_Handler
 .text.SERCOM6_2_Handler
                0x0000d4ac        0x8 hpl/sercom/hpl_sercom.o
                0x0000d4ac                SERCOM6_2_Handler
 .text.SERCOM6_1_Handler
                0x0000d4b4        0x8 hpl/sercom/hpl_sercom.o
                0x0000d4b4                SERCOM6_1_Handler
 .text.SERCOM6_0_Handler
                0x0000d4bc        0x8 hpl/sercom/hpl_sercom.o
                0x0000d4bc                SERCOM6_0_Handler
 .text._spi_m_sync_init
                0x0000d4c4       0xd0 hpl/sercom/hpl_sercom.o
                0x0000d4c4                _spi_m_sync_init
 .text._spi_m_async_init
                0x0000d594       0x58 hpl/sercom/hpl_sercom.o
                0x0000d594                _spi_m_async_init
 .text._spi_s_async_enable
                0x0000d5ec       0x34 hpl/sercom/hpl_sercom.o
                0x0000d5ec                _spi_s_async_enable
 .text._spi_m_async_enable
                0x0000d620        0x8 hpl/sercom/hpl_sercom.o
                0x0000d620                _spi_m_async_enable
 .text._spi_s_async_set_mode
                0x0000d628        0xc hpl/sercom/hpl_sercom.o
                0x0000d628                _spi_s_async_set_mode
 .text._spi_m_async_set_mode
                0x0000d634        0x8 hpl/sercom/hpl_sercom.o
                0x0000d634                _spi_m_async_set_mode
 .text._spi_m_async_set_baudrate
                0x0000d63c       0x14 hpl/sercom/hpl_sercom.o
                0x0000d63c                _spi_m_async_set_baudrate
 .text._spi_m_async_enable_tx
                0x0000d650       0x10 hpl/sercom/hpl_sercom.o
                0x0000d650                _spi_m_async_enable_tx
 .text._spi_m_async_enable_rx
                0x0000d660       0x10 hpl/sercom/hpl_sercom.o
                0x0000d660                _spi_m_async_enable_rx
 .text._spi_m_async_enable_tx_complete
                0x0000d670       0x10 hpl/sercom/hpl_sercom.o
                0x0000d670                _spi_m_async_enable_tx_complete
 .text._spi_m_async_write_one
                0x0000d680        0x8 hpl/sercom/hpl_sercom.o
                0x0000d680                _spi_m_async_write_one
 .text._spi_m_async_read_one
                0x0000d688        0x8 hpl/sercom/hpl_sercom.o
                0x0000d688                _spi_m_async_read_one
 .text._spi_m_async_register_callback
                0x0000d690        0xa hpl/sercom/hpl_sercom.o
                0x0000d690                _spi_m_async_register_callback
 .text._spi_m_async_set_irq_state
                0x0000d69a       0x12 hpl/sercom/hpl_sercom.o
                0x0000d69a                _spi_m_async_set_irq_state
 .text._spi_m_dma_init
                0x0000d6ac       0xc4 hpl/sercom/hpl_sercom.o
                0x0000d6ac                _spi_m_dma_init
 .text._spi_m_dma_enable
                0x0000d770        0xc hpl/sercom/hpl_sercom.o
                0x0000d770                _spi_m_dma_enable
 .text._spi_m_dma_register_callback
                0x0000d77c       0x64 hpl/sercom/hpl_sercom.o
                0x0000d77c                _spi_m_dma_register_callback
 .text._spi_m_dma_transfer
                0x0000d7e0       0xf8 hpl/sercom/hpl_sercom.o
                0x0000d7e0                _spi_m_dma_transfer
 .text._delay_init
                0x0000d8d8       0x14 hpl/systick/hpl_systick.o
                0x0000d8d8                _delay_init
 .text._delay_cycles
                0x0000d8ec       0x38 hpl/systick/hpl_systick.o
                0x0000d8ec                _delay_cycles
 .text.__NVIC_DisableIRQ
                0x0000d924       0x28 hpl/tc/hpl_tc.o
 .text.hri_tc_wait_for_sync
                0x0000d94c        0x8 hpl/tc/hpl_tc.o
 .text._tc_timer_start
                0x0000d954       0x14 hpl/tc/hpl_tc.o
                0x0000d954                _tc_timer_start
 .text._tc_timer_get_period
                0x0000d968       0x50 hpl/tc/hpl_tc.o
                0x0000d968                _tc_timer_get_period
 .text._tc_timer_is_started
                0x0000d9b8       0x18 hpl/tc/hpl_tc.o
                0x0000d9b8                _tc_timer_is_started
 .text.tc_interrupt_handler
                0x0000d9d0       0x12 hpl/tc/hpl_tc.o
 *fill*         0x0000d9e2        0x2 
 .text.get_tc_index
                0x0000d9e4       0x50 hpl/tc/hpl_tc.o
 .text._tc_timer_set_irq
                0x0000da34       0x28 hpl/tc/hpl_tc.o
                0x0000da34                _tc_timer_set_irq
 .text._tc_timer_stop
                0x0000da5c       0x14 hpl/tc/hpl_tc.o
                0x0000da5c                _tc_timer_stop
 .text._tc_timer_deinit
                0x0000da70       0x4c hpl/tc/hpl_tc.o
                0x0000da70                _tc_timer_deinit
 .text._tc_timer_init
                0x0000dabc      0x150 hpl/tc/hpl_tc.o
                0x0000dabc                _tc_timer_init
 .text._tc_timer_set_period
                0x0000dc0c       0x3c hpl/tc/hpl_tc.o
                0x0000dc0c                _tc_timer_set_period
 .text._tc_get_timer
                0x0000dc48        0x8 hpl/tc/hpl_tc.o
                0x0000dc48                _tc_get_timer
 .text.TC0_Handler
                0x0000dc50       0x10 hpl/tc/hpl_tc.o
                0x0000dc50                TC0_Handler
 .text.TC1_Handler
                0x0000dc60       0x10 hpl/tc/hpl_tc.o
                0x0000dc60                TC1_Handler
 .text.TC2_Handler
                0x0000dc70       0x10 hpl/tc/hpl_tc.o
                0x0000dc70                TC2_Handler
 .text.TC3_Handler
                0x0000dc80       0x10 hpl/tc/hpl_tc.o
                0x0000dc80                TC3_Handler
 .text._dummy_func_no_return
                0x0000dc90        0x4 hpl/usb/hpl_usb.o
 .text._usb_d_dev_wait_dfll_rdy
                0x0000dc94       0x24 hpl/usb/hpl_usb.o
 .text._usb_d_dev_ept
                0x0000dcb8       0x18 hpl/usb/hpl_usb.o
 .text._usb_d_dev_handle_setup
                0x0000dcd0       0x84 hpl/usb/hpl_usb.o
 .text._usb_d_dev_handle_stall
                0x0000dd54       0x28 hpl/usb/hpl_usb.o
 .text._usb_d_dev_trans_done
                0x0000dd7c       0x24 hpl/usb/hpl_usb.o
 .text._usb_d_dev_trans_stop
                0x0000dda0       0x64 hpl/usb/hpl_usb.o
 .text._usb_d_dev_handle_trfail
                0x0000de04       0xec hpl/usb/hpl_usb.o
 .text._usb_d_dev_reset_epts
                0x0000def0       0x3c hpl/usb/hpl_usb.o
 .text._usb_d_dev_in_next
                0x0000df2c      0x158 hpl/usb/hpl_usb.o
 .text._usb_d_dev_out_next
                0x0000e084      0x1ac hpl/usb/hpl_usb.o
 .text._usb_d_dev_handler
                0x0000e230      0x1dc hpl/usb/hpl_usb.o
 .text._usbd_ep_pcksize_size
                0x0000e40c       0x3e hpl/usb/hpl_usb.o
 *fill*         0x0000e44a        0x2 
 .text._usb_d_dev_init
                0x0000e44c       0xe8 hpl/usb/hpl_usb.o
                0x0000e44c                _usb_d_dev_init
 .text._usb_d_dev_enable
                0x0000e534       0x5c hpl/usb/hpl_usb.o
                0x0000e534                _usb_d_dev_enable
 .text._usb_d_dev_attach
                0x0000e590       0x12 hpl/usb/hpl_usb.o
                0x0000e590                _usb_d_dev_attach
 .text._usb_d_dev_set_address
                0x0000e5a2        0xc hpl/usb/hpl_usb.o
                0x0000e5a2                _usb_d_dev_set_address
 .text._usb_d_dev_get_frame_n
                0x0000e5ae        0xc hpl/usb/hpl_usb.o
                0x0000e5ae                _usb_d_dev_get_frame_n
 *fill*         0x0000e5ba        0x2 
 .text._usb_d_dev_ep_init
                0x0000e5bc       0xc0 hpl/usb/hpl_usb.o
                0x0000e5bc                _usb_d_dev_ep_init
 .text._usb_d_dev_ep_deinit
                0x0000e67c       0x84 hpl/usb/hpl_usb.o
                0x0000e67c                _usb_d_dev_ep_deinit
 .text._usb_d_dev_ep_enable
                0x0000e700      0x17c hpl/usb/hpl_usb.o
                0x0000e700                _usb_d_dev_ep_enable
 .text._usb_d_dev_ep_stall
                0x0000e87c       0xe4 hpl/usb/hpl_usb.o
                0x0000e87c                _usb_d_dev_ep_stall
 .text._usb_d_dev_ep_read_req
                0x0000e960       0x54 hpl/usb/hpl_usb.o
                0x0000e960                _usb_d_dev_ep_read_req
 .text._usb_d_dev_ep_trans
                0x0000e9b4      0x108 hpl/usb/hpl_usb.o
                0x0000e9b4                _usb_d_dev_ep_trans
 .text._usb_d_dev_ep_get_status
                0x0000eabc       0x78 hpl/usb/hpl_usb.o
                0x0000eabc                _usb_d_dev_ep_get_status
 .text._usb_d_dev_register_callback
                0x0000eb34       0x24 hpl/usb/hpl_usb.o
                0x0000eb34                _usb_d_dev_register_callback
 .text._usb_d_dev_register_ep_callback
                0x0000eb58       0x2c hpl/usb/hpl_usb.o
                0x0000eb58                _usb_d_dev_register_ep_callback
 .text.USB_0_Handler
                0x0000eb84        0x8 hpl/usb/hpl_usb.o
                0x0000eb84                USB_0_Handler
 .text.USB_1_Handler
                0x0000eb8c        0x8 hpl/usb/hpl_usb.o
                0x0000eb8c                USB_1_Handler
 .text.USB_2_Handler
                0x0000eb94        0x8 hpl/usb/hpl_usb.o
                0x0000eb94                USB_2_Handler
 .text.USB_3_Handler
                0x0000eb9c        0x8 hpl/usb/hpl_usb.o
                0x0000eb9c                USB_3_Handler
 .text._wdt_init
                0x0000eba4       0x42 hpl/wdt/hpl_wdt.o
                0x0000eba4                _wdt_init
 *fill*         0x0000ebe6        0x2 
 .text.RTC_Scheduler_ping_cb
                0x0000ebe8       0x50 main.o
 .text.RTC_Scheduler_report_cb
                0x0000ec38        0xc main.o
 .text.RTC_Scheduler_heartbeat_cb
                0x0000ec44       0x1c main.o
 .text.RTC_Scheduler_realtime_cb
                0x0000ec60       0x80 main.o
 .text.init_timer
                0x0000ece0       0x84 main.o
                0x0000ece0                init_timer
 .text.startup.main
                0x0000ed64      0x52c main.o
                0x0000ed64                main
 .text._read    0x0000f290       0x20 stdio_redirect/gcc/read.o
                0x0000f290                _read
 .text._write   0x0000f2b0       0x24 stdio_redirect/gcc/write.o
                0x0000f2b0                _write
 .text.stdio_io_init
                0x0000f2d4       0x2c stdio_redirect/stdio_io.o
                0x0000f2d4                stdio_io_init
 .text.stdio_io_read
                0x0000f300       0x1c stdio_redirect/stdio_io.o
                0x0000f300                stdio_io_read
 .text.stdio_io_write
                0x0000f31c       0x1c stdio_redirect/stdio_io.o
                0x0000f31c                stdio_io_write
 .text.stdio_redirect_init
                0x0000f338       0x20 stdio_start.o
                0x0000f338                stdio_redirect_init
 .text.cdcdf_acm_req
                0x0000f358       0xdc usb/class/cdc/device/cdcdf_acm.o
 .text.cdcdf_acm_ctrl
                0x0000f434      0x138 usb/class/cdc/device/cdcdf_acm.o
 .text.cdcdf_acm_init
                0x0000f56c       0x44 usb/class/cdc/device/cdcdf_acm.o
                0x0000f56c                cdcdf_acm_init
 .text.cdcdf_acm_read
                0x0000f5b0       0x2c usb/class/cdc/device/cdcdf_acm.o
                0x0000f5b0                cdcdf_acm_read
 .text.cdcdf_acm_write
                0x0000f5dc       0x2c usb/class/cdc/device/cdcdf_acm.o
                0x0000f5dc                cdcdf_acm_write
 .text.cdcdf_acm_register_callback
                0x0000f608       0x40 usb/class/cdc/device/cdcdf_acm.o
                0x0000f608                cdcdf_acm_register_callback
 .text.hid_keyboard_req
                0x0000f648       0x88 usb/class/hid/device/hiddf_keyboard.o
 .text.hid_keyboard_ctrl
                0x0000f6d0      0x110 usb/class/hid/device/hiddf_keyboard.o
 .text.hiddf_keyboard_init
                0x0000f7e0       0x44 usb/class/hid/device/hiddf_keyboard.o
                0x0000f7e0                hiddf_keyboard_init
 .text.hiddf_keyboard_keys_state_change
                0x0000f824       0x8c usb/class/hid/device/hiddf_keyboard.o
                0x0000f824                hiddf_keyboard_keys_state_change
 .text.hid_mouse_req
                0x0000f8b0       0x88 usb/class/hid/device/hiddf_mouse.o
 .text.hid_mouse_ctrl
                0x0000f938       0xe4 usb/class/hid/device/hiddf_mouse.o
 .text.hiddf_mouse_init
                0x0000fa1c       0x44 usb/class/hid/device/hiddf_mouse.o
                0x0000fa1c                hiddf_mouse_init
 .text.hiddf_mouse_move
                0x0000fa60       0x48 usb/class/hid/device/hiddf_mouse.o
                0x0000fa60                hiddf_mouse_move
 .text.audio_midi_req
                0x0000faa8       0x78 usb/class/midi/device/audiodf_midi.o
 .text.audio_midi_ctrl
                0x0000fb20      0x180 usb/class/midi/device/audiodf_midi.o
 .text.audiodf_midi_init
                0x0000fca0       0x44 usb/class/midi/device/audiodf_midi.o
                0x0000fca0                audiodf_midi_init
 .text.audiodf_midi_write
                0x0000fce4       0x28 usb/class/midi/device/audiodf_midi.o
                0x0000fce4                audiodf_midi_write
 .text.audiodf_midi_write_status
                0x0000fd0c       0x1c usb/class/midi/device/audiodf_midi.o
                0x0000fd0c                audiodf_midi_write_status
 .text.audiodf_midi_read
                0x0000fd28       0x20 usb/class/midi/device/audiodf_midi.o
                0x0000fd28                audiodf_midi_read
 .text.audiodf_midi_register_callback
                0x0000fd48       0x30 usb/class/midi/device/audiodf_midi.o
                0x0000fd48                audiodf_midi_register_callback
 .text.usbdc_unconfig
                0x0000fd78       0x1c usb/device/usbdc.o
 .text.usbdc_change_notify
                0x0000fd94       0x20 usb/device/usbdc.o
 .text.usbdc_request_handler
                0x0000fdb4       0x38 usb/device/usbdc.o
 .text.usbd_sof_cb
                0x0000fdec       0x18 usb/device/usbdc.o
 .text.usbdc_cb_ctl_done
                0x0000fe04       0x68 usb/device/usbdc.o
 .text.usbdc_reset
                0x0000fe6c       0x5c usb/device/usbdc.o
                0x0000fe6c                usbdc_reset
 .text.usbd_event_cb
                0x0000fec8       0x18 usb/device/usbdc.o
 .text.usbdc_xfer
                0x0000fee0       0x20 usb/device/usbdc.o
                0x0000fee0                usbdc_xfer
 .text.usbdc_cb_ctl_req
                0x0000ff00      0x328 usb/device/usbdc.o
 .text.usbdc_register_handler
                0x00010228       0x2c usb/device/usbdc.o
                0x00010228                usbdc_register_handler
 .text.usbdc_init
                0x00010254       0x44 usb/device/usbdc.o
                0x00010254                usbdc_init
 .text.usbdc_register_function
                0x00010298       0x10 usb/device/usbdc.o
                0x00010298                usbdc_register_function
 .text.usbdc_start
                0x000102a8       0x34 usb/device/usbdc.o
                0x000102a8                usbdc_start
 .text.usbdc_attach
                0x000102dc        0x8 usb/device/usbdc.o
                0x000102dc                usbdc_attach
 .text.usbdc_get_ctrl_buffer
                0x000102e4        0xc usb/device/usbdc.o
                0x000102e4                usbdc_get_ctrl_buffer
 .text.usbdc_get_state
                0x000102f0       0x14 usb/device/usbdc.o
                0x000102f0                usbdc_get_state
 .text.usb_find_desc
                0x00010304       0x1a usb/usb_protocol.o
                0x00010304                usb_find_desc
 .text.usb_find_ep_desc
                0x0001031e       0x1c usb/usb_protocol.o
                0x0001031e                usb_find_ep_desc
 *fill*         0x0001033a        0x2 
 .text.usb_find_cfg_desc
                0x0001033c       0x3c usb/usb_protocol.o
                0x0001033c                usb_find_cfg_desc
 .text.usb_find_str_desc
                0x00010378       0x30 usb/usb_protocol.o
                0x00010378                usb_find_str_desc
 .text.gpio_get_pin_level
                0x000103a8       0x48 usb_start.o
 .text.hiddf_demo_sof_event
                0x000103f0       0x78 usb_start.o
 .text.composite_device_init
                0x00010468       0x2c usb_start.o
                0x00010468                composite_device_init
 .text.composite_device_start
                0x00010494       0x1c usb_start.o
                0x00010494                composite_device_start
 .text.usb_init
                0x000104b0        0x8 usb_start.o
                0x000104b0                usb_init
 .text          0x000104b8      0x370 c:/program files (x86)/atmel/studio/7.0/toolchain/arm/arm-gnu-toolchain/bin/../lib/gcc/arm-none-eabi/6.3.1/thumb/v7e-m\libgcc.a(_arm_addsubdf3.o)
                0x000104b8                __aeabi_drsub
                0x000104c0                __aeabi_dsub
                0x000104c0                __subdf3
                0x000104c4                __aeabi_dadd
                0x000104c4                __adddf3
                0x0001073c                __floatunsidf
                0x0001073c                __aeabi_ui2d
                0x0001075c                __floatsidf
                0x0001075c                __aeabi_i2d
                0x00010780                __aeabi_f2d
                0x00010780                __extendsfdf2
                0x000107bc                __floatundidf
                0x000107bc                __aeabi_ul2d
                0x000107cc                __floatdidf
                0x000107cc                __aeabi_l2d
 .text          0x00010828      0x424 c:/program files (x86)/atmel/studio/7.0/toolchain/arm/arm-gnu-toolchain/bin/../lib/gcc/arm-none-eabi/6.3.1/thumb/v7e-m\libgcc.a(_arm_muldivdf3.o)
                0x00010828                __aeabi_dmul
                0x00010828                __muldf3
                0x00010a7c                __divdf3