Archive member included to satisfy reference by file (symbol)

c:/program files (x86)/atmel/studio/7.0/toolchain/arm/arm-gnu-toolchain/bin/../lib/gcc/arm-none-eabi/6.3.1/thumb/v7e-m\libgcc.a(_arm_addsubdf3.o)
                              hpl/sercom/hpl_sercom.o (__aeabi_dsub)
c:/program files (x86)/atmel/studio/7.0/toolchain/arm/arm-gnu-toolchain/bin/../lib/gcc/arm-none-eabi/6.3.1/thumb/v7e-m\libgcc.a(_arm_muldivdf3.o)
                              grid/grid_hardwaretest.o (__aeabi_dmul)
c:/program files (x86)/atmel/studio/7.0/toolchain/arm/arm-gnu-toolchain/bin/../lib/gcc/arm-none-eabi/6.3.1/thumb/v7e-m\libgcc.a(_arm_fixunsdfsi.o)
                              grid/grid_hardwaretest.o (__aeabi_d2uiz)
c:/program files (x86)/atmel/studio/7.0/toolchain/arm/arm-gnu-toolchain/bin/../lib/gcc/arm-none-eabi/6.3.1/thumb/v7e-m\libgcc.a(_aeabi_uldivmod.o)
                              hpl/sercom/hpl_sercom.o (__aeabi_uldivmod)
c:/program files (x86)/atmel/studio/7.0/toolchain/arm/arm-gnu-toolchain/bin/../lib/gcc/arm-none-eabi/6.3.1/thumb/v7e-m\libgcc.a(_udivmoddi4.o)
                              c:/program files (x86)/atmel/studio/7.0/toolchain/arm/arm-gnu-toolchain/bin/../lib/gcc/arm-none-eabi/6.3.1/thumb/v7e-m\libgcc.a(_aeabi_uldivmod.o) (__udivmoddi4)
c:/program files (x86)/atmel/studio/7.0/toolchain/arm/arm-gnu-toolchain/bin/../lib/gcc/arm-none-eabi/6.3.1/thumb/v7e-m\libgcc.a(_dvmd_tls.o)
                              c:/program files (x86)/atmel/studio/7.0/toolchain/arm/arm-gnu-toolchain/bin/../lib/gcc/arm-none-eabi/6.3.1/thumb/v7e-m\libgcc.a(_aeabi_uldivmod.o) (__aeabi_ldiv0)
c:/program files (x86)/atmel/studio/7.0/toolchain/arm/arm-gnu-toolchain/bin/../lib/gcc/arm-none-eabi/6.3.1/../../../../arm-none-eabi/lib/thumb/v7e-m\libc_nano.a(lib_a-exit.o)
                              c:/program files (x86)/atmel/studio/7.0/toolchain/arm/arm-gnu-toolchain/bin/../lib/gcc/arm-none-eabi/6.3.1/../../../../arm-none-eabi/lib/thumb/v7e-m/crt0.o (exit)
c:/program files (x86)/atmel/studio/7.0/toolchain/arm/arm-gnu-toolchain/bin/../lib/gcc/arm-none-eabi/6.3.1/../../../../arm-none-eabi/lib/thumb/v7e-m\libc_nano.a(lib_a-impure.o)
                              c:/program files (x86)/atmel/studio/7.0/toolchain/arm/arm-gnu-toolchain/bin/../lib/gcc/arm-none-eabi/6.3.1/../../../../arm-none-eabi/lib/thumb/v7e-m\libc_nano.a(lib_a-exit.o) (_global_impure_ptr)
c:/program files (x86)/atmel/studio/7.0/toolchain/arm/arm-gnu-toolchain/bin/../lib/gcc/arm-none-eabi/6.3.1/../../../../arm-none-eabi/lib/thumb/v7e-m\libc_nano.a(lib_a-init.o)
                              c:/program files (x86)/atmel/studio/7.0/toolchain/arm/arm-gnu-toolchain/bin/../lib/gcc/arm-none-eabi/6.3.1/../../../../arm-none-eabi/lib/thumb/v7e-m/crt0.o (__libc_init_array)
c:/program files (x86)/atmel/studio/7.0/toolchain/arm/arm-gnu-toolchain/bin/../lib/gcc/arm-none-eabi/6.3.1/../../../../arm-none-eabi/lib/thumb/v7e-m\libc_nano.a(lib_a-malloc.o)
                              grid/grid_ain.o (malloc)
c:/program files (x86)/atmel/studio/7.0/toolchain/arm/arm-gnu-toolchain/bin/../lib/gcc/arm-none-eabi/6.3.1/../../../../arm-none-eabi/lib/thumb/v7e-m\libc_nano.a(lib_a-memcpy-stub.o)
                              hpl/nvmctrl/hpl_nvmctrl.o (memcpy)
c:/program files (x86)/atmel/studio/7.0/toolchain/arm/arm-gnu-toolchain/bin/../lib/gcc/arm-none-eabi/6.3.1/../../../../arm-none-eabi/lib/thumb/v7e-m\libc_nano.a(lib_a-memset.o)
                              c:/program files (x86)/atmel/studio/7.0/toolchain/arm/arm-gnu-toolchain/bin/../lib/gcc/arm-none-eabi/6.3.1/../../../../arm-none-eabi/lib/thumb/v7e-m/crt0.o (memset)
c:/program files (x86)/atmel/studio/7.0/toolchain/arm/arm-gnu-toolchain/bin/../lib/gcc/arm-none-eabi/6.3.1/../../../../arm-none-eabi/lib/thumb/v7e-m\libc_nano.a(lib_a-nano-freer.o)
                              c:/program files (x86)/atmel/studio/7.0/toolchain/arm/arm-gnu-toolchain/bin/../lib/gcc/arm-none-eabi/6.3.1/../../../../arm-none-eabi/lib/thumb/v7e-m\libc_nano.a(lib_a-malloc.o) (_free_r)
c:/program files (x86)/atmel/studio/7.0/toolchain/arm/arm-gnu-toolchain/bin/../lib/gcc/arm-none-eabi/6.3.1/../../../../arm-none-eabi/lib/thumb/v7e-m\libc_nano.a(lib_a-nano-mallocr.o)
                              c:/program files (x86)/atmel/studio/7.0/toolchain/arm/arm-gnu-toolchain/bin/../lib/gcc/arm-none-eabi/6.3.1/../../../../arm-none-eabi/lib/thumb/v7e-m\libc_nano.a(lib_a-malloc.o) (_malloc_r)
c:/program files (x86)/atmel/studio/7.0/toolchain/arm/arm-gnu-toolchain/bin/../lib/gcc/arm-none-eabi/6.3.1/../../../../arm-none-eabi/lib/thumb/v7e-m\libc_nano.a(lib_a-printf.o)
                              grid/grid_d51.o (printf)
c:/program files (x86)/atmel/studio/7.0/toolchain/arm/arm-gnu-toolchain/bin/../lib/gcc/arm-none-eabi/6.3.1/../../../../arm-none-eabi/lib/thumb/v7e-m\libc_nano.a(lib_a-puts.o)
                              grid/grid_unittest.o (puts)
[...]
Memory Configuration

Name             Origin             Length             Attributes
rom              0x00004000         0x0007a000         xr
ram              0x20000000         0x00040000         xrw
bkupram          0x47000000         0x00002000         xrw
qspi             0x04000000         0x01000000         xrw
*default*        0x00000000         0xffffffff

Linker script and memory map

LOAD c:/program files (x86)/atmel/studio/7.0/toolchain/arm/arm-gnu-toolchain/bin/../lib/gcc/arm-none-eabi/6.3.1/thumb/v7e-m/crti.o
LOAD c:/program files (x86)/atmel/studio/7.0/toolchain/arm/arm-gnu-toolchain/bin/../lib/gcc/arm-none-eabi/6.3.1/thumb/v7e-m/crtbegin.o
LOAD c:/program files (x86)/atmel/studio/7.0/toolchain/arm/arm-gnu-toolchain/bin/../lib/gcc/arm-none-eabi/6.3.1/../../../../arm-none-eabi/lib/thumb/v7e-m/crt0.o
LOAD atmel_start.o
LOAD Device_Startup/startup_samd51.o
LOAD Device_Startup/system_samd51.o
LOAD driver_init.o
LOAD examples/driver_examples.o
LOAD flash/n25q256a.o
LOAD flash/spi_nor_flash.o
LOAD grid/grid_d51.o
LOAD grid/grid_debug.o
LOAD grid/grid_hardwaretest.o
LOAD grid/grid_unittest.o
LOAD grid/grid_ain.o
LOAD grid/grid_buf.o
LOAD grid/grid_led.o
LOAD grid/grid_module.o
LOAD grid/grid_module_bu16_revb.o
LOAD grid/grid_module_en16_reva.o
LOAD grid/grid_module_pbf4_reva.o
LOAD grid/grid_module_po16_revb.o
LOAD grid/grid_sys.o
LOAD grid/grid_ui.o
LOAD grid/grid_usb.o
LOAD hal/src/hal_adc_async.o
LOAD hal/src/hal_atomic.o
LOAD hal/src/hal_cache.o
LOAD hal/src/hal_crc_sync.o
LOAD hal/src/hal_delay.o
LOAD hal/src/hal_evsys.o
LOAD hal/src/hal_flash.o
LOAD hal/src/hal_gpio.o
LOAD hal/src/hal_i2c_m_async.o
LOAD hal/src/hal_init.o
LOAD hal/src/hal_io.o
LOAD hal/src/hal_qspi_dma.o
LOAD hal/src/hal_sleep.o
LOAD hal/src/hal_spi_m_async.o
LOAD hal/src/hal_spi_m_dma.o
LOAD hal/src/hal_timer.o
LOAD hal/src/hal_usart_async.o
LOAD hal/src/hal_usart_sync.o
LOAD hal/src/hal_usb_device.o
LOAD hal/src/hal_wdt.o
LOAD hal/utils/src/utils_assert.o
LOAD hal/utils/src/utils_event.o
LOAD hal/utils/src/utils_list.o
LOAD hal/utils/src/utils_ringbuffer.o
LOAD hal/utils/src/utils_syscalls.o
LOAD hpl/adc/hpl_adc.o
LOAD hpl/cmcc/hpl_cmcc.o
LOAD hpl/core/hpl_core_m4.o
LOAD hpl/core/hpl_init.o
LOAD hpl/dmac/hpl_dmac.o
LOAD hpl/dsu/hpl_dsu.o
LOAD hpl/evsys/hpl_evsys.o
LOAD hpl/gclk/hpl_gclk.o
LOAD hpl/mclk/hpl_mclk.o
LOAD hpl/nvmctrl/hpl_nvmctrl.o
LOAD hpl/osc32kctrl/hpl_osc32kctrl.o
LOAD hpl/oscctrl/hpl_oscctrl.o
LOAD hpl/pac/hpl_pac.o
LOAD hpl/pm/hpl_pm.o
LOAD hpl/qspi/hpl_qspi.o
LOAD hpl/ramecc/hpl_ramecc.o
LOAD hpl/rtc/hpl_rtc.o
LOAD hpl/sercom/hpl_sercom.o
LOAD hpl/systick/hpl_systick.o
LOAD hpl/tc/hpl_tc.o
LOAD hpl/usb/hpl_usb.o
LOAD hpl/wdt/hpl_wdt.o
LOAD main.o
LOAD stdio_redirect/gcc/read.o
LOAD stdio_redirect/gcc/write.o
LOAD stdio_redirect/stdio_io.o
LOAD stdio_start.o
LOAD usb/class/cdc/device/cdcdf_acm.o
LOAD usb/class/hid/device/hiddf_generic.o
LOAD usb/class/hid/device/hiddf_keyboard.o
LOAD usb/class/hid/device/hiddf_mouse.o
LOAD usb/class/midi/device/audiodf_midi.o
LOAD usb/class/midi/usb_protocol_midi.o
LOAD usb/class/msc/device/mscdf.o
LOAD usb/device/usbdc.o
LOAD usb/usb_protocol.o
LOAD usb_start.o
START GROUP
LOAD c:/program files (x86)/atmel/studio/7.0/toolchain/arm/arm-gnu-toolchain/bin/../lib/gcc/arm-none-eabi/6.3.1/../../../../arm-none-eabi/lib/thumb/v7e-m\libm.a
END GROUP
START GROUP
LOAD c:/program files (x86)/atmel/studio/7.0/toolchain/arm/arm-gnu-toolchain/bin/../lib/gcc/arm-none-eabi/6.3.1/thumb/v7e-m\libgcc.a
LOAD c:/program files (x86)/atmel/studio/7.0/toolchain/arm/arm-gnu-toolchain/bin/../lib/gcc/arm-none-eabi/6.3.1/../../../../arm-none-eabi/lib/thumb/v7e-m\libc_nano.a
END GROUP
START GROUP
LOAD c:/program files (x86)/atmel/studio/7.0/toolchain/arm/arm-gnu-toolchain/bin/../lib/gcc/arm-none-eabi/6.3.1/thumb/v7e-m\libgcc.a
LOAD c:/program files (x86)/atmel/studio/7.0/toolchain/arm/arm-gnu-toolchain/bin/../lib/gcc/arm-none-eabi/6.3.1/../../../../arm-none-eabi/lib/thumb/v7e-m\libc_nano.a
END GROUP
LOAD c:/program files (x86)/atmel/studio/7.0/toolchain/arm/arm-gnu-toolchain/bin/../lib/gcc/arm-none-eabi/6.3.1/thumb/v7e-m/crtend.o
LOAD c:/program files (x86)/atmel/studio/7.0/toolchain/arm/arm-gnu-toolchain/bin/../lib/gcc/arm-none-eabi/6.3.1/thumb/v7e-m/crtn.o
                0x00010000                STACK_SIZE = DEFINED (STACK_SIZE)?STACK_SIZE:DEFINED (__stack_size__)?__stack_size__:0x10000

.text           0x00004000     0xc87c
                0x00004000                . = ALIGN (0x4)
                0x00004000                _sfixed = .
 *(.vectors .vectors.*)
 .vectors       0x00004000      0x264 Device_Startup/startup_samd51.o
                0x00004000                exception_table
 *(.text .text.* .gnu.linkonce.t.*)
 .text          0x00004264       0x6c c:/program files (x86)/atmel/studio/7.0/toolchain/arm/arm-gnu-toolchain/bin/../lib/gcc/arm-none-eabi/6.3.1/thumb/v7e-m/crtbegin.o
 .text.atmel_start_init
                0x000042d0       0x20 atmel_start.o
                0x000042d0                atmel_start_init
 .text.Dummy_Handler
                0x000042f0        0x2 Device_Startup/startup_samd51.o
                0x000042f0                EIC_5_Handler
                0x000042f0                SVCall_Handler
                0x000042f0                EIC_13_Handler
                0x000042f0                EVSYS_0_Handler
                0x000042f0                TCC1_3_Handler
                0x000042f0                DAC_3_Handler
                0x000042f0                TRNG_Handler
                0x000042f0                HardFault_Handler
                0x000042f0                PDEC_2_Handler
                0x000042f0                EIC_4_Handler
                0x000042f0                AC_Handler
                0x000042f0                SysTick_Handler
                0x000042f0                TCC2_3_Handler
                0x000042f0                PendSV_Handler
                0x000042f0                TC7_Handler
                0x000042f0                EVSYS_3_Handler
                0x000042f0                PDEC_0_Handler
                0x000042f0                QSPI_Handler
                0x000042f0                NonMaskableInt_Handler
                0x000042f0                TCC0_0_Handler
                0x000042f0                EIC_3_Handler
                0x000042f0                MemManagement_Handler
                0x000042f0                DAC_2_Handler
                0x000042f0                UsageFault_Handler
                0x000042f0                EIC_10_Handler
                0x000042f0                EIC_11_Handler
                0x000042f0                EIC_9_Handler
                0x000042f0                OSC32KCTRL_Handler
                0x000042f0                TCC2_1_Handler
                0x000042f0                SUPC_1_Handler
                0x000042f0                TCC0_5_Handler
                0x000042f0                TCC0_6_Handler
                0x000042f0                EVSYS_1_Handler
                0x000042f0                TCC1_4_Handler
                0x000042f0                TC6_Handler
                0x000042f0                WDT_Handler
                0x000042f0                EIC_8_Handler
                0x000042f0                EIC_15_Handler
                0x000042f0                TC4_Handler
                0x000042f0                OSCCTRL_4_Handler
                0x000042f0                EIC_12_Handler
                0x000042f0                TCC4_2_Handler
                0x000042f0                PAC_Handler
                0x000042f0                TCC1_0_Handler
                0x000042f0                OSCCTRL_0_Handler
                0x000042f0                EIC_0_Handler
                0x000042f0                OSCCTRL_3_Handler
                0x000042f0                Dummy_Handler
                0x000042f0                TCC3_0_Handler
                0x000042f0                TCC2_2_Handler
                0x000042f0                TCC1_1_Handler
                0x000042f0                OSCCTRL_2_Handler
                0x000042f0                TCC1_2_Handler
                0x000042f0                SERCOM7_1_Handler
                0x000042f0                PM_Handler
                0x000042f0                SERCOM2_3_Handler
                0x000042f0                DAC_4_Handler
                0x000042f0                TCC3_2_Handler
                0x000042f0                SERCOM7_0_Handler
                0x000042f0                TCC0_2_Handler
                0x000042f0                TCC4_0_Handler
                0x000042f0                SERCOM7_3_Handler
                0x000042f0                SDHC1_Handler
                0x000042f0                SERCOM7_2_Handler
                0x000042f0                TCC2_0_Handler
                0x000042f0                PDEC_1_Handler
                0x000042f0                TCC4_1_Handler
                0x000042f0                SDHC0_Handler
                0x000042f0                I2S_Handler
                0x000042f0                EIC_2_Handler
                0x000042f0                PCC_Handler
                0x000042f0                DAC_0_Handler
                0x000042f0                TCC0_1_Handler
                0x000042f0                EIC_6_Handler
                0x000042f0                OSCCTRL_1_Handler
                0x000042f0                PUKCC_Handler
                0x000042f0                SERCOM2_1_Handler
                0x000042f0                EIC_1_Handler
                0x000042f0                EVSYS_4_Handler
                0x000042f0                EIC_7_Handler
                0x000042f0                SERCOM2_2_Handler
                0x000042f0                TCC3_1_Handler
                0x000042f0                EIC_14_Handler
                0x000042f0                DAC_1_Handler
                0x000042f0                MCLK_Handler
                0x000042f0                EVSYS_2_Handler
                0x000042f0                SUPC_0_Handler
                0x000042f0                BusFault_Handler
                0x000042f0                FREQM_Handler
                0x000042f0                TCC0_3_Handler
                0x000042f0                DebugMonitor_Handler
                0x000042f0                TCC0_4_Handler
                0x000042f0                TC5_Handler
                0x000042f0                SERCOM2_0_Handler
                0x000042f0                AES_Handler
                0x000042f0                ICM_Handler
 *fill*         0x000042f2        0x2 
 .text.Reset_Handler
                0x000042f4       0x78 Device_Startup/startup_samd51.o
                0x000042f4                Reset_Handler
 .text._gpio_set_pin_function
                0x0000436c       0x68 driver_init.o
 .text.gpio_set_pin_direction
                0x000043d4       0x68 driver_init.o
 .text.ADC_0_init
                0x0000443c       0x80 driver_init.o
                0x0000443c                ADC_0_init
 .text.ADC_1_init
                0x000044bc       0x84 driver_init.o
                0x000044bc                ADC_1_init
 .text.CRC_0_init
                0x00004540       0x24 driver_init.o
                0x00004540                CRC_0_init
 .text.EVENT_SYSTEM_0_init
                0x00004564       0x30 driver_init.o
                0x00004564                EVENT_SYSTEM_0_init
 .text.FLASH_0_CLOCK_init
                0x00004594       0x10 driver_init.o
                0x00004594                FLASH_0_CLOCK_init
 .text.FLASH_0_init
                0x000045a4       0x24 driver_init.o
                0x000045a4                FLASH_0_init
 .text.QSPI_INSTANCE_PORT_init
                0x000045c8       0xdc driver_init.o
                0x000045c8                QSPI_INSTANCE_PORT_init
 .text.QSPI_INSTANCE_CLOCK_init
                0x000046a4       0x20 driver_init.o
                0x000046a4                QSPI_INSTANCE_CLOCK_init
 .text.QSPI_INSTANCE_init
                0x000046c4       0x2c driver_init.o
                0x000046c4                QSPI_INSTANCE_init
 .text.USART_EAST_CLOCK_init
                0x000046f0       0x24 driver_init.o
                0x000046f0                USART_EAST_CLOCK_init
 .text.USART_EAST_PORT_init
                0x00004714       0x24 driver_init.o
                0x00004714                USART_EAST_PORT_init
 .text.USART_EAST_init
                0x00004738       0x38 driver_init.o
                0x00004738                USART_EAST_init
 .text.USART_NORTH_CLOCK_init
                0x00004770       0x24 driver_init.o
                0x00004770                USART_NORTH_CLOCK_init
 .text.USART_NORTH_PORT_init
                0x00004794       0x24 driver_init.o
                0x00004794                USART_NORTH_PORT_init
 .text.USART_NORTH_init
                0x000047b8       0x38 driver_init.o
                0x000047b8                USART_NORTH_init
 .text.GRID_AUX_PORT_init
                0x000047f0       0x24 driver_init.o
                0x000047f0                GRID_AUX_PORT_init
 .text.GRID_AUX_CLOCK_init
                0x00004814       0x24 driver_init.o
                0x00004814                GRID_AUX_CLOCK_init
 .text.GRID_AUX_init
                0x00004838       0x2c driver_init.o
                0x00004838                GRID_AUX_init
 .text.UI_SPI_PORT_init
                0x00004864       0x68 driver_init.o
                0x00004864                UI_SPI_PORT_init
 .text.UI_SPI_CLOCK_init
                0x000048cc       0x24 driver_init.o
                0x000048cc                UI_SPI_CLOCK_init
 .text.UI_SPI_init
                0x000048f0       0x2c driver_init.o
                0x000048f0                UI_SPI_init
 .text.USART_WEST_CLOCK_init
                0x0000491c       0x24 driver_init.o
                0x0000491c                USART_WEST_CLOCK_init
 .text.USART_WEST_PORT_init
                0x00004940       0x24 driver_init.o
                0x00004940                USART_WEST_PORT_init
 .text.USART_WEST_init
                0x00004964       0x38 driver_init.o
                0x00004964                USART_WEST_init
 .text.SYS_I2C_PORT_init
                0x0000499c       0x40 driver_init.o
                0x0000499c                SYS_I2C_PORT_init
 .text.SYS_I2C_CLOCK_init
                0x000049dc       0x24 driver_init.o
                0x000049dc                SYS_I2C_CLOCK_init
 .text.SYS_I2C_init
                0x00004a00       0x2c driver_init.o
                0x00004a00                SYS_I2C_init
 .text.USART_SOUTH_CLOCK_init
                0x00004a2c       0x24 driver_init.o
                0x00004a2c                USART_SOUTH_CLOCK_init
 .text.USART_SOUTH_PORT_init
                0x00004a50       0x24 driver_init.o
                0x00004a50                USART_SOUTH_PORT_init
 .text.USART_SOUTH_init
                0x00004a74       0x38 driver_init.o
                0x00004a74                USART_SOUTH_init
 .text.GRID_LED_PORT_init
                0x00004aac       0x68 driver_init.o
                0x00004aac                GRID_LED_PORT_init
 .text.GRID_LED_CLOCK_init
                0x00004b14       0x24 driver_init.o
                0x00004b14                GRID_LED_CLOCK_init
 .text.GRID_LED_init
                0x00004b38       0x2c driver_init.o
                0x00004b38                GRID_LED_init
 .text.delay_driver_init
                0x00004b64       0x10 driver_init.o
                0x00004b64                delay_driver_init
 .text.USB_DEVICE_INSTANCE_PORT_init
                0x00004b74       0x60 driver_init.o
                0x00004b74                USB_DEVICE_INSTANCE_PORT_init
 .text.USB_DEVICE_INSTANCE_CLOCK_init
                0x00004bd4       0x24 driver_init.o
                0x00004bd4                USB_DEVICE_INSTANCE_CLOCK_init
 .text.USB_DEVICE_INSTANCE_init
                0x00004bf8       0x20 driver_init.o
                0x00004bf8                USB_DEVICE_INSTANCE_init
 .text.WDT_0_CLOCK_init
                0x00004c18       0x10 driver_init.o
                0x00004c18                WDT_0_CLOCK_init
 .text.WDT_0_init
                0x00004c28       0x24 driver_init.o
                0x00004c28                WDT_0_init
 .text.system_init
                0x00004c4c      0x2a8 driver_init.o
                0x00004c4c                system_init
 .text.grid_d51_bitmap_write_bit
                0x00004ef4       0x3a grid/grid_d51.o
                0x00004ef4                grid_d51_bitmap_write_bit
 *fill*         0x00004f2e        0x2 
 .text.grid_d51_verify_user_row
                0x00004f30      0x198 grid/grid_d51.o
                0x00004f30                grid_d51_verify_user_row
 .text.grid_d51_init
                0x000050c8       0x4c grid/grid_d51.o
                0x000050c8                grid_d51_init
 .text.grid_ain_channel_init
                0x00005114       0x34 grid/grid_ain.o
                0x00005114                grid_ain_channel_init
 .text.grid_ain_init
                0x00005148       0x44 grid/grid_ain.o
                0x00005148                grid_ain_init
 .text.grid_ain_add_sample
                0x0000518c       0xd0 grid/grid_ain.o
                0x0000518c                grid_ain_add_sample
 .text.grid_ain_get_changed
                0x0000525c       0x10 grid/grid_ain.o
                0x0000525c                grid_ain_get_changed
 .text.grid_ain_get_average
                0x0000526c       0x28 grid/grid_ain.o
                0x0000526c                grid_ain_get_average
 .text.grid_port_reset_receiver
                0x00005294       0x78 grid/grid_buf.o
                0x00005294                grid_port_reset_receiver
 .text.grid_port_receive_task
                0x0000530c      0x118 grid/grid_buf.o
                0x0000530c                grid_port_receive_task
 .text.grid_buffer_init
                0x00005424       0x44 grid/grid_buf.o
                0x00005424                grid_buffer_init
 .text.grid_buffer_write_size
                0x00005468       0x14 grid/grid_buf.o
                0x00005468                grid_buffer_write_size
 .text.grid_buffer_write_init
                0x0000547c       0x2c grid/grid_buf.o
                0x0000547c                grid_buffer_write_init
 .text.grid_buffer_write_character
                0x000054a8       0x1c grid/grid_buf.o
                0x000054a8                grid_buffer_write_character
 .text.grid_buffer_write_acknowledge
                0x000054c4       0x10 grid/grid_buf.o
                0x000054c4                grid_buffer_write_acknowledge
 .text.grid_port_receive_decode
                0x000054d4      0x524 grid/grid_buf.o
                0x000054d4                grid_port_receive_decode
 .text.grid_port_receive_complete_task
                0x000059f8       0x74 grid/grid_buf.o
                0x000059f8                grid_port_receive_complete_task
 .text.grid_buffer_read_size
                0x00005a6c       0x4c grid/grid_buf.o
                0x00005a6c                grid_buffer_read_size
 .text.grid_buffer_read_init
                0x00005ab8       0x5c grid/grid_buf.o
                0x00005ab8                grid_buffer_read_init
 .text.grid_buffer_read_character
                0x00005b14       0x24 grid/grid_buf.o
                0x00005b14                grid_buffer_read_character
 .text.grid_buffer_read_acknowledge
                0x00005b38       0x10 grid/grid_buf.o
                0x00005b38                grid_buffer_read_acknowledge
 .text.grid_port_init
                0x00005b48       0xd8 grid/grid_buf.o
                0x00005b48                grid_port_init
 .text.grid_port_init_all
                0x00005c20       0xf4 grid/grid_buf.o
                0x00005c20                grid_port_init_all
 .text.grid_port_process_inbound
                0x00005d14      0x1ac grid/grid_buf.o
                0x00005d14                grid_port_process_inbound
 .text.grid_port_process_outbound_usb
                0x00005ec0      0x190 grid/grid_buf.o
                0x00005ec0                grid_port_process_outbound_usb
 .text.grid_port_process_outbound_ui
                0x00006050      0x1c8 grid/grid_buf.o
                0x00006050                grid_port_process_outbound_ui
 .text.grid_port_process_outbound_usart
                0x00006218       0x6c grid/grid_buf.o
                0x00006218                grid_port_process_outbound_usart
 .text.grid_led_hardware_transfer_complete_cb
                0x00006284        0xc grid/grid_led.o
 .text.grid_led_set_color
                0x00006290       0x4c grid/grid_led.o
                0x00006290                grid_led_set_color
 .text.grid_led_hardware_init
                0x000062dc       0x2c grid/grid_led.o
                0x000062dc                grid_led_hardware_init
 .text.grid_led_get_led_number
                0x00006308        0x4 grid/grid_led.o
                0x00006308                grid_led_get_led_number
 .text.grid_led_tick
                0x0000630c       0x34 grid/grid_led.o
                0x0000630c                grid_led_tick
 .text.grid_led_set_min
                0x00006340       0x20 grid/grid_led.o
                0x00006340                grid_led_set_min
 .text.grid_led_set_mid
                0x00006360       0x20 grid/grid_led.o
                0x00006360                grid_led_set_mid
 .text.grid_led_set_max
                0x00006380       0x20 grid/grid_led.o
                0x00006380                grid_led_set_max
 .text.grid_led_set_phase
                0x000063a0       0x14 grid/grid_led.o
                0x000063a0                grid_led_set_phase
 .text.grid_led_set_frequency
                0x000063b4       0x14 grid/grid_led.o
                0x000063b4                grid_led_set_frequency
 .text.grid_led_buffer_init
                0x000063c8      0x16c grid/grid_led.o
                0x000063c8                grid_led_buffer_init
 .text.grid_led_init
                0x00006534       0xb0 grid/grid_led.o
                0x00006534                grid_led_init
 .text.grid_led_render
                0x000065e4       0xb0 grid/grid_led.o
                0x000065e4                grid_led_render
 .text.grid_led_render_all
                0x00006694       0x20 grid/grid_led.o
                0x00006694                grid_led_render_all
 .text.grid_led_hardware_start_transfer
                0x000066b4       0x30 grid/grid_led.o
                0x000066b4                grid_led_hardware_start_transfer
 .text.grid_module_common_init
                0x000066e4       0xcc grid/grid_module.o
                0x000066e4                grid_module_common_init
 .text.grid_module_bu16_revb_hardware_start_transfer
                0x000067b0       0x20 grid/grid_module_bu16_revb.o
                0x000067b0                grid_module_bu16_revb_hardware_start_transfer
 .text.grid_module_bu16_revb_hardware_transfer_complete_cb
                0x000067d0      0x260 grid/grid_module_bu16_revb.o
 .text.grid_module_bu16_revb_hardware_init
                0x00006a30       0x48 grid/grid_module_bu16_revb.o
                0x00006a30                grid_module_bu16_revb_hardware_init
 .text.grid_module_bu16_revb_init
                0x00006a78      0x160 grid/grid_module_bu16_revb.o
                0x00006a78                grid_module_bu16_revb_init
 .text.grid_module_en16_reva_hardware_start_transfer
                0x00006bd8       0x3c grid/grid_module_en16_reva.o
                0x00006bd8                grid_module_en16_reva_hardware_start_transfer
 *fill*         0x00006c14        0x4 
 .text.grid_module_en16_reva_hardware_transfer_complete_cb
                0x00006c18      0x334 grid/grid_module_en16_reva.o
                0x00006c18                grid_module_en16_reva_hardware_transfer_complete_cb
 .text.grid_module_en16_reva_hardware_init
                0x00006f4c       0x68 grid/grid_module_en16_reva.o
                0x00006f4c                grid_module_en16_reva_hardware_init
 .text.grid_module_en16_reva_init
                0x00006fb4      0x1a4 grid/grid_module_en16_reva.o
                0x00006fb4                grid_module_en16_reva_init
 .text.grid_module_pbf4_reva_hardware_start_transfer
                0x00007158       0x20 grid/grid_module_pbf4_reva.o
                0x00007158                grid_module_pbf4_reva_hardware_start_transfer
 .text.grid_module_pbf4_reva_hardware_transfer_complete_cb
                0x00007178      0x428 grid/grid_module_pbf4_reva.o
                0x00007178                grid_module_pbf4_reva_hardware_transfer_complete_cb
 .text.grid_module_pbf4_reva_hardware_init
                0x000075a0       0x48 grid/grid_module_pbf4_reva.o
                0x000075a0                grid_module_pbf4_reva_hardware_init
 .text.grid_module_pbf4_reva_init
                0x000075e8      0x154 grid/grid_module_pbf4_reva.o
                0x000075e8                grid_module_pbf4_reva_init
 .text.grid_module_po16_revb_hardware_start_transfer
                0x0000773c       0x20 grid/grid_module_po16_revb.o
                0x0000773c                grid_module_po16_revb_hardware_start_transfer
 *fill*         0x0000775c        0x4 
 .text.grid_module_po16_revb_hardware_transfer_complete_cb
                0x00007760      0x2a4 grid/grid_module_po16_revb.o
 .text.grid_module_po16_revb_hardware_init
                0x00007a04       0x48 grid/grid_module_po16_revb.o
                0x00007a04                grid_module_po16_revb_hardware_init
 .text.grid_module_po16_revb_init
                0x00007a4c      0x150 grid/grid_module_po16_revb.o
                0x00007a4c                grid_module_po16_revb_init
 .text.gpio_set_pin_pull_mode.constprop.2
                0x00007b9c       0x28 grid/grid_sys.o
 .text.grid_task_enter_task
                0x00007bc4        0x8 grid/grid_sys.o
                0x00007bc4                grid_task_enter_task
 .text.grid_task_timer_tick
                0x00007bcc        0xe grid/grid_sys.o
                0x00007bcc                grid_task_timer_tick
 .text.grid_task_timer_reset
                0x00007bda       0x10 grid/grid_sys.o
                0x00007bda                grid_task_timer_reset
 .text.grid_task_timer_read
                0x00007bea        0x8 grid/grid_sys.o
                0x00007bea                grid_task_timer_read
 .text.tx_cb_USART_GRID
                0x00007bf2       0x1a grid/grid_sys.o
                0x00007bf2                tx_cb_USART_GRID
 .text.tx_cb_USART_GRID_W
                0x00007c0c       0x10 grid/grid_sys.o
 .text.tx_cb_USART_GRID_S
                0x00007c1c       0x10 grid/grid_sys.o
 .text.tx_cb_USART_GRID_E
                0x00007c2c       0x10 grid/grid_sys.o
 .text.tx_cb_USART_GRID_N
                0x00007c3c       0x10 grid/grid_sys.o
 .text.err_cb_USART_GRID
                0x00007c4c       0x10 grid/grid_sys.o
                0x00007c4c                err_cb_USART_GRID
 .text.err_cb_USART_GRID_W
                0x00007c5c       0x10 grid/grid_sys.o
 .text.err_cb_USART_GRID_S
                0x00007c6c       0x10 grid/grid_sys.o
 .text.err_cb_USART_GRID_E
                0x00007c7c       0x10 grid/grid_sys.o
 .text.err_cb_USART_GRID_N
                0x00007c8c       0x10 grid/grid_sys.o
 .text.grid_sys_port_reset_dma
                0x00007c9c       0x20 grid/grid_sys.o
                0x00007c9c                grid_sys_port_reset_dma
 .text.dma_transfer_complete_n_cb
                0x00007cbc       0x10 grid/grid_sys.o
                0x00007cbc                dma_transfer_complete_n_cb
 .text.dma_transfer_complete_e_cb
                0x00007ccc       0x10 grid/grid_sys.o
                0x00007ccc                dma_transfer_complete_e_cb
 .text.dma_transfer_complete_s_cb
                0x00007cdc       0x10 grid/grid_sys.o
                0x00007cdc                dma_transfer_complete_s_cb
 .text.dma_transfer_complete_w_cb
                0x00007cec       0x10 grid/grid_sys.o
                0x00007cec                dma_transfer_complete_w_cb
 .text.grid_sys_uart_init
                0x00007cfc      0x104 grid/grid_sys.o
                0x00007cfc                grid_sys_uart_init
 .text.grid_sys_dma_rx_init_one
                0x00007e00       0x64 grid/grid_sys.o
                0x00007e00                grid_sys_dma_rx_init_one
 .text.grid_sys_dma_rx_init
                0x00007e64       0x6c grid/grid_sys.o
                0x00007e64                grid_sys_dma_rx_init
 .text.grid_sys_get_bank
                0x00007ed0        0x4 grid/grid_sys.o
                0x00007ed0                grid_sys_get_bank
 .text.grid_sys_rtc_get_time
                0x00007ed4        0x4 grid/grid_sys.o
                0x00007ed4                grid_sys_rtc_get_time
 .text.grid_sys_rtc_get_elapsed_time
                0x00007ed8        0x6 grid/grid_sys.o
                0x00007ed8                grid_sys_rtc_get_elapsed_time
 .text.grid_sys_rtc_tick_time
                0x00007ede        0x8 grid/grid_sys.o
                0x00007ede                grid_sys_rtc_tick_time
 .text.grid_sys_alert_read_color_changed_flag
                0x00007ee6        0x4 grid/grid_sys.o
                0x00007ee6                grid_sys_alert_read_color_changed_flag
 .text.grid_sys_alert_clear_color_changed_flag
                0x00007eea        0x6 grid/grid_sys.o
                0x00007eea                grid_sys_alert_clear_color_changed_flag
 .text.grid_sys_alert_get_color_intensity
                0x00007ef0       0x42 grid/grid_sys.o
                0x00007ef0                grid_sys_alert_get_color_intensity
 .text.grid_sys_alert_set_alert
                0x00007f32       0x1a grid/grid_sys.o
                0x00007f32                grid_sys_alert_set_alert
 .text.grid_sys_alert_get_color_r
                0x00007f4c        0x4 grid/grid_sys.o
                0x00007f4c                grid_sys_alert_get_color_r
 .text.grid_sys_alert_get_color_g
                0x00007f50        0x4 grid/grid_sys.o
                0x00007f50                grid_sys_alert_get_color_g
 .text.grid_sys_alert_get_color_b
                0x00007f54        0x4 grid/grid_sys.o
                0x00007f54                grid_sys_alert_get_color_b
 .text.grid_sys_read_hex_char_value
                0x00007f58       0x28 grid/grid_sys.o
                0x00007f58                grid_sys_read_hex_char_value
 .text.grid_sys_read_hex_string_value
                0x00007f80       0x30 grid/grid_sys.o
                0x00007f80                grid_sys_read_hex_string_value
 .text.grid_sys_write_hex_string_value
                0x00007fb0       0x34 grid/grid_sys.o
                0x00007fb0                grid_sys_write_hex_string_value
 .text.grid_sys_get_hwcfg
                0x00007fe4       0xe4 grid/grid_sys.o
                0x00007fe4                grid_sys_get_hwcfg
 .text.grid_sys_set_bank
                0x000080c8      0x16c grid/grid_sys.o
                0x000080c8                grid_sys_set_bank
 .text.grid_sys_init
                0x00008234       0x50 grid/grid_sys.o
                0x00008234                grid_sys_init
 .text.grid_msg_checksum_calculate
                0x00008284       0x1a grid/grid_sys.o
                0x00008284                grid_msg_checksum_calculate
 *fill*         0x0000829e        0x2 
 .text.grid_msg_checksum_read
                0x000082a0       0x1c grid/grid_sys.o
                0x000082a0                grid_msg_checksum_read
 .text.grid_msg_checksum_write
                0x000082bc       0x10 grid/grid_sys.o
                0x000082bc                grid_msg_checksum_write
 .text.grid_msg_get_parameter
                0x000082cc       0x18 grid/grid_sys.o
                0x000082cc                grid_msg_get_parameter
 .text.grid_msg_set_parameter
                0x000082e4       0x14 grid/grid_sys.o
                0x000082e4                grid_msg_set_parameter
 .text.grid_msg_find_recent
                0x000082f8       0x1a grid/grid_sys.o
                0x000082f8                grid_msg_find_recent
 .text.grid_msg_push_recent
                0x00008312       0x16 grid/grid_sys.o
                0x00008312                grid_msg_push_recent
 .text.grid_ui_model_init
                0x00008328       0x20 grid/grid_ui.o
                0x00008328                grid_ui_model_init
 .text.grid_report_init
                0x00008348       0x84 grid/grid_ui.o
                0x00008348                grid_report_init
 .text.grid_report_ui_init
                0x000083cc       0x18 grid/grid_ui.o
                0x000083cc                grid_report_ui_init
 .text.grid_report_sys_init
                0x000083e4      0x260 grid/grid_ui.o
                0x000083e4                grid_report_sys_init
 .text.grid_report_render
                0x00008644       0x20 grid/grid_ui.o
                0x00008644                grid_report_render
 .text.grid_report_ui_set_changed_flag
                0x00008664        0xe grid/grid_ui.o
                0x00008664                grid_report_ui_set_changed_flag
 .text.grid_report_sys_set_changed_flag
                0x00008672        0xa grid/grid_ui.o
                0x00008672                grid_report_sys_set_changed_flag
 .text.grid_report_sys_set_payload_parameter
                0x0000867c       0x18 grid/grid_ui.o
                0x0000867c                grid_report_sys_set_payload_parameter
 .text.grid_report_sys_clear_changed_flag
                0x00008694        0xa grid/grid_ui.o
                0x00008694                grid_report_sys_clear_changed_flag
 *fill*         0x0000869e        0x2 
 .text.grid_port_process_ui
                0x000086a0      0x4d0 grid/grid_ui.o
                0x000086a0                grid_port_process_ui
 .text.grid_usb_serial_bulkin_cb
                0x00008b70        0x4 grid/grid_usb.o
 .text.grid_usb_serial_statechange_cb
                0x00008b74       0x28 grid/grid_usb.o
 .text.grid_usb_midi_bulkin_cb
                0x00008b9c       0x28 grid/grid_usb.o
 .text.grid_usb_midi_bulkout_cb
                0x00008bc4       0x28 grid/grid_usb.o
 .text.grid_usb_serial_bulkout_cb
                0x00008bec        0x4 grid/grid_usb.o
 .text.grid_usb_serial_init
                0x00008bf0       0x10 grid/grid_usb.o
                0x00008bf0                grid_usb_serial_init
 .text.grid_usb_midi_init
                0x00008c00       0x24 grid/grid_usb.o
                0x00008c00                grid_usb_midi_init
 .text.adc_async_window_threshold_reached
                0x00008c24        0x8 hal/src/hal_adc_async.o
 .text.adc_async_error_occured
                0x00008c2c        0x8 hal/src/hal_adc_async.o
 .text.adc_async_channel_conversion_done
                0x00008c34       0x68 hal/src/hal_adc_async.o
 .text.adc_async_init
                0x00008c9c       0x4c hal/src/hal_adc_async.o
                0x00008c9c                adc_async_init
 .text.adc_async_register_channel_buffer
                0x00008ce8       0x6c hal/src/hal_adc_async.o
                0x00008ce8                adc_async_register_channel_buffer
 .text.adc_async_enable_channel
                0x00008d54       0x10 hal/src/hal_adc_async.o
                0x00008d54                adc_async_enable_channel
 .text.adc_async_register_callback
                0x00008d64       0x3c hal/src/hal_adc_async.o
                0x00008d64                adc_async_register_callback
 .text.adc_async_read_channel
                0x00008da0       0x74 hal/src/hal_adc_async.o
                0x00008da0                adc_async_read_channel
 .text.adc_async_start_conversion
                0x00008e14       0x10 hal/src/hal_adc_async.o
                0x00008e14                adc_async_start_conversion
 .text.atomic_enter_critical
                0x00008e24        0xe hal/src/hal_atomic.o
                0x00008e24                atomic_enter_critical
 .text.atomic_leave_critical
                0x00008e32        0xc hal/src/hal_atomic.o
                0x00008e32                atomic_leave_critical
 *fill*         0x00008e3e        0x2 
 .text.crc_sync_init
                0x00008e40        0x8 hal/src/hal_crc_sync.o
                0x00008e40                crc_sync_init
 .text.delay_init
                0x00008e48       0x10 hal/src/hal_delay.o
                0x00008e48                delay_init
 .text.delay_us
                0x00008e58       0x24 hal/src/hal_delay.o
                0x00008e58                delay_us
 .text.delay_ms
                0x00008e7c       0x24 hal/src/hal_delay.o
                0x00008e7c                delay_ms
 .text.event_system_init
                0x00008ea0        0x8 hal/src/hal_evsys.o
                0x00008ea0                event_system_init
 .text.flash_ready
                0x00008ea8        0x8 hal/src/hal_flash.o
 .text.flash_error
                0x00008eb0        0x8 hal/src/hal_flash.o
 .text.flash_init
                0x00008eb8       0x20 hal/src/hal_flash.o
                0x00008eb8                flash_init
 .text.i2c_m_async_write
                0x00008ed8       0x2c hal/src/hal_i2c_m_async.o
 .text.i2c_m_async_read
                0x00008f04       0x2c hal/src/hal_i2c_m_async.o
 .text.i2c_tx_complete
                0x00008f30        0xe hal/src/hal_i2c_m_async.o
 .text.i2c_rx_complete
                0x00008f3e        0xe hal/src/hal_i2c_m_async.o
 .text.i2c_error
                0x00008f4c        0xe hal/src/hal_i2c_m_async.o
 *fill*         0x00008f5a        0x2 
 .text.i2c_m_async_init
                0x00008f5c       0x50 hal/src/hal_i2c_m_async.o
                0x00008f5c                i2c_m_async_init
 .text.io_write
                0x00008fac        0x4 hal/src/hal_io.o
                0x00008fac                io_write
 .text.io_read  0x00008fb0        0x4 hal/src/hal_io.o
                0x00008fb0                io_read
 .text.qspi_dma_init
                0x00008fb4        0x8 hal/src/hal_qspi_dma.o
                0x00008fb4                qspi_dma_init
 .text._spi_m_async_io_write
                0x00008fbc       0x20 hal/src/hal_spi_m_async.o
 .text._spi_m_async_io_read
                0x00008fdc       0x34 hal/src/hal_spi_m_async.o
 .text._spi_dev_error
                0x00009010       0x40 hal/src/hal_spi_m_async.o
 .text._spi_dev_complete
                0x00009050       0x2c hal/src/hal_spi_m_async.o
 .text._spi_dev_rx
                0x0000907c       0x7c hal/src/hal_spi_m_async.o
 .text._spi_dev_tx
                0x000090f8       0x48 hal/src/hal_spi_m_async.o
 .text.spi_m_async_init
                0x00009140       0x64 hal/src/hal_spi_m_async.o
                0x00009140                spi_m_async_init
 .text.spi_m_async_enable
                0x000091a4        0xc hal/src/hal_spi_m_async.o
                0x000091a4                spi_m_async_enable
 .text.spi_m_async_set_baudrate
                0x000091b0       0x18 hal/src/hal_spi_m_async.o
                0x000091b0                spi_m_async_set_baudrate
 .text.spi_m_async_set_mode
                0x000091c8       0x18 hal/src/hal_spi_m_async.o
                0x000091c8                spi_m_async_set_mode
 .text.spi_m_async_transfer
                0x000091e0       0x48 hal/src/hal_spi_m_async.o
                0x000091e0                spi_m_async_transfer
 .text.spi_m_async_register_callback
                0x00009228       0x1c hal/src/hal_spi_m_async.o
                0x00009228                spi_m_async_register_callback
 .text.spi_m_async_get_io_descriptor
                0x00009244        0x8 hal/src/hal_spi_m_async.o
                0x00009244                spi_m_async_get_io_descriptor
 .text._spi_m_dma_io_write
                0x0000924c       0x18 hal/src/hal_spi_m_dma.o
 .text._spi_m_dma_io_read
                0x00009264       0x18 hal/src/hal_spi_m_dma.o
 .text.spi_m_dma_init
                0x0000927c       0x24 hal/src/hal_spi_m_dma.o
                0x0000927c                spi_m_dma_init
 .text.spi_m_dma_enable
                0x000092a0        0xc hal/src/hal_spi_m_dma.o
                0x000092a0                spi_m_dma_enable
 .text.spi_m_dma_register_callback
                0x000092ac        0xc hal/src/hal_spi_m_dma.o
                0x000092ac                spi_m_dma_register_callback
 .text.spi_m_dma_get_io_descriptor
                0x000092b8        0x8 hal/src/hal_spi_m_dma.o
                0x000092b8                spi_m_dma_get_io_descriptor
 .text.timer_add_timer_task
                0x000092c0       0x4c hal/src/hal_timer.o
 .text.timer_process_counted
                0x0000930c       0x6c hal/src/hal_timer.o
 .text.timer_init
                0x00009378       0x1c hal/src/hal_timer.o
                0x00009378                timer_init
 .text.timer_start
                0x00009394       0x24 hal/src/hal_timer.o
                0x00009394                timer_start
 .text.timer_add_task
                0x000093b8       0x78 hal/src/hal_timer.o
                0x000093b8                timer_add_task
 .text.usart_transmission_complete
                0x00009430       0x10 hal/src/hal_usart_async.o
 .text.usart_error
                0x00009440       0x10 hal/src/hal_usart_async.o
 .text.usart_fill_rx_buffer
                0x00009450       0x20 hal/src/hal_usart_async.o
 .text.usart_async_write
                0x00009470       0x34 hal/src/hal_usart_async.o
 .text.usart_process_byte_sent
                0x000094a4       0x34 hal/src/hal_usart_async.o
 .text.usart_async_read
                0x000094d8       0x54 hal/src/hal_usart_async.o
 .text.usart_async_init
                0x0000952c       0x60 hal/src/hal_usart_async.o
                0x0000952c                usart_async_init
 .text.usart_async_enable
                0x0000958c       0x10 hal/src/hal_usart_async.o
                0x0000958c                usart_async_enable
 .text.usart_async_disable
                0x0000959c       0x10 hal/src/hal_usart_async.o
                0x0000959c                usart_async_disable
 .text.usart_async_get_io_descriptor
                0x000095ac        0x6 hal/src/hal_usart_async.o
                0x000095ac                usart_async_get_io_descriptor
 *fill*         0x000095b2        0x2 
 .text.usart_async_register_callback
                0x000095b4       0x44 hal/src/hal_usart_async.o
                0x000095b4                usart_async_register_callback
 .text.usart_async_set_parity
                0x000095f8       0x10 hal/src/hal_usart_async.o
                0x000095f8                usart_async_set_parity
 .text.usart_sync_write
                0x00009608       0x50 hal/src/hal_usart_sync.o
 .text.usart_sync_read
                0x00009658       0x38 hal/src/hal_usart_sync.o
 .text.usart_sync_init
                0x00009690       0x24 hal/src/hal_usart_sync.o
                0x00009690                usart_sync_init
 .text.usart_sync_enable
                0x000096b4       0x10 hal/src/hal_usart_sync.o
                0x000096b4                usart_sync_enable
 .text._usb_d_find_ep
                0x000096c4       0x30 hal/src/hal_usb_device.o
 .text.usb_d_dummy_cb_false
                0x000096f4        0x4 hal/src/hal_usb_device.o
 .text.usb_d_cb_trans_more
                0x000096f8       0x30 hal/src/hal_usb_device.o
 .text._usb_d_cb_trans_done
                0x00009728      0x108 hal/src/hal_usb_device.o
 .text.usb_d_cb_trans_setup
                0x00009830       0x8c hal/src/hal_usb_device.o
 .text.usb_d_init
                0x000098bc       0x68 hal/src/hal_usb_device.o
                0x000098bc                usb_d_init
 .text.usb_d_register_callback
                0x00009924        0x8 hal/src/hal_usb_device.o
                0x00009924                usb_d_register_callback
 .text.usb_d_enable
                0x0000992c        0x8 hal/src/hal_usb_device.o
                0x0000992c                usb_d_enable
 .text.usb_d_attach
                0x00009934        0x8 hal/src/hal_usb_device.o
                0x00009934                usb_d_attach
 .text.usb_d_get_frame_num
                0x0000993c        0x8 hal/src/hal_usb_device.o
                0x0000993c                usb_d_get_frame_num
 .text.usb_d_set_address
                0x00009944        0x8 hal/src/hal_usb_device.o
                0x00009944                usb_d_set_address
 .text.usb_d_ep_init
                0x0000994c       0x50 hal/src/hal_usb_device.o
                0x0000994c                usb_d_ep_init
 .text.usb_d_ep0_init
                0x0000999c       0x10 hal/src/hal_usb_device.o
                0x0000999c                usb_d_ep0_init
 .text.usb_d_ep_deinit
                0x000099ac       0x2c hal/src/hal_usb_device.o
                0x000099ac                usb_d_ep_deinit
 .text.usb_d_ep_enable
                0x000099d8       0x40 hal/src/hal_usb_device.o
                0x000099d8                usb_d_ep_enable
 .text.usb_d_ep_transfer
                0x00009a18       0xf8 hal/src/hal_usb_device.o
                0x00009a18                usb_d_ep_transfer
 .text.usb_d_ep_halt
                0x00009b10       0x64 hal/src/hal_usb_device.o
                0x00009b10                usb_d_ep_halt
 .text.usb_d_ep_register_callback
                0x00009b74       0x4c hal/src/hal_usb_device.o
                0x00009b74                usb_d_ep_register_callback
 .text.is_list_element
                0x00009bc0        0xe hal/utils/src/utils_list.o
                0x00009bc0                is_list_element
 .text.list_insert_as_head
                0x00009bce        0x8 hal/utils/src/utils_list.o
                0x00009bce                list_insert_as_head
 .text.list_insert_after
                0x00009bd6        0x8 hal/utils/src/utils_list.o
                0x00009bd6                list_insert_after
 .text.list_insert_at_end
                0x00009bde       0x18 hal/utils/src/utils_list.o
                0x00009bde                list_insert_at_end
 .text.list_remove_head
                0x00009bf6        0xc hal/utils/src/utils_list.o
                0x00009bf6                list_remove_head
 .text.ringbuffer_init
                0x00009c02       0x18 hal/utils/src/utils_ringbuffer.o
                0x00009c02                ringbuffer_init
 .text.ringbuffer_get
                0x00009c1a       0x22 hal/utils/src/utils_ringbuffer.o
                0x00009c1a                ringbuffer_get
 .text.ringbuffer_put
                0x00009c3c       0x26 hal/utils/src/utils_ringbuffer.o
                0x00009c3c                ringbuffer_put
 .text.ringbuffer_num
                0x00009c62        0x8 hal/utils/src/utils_ringbuffer.o
                0x00009c62                ringbuffer_num
 *fill*         0x00009c6a        0x2 
 .text._sbrk    0x00009c6c       0x1c hal/utils/src/utils_syscalls.o
                0x00009c6c                _sbrk
 .text._close   0x00009c88        0x6 hal/utils/src/utils_syscalls.o
                0x00009c88                _close
 .text._fstat   0x00009c8e        0xa hal/utils/src/utils_syscalls.o
                0x00009c8e                _fstat
 .text._isatty  0x00009c98        0x4 hal/utils/src/utils_syscalls.o
                0x00009c98                _isatty
 .text._lseek   0x00009c9c        0x4 hal/utils/src/utils_syscalls.o
                0x00009c9c                _lseek
 .text.__NVIC_DisableIRQ
                0x00009ca0       0x28 hpl/adc/hpl_adc.o
 .text.__NVIC_ClearPendingIRQ
                0x00009cc8       0x20 hpl/adc/hpl_adc.o
 .text.hri_adc_wait_for_sync
                0x00009ce8        0x8 hpl/adc/hpl_adc.o
 .text.hri_adc_set_CTRLA_ENABLE_bit
                0x00009cf0       0x14 hpl/adc/hpl_adc.o
 .text.hri_adc_clear_CTRLA_ENABLE_bit
                0x00009d04       0x18 hpl/adc/hpl_adc.o
 .text._adc_get_regs
                0x00009d1c       0x14 hpl/adc/hpl_adc.o
 .text._adc_interrupt_handler
                0x00009d30       0x4e hpl/adc/hpl_adc.o
 .text._adc_get_irq_num.isra.0
                0x00009d7e       0x14 hpl/adc/hpl_adc.o
 *fill*         0x00009d92        0x2 
 .text._adc_init
                0x00009d94       0xc8 hpl/adc/hpl_adc.o
 .text._adc_async_init
                0x00009e5c       0xb4 hpl/adc/hpl_adc.o
                0x00009e5c                _adc_async_init
 .text._adc_async_enable_channel
                0x00009f10        0xc hpl/adc/hpl_adc.o
                0x00009f10                _adc_async_enable_channel
 .text._adc_async_get_data_size
                0x00009f1c       0x12 hpl/adc/hpl_adc.o
                0x00009f1c                _adc_async_get_data_size
 *fill*         0x00009f2e        0x2 
 .text._adc_async_convert
                0x00009f30       0x18 hpl/adc/hpl_adc.o
                0x00009f30                _adc_async_convert
 .text._adc_async_set_irq_state
                0x00009f48       0x20 hpl/adc/hpl_adc.o
                0x00009f48                _adc_async_set_irq_state
 .text.ADC0_1_Handler
                0x00009f68       0x10 hpl/adc/hpl_adc.o
                0x00009f68                ADC0_1_Handler
 .text.ADC0_0_Handler
                0x00009f78        0x8 hpl/adc/hpl_adc.o
                0x00009f78                ADC0_0_Handler
 .text.ADC1_1_Handler
                0x00009f80       0x10 hpl/adc/hpl_adc.o
                0x00009f80                ADC1_1_Handler
 .text.ADC1_0_Handler
                0x00009f90        0x8 hpl/adc/hpl_adc.o
                0x00009f90                ADC1_0_Handler
 .text._irq_set
                0x00009f98       0x1c hpl/core/hpl_core_m4.o
                0x00009f98                _irq_set
 .text._get_cycles_for_us
                0x00009fb4        0x6 hpl/core/hpl_core_m4.o
                0x00009fb4                _get_cycles_for_us
 *fill*         0x00009fba        0x2 
 .text._get_cycles_for_ms
                0x00009fbc        0xc hpl/core/hpl_core_m4.o
                0x00009fbc                _get_cycles_for_ms
 .text._init_chip
                0x00009fc8       0x5c hpl/core/hpl_init.o
                0x00009fc8                _init_chip
 .text._dmac_handler
                0x0000a024       0x50 hpl/dmac/hpl_dmac.o
 .text._dma_init
                0x0000a074       0xd0 hpl/dmac/hpl_dmac.o
                0x0000a074                _dma_init
 .text._dma_set_irq_state
                0x0000a144       0x28 hpl/dmac/hpl_dmac.o
                0x0000a144                _dma_set_irq_state
 .text._dma_set_destination_address
                0x0000a16c       0x10 hpl/dmac/hpl_dmac.o
                0x0000a16c                _dma_set_destination_address
 .text._dma_set_source_address
                0x0000a17c       0x10 hpl/dmac/hpl_dmac.o
                0x0000a17c                _dma_set_source_address
 .text._dma_srcinc_enable
                0x0000a18c       0x1c hpl/dmac/hpl_dmac.o
                0x0000a18c                _dma_srcinc_enable
 .text._dma_set_data_amount
                0x0000a1a8       0x44 hpl/dmac/hpl_dmac.o
                0x0000a1a8                _dma_set_data_amount
 .text._dma_enable_transaction
                0x0000a1ec       0x3c hpl/dmac/hpl_dmac.o
                0x0000a1ec                _dma_enable_transaction
 .text._dma_get_channel_resource
                0x0000a228       0x14 hpl/dmac/hpl_dmac.o
                0x0000a228                _dma_get_channel_resource
 .text.DMAC_0_Handler
                0x0000a23c        0x8 hpl/dmac/hpl_dmac.o
                0x0000a23c                DMAC_0_Handler
 .text.DMAC_1_Handler
                0x0000a244        0x8 hpl/dmac/hpl_dmac.o
                0x0000a244                DMAC_1_Handler
 .text.DMAC_2_Handler
                0x0000a24c        0x8 hpl/dmac/hpl_dmac.o
                0x0000a24c                DMAC_2_Handler
 .text.DMAC_3_Handler
                0x0000a254        0x8 hpl/dmac/hpl_dmac.o
                0x0000a254                DMAC_3_Handler
 .text.DMAC_4_Handler
                0x0000a25c        0x8 hpl/dmac/hpl_dmac.o
                0x0000a25c                DMAC_4_Handler
 .text._crc_sync_init
                0x0000a264        0x6 hpl/dsu/hpl_dsu.o
                0x0000a264                _crc_sync_init
 *fill*         0x0000a26a        0x2 
 .text._event_system_init
                0x0000a26c       0x58 hpl/evsys/hpl_evsys.o
                0x0000a26c                _event_system_init
 .text.hri_gclk_wait_for_sync.constprop.0
                0x0000a2c4       0x14 hpl/gclk/hpl_gclk.o
 .text._gclk_init_generators_by_fref
                0x0000a2d8       0x58 hpl/gclk/hpl_gclk.o
                0x0000a2d8                _gclk_init_generators_by_fref
 .text._mclk_init
                0x0000a330        0xc hpl/mclk/hpl_mclk.o
                0x0000a330                _mclk_init
 .text._user_row_write_exec
                0x0000a33c       0x88 hpl/nvmctrl/hpl_nvmctrl.o
 .text._flash_init
                0x0000a3c4       0x4c hpl/nvmctrl/hpl_nvmctrl.o
                0x0000a3c4                _flash_init
 .text.NVMCTRL_1_Handler
                0x0000a410       0x2c hpl/nvmctrl/hpl_nvmctrl.o
                0x0000a410                NVMCTRL_1_Handler
 .text.NVMCTRL_0_Handler
                0x0000a43c        0x8 hpl/nvmctrl/hpl_nvmctrl.o
                0x0000a43c                NVMCTRL_0_Handler
 .text._user_area_read
                0x0000a444       0x60 hpl/nvmctrl/hpl_nvmctrl.o
                0x0000a444                _user_area_read
 .text._user_area_write
                0x0000a4a4       0x78 hpl/nvmctrl/hpl_nvmctrl.o
                0x0000a4a4                _user_area_write
 .text._osc32kctrl_init_sources
                0x0000a51c       0x14 hpl/osc32kctrl/hpl_osc32kctrl.o
                0x0000a51c                _osc32kctrl_init_sources
 .text._oscctrl_init_sources
                0x0000a530        0x2 hpl/oscctrl/hpl_oscctrl.o
                0x0000a530                _oscctrl_init_sources
 *fill*         0x0000a532        0x2 
 .text._oscctrl_init_referenced_generators
                0x0000a534       0xfc hpl/oscctrl/hpl_oscctrl.o
                0x0000a534                _oscctrl_init_referenced_generators
 .text._qspi_dma_tx_complete
                0x0000a630       0x14 hpl/qspi/hpl_qspi.o
 .text._qspi_dma_rx_complete
                0x0000a644        0x8 hpl/qspi/hpl_qspi.o
 .text._qspi_dma_error_occured
                0x0000a64c        0xa hpl/qspi/hpl_qspi.o
 *fill*         0x0000a656        0x2 
 .text._qspi_dma_init
                0x0000a658       0x58 hpl/qspi/hpl_qspi.o
                0x0000a658                _qspi_dma_init
 .text.RAMECC_Handler
                0x0000a6b0       0x3c hpl/ramecc/hpl_ramecc.o
                0x0000a6b0                RAMECC_Handler
 .text.hri_rtcmode0_wait_for_sync
                0x0000a6ec        0x8 hpl/rtc/hpl_rtc.o
 .text._rtc_timer_stop
                0x0000a6f4       0x1c hpl/rtc/hpl_rtc.o
                0x0000a6f4                _rtc_timer_stop
 .text._rtc_timer_set_period
                0x0000a710       0x10 hpl/rtc/hpl_rtc.o
                0x0000a710                _rtc_timer_set_period
 .text._rtc_timer_get_period
                0x0000a720       0x14 hpl/rtc/hpl_rtc.o
                0x0000a720                _rtc_timer_get_period
 .text._rtc_timer_is_started
                0x0000a734       0x1c hpl/rtc/hpl_rtc.o
                0x0000a734                _rtc_timer_is_started
 .text._rtc_timer_set_irq
                0x0000a750        0x2 hpl/rtc/hpl_rtc.o
                0x0000a750                _rtc_timer_set_irq
 *fill*         0x0000a752        0x2 
 .text._rtc_timer_start
                0x0000a754       0x3c hpl/rtc/hpl_rtc.o
                0x0000a754                _rtc_timer_start
 .text._rtc_timer_deinit
                0x0000a790       0x28 hpl/rtc/hpl_rtc.o
                0x0000a790                _rtc_timer_deinit
 .text._rtc_timer_init
                0x0000a7b8       0x48 hpl/rtc/hpl_rtc.o
                0x0000a7b8                _rtc_timer_init
 .text._rtc_get_timer
                0x0000a800        0x8 hpl/rtc/hpl_rtc.o
                0x0000a800                _rtc_get_timer
 .text.RTC_Handler
                0x0000a808       0x24 hpl/rtc/hpl_rtc.o
                0x0000a808                RTC_Handler
 .text.__NVIC_EnableIRQ
                0x0000a82c       0x1c hpl/sercom/hpl_sercom.o
 .text.__NVIC_DisableIRQ
                0x0000a848       0x28 hpl/sercom/hpl_sercom.o
 .text.__NVIC_ClearPendingIRQ
                0x0000a870       0x20 hpl/sercom/hpl_sercom.o
 .text.hri_sercomi2cm_wait_for_sync
                0x0000a890        0x8 hpl/sercom/hpl_sercom.o
 .text.hri_sercomspi_wait_for_sync
                0x0000a898        0x8 hpl/sercom/hpl_sercom.o
 .text.hri_sercomusart_wait_for_sync
                0x0000a8a0        0x8 hpl/sercom/hpl_sercom.o
 .text.hri_sercomi2cm_clear_CTRLA_ENABLE_bit
                0x0000a8a8       0x14 hpl/sercom/hpl_sercom.o
 .text.hri_sercomspi_clear_CTRLA_ENABLE_bit
                0x0000a8bc       0x14 hpl/sercom/hpl_sercom.o
 .text.hri_sercomusart_get_CTRLA_ENABLE_bit
                0x0000a8d0       0x14 hpl/sercom/hpl_sercom.o
 .text.hri_sercomusart_write_CTRLA_ENABLE_bit
                0x0000a8e4       0x18 hpl/sercom/hpl_sercom.o
 .text.hri_sercomusart_clear_CTRLA_ENABLE_bit
                0x0000a8fc       0x14 hpl/sercom/hpl_sercom.o
 .text._sercom_get_hardware_index
                0x0000a910       0x34 hpl/sercom/hpl_sercom.o
 .text._sercom_usart_interrupt_handler
                0x0000a944       0x70 hpl/sercom/hpl_sercom.o
 .text._sercom_init_irq_param
                0x0000a9b4       0x60 hpl/sercom/hpl_sercom.o
 .text._get_i2cm_index
                0x0000aa14       0x14 hpl/sercom/hpl_sercom.o
 .text._sercom_get_irq_num
                0x0000aa28       0x14 hpl/sercom/hpl_sercom.o
 .text._spi_sync_enable
                0x0000aa3c       0x28 hpl/sercom/hpl_sercom.o
 .text._spi_get_regs
                0x0000aa64       0x2c hpl/sercom/hpl_sercom.o
 .text._spi_get_tx_dma_channel
                0x0000aa90       0x14 hpl/sercom/hpl_sercom.o
 .text._spi_get_rx_dma_channel
                0x0000aaa4       0x14 hpl/sercom/hpl_sercom.o
 .text._spi_dma_rx_complete
                0x0000aab8        0xa hpl/sercom/hpl_sercom.o
 .text._spi_dma_tx_complete
                0x0000aac2        0xa hpl/sercom/hpl_sercom.o
 .text._spi_dma_error_occured
                0x0000aacc        0xa hpl/sercom/hpl_sercom.o
 *fill*         0x0000aad6        0x2 
 .text._usart_set_parity
                0x0000aad8       0x78 hpl/sercom/hpl_sercom.o
 .text._sercom_i2c_send_stop
                0x0000ab50       0x14 hpl/sercom/hpl_sercom.o
 .text._sercom_i2c_sync_analyse_flags
                0x0000ab64      0x16c hpl/sercom/hpl_sercom.o
 .text._spi_load_regs_master
                0x0000acd0       0x3c hpl/sercom/hpl_sercom.o
 .text._spi_set_mode
                0x0000ad0c       0x34 hpl/sercom/hpl_sercom.o
 .text._i2c_m_sync_init_impl
                0x0000ad40       0xb0 hpl/sercom/hpl_sercom.o
 .text._usart_init
                0x0000adf0       0xdc hpl/sercom/hpl_sercom.o
 .text._usart_sync_init
                0x0000aecc        0xc hpl/sercom/hpl_sercom.o
                0x0000aecc                _usart_sync_init
 .text._usart_async_init
                0x0000aed8       0x64 hpl/sercom/hpl_sercom.o
                0x0000aed8                _usart_async_init
 .text._usart_sync_enable
                0x0000af3c       0x14 hpl/sercom/hpl_sercom.o
                0x0000af3c                _usart_sync_enable
 .text._usart_async_enable
                0x0000af50       0x14 hpl/sercom/hpl_sercom.o
                0x0000af50                _usart_async_enable
 .text._usart_async_disable
                0x0000af64        0xc hpl/sercom/hpl_sercom.o
                0x0000af64                _usart_async_disable
 .text._usart_async_set_parity
                0x0000af70        0xc hpl/sercom/hpl_sercom.o
                0x0000af70                _usart_async_set_parity
 .text._usart_sync_write_byte
                0x0000af7c        0x6 hpl/sercom/hpl_sercom.o
                0x0000af7c                _usart_sync_write_byte
 .text._usart_async_write_byte
                0x0000af82        0x6 hpl/sercom/hpl_sercom.o
                0x0000af82                _usart_async_write_byte
 .text._usart_sync_read_byte
                0x0000af88        0x8 hpl/sercom/hpl_sercom.o
                0x0000af88                _usart_sync_read_byte
 .text._usart_sync_is_ready_to_send
                0x0000af90        0xa hpl/sercom/hpl_sercom.o
                0x0000af90                _usart_sync_is_ready_to_send
 .text._usart_sync_is_transmit_done
                0x0000af9a        0xa hpl/sercom/hpl_sercom.o
                0x0000af9a                _usart_sync_is_transmit_done
 .text._usart_sync_is_byte_received
                0x0000afa4        0xa hpl/sercom/hpl_sercom.o
                0x0000afa4                _usart_sync_is_byte_received
 .text._usart_async_enable_byte_sent_irq
                0x0000afae        0x8 hpl/sercom/hpl_sercom.o
                0x0000afae                _usart_async_enable_byte_sent_irq
 .text._usart_async_enable_tx_done_irq
                0x0000afb6        0x8 hpl/sercom/hpl_sercom.o
                0x0000afb6                _usart_async_enable_tx_done_irq
 .text._usart_async_set_irq_state
                0x0000afbe       0x32 hpl/sercom/hpl_sercom.o
                0x0000afbe                _usart_async_set_irq_state
 .text._i2c_m_async_init
                0x0000aff0       0x64 hpl/sercom/hpl_sercom.o
                0x0000aff0                _i2c_m_async_init
 .text._i2c_m_async_transfer
                0x0000b054       0xc0 hpl/sercom/hpl_sercom.o
                0x0000b054                _i2c_m_async_transfer
 .text._i2c_m_async_register_callback
                0x0000b114       0x1a hpl/sercom/hpl_sercom.o
                0x0000b114                _i2c_m_async_register_callback
 *fill*         0x0000b12e        0x2 
 .text.SERCOM0_3_Handler
                0x0000b130       0x10 hpl/sercom/hpl_sercom.o
                0x0000b130                SERCOM0_3_Handler
 .text.SERCOM0_2_Handler
                0x0000b140        0x8 hpl/sercom/hpl_sercom.o
                0x0000b140                SERCOM0_2_Handler
 .text.SERCOM0_1_Handler
                0x0000b148        0x8 hpl/sercom/hpl_sercom.o
                0x0000b148                SERCOM0_1_Handler
 .text.SERCOM0_0_Handler
                0x0000b150        0x8 hpl/sercom/hpl_sercom.o
                0x0000b150                SERCOM0_0_Handler
 .text.SERCOM1_3_Handler
                0x0000b158       0x10 hpl/sercom/hpl_sercom.o
                0x0000b158                SERCOM1_3_Handler
 .text.SERCOM1_2_Handler
                0x0000b168        0x8 hpl/sercom/hpl_sercom.o
                0x0000b168                SERCOM1_2_Handler
 .text.SERCOM1_1_Handler
                0x0000b170        0x8 hpl/sercom/hpl_sercom.o
                0x0000b170                SERCOM1_1_Handler
 .text.SERCOM1_0_Handler
                0x0000b178        0x8 hpl/sercom/hpl_sercom.o
                0x0000b178                SERCOM1_0_Handler
 .text.SERCOM3_3_Handler
                0x0000b180       0x44 hpl/sercom/hpl_sercom.o
                0x0000b180                SERCOM3_3_Handler
 .text.SERCOM3_2_Handler
                0x0000b1c4        0x8 hpl/sercom/hpl_sercom.o
                0x0000b1c4                SERCOM3_2_Handler
 .text.SERCOM3_1_Handler
                0x0000b1cc        0x8 hpl/sercom/hpl_sercom.o
                0x0000b1cc                SERCOM3_1_Handler
 .text.SERCOM3_0_Handler
                0x0000b1d4        0x8 hpl/sercom/hpl_sercom.o
                0x0000b1d4                SERCOM3_0_Handler
 .text.SERCOM4_3_Handler
                0x0000b1dc       0x10 hpl/sercom/hpl_sercom.o
                0x0000b1dc                SERCOM4_3_Handler
 .text.SERCOM4_2_Handler
                0x0000b1ec        0x8 hpl/sercom/hpl_sercom.o
                0x0000b1ec                SERCOM4_2_Handler
 .text.SERCOM4_1_Handler
                0x0000b1f4        0x8 hpl/sercom/hpl_sercom.o
                0x0000b1f4                SERCOM4_1_Handler
 .text.SERCOM4_0_Handler
                0x0000b1fc        0x8 hpl/sercom/hpl_sercom.o
                0x0000b1fc                SERCOM4_0_Handler
 .text.SERCOM5_3_Handler
                0x0000b204       0x64 hpl/sercom/hpl_sercom.o
                0x0000b204                SERCOM5_3_Handler
 .text.SERCOM5_2_Handler
                0x0000b268        0x8 hpl/sercom/hpl_sercom.o
                0x0000b268                SERCOM5_2_Handler
 .text.SERCOM5_1_Handler
                0x0000b270        0x8 hpl/sercom/hpl_sercom.o
                0x0000b270                SERCOM5_1_Handler
 .text.SERCOM5_0_Handler
                0x0000b278        0x8 hpl/sercom/hpl_sercom.o
                0x0000b278                SERCOM5_0_Handler
 .text.SERCOM6_3_Handler
                0x0000b280       0x10 hpl/sercom/hpl_sercom.o
                0x0000b280                SERCOM6_3_Handler
 .text.SERCOM6_2_Handler
                0x0000b290        0x8 hpl/sercom/hpl_sercom.o
                0x0000b290                SERCOM6_2_Handler
 .text.SERCOM6_1_Handler
                0x0000b298        0x8 hpl/sercom/hpl_sercom.o
                0x0000b298                SERCOM6_1_Handler
 .text.SERCOM6_0_Handler
                0x0000b2a0        0x8 hpl/sercom/hpl_sercom.o
                0x0000b2a0                SERCOM6_0_Handler
 .text._spi_m_sync_init
                0x0000b2a8       0xd0 hpl/sercom/hpl_sercom.o
                0x0000b2a8                _spi_m_sync_init
 .text._spi_m_async_init
                0x0000b378       0x58 hpl/sercom/hpl_sercom.o
                0x0000b378                _spi_m_async_init
 .text._spi_s_async_enable
                0x0000b3d0       0x34 hpl/sercom/hpl_sercom.o
                0x0000b3d0                _spi_s_async_enable
 .text._spi_m_async_enable
                0x0000b404        0x8 hpl/sercom/hpl_sercom.o
                0x0000b404                _spi_m_async_enable
 .text._spi_s_async_set_mode
                0x0000b40c        0xc hpl/sercom/hpl_sercom.o
                0x0000b40c                _spi_s_async_set_mode
 .text._spi_m_async_set_mode
                0x0000b418        0x8 hpl/sercom/hpl_sercom.o
                0x0000b418                _spi_m_async_set_mode
 .text._spi_m_async_set_baudrate
                0x0000b420       0x14 hpl/sercom/hpl_sercom.o
                0x0000b420                _spi_m_async_set_baudrate
 .text._spi_m_async_enable_tx
                0x0000b434       0x10 hpl/sercom/hpl_sercom.o
                0x0000b434                _spi_m_async_enable_tx
 .text._spi_m_async_enable_rx
                0x0000b444       0x10 hpl/sercom/hpl_sercom.o
                0x0000b444                _spi_m_async_enable_rx
 .text._spi_m_async_enable_tx_complete
                0x0000b454       0x10 hpl/sercom/hpl_sercom.o
                0x0000b454                _spi_m_async_enable_tx_complete
 .text._spi_m_async_write_one
                0x0000b464        0x8 hpl/sercom/hpl_sercom.o
                0x0000b464                _spi_m_async_write_one
 .text._spi_m_async_read_one
                0x0000b46c        0x8 hpl/sercom/hpl_sercom.o
                0x0000b46c                _spi_m_async_read_one
 .text._spi_m_async_register_callback
                0x0000b474        0xa hpl/sercom/hpl_sercom.o
                0x0000b474                _spi_m_async_register_callback
 .text._spi_m_async_set_irq_state
                0x0000b47e       0x12 hpl/sercom/hpl_sercom.o
                0x0000b47e                _spi_m_async_set_irq_state
 .text._spi_m_dma_init
                0x0000b490       0xc4 hpl/sercom/hpl_sercom.o
                0x0000b490                _spi_m_dma_init
 .text._spi_m_dma_enable
                0x0000b554        0xc hpl/sercom/hpl_sercom.o
                0x0000b554                _spi_m_dma_enable
 .text._spi_m_dma_register_callback
                0x0000b560       0x64 hpl/sercom/hpl_sercom.o
                0x0000b560                _spi_m_dma_register_callback
 .text._spi_m_dma_transfer
                0x0000b5c4       0xf8 hpl/sercom/hpl_sercom.o
                0x0000b5c4                _spi_m_dma_transfer
 .text._delay_init
                0x0000b6bc       0x14 hpl/systick/hpl_systick.o
                0x0000b6bc                _delay_init
 .text._delay_cycles
                0x0000b6d0       0x38 hpl/systick/hpl_systick.o
                0x0000b6d0                _delay_cycles
 .text.__NVIC_DisableIRQ
                0x0000b708       0x28 hpl/tc/hpl_tc.o
 .text.hri_tc_wait_for_sync
                0x0000b730        0x8 hpl/tc/hpl_tc.o
 .text._tc_timer_start
                0x0000b738       0x14 hpl/tc/hpl_tc.o
                0x0000b738                _tc_timer_start
 .text._tc_timer_get_period
                0x0000b74c       0x50 hpl/tc/hpl_tc.o
                0x0000b74c                _tc_timer_get_period
 .text._tc_timer_is_started
                0x0000b79c       0x18 hpl/tc/hpl_tc.o
                0x0000b79c                _tc_timer_is_started
 .text.tc_interrupt_handler
                0x0000b7b4       0x12 hpl/tc/hpl_tc.o
 *fill*         0x0000b7c6        0x2 
 .text.get_tc_index
                0x0000b7c8       0x50 hpl/tc/hpl_tc.o
 .text._tc_timer_set_irq
                0x0000b818       0x28 hpl/tc/hpl_tc.o
                0x0000b818                _tc_timer_set_irq
 .text._tc_timer_stop
                0x0000b840       0x14 hpl/tc/hpl_tc.o
                0x0000b840                _tc_timer_stop
 .text._tc_timer_deinit
                0x0000b854       0x4c hpl/tc/hpl_tc.o
                0x0000b854                _tc_timer_deinit
 .text._tc_timer_init
                0x0000b8a0      0x150 hpl/tc/hpl_tc.o
                0x0000b8a0                _tc_timer_init
 .text._tc_timer_set_period
                0x0000b9f0       0x3c hpl/tc/hpl_tc.o
                0x0000b9f0                _tc_timer_set_period
 .text._tc_get_timer
                0x0000ba2c        0x8 hpl/tc/hpl_tc.o
                0x0000ba2c                _tc_get_timer
 .text.TC0_Handler
                0x0000ba34       0x10 hpl/tc/hpl_tc.o
                0x0000ba34                TC0_Handler
 .text.TC1_Handler
                0x0000ba44       0x10 hpl/tc/hpl_tc.o
                0x0000ba44                TC1_Handler
 .text.TC2_Handler
                0x0000ba54       0x10 hpl/tc/hpl_tc.o
                0x0000ba54                TC2_Handler
 .text.TC3_Handler
                0x0000ba64       0x10 hpl/tc/hpl_tc.o
                0x0000ba64                TC3_Handler
 .text._dummy_func_no_return
                0x0000ba74        0x4 hpl/usb/hpl_usb.o
 .text._usb_d_dev_wait_dfll_rdy
                0x0000ba78       0x24 hpl/usb/hpl_usb.o
 .text._usb_d_dev_ept
                0x0000ba9c       0x18 hpl/usb/hpl_usb.o
 .text._usb_d_dev_handle_setup
                0x0000bab4       0x84 hpl/usb/hpl_usb.o
 .text._usb_d_dev_handle_stall
                0x0000bb38       0x28 hpl/usb/hpl_usb.o
 .text._usb_d_dev_trans_done
                0x0000bb60       0x24 hpl/usb/hpl_usb.o
 .text._usb_d_dev_trans_stop
                0x0000bb84       0x64 hpl/usb/hpl_usb.o
 .text._usb_d_dev_handle_trfail
                0x0000bbe8       0xec hpl/usb/hpl_usb.o
 .text._usb_d_dev_reset_epts
                0x0000bcd4       0x3c hpl/usb/hpl_usb.o
 .text._usb_d_dev_in_next
                0x0000bd10      0x158 hpl/usb/hpl_usb.o
 .text._usb_d_dev_out_next
                0x0000be68      0x1ac hpl/usb/hpl_usb.o
 .text._usb_d_dev_handler
                0x0000c014      0x1dc hpl/usb/hpl_usb.o
 .text._usbd_ep_pcksize_size
                0x0000c1f0       0x3e hpl/usb/hpl_usb.o
 *fill*         0x0000c22e        0x2 
 .text._usb_d_dev_init
                0x0000c230       0xe8 hpl/usb/hpl_usb.o
                0x0000c230                _usb_d_dev_init
 .text._usb_d_dev_enable
                0x0000c318       0x5c hpl/usb/hpl_usb.o
                0x0000c318                _usb_d_dev_enable
 .text._usb_d_dev_attach
                0x0000c374       0x12 hpl/usb/hpl_usb.o
                0x0000c374                _usb_d_dev_attach
 .text._usb_d_dev_set_address
                0x0000c386        0xc hpl/usb/hpl_usb.o
                0x0000c386                _usb_d_dev_set_address
 .text._usb_d_dev_get_frame_n
                0x0000c392        0xc hpl/usb/hpl_usb.o
                0x0000c392                _usb_d_dev_get_frame_n
 *fill*         0x0000c39e        0x2 
 .text._usb_d_dev_ep_init
                0x0000c3a0       0xc0 hpl/usb/hpl_usb.o
                0x0000c3a0                _usb_d_dev_ep_init
 .text._usb_d_dev_ep_deinit
                0x0000c460       0x84 hpl/usb/hpl_usb.o
                0x0000c460                _usb_d_dev_ep_deinit
 .text._usb_d_dev_ep_enable
                0x0000c4e4      0x17c hpl/usb/hpl_usb.o
                0x0000c4e4                _usb_d_dev_ep_enable
 .text._usb_d_dev_ep_stall
                0x0000c660       0xe4 hpl/usb/hpl_usb.o
                0x0000c660                _usb_d_dev_ep_stall
 .text._usb_d_dev_ep_read_req
                0x0000c744       0x54 hpl/usb/hpl_usb.o
                0x0000c744                _usb_d_dev_ep_read_req
 .text._usb_d_dev_ep_trans
                0x0000c798      0x108 hpl/usb/hpl_usb.o
                0x0000c798                _usb_d_dev_ep_trans
 .text._usb_d_dev_register_callback
                0x0000c8a0       0x24 hpl/usb/hpl_usb.o
                0x0000c8a0                _usb_d_dev_register_callback
 .text._usb_d_dev_register_ep_callback
                0x0000c8c4       0x2c hpl/usb/hpl_usb.o
                0x0000c8c4                _usb_d_dev_register_ep_callback
 .text.USB_0_Handler
                0x0000c8f0        0x8 hpl/usb/hpl_usb.o
                0x0000c8f0                USB_0_Handler
 .text.USB_1_Handler
                0x0000c8f8        0x8 hpl/usb/hpl_usb.o
                0x0000c8f8                USB_1_Handler
 .text.USB_2_Handler
                0x0000c900        0x8 hpl/usb/hpl_usb.o
                0x0000c900                USB_2_Handler
 .text.USB_3_Handler
                0x0000c908        0x8 hpl/usb/hpl_usb.o
                0x0000c908                USB_3_Handler
 .text._wdt_init
                0x0000c910       0x42 hpl/wdt/hpl_wdt.o
                0x0000c910                _wdt_init
 *fill*         0x0000c952        0x2 
 .text.RTC_Scheduler_report_cb
                0x0000c954        0xc main.o
 .text.RTC_Scheduler_heartbeat_cb
                0x0000c960       0x10 main.o
 .text.RTC_Scheduler_ping_cb
                0x0000c970       0x3c main.o
 .text.RTC_Scheduler_realtime_cb
                0x0000c9ac       0xa0 main.o
 .text.init_timer
                0x0000ca4c       0x84 main.o
                0x0000ca4c                init_timer
 .text.startup.main
                0x0000cad0      0x530 main.o
                0x0000cad0                main
 .text._read    0x0000d000       0x20 stdio_redirect/gcc/read.o
                0x0000d000                _read
 .text._write   0x0000d020       0x24 stdio_redirect/gcc/write.o
                0x0000d020                _write
 .text.stdio_io_init
                0x0000d044       0x2c stdio_redirect/stdio_io.o
                0x0000d044                stdio_io_init
 .text.stdio_io_read
                0x0000d070       0x1c stdio_redirect/stdio_io.o
                0x0000d070                stdio_io_read
 .text.stdio_io_write
                0x0000d08c       0x1c stdio_redirect/stdio_io.o
                0x0000d08c                stdio_io_write
 .text.stdio_redirect_init
                0x0000d0a8       0x20 stdio_start.o
                0x0000d0a8                stdio_redirect_init
 .text.cdcdf_acm_req
                0x0000d0c8       0xdc usb/class/cdc/device/cdcdf_acm.o
 .text.cdcdf_acm_ctrl
                0x0000d1a4      0x138 usb/class/cdc/device/cdcdf_acm.o
 .text.cdcdf_acm_init
                0x0000d2dc       0x44 usb/class/cdc/device/cdcdf_acm.o
                0x0000d2dc                cdcdf_acm_init
 .text.cdcdf_acm_read
                0x0000d320       0x2c usb/class/cdc/device/cdcdf_acm.o
                0x0000d320                cdcdf_acm_read
 .text.cdcdf_acm_write
                0x0000d34c       0x2c usb/class/cdc/device/cdcdf_acm.o
                0x0000d34c                cdcdf_acm_write
 .text.cdcdf_acm_register_callback
                0x0000d378       0x40 usb/class/cdc/device/cdcdf_acm.o
                0x0000d378                cdcdf_acm_register_callback
 .text.hid_keyboard_req
                0x0000d3b8       0x88 usb/class/hid/device/hiddf_keyboard.o
 .text.hid_keyboard_ctrl
                0x0000d440      0x110 usb/class/hid/device/hiddf_keyboard.o
 .text.hiddf_keyboard_init
                0x0000d550       0x44 usb/class/hid/device/hiddf_keyboard.o
                0x0000d550                hiddf_keyboard_init
 .text.hiddf_keyboard_keys_state_change
                0x0000d594       0x8c usb/class/hid/device/hiddf_keyboard.o
                0x0000d594                hiddf_keyboard_keys_state_change
 .text.hid_mouse_req
                0x0000d620       0x88 usb/class/hid/device/hiddf_mouse.o
 .text.hid_mouse_ctrl
                0x0000d6a8       0xe4 usb/class/hid/device/hiddf_mouse.o
 .text.hiddf_mouse_init
                0x0000d78c       0x44 usb/class/hid/device/hiddf_mouse.o
                0x0000d78c                hiddf_mouse_init
 .text.hiddf_mouse_move
                0x0000d7d0       0x48 usb/class/hid/device/hiddf_mouse.o
                0x0000d7d0                hiddf_mouse_move
 .text.audio_midi_req
                0x0000d818       0x78 usb/class/midi/device/audiodf_midi.o
 .text.audio_midi_ctrl
                0x0000d890      0x180 usb/class/midi/device/audiodf_midi.o
 .text.audiodf_midi_init
                0x0000da10       0x44 usb/class/midi/device/audiodf_midi.o
                0x0000da10                audiodf_midi_init
 .text.audiodf_midi_write
                0x0000da54       0x28 usb/class/midi/device/audiodf_midi.o
                0x0000da54                audiodf_midi_write
 .text.audiodf_midi_read
                0x0000da7c       0x20 usb/class/midi/device/audiodf_midi.o
                0x0000da7c                audiodf_midi_read
 .text.audiodf_midi_register_callback
                0x0000da9c       0x30 usb/class/midi/device/audiodf_midi.o
                0x0000da9c                audiodf_midi_register_callback
 .text.usbdc_unconfig
                0x0000dacc       0x1c usb/device/usbdc.o
 .text.usbdc_change_notify
                0x0000dae8       0x20 usb/device/usbdc.o
 .text.usbdc_request_handler
                0x0000db08       0x38 usb/device/usbdc.o
 .text.usbd_sof_cb
                0x0000db40       0x18 usb/device/usbdc.o
 .text.usbdc_cb_ctl_done
                0x0000db58       0x68 usb/device/usbdc.o
 .text.usbdc_reset
                0x0000dbc0       0x5c usb/device/usbdc.o
                0x0000dbc0                usbdc_reset
 .text.usbd_event_cb
                0x0000dc1c       0x18 usb/device/usbdc.o
 .text.usbdc_xfer
                0x0000dc34       0x20 usb/device/usbdc.o
                0x0000dc34                usbdc_xfer
 .text.usbdc_cb_ctl_req
                0x0000dc54      0x328 usb/device/usbdc.o
 .text.usbdc_register_handler
                0x0000df7c       0x2c usb/device/usbdc.o
                0x0000df7c                usbdc_register_handler
 .text.usbdc_init
                0x0000dfa8       0x44 usb/device/usbdc.o
                0x0000dfa8                usbdc_init
 .text.usbdc_register_function
                0x0000dfec       0x10 usb/device/usbdc.o
                0x0000dfec                usbdc_register_function
 .text.usbdc_start
                0x0000dffc       0x34 usb/device/usbdc.o
                0x0000dffc                usbdc_start
 .text.usbdc_attach
                0x0000e030        0x8 usb/device/usbdc.o
                0x0000e030                usbdc_attach
 .text.usbdc_get_ctrl_buffer
                0x0000e038        0xc usb/device/usbdc.o
                0x0000e038                usbdc_get_ctrl_buffer
 .text.usbdc_get_state
                0x0000e044       0x14 usb/device/usbdc.o
                0x0000e044                usbdc_get_state
 .text.usb_find_desc
                0x0000e058       0x1a usb/usb_protocol.o
                0x0000e058                usb_find_desc
 .text.usb_find_ep_desc
                0x0000e072       0x1c usb/usb_protocol.o
                0x0000e072                usb_find_ep_desc
 *fill*         0x0000e08e        0x2 
 .text.usb_find_cfg_desc
                0x0000e090       0x3c usb/usb_protocol.o
                0x0000e090                usb_find_cfg_desc
 .text.usb_find_str_desc
                0x0000e0cc       0x30 usb/usb_protocol.o
                0x0000e0cc                usb_find_str_desc
 .text.gpio_get_pin_level
                0x0000e0fc       0x48 usb_start.o
 .text.hiddf_demo_sof_event
                0x0000e144       0x78 usb_start.o
 .text.composite_device_init
                0x0000e1bc       0x2c usb_start.o
                0x0000e1bc                composite_device_init
 .text.composite_device_start
                0x0000e1e8       0x1c usb_start.o
                0x0000e1e8                composite_device_start
 .text.usb_init
                0x0000e204        0x8 usb_start.o
                0x0000e204                usb_init
 .text          0x0000e20c      0x370 c:/program files (x86)/atmel/studio/7.0/toolchain/arm/arm-gnu-toolchain/bin/../lib/gcc/arm-none-eabi/6.3.1/thumb/v7e-m\libgcc.a(_arm_addsubdf3.o)
                0x0000e20c                __aeabi_drsub
                0x0000e214                __aeabi_dsub
                0x0000e214                __subdf3
                0x0000e218                __aeabi_dadd
                0x0000e218                __adddf3
                0x0000e490                __floatunsidf
                0x0000e490                __aeabi_ui2d
                0x0000e4b0                __floatsidf
                0x0000e4b0                __aeabi_i2d
                0x0000e4d4                __aeabi_f2d
                0x0000e4d4                __extendsfdf2
                0x0000e510                __floatundidf
                0x0000e510                __aeabi_ul2d
                0x0000e520                __floatdidf
                0x0000e520                __aeabi_l2d
 .text          0x0000e57c      0x424 c:/program files (x86)/atmel/studio/7.0/toolchain/arm/arm-gnu-toolchain/bin/../lib/gcc/arm-none-eabi/6.3.1/thumb/v7e-m\libgcc.a(_arm_muldivdf3.o)
                0x0000e57c                __aeabi_dmul
                0x0000e57c                __muldf3
                0x0000e7d0                __divdf3
                0x0000e7d0                __aeabi_ddiv
 .text          0x0000e9a0       0x40 c:/program files (x86)/atmel/studio/7.0/toolchain/arm/arm-gnu-toolchain/bin/../lib/gcc/arm-none-eabi/6.3.1/thumb/v7e-m\libgcc.a(_arm_fixunsdfsi.o)
                0x0000e9a0                __aeabi_d2uiz
                0x0000e9a0                __fixunsdfsi
 .text.__libc_init_array
                0x0000e9e0       0x48 c:/program files (x86)/atmel/studio/7.0/toolchain/arm/arm-gnu-toolchain/bin/../lib/gcc/arm-none-eabi/6.3.1/../../../../arm-none-eabi/lib/thumb/v7e-m\libc_nano.a(lib_a-init.o)
                0x0000e9e0                __libc_init_array
 .text.malloc   0x0000ea28       0x10 c:/program files (x86)/atmel/studio/7.0/toolchain/arm/arm-gnu-toolchain/bin/../lib/gcc/arm-none-eabi/6.3.1/../../../../arm-none-eabi/lib/thumb/v7e-m\libc_nano.a(lib_a-malloc.o)
                0x0000ea28                malloc
 .text.memcpy   0x0000ea38       0x16 c:/program files (x86)/atmel/studio/7.0/toolchain/arm/arm-gnu-toolchain/bin/../lib/gcc/arm-none-eabi/6.3.1/../../../../arm-none-eabi/lib/thumb/v7e-m\libc_nano.a(lib_a-memcpy-stub.o)
                0x0000ea38                memcpy
 .text.memset   0x0000ea4e       0x10 c:/program files (x86)/atmel/studio/7.0/toolchain/arm/arm-gnu-toolchain/bin/../lib/gcc/arm-none-eabi/6.3.1/../../../../arm-none-eabi/lib/thumb/v7e-m\libc_nano.a(lib_a-memset.o)
                0x0000ea4e                memset
 *fill*         0x0000ea5e        0x2 
 .text._free_r  0x0000ea60       0x9c c:/program files (x86)/atmel/studio/7.0/toolchain/arm/arm-gnu-toolchain/bin/../lib/gcc/arm-none-eabi/6.3.1/../../../../arm-none-eabi/lib/thumb/v7e-m\libc_nano.a(lib_a-nano-freer.o)
                0x0000ea60                _free_r
 .text._malloc_r
                0x0000eafc       0xbc c:/program files (x86)/atmel/studio/7.0/toolchain/arm/arm-gnu-toolchain/bin/../lib/gcc/arm-none-eabi/6.3.1/../../../../arm-none-eabi/lib/thumb/v7e-m\libc_nano.a(lib_a-nano-mallocr.o)
                0x0000eafc                _malloc_r
 .text.printf   0x0000ebb8       0x30 c:/program files (x86)/atmel/studio/7.0/toolchain/arm/arm-gnu-toolchain/bin/../lib/gcc/arm-none-eabi/6.3.1/../../../../arm-none-eabi/lib/thumb/v7e-m\libc_nano.a(lib_a-printf.o)
                0x0000ebb8                iprintf
                0x0000ebb8                printf
 .text._puts_r  0x0000ebe8       0xb8 c:/program files (x86)/atmel/studio/7.0/toolchain/arm/arm-gnu-toolchain/bin/../lib/gcc/arm-none-eabi/6.3.1/../../../../arm-none-eabi/lib/thumb/v7e-m\libc_nano.a(lib_a-puts.o)
                0x0000ebe8                _puts_r
 .text.puts     0x0000eca0       0x10 c:/program files (x86)/atmel/studio/7.0/toolchain/arm/arm-gnu-toolchain/bin/../lib/gcc/arm-none-eabi/6.3.1/../../../../arm-none-eabi/lib/thumb/v7e-m\libc_nano.a(lib_a-puts.o)
                0x0000eca0                puts
 .text._sbrk_r  0x0000ecb0       0x20 c:/program files (x86)/atmel/studio/7.0/toolchain/arm/arm-gnu-toolchain/bin/../lib/gcc/arm-none-eabi/6.3.1/../../../../arm-none-eabi/lib/thumb/v7e-m\libc_nano.a(lib_a-sbrkr.o)
                0x0000ecb0                _sbrk_r
 .text.setbuf   0x0000ecd0       0x10 c:/program files (x86)/atmel/studio/7.0/toolchain/arm/arm-gnu-toolchain/bin/../lib/gcc/arm-none-eabi/6.3.1/../../../../arm-none-eabi/lib/thumb/v7e-m\libc_nano.a(lib_a-setbuf.o)
                0x0000ecd0                setbuf
 .text.setvbuf  0x0000ece0      0x15c c:/program files (x86)/atmel/studio/7.0/toolchain/arm/arm-gnu-toolchain/bin/../lib/gcc/arm-none-eabi/6.3.1/../../../../arm-none-eabi/lib/thumb/v7e-m\libc_nano.a(lib_a-setvbuf.o)
                0x0000ece0                setvbuf
 .text.sprintf  0x0000ee3c       0x48 c:/program files (x86)/atmel/studio/7.0/toolchain/arm/arm-gnu-toolchain/bin/../lib/gcc/arm-none-eabi/6.3.1/../../../../arm-none-eabi/lib/thumb/v7e-m\libc_nano.a(lib_a-sprintf.o)
                0x0000ee3c                siprintf
                0x0000ee3c                sprintf
 .text          0x0000ee84       0x10 c:/program files (x86)/atmel/studio/7.0/toolchain/arm/arm-gnu-toolchain/bin/../lib/gcc/arm-none-eabi/6.3.1/../../../../arm-none-eabi/lib/thumb/v7e-m\libc_nano.a(lib_a-strlen.o)
                0x0000ee84                strlen
 .text.__swbuf_r
                0x0000ee94       0xa4 c:/program files (x86)/atmel/studio/7.0/toolchain/arm/arm-gnu-toolchain/bin/../lib/gcc/arm-none-eabi/6.3.1/../../../../arm-none-eabi/lib/thumb/v7e-m\libc_nano.a(lib_a-wbuf.o)
                0x0000ee94                __swbuf_r
 .text.__swsetup_r
                0x0000ef38       0xdc c:/program files (x86)/atmel/studio/7.0/toolchain/arm/arm-gnu-toolchain/bin/../lib/gcc/arm-none-eabi/6.3.1/../../../../arm-none-eabi/lib/thumb/v7e-m\libc_nano.a(lib_a-wsetup.o)
                0x0000ef38                __swsetup_r
 .text.__sflush_r
                0x0000f014      0x110 c:/program files (x86)/atmel/studio/7.0/toolchain/arm/arm-gnu-toolchain/bin/../lib/gcc/arm-none-eabi/6.3.1/../../../../arm-none-eabi/lib/thumb/v7e-m\libc_nano.a(lib_a-fflush.o)
                0x0000f014                __sflush_r
 .text._fflush_r
                0x0000f124       0x54 c:/program files (x86)/atmel/studio/7.0/toolchain/arm/arm-gnu-toolchain/bin/../lib/gcc/arm-none-eabi/6.3.1/../../../../arm-none-eabi/lib/thumb/v7e-m\libc_nano.a(lib_a-fflush.o)
                0x0000f124                _fflush_r
 .text._cleanup_r
                0x0000f178        0xc c:/program files (x86)/atmel/studio/7.0/toolchain/arm/arm-gnu-toolchain/bin/../lib/gcc/arm-none-eabi/6.3.1/../../../../arm-none-eabi/lib/thumb/v7e-m\libc_nano.a(lib_a-findfp.o)
                0x0000f178                _cleanup_r
 .text.std.isra.0
                0x0000f184       0x48 c:/program files (x86)/atmel/studio/7.0/toolchain/arm/arm-gnu-toolchain/bin/../lib/gcc/arm-none-eabi/6.3.1/../../../../arm-none-eabi/lib/thumb/v7e-m\libc_nano.a(lib_a-findfp.o)
 .text.__sfmoreglue
                0x0000f1cc       0x2c c:/program files (x86)/atmel/studio/7.0/toolchain/arm/arm-gnu-toolchain/bin/../lib/gcc/arm-none-eabi/6.3.1/../../../../arm-none-eabi/lib/thumb/v7e-m\libc_nano.a(lib_a-findfp.o)
                0x0000f1cc                __sfmoreglue
 .text.__sinit  0x0000f1f8       0x60 c:/program files (x86)/atmel/studio/7.0/toolchain/arm/arm-gnu-toolchain/bin/../lib/gcc/arm-none-eabi/6.3.1/../../../../arm-none-eabi/lib/thumb/v7e-m\libc_nano.a(lib_a-findfp.o)
                0x0000f1f8                __sinit
 .text.__sfp    0x0000f258       0x78 c:/program files (x86)/atmel/studio/7.0/toolchain/arm/arm-gnu-toolchain/bin/../lib/gcc/arm-none-eabi/6.3.1/../../../../arm-none-eabi/lib/thumb/v7e-m\libc_nano.a(lib_a-findfp.o)
                0x0000f258                __sfp
 .text._fwalk_reent
                0x0000f2d0       0x3c c:/program files (x86)/atmel/studio/7.0/toolchain/arm/arm-gnu-toolchain/bin/../lib/gcc/arm-none-eabi/6.3.1/../../../../arm-none-eabi/lib/thumb/v7e-m\libc_nano.a(lib_a-fwalk.o)
                0x0000f2d0                _fwalk_reent
 .text.__swhatbuf_r
                0x0000f30c       0x48 c:/program files (x86)/atmel/studio/7.0/toolchain/arm/arm-gnu-toolchain/bin/../lib/gcc/arm-none-eabi/6.3.1/../../../../arm-none-eabi/lib/thumb/v7e-m\libc_nano.a(lib_a-makebuf.o)
                0x0000f30c                __swhatbuf_r
 .text.__smakebuf_r
                0x0000f354       0x80 c:/program files (x86)/atmel/studio/7.0/toolchain/arm/arm-gnu-toolchain/bin/../lib/gcc/arm-none-eabi/6.3.1/../../../../arm-none-eabi/lib/thumb/v7e-m\libc_nano.a(lib_a-makebuf.o)
                0x0000f354                __smakebuf_r
 .text.__malloc_lock
                0x0000f3d4        0x2 c:/program files (x86)/atmel/studio/7.0/toolchain/arm/arm-gnu-toolchain/bin/../lib/gcc/arm-none-eabi/6.3.1/../../../../arm-none-eabi/lib/thumb/v7e-m\libc_nano.a(lib_a-mlock.o)
                0x0000f3d4                __malloc_lock
 .text.__malloc_unlock
                0x0000f3d6        0x2 c:/program files (x86)/atmel/studio/7.0/toolchain/arm/arm-gnu-toolchain/bin/../lib/gcc/arm-none-eabi/6.3.1/../../../../arm-none-eabi/lib/thumb/v7e-m\libc_nano.a(lib_a-mlock.o)
                0x0000f3d6                __malloc_unlock
 .text.__ssputs_r
                0x0000f3d8       0xb6 c:/program files (x86)/atmel/studio/7.0/toolchain/arm/arm-gnu-toolchain/bin/../lib/gcc/arm-none-eabi/6.3.1/../../../../arm-none-eabi/lib/thumb/v7e-m\libc_nano.a(lib_a-nano-svfprintf.o)
                0x0000f3d8                __ssputs_r
 *fill*         0x0000f48e        0x2 
 .text._svfprintf_r
                0x0000f490      0x1e8 c:/program files (x86)/atmel/studio/7.0/toolchain/arm/arm-gnu-toolchain/bin/../lib/gcc/arm-none-eabi/6.3.1/../../../../arm-none-eabi/lib/thumb/v7e-m\libc_nano.a(lib_a-nano-svfprintf.o)
                0x0000f490                _svfiprintf_r
                0x0000f490                _svfprintf_r
 .text.__sfputc_r
                0x0000f678       0x2c c:/program files (x86)/atmel/studio/7.0/toolchain/arm/arm-gnu-toolchain/bin/../lib/gcc/arm-none-eabi/6.3.1/../../../../arm-none-eabi/lib/thumb/v7e-m\libc_nano.a(lib_a-nano-vfprintf.o)
 .text.__sfputs_r
                0x0000f6a4       0x24 c:/program files (x86)/atmel/studio/7.0/toolchain/arm/arm-gnu-toolchain/bin/../lib/gcc/arm-none-eabi/6.3.1/../../../../arm-none-eabi/lib/thumb/v7e-m\libc_nano.a(lib_a-nano-vfprintf.o)
                0x0000f6a4                __sfputs_r
 .text._vfprintf_r
                0x0000f6c8      0x22c c:/program files (x86)/atmel/studio/7.0/toolchain/arm/arm-gnu-toolchain/bin/../lib/gcc/arm-none-eabi/6.3.1/../../../../arm-none-eabi/lib/thumb/v7e-m\libc_nano.a(lib_a-nano-vfprintf.o)
                0x0000f6c8                _vfprintf_r
                0x0000f6c8                _vfiprintf_r
 .text._printf_common
                0x0000f8f4       0xec c:/program files (x86)/atmel/studio/7.0/toolchain/arm/arm-gnu-toolchain/bin/../lib/gcc/arm-none-eabi/6.3.1/../../../../arm-none-eabi/lib/thumb/v7e-m\libc_nano.a(lib_a-nano-vfprintf_i.o)
                0x0000f8f4                _printf_common
 .text._printf_i
                0x0000f9e0      0x240 c:/program files (x86)/atmel/studio/7.0/toolchain/arm/arm-gnu-toolchain/bin/../lib/gcc/arm-none-eabi/6.3.1/../../../../arm-none-eabi/lib/thumb/v7e-m\libc_nano.a(lib_a-nano-vfprintf_i.o)
                0x0000f9e0                _printf_i
 .text.__sread  0x0000fc20       0x22 c:/program files (x86)/atmel/studio/7.0/toolchain/arm/arm-gnu-toolchain/bin/../lib/gcc/arm-none-eabi/6.3.1/../../../../arm-none-eabi/lib/thumb/v7e-m\libc_nano.a(lib_a-stdio.o)
                0x0000fc20                __sread
 .text.__swrite
                0x0000fc42       0x38 c:/program files (x86)/atmel/studio/7.0/toolchain/arm/arm-gnu-toolchain/bin/../lib/gcc/arm-none-eabi/6.3.1/../../../../arm-none-eabi/lib/thumb/v7e-m\libc_nano.a(lib_a-stdio.o)
                0x0000fc42                __swrite
 .text.__sseek  0x0000fc7a       0x24 c:/program files (x86)/atmel/studio/7.0/toolchain/arm/arm-gnu-toolchain/bin/../lib/gcc/arm-none-eabi/6.3.1/../../../../arm-none-eabi/lib/thumb/v7e-m\libc_nano.a(lib_a-stdio.o)
                0x0000fc7a                __sseek
 .text.__sclose
                0x0000fc9e        0x8 c:/program files (x86)/atmel/studio/7.0/toolchain/arm/arm-gnu-toolchain/bin/../lib/gcc/arm-none-eabi/6.3.1/../../../../arm-none-eabi/lib/thumb/v7e-m\libc_nano.a(lib_a-stdio.o)
                0x0000fc9e                __sclose
 *fill*         0x0000fca6        0x2 
 .text._write_r
                0x0000fca8       0x24 c:/program files (x86)/atmel/studio/7.0/toolchain/arm/arm-gnu-toolchain/bin/../lib/gcc/arm-none-eabi/6.3.1/../../../../arm-none-eabi/lib/thumb/v7e-m\libc_nano.a(lib_a-writer.o)
                0x0000fca8                _write_r
 .text._close_r