Archive member included to satisfy reference by file (symbol)

c:/program files (x86)/atmel/studio/7.0/toolchain/arm/arm-gnu-toolchain/bin/../lib/gcc/arm-none-eabi/6.3.1/thumb/v7e-m\libgcc.a(_arm_addsubdf3.o)
                              hpl/sercom/hpl_sercom.o (__aeabi_dsub)
c:/program files (x86)/atmel/studio/7.0/toolchain/arm/arm-gnu-toolchain/bin/../lib/gcc/arm-none-eabi/6.3.1/thumb/v7e-m\libgcc.a(_arm_muldivdf3.o)
                              grid/grid_hardwaretest.o (__aeabi_dmul)
c:/program files (x86)/atmel/studio/7.0/toolchain/arm/arm-gnu-toolchain/bin/../lib/gcc/arm-none-eabi/6.3.1/thumb/v7e-m\libgcc.a(_arm_fixunsdfsi.o)
                              grid/grid_hardwaretest.o (__aeabi_d2uiz)
c:/program files (x86)/atmel/studio/7.0/toolchain/arm/arm-gnu-toolchain/bin/../lib/gcc/arm-none-eabi/6.3.1/thumb/v7e-m\libgcc.a(_aeabi_uldivmod.o)
                              hpl/sercom/hpl_sercom.o (__aeabi_uldivmod)
c:/program files (x86)/atmel/studio/7.0/toolchain/arm/arm-gnu-toolchain/bin/../lib/gcc/arm-none-eabi/6.3.1/thumb/v7e-m\libgcc.a(_udivmoddi4.o)
                              c:/program files (x86)/atmel/studio/7.0/toolchain/arm/arm-gnu-toolchain/bin/../lib/gcc/arm-none-eabi/6.3.1/thumb/v7e-m\libgcc.a(_aeabi_uldivmod.o) (__udivmoddi4)
c:/program files (x86)/atmel/studio/7.0/toolchain/arm/arm-gnu-toolchain/bin/../lib/gcc/arm-none-eabi/6.3.1/thumb/v7e-m\libgcc.a(_dvmd_tls.o)
                              c:/program files (x86)/atmel/studio/7.0/toolchain/arm/arm-gnu-toolchain/bin/../lib/gcc/arm-none-eabi/6.3.1/thumb/v7e-m\libgcc.a(_aeabi_uldivmod.o) (__aeabi_ldiv0)
c:/program files (x86)/atmel/studio/7.0/toolchain/arm/arm-gnu-toolchain/bin/../lib/gcc/arm-none-eabi/6.3.1/../../../../arm-none-eabi/lib/thumb/v7e-m\libc_nano.a(lib_a-exit.o)
                              c:/program files (x86)/atmel/studio/7.0/toolchain/arm/arm-gnu-toolchain/bin/../lib/gcc/arm-none-eabi/6.3.1/../../../../arm-none-eabi/lib/thumb/v7e-m/crt0.o (exit)
c:/program files (x86)/atmel/studio/7.0/toolchain/arm/arm-gnu-toolchain/bin/../lib/gcc/arm-none-eabi/6.3.1/../../../../arm-none-eabi/lib/thumb/v7e-m\libc_nano.a(lib_a-impure.o)
                              c:/program files (x86)/atmel/studio/7.0/toolchain/arm/arm-gnu-toolchain/bin/../lib/gcc/arm-none-eabi/6.3.1/../../../../arm-none-eabi/lib/thumb/v7e-m\libc_nano.a(lib_a-exit.o) (_global_impure_ptr)
c:/program files (x86)/atmel/studio/7.0/toolchain/arm/arm-gnu-toolchain/bin/../lib/gcc/arm-none-eabi/6.3.1/../../../../arm-none-eabi/lib/thumb/v7e-m\libc_nano.a(lib_a-init.o)
                              c:/program files (x86)/atmel/studio/7.0/toolchain/arm/arm-gnu-toolchain/bin/../lib/gcc/arm-none-eabi/6.3.1/../../../../arm-none-eabi/lib/thumb/v7e-m/crt0.o (__libc_init_array)
c:/program files (x86)/atmel/studio/7.0/toolchain/arm/arm-gnu-toolchain/bin/../lib/gcc/arm-none-eabi/6.3.1/../../../../arm-none-eabi/lib/thumb/v7e-m\libc_nano.a(lib_a-malloc.o)
                              grid/grid_ain.o (malloc)
c:/program files (x86)/atmel/studio/7.0/toolchain/arm/arm-gnu-toolchain/bin/../lib/gcc/arm-none-eabi/6.3.1/../../../../arm-none-eabi/lib/thumb/v7e-m\libc_nano.a(lib_a-memcpy-stub.o)
                              hpl/nvmctrl/hpl_nvmctrl.o (memcpy)
c:/program files (x86)/atmel/studio/7.0/toolchain/arm/arm-gnu-toolchain/bin/../lib/gcc/arm-none-eabi/6.3.1/../../../../arm-none-eabi/lib/thumb/v7e-m\libc_nano.a(lib_a-memset.o)
                              c:/program files (x86)/atmel/studio/7.0/toolchain/arm/arm-gnu-toolchain/bin/../lib/gcc/arm-none-eabi/6.3.1/../../../../arm-none-eabi/lib/thumb/v7e-m/crt0.o (memset)
c:/program files (x86)/atmel/studio/7.0/toolchain/arm/arm-gnu-toolchain/bin/../lib/gcc/arm-none-eabi/6.3.1/../../../../arm-none-eabi/lib/thumb/v7e-m\libc_nano.a(lib_a-nano-freer.o)
                              c:/program files (x86)/atmel/studio/7.0/toolchain/arm/arm-gnu-toolchain/bin/../lib/gcc/arm-none-eabi/6.3.1/../../../../arm-none-eabi/lib/thumb/v7e-m\libc_nano.a(lib_a-malloc.o) (_free_r)
c:/program files (x86)/atmel/studio/7.0/toolchain/arm/arm-gnu-toolchain/bin/../lib/gcc/arm-none-eabi/6.3.1/../../../../arm-none-eabi/lib/thumb/v7e-m\libc_nano.a(lib_a-nano-mallocr.o)
                              c:/program files (x86)/atmel/studio/7.0/toolchain/arm/arm-gnu-toolchain/bin/../lib/gcc/arm-none-eabi/6.3.1/../../../../arm-none-eabi/lib/thumb/v7e-m\libc_nano.a(lib_a-malloc.o) (_malloc_r)
c:/program files (x86)/atmel/studio/7.0/toolchain/arm/arm-gnu-toolchain/bin/../lib/gcc/arm-none-eabi/6.3.1/../../../../arm-none-eabi/lib/thumb/v7e-m\libc_nano.a(lib_a-printf.o)
                              grid/grid_d51.o (printf)
c:/program files (x86)/atmel/studio/7.0/toolchain/arm/arm-gnu-toolchain/bin/../lib/gcc/arm-none-eabi/6.3.1/../../../../arm-none-eabi/lib/thumb/v7e-m\libc_nano.a(lib_a-puts.o)
                              grid/grid_unittest.o (puts)
[...]
Memory Configuration

Name             Origin             Length             Attributes
rom              0x00004000         0x0007a000         xr
ram              0x20000000         0x00040000         xrw
bkupram          0x47000000         0x00002000         xrw
qspi             0x04000000         0x01000000         xrw
*default*        0x00000000         0xffffffff

Linker script and memory map

LOAD c:/program files (x86)/atmel/studio/7.0/toolchain/arm/arm-gnu-toolchain/bin/../lib/gcc/arm-none-eabi/6.3.1/thumb/v7e-m/crti.o
LOAD c:/program files (x86)/atmel/studio/7.0/toolchain/arm/arm-gnu-toolchain/bin/../lib/gcc/arm-none-eabi/6.3.1/thumb/v7e-m/crtbegin.o
LOAD c:/program files (x86)/atmel/studio/7.0/toolchain/arm/arm-gnu-toolchain/bin/../lib/gcc/arm-none-eabi/6.3.1/../../../../arm-none-eabi/lib/thumb/v7e-m/crt0.o
LOAD atmel_start.o
LOAD Device_Startup/startup_samd51.o
LOAD Device_Startup/system_samd51.o
LOAD driver_init.o
LOAD examples/driver_examples.o
LOAD flash/n25q256a.o
LOAD flash/spi_nor_flash.o
LOAD grid/grid_d51.o
LOAD grid/grid_debug.o
LOAD grid/grid_hardwaretest.o
LOAD grid/grid_msg.o
LOAD grid/grid_nvm.o
LOAD grid/grid_unittest.o
LOAD grid/grid_ain.o
LOAD grid/grid_buf.o
LOAD grid/grid_led.o
LOAD grid/grid_module.o
LOAD grid/grid_module_bu16_revb.o
LOAD grid/grid_module_en16_reva.o
LOAD grid/grid_module_pbf4_reva.o
LOAD grid/grid_module_po16_revb.o
LOAD grid/grid_sys.o
LOAD grid/grid_ui.o
LOAD grid/grid_usb.o
LOAD hal/src/hal_adc_async.o
LOAD hal/src/hal_atomic.o
LOAD hal/src/hal_cache.o
LOAD hal/src/hal_crc_sync.o
LOAD hal/src/hal_delay.o
LOAD hal/src/hal_evsys.o
LOAD hal/src/hal_flash.o
LOAD hal/src/hal_gpio.o
LOAD hal/src/hal_i2c_m_async.o
LOAD hal/src/hal_init.o
LOAD hal/src/hal_io.o
LOAD hal/src/hal_qspi_dma.o
LOAD hal/src/hal_sleep.o
LOAD hal/src/hal_spi_m_async.o
LOAD hal/src/hal_spi_m_dma.o
LOAD hal/src/hal_timer.o
LOAD hal/src/hal_usart_async.o
LOAD hal/src/hal_usart_sync.o
LOAD hal/src/hal_usb_device.o
LOAD hal/src/hal_wdt.o
LOAD hal/utils/src/utils_assert.o
LOAD hal/utils/src/utils_event.o
LOAD hal/utils/src/utils_list.o
LOAD hal/utils/src/utils_ringbuffer.o
LOAD hal/utils/src/utils_syscalls.o
LOAD hpl/adc/hpl_adc.o
LOAD hpl/cmcc/hpl_cmcc.o
LOAD hpl/core/hpl_core_m4.o
LOAD hpl/core/hpl_init.o
LOAD hpl/dmac/hpl_dmac.o
LOAD hpl/dsu/hpl_dsu.o
LOAD hpl/evsys/hpl_evsys.o
LOAD hpl/gclk/hpl_gclk.o
LOAD hpl/mclk/hpl_mclk.o
LOAD hpl/nvmctrl/hpl_nvmctrl.o
LOAD hpl/osc32kctrl/hpl_osc32kctrl.o
LOAD hpl/oscctrl/hpl_oscctrl.o
LOAD hpl/pac/hpl_pac.o
LOAD hpl/pm/hpl_pm.o
LOAD hpl/qspi/hpl_qspi.o
LOAD hpl/ramecc/hpl_ramecc.o
LOAD hpl/rtc/hpl_rtc.o
LOAD hpl/sercom/hpl_sercom.o
LOAD hpl/systick/hpl_systick.o
LOAD hpl/tc/hpl_tc.o
LOAD hpl/usb/hpl_usb.o
LOAD hpl/wdt/hpl_wdt.o
LOAD main.o
LOAD stdio_redirect/gcc/read.o
LOAD stdio_redirect/gcc/write.o
LOAD stdio_redirect/stdio_io.o
LOAD stdio_start.o
LOAD usb/class/cdc/device/cdcdf_acm.o
LOAD usb/class/hid/device/hiddf_generic.o
LOAD usb/class/hid/device/hiddf_keyboard.o
LOAD usb/class/hid/device/hiddf_mouse.o
LOAD usb/class/midi/device/audiodf_midi.o
LOAD usb/class/midi/usb_protocol_midi.o
LOAD usb/class/msc/device/mscdf.o
LOAD usb/device/usbdc.o
LOAD usb/usb_protocol.o
LOAD usb_start.o
START GROUP
LOAD c:/program files (x86)/atmel/studio/7.0/toolchain/arm/arm-gnu-toolchain/bin/../lib/gcc/arm-none-eabi/6.3.1/../../../../arm-none-eabi/lib/thumb/v7e-m\libm.a
END GROUP
START GROUP
LOAD c:/program files (x86)/atmel/studio/7.0/toolchain/arm/arm-gnu-toolchain/bin/../lib/gcc/arm-none-eabi/6.3.1/thumb/v7e-m\libgcc.a
LOAD c:/program files (x86)/atmel/studio/7.0/toolchain/arm/arm-gnu-toolchain/bin/../lib/gcc/arm-none-eabi/6.3.1/../../../../arm-none-eabi/lib/thumb/v7e-m\libc_nano.a
END GROUP
START GROUP
LOAD c:/program files (x86)/atmel/studio/7.0/toolchain/arm/arm-gnu-toolchain/bin/../lib/gcc/arm-none-eabi/6.3.1/thumb/v7e-m\libgcc.a
LOAD c:/program files (x86)/atmel/studio/7.0/toolchain/arm/arm-gnu-toolchain/bin/../lib/gcc/arm-none-eabi/6.3.1/../../../../arm-none-eabi/lib/thumb/v7e-m\libc_nano.a
END GROUP
LOAD c:/program files (x86)/atmel/studio/7.0/toolchain/arm/arm-gnu-toolchain/bin/../lib/gcc/arm-none-eabi/6.3.1/thumb/v7e-m/crtend.o
LOAD c:/program files (x86)/atmel/studio/7.0/toolchain/arm/arm-gnu-toolchain/bin/../lib/gcc/arm-none-eabi/6.3.1/thumb/v7e-m/crtn.o
                0x00010000                STACK_SIZE = DEFINED (STACK_SIZE)?STACK_SIZE:DEFINED (__stack_size__)?__stack_size__:0x10000

.text           0x00004000     0xebe4
                0x00004000                . = ALIGN (0x4)
                0x00004000                _sfixed = .
 *(.vectors .vectors.*)
 .vectors       0x00004000      0x264 Device_Startup/startup_samd51.o
                0x00004000                exception_table
 *(.text .text.* .gnu.linkonce.t.*)
 .text          0x00004264       0x6c c:/program files (x86)/atmel/studio/7.0/toolchain/arm/arm-gnu-toolchain/bin/../lib/gcc/arm-none-eabi/6.3.1/thumb/v7e-m/crtbegin.o
 .text.atmel_start_init
                0x000042d0       0x20 atmel_start.o
                0x000042d0                atmel_start_init
 .text.Dummy_Handler
                0x000042f0        0x2 Device_Startup/startup_samd51.o
                0x000042f0                EIC_5_Handler
                0x000042f0                SVCall_Handler
                0x000042f0                EIC_13_Handler
                0x000042f0                EVSYS_0_Handler
                0x000042f0                TCC1_3_Handler
                0x000042f0                DAC_3_Handler
                0x000042f0                TRNG_Handler
                0x000042f0                HardFault_Handler
                0x000042f0                PDEC_2_Handler
                0x000042f0                EIC_4_Handler
                0x000042f0                AC_Handler
                0x000042f0                SysTick_Handler
                0x000042f0                TCC2_3_Handler
                0x000042f0                PendSV_Handler
                0x000042f0                TC7_Handler
                0x000042f0                EVSYS_3_Handler
                0x000042f0                PDEC_0_Handler
                0x000042f0                QSPI_Handler
                0x000042f0                NonMaskableInt_Handler
                0x000042f0                TCC0_0_Handler
                0x000042f0                EIC_3_Handler
                0x000042f0                MemManagement_Handler
                0x000042f0                DAC_2_Handler
                0x000042f0                UsageFault_Handler
                0x000042f0                EIC_10_Handler
                0x000042f0                EIC_11_Handler
                0x000042f0                EIC_9_Handler
                0x000042f0                OSC32KCTRL_Handler
                0x000042f0                TCC2_1_Handler
                0x000042f0                SUPC_1_Handler
                0x000042f0                TCC0_5_Handler
                0x000042f0                TCC0_6_Handler
                0x000042f0                EVSYS_1_Handler
                0x000042f0                TCC1_4_Handler
                0x000042f0                TC6_Handler
                0x000042f0                WDT_Handler
                0x000042f0                EIC_8_Handler
                0x000042f0                EIC_15_Handler
                0x000042f0                TC4_Handler
                0x000042f0                OSCCTRL_4_Handler
                0x000042f0                EIC_12_Handler
                0x000042f0                TCC4_2_Handler
                0x000042f0                PAC_Handler
                0x000042f0                TCC1_0_Handler
                0x000042f0                OSCCTRL_0_Handler
                0x000042f0                EIC_0_Handler
                0x000042f0                OSCCTRL_3_Handler
                0x000042f0                Dummy_Handler
                0x000042f0                TCC3_0_Handler
                0x000042f0                TCC2_2_Handler
                0x000042f0                TCC1_1_Handler
                0x000042f0                OSCCTRL_2_Handler
                0x000042f0                TCC1_2_Handler
                0x000042f0                SERCOM7_1_Handler
                0x000042f0                PM_Handler
                0x000042f0                SERCOM2_3_Handler
                0x000042f0                DAC_4_Handler
                0x000042f0                TCC3_2_Handler
                0x000042f0                SERCOM7_0_Handler
                0x000042f0                TCC0_2_Handler
                0x000042f0                TCC4_0_Handler
                0x000042f0                SERCOM7_3_Handler
                0x000042f0                SDHC1_Handler
                0x000042f0                SERCOM7_2_Handler
                0x000042f0                TCC2_0_Handler
                0x000042f0                PDEC_1_Handler
                0x000042f0                TCC4_1_Handler
                0x000042f0                SDHC0_Handler
                0x000042f0                I2S_Handler
                0x000042f0                EIC_2_Handler
                0x000042f0                PCC_Handler
                0x000042f0                DAC_0_Handler
                0x000042f0                TCC0_1_Handler
                0x000042f0                EIC_6_Handler
                0x000042f0                OSCCTRL_1_Handler
                0x000042f0                PUKCC_Handler
                0x000042f0                SERCOM2_1_Handler
                0x000042f0                EIC_1_Handler
                0x000042f0                EVSYS_4_Handler
                0x000042f0                EIC_7_Handler
                0x000042f0                SERCOM2_2_Handler
                0x000042f0                TCC3_1_Handler
                0x000042f0                EIC_14_Handler
                0x000042f0                DAC_1_Handler
                0x000042f0                MCLK_Handler
                0x000042f0                EVSYS_2_Handler
                0x000042f0                SUPC_0_Handler
                0x000042f0                BusFault_Handler
                0x000042f0                FREQM_Handler
                0x000042f0                TCC0_3_Handler
                0x000042f0                DebugMonitor_Handler
                0x000042f0                TCC0_4_Handler
                0x000042f0                TC5_Handler
                0x000042f0                SERCOM2_0_Handler
                0x000042f0                AES_Handler
                0x000042f0                ICM_Handler
 *fill*         0x000042f2        0x2 
 .text.Reset_Handler
                0x000042f4       0x78 Device_Startup/startup_samd51.o
                0x000042f4                Reset_Handler
 .text._gpio_set_pin_function
                0x0000436c       0x68 driver_init.o
 .text.gpio_set_pin_direction
                0x000043d4       0x68 driver_init.o
 .text.ADC_0_init
                0x0000443c       0x80 driver_init.o
                0x0000443c                ADC_0_init
 .text.ADC_1_init
                0x000044bc       0x84 driver_init.o
                0x000044bc                ADC_1_init
 .text.CRC_0_init
                0x00004540       0x24 driver_init.o
                0x00004540                CRC_0_init
 .text.EVENT_SYSTEM_0_init
                0x00004564       0x30 driver_init.o
                0x00004564                EVENT_SYSTEM_0_init
 .text.FLASH_0_CLOCK_init
                0x00004594       0x10 driver_init.o
                0x00004594                FLASH_0_CLOCK_init
 .text.FLASH_0_init
                0x000045a4       0x24 driver_init.o
                0x000045a4                FLASH_0_init
 .text.QSPI_INSTANCE_PORT_init
                0x000045c8       0xdc driver_init.o
                0x000045c8                QSPI_INSTANCE_PORT_init
 .text.QSPI_INSTANCE_CLOCK_init
                0x000046a4       0x20 driver_init.o
                0x000046a4                QSPI_INSTANCE_CLOCK_init
 .text.QSPI_INSTANCE_init
                0x000046c4       0x2c driver_init.o
                0x000046c4                QSPI_INSTANCE_init
 .text.USART_EAST_CLOCK_init
                0x000046f0       0x24 driver_init.o
                0x000046f0                USART_EAST_CLOCK_init
 .text.USART_EAST_PORT_init
                0x00004714       0x24 driver_init.o
                0x00004714                USART_EAST_PORT_init
 .text.USART_EAST_init
                0x00004738       0x38 driver_init.o
                0x00004738                USART_EAST_init
 .text.USART_NORTH_CLOCK_init
                0x00004770       0x24 driver_init.o
                0x00004770                USART_NORTH_CLOCK_init
 .text.USART_NORTH_PORT_init
                0x00004794       0x24 driver_init.o
                0x00004794                USART_NORTH_PORT_init
 .text.USART_NORTH_init
                0x000047b8       0x38 driver_init.o
                0x000047b8                USART_NORTH_init
 .text.GRID_AUX_PORT_init
                0x000047f0       0x24 driver_init.o
                0x000047f0                GRID_AUX_PORT_init
 .text.GRID_AUX_CLOCK_init
                0x00004814       0x24 driver_init.o
                0x00004814                GRID_AUX_CLOCK_init
 .text.GRID_AUX_init
                0x00004838       0x2c driver_init.o
                0x00004838                GRID_AUX_init
 .text.UI_SPI_PORT_init
                0x00004864       0x68 driver_init.o
                0x00004864                UI_SPI_PORT_init
 .text.UI_SPI_CLOCK_init
                0x000048cc       0x24 driver_init.o
                0x000048cc                UI_SPI_CLOCK_init
 .text.UI_SPI_init
                0x000048f0       0x2c driver_init.o
                0x000048f0                UI_SPI_init
 .text.USART_WEST_CLOCK_init
                0x0000491c       0x24 driver_init.o
                0x0000491c                USART_WEST_CLOCK_init
 .text.USART_WEST_PORT_init
                0x00004940       0x24 driver_init.o
                0x00004940                USART_WEST_PORT_init
 .text.USART_WEST_init
                0x00004964       0x38 driver_init.o
                0x00004964                USART_WEST_init
 .text.SYS_I2C_PORT_init
                0x0000499c       0x40 driver_init.o
                0x0000499c                SYS_I2C_PORT_init
 .text.SYS_I2C_CLOCK_init
                0x000049dc       0x24 driver_init.o
                0x000049dc                SYS_I2C_CLOCK_init
 .text.SYS_I2C_init
                0x00004a00       0x2c driver_init.o
                0x00004a00                SYS_I2C_init
 .text.USART_SOUTH_CLOCK_init
                0x00004a2c       0x24 driver_init.o
                0x00004a2c                USART_SOUTH_CLOCK_init
 .text.USART_SOUTH_PORT_init
                0x00004a50       0x24 driver_init.o
                0x00004a50                USART_SOUTH_PORT_init
 .text.USART_SOUTH_init
                0x00004a74       0x38 driver_init.o
                0x00004a74                USART_SOUTH_init
 .text.GRID_LED_PORT_init
                0x00004aac       0x68 driver_init.o
                0x00004aac                GRID_LED_PORT_init
 .text.GRID_LED_CLOCK_init
                0x00004b14       0x24 driver_init.o
                0x00004b14                GRID_LED_CLOCK_init
 .text.GRID_LED_init
                0x00004b38       0x2c driver_init.o
                0x00004b38                GRID_LED_init
 .text.delay_driver_init
                0x00004b64       0x10 driver_init.o
                0x00004b64                delay_driver_init
 .text.USB_DEVICE_INSTANCE_PORT_init
                0x00004b74       0x60 driver_init.o
                0x00004b74                USB_DEVICE_INSTANCE_PORT_init
 .text.USB_DEVICE_INSTANCE_CLOCK_init
                0x00004bd4       0x24 driver_init.o
                0x00004bd4                USB_DEVICE_INSTANCE_CLOCK_init
 .text.USB_DEVICE_INSTANCE_init
                0x00004bf8       0x20 driver_init.o
                0x00004bf8                USB_DEVICE_INSTANCE_init
 .text.WDT_0_CLOCK_init
                0x00004c18       0x10 driver_init.o
                0x00004c18                WDT_0_CLOCK_init
 .text.WDT_0_init
                0x00004c28       0x24 driver_init.o
                0x00004c28                WDT_0_init
 .text.system_init
                0x00004c4c      0x2a8 driver_init.o
                0x00004c4c                system_init
 .text.grid_d51_bitmap_write_bit
                0x00004ef4       0x3a grid/grid_d51.o
                0x00004ef4                grid_d51_bitmap_write_bit
 *fill*         0x00004f2e        0x2 
 .text.grid_d51_verify_user_row
                0x00004f30      0x198 grid/grid_d51.o
                0x00004f30                grid_d51_verify_user_row
 .text.grid_d51_init
                0x000050c8       0x4c grid/grid_d51.o
                0x000050c8                grid_d51_init
 .text.grid_msg_header_set_len
                0x00005114       0x20 grid/grid_msg.o
                0x00005114                grid_msg_header_set_len
 .text.grid_msg_header_set_id
                0x00005134       0x20 grid/grid_msg.o
                0x00005134                grid_msg_header_set_id
 .text.grid_msg_header_set_dx
                0x00005154       0x20 grid/grid_msg.o
                0x00005154                grid_msg_header_set_dx
 .text.grid_msg_header_get_dx
                0x00005174       0x1c grid/grid_msg.o
                0x00005174                grid_msg_header_get_dx
 .text.grid_msg_header_set_dy
                0x00005190       0x20 grid/grid_msg.o
                0x00005190                grid_msg_header_set_dy
 .text.grid_msg_header_get_dy
                0x000051b0       0x1c grid/grid_msg.o
                0x000051b0                grid_msg_header_get_dy
 .text.grid_msg_header_set_rot
                0x000051cc       0x20 grid/grid_msg.o
                0x000051cc                grid_msg_header_set_rot
 .text.grid_msg_header_set_age
                0x000051ec       0x20 grid/grid_msg.o
                0x000051ec                grid_msg_header_set_age
 .text.grid_msg_packet_get_length
                0x0000520c       0x12 grid/grid_msg.o
                0x0000520c                grid_msg_packet_get_length
 .text.grid_msg_body_get_length
                0x0000521e        0x6 grid/grid_msg.o
                0x0000521e                grid_msg_body_get_length
 .text.grid_msg_body_append_text
                0x00005224       0x20 grid/grid_msg.o
                0x00005224                grid_msg_body_append_text
 .text.grid_msg_body_append_text_escaped
                0x00005244       0x36 grid/grid_msg.o
                0x00005244                grid_msg_body_append_text_escaped
 *fill*         0x0000527a        0x2 
 .text.grid_msg_text_get_parameter
                0x0000527c       0x18 grid/grid_msg.o
                0x0000527c                grid_msg_text_get_parameter
 .text.grid_msg_text_set_parameter
                0x00005294       0x18 grid/grid_msg.o
                0x00005294                grid_msg_text_set_parameter
 .text.grid_msg_init
                0x000052ac       0x44 grid/grid_msg.o
                0x000052ac                grid_msg_init
 .text.grid_msg_init_header
                0x000052f0       0x6c grid/grid_msg.o
                0x000052f0                grid_msg_init_header
 .text.grid_msg_packet_receive_char
                0x0000535c       0x4e grid/grid_msg.o
                0x0000535c                grid_msg_packet_receive_char
 .text.grid_msg_packet_send_char
                0x000053aa       0x3a grid/grid_msg.o
                0x000053aa                grid_msg_packet_send_char
 .text.grid_msg_packet_close
                0x000053e4       0xd4 grid/grid_msg.o
                0x000053e4                grid_msg_packet_close
 .text.grid_msg_packet_send_everywhere
                0x000054b8       0x5c grid/grid_msg.o
                0x000054b8                grid_msg_packet_send_everywhere
 .text.grid_nvm_ui_bulk_read_init
                0x00005514        0xe grid/grid_nvm.o
                0x00005514                grid_nvm_ui_bulk_read_init
 .text.grid_nvm_ui_bulk_read_is_in_progress
                0x00005522        0x6 grid/grid_nvm.o
                0x00005522                grid_nvm_ui_bulk_read_is_in_progress
 .text.grid_nvm_ui_bulk_read_next
                0x00005528      0x104 grid/grid_nvm.o
                0x00005528                grid_nvm_ui_bulk_read_next
 .text.grid_nvm_ui_bulk_clear_init
                0x0000562c        0xe grid/grid_nvm.o
                0x0000562c                grid_nvm_ui_bulk_clear_init
 .text.grid_nvm_ui_bulk_clear_is_in_progress
                0x0000563a        0x6 grid/grid_nvm.o
                0x0000563a                grid_nvm_ui_bulk_clear_is_in_progress
 .text.grid_nvm_ui_bulk_clear_next
                0x00005640      0x104 grid/grid_nvm.o
                0x00005640                grid_nvm_ui_bulk_clear_next
 .text.grid_nvm_clear_read_buffer
                0x00005744       0x20 grid/grid_nvm.o
                0x00005744                grid_nvm_clear_read_buffer
 .text.grid_nvm_clear_write_buffer
                0x00005764       0x28 grid/grid_nvm.o
                0x00005764                grid_nvm_clear_write_buffer
 .text.grid_nvm_init
                0x0000578c       0x44 grid/grid_nvm.o
                0x0000578c                grid_nvm_init
 .text.grid_nvm_calculate_event_page_offset
                0x000057d0       0x1c grid/grid_nvm.o
                0x000057d0                grid_nvm_calculate_event_page_offset
 .text.grid_ain_channel_init
                0x000057ec       0x34 grid/grid_ain.o
                0x000057ec                grid_ain_channel_init
 .text.grid_ain_init
                0x00005820       0x44 grid/grid_ain.o
                0x00005820                grid_ain_init
 .text.grid_ain_add_sample
                0x00005864       0xd0 grid/grid_ain.o
                0x00005864                grid_ain_add_sample
 .text.grid_ain_get_changed
                0x00005934       0x10 grid/grid_ain.o
                0x00005934                grid_ain_get_changed
 .text.grid_ain_get_average
                0x00005944       0x28 grid/grid_ain.o
                0x00005944                grid_ain_get_average
 .text.grid_port_reset_receiver
                0x0000596c       0x90 grid/grid_buf.o
                0x0000596c                grid_port_reset_receiver
 .text.grid_buffer_init
                0x000059fc       0x3c grid/grid_buf.o
                0x000059fc                grid_buffer_init
 .text.grid_buffer_get_space
                0x00005a38       0x18 grid/grid_buf.o
                0x00005a38                grid_buffer_get_space
 .text.grid_buffer_write_init
                0x00005a50       0x3c grid/grid_buf.o
                0x00005a50                grid_buffer_write_init
 .text.grid_buffer_write_character
                0x00005a8c       0x1e grid/grid_buf.o
                0x00005a8c                grid_buffer_write_character
 *fill*         0x00005aaa        0x2 
 .text.grid_buffer_write_acknowledge
                0x00005aac       0x28 grid/grid_buf.o
                0x00005aac                grid_buffer_write_acknowledge
 .text.grid_port_receive_decode
                0x00005ad4      0x4e0 grid/grid_buf.o
                0x00005ad4                grid_port_receive_decode
 .text.grid_port_receive_task
                0x00005fb4      0x15c grid/grid_buf.o
                0x00005fb4                grid_port_receive_task
 .text.grid_buffer_read_size
                0x00006110       0x52 grid/grid_buf.o
                0x00006110                grid_buffer_read_size
 .text.grid_buffer_read_init
                0x00006162       0x66 grid/grid_buf.o
                0x00006162                grid_buffer_read_init
 .text.grid_buffer_read_character
                0x000061c8       0x2a grid/grid_buf.o
                0x000061c8                grid_buffer_read_character
 .text.grid_buffer_read_acknowledge
                0x000061f2       0x16 grid/grid_buf.o
                0x000061f2                grid_buffer_read_acknowledge
 .text.grid_port_init
                0x00006208      0x164 grid/grid_buf.o
                0x00006208                grid_port_init
 .text.grid_port_init_all
                0x0000636c       0xa4 grid/grid_buf.o
                0x0000636c                grid_port_init_all
 .text.grid_port_process_inbound
                0x00006410      0x1cc grid/grid_buf.o
                0x00006410                grid_port_process_inbound
 .text.grid_port_process_outbound_usb
                0x000065dc      0x1f4 grid/grid_buf.o
                0x000065dc                grid_port_process_outbound_usb
 .text.grid_port_process_outbound_ui
                0x000067d0      0xa90 grid/grid_buf.o
                0x000067d0                grid_port_process_outbound_ui
 .text.grid_port_process_outbound_usart
                0x00007260       0x6c grid/grid_buf.o
                0x00007260                grid_port_process_outbound_usart
 .text.grid_led_lowlevel_hardware_transfer_complete_cb
                0x000072cc        0xc grid/grid_led.o
                0x000072cc                grid_led_lowlevel_hardware_transfer_complete_cb
 .text.grid_led_lowlevel_set_color
                0x000072d8       0x4c grid/grid_led.o
                0x000072d8                grid_led_lowlevel_set_color
 .text.grid_led_hardware_init
                0x00007324       0x2c grid/grid_led.o
                0x00007324                grid_led_hardware_init
 .text.grid_led_get_led_number
                0x00007350        0x4 grid/grid_led.o
                0x00007350                grid_led_get_led_number
 .text.grid_led_tick
                0x00007354       0x34 grid/grid_led.o
                0x00007354                grid_led_tick
 .text.grid_led_set_min
                0x00007388       0x20 grid/grid_led.o
                0x00007388                grid_led_set_min
 .text.grid_led_set_mid
                0x000073a8       0x20 grid/grid_led.o
                0x000073a8                grid_led_set_mid
 .text.grid_led_set_max
                0x000073c8       0x20 grid/grid_led.o
                0x000073c8                grid_led_set_max
 .text.grid_led_set_color
                0x000073e8       0x6c grid/grid_led.o
                0x000073e8                grid_led_set_color
 .text.grid_led_set_phase
                0x00007454       0x14 grid/grid_led.o
                0x00007454                grid_led_set_phase
 .text.grid_led_set_frequency
                0x00007468       0x14 grid/grid_led.o
                0x00007468                grid_led_set_frequency
 .text.grid_led_buffer_init
                0x0000747c      0x16c grid/grid_led.o
                0x0000747c                grid_led_buffer_init
 .text.grid_led_lowlevel_init
                0x000075e8       0xb0 grid/grid_led.o
                0x000075e8                grid_led_lowlevel_init
 .text.grid_led_lowlevel_render
                0x00007698       0xb0 grid/grid_led.o
                0x00007698                grid_led_lowlevel_render
 .text.grid_led_lowlevel_render_all
                0x00007748       0x20 grid/grid_led.o
                0x00007748                grid_led_lowlevel_render_all
 .text.grid_led_lowlevel_hardware_start_transfer
                0x00007768       0x30 grid/grid_led.o
                0x00007768                grid_led_lowlevel_hardware_start_transfer
 .text.grid_module_common_init
                0x00007798      0x250 grid/grid_module.o
                0x00007798                grid_module_common_init
 .text.grid_module_bu16_revb_hardware_start_transfer
                0x000079e8       0x20 grid/grid_module_bu16_revb.o
                0x000079e8                grid_module_bu16_revb_hardware_start_transfer
 .text.grid_module_bu16_revb_hardware_transfer_complete_cb
                0x00007a08      0x200 grid/grid_module_bu16_revb.o
 .text.grid_module_bu16_revb_hardware_init
                0x00007c08       0x48 grid/grid_module_bu16_revb.o
                0x00007c08                grid_module_bu16_revb_hardware_init
 .text.grid_module_bu16_revb_init
                0x00007c50       0x70 grid/grid_module_bu16_revb.o
                0x00007c50                grid_module_bu16_revb_init
 .text.grid_module_en16_reva_hardware_start_transfer
                0x00007cc0       0x3c grid/grid_module_en16_reva.o
                0x00007cc0                grid_module_en16_reva_hardware_start_transfer
 *fill*         0x00007cfc        0x4 
 .text.grid_module_en16_reva_hardware_transfer_complete_cb
                0x00007d00      0x320 grid/grid_module_en16_reva.o
                0x00007d00                grid_module_en16_reva_hardware_transfer_complete_cb
 .text.grid_module_en16_reva_hardware_init
                0x00008020       0x68 grid/grid_module_en16_reva.o
                0x00008020                grid_module_en16_reva_hardware_init
 .text.grid_module_en16_reva_init
                0x00008088       0x9c grid/grid_module_en16_reva.o
                0x00008088                grid_module_en16_reva_init
 .text.grid_module_pbf4_reva_hardware_start_transfer
                0x00008124       0x20 grid/grid_module_pbf4_reva.o
                0x00008124                grid_module_pbf4_reva_hardware_start_transfer
 *fill*         0x00008144        0x4 
 .text.grid_module_pbf4_reva_hardware_transfer_complete_cb
                0x00008148      0x320 grid/grid_module_pbf4_reva.o
                0x00008148                grid_module_pbf4_reva_hardware_transfer_complete_cb
 .text.grid_module_pbf4_reva_hardware_init
                0x00008468       0x48 grid/grid_module_pbf4_reva.o
                0x00008468                grid_module_pbf4_reva_hardware_init
 .text.grid_module_pbf4_reva_init
                0x000084b0       0x84 grid/grid_module_pbf4_reva.o
                0x000084b0                grid_module_pbf4_reva_init
 .text.grid_module_po16_revb_hardware_start_transfer
                0x00008534       0x20 grid/grid_module_po16_revb.o
                0x00008534                grid_module_po16_revb_hardware_start_transfer
 *fill*         0x00008554        0x4 
 .text.grid_module_po16_revb_hardware_transfer_complete_cb
                0x00008558      0x248 grid/grid_module_po16_revb.o
 .text.grid_module_po16_revb_hardware_init
                0x000087a0       0x48 grid/grid_module_po16_revb.o
                0x000087a0                grid_module_po16_revb_hardware_init
 .text.grid_module_po16_revb_init
                0x000087e8       0x80 grid/grid_module_po16_revb.o
                0x000087e8                grid_module_po16_revb_init
 .text.gpio_set_pin_pull_mode.constprop.3
                0x00008868       0x28 grid/grid_sys.o
 .text.grid_task_enter_task
                0x00008890        0x8 grid/grid_sys.o
                0x00008890                grid_task_enter_task
 .text.grid_task_timer_tick
                0x00008898        0xe grid/grid_sys.o
                0x00008898                grid_task_timer_tick
 .text.grid_task_timer_reset
                0x000088a6       0x10 grid/grid_sys.o
                0x000088a6                grid_task_timer_reset
 .text.grid_task_timer_read
                0x000088b6        0x8 grid/grid_sys.o
                0x000088b6                grid_task_timer_read
 *fill*         0x000088be        0x2 
 .text.grid_sys_nvm_store_configuration
                0x000088c0      0x1f8 grid/grid_sys.o
                0x000088c0                grid_sys_nvm_store_configuration
 .text.grid_sys_recall_configuration
                0x00008ab8      0x15c grid/grid_sys.o
                0x00008ab8                grid_sys_recall_configuration
 .text.grid_sys_nvm_load_configuration
                0x00008c14       0xf8 grid/grid_sys.o
                0x00008c14                grid_sys_nvm_load_configuration
 .text.grid_sys_nvm_clear_configuration
                0x00008d0c       0x9c grid/grid_sys.o
                0x00008d0c                grid_sys_nvm_clear_configuration
 .text.grid_debug_print_text
                0x00008da8       0xec grid/grid_sys.o
                0x00008da8                grid_debug_print_text
 .text.tx_cb_USART_GRID
                0x00008e94       0x1a grid/grid_sys.o
                0x00008e94                tx_cb_USART_GRID
 *fill*         0x00008eae        0x2 
 .text.tx_cb_USART_GRID_W
                0x00008eb0       0x10 grid/grid_sys.o
 .text.tx_cb_USART_GRID_S
                0x00008ec0       0x10 grid/grid_sys.o
 .text.tx_cb_USART_GRID_E
                0x00008ed0       0x10 grid/grid_sys.o
 .text.tx_cb_USART_GRID_N
                0x00008ee0       0x10 grid/grid_sys.o
 .text.err_cb_USART_GRID
                0x00008ef0       0x10 grid/grid_sys.o
                0x00008ef0                err_cb_USART_GRID
 .text.err_cb_USART_GRID_W
                0x00008f00       0x10 grid/grid_sys.o
 .text.err_cb_USART_GRID_S
                0x00008f10       0x10 grid/grid_sys.o
 .text.err_cb_USART_GRID_E
                0x00008f20       0x10 grid/grid_sys.o
 .text.err_cb_USART_GRID_N
                0x00008f30       0x10 grid/grid_sys.o
 .text.grid_sys_port_reset_dma
                0x00008f40       0x20 grid/grid_sys.o
                0x00008f40                grid_sys_port_reset_dma
 .text.dma_transfer_complete_n_cb
                0x00008f60       0x10 grid/grid_sys.o
                0x00008f60                dma_transfer_complete_n_cb
 .text.dma_transfer_complete_e_cb
                0x00008f70       0x10 grid/grid_sys.o
                0x00008f70                dma_transfer_complete_e_cb
 .text.dma_transfer_complete_s_cb
                0x00008f80       0x10 grid/grid_sys.o
                0x00008f80                dma_transfer_complete_s_cb
 .text.dma_transfer_complete_w_cb
                0x00008f90       0x10 grid/grid_sys.o
                0x00008f90                dma_transfer_complete_w_cb
 .text.grid_sys_uart_init
                0x00008fa0      0x104 grid/grid_sys.o
                0x00008fa0                grid_sys_uart_init
 .text.grid_sys_dma_rx_init_one
                0x000090a4       0x64 grid/grid_sys.o
                0x000090a4                grid_sys_dma_rx_init_one
 .text.grid_sys_dma_rx_init
                0x00009108       0x6c grid/grid_sys.o
                0x00009108                grid_sys_dma_rx_init
 .text.grid_sys_init
                0x00009174       0x8c grid/grid_sys.o
                0x00009174                grid_sys_init
 .text.grid_sys_bank_enable
                0x00009200        0xc grid/grid_sys.o
                0x00009200                grid_sys_bank_enable
 .text.grid_sys_bank_disable
                0x0000920c        0xc grid/grid_sys.o
                0x0000920c                grid_sys_bank_disable
 .text.grid_sys_bank_set_color
                0x00009218       0x16 grid/grid_sys.o
                0x00009218                grid_sys_bank_set_color
 .text.grid_sys_get_bank_num
                0x0000922e        0x4 grid/grid_sys.o
                0x0000922e                grid_sys_get_bank_num
 .text.grid_sys_get_bank_valid
                0x00009232        0x6 grid/grid_sys.o
                0x00009232                grid_sys_get_bank_valid
 .text.grid_sys_get_bank_red
                0x00009238        0x6 grid/grid_sys.o
                0x00009238                grid_sys_get_bank_red
 .text.grid_sys_get_bank_gre
                0x0000923e        0x6 grid/grid_sys.o
                0x0000923e                grid_sys_get_bank_gre
 .text.grid_sys_get_bank_blu
                0x00009244        0x6 grid/grid_sys.o
                0x00009244                grid_sys_get_bank_blu
 .text.grid_sys_get_bank_next
                0x0000924a       0x24 grid/grid_sys.o
                0x0000924a                grid_sys_get_bank_next
 .text.grid_sys_get_bank_number_of_first_valid
                0x0000926e       0x1a grid/grid_sys.o
                0x0000926e                grid_sys_get_bank_number_of_first_valid
 .text.grid_sys_set_bank
                0x00009288       0x48 grid/grid_sys.o
                0x00009288                grid_sys_set_bank
 .text.grid_sys_rtc_get_time
                0x000092d0        0x4 grid/grid_sys.o
                0x000092d0                grid_sys_rtc_get_time
 .text.grid_sys_rtc_get_elapsed_time
                0x000092d4        0x6 grid/grid_sys.o
                0x000092d4                grid_sys_rtc_get_elapsed_time
 .text.grid_sys_rtc_tick_time
                0x000092da       0x12 grid/grid_sys.o
                0x000092da                grid_sys_rtc_tick_time
 .text.grid_sys_alert_read_color_changed_flag
                0x000092ec        0x4 grid/grid_sys.o
                0x000092ec                grid_sys_alert_read_color_changed_flag
 .text.grid_sys_alert_clear_color_changed_flag
                0x000092f0        0x6 grid/grid_sys.o
                0x000092f0                grid_sys_alert_clear_color_changed_flag
 .text.grid_sys_alert_get_color_intensity
                0x000092f6       0x42 grid/grid_sys.o
                0x000092f6                grid_sys_alert_get_color_intensity
 .text.grid_sys_alert_set_alert
                0x00009338       0x1a grid/grid_sys.o
                0x00009338                grid_sys_alert_set_alert
 .text.grid_sys_alert_get_color_r
                0x00009352        0x4 grid/grid_sys.o
                0x00009352                grid_sys_alert_get_color_r
 .text.grid_sys_alert_get_color_g
                0x00009356        0x4 grid/grid_sys.o
                0x00009356                grid_sys_alert_get_color_g
 .text.grid_sys_alert_get_color_b
                0x0000935a        0x4 grid/grid_sys.o
                0x0000935a                grid_sys_alert_get_color_b
 .text.grid_sys_read_hex_char_value
                0x0000935e       0x28 grid/grid_sys.o
                0x0000935e                grid_sys_read_hex_char_value
 *fill*         0x00009386        0x2 
 .text.grid_sys_read_hex_string_value
                0x00009388       0x30 grid/grid_sys.o
                0x00009388                grid_sys_read_hex_string_value
 .text.grid_sys_write_hex_string_value
                0x000093b8       0x34 grid/grid_sys.o
                0x000093b8                grid_sys_write_hex_string_value
 .text.grid_sys_get_id
                0x000093ec       0x2c grid/grid_sys.o
                0x000093ec                grid_sys_get_id
 .text.grid_sys_get_hwcfg
                0x00009418       0xe4 grid/grid_sys.o
                0x00009418                grid_sys_get_hwcfg
 .text.grid_msg_calculate_checksum_of_packet_string
                0x000094fc       0x1a grid/grid_sys.o
                0x000094fc                grid_msg_calculate_checksum_of_packet_string
 *fill*         0x00009516        0x2 
 .text.grid_msg_checksum_read
                0x00009518       0x1c grid/grid_sys.o
                0x00009518                grid_msg_checksum_read
 .text.grid_msg_checksum_write
                0x00009534       0x10 grid/grid_sys.o
                0x00009534                grid_msg_checksum_write
 .text.grid_msg_get_parameter
                0x00009544       0x18 grid/grid_sys.o
                0x00009544                grid_msg_get_parameter
 .text.grid_msg_set_parameter
                0x0000955c       0x14 grid/grid_sys.o
                0x0000955c                grid_msg_set_parameter
 .text.grid_msg_find_recent
                0x00009570       0x1a grid/grid_sys.o
                0x00009570                grid_msg_find_recent
 .text.grid_msg_push_recent
                0x0000958a       0x16 grid/grid_sys.o
                0x0000958a                grid_msg_push_recent
 .text.grid_ui_model_init
                0x000095a0       0x34 grid/grid_ui.o
                0x000095a0                grid_ui_model_init
 .text.grid_ui_bank_init
                0x000095d4       0x40 grid/grid_ui.o
                0x000095d4                grid_ui_bank_init
 .text.grid_ui_nvm_load_all_configuration
                0x00009614       0x10 grid/grid_ui.o
                0x00009614                grid_ui_nvm_load_all_configuration
 .text.grid_ui_nvm_clear_all_configuration
                0x00009624       0x10 grid/grid_ui.o
                0x00009624                grid_ui_nvm_clear_all_configuration
 .text.grid_ui_recall_event_configuration
                0x00009634      0x238 grid/grid_ui.o
                0x00009634                grid_ui_recall_event_configuration
 .text.grid_ui_nvm_store_event_configuration
                0x0000986c      0x1e4 grid/grid_ui.o
                0x0000986c                grid_ui_nvm_store_event_configuration
 .text.grid_ui_nvm_store_all_configuration
                0x00009a50      0x108 grid/grid_ui.o
                0x00009a50                grid_ui_nvm_store_all_configuration
 .text.grid_ui_nvm_load_event_configuration
                0x00009b58       0x78 grid/grid_ui.o
                0x00009b58                grid_ui_nvm_load_event_configuration
 .text.grid_ui_nvm_clear_event_configuration
                0x00009bd0       0x28 grid/grid_ui.o
                0x00009bd0                grid_ui_nvm_clear_event_configuration
 .text.grid_ui_event_find
                0x00009bf8       0x2a grid/grid_ui.o
                0x00009bf8                grid_ui_event_find
 .text.grid_ui_event_trigger
                0x00009c22       0x14 grid/grid_ui.o
                0x00009c22                grid_ui_event_trigger
 .text.grid_ui_event_render_action
                0x00009c36       0x38 grid/grid_ui.o
                0x00009c36                grid_ui_event_render_action
 *fill*         0x00009c6e        0x2 
 .text.grid_port_process_ui
                0x00009c70      0x478 grid/grid_ui.o
                0x00009c70                grid_port_process_ui
 .text.grid_ui_event_template_action
                0x0000a0e8      0x1f4 grid/grid_ui.o
                0x0000a0e8                grid_ui_event_template_action
 .text.grid_ui_event_register_actionstring
                0x0000a2dc      0x100 grid/grid_ui.o
                0x0000a2dc                grid_ui_event_register_actionstring
 .text.grid_ui_event_generate_actionstring
                0x0000a3dc       0xfc grid/grid_ui.o
                0x0000a3dc                grid_ui_event_generate_actionstring
 .text.grid_ui_reinit
                0x0000a4d8       0x78 grid/grid_ui.o
                0x0000a4d8                grid_ui_reinit
 .text.grid_ui_smart_trigger
                0x0000a550       0x50 grid/grid_ui.o
                0x0000a550                grid_ui_smart_trigger
 .text.grid_ui_event_register_eventstring
                0x0000a5a0      0x164 grid/grid_ui.o
                0x0000a5a0                grid_ui_event_register_eventstring
 .text.grid_ui_event_generate_eventstring
                0x0000a704       0xec grid/grid_ui.o
                0x0000a704                grid_ui_event_generate_eventstring
 .text.grid_ui_event_init
                0x0000a7f0       0xb0 grid/grid_ui.o
                0x0000a7f0                grid_ui_event_init
 .text.grid_ui_element_init
                0x0000a8a0      0x108 grid/grid_ui.o
                0x0000a8a0                grid_ui_element_init
 .text.grid_usb_serial_bulkin_cb
                0x0000a9a8        0x4 grid/grid_usb.o
 .text.grid_usb_serial_statechange_cb
                0x0000a9ac       0x28 grid/grid_usb.o
 .text.grid_usb_midi_bulkin_cb
                0x0000a9d4       0x28 grid/grid_usb.o
 .text.grid_usb_midi_bulkout_cb
                0x0000a9fc       0x28 grid/grid_usb.o
 .text.grid_usb_serial_bulkout_cb
                0x0000aa24        0x4 grid/grid_usb.o
 .text.grid_usb_serial_init
                0x0000aa28       0x10 grid/grid_usb.o
                0x0000aa28                grid_usb_serial_init
 .text.grid_usb_midi_init
                0x0000aa38       0x24 grid/grid_usb.o
                0x0000aa38                grid_usb_midi_init
 .text.grid_keyboard_init
                0x0000aa5c       0x24 grid/grid_usb.o
                0x0000aa5c                grid_keyboard_init
 .text.adc_async_window_threshold_reached
                0x0000aa80        0x8 hal/src/hal_adc_async.o
 .text.adc_async_error_occured
                0x0000aa88        0x8 hal/src/hal_adc_async.o
 .text.adc_async_channel_conversion_done
                0x0000aa90       0x68 hal/src/hal_adc_async.o
 .text.adc_async_init
                0x0000aaf8       0x4c hal/src/hal_adc_async.o
                0x0000aaf8                adc_async_init
 .text.adc_async_register_channel_buffer
                0x0000ab44       0x6c hal/src/hal_adc_async.o
                0x0000ab44                adc_async_register_channel_buffer
 .text.adc_async_enable_channel
                0x0000abb0       0x10 hal/src/hal_adc_async.o
                0x0000abb0                adc_async_enable_channel
 .text.adc_async_register_callback
                0x0000abc0       0x3c hal/src/hal_adc_async.o
                0x0000abc0                adc_async_register_callback
 .text.adc_async_read_channel
                0x0000abfc       0x74 hal/src/hal_adc_async.o
                0x0000abfc                adc_async_read_channel
 .text.adc_async_start_conversion
                0x0000ac70       0x10 hal/src/hal_adc_async.o
                0x0000ac70                adc_async_start_conversion
 .text.atomic_enter_critical
                0x0000ac80        0xe hal/src/hal_atomic.o
                0x0000ac80                atomic_enter_critical
 .text.atomic_leave_critical
                0x0000ac8e        0xc hal/src/hal_atomic.o
                0x0000ac8e                atomic_leave_critical
 *fill*         0x0000ac9a        0x2 
 .text.crc_sync_init
                0x0000ac9c        0x8 hal/src/hal_crc_sync.o
                0x0000ac9c                crc_sync_init
 .text.delay_init
                0x0000aca4       0x10 hal/src/hal_delay.o
                0x0000aca4                delay_init
 .text.delay_us
                0x0000acb4       0x24 hal/src/hal_delay.o
                0x0000acb4                delay_us
 .text.delay_ms
                0x0000acd8       0x24 hal/src/hal_delay.o
                0x0000acd8                delay_ms
 .text.event_system_init
                0x0000acfc        0x8 hal/src/hal_evsys.o
                0x0000acfc                event_system_init
 .text.flash_ready
                0x0000ad04        0x8 hal/src/hal_flash.o
 .text.flash_error
                0x0000ad0c        0x8 hal/src/hal_flash.o
 .text.flash_init
                0x0000ad14       0x20 hal/src/hal_flash.o
                0x0000ad14                flash_init
 .text.flash_read
                0x0000ad34       0x4c hal/src/hal_flash.o
                0x0000ad34                flash_read
 .text.flash_write
                0x0000ad80       0x64 hal/src/hal_flash.o
                0x0000ad80                flash_write
 .text.flash_erase
                0x0000ade4       0x60 hal/src/hal_flash.o
                0x0000ade4                flash_erase
 .text.i2c_m_async_write
                0x0000ae44       0x2c hal/src/hal_i2c_m_async.o
 .text.i2c_m_async_read
                0x0000ae70       0x2c hal/src/hal_i2c_m_async.o
 .text.i2c_tx_complete
                0x0000ae9c        0xe hal/src/hal_i2c_m_async.o
 .text.i2c_rx_complete
                0x0000aeaa        0xe hal/src/hal_i2c_m_async.o
 .text.i2c_error
                0x0000aeb8        0xe hal/src/hal_i2c_m_async.o
 *fill*         0x0000aec6        0x2 
 .text.i2c_m_async_init
                0x0000aec8       0x50 hal/src/hal_i2c_m_async.o
                0x0000aec8                i2c_m_async_init
 .text.io_write
                0x0000af18        0x4 hal/src/hal_io.o
                0x0000af18                io_write
 .text.io_read  0x0000af1c        0x4 hal/src/hal_io.o
                0x0000af1c                io_read
 .text.qspi_dma_init
                0x0000af20        0x8 hal/src/hal_qspi_dma.o
                0x0000af20                qspi_dma_init
 .text._spi_m_async_io_write
                0x0000af28       0x20 hal/src/hal_spi_m_async.o
 .text._spi_m_async_io_read
                0x0000af48       0x34 hal/src/hal_spi_m_async.o
 .text._spi_dev_error
                0x0000af7c       0x40 hal/src/hal_spi_m_async.o
 .text._spi_dev_complete
                0x0000afbc       0x2c hal/src/hal_spi_m_async.o
 .text._spi_dev_rx
                0x0000afe8       0x7c hal/src/hal_spi_m_async.o
 .text._spi_dev_tx
                0x0000b064       0x48 hal/src/hal_spi_m_async.o
 .text.spi_m_async_init
                0x0000b0ac       0x64 hal/src/hal_spi_m_async.o
                0x0000b0ac                spi_m_async_init
 .text.spi_m_async_enable
                0x0000b110        0xc hal/src/hal_spi_m_async.o
                0x0000b110                spi_m_async_enable
 .text.spi_m_async_set_baudrate
                0x0000b11c       0x18 hal/src/hal_spi_m_async.o
                0x0000b11c                spi_m_async_set_baudrate
 .text.spi_m_async_set_mode
                0x0000b134       0x18 hal/src/hal_spi_m_async.o
                0x0000b134                spi_m_async_set_mode
 .text.spi_m_async_transfer
                0x0000b14c       0x48 hal/src/hal_spi_m_async.o
                0x0000b14c                spi_m_async_transfer
 .text.spi_m_async_register_callback
                0x0000b194       0x1c hal/src/hal_spi_m_async.o
                0x0000b194                spi_m_async_register_callback
 .text.spi_m_async_get_io_descriptor
                0x0000b1b0        0x8 hal/src/hal_spi_m_async.o
                0x0000b1b0                spi_m_async_get_io_descriptor
 .text._spi_m_dma_io_write
                0x0000b1b8       0x18 hal/src/hal_spi_m_dma.o
 .text._spi_m_dma_io_read
                0x0000b1d0       0x18 hal/src/hal_spi_m_dma.o
 .text.spi_m_dma_init
                0x0000b1e8       0x24 hal/src/hal_spi_m_dma.o
                0x0000b1e8                spi_m_dma_init
 .text.spi_m_dma_enable
                0x0000b20c        0xc hal/src/hal_spi_m_dma.o
                0x0000b20c                spi_m_dma_enable
 .text.spi_m_dma_register_callback
                0x0000b218        0xc hal/src/hal_spi_m_dma.o
                0x0000b218                spi_m_dma_register_callback
 .text.spi_m_dma_get_io_descriptor
                0x0000b224        0x8 hal/src/hal_spi_m_dma.o
                0x0000b224                spi_m_dma_get_io_descriptor
 .text.timer_add_timer_task
                0x0000b22c       0x4c hal/src/hal_timer.o
 .text.timer_process_counted
                0x0000b278       0x6c hal/src/hal_timer.o
 .text.timer_init
                0x0000b2e4       0x1c hal/src/hal_timer.o
                0x0000b2e4                timer_init
 .text.timer_start
                0x0000b300       0x24 hal/src/hal_timer.o
                0x0000b300                timer_start
 .text.timer_add_task
                0x0000b324       0x78 hal/src/hal_timer.o
                0x0000b324                timer_add_task
 .text.usart_transmission_complete
                0x0000b39c       0x10 hal/src/hal_usart_async.o
 .text.usart_error
                0x0000b3ac       0x10 hal/src/hal_usart_async.o
 .text.usart_fill_rx_buffer
                0x0000b3bc       0x20 hal/src/hal_usart_async.o
 .text.usart_async_write
                0x0000b3dc       0x34 hal/src/hal_usart_async.o
 .text.usart_process_byte_sent
                0x0000b410       0x34 hal/src/hal_usart_async.o
 .text.usart_async_read
                0x0000b444       0x54 hal/src/hal_usart_async.o
 .text.usart_async_init
                0x0000b498       0x60 hal/src/hal_usart_async.o
                0x0000b498                usart_async_init
 .text.usart_async_enable
                0x0000b4f8       0x10 hal/src/hal_usart_async.o
                0x0000b4f8                usart_async_enable
 .text.usart_async_disable
                0x0000b508       0x10 hal/src/hal_usart_async.o
                0x0000b508                usart_async_disable
 .text.usart_async_get_io_descriptor
                0x0000b518        0x6 hal/src/hal_usart_async.o
                0x0000b518                usart_async_get_io_descriptor
 *fill*         0x0000b51e        0x2 
 .text.usart_async_register_callback
                0x0000b520       0x44 hal/src/hal_usart_async.o
                0x0000b520                usart_async_register_callback
 .text.usart_async_set_parity
                0x0000b564       0x10 hal/src/hal_usart_async.o
                0x0000b564                usart_async_set_parity
 .text.usart_sync_write
                0x0000b574       0x50 hal/src/hal_usart_sync.o
 .text.usart_sync_read
                0x0000b5c4       0x38 hal/src/hal_usart_sync.o
 .text.usart_sync_init
                0x0000b5fc       0x24 hal/src/hal_usart_sync.o
                0x0000b5fc                usart_sync_init
 .text.usart_sync_enable
                0x0000b620       0x10 hal/src/hal_usart_sync.o
                0x0000b620                usart_sync_enable
 .text._usb_d_find_ep
                0x0000b630       0x30 hal/src/hal_usb_device.o
 .text.usb_d_dummy_cb_false
                0x0000b660        0x4 hal/src/hal_usb_device.o
 .text.usb_d_cb_trans_more
                0x0000b664       0x30 hal/src/hal_usb_device.o
 .text._usb_d_cb_trans_done
                0x0000b694      0x108 hal/src/hal_usb_device.o
 .text.usb_d_cb_trans_setup
                0x0000b79c       0x8c hal/src/hal_usb_device.o
 .text.usb_d_init
                0x0000b828       0x68 hal/src/hal_usb_device.o
                0x0000b828                usb_d_init
 .text.usb_d_register_callback
                0x0000b890        0x8 hal/src/hal_usb_device.o
                0x0000b890                usb_d_register_callback
 .text.usb_d_enable
                0x0000b898        0x8 hal/src/hal_usb_device.o
                0x0000b898                usb_d_enable
 .text.usb_d_attach
                0x0000b8a0        0x8 hal/src/hal_usb_device.o
                0x0000b8a0                usb_d_attach
 .text.usb_d_get_frame_num
                0x0000b8a8        0x8 hal/src/hal_usb_device.o
                0x0000b8a8                usb_d_get_frame_num
 .text.usb_d_set_address
                0x0000b8b0        0x8 hal/src/hal_usb_device.o
                0x0000b8b0                usb_d_set_address
 .text.usb_d_ep_init
                0x0000b8b8       0x50 hal/src/hal_usb_device.o
                0x0000b8b8                usb_d_ep_init
 .text.usb_d_ep0_init
                0x0000b908       0x10 hal/src/hal_usb_device.o
                0x0000b908                usb_d_ep0_init
 .text.usb_d_ep_deinit
                0x0000b918       0x2c hal/src/hal_usb_device.o
                0x0000b918                usb_d_ep_deinit
 .text.usb_d_ep_enable
                0x0000b944       0x40 hal/src/hal_usb_device.o
                0x0000b944                usb_d_ep_enable
 .text.usb_d_ep_transfer
                0x0000b984       0xf8 hal/src/hal_usb_device.o
                0x0000b984                usb_d_ep_transfer
 .text.usb_d_ep_halt
                0x0000ba7c       0x64 hal/src/hal_usb_device.o
                0x0000ba7c                usb_d_ep_halt
 .text.usb_d_ep_register_callback
                0x0000bae0       0x4c hal/src/hal_usb_device.o
                0x0000bae0                usb_d_ep_register_callback
 .text.is_list_element
                0x0000bb2c        0xe hal/utils/src/utils_list.o
                0x0000bb2c                is_list_element
 .text.list_insert_as_head
                0x0000bb3a        0x8 hal/utils/src/utils_list.o
                0x0000bb3a                list_insert_as_head
 .text.list_insert_after
                0x0000bb42        0x8 hal/utils/src/utils_list.o
                0x0000bb42                list_insert_after
 .text.list_insert_at_end
                0x0000bb4a       0x18 hal/utils/src/utils_list.o
                0x0000bb4a                list_insert_at_end
 .text.list_remove_head
                0x0000bb62        0xc hal/utils/src/utils_list.o
                0x0000bb62                list_remove_head
 .text.ringbuffer_init
                0x0000bb6e       0x18 hal/utils/src/utils_ringbuffer.o
                0x0000bb6e                ringbuffer_init
 .text.ringbuffer_get
                0x0000bb86       0x22 hal/utils/src/utils_ringbuffer.o
                0x0000bb86                ringbuffer_get
 .text.ringbuffer_put
                0x0000bba8       0x26 hal/utils/src/utils_ringbuffer.o
                0x0000bba8                ringbuffer_put
 .text.ringbuffer_num
                0x0000bbce        0x8 hal/utils/src/utils_ringbuffer.o
                0x0000bbce                ringbuffer_num
 *fill*         0x0000bbd6        0x2 
 .text._sbrk    0x0000bbd8       0x1c hal/utils/src/utils_syscalls.o
                0x0000bbd8                _sbrk
 .text._close   0x0000bbf4        0x6 hal/utils/src/utils_syscalls.o
                0x0000bbf4                _close
 .text._fstat   0x0000bbfa        0xa hal/utils/src/utils_syscalls.o
                0x0000bbfa                _fstat
 .text._isatty  0x0000bc04        0x4 hal/utils/src/utils_syscalls.o
                0x0000bc04                _isatty
 .text._lseek   0x0000bc08        0x4 hal/utils/src/utils_syscalls.o
                0x0000bc08                _lseek
 .text.__NVIC_DisableIRQ
                0x0000bc0c       0x28 hpl/adc/hpl_adc.o
 .text.__NVIC_ClearPendingIRQ
                0x0000bc34       0x20 hpl/adc/hpl_adc.o
 .text.hri_adc_wait_for_sync
                0x0000bc54        0x8 hpl/adc/hpl_adc.o
 .text.hri_adc_set_CTRLA_ENABLE_bit
                0x0000bc5c       0x14 hpl/adc/hpl_adc.o
 .text.hri_adc_clear_CTRLA_ENABLE_bit
                0x0000bc70       0x18 hpl/adc/hpl_adc.o
 .text._adc_get_regs
                0x0000bc88       0x14 hpl/adc/hpl_adc.o
 .text._adc_interrupt_handler
                0x0000bc9c       0x4e hpl/adc/hpl_adc.o
 .text._adc_get_irq_num.isra.0
                0x0000bcea       0x14 hpl/adc/hpl_adc.o
 *fill*         0x0000bcfe        0x2 
 .text._adc_init
                0x0000bd00       0xc8 hpl/adc/hpl_adc.o
 .text._adc_async_init
                0x0000bdc8       0xb4 hpl/adc/hpl_adc.o
                0x0000bdc8                _adc_async_init
 .text._adc_async_enable_channel
                0x0000be7c        0xc hpl/adc/hpl_adc.o
                0x0000be7c                _adc_async_enable_channel
 .text._adc_async_get_data_size
                0x0000be88       0x12 hpl/adc/hpl_adc.o
                0x0000be88                _adc_async_get_data_size
 *fill*         0x0000be9a        0x2 
 .text._adc_async_convert
                0x0000be9c       0x18 hpl/adc/hpl_adc.o
                0x0000be9c                _adc_async_convert
 .text._adc_async_set_irq_state
                0x0000beb4       0x20 hpl/adc/hpl_adc.o
                0x0000beb4                _adc_async_set_irq_state
 .text.ADC0_1_Handler
                0x0000bed4       0x10 hpl/adc/hpl_adc.o
                0x0000bed4                ADC0_1_Handler
 .text.ADC0_0_Handler
                0x0000bee4        0x8 hpl/adc/hpl_adc.o
                0x0000bee4                ADC0_0_Handler
 .text.ADC1_1_Handler
                0x0000beec       0x10 hpl/adc/hpl_adc.o
                0x0000beec                ADC1_1_Handler
 .text.ADC1_0_Handler
                0x0000befc        0x8 hpl/adc/hpl_adc.o
                0x0000befc                ADC1_0_Handler
 .text._irq_set
                0x0000bf04       0x1c hpl/core/hpl_core_m4.o
                0x0000bf04                _irq_set
 .text._get_cycles_for_us
                0x0000bf20        0x6 hpl/core/hpl_core_m4.o
                0x0000bf20                _get_cycles_for_us
 *fill*         0x0000bf26        0x2 
 .text._get_cycles_for_ms
                0x0000bf28        0xc hpl/core/hpl_core_m4.o
                0x0000bf28                _get_cycles_for_ms
 .text._init_chip
                0x0000bf34       0x5c hpl/core/hpl_init.o
                0x0000bf34                _init_chip
 .text._dmac_handler
                0x0000bf90       0x50 hpl/dmac/hpl_dmac.o
 .text._dma_init
                0x0000bfe0       0xd0 hpl/dmac/hpl_dmac.o
                0x0000bfe0                _dma_init
 .text._dma_set_irq_state
                0x0000c0b0       0x28 hpl/dmac/hpl_dmac.o
                0x0000c0b0                _dma_set_irq_state
 .text._dma_set_destination_address
                0x0000c0d8       0x10 hpl/dmac/hpl_dmac.o
                0x0000c0d8                _dma_set_destination_address
 .text._dma_set_source_address
                0x0000c0e8       0x10 hpl/dmac/hpl_dmac.o
                0x0000c0e8                _dma_set_source_address
 .text._dma_srcinc_enable
                0x0000c0f8       0x1c hpl/dmac/hpl_dmac.o
                0x0000c0f8                _dma_srcinc_enable
 .text._dma_set_data_amount
                0x0000c114       0x44 hpl/dmac/hpl_dmac.o
                0x0000c114                _dma_set_data_amount
 .text._dma_enable_transaction
                0x0000c158       0x3c hpl/dmac/hpl_dmac.o
                0x0000c158                _dma_enable_transaction
 .text._dma_get_channel_resource
                0x0000c194       0x14 hpl/dmac/hpl_dmac.o
                0x0000c194                _dma_get_channel_resource
 .text.DMAC_0_Handler
                0x0000c1a8        0x8 hpl/dmac/hpl_dmac.o
                0x0000c1a8                DMAC_0_Handler
 .text.DMAC_1_Handler
                0x0000c1b0        0x8 hpl/dmac/hpl_dmac.o
                0x0000c1b0                DMAC_1_Handler
 .text.DMAC_2_Handler
                0x0000c1b8        0x8 hpl/dmac/hpl_dmac.o
                0x0000c1b8                DMAC_2_Handler
 .text.DMAC_3_Handler
                0x0000c1c0        0x8 hpl/dmac/hpl_dmac.o
                0x0000c1c0                DMAC_3_Handler
 .text.DMAC_4_Handler
                0x0000c1c8        0x8 hpl/dmac/hpl_dmac.o
                0x0000c1c8                DMAC_4_Handler
 .text._crc_sync_init
                0x0000c1d0        0x6 hpl/dsu/hpl_dsu.o
                0x0000c1d0                _crc_sync_init
 *fill*         0x0000c1d6        0x2 
 .text._event_system_init
                0x0000c1d8       0x58 hpl/evsys/hpl_evsys.o
                0x0000c1d8                _event_system_init
 .text.hri_gclk_wait_for_sync.constprop.0
                0x0000c230       0x14 hpl/gclk/hpl_gclk.o
 .text._gclk_init_generators_by_fref
                0x0000c244       0x58 hpl/gclk/hpl_gclk.o
                0x0000c244                _gclk_init_generators_by_fref
 .text._mclk_init
                0x0000c29c        0xc hpl/mclk/hpl_mclk.o
                0x0000c29c                _mclk_init
 .text._flash_program
                0x0000c2a8       0x3c hpl/nvmctrl/hpl_nvmctrl.o
 .text._user_row_write_exec
                0x0000c2e4       0x88 hpl/nvmctrl/hpl_nvmctrl.o
 .text._flash_init
                0x0000c36c       0x4c hpl/nvmctrl/hpl_nvmctrl.o
                0x0000c36c                _flash_init
 .text._flash_get_page_size
                0x0000c3b8        0x6 hpl/nvmctrl/hpl_nvmctrl.o
                0x0000c3b8                _flash_get_page_size
 .text._flash_get_total_pages
                0x0000c3be        0x8 hpl/nvmctrl/hpl_nvmctrl.o
                0x0000c3be                _flash_get_total_pages
 .text._flash_read
                0x0000c3c6       0x1e hpl/nvmctrl/hpl_nvmctrl.o
                0x0000c3c6                _flash_read
 .text._flash_write
                0x0000c3e4       0xd0 hpl/nvmctrl/hpl_nvmctrl.o
                0x0000c3e4                _flash_write
 .text._flash_erase
                0x0000c4b4       0xa8 hpl/nvmctrl/hpl_nvmctrl.o
                0x0000c4b4                _flash_erase
 .text._flash_is_locked
                0x0000c55c       0x18 hpl/nvmctrl/hpl_nvmctrl.o
                0x0000c55c                _flash_is_locked
 .text.NVMCTRL_1_Handler
                0x0000c574       0x2c hpl/nvmctrl/hpl_nvmctrl.o
                0x0000c574                NVMCTRL_1_Handler
 .text.NVMCTRL_0_Handler
                0x0000c5a0        0x8 hpl/nvmctrl/hpl_nvmctrl.o
                0x0000c5a0                NVMCTRL_0_Handler
 .text._user_area_read
                0x0000c5a8       0x60 hpl/nvmctrl/hpl_nvmctrl.o
                0x0000c5a8                _user_area_read
 .text._user_area_write
                0x0000c608       0x78 hpl/nvmctrl/hpl_nvmctrl.o
                0x0000c608                _user_area_write
 .text._osc32kctrl_init_sources
                0x0000c680       0x14 hpl/osc32kctrl/hpl_osc32kctrl.o
                0x0000c680                _osc32kctrl_init_sources
 .text._oscctrl_init_sources
                0x0000c694        0x2 hpl/oscctrl/hpl_oscctrl.o
                0x0000c694                _oscctrl_init_sources
 *fill*         0x0000c696        0x2 
 .text._oscctrl_init_referenced_generators
                0x0000c698       0xfc hpl/oscctrl/hpl_oscctrl.o
                0x0000c698                _oscctrl_init_referenced_generators
 .text._qspi_dma_tx_complete
                0x0000c794       0x14 hpl/qspi/hpl_qspi.o
 .text._qspi_dma_rx_complete
                0x0000c7a8        0x8 hpl/qspi/hpl_qspi.o
 .text._qspi_dma_error_occured
                0x0000c7b0        0xa hpl/qspi/hpl_qspi.o
 *fill*         0x0000c7ba        0x2 
 .text._qspi_dma_init
                0x0000c7bc       0x58 hpl/qspi/hpl_qspi.o
                0x0000c7bc                _qspi_dma_init
 .text.RAMECC_Handler
                0x0000c814       0x3c hpl/ramecc/hpl_ramecc.o
                0x0000c814                RAMECC_Handler
 .text.hri_rtcmode0_wait_for_sync
                0x0000c850        0x8 hpl/rtc/hpl_rtc.o
 .text._rtc_timer_stop
                0x0000c858       0x1c hpl/rtc/hpl_rtc.o
                0x0000c858                _rtc_timer_stop
 .text._rtc_timer_set_period
                0x0000c874       0x10 hpl/rtc/hpl_rtc.o
                0x0000c874                _rtc_timer_set_period
 .text._rtc_timer_get_period
                0x0000c884       0x14 hpl/rtc/hpl_rtc.o
                0x0000c884                _rtc_timer_get_period
 .text._rtc_timer_is_started
                0x0000c898       0x1c hpl/rtc/hpl_rtc.o
                0x0000c898                _rtc_timer_is_started
 .text._rtc_timer_set_irq
                0x0000c8b4        0x2 hpl/rtc/hpl_rtc.o
                0x0000c8b4                _rtc_timer_set_irq
 *fill*         0x0000c8b6        0x2 
 .text._rtc_timer_start
                0x0000c8b8       0x3c hpl/rtc/hpl_rtc.o
                0x0000c8b8                _rtc_timer_start
 .text._rtc_timer_deinit
                0x0000c8f4       0x28 hpl/rtc/hpl_rtc.o
                0x0000c8f4                _rtc_timer_deinit
 .text._rtc_timer_init
                0x0000c91c       0x48 hpl/rtc/hpl_rtc.o
                0x0000c91c                _rtc_timer_init
 .text._rtc_get_timer
                0x0000c964        0x8 hpl/rtc/hpl_rtc.o
                0x0000c964                _rtc_get_timer
 .text.RTC_Handler
                0x0000c96c       0x24 hpl/rtc/hpl_rtc.o
                0x0000c96c                RTC_Handler
 .text.__NVIC_EnableIRQ
                0x0000c990       0x1c hpl/sercom/hpl_sercom.o
 .text.__NVIC_DisableIRQ
                0x0000c9ac       0x28 hpl/sercom/hpl_sercom.o
 .text.__NVIC_ClearPendingIRQ
                0x0000c9d4       0x20 hpl/sercom/hpl_sercom.o
 .text.hri_sercomi2cm_wait_for_sync
                0x0000c9f4        0x8 hpl/sercom/hpl_sercom.o
 .text.hri_sercomspi_wait_for_sync
                0x0000c9fc        0x8 hpl/sercom/hpl_sercom.o
 .text.hri_sercomusart_wait_for_sync
                0x0000ca04        0x8 hpl/sercom/hpl_sercom.o
 .text.hri_sercomi2cm_clear_CTRLA_ENABLE_bit
                0x0000ca0c       0x14 hpl/sercom/hpl_sercom.o
 .text.hri_sercomspi_clear_CTRLA_ENABLE_bit
                0x0000ca20       0x14 hpl/sercom/hpl_sercom.o
 .text.hri_sercomusart_get_CTRLA_ENABLE_bit
                0x0000ca34       0x14 hpl/sercom/hpl_sercom.o
 .text.hri_sercomusart_write_CTRLA_ENABLE_bit
                0x0000ca48       0x18 hpl/sercom/hpl_sercom.o
 .text.hri_sercomusart_clear_CTRLA_ENABLE_bit
                0x0000ca60       0x14 hpl/sercom/hpl_sercom.o
 .text._sercom_get_hardware_index
                0x0000ca74       0x34 hpl/sercom/hpl_sercom.o
 .text._sercom_usart_interrupt_handler
                0x0000caa8       0x70 hpl/sercom/hpl_sercom.o
 .text._sercom_init_irq_param
                0x0000cb18       0x60 hpl/sercom/hpl_sercom.o
 .text._get_i2cm_index
                0x0000cb78       0x14 hpl/sercom/hpl_sercom.o
 .text._sercom_get_irq_num
                0x0000cb8c       0x14 hpl/sercom/hpl_sercom.o
 .text._spi_sync_enable
                0x0000cba0       0x28 hpl/sercom/hpl_sercom.o
 .text._spi_get_regs
                0x0000cbc8       0x2c hpl/sercom/hpl_sercom.o
 .text._spi_get_tx_dma_channel
                0x0000cbf4       0x14 hpl/sercom/hpl_sercom.o
 .text._spi_get_rx_dma_channel
                0x0000cc08       0x14 hpl/sercom/hpl_sercom.o
 .text._spi_dma_rx_complete
                0x0000cc1c        0xa hpl/sercom/hpl_sercom.o
 .text._spi_dma_tx_complete
                0x0000cc26        0xa hpl/sercom/hpl_sercom.o
 .text._spi_dma_error_occured
                0x0000cc30        0xa hpl/sercom/hpl_sercom.o
 *fill*         0x0000cc3a        0x2 
 .text._usart_set_parity
                0x0000cc3c       0x78 hpl/sercom/hpl_sercom.o
 .text._sercom_i2c_send_stop
                0x0000ccb4       0x14 hpl/sercom/hpl_sercom.o
 .text._sercom_i2c_sync_analyse_flags
                0x0000ccc8      0x16c hpl/sercom/hpl_sercom.o
 .text._spi_load_regs_master
                0x0000ce34       0x3c hpl/sercom/hpl_sercom.o
 .text._spi_set_mode
                0x0000ce70       0x34 hpl/sercom/hpl_sercom.o
 .text._i2c_m_sync_init_impl
                0x0000cea4       0xb0 hpl/sercom/hpl_sercom.o
 .text._usart_init
                0x0000cf54       0xdc hpl/sercom/hpl_sercom.o
 .text._usart_sync_init
                0x0000d030        0xc hpl/sercom/hpl_sercom.o
                0x0000d030                _usart_sync_init
 .text._usart_async_init
                0x0000d03c       0x64 hpl/sercom/hpl_sercom.o
                0x0000d03c                _usart_async_init
 .text._usart_sync_enable
                0x0000d0a0       0x14 hpl/sercom/hpl_sercom.o
                0x0000d0a0                _usart_sync_enable
 .text._usart_async_enable
                0x0000d0b4       0x14 hpl/sercom/hpl_sercom.o
                0x0000d0b4                _usart_async_enable
 .text._usart_async_disable
                0x0000d0c8        0xc hpl/sercom/hpl_sercom.o
                0x0000d0c8                _usart_async_disable
 .text._usart_async_set_parity
                0x0000d0d4        0xc hpl/sercom/hpl_sercom.o
                0x0000d0d4                _usart_async_set_parity
 .text._usart_sync_write_byte
                0x0000d0e0        0x6 hpl/sercom/hpl_sercom.o
                0x0000d0e0                _usart_sync_write_byte
 .text._usart_async_write_byte
                0x0000d0e6        0x6 hpl/sercom/hpl_sercom.o
                0x0000d0e6                _usart_async_write_byte
 .text._usart_sync_read_byte
                0x0000d0ec        0x8 hpl/sercom/hpl_sercom.o
                0x0000d0ec                _usart_sync_read_byte
 .text._usart_sync_is_ready_to_send
                0x0000d0f4        0xa hpl/sercom/hpl_sercom.o
                0x0000d0f4                _usart_sync_is_ready_to_send
 .text._usart_sync_is_transmit_done
                0x0000d0fe        0xa hpl/sercom/hpl_sercom.o
                0x0000d0fe                _usart_sync_is_transmit_done
 .text._usart_sync_is_byte_received
                0x0000d108        0xa hpl/sercom/hpl_sercom.o
                0x0000d108                _usart_sync_is_byte_received
 .text._usart_async_enable_byte_sent_irq
                0x0000d112        0x8 hpl/sercom/hpl_sercom.o
                0x0000d112                _usart_async_enable_byte_sent_irq
 .text._usart_async_enable_tx_done_irq
                0x0000d11a        0x8 hpl/sercom/hpl_sercom.o
                0x0000d11a                _usart_async_enable_tx_done_irq
 .text._usart_async_set_irq_state
                0x0000d122       0x32 hpl/sercom/hpl_sercom.o
                0x0000d122                _usart_async_set_irq_state
 .text._i2c_m_async_init
                0x0000d154       0x64 hpl/sercom/hpl_sercom.o
                0x0000d154                _i2c_m_async_init
 .text._i2c_m_async_transfer
                0x0000d1b8       0xc0 hpl/sercom/hpl_sercom.o
                0x0000d1b8                _i2c_m_async_transfer
 .text._i2c_m_async_register_callback
                0x0000d278       0x1a hpl/sercom/hpl_sercom.o
                0x0000d278                _i2c_m_async_register_callback
 *fill*         0x0000d292        0x2 
 .text.SERCOM0_3_Handler
                0x0000d294       0x10 hpl/sercom/hpl_sercom.o
                0x0000d294                SERCOM0_3_Handler
 .text.SERCOM0_2_Handler
                0x0000d2a4        0x8 hpl/sercom/hpl_sercom.o
                0x0000d2a4                SERCOM0_2_Handler
 .text.SERCOM0_1_Handler
                0x0000d2ac        0x8 hpl/sercom/hpl_sercom.o
                0x0000d2ac                SERCOM0_1_Handler
 .text.SERCOM0_0_Handler
                0x0000d2b4        0x8 hpl/sercom/hpl_sercom.o
                0x0000d2b4                SERCOM0_0_Handler
 .text.SERCOM1_3_Handler
                0x0000d2bc       0x10 hpl/sercom/hpl_sercom.o
                0x0000d2bc                SERCOM1_3_Handler
 .text.SERCOM1_2_Handler
                0x0000d2cc        0x8 hpl/sercom/hpl_sercom.o
                0x0000d2cc                SERCOM1_2_Handler
 .text.SERCOM1_1_Handler
                0x0000d2d4        0x8 hpl/sercom/hpl_sercom.o
                0x0000d2d4                SERCOM1_1_Handler
 .text.SERCOM1_0_Handler
                0x0000d2dc        0x8 hpl/sercom/hpl_sercom.o
                0x0000d2dc                SERCOM1_0_Handler
 .text.SERCOM3_3_Handler
                0x0000d2e4       0x44 hpl/sercom/hpl_sercom.o
                0x0000d2e4                SERCOM3_3_Handler
 .text.SERCOM3_2_Handler
                0x0000d328        0x8 hpl/sercom/hpl_sercom.o
                0x0000d328                SERCOM3_2_Handler
 .text.SERCOM3_1_Handler
                0x0000d330        0x8 hpl/sercom/hpl_sercom.o
                0x0000d330                SERCOM3_1_Handler
 .text.SERCOM3_0_Handler
                0x0000d338        0x8 hpl/sercom/hpl_sercom.o
                0x0000d338                SERCOM3_0_Handler
 .text.SERCOM4_3_Handler
                0x0000d340       0x10 hpl/sercom/hpl_sercom.o
                0x0000d340                SERCOM4_3_Handler
 .text.SERCOM4_2_Handler
                0x0000d350        0x8 hpl/sercom/hpl_sercom.o
                0x0000d350                SERCOM4_2_Handler
 .text.SERCOM4_1_Handler
                0x0000d358        0x8 hpl/sercom/hpl_sercom.o
                0x0000d358                SERCOM4_1_Handler
 .text.SERCOM4_0_Handler
                0x0000d360        0x8 hpl/sercom/hpl_sercom.o
                0x0000d360                SERCOM4_0_Handler
 .text.SERCOM5_3_Handler
                0x0000d368       0x64 hpl/sercom/hpl_sercom.o
                0x0000d368                SERCOM5_3_Handler
 .text.SERCOM5_2_Handler
                0x0000d3cc        0x8 hpl/sercom/hpl_sercom.o
                0x0000d3cc                SERCOM5_2_Handler
 .text.SERCOM5_1_Handler
                0x0000d3d4        0x8 hpl/sercom/hpl_sercom.o
                0x0000d3d4                SERCOM5_1_Handler
 .text.SERCOM5_0_Handler
                0x0000d3dc        0x8 hpl/sercom/hpl_sercom.o
                0x0000d3dc                SERCOM5_0_Handler
 .text.SERCOM6_3_Handler
                0x0000d3e4       0x10 hpl/sercom/hpl_sercom.o
                0x0000d3e4                SERCOM6_3_Handler
 .text.SERCOM6_2_Handler
                0x0000d3f4        0x8 hpl/sercom/hpl_sercom.o
                0x0000d3f4                SERCOM6_2_Handler
 .text.SERCOM6_1_Handler
                0x0000d3fc        0x8 hpl/sercom/hpl_sercom.o
                0x0000d3fc                SERCOM6_1_Handler
 .text.SERCOM6_0_Handler
                0x0000d404        0x8 hpl/sercom/hpl_sercom.o
                0x0000d404                SERCOM6_0_Handler
 .text._spi_m_sync_init
                0x0000d40c       0xd0 hpl/sercom/hpl_sercom.o
                0x0000d40c                _spi_m_sync_init
 .text._spi_m_async_init
                0x0000d4dc       0x58 hpl/sercom/hpl_sercom.o
                0x0000d4dc                _spi_m_async_init
 .text._spi_s_async_enable
                0x0000d534       0x34 hpl/sercom/hpl_sercom.o
                0x0000d534                _spi_s_async_enable
 .text._spi_m_async_enable
                0x0000d568        0x8 hpl/sercom/hpl_sercom.o
                0x0000d568                _spi_m_async_enable
 .text._spi_s_async_set_mode
                0x0000d570        0xc hpl/sercom/hpl_sercom.o
                0x0000d570                _spi_s_async_set_mode
 .text._spi_m_async_set_mode
                0x0000d57c        0x8 hpl/sercom/hpl_sercom.o
                0x0000d57c                _spi_m_async_set_mode
 .text._spi_m_async_set_baudrate
                0x0000d584       0x14 hpl/sercom/hpl_sercom.o
                0x0000d584                _spi_m_async_set_baudrate
 .text._spi_m_async_enable_tx
                0x0000d598       0x10 hpl/sercom/hpl_sercom.o
                0x0000d598                _spi_m_async_enable_tx
 .text._spi_m_async_enable_rx
                0x0000d5a8       0x10 hpl/sercom/hpl_sercom.o
                0x0000d5a8                _spi_m_async_enable_rx
 .text._spi_m_async_enable_tx_complete
                0x0000d5b8       0x10 hpl/sercom/hpl_sercom.o
                0x0000d5b8                _spi_m_async_enable_tx_complete
 .text._spi_m_async_write_one
                0x0000d5c8        0x8 hpl/sercom/hpl_sercom.o
                0x0000d5c8                _spi_m_async_write_one
 .text._spi_m_async_read_one
                0x0000d5d0        0x8 hpl/sercom/hpl_sercom.o
                0x0000d5d0                _spi_m_async_read_one
 .text._spi_m_async_register_callback
                0x0000d5d8        0xa hpl/sercom/hpl_sercom.o
                0x0000d5d8                _spi_m_async_register_callback
 .text._spi_m_async_set_irq_state
                0x0000d5e2       0x12 hpl/sercom/hpl_sercom.o
                0x0000d5e2                _spi_m_async_set_irq_state
 .text._spi_m_dma_init
                0x0000d5f4       0xc4 hpl/sercom/hpl_sercom.o
                0x0000d5f4                _spi_m_dma_init
 .text._spi_m_dma_enable
                0x0000d6b8        0xc hpl/sercom/hpl_sercom.o
                0x0000d6b8                _spi_m_dma_enable
 .text._spi_m_dma_register_callback
                0x0000d6c4       0x64 hpl/sercom/hpl_sercom.o
                0x0000d6c4                _spi_m_dma_register_callback
 .text._spi_m_dma_transfer
                0x0000d728       0xf8 hpl/sercom/hpl_sercom.o
                0x0000d728                _spi_m_dma_transfer
 .text._delay_init
                0x0000d820       0x14 hpl/systick/hpl_systick.o
                0x0000d820                _delay_init
 .text._delay_cycles
                0x0000d834       0x38 hpl/systick/hpl_systick.o
                0x0000d834                _delay_cycles
 .text.__NVIC_DisableIRQ
                0x0000d86c       0x28 hpl/tc/hpl_tc.o
 .text.hri_tc_wait_for_sync
                0x0000d894        0x8 hpl/tc/hpl_tc.o
 .text._tc_timer_start
                0x0000d89c       0x14 hpl/tc/hpl_tc.o
                0x0000d89c                _tc_timer_start
 .text._tc_timer_get_period
                0x0000d8b0       0x50 hpl/tc/hpl_tc.o
                0x0000d8b0                _tc_timer_get_period
 .text._tc_timer_is_started
                0x0000d900       0x18 hpl/tc/hpl_tc.o
                0x0000d900                _tc_timer_is_started
 .text.tc_interrupt_handler
                0x0000d918       0x12 hpl/tc/hpl_tc.o
 *fill*         0x0000d92a        0x2 
 .text.get_tc_index
                0x0000d92c       0x50 hpl/tc/hpl_tc.o
 .text._tc_timer_set_irq
                0x0000d97c       0x28 hpl/tc/hpl_tc.o
                0x0000d97c                _tc_timer_set_irq
 .text._tc_timer_stop
                0x0000d9a4       0x14 hpl/tc/hpl_tc.o
                0x0000d9a4                _tc_timer_stop
 .text._tc_timer_deinit
                0x0000d9b8       0x4c hpl/tc/hpl_tc.o
                0x0000d9b8                _tc_timer_deinit
 .text._tc_timer_init
                0x0000da04      0x150 hpl/tc/hpl_tc.o
                0x0000da04                _tc_timer_init
 .text._tc_timer_set_period
                0x0000db54       0x3c hpl/tc/hpl_tc.o
                0x0000db54                _tc_timer_set_period
 .text._tc_get_timer
                0x0000db90        0x8 hpl/tc/hpl_tc.o
                0x0000db90                _tc_get_timer
 .text.TC0_Handler
                0x0000db98       0x10 hpl/tc/hpl_tc.o
                0x0000db98                TC0_Handler
 .text.TC1_Handler
                0x0000dba8       0x10 hpl/tc/hpl_tc.o
                0x0000dba8                TC1_Handler
 .text.TC2_Handler
                0x0000dbb8       0x10 hpl/tc/hpl_tc.o
                0x0000dbb8                TC2_Handler
 .text.TC3_Handler
                0x0000dbc8       0x10 hpl/tc/hpl_tc.o
                0x0000dbc8                TC3_Handler
 .text._dummy_func_no_return
                0x0000dbd8        0x4 hpl/usb/hpl_usb.o
 .text._usb_d_dev_wait_dfll_rdy
                0x0000dbdc       0x24 hpl/usb/hpl_usb.o
 .text._usb_d_dev_ept
                0x0000dc00       0x18 hpl/usb/hpl_usb.o
 .text._usb_d_dev_handle_setup
                0x0000dc18       0x84 hpl/usb/hpl_usb.o
 .text._usb_d_dev_handle_stall
                0x0000dc9c       0x28 hpl/usb/hpl_usb.o
 .text._usb_d_dev_trans_done
                0x0000dcc4       0x24 hpl/usb/hpl_usb.o
 .text._usb_d_dev_trans_stop
                0x0000dce8       0x64 hpl/usb/hpl_usb.o
 .text._usb_d_dev_handle_trfail
                0x0000dd4c       0xec hpl/usb/hpl_usb.o
 .text._usb_d_dev_reset_epts
                0x0000de38       0x3c hpl/usb/hpl_usb.o
 .text._usb_d_dev_in_next
                0x0000de74      0x158 hpl/usb/hpl_usb.o
 .text._usb_d_dev_out_next
                0x0000dfcc      0x1ac hpl/usb/hpl_usb.o
 .text._usb_d_dev_handler
                0x0000e178      0x1dc hpl/usb/hpl_usb.o
 .text._usbd_ep_pcksize_size
                0x0000e354       0x3e hpl/usb/hpl_usb.o
 *fill*         0x0000e392        0x2 
 .text._usb_d_dev_init
                0x0000e394       0xe8 hpl/usb/hpl_usb.o
                0x0000e394                _usb_d_dev_init
 .text._usb_d_dev_enable
                0x0000e47c       0x5c hpl/usb/hpl_usb.o
                0x0000e47c                _usb_d_dev_enable
 .text._usb_d_dev_attach
                0x0000e4d8       0x12 hpl/usb/hpl_usb.o
                0x0000e4d8                _usb_d_dev_attach
 .text._usb_d_dev_set_address
                0x0000e4ea        0xc hpl/usb/hpl_usb.o
                0x0000e4ea                _usb_d_dev_set_address
 .text._usb_d_dev_get_frame_n
                0x0000e4f6        0xc hpl/usb/hpl_usb.o
                0x0000e4f6                _usb_d_dev_get_frame_n
 *fill*         0x0000e502        0x2 
 .text._usb_d_dev_ep_init
                0x0000e504       0xc0 hpl/usb/hpl_usb.o
                0x0000e504                _usb_d_dev_ep_init
 .text._usb_d_dev_ep_deinit
                0x0000e5c4       0x84 hpl/usb/hpl_usb.o
                0x0000e5c4                _usb_d_dev_ep_deinit
 .text._usb_d_dev_ep_enable
                0x0000e648      0x17c hpl/usb/hpl_usb.o
                0x0000e648                _usb_d_dev_ep_enable
 .text._usb_d_dev_ep_stall
                0x0000e7c4       0xe4 hpl/usb/hpl_usb.o
                0x0000e7c4                _usb_d_dev_ep_stall
 .text._usb_d_dev_ep_read_req
                0x0000e8a8       0x54 hpl/usb/hpl_usb.o
                0x0000e8a8                _usb_d_dev_ep_read_req
 .text._usb_d_dev_ep_trans
                0x0000e8fc      0x108 hpl/usb/hpl_usb.o
                0x0000e8fc                _usb_d_dev_ep_trans
 .text._usb_d_dev_register_callback
                0x0000ea04       0x24 hpl/usb/hpl_usb.o
                0x0000ea04                _usb_d_dev_register_callback
 .text._usb_d_dev_register_ep_callback
                0x0000ea28       0x2c hpl/usb/hpl_usb.o
                0x0000ea28                _usb_d_dev_register_ep_callback
 .text.USB_0_Handler
                0x0000ea54        0x8 hpl/usb/hpl_usb.o
                0x0000ea54                USB_0_Handler
 .text.USB_1_Handler
                0x0000ea5c        0x8 hpl/usb/hpl_usb.o
                0x0000ea5c                USB_1_Handler
 .text.USB_2_Handler
                0x0000ea64        0x8 hpl/usb/hpl_usb.o
                0x0000ea64                USB_2_Handler
 .text.USB_3_Handler
                0x0000ea6c        0x8 hpl/usb/hpl_usb.o
                0x0000ea6c                USB_3_Handler
 .text._wdt_init
                0x0000ea74       0x42 hpl/wdt/hpl_wdt.o
                0x0000ea74                _wdt_init
 *fill*         0x0000eab6        0x2 
 .text.RTC_Scheduler_ping_cb
                0x0000eab8       0x50 main.o
 .text.RTC_Scheduler_report_cb
                0x0000eb08        0xc main.o
 .text.RTC_Scheduler_heartbeat_cb
                0x0000eb14       0x1c main.o
 .text.RTC_Scheduler_realtime_cb
                0x0000eb30       0x80 main.o
 .text.init_timer
                0x0000ebb0       0x84 main.o
                0x0000ebb0                init_timer
 .text.startup.main
                0x0000ec34      0x524 main.o
                0x0000ec34                main
 .text._read    0x0000f158       0x20 stdio_redirect/gcc/read.o
                0x0000f158                _read
 .text._write   0x0000f178       0x24 stdio_redirect/gcc/write.o
                0x0000f178                _write
 .text.stdio_io_init
                0x0000f19c       0x2c stdio_redirect/stdio_io.o
                0x0000f19c                stdio_io_init
 .text.stdio_io_read
                0x0000f1c8       0x1c stdio_redirect/stdio_io.o
                0x0000f1c8                stdio_io_read
 .text.stdio_io_write
                0x0000f1e4       0x1c stdio_redirect/stdio_io.o
                0x0000f1e4                stdio_io_write
 .text.stdio_redirect_init
                0x0000f200       0x20 stdio_start.o
                0x0000f200                stdio_redirect_init
 .text.cdcdf_acm_req
                0x0000f220       0xdc usb/class/cdc/device/cdcdf_acm.o
 .text.cdcdf_acm_ctrl
                0x0000f2fc      0x138 usb/class/cdc/device/cdcdf_acm.o
 .text.cdcdf_acm_init
                0x0000f434       0x44 usb/class/cdc/device/cdcdf_acm.o
                0x0000f434                cdcdf_acm_init
 .text.cdcdf_acm_read
                0x0000f478       0x2c usb/class/cdc/device/cdcdf_acm.o
                0x0000f478                cdcdf_acm_read
 .text.cdcdf_acm_write
                0x0000f4a4       0x2c usb/class/cdc/device/cdcdf_acm.o
                0x0000f4a4                cdcdf_acm_write
 .text.cdcdf_acm_register_callback
                0x0000f4d0       0x40 usb/class/cdc/device/cdcdf_acm.o
                0x0000f4d0                cdcdf_acm_register_callback
 .text.hid_keyboard_req
                0x0000f510       0x88 usb/class/hid/device/hiddf_keyboard.o
 .text.hid_keyboard_ctrl
                0x0000f598      0x110 usb/class/hid/device/hiddf_keyboard.o
 .text.hiddf_keyboard_init
                0x0000f6a8       0x44 usb/class/hid/device/hiddf_keyboard.o
                0x0000f6a8                hiddf_keyboard_init
 .text.hiddf_keyboard_keys_state_change
                0x0000f6ec       0x8c usb/class/hid/device/hiddf_keyboard.o
                0x0000f6ec                hiddf_keyboard_keys_state_change
 .text.hid_mouse_req
                0x0000f778       0x88 usb/class/hid/device/hiddf_mouse.o
 .text.hid_mouse_ctrl
                0x0000f800       0xe4 usb/class/hid/device/hiddf_mouse.o
 .text.hiddf_mouse_init
                0x0000f8e4       0x44 usb/class/hid/device/hiddf_mouse.o
                0x0000f8e4                hiddf_mouse_init
 .text.hiddf_mouse_move
                0x0000f928       0x48 usb/class/hid/device/hiddf_mouse.o
                0x0000f928                hiddf_mouse_move
 .text.audio_midi_req
                0x0000f970       0x78 usb/class/midi/device/audiodf_midi.o
 .text.audio_midi_ctrl
                0x0000f9e8      0x180 usb/class/midi/device/audiodf_midi.o
 .text.audiodf_midi_init
                0x0000fb68       0x44 usb/class/midi/device/audiodf_midi.o
                0x0000fb68                audiodf_midi_init
 .text.audiodf_midi_write
                0x0000fbac       0x28 usb/class/midi/device/audiodf_midi.o
                0x0000fbac                audiodf_midi_write
 .text.audiodf_midi_read
                0x0000fbd4       0x20 usb/class/midi/device/audiodf_midi.o
                0x0000fbd4                audiodf_midi_read
 .text.audiodf_midi_register_callback
                0x0000fbf4       0x30 usb/class/midi/device/audiodf_midi.o
                0x0000fbf4                audiodf_midi_register_callback
 .text.usbdc_unconfig
                0x0000fc24       0x1c usb/device/usbdc.o
 .text.usbdc_change_notify
                0x0000fc40       0x20 usb/device/usbdc.o
 .text.usbdc_request_handler
                0x0000fc60       0x38 usb/device/usbdc.o
 .text.usbd_sof_cb
                0x0000fc98       0x18 usb/device/usbdc.o
 .text.usbdc_cb_ctl_done
                0x0000fcb0       0x68 usb/device/usbdc.o
 .text.usbdc_reset
                0x0000fd18       0x5c usb/device/usbdc.o
                0x0000fd18                usbdc_reset
 .text.usbd_event_cb
                0x0000fd74       0x18 usb/device/usbdc.o
 .text.usbdc_xfer
                0x0000fd8c       0x20 usb/device/usbdc.o
                0x0000fd8c                usbdc_xfer
 .text.usbdc_cb_ctl_req
                0x0000fdac      0x328 usb/device/usbdc.o
 .text.usbdc_register_handler
                0x000100d4       0x2c usb/device/usbdc.o
                0x000100d4                usbdc_register_handler
 .text.usbdc_init
                0x00010100       0x44 usb/device/usbdc.o
                0x00010100                usbdc_init
 .text.usbdc_register_function
                0x00010144       0x10 usb/device/usbdc.o
                0x00010144                usbdc_register_function
 .text.usbdc_start
                0x00010154       0x34 usb/device/usbdc.o
                0x00010154                usbdc_start
 .text.usbdc_attach
                0x00010188        0x8 usb/device/usbdc.o
                0x00010188                usbdc_attach
 .text.usbdc_get_ctrl_buffer
                0x00010190        0xc usb/device/usbdc.o
                0x00010190                usbdc_get_ctrl_buffer
 .text.usbdc_get_state
                0x0001019c       0x14 usb/device/usbdc.o
                0x0001019c                usbdc_get_state
 .text.usb_find_desc
                0x000101b0       0x1a usb/usb_protocol.o
                0x000101b0                usb_find_desc
 .text.usb_find_ep_desc
                0x000101ca       0x1c usb/usb_protocol.o
                0x000101ca                usb_find_ep_desc
 *fill*         0x000101e6        0x2 
 .text.usb_find_cfg_desc
                0x000101e8       0x3c usb/usb_protocol.o
                0x000101e8                usb_find_cfg_desc
 .text.usb_find_str_desc
                0x00010224       0x30 usb/usb_protocol.o
                0x00010224                usb_find_str_desc
 .text.gpio_get_pin_level
                0x00010254       0x48 usb_start.o
 .text.hiddf_demo_sof_event
                0x0001029c       0x78 usb_start.o
 .text.composite_device_init
                0x00010314       0x2c usb_start.o
                0x00010314                composite_device_init
 .text.composite_device_start
                0x00010340       0x1c usb_start.o
                0x00010340                composite_device_start
 .text.usb_init
                0x0001035c        0x8 usb_start.o
                0x0001035c                usb_init
 .text          0x00010364      0x370 c:/program files (x86)/atmel/studio/7.0/toolchain/arm/arm-gnu-toolchain/bin/../lib/gcc/arm-none-eabi/6.3.1/thumb/v7e-m\libgcc.a(_arm_addsubdf3.o)
                0x00010364                __aeabi_drsub
                0x0001036c                __aeabi_dsub
                0x0001036c                __subdf3
                0x00010370                __aeabi_dadd
                0x00010370                __adddf3
                0x000105e8                __floatunsidf
                0x000105e8                __aeabi_ui2d
                0x00010608                __floatsidf
                0x00010608                __aeabi_i2d
                0x0001062c                __aeabi_f2d
                0x0001062c                __extendsfdf2
                0x00010668                __floatundidf
                0x00010668                __aeabi_ul2d
                0x00010678                __floatdidf
                0x00010678                __aeabi_l2d
 .text          0x000106d4      0x424 c:/program files (x86)/atmel/studio/7.0/toolchain/arm/arm-gnu-toolchain/bin/../lib/gcc/arm-none-eabi/6.3.1/thumb/v7e-m\libgcc.a(_arm_muldivdf3.o)
                0x000106d4                __aeabi_dmul
                0x000106d4                __muldf3
                0x00010928                __divdf3
                0x00010928                __aeabi_ddiv
 .text          0x00010af8       0x40 c:/program files (x86)/atmel/studio/7.0/toolchain/arm/arm-gnu-toolchain/bin/../lib/gcc/arm-none-eabi/6.3.1/thumb/v7e-m\libgcc.a(_arm_fixunsdfsi.o)
                0x00010af8                __aeabi_d2uiz
                0x00010af8                __fixunsdfsi
 .text.__libc_init_array
                0x00010b38       0x48 c:/program files (x86)/atmel/studio/7.0/toolchain/arm/arm-gnu-toolchain/bin/../lib/gcc/arm-none-eabi/6.3.1/../../../../arm-none-eabi/lib/thumb/v7e-m\libc_nano.a(lib_a-init.o)
                0x00010b38                __libc_init_array
 .text.malloc   0x00010b80       0x10 c:/program files (x86)/atmel/studio/7.0/toolchain/arm/arm-gnu-toolchain/bin/../lib/gcc/arm-none-eabi/6.3.1/../../../../arm-none-eabi/lib/thumb/v7e-m\libc_nano.a(lib_a-malloc.o)
                0x00010b80                malloc