Archive member included to satisfy reference by file (symbol)

c:/program files (x86)/atmel/studio/7.0/toolchain/arm/arm-gnu-toolchain/bin/../lib/gcc/arm-none-eabi/6.3.1/thumb/v7e-m\libgcc.a(_arm_addsubdf3.o)
                              hpl/sercom/hpl_sercom.o (__aeabi_dsub)
c:/program files (x86)/atmel/studio/7.0/toolchain/arm/arm-gnu-toolchain/bin/../lib/gcc/arm-none-eabi/6.3.1/thumb/v7e-m\libgcc.a(_arm_muldivdf3.o)
                              grid/grid_module_pbf4_reva.o (__aeabi_dmul)
c:/program files (x86)/atmel/studio/7.0/toolchain/arm/arm-gnu-toolchain/bin/../lib/gcc/arm-none-eabi/6.3.1/thumb/v7e-m\libgcc.a(_arm_fixunsdfsi.o)
                              grid/grid_module_en16_reva.o (__aeabi_d2uiz)
c:/program files (x86)/atmel/studio/7.0/toolchain/arm/arm-gnu-toolchain/bin/../lib/gcc/arm-none-eabi/6.3.1/thumb/v7e-m\libgcc.a(_aeabi_uldivmod.o)
                              hpl/sercom/hpl_sercom.o (__aeabi_uldivmod)
c:/program files (x86)/atmel/studio/7.0/toolchain/arm/arm-gnu-toolchain/bin/../lib/gcc/arm-none-eabi/6.3.1/thumb/v7e-m\libgcc.a(_udivmoddi4.o)
                              c:/program files (x86)/atmel/studio/7.0/toolchain/arm/arm-gnu-toolchain/bin/../lib/gcc/arm-none-eabi/6.3.1/thumb/v7e-m\libgcc.a(_aeabi_uldivmod.o) (__udivmoddi4)
c:/program files (x86)/atmel/studio/7.0/toolchain/arm/arm-gnu-toolchain/bin/../lib/gcc/arm-none-eabi/6.3.1/thumb/v7e-m\libgcc.a(_dvmd_tls.o)
                              c:/program files (x86)/atmel/studio/7.0/toolchain/arm/arm-gnu-toolchain/bin/../lib/gcc/arm-none-eabi/6.3.1/thumb/v7e-m\libgcc.a(_aeabi_uldivmod.o) (__aeabi_ldiv0)
c:/program files (x86)/atmel/studio/7.0/toolchain/arm/arm-gnu-toolchain/bin/../lib/gcc/arm-none-eabi/6.3.1/../../../../arm-none-eabi/lib/thumb/v7e-m\libc_nano.a(lib_a-exit.o)
                              c:/program files (x86)/atmel/studio/7.0/toolchain/arm/arm-gnu-toolchain/bin/../lib/gcc/arm-none-eabi/6.3.1/../../../../arm-none-eabi/lib/thumb/v7e-m/crt0.o (exit)
c:/program files (x86)/atmel/studio/7.0/toolchain/arm/arm-gnu-toolchain/bin/../lib/gcc/arm-none-eabi/6.3.1/../../../../arm-none-eabi/lib/thumb/v7e-m\libc_nano.a(lib_a-impure.o)
                              c:/program files (x86)/atmel/studio/7.0/toolchain/arm/arm-gnu-toolchain/bin/../lib/gcc/arm-none-eabi/6.3.1/../../../../arm-none-eabi/lib/thumb/v7e-m\libc_nano.a(lib_a-exit.o) (_global_impure_ptr)
c:/program files (x86)/atmel/studio/7.0/toolchain/arm/arm-gnu-toolchain/bin/../lib/gcc/arm-none-eabi/6.3.1/../../../../arm-none-eabi/lib/thumb/v7e-m\libc_nano.a(lib_a-init.o)
                              c:/program files (x86)/atmel/studio/7.0/toolchain/arm/arm-gnu-toolchain/bin/../lib/gcc/arm-none-eabi/6.3.1/../../../../arm-none-eabi/lib/thumb/v7e-m/crt0.o (__libc_init_array)
c:/program files (x86)/atmel/studio/7.0/toolchain/arm/arm-gnu-toolchain/bin/../lib/gcc/arm-none-eabi/6.3.1/../../../../arm-none-eabi/lib/thumb/v7e-m\libc_nano.a(lib_a-malloc.o)
                              grid/grid_ain.o (malloc)
c:/program files (x86)/atmel/studio/7.0/toolchain/arm/arm-gnu-toolchain/bin/../lib/gcc/arm-none-eabi/6.3.1/../../../../arm-none-eabi/lib/thumb/v7e-m\libc_nano.a(lib_a-memcpy-stub.o)
                              hpl/nvmctrl/hpl_nvmctrl.o (memcpy)
c:/program files (x86)/atmel/studio/7.0/toolchain/arm/arm-gnu-toolchain/bin/../lib/gcc/arm-none-eabi/6.3.1/../../../../arm-none-eabi/lib/thumb/v7e-m\libc_nano.a(lib_a-memset.o)
                              c:/program files (x86)/atmel/studio/7.0/toolchain/arm/arm-gnu-toolchain/bin/../lib/gcc/arm-none-eabi/6.3.1/../../../../arm-none-eabi/lib/thumb/v7e-m/crt0.o (memset)
c:/program files (x86)/atmel/studio/7.0/toolchain/arm/arm-gnu-toolchain/bin/../lib/gcc/arm-none-eabi/6.3.1/../../../../arm-none-eabi/lib/thumb/v7e-m\libc_nano.a(lib_a-nano-freer.o)
                              c:/program files (x86)/atmel/studio/7.0/toolchain/arm/arm-gnu-toolchain/bin/../lib/gcc/arm-none-eabi/6.3.1/../../../../arm-none-eabi/lib/thumb/v7e-m\libc_nano.a(lib_a-malloc.o) (_free_r)
c:/program files (x86)/atmel/studio/7.0/toolchain/arm/arm-gnu-toolchain/bin/../lib/gcc/arm-none-eabi/6.3.1/../../../../arm-none-eabi/lib/thumb/v7e-m\libc_nano.a(lib_a-nano-mallocr.o)
                              c:/program files (x86)/atmel/studio/7.0/toolchain/arm/arm-gnu-toolchain/bin/../lib/gcc/arm-none-eabi/6.3.1/../../../../arm-none-eabi/lib/thumb/v7e-m\libc_nano.a(lib_a-malloc.o) (_malloc_r)
c:/program files (x86)/atmel/studio/7.0/toolchain/arm/arm-gnu-toolchain/bin/../lib/gcc/arm-none-eabi/6.3.1/../../../../arm-none-eabi/lib/thumb/v7e-m\libc_nano.a(lib_a-printf.o)
                              grid/grid_hardwaretest.o (printf)
c:/program files (x86)/atmel/studio/7.0/toolchain/arm/arm-gnu-toolchain/bin/../lib/gcc/arm-none-eabi/6.3.1/../../../../arm-none-eabi/lib/thumb/v7e-m\libc_nano.a(lib_a-puts.o)
                              grid/grid_unittest.o (puts)
[...]
Memory Configuration

Name             Origin             Length             Attributes
rom              0x00004000         0x0007a000         xr
ram              0x20000000         0x00040000         xrw
bkupram          0x47000000         0x00002000         xrw
qspi             0x04000000         0x01000000         xrw
*default*        0x00000000         0xffffffff

Linker script and memory map

LOAD c:/program files (x86)/atmel/studio/7.0/toolchain/arm/arm-gnu-toolchain/bin/../lib/gcc/arm-none-eabi/6.3.1/thumb/v7e-m/crti.o
LOAD c:/program files (x86)/atmel/studio/7.0/toolchain/arm/arm-gnu-toolchain/bin/../lib/gcc/arm-none-eabi/6.3.1/thumb/v7e-m/crtbegin.o
LOAD c:/program files (x86)/atmel/studio/7.0/toolchain/arm/arm-gnu-toolchain/bin/../lib/gcc/arm-none-eabi/6.3.1/../../../../arm-none-eabi/lib/thumb/v7e-m/crt0.o
LOAD atmel_start.o
LOAD Device_Startup/startup_samd51.o
LOAD Device_Startup/system_samd51.o
LOAD driver_init.o
LOAD examples/driver_examples.o
LOAD flash/n25q256a.o
LOAD flash/spi_nor_flash.o
LOAD grid/grid_debug.o
LOAD grid/grid_hardwaretest.o
LOAD grid/grid_unittest.o
LOAD grid/grid_ain.o
LOAD grid/grid_buf.o
LOAD grid/grid_led.o
LOAD grid/grid_module.o
LOAD grid/grid_module_bu16_revb.o
LOAD grid/grid_module_en16_reva.o
LOAD grid/grid_module_pbf4_reva.o
LOAD grid/grid_module_po16_revb.o
LOAD grid/grid_sys.o
LOAD grid/grid_ui.o
LOAD hal/src/hal_adc_async.o
LOAD hal/src/hal_atomic.o
LOAD hal/src/hal_cache.o
LOAD hal/src/hal_crc_sync.o
LOAD hal/src/hal_delay.o
LOAD hal/src/hal_evsys.o
LOAD hal/src/hal_flash.o
LOAD hal/src/hal_gpio.o
LOAD hal/src/hal_i2c_m_async.o
LOAD hal/src/hal_init.o
LOAD hal/src/hal_io.o
LOAD hal/src/hal_qspi_dma.o
LOAD hal/src/hal_sleep.o
LOAD hal/src/hal_spi_m_async.o
LOAD hal/src/hal_spi_m_dma.o
LOAD hal/src/hal_timer.o
LOAD hal/src/hal_usart_async.o
LOAD hal/src/hal_usart_sync.o
LOAD hal/src/hal_usb_device.o
LOAD hal/src/hal_wdt.o
LOAD hal/utils/src/utils_assert.o
LOAD hal/utils/src/utils_event.o
LOAD hal/utils/src/utils_list.o
LOAD hal/utils/src/utils_ringbuffer.o
LOAD hal/utils/src/utils_syscalls.o
LOAD hpl/adc/hpl_adc.o
LOAD hpl/cmcc/hpl_cmcc.o
LOAD hpl/core/hpl_core_m4.o
LOAD hpl/core/hpl_init.o
LOAD hpl/dmac/hpl_dmac.o
LOAD hpl/dsu/hpl_dsu.o
LOAD hpl/evsys/hpl_evsys.o
LOAD hpl/gclk/hpl_gclk.o
LOAD hpl/mclk/hpl_mclk.o
LOAD hpl/nvmctrl/hpl_nvmctrl.o
LOAD hpl/osc32kctrl/hpl_osc32kctrl.o
LOAD hpl/oscctrl/hpl_oscctrl.o
LOAD hpl/pac/hpl_pac.o
LOAD hpl/pm/hpl_pm.o
LOAD hpl/qspi/hpl_qspi.o
LOAD hpl/ramecc/hpl_ramecc.o
LOAD hpl/rtc/hpl_rtc.o
LOAD hpl/sercom/hpl_sercom.o
LOAD hpl/systick/hpl_systick.o
LOAD hpl/tc/hpl_tc.o
LOAD hpl/usb/hpl_usb.o
LOAD hpl/wdt/hpl_wdt.o
LOAD main.o
LOAD stdio_redirect/gcc/read.o
LOAD stdio_redirect/gcc/write.o
LOAD stdio_redirect/stdio_io.o
LOAD stdio_start.o
LOAD usb/class/cdc/device/cdcdf_acm.o
LOAD usb/class/hid/device/hiddf_generic.o
LOAD usb/class/hid/device/hiddf_keyboard.o
LOAD usb/class/hid/device/hiddf_mouse.o
LOAD usb/class/midi/device/audiodf_midi.o
LOAD usb/class/midi/usb_protocol_midi.o
LOAD usb/class/msc/device/mscdf.o
LOAD usb/device/usbdc.o
LOAD usb/usb_protocol.o
LOAD usb_start.o
START GROUP
LOAD c:/program files (x86)/atmel/studio/7.0/toolchain/arm/arm-gnu-toolchain/bin/../lib/gcc/arm-none-eabi/6.3.1/../../../../arm-none-eabi/lib/thumb/v7e-m\libm.a
END GROUP
START GROUP
LOAD c:/program files (x86)/atmel/studio/7.0/toolchain/arm/arm-gnu-toolchain/bin/../lib/gcc/arm-none-eabi/6.3.1/thumb/v7e-m\libgcc.a
LOAD c:/program files (x86)/atmel/studio/7.0/toolchain/arm/arm-gnu-toolchain/bin/../lib/gcc/arm-none-eabi/6.3.1/../../../../arm-none-eabi/lib/thumb/v7e-m\libc_nano.a
END GROUP
START GROUP
LOAD c:/program files (x86)/atmel/studio/7.0/toolchain/arm/arm-gnu-toolchain/bin/../lib/gcc/arm-none-eabi/6.3.1/thumb/v7e-m\libgcc.a
LOAD c:/program files (x86)/atmel/studio/7.0/toolchain/arm/arm-gnu-toolchain/bin/../lib/gcc/arm-none-eabi/6.3.1/../../../../arm-none-eabi/lib/thumb/v7e-m\libc_nano.a
END GROUP
LOAD c:/program files (x86)/atmel/studio/7.0/toolchain/arm/arm-gnu-toolchain/bin/../lib/gcc/arm-none-eabi/6.3.1/thumb/v7e-m/crtend.o
LOAD c:/program files (x86)/atmel/studio/7.0/toolchain/arm/arm-gnu-toolchain/bin/../lib/gcc/arm-none-eabi/6.3.1/thumb/v7e-m/crtn.o
                0x00010000                STACK_SIZE = DEFINED (STACK_SIZE)?STACK_SIZE:DEFINED (__stack_size__)?__stack_size__:0x10000

.text           0x00004000     0xc030
                0x00004000                . = ALIGN (0x4)
                0x00004000                _sfixed = .
 *(.vectors .vectors.*)
 .vectors       0x00004000      0x264 Device_Startup/startup_samd51.o
                0x00004000                exception_table
 *(.text .text.* .gnu.linkonce.t.*)
 .text          0x00004264       0x6c c:/program files (x86)/atmel/studio/7.0/toolchain/arm/arm-gnu-toolchain/bin/../lib/gcc/arm-none-eabi/6.3.1/thumb/v7e-m/crtbegin.o
 .text.atmel_start_init
                0x000042d0       0x20 atmel_start.o
                0x000042d0                atmel_start_init
 .text.Dummy_Handler
                0x000042f0        0x2 Device_Startup/startup_samd51.o
                0x000042f0                EIC_5_Handler
                0x000042f0                SVCall_Handler
                0x000042f0                EIC_13_Handler
                0x000042f0                EVSYS_0_Handler
                0x000042f0                TCC1_3_Handler
                0x000042f0                DAC_3_Handler
                0x000042f0                TRNG_Handler
                0x000042f0                HardFault_Handler
                0x000042f0                PDEC_2_Handler
                0x000042f0                EIC_4_Handler
                0x000042f0                AC_Handler
                0x000042f0                SysTick_Handler
                0x000042f0                TCC2_3_Handler
                0x000042f0                PendSV_Handler
                0x000042f0                TC7_Handler
                0x000042f0                EVSYS_3_Handler
                0x000042f0                PDEC_0_Handler
                0x000042f0                QSPI_Handler
                0x000042f0                NonMaskableInt_Handler
                0x000042f0                TCC0_0_Handler
                0x000042f0                EIC_3_Handler
                0x000042f0                MemManagement_Handler
                0x000042f0                DAC_2_Handler
                0x000042f0                UsageFault_Handler
                0x000042f0                EIC_10_Handler
                0x000042f0                EIC_11_Handler
                0x000042f0                EIC_9_Handler
                0x000042f0                OSC32KCTRL_Handler
                0x000042f0                TCC2_1_Handler
                0x000042f0                SUPC_1_Handler
                0x000042f0                TCC0_5_Handler
                0x000042f0                TCC0_6_Handler
                0x000042f0                EVSYS_1_Handler
                0x000042f0                TCC1_4_Handler
                0x000042f0                TC6_Handler
                0x000042f0                WDT_Handler
                0x000042f0                EIC_8_Handler
                0x000042f0                EIC_15_Handler
                0x000042f0                TC4_Handler
                0x000042f0                OSCCTRL_4_Handler
                0x000042f0                EIC_12_Handler
                0x000042f0                TCC4_2_Handler
                0x000042f0                PAC_Handler
                0x000042f0                TCC1_0_Handler
                0x000042f0                OSCCTRL_0_Handler
                0x000042f0                EIC_0_Handler
                0x000042f0                OSCCTRL_3_Handler
                0x000042f0                Dummy_Handler
                0x000042f0                TCC3_0_Handler
                0x000042f0                TCC2_2_Handler
                0x000042f0                TCC1_1_Handler
                0x000042f0                OSCCTRL_2_Handler
                0x000042f0                TCC1_2_Handler
                0x000042f0                SERCOM7_1_Handler
                0x000042f0                PM_Handler
                0x000042f0                SERCOM2_3_Handler
                0x000042f0                DAC_4_Handler
                0x000042f0                TCC3_2_Handler
                0x000042f0                SERCOM7_0_Handler
                0x000042f0                TCC0_2_Handler
                0x000042f0                TCC4_0_Handler
                0x000042f0                SERCOM7_3_Handler
                0x000042f0                SDHC1_Handler
                0x000042f0                SERCOM7_2_Handler
                0x000042f0                TCC2_0_Handler
                0x000042f0                PDEC_1_Handler
                0x000042f0                TCC4_1_Handler
                0x000042f0                SDHC0_Handler
                0x000042f0                I2S_Handler
                0x000042f0                EIC_2_Handler
                0x000042f0                PCC_Handler
                0x000042f0                DAC_0_Handler
                0x000042f0                TCC0_1_Handler
                0x000042f0                EIC_6_Handler
                0x000042f0                OSCCTRL_1_Handler
                0x000042f0                PUKCC_Handler
                0x000042f0                SERCOM2_1_Handler
                0x000042f0                EIC_1_Handler
                0x000042f0                EVSYS_4_Handler
                0x000042f0                EIC_7_Handler
                0x000042f0                SERCOM2_2_Handler
                0x000042f0                TCC3_1_Handler
                0x000042f0                EIC_14_Handler
                0x000042f0                DAC_1_Handler
                0x000042f0                MCLK_Handler
                0x000042f0                EVSYS_2_Handler
                0x000042f0                SUPC_0_Handler
                0x000042f0                BusFault_Handler
                0x000042f0                FREQM_Handler
                0x000042f0                TCC0_3_Handler
                0x000042f0                DebugMonitor_Handler
                0x000042f0                TCC0_4_Handler
                0x000042f0                TC5_Handler
                0x000042f0                SERCOM2_0_Handler
                0x000042f0                AES_Handler
                0x000042f0                ICM_Handler
 *fill*         0x000042f2        0x2 
 .text.Reset_Handler
                0x000042f4       0x78 Device_Startup/startup_samd51.o
                0x000042f4                Reset_Handler
 .text._gpio_set_pin_function
                0x0000436c       0x68 driver_init.o
 .text.gpio_set_pin_direction
                0x000043d4       0x68 driver_init.o
 .text.ADC_0_init
                0x0000443c       0x80 driver_init.o
                0x0000443c                ADC_0_init
 .text.ADC_1_init
                0x000044bc       0x84 driver_init.o
                0x000044bc                ADC_1_init
 .text.CRC_0_init
                0x00004540       0x24 driver_init.o
                0x00004540                CRC_0_init
 .text.EVENT_SYSTEM_0_init
                0x00004564       0x30 driver_init.o
                0x00004564                EVENT_SYSTEM_0_init
 .text.FLASH_0_CLOCK_init
                0x00004594       0x10 driver_init.o
                0x00004594                FLASH_0_CLOCK_init
 .text.FLASH_0_init
                0x000045a4       0x24 driver_init.o
                0x000045a4                FLASH_0_init
 .text.QSPI_INSTANCE_PORT_init
                0x000045c8       0xdc driver_init.o
                0x000045c8                QSPI_INSTANCE_PORT_init
 .text.QSPI_INSTANCE_CLOCK_init
                0x000046a4       0x20 driver_init.o
                0x000046a4                QSPI_INSTANCE_CLOCK_init
 .text.QSPI_INSTANCE_init
                0x000046c4       0x2c driver_init.o
                0x000046c4                QSPI_INSTANCE_init
 .text.USART_EAST_CLOCK_init
                0x000046f0       0x24 driver_init.o
                0x000046f0                USART_EAST_CLOCK_init
 .text.USART_EAST_PORT_init
                0x00004714       0x24 driver_init.o
                0x00004714                USART_EAST_PORT_init
 .text.USART_EAST_init
                0x00004738       0x38 driver_init.o
                0x00004738                USART_EAST_init
 .text.USART_NORTH_CLOCK_init
                0x00004770       0x24 driver_init.o
                0x00004770                USART_NORTH_CLOCK_init
 .text.USART_NORTH_PORT_init
                0x00004794       0x24 driver_init.o
                0x00004794                USART_NORTH_PORT_init
 .text.USART_NORTH_init
                0x000047b8       0x38 driver_init.o
                0x000047b8                USART_NORTH_init
 .text.GRID_AUX_PORT_init
                0x000047f0       0x24 driver_init.o
                0x000047f0                GRID_AUX_PORT_init
 .text.GRID_AUX_CLOCK_init
                0x00004814       0x24 driver_init.o
                0x00004814                GRID_AUX_CLOCK_init
 .text.GRID_AUX_init
                0x00004838       0x2c driver_init.o
                0x00004838                GRID_AUX_init
 .text.UI_SPI_PORT_init
                0x00004864       0x68 driver_init.o
                0x00004864                UI_SPI_PORT_init
 .text.UI_SPI_CLOCK_init
                0x000048cc       0x24 driver_init.o
                0x000048cc                UI_SPI_CLOCK_init
 .text.UI_SPI_init
                0x000048f0       0x2c driver_init.o
                0x000048f0                UI_SPI_init
 .text.USART_WEST_CLOCK_init
                0x0000491c       0x24 driver_init.o
                0x0000491c                USART_WEST_CLOCK_init
 .text.USART_WEST_PORT_init
                0x00004940       0x24 driver_init.o
                0x00004940                USART_WEST_PORT_init
 .text.USART_WEST_init
                0x00004964       0x38 driver_init.o
                0x00004964                USART_WEST_init
 .text.SYS_I2C_PORT_init
                0x0000499c       0x40 driver_init.o
                0x0000499c                SYS_I2C_PORT_init
 .text.SYS_I2C_CLOCK_init
                0x000049dc       0x24 driver_init.o
                0x000049dc                SYS_I2C_CLOCK_init
 .text.SYS_I2C_init
                0x00004a00       0x2c driver_init.o
                0x00004a00                SYS_I2C_init
 .text.USART_SOUTH_CLOCK_init
                0x00004a2c       0x24 driver_init.o
                0x00004a2c                USART_SOUTH_CLOCK_init
 .text.USART_SOUTH_PORT_init
                0x00004a50       0x24 driver_init.o
                0x00004a50                USART_SOUTH_PORT_init
 .text.USART_SOUTH_init
                0x00004a74       0x38 driver_init.o
                0x00004a74                USART_SOUTH_init
 .text.GRID_LED_PORT_init
                0x00004aac       0x68 driver_init.o
                0x00004aac                GRID_LED_PORT_init
 .text.GRID_LED_CLOCK_init
                0x00004b14       0x24 driver_init.o
                0x00004b14                GRID_LED_CLOCK_init
 .text.GRID_LED_init
                0x00004b38       0x2c driver_init.o
                0x00004b38                GRID_LED_init
 .text.delay_driver_init
                0x00004b64       0x10 driver_init.o
                0x00004b64                delay_driver_init
 .text.USB_DEVICE_INSTANCE_PORT_init
                0x00004b74       0x60 driver_init.o
                0x00004b74                USB_DEVICE_INSTANCE_PORT_init
 .text.USB_DEVICE_INSTANCE_CLOCK_init
                0x00004bd4       0x24 driver_init.o
                0x00004bd4                USB_DEVICE_INSTANCE_CLOCK_init
 .text.USB_DEVICE_INSTANCE_init
                0x00004bf8       0x20 driver_init.o
                0x00004bf8                USB_DEVICE_INSTANCE_init
 .text.WDT_0_CLOCK_init
                0x00004c18       0x10 driver_init.o
                0x00004c18                WDT_0_CLOCK_init
 .text.WDT_0_init
                0x00004c28       0x24 driver_init.o
                0x00004c28                WDT_0_init
 .text.system_init
                0x00004c4c      0x2a8 driver_init.o
                0x00004c4c                system_init
 .text.grid_ain_channel_init
                0x00004ef4       0x34 grid/grid_ain.o
                0x00004ef4                grid_ain_channel_init
 .text.grid_ain_init
                0x00004f28       0x44 grid/grid_ain.o
                0x00004f28                grid_ain_init
 .text.grid_ain_add_sample
                0x00004f6c       0xd0 grid/grid_ain.o
                0x00004f6c                grid_ain_add_sample
 .text.grid_ain_get_changed
                0x0000503c       0x10 grid/grid_ain.o
                0x0000503c                grid_ain_get_changed
 .text.grid_ain_get_average
                0x0000504c       0x28 grid/grid_ain.o
                0x0000504c                grid_ain_get_average
 .text.grid_buffer_init
                0x00005074       0x44 grid/grid_buf.o
                0x00005074                grid_buffer_init
 .text.grid_buffer_write_size
                0x000050b8       0x14 grid/grid_buf.o
                0x000050b8                grid_buffer_write_size
 .text.grid_buffer_write_init
                0x000050cc       0x2c grid/grid_buf.o
                0x000050cc                grid_buffer_write_init
 .text.grid_buffer_write_character
                0x000050f8       0x1c grid/grid_buf.o
                0x000050f8                grid_buffer_write_character
 .text.grid_buffer_write_acknowledge
                0x00005114       0x10 grid/grid_buf.o
                0x00005114                grid_buffer_write_acknowledge
 .text.grid_buffer_read_size
                0x00005124       0x4c grid/grid_buf.o
                0x00005124                grid_buffer_read_size
 .text.grid_buffer_read_init
                0x00005170       0x5c grid/grid_buf.o
                0x00005170                grid_buffer_read_init
 .text.grid_buffer_read_character
                0x000051cc       0x24 grid/grid_buf.o
                0x000051cc                grid_buffer_read_character
 .text.grid_buffer_read_acknowledge
                0x000051f0       0x10 grid/grid_buf.o
                0x000051f0                grid_buffer_read_acknowledge
 .text.grid_port_init
                0x00005200       0xd8 grid/grid_buf.o
                0x00005200                grid_port_init
 .text.grid_port_init_all
                0x000052d8       0xf4 grid/grid_buf.o
                0x000052d8                grid_port_init_all
 .text.grid_port_process_inbound
                0x000053cc      0x1a0 grid/grid_buf.o
                0x000053cc                grid_port_process_inbound
 .text.grid_port_process_outbound_usb
                0x0000556c      0x3bc grid/grid_buf.o
                0x0000556c                grid_port_process_outbound_usb
 .text.grid_port_process_outbound_ui
                0x00005928      0x134 grid/grid_buf.o
                0x00005928                grid_port_process_outbound_ui
 .text.grid_port_process_outbound_usart
                0x00005a5c       0x6c grid/grid_buf.o
                0x00005a5c                grid_port_process_outbound_usart
 .text.grid_led_hardware_transfer_complete_cb
                0x00005ac8        0xc grid/grid_led.o
 .text.grid_led_set_color
                0x00005ad4       0x34 grid/grid_led.o
                0x00005ad4                grid_led_set_color
 .text.grid_led_hardware_init
                0x00005b08       0x2c grid/grid_led.o
                0x00005b08                grid_led_hardware_init
 .text.grid_led_get_led_number
                0x00005b34        0x4 grid/grid_led.o
                0x00005b34                grid_led_get_led_number
 .text.grid_led_tick
                0x00005b38       0x30 grid/grid_led.o
                0x00005b38                grid_led_tick
 .text.grid_led_set_min
                0x00005b68       0x20 grid/grid_led.o
                0x00005b68                grid_led_set_min
 .text.grid_led_set_mid
                0x00005b88       0x20 grid/grid_led.o
                0x00005b88                grid_led_set_mid
 .text.grid_led_set_max
                0x00005ba8       0x20 grid/grid_led.o
                0x00005ba8                grid_led_set_max
 .text.grid_led_set_phase
                0x00005bc8       0x14 grid/grid_led.o
                0x00005bc8                grid_led_set_phase
 .text.grid_led_set_frequency
                0x00005bdc       0x14 grid/grid_led.o
                0x00005bdc                grid_led_set_frequency
 .text.grid_led_buffer_init
                0x00005bf0      0x128 grid/grid_led.o
                0x00005bf0                grid_led_buffer_init
 .text.grid_led_render
                0x00005d18       0xb0 grid/grid_led.o
                0x00005d18                grid_led_render
 .text.grid_led_render_all
                0x00005dc8       0x20 grid/grid_led.o
                0x00005dc8                grid_led_render_all
 .text.grid_led_hardware_start_transfer_blocking
                0x00005de8       0x34 grid/grid_led.o
                0x00005de8                grid_led_hardware_start_transfer_blocking
 .text.grid_led_startup_animation
                0x00005e1c       0x80 grid/grid_led.o
                0x00005e1c                grid_led_startup_animation
 .text.grid_led_init
                0x00005e9c       0xbc grid/grid_led.o
                0x00005e9c                grid_led_init
 .text.grid_led_hardware_start_transfer
                0x00005f58       0x30 grid/grid_led.o
                0x00005f58                grid_led_hardware_start_transfer
 .text.grid_module_common_init
                0x00005f88       0x6c grid/grid_module.o
                0x00005f88                grid_module_common_init
 .text.grid_module_bu16_revb_hardware_start_transfer
                0x00005ff4       0x20 grid/grid_module_bu16_revb.o
                0x00005ff4                grid_module_bu16_revb_hardware_start_transfer
 .text.grid_module_bu16_revb_hardware_transfer_complete_cb
                0x00006014      0x1e0 grid/grid_module_bu16_revb.o
 .text.grid_module_bu16_revb_hardware_init
                0x000061f4       0x48 grid/grid_module_bu16_revb.o
                0x000061f4                grid_module_bu16_revb_hardware_init
 .text.grid_module_bu16_revb_init
                0x0000623c       0xe8 grid/grid_module_bu16_revb.o
                0x0000623c                grid_module_bu16_revb_init
 .text.grid_module_en16_reva_hardware_start_transfer
                0x00006324       0x3c grid/grid_module_en16_reva.o
                0x00006324                grid_module_en16_reva_hardware_start_transfer
 .text.grid_module_en16_reva_hardware_transfer_complete_cb
                0x00006360      0x354 grid/grid_module_en16_reva.o
                0x00006360                grid_module_en16_reva_hardware_transfer_complete_cb
 .text.grid_module_en16_reva_hardware_init
                0x000066b4       0x68 grid/grid_module_en16_reva.o
                0x000066b4                grid_module_en16_reva_hardware_init
 .text.grid_module_en16_reva_init
                0x0000671c       0xe8 grid/grid_module_en16_reva.o
                0x0000671c                grid_module_en16_reva_init
 .text.grid_module_pbf4_reva_hardware_start_transfer
                0x00006804       0x20 grid/grid_module_pbf4_reva.o
                0x00006804                grid_module_pbf4_reva_hardware_start_transfer
 *fill*         0x00006824        0x4 
 .text.grid_module_pbf4_reva_hardware_transfer_complete_cb
                0x00006828      0x33c grid/grid_module_pbf4_reva.o
                0x00006828                grid_module_pbf4_reva_hardware_transfer_complete_cb
 .text.grid_module_pbf4_reva_hardware_init
                0x00006b64       0x48 grid/grid_module_pbf4_reva.o
                0x00006b64                grid_module_pbf4_reva_hardware_init
 .text.grid_module_pbf4_reva_init
                0x00006bac       0xe8 grid/grid_module_pbf4_reva.o
                0x00006bac                grid_module_pbf4_reva_init
 .text.grid_module_po16_revb_hardware_start_transfer
                0x00006c94       0x20 grid/grid_module_po16_revb.o
                0x00006c94                grid_module_po16_revb_hardware_start_transfer
 *fill*         0x00006cb4        0x4 
 .text.grid_module_po16_revb_hardware_transfer_complete_cb
                0x00006cb8      0x208 grid/grid_module_po16_revb.o
 .text.grid_module_po16_revb_hardware_init
                0x00006ec0       0x48 grid/grid_module_po16_revb.o
                0x00006ec0                grid_module_po16_revb_hardware_init
 .text.grid_module_po16_revb_init
                0x00006f08       0xd4 grid/grid_module_po16_revb.o
                0x00006f08                grid_module_po16_revb_init
 .text.gpio_set_pin_pull_mode.constprop.2
                0x00006fdc       0x28 grid/grid_sys.o
 .text.tx_cb_USART_GRID
                0x00007004       0x1a grid/grid_sys.o
                0x00007004                tx_cb_USART_GRID
 *fill*         0x0000701e        0x2 
 .text.tx_cb_USART_GRID_W
                0x00007020       0x10 grid/grid_sys.o
 .text.tx_cb_USART_GRID_S
                0x00007030       0x10 grid/grid_sys.o
 .text.tx_cb_USART_GRID_E
                0x00007040       0x10 grid/grid_sys.o
 .text.tx_cb_USART_GRID_N
                0x00007050       0x10 grid/grid_sys.o
 .text.err_cb_USART_GRID
                0x00007060       0x10 grid/grid_sys.o
                0x00007060                err_cb_USART_GRID
 .text.err_cb_USART_GRID_W
                0x00007070       0x10 grid/grid_sys.o
 .text.err_cb_USART_GRID_S
                0x00007080       0x10 grid/grid_sys.o
 .text.err_cb_USART_GRID_E
                0x00007090       0x10 grid/grid_sys.o
 .text.err_cb_USART_GRID_N
                0x000070a0       0x10 grid/grid_sys.o
 .text.grid_sys_port_reset_dma
                0x000070b0       0x20 grid/grid_sys.o
                0x000070b0                grid_sys_port_reset_dma
 .text.dma_transfer_complete_n_cb
                0x000070d0       0x10 grid/grid_sys.o
                0x000070d0                dma_transfer_complete_n_cb
 .text.dma_transfer_complete_e_cb
                0x000070e0       0x10 grid/grid_sys.o
                0x000070e0                dma_transfer_complete_e_cb
 .text.dma_transfer_complete_s_cb
                0x000070f0       0x10 grid/grid_sys.o
                0x000070f0                dma_transfer_complete_s_cb
 .text.dma_transfer_complete_w_cb
                0x00007100       0x10 grid/grid_sys.o
                0x00007100                dma_transfer_complete_w_cb
 .text.grid_sys_uart_init
                0x00007110      0x104 grid/grid_sys.o
                0x00007110                grid_sys_uart_init
 .text.grid_sys_dma_rx_init_one
                0x00007214       0x64 grid/grid_sys.o
                0x00007214                grid_sys_dma_rx_init_one
 .text.grid_sys_dma_rx_init
                0x00007278       0x6c grid/grid_sys.o
                0x00007278                grid_sys_dma_rx_init
 .text.grid_sys_init
                0x000072e4       0x40 grid/grid_sys.o
                0x000072e4                grid_sys_init
 .text.grid_sys_rtc_get_time
                0x00007324        0x4 grid/grid_sys.o
                0x00007324                grid_sys_rtc_get_time
 .text.grid_sys_rtc_get_elapsed_time
                0x00007328        0x6 grid/grid_sys.o
                0x00007328                grid_sys_rtc_get_elapsed_time
 .text.grid_sys_rtc_tick_time
                0x0000732e        0x8 grid/grid_sys.o
                0x0000732e                grid_sys_rtc_tick_time
 .text.grid_sys_alert_read_color_changed_flag
                0x00007336        0x4 grid/grid_sys.o
                0x00007336                grid_sys_alert_read_color_changed_flag
 .text.grid_sys_alert_clear_color_changed_flag
                0x0000733a        0x6 grid/grid_sys.o
                0x0000733a                grid_sys_alert_clear_color_changed_flag
 .text.grid_sys_alert_get_color_intensity
                0x00007340       0x42 grid/grid_sys.o
                0x00007340                grid_sys_alert_get_color_intensity
 .text.grid_sys_alert_set_alert
                0x00007382       0x1a grid/grid_sys.o
                0x00007382                grid_sys_alert_set_alert
 .text.grid_sys_alert_get_color_r
                0x0000739c        0x4 grid/grid_sys.o
                0x0000739c                grid_sys_alert_get_color_r
 .text.grid_sys_alert_get_color_g
                0x000073a0        0x4 grid/grid_sys.o
                0x000073a0                grid_sys_alert_get_color_g
 .text.grid_sys_alert_get_color_b
                0x000073a4        0x4 grid/grid_sys.o
                0x000073a4                grid_sys_alert_get_color_b
 .text.grid_sys_read_hex_char_value
                0x000073a8       0x28 grid/grid_sys.o
                0x000073a8                grid_sys_read_hex_char_value
 .text.grid_sys_read_hex_string_value
                0x000073d0       0x30 grid/grid_sys.o
                0x000073d0                grid_sys_read_hex_string_value
 .text.grid_sys_write_hex_string_value
                0x00007400       0x34 grid/grid_sys.o
                0x00007400                grid_sys_write_hex_string_value
 .text.grid_sys_get_hwcfg
                0x00007434       0xe4 grid/grid_sys.o
                0x00007434                grid_sys_get_hwcfg
 .text.grid_sys_bank_select
                0x00007518      0x148 grid/grid_sys.o
                0x00007518                grid_sys_bank_select
 .text.grid_msg_checksum_calculate
                0x00007660       0x1a grid/grid_sys.o
                0x00007660                grid_msg_checksum_calculate
 *fill*         0x0000767a        0x2 
 .text.grid_msg_checksum_read
                0x0000767c       0x1c grid/grid_sys.o
                0x0000767c                grid_msg_checksum_read
 .text.grid_msg_checksum_write
                0x00007698       0x10 grid/grid_sys.o
                0x00007698                grid_msg_checksum_write
 .text.grid_msg_get_id
                0x000076a8       0x20 grid/grid_sys.o
                0x000076a8                grid_msg_get_id
 .text.grid_msg_get_dx
                0x000076c8       0x20 grid/grid_sys.o
                0x000076c8                grid_msg_get_dx
 .text.grid_msg_get_dy
                0x000076e8       0x20 grid/grid_sys.o
                0x000076e8                grid_msg_get_dy
 .text.grid_msg_get_age
                0x00007708       0x20 grid/grid_sys.o
                0x00007708                grid_msg_get_age
 .text.grid_msg_set_id
                0x00007728       0x10 grid/grid_sys.o
                0x00007728                grid_msg_set_id
 .text.grid_msg_set_dx
                0x00007738       0x10 grid/grid_sys.o
                0x00007738                grid_msg_set_dx
 .text.grid_msg_set_dy
                0x00007748       0x10 grid/grid_sys.o
                0x00007748                grid_msg_set_dy
 .text.grid_msg_set_age
                0x00007758       0x10 grid/grid_sys.o
                0x00007758                grid_msg_set_age
 .text.grid_msg_find_recent
                0x00007768       0x1a grid/grid_sys.o
                0x00007768                grid_msg_find_recent
 .text.grid_msg_push_recent
                0x00007782       0x16 grid/grid_sys.o
                0x00007782                grid_msg_push_recent
 .text.grid_ui_model_init
                0x00007798       0x20 grid/grid_ui.o
                0x00007798                grid_ui_model_init
 .text.grid_report_init
                0x000077b8       0x84 grid/grid_ui.o
                0x000077b8                grid_report_init
 .text.grid_report_ui_init
                0x0000783c       0x18 grid/grid_ui.o
                0x0000783c                grid_report_ui_init
 .text.grid_report_sys_init
                0x00007854      0x1c0 grid/grid_ui.o
                0x00007854                grid_report_sys_init
 .text.grid_report_render
                0x00007a14       0x20 grid/grid_ui.o
                0x00007a14                grid_report_render
 .text.grid_report_ui_get_changed_flag
                0x00007a34        0xc grid/grid_ui.o
                0x00007a34                grid_report_ui_get_changed_flag
 .text.grid_report_ui_set_changed_flag
                0x00007a40        0xe grid/grid_ui.o
                0x00007a40                grid_report_ui_set_changed_flag
 .text.grid_report_sys_set_changed_flag
                0x00007a4e        0xa grid/grid_ui.o
                0x00007a4e                grid_report_sys_set_changed_flag
 .text.grid_report_sys_clear_changed_flag
                0x00007a58        0xa grid/grid_ui.o
                0x00007a58                grid_report_sys_clear_changed_flag
 *fill*         0x00007a62        0x2 
 .text.grid_port_process_ui
                0x00007a64      0x440 grid/grid_ui.o
                0x00007a64                grid_port_process_ui
 .text.adc_async_window_threshold_reached
                0x00007ea4        0x8 hal/src/hal_adc_async.o
 .text.adc_async_error_occured
                0x00007eac        0x8 hal/src/hal_adc_async.o
 .text.adc_async_channel_conversion_done
                0x00007eb4       0x68 hal/src/hal_adc_async.o
 .text.adc_async_init
                0x00007f1c       0x4c hal/src/hal_adc_async.o
                0x00007f1c                adc_async_init
 .text.adc_async_register_channel_buffer
                0x00007f68       0x6c hal/src/hal_adc_async.o
                0x00007f68                adc_async_register_channel_buffer
 .text.adc_async_enable_channel
                0x00007fd4       0x10 hal/src/hal_adc_async.o
                0x00007fd4                adc_async_enable_channel
 .text.adc_async_register_callback
                0x00007fe4       0x3c hal/src/hal_adc_async.o
                0x00007fe4                adc_async_register_callback
 .text.adc_async_read_channel
                0x00008020       0x74 hal/src/hal_adc_async.o
                0x00008020                adc_async_read_channel
 .text.adc_async_start_conversion
                0x00008094       0x10 hal/src/hal_adc_async.o
                0x00008094                adc_async_start_conversion
 .text.atomic_enter_critical
                0x000080a4        0xe hal/src/hal_atomic.o
                0x000080a4                atomic_enter_critical
 .text.atomic_leave_critical
                0x000080b2        0xc hal/src/hal_atomic.o
                0x000080b2                atomic_leave_critical
 *fill*         0x000080be        0x2 
 .text.crc_sync_init
                0x000080c0        0x8 hal/src/hal_crc_sync.o
                0x000080c0                crc_sync_init
 .text.delay_init
                0x000080c8       0x10 hal/src/hal_delay.o
                0x000080c8                delay_init
 .text.delay_us
                0x000080d8       0x24 hal/src/hal_delay.o
                0x000080d8                delay_us
 .text.delay_ms
                0x000080fc       0x24 hal/src/hal_delay.o
                0x000080fc                delay_ms
 .text.event_system_init
                0x00008120        0x8 hal/src/hal_evsys.o
                0x00008120                event_system_init
 .text.flash_ready
                0x00008128        0x8 hal/src/hal_flash.o
 .text.flash_error
                0x00008130        0x8 hal/src/hal_flash.o
 .text.flash_init
                0x00008138       0x20 hal/src/hal_flash.o
                0x00008138                flash_init
 .text.i2c_m_async_write
                0x00008158       0x2c hal/src/hal_i2c_m_async.o
 .text.i2c_m_async_read
                0x00008184       0x2c hal/src/hal_i2c_m_async.o
 .text.i2c_tx_complete
                0x000081b0        0xe hal/src/hal_i2c_m_async.o
 .text.i2c_rx_complete
                0x000081be        0xe hal/src/hal_i2c_m_async.o
 .text.i2c_error
                0x000081cc        0xe hal/src/hal_i2c_m_async.o
 *fill*         0x000081da        0x2 
 .text.i2c_m_async_init
                0x000081dc       0x50 hal/src/hal_i2c_m_async.o
                0x000081dc                i2c_m_async_init
 .text.io_write
                0x0000822c        0x4 hal/src/hal_io.o
                0x0000822c                io_write
 .text.io_read  0x00008230        0x4 hal/src/hal_io.o
                0x00008230                io_read
 .text.qspi_dma_init
                0x00008234        0x8 hal/src/hal_qspi_dma.o
                0x00008234                qspi_dma_init
 .text._spi_m_async_io_write
                0x0000823c       0x20 hal/src/hal_spi_m_async.o
 .text._spi_m_async_io_read
                0x0000825c       0x34 hal/src/hal_spi_m_async.o
 .text._spi_dev_error
                0x00008290       0x40 hal/src/hal_spi_m_async.o
 .text._spi_dev_complete
                0x000082d0       0x2c hal/src/hal_spi_m_async.o
 .text._spi_dev_rx
                0x000082fc       0x7c hal/src/hal_spi_m_async.o
 .text._spi_dev_tx
                0x00008378       0x48 hal/src/hal_spi_m_async.o
 .text.spi_m_async_init
                0x000083c0       0x64 hal/src/hal_spi_m_async.o
                0x000083c0                spi_m_async_init
 .text.spi_m_async_enable
                0x00008424        0xc hal/src/hal_spi_m_async.o
                0x00008424                spi_m_async_enable
 .text.spi_m_async_set_baudrate
                0x00008430       0x18 hal/src/hal_spi_m_async.o
                0x00008430                spi_m_async_set_baudrate
 .text.spi_m_async_set_mode
                0x00008448       0x18 hal/src/hal_spi_m_async.o
                0x00008448                spi_m_async_set_mode
 .text.spi_m_async_transfer
                0x00008460       0x48 hal/src/hal_spi_m_async.o
                0x00008460                spi_m_async_transfer
 .text.spi_m_async_register_callback
                0x000084a8       0x1c hal/src/hal_spi_m_async.o
                0x000084a8                spi_m_async_register_callback
 .text.spi_m_async_get_io_descriptor
                0x000084c4        0x8 hal/src/hal_spi_m_async.o
                0x000084c4                spi_m_async_get_io_descriptor
 .text._spi_m_dma_io_write
                0x000084cc       0x18 hal/src/hal_spi_m_dma.o
 .text._spi_m_dma_io_read
                0x000084e4       0x18 hal/src/hal_spi_m_dma.o
 .text.spi_m_dma_init
                0x000084fc       0x24 hal/src/hal_spi_m_dma.o
                0x000084fc                spi_m_dma_init
 .text.spi_m_dma_enable
                0x00008520        0xc hal/src/hal_spi_m_dma.o
                0x00008520                spi_m_dma_enable
 .text.spi_m_dma_register_callback
                0x0000852c        0xc hal/src/hal_spi_m_dma.o
                0x0000852c                spi_m_dma_register_callback
 .text.spi_m_dma_get_io_descriptor
                0x00008538        0x8 hal/src/hal_spi_m_dma.o
                0x00008538                spi_m_dma_get_io_descriptor
 .text.timer_add_timer_task
                0x00008540       0x4c hal/src/hal_timer.o
 .text.timer_process_counted
                0x0000858c       0x6c hal/src/hal_timer.o
 .text.timer_init
                0x000085f8       0x1c hal/src/hal_timer.o
                0x000085f8                timer_init
 .text.timer_start
                0x00008614       0x24 hal/src/hal_timer.o
                0x00008614                timer_start
 .text.timer_add_task
                0x00008638       0x78 hal/src/hal_timer.o
                0x00008638                timer_add_task
 .text.usart_transmission_complete
                0x000086b0       0x10 hal/src/hal_usart_async.o
 .text.usart_error
                0x000086c0       0x10 hal/src/hal_usart_async.o
 .text.usart_fill_rx_buffer
                0x000086d0       0x20 hal/src/hal_usart_async.o
 .text.usart_async_write
                0x000086f0       0x34 hal/src/hal_usart_async.o
 .text.usart_process_byte_sent
                0x00008724       0x34 hal/src/hal_usart_async.o
 .text.usart_async_read
                0x00008758       0x54 hal/src/hal_usart_async.o
 .text.usart_async_init
                0x000087ac       0x60 hal/src/hal_usart_async.o
                0x000087ac                usart_async_init
 .text.usart_async_enable
                0x0000880c       0x10 hal/src/hal_usart_async.o
                0x0000880c                usart_async_enable
 .text.usart_async_disable
                0x0000881c       0x10 hal/src/hal_usart_async.o
                0x0000881c                usart_async_disable
 .text.usart_async_get_io_descriptor
                0x0000882c        0x6 hal/src/hal_usart_async.o
                0x0000882c                usart_async_get_io_descriptor
 *fill*         0x00008832        0x2 
 .text.usart_async_register_callback
                0x00008834       0x44 hal/src/hal_usart_async.o
                0x00008834                usart_async_register_callback
 .text.usart_async_set_parity
                0x00008878       0x10 hal/src/hal_usart_async.o
                0x00008878                usart_async_set_parity
 .text.usart_sync_write
                0x00008888       0x50 hal/src/hal_usart_sync.o
 .text.usart_sync_read
                0x000088d8       0x38 hal/src/hal_usart_sync.o
 .text.usart_sync_init
                0x00008910       0x24 hal/src/hal_usart_sync.o
                0x00008910                usart_sync_init
 .text.usart_sync_enable
                0x00008934       0x10 hal/src/hal_usart_sync.o
                0x00008934                usart_sync_enable
 .text._usb_d_find_ep
                0x00008944       0x30 hal/src/hal_usb_device.o
 .text.usb_d_dummy_cb_false
                0x00008974        0x4 hal/src/hal_usb_device.o
 .text.usb_d_cb_trans_more
                0x00008978       0x30 hal/src/hal_usb_device.o
 .text._usb_d_cb_trans_done
                0x000089a8      0x108 hal/src/hal_usb_device.o
 .text.usb_d_cb_trans_setup
                0x00008ab0       0x8c hal/src/hal_usb_device.o
 .text.usb_d_init
                0x00008b3c       0x68 hal/src/hal_usb_device.o
                0x00008b3c                usb_d_init
 .text.usb_d_register_callback
                0x00008ba4        0x8 hal/src/hal_usb_device.o
                0x00008ba4                usb_d_register_callback
 .text.usb_d_enable
                0x00008bac        0x8 hal/src/hal_usb_device.o
                0x00008bac                usb_d_enable
 .text.usb_d_attach
                0x00008bb4        0x8 hal/src/hal_usb_device.o
                0x00008bb4                usb_d_attach
 .text.usb_d_get_frame_num
                0x00008bbc        0x8 hal/src/hal_usb_device.o
                0x00008bbc                usb_d_get_frame_num
 .text.usb_d_set_address
                0x00008bc4        0x8 hal/src/hal_usb_device.o
                0x00008bc4                usb_d_set_address
 .text.usb_d_ep_init
                0x00008bcc       0x50 hal/src/hal_usb_device.o
                0x00008bcc                usb_d_ep_init
 .text.usb_d_ep0_init
                0x00008c1c       0x10 hal/src/hal_usb_device.o
                0x00008c1c                usb_d_ep0_init
 .text.usb_d_ep_deinit
                0x00008c2c       0x2c hal/src/hal_usb_device.o
                0x00008c2c                usb_d_ep_deinit
 .text.usb_d_ep_enable
                0x00008c58       0x40 hal/src/hal_usb_device.o
                0x00008c58                usb_d_ep_enable
 .text.usb_d_ep_transfer
                0x00008c98       0xf8 hal/src/hal_usb_device.o
                0x00008c98                usb_d_ep_transfer
 .text.usb_d_ep_halt
                0x00008d90       0x64 hal/src/hal_usb_device.o
                0x00008d90                usb_d_ep_halt
 .text.usb_d_ep_register_callback
                0x00008df4       0x4c hal/src/hal_usb_device.o
                0x00008df4                usb_d_ep_register_callback
 .text.is_list_element
                0x00008e40        0xe hal/utils/src/utils_list.o
                0x00008e40                is_list_element
 .text.list_insert_as_head
                0x00008e4e        0x8 hal/utils/src/utils_list.o
                0x00008e4e                list_insert_as_head
 .text.list_insert_after
                0x00008e56        0x8 hal/utils/src/utils_list.o
                0x00008e56                list_insert_after
 .text.list_insert_at_end
                0x00008e5e       0x18 hal/utils/src/utils_list.o
                0x00008e5e                list_insert_at_end
 .text.list_remove_head
                0x00008e76        0xc hal/utils/src/utils_list.o
                0x00008e76                list_remove_head
 .text.ringbuffer_init
                0x00008e82       0x18 hal/utils/src/utils_ringbuffer.o
                0x00008e82                ringbuffer_init
 .text.ringbuffer_get
                0x00008e9a       0x22 hal/utils/src/utils_ringbuffer.o
                0x00008e9a                ringbuffer_get
 .text.ringbuffer_put
                0x00008ebc       0x26 hal/utils/src/utils_ringbuffer.o
                0x00008ebc                ringbuffer_put
 .text.ringbuffer_num
                0x00008ee2        0x8 hal/utils/src/utils_ringbuffer.o
                0x00008ee2                ringbuffer_num
 *fill*         0x00008eea        0x2 
 .text._sbrk    0x00008eec       0x1c hal/utils/src/utils_syscalls.o
                0x00008eec                _sbrk
 .text._close   0x00008f08        0x6 hal/utils/src/utils_syscalls.o
                0x00008f08                _close
 .text._fstat   0x00008f0e        0xa hal/utils/src/utils_syscalls.o
                0x00008f0e                _fstat
 .text._isatty  0x00008f18        0x4 hal/utils/src/utils_syscalls.o
                0x00008f18                _isatty
 .text._lseek   0x00008f1c        0x4 hal/utils/src/utils_syscalls.o
                0x00008f1c                _lseek
 .text.__NVIC_DisableIRQ
                0x00008f20       0x28 hpl/adc/hpl_adc.o
 .text.__NVIC_ClearPendingIRQ
                0x00008f48       0x20 hpl/adc/hpl_adc.o
 .text.hri_adc_wait_for_sync
                0x00008f68        0x8 hpl/adc/hpl_adc.o
 .text.hri_adc_set_CTRLA_ENABLE_bit
                0x00008f70       0x14 hpl/adc/hpl_adc.o
 .text.hri_adc_clear_CTRLA_ENABLE_bit
                0x00008f84       0x18 hpl/adc/hpl_adc.o
 .text._adc_get_regs
                0x00008f9c       0x14 hpl/adc/hpl_adc.o
 .text._adc_interrupt_handler
                0x00008fb0       0x4e hpl/adc/hpl_adc.o
 .text._adc_get_irq_num.isra.0
                0x00008ffe       0x14 hpl/adc/hpl_adc.o
 *fill*         0x00009012        0x2 
 .text._adc_init
                0x00009014       0xc8 hpl/adc/hpl_adc.o
 .text._adc_async_init
                0x000090dc       0xb4 hpl/adc/hpl_adc.o
                0x000090dc                _adc_async_init
 .text._adc_async_enable_channel
                0x00009190        0xc hpl/adc/hpl_adc.o
                0x00009190                _adc_async_enable_channel
 .text._adc_async_get_data_size
                0x0000919c       0x12 hpl/adc/hpl_adc.o
                0x0000919c                _adc_async_get_data_size
 *fill*         0x000091ae        0x2 
 .text._adc_async_convert
                0x000091b0       0x18 hpl/adc/hpl_adc.o
                0x000091b0                _adc_async_convert
 .text._adc_async_set_irq_state
                0x000091c8       0x20 hpl/adc/hpl_adc.o
                0x000091c8                _adc_async_set_irq_state
 .text.ADC0_1_Handler
                0x000091e8       0x10 hpl/adc/hpl_adc.o
                0x000091e8                ADC0_1_Handler
 .text.ADC0_0_Handler
                0x000091f8        0x8 hpl/adc/hpl_adc.o
                0x000091f8                ADC0_0_Handler
 .text.ADC1_1_Handler
                0x00009200       0x10 hpl/adc/hpl_adc.o
                0x00009200                ADC1_1_Handler
 .text.ADC1_0_Handler
                0x00009210        0x8 hpl/adc/hpl_adc.o
                0x00009210                ADC1_0_Handler
 .text._irq_set
                0x00009218       0x1c hpl/core/hpl_core_m4.o
                0x00009218                _irq_set
 .text._get_cycles_for_us
                0x00009234        0x6 hpl/core/hpl_core_m4.o
                0x00009234                _get_cycles_for_us
 *fill*         0x0000923a        0x2 
 .text._get_cycles_for_ms
                0x0000923c        0xc hpl/core/hpl_core_m4.o
                0x0000923c                _get_cycles_for_ms
 .text._init_chip
                0x00009248       0x5c hpl/core/hpl_init.o
                0x00009248                _init_chip
 .text._dmac_handler
                0x000092a4       0x50 hpl/dmac/hpl_dmac.o
 .text._dma_init
                0x000092f4       0xd0 hpl/dmac/hpl_dmac.o
                0x000092f4                _dma_init
 .text._dma_set_irq_state
                0x000093c4       0x28 hpl/dmac/hpl_dmac.o
                0x000093c4                _dma_set_irq_state
 .text._dma_set_destination_address
                0x000093ec       0x10 hpl/dmac/hpl_dmac.o
                0x000093ec                _dma_set_destination_address
 .text._dma_set_source_address
                0x000093fc       0x10 hpl/dmac/hpl_dmac.o
                0x000093fc                _dma_set_source_address
 .text._dma_srcinc_enable
                0x0000940c       0x1c hpl/dmac/hpl_dmac.o
                0x0000940c                _dma_srcinc_enable
 .text._dma_set_data_amount
                0x00009428       0x44 hpl/dmac/hpl_dmac.o
                0x00009428                _dma_set_data_amount
 .text._dma_enable_transaction
                0x0000946c       0x3c hpl/dmac/hpl_dmac.o
                0x0000946c                _dma_enable_transaction
 .text._dma_get_channel_resource
                0x000094a8       0x14 hpl/dmac/hpl_dmac.o
                0x000094a8                _dma_get_channel_resource
 .text.DMAC_0_Handler
                0x000094bc        0x8 hpl/dmac/hpl_dmac.o
                0x000094bc                DMAC_0_Handler
 .text.DMAC_1_Handler
                0x000094c4        0x8 hpl/dmac/hpl_dmac.o
                0x000094c4                DMAC_1_Handler
 .text.DMAC_2_Handler
                0x000094cc        0x8 hpl/dmac/hpl_dmac.o
                0x000094cc                DMAC_2_Handler
 .text.DMAC_3_Handler
                0x000094d4        0x8 hpl/dmac/hpl_dmac.o
                0x000094d4                DMAC_3_Handler
 .text.DMAC_4_Handler
                0x000094dc        0x8 hpl/dmac/hpl_dmac.o
                0x000094dc                DMAC_4_Handler
 .text._crc_sync_init
                0x000094e4        0x6 hpl/dsu/hpl_dsu.o
                0x000094e4                _crc_sync_init
 *fill*         0x000094ea        0x2 
 .text._event_system_init
                0x000094ec       0x58 hpl/evsys/hpl_evsys.o
                0x000094ec                _event_system_init
 .text.hri_gclk_wait_for_sync.constprop.0
                0x00009544       0x14 hpl/gclk/hpl_gclk.o
 .text._gclk_init_generators_by_fref
                0x00009558       0x58 hpl/gclk/hpl_gclk.o
                0x00009558                _gclk_init_generators_by_fref
 .text._mclk_init
                0x000095b0        0xc hpl/mclk/hpl_mclk.o
                0x000095b0                _mclk_init
 .text._flash_init
                0x000095bc       0x4c hpl/nvmctrl/hpl_nvmctrl.o
                0x000095bc                _flash_init
 .text.NVMCTRL_1_Handler
                0x00009608       0x2c hpl/nvmctrl/hpl_nvmctrl.o
                0x00009608                NVMCTRL_1_Handler
 .text.NVMCTRL_0_Handler
                0x00009634        0x8 hpl/nvmctrl/hpl_nvmctrl.o
                0x00009634                NVMCTRL_0_Handler
 .text._osc32kctrl_init_sources
                0x0000963c       0x14 hpl/osc32kctrl/hpl_osc32kctrl.o
                0x0000963c                _osc32kctrl_init_sources
 .text._oscctrl_init_sources
                0x00009650        0x2 hpl/oscctrl/hpl_oscctrl.o
                0x00009650                _oscctrl_init_sources
 *fill*         0x00009652        0x2 
 .text._oscctrl_init_referenced_generators
                0x00009654       0xfc hpl/oscctrl/hpl_oscctrl.o
                0x00009654                _oscctrl_init_referenced_generators
 .text._qspi_dma_tx_complete
                0x00009750       0x14 hpl/qspi/hpl_qspi.o
 .text._qspi_dma_rx_complete
                0x00009764        0x8 hpl/qspi/hpl_qspi.o
 .text._qspi_dma_error_occured
                0x0000976c        0xa hpl/qspi/hpl_qspi.o
 *fill*         0x00009776        0x2 
 .text._qspi_dma_init
                0x00009778       0x58 hpl/qspi/hpl_qspi.o
                0x00009778                _qspi_dma_init
 .text.RAMECC_Handler
                0x000097d0       0x3c hpl/ramecc/hpl_ramecc.o
                0x000097d0                RAMECC_Handler
 .text.hri_rtcmode0_wait_for_sync
                0x0000980c        0x8 hpl/rtc/hpl_rtc.o
 .text._rtc_timer_stop
                0x00009814       0x1c hpl/rtc/hpl_rtc.o
                0x00009814                _rtc_timer_stop
 .text._rtc_timer_set_period
                0x00009830       0x10 hpl/rtc/hpl_rtc.o
                0x00009830                _rtc_timer_set_period
 .text._rtc_timer_get_period
                0x00009840       0x14 hpl/rtc/hpl_rtc.o
                0x00009840                _rtc_timer_get_period
 .text._rtc_timer_is_started
                0x00009854       0x1c hpl/rtc/hpl_rtc.o
                0x00009854                _rtc_timer_is_started
 .text._rtc_timer_set_irq
                0x00009870        0x2 hpl/rtc/hpl_rtc.o
                0x00009870                _rtc_timer_set_irq
 *fill*         0x00009872        0x2 
 .text._rtc_timer_start
                0x00009874       0x3c hpl/rtc/hpl_rtc.o
                0x00009874                _rtc_timer_start
 .text._rtc_timer_deinit
                0x000098b0       0x28 hpl/rtc/hpl_rtc.o
                0x000098b0                _rtc_timer_deinit
 .text._rtc_timer_init
                0x000098d8       0x48 hpl/rtc/hpl_rtc.o
                0x000098d8                _rtc_timer_init
 .text._rtc_get_timer
                0x00009920        0x8 hpl/rtc/hpl_rtc.o
                0x00009920                _rtc_get_timer
 .text.RTC_Handler
                0x00009928       0x24 hpl/rtc/hpl_rtc.o
                0x00009928                RTC_Handler
 .text.__NVIC_EnableIRQ
                0x0000994c       0x1c hpl/sercom/hpl_sercom.o
 .text.__NVIC_DisableIRQ
                0x00009968       0x28 hpl/sercom/hpl_sercom.o
 .text.__NVIC_ClearPendingIRQ
                0x00009990       0x20 hpl/sercom/hpl_sercom.o
 .text.hri_sercomi2cm_wait_for_sync
                0x000099b0        0x8 hpl/sercom/hpl_sercom.o
 .text.hri_sercomspi_wait_for_sync
                0x000099b8        0x8 hpl/sercom/hpl_sercom.o
 .text.hri_sercomusart_wait_for_sync
                0x000099c0        0x8 hpl/sercom/hpl_sercom.o
 .text.hri_sercomi2cm_clear_CTRLA_ENABLE_bit
                0x000099c8       0x14 hpl/sercom/hpl_sercom.o
 .text.hri_sercomspi_clear_CTRLA_ENABLE_bit
                0x000099dc       0x14 hpl/sercom/hpl_sercom.o
 .text.hri_sercomusart_get_CTRLA_ENABLE_bit
                0x000099f0       0x14 hpl/sercom/hpl_sercom.o
 .text.hri_sercomusart_write_CTRLA_ENABLE_bit
                0x00009a04       0x18 hpl/sercom/hpl_sercom.o
 .text.hri_sercomusart_clear_CTRLA_ENABLE_bit
                0x00009a1c       0x14 hpl/sercom/hpl_sercom.o
 .text._sercom_get_hardware_index
                0x00009a30       0x34 hpl/sercom/hpl_sercom.o
 .text._sercom_usart_interrupt_handler
                0x00009a64       0x70 hpl/sercom/hpl_sercom.o
 .text._sercom_init_irq_param
                0x00009ad4       0x60 hpl/sercom/hpl_sercom.o
 .text._get_i2cm_index
                0x00009b34       0x14 hpl/sercom/hpl_sercom.o
 .text._sercom_get_irq_num
                0x00009b48       0x14 hpl/sercom/hpl_sercom.o
 .text._spi_sync_enable
                0x00009b5c       0x28 hpl/sercom/hpl_sercom.o
 .text._spi_get_regs
                0x00009b84       0x2c hpl/sercom/hpl_sercom.o
 .text._spi_get_tx_dma_channel
                0x00009bb0       0x14 hpl/sercom/hpl_sercom.o
 .text._spi_get_rx_dma_channel
                0x00009bc4       0x14 hpl/sercom/hpl_sercom.o
 .text._spi_dma_rx_complete
                0x00009bd8        0xa hpl/sercom/hpl_sercom.o
 .text._spi_dma_tx_complete
                0x00009be2        0xa hpl/sercom/hpl_sercom.o
 .text._spi_dma_error_occured
                0x00009bec        0xa hpl/sercom/hpl_sercom.o
 *fill*         0x00009bf6        0x2 
 .text._usart_set_parity
                0x00009bf8       0x78 hpl/sercom/hpl_sercom.o
 .text._sercom_i2c_send_stop
                0x00009c70       0x14 hpl/sercom/hpl_sercom.o
 .text._sercom_i2c_sync_analyse_flags
                0x00009c84      0x16c hpl/sercom/hpl_sercom.o
 .text._spi_load_regs_master
                0x00009df0       0x3c hpl/sercom/hpl_sercom.o
 .text._spi_set_mode
                0x00009e2c       0x34 hpl/sercom/hpl_sercom.o
 .text._i2c_m_sync_init_impl
                0x00009e60       0xb0 hpl/sercom/hpl_sercom.o
 .text._usart_init
                0x00009f10       0xdc hpl/sercom/hpl_sercom.o
 .text._usart_sync_init
                0x00009fec        0xc hpl/sercom/hpl_sercom.o
                0x00009fec                _usart_sync_init
 .text._usart_async_init
                0x00009ff8       0x64 hpl/sercom/hpl_sercom.o
                0x00009ff8                _usart_async_init
 .text._usart_sync_enable
                0x0000a05c       0x14 hpl/sercom/hpl_sercom.o
                0x0000a05c                _usart_sync_enable
 .text._usart_async_enable
                0x0000a070       0x14 hpl/sercom/hpl_sercom.o
                0x0000a070                _usart_async_enable
 .text._usart_async_disable
                0x0000a084        0xc hpl/sercom/hpl_sercom.o
                0x0000a084                _usart_async_disable
 .text._usart_async_set_parity
                0x0000a090        0xc hpl/sercom/hpl_sercom.o
                0x0000a090                _usart_async_set_parity
 .text._usart_sync_write_byte
                0x0000a09c        0x6 hpl/sercom/hpl_sercom.o
                0x0000a09c                _usart_sync_write_byte
 .text._usart_async_write_byte
                0x0000a0a2        0x6 hpl/sercom/hpl_sercom.o
                0x0000a0a2                _usart_async_write_byte
 .text._usart_sync_read_byte
                0x0000a0a8        0x8 hpl/sercom/hpl_sercom.o
                0x0000a0a8                _usart_sync_read_byte
 .text._usart_sync_is_ready_to_send
                0x0000a0b0        0xa hpl/sercom/hpl_sercom.o
                0x0000a0b0                _usart_sync_is_ready_to_send
 .text._usart_sync_is_transmit_done
                0x0000a0ba        0xa hpl/sercom/hpl_sercom.o
                0x0000a0ba                _usart_sync_is_transmit_done
 .text._usart_sync_is_byte_received
                0x0000a0c4        0xa hpl/sercom/hpl_sercom.o
                0x0000a0c4                _usart_sync_is_byte_received
 .text._usart_async_enable_byte_sent_irq
                0x0000a0ce        0x8 hpl/sercom/hpl_sercom.o
                0x0000a0ce                _usart_async_enable_byte_sent_irq
 .text._usart_async_enable_tx_done_irq
                0x0000a0d6        0x8 hpl/sercom/hpl_sercom.o
                0x0000a0d6                _usart_async_enable_tx_done_irq
 .text._usart_async_set_irq_state
                0x0000a0de       0x32 hpl/sercom/hpl_sercom.o
                0x0000a0de                _usart_async_set_irq_state
 .text._i2c_m_async_init
                0x0000a110       0x64 hpl/sercom/hpl_sercom.o
                0x0000a110                _i2c_m_async_init
 .text._i2c_m_async_transfer
                0x0000a174       0xc0 hpl/sercom/hpl_sercom.o
                0x0000a174                _i2c_m_async_transfer
 .text._i2c_m_async_register_callback
                0x0000a234       0x1a hpl/sercom/hpl_sercom.o
                0x0000a234                _i2c_m_async_register_callback
 *fill*         0x0000a24e        0x2 
 .text.SERCOM0_3_Handler
                0x0000a250       0x10 hpl/sercom/hpl_sercom.o
                0x0000a250                SERCOM0_3_Handler
 .text.SERCOM0_2_Handler
                0x0000a260        0x8 hpl/sercom/hpl_sercom.o
                0x0000a260                SERCOM0_2_Handler
 .text.SERCOM0_1_Handler
                0x0000a268        0x8 hpl/sercom/hpl_sercom.o
                0x0000a268                SERCOM0_1_Handler
 .text.SERCOM0_0_Handler
                0x0000a270        0x8 hpl/sercom/hpl_sercom.o
                0x0000a270                SERCOM0_0_Handler
 .text.SERCOM1_3_Handler
                0x0000a278       0x10 hpl/sercom/hpl_sercom.o
                0x0000a278                SERCOM1_3_Handler
 .text.SERCOM1_2_Handler
                0x0000a288        0x8 hpl/sercom/hpl_sercom.o
                0x0000a288                SERCOM1_2_Handler
 .text.SERCOM1_1_Handler
                0x0000a290        0x8 hpl/sercom/hpl_sercom.o
                0x0000a290                SERCOM1_1_Handler
 .text.SERCOM1_0_Handler
                0x0000a298        0x8 hpl/sercom/hpl_sercom.o
                0x0000a298                SERCOM1_0_Handler
 .text.SERCOM3_3_Handler
                0x0000a2a0       0x44 hpl/sercom/hpl_sercom.o
                0x0000a2a0                SERCOM3_3_Handler
 .text.SERCOM3_2_Handler
                0x0000a2e4        0x8 hpl/sercom/hpl_sercom.o
                0x0000a2e4                SERCOM3_2_Handler
 .text.SERCOM3_1_Handler
                0x0000a2ec        0x8 hpl/sercom/hpl_sercom.o
                0x0000a2ec                SERCOM3_1_Handler
 .text.SERCOM3_0_Handler
                0x0000a2f4        0x8 hpl/sercom/hpl_sercom.o
                0x0000a2f4                SERCOM3_0_Handler
 .text.SERCOM4_3_Handler
                0x0000a2fc       0x10 hpl/sercom/hpl_sercom.o
                0x0000a2fc                SERCOM4_3_Handler
 .text.SERCOM4_2_Handler
                0x0000a30c        0x8 hpl/sercom/hpl_sercom.o
                0x0000a30c                SERCOM4_2_Handler
 .text.SERCOM4_1_Handler
                0x0000a314        0x8 hpl/sercom/hpl_sercom.o
                0x0000a314                SERCOM4_1_Handler
 .text.SERCOM4_0_Handler
                0x0000a31c        0x8 hpl/sercom/hpl_sercom.o
                0x0000a31c                SERCOM4_0_Handler
 .text.SERCOM5_3_Handler
                0x0000a324       0x64 hpl/sercom/hpl_sercom.o
                0x0000a324                SERCOM5_3_Handler
 .text.SERCOM5_2_Handler
                0x0000a388        0x8 hpl/sercom/hpl_sercom.o
                0x0000a388                SERCOM5_2_Handler
 .text.SERCOM5_1_Handler
                0x0000a390        0x8 hpl/sercom/hpl_sercom.o
                0x0000a390                SERCOM5_1_Handler
 .text.SERCOM5_0_Handler
                0x0000a398        0x8 hpl/sercom/hpl_sercom.o
                0x0000a398                SERCOM5_0_Handler
 .text.SERCOM6_3_Handler
                0x0000a3a0       0x10 hpl/sercom/hpl_sercom.o
                0x0000a3a0                SERCOM6_3_Handler
 .text.SERCOM6_2_Handler
                0x0000a3b0        0x8 hpl/sercom/hpl_sercom.o
                0x0000a3b0                SERCOM6_2_Handler
 .text.SERCOM6_1_Handler
                0x0000a3b8        0x8 hpl/sercom/hpl_sercom.o
                0x0000a3b8                SERCOM6_1_Handler
 .text.SERCOM6_0_Handler
                0x0000a3c0        0x8 hpl/sercom/hpl_sercom.o
                0x0000a3c0                SERCOM6_0_Handler
 .text._spi_m_sync_init
                0x0000a3c8       0xd0 hpl/sercom/hpl_sercom.o
                0x0000a3c8                _spi_m_sync_init
 .text._spi_m_async_init
                0x0000a498       0x58 hpl/sercom/hpl_sercom.o
                0x0000a498                _spi_m_async_init
 .text._spi_s_async_enable
                0x0000a4f0       0x34 hpl/sercom/hpl_sercom.o
                0x0000a4f0                _spi_s_async_enable
 .text._spi_m_async_enable
                0x0000a524        0x8 hpl/sercom/hpl_sercom.o
                0x0000a524                _spi_m_async_enable
 .text._spi_s_async_set_mode
                0x0000a52c        0xc hpl/sercom/hpl_sercom.o
                0x0000a52c                _spi_s_async_set_mode
 .text._spi_m_async_set_mode
                0x0000a538        0x8 hpl/sercom/hpl_sercom.o
                0x0000a538                _spi_m_async_set_mode
 .text._spi_m_async_set_baudrate
                0x0000a540       0x14 hpl/sercom/hpl_sercom.o
                0x0000a540                _spi_m_async_set_baudrate
 .text._spi_m_async_enable_tx
                0x0000a554       0x10 hpl/sercom/hpl_sercom.o
                0x0000a554                _spi_m_async_enable_tx
 .text._spi_m_async_enable_rx
                0x0000a564       0x10 hpl/sercom/hpl_sercom.o
                0x0000a564                _spi_m_async_enable_rx
 .text._spi_m_async_enable_tx_complete
                0x0000a574       0x10 hpl/sercom/hpl_sercom.o
                0x0000a574                _spi_m_async_enable_tx_complete
 .text._spi_m_async_write_one
                0x0000a584        0x8 hpl/sercom/hpl_sercom.o
                0x0000a584                _spi_m_async_write_one
 .text._spi_m_async_read_one
                0x0000a58c        0x8 hpl/sercom/hpl_sercom.o
                0x0000a58c                _spi_m_async_read_one
 .text._spi_m_async_register_callback
                0x0000a594        0xa hpl/sercom/hpl_sercom.o
                0x0000a594                _spi_m_async_register_callback
 .text._spi_m_async_set_irq_state
                0x0000a59e       0x12 hpl/sercom/hpl_sercom.o
                0x0000a59e                _spi_m_async_set_irq_state
 .text._spi_m_dma_init
                0x0000a5b0       0xc4 hpl/sercom/hpl_sercom.o
                0x0000a5b0                _spi_m_dma_init
 .text._spi_m_dma_enable
                0x0000a674        0xc hpl/sercom/hpl_sercom.o
                0x0000a674                _spi_m_dma_enable
 .text._spi_m_dma_register_callback
                0x0000a680       0x64 hpl/sercom/hpl_sercom.o
                0x0000a680                _spi_m_dma_register_callback
 .text._spi_m_dma_transfer
                0x0000a6e4       0xf8 hpl/sercom/hpl_sercom.o
                0x0000a6e4                _spi_m_dma_transfer
 .text._delay_init
                0x0000a7dc       0x14 hpl/systick/hpl_systick.o
                0x0000a7dc                _delay_init
 .text._delay_cycles
                0x0000a7f0       0x38 hpl/systick/hpl_systick.o
                0x0000a7f0                _delay_cycles
 .text.__NVIC_DisableIRQ
                0x0000a828       0x28 hpl/tc/hpl_tc.o
 .text.hri_tc_wait_for_sync
                0x0000a850        0x8 hpl/tc/hpl_tc.o
 .text._tc_timer_start
                0x0000a858       0x14 hpl/tc/hpl_tc.o
                0x0000a858                _tc_timer_start
 .text._tc_timer_get_period
                0x0000a86c       0x50 hpl/tc/hpl_tc.o
                0x0000a86c                _tc_timer_get_period
 .text._tc_timer_is_started
                0x0000a8bc       0x18 hpl/tc/hpl_tc.o
                0x0000a8bc                _tc_timer_is_started
 .text.tc_interrupt_handler
                0x0000a8d4       0x12 hpl/tc/hpl_tc.o
 *fill*         0x0000a8e6        0x2 
 .text.get_tc_index
                0x0000a8e8       0x50 hpl/tc/hpl_tc.o
 .text._tc_timer_set_irq
                0x0000a938       0x28 hpl/tc/hpl_tc.o
                0x0000a938                _tc_timer_set_irq
 .text._tc_timer_stop
                0x0000a960       0x14 hpl/tc/hpl_tc.o
                0x0000a960                _tc_timer_stop
 .text._tc_timer_deinit
                0x0000a974       0x4c hpl/tc/hpl_tc.o
                0x0000a974                _tc_timer_deinit
 .text._tc_timer_init
                0x0000a9c0      0x150 hpl/tc/hpl_tc.o
                0x0000a9c0                _tc_timer_init
 .text._tc_timer_set_period
                0x0000ab10       0x3c hpl/tc/hpl_tc.o
                0x0000ab10                _tc_timer_set_period
 .text._tc_get_timer
                0x0000ab4c        0x8 hpl/tc/hpl_tc.o
                0x0000ab4c                _tc_get_timer
 .text.TC0_Handler
                0x0000ab54       0x10 hpl/tc/hpl_tc.o
                0x0000ab54                TC0_Handler
 .text.TC1_Handler
                0x0000ab64       0x10 hpl/tc/hpl_tc.o
                0x0000ab64                TC1_Handler
 .text.TC2_Handler
                0x0000ab74       0x10 hpl/tc/hpl_tc.o
                0x0000ab74                TC2_Handler
 .text.TC3_Handler
                0x0000ab84       0x10 hpl/tc/hpl_tc.o
                0x0000ab84                TC3_Handler
 .text._dummy_func_no_return
                0x0000ab94        0x4 hpl/usb/hpl_usb.o
 .text._usb_d_dev_wait_dfll_rdy
                0x0000ab98       0x24 hpl/usb/hpl_usb.o
 .text._usb_d_dev_ept
                0x0000abbc       0x18 hpl/usb/hpl_usb.o
 .text._usb_d_dev_handle_setup
                0x0000abd4       0x84 hpl/usb/hpl_usb.o
 .text._usb_d_dev_handle_stall
                0x0000ac58       0x28 hpl/usb/hpl_usb.o
 .text._usb_d_dev_trans_done
                0x0000ac80       0x24 hpl/usb/hpl_usb.o
 .text._usb_d_dev_trans_stop
                0x0000aca4       0x64 hpl/usb/hpl_usb.o
 .text._usb_d_dev_handle_trfail
                0x0000ad08       0xec hpl/usb/hpl_usb.o
 .text._usb_d_dev_reset_epts
                0x0000adf4       0x3c hpl/usb/hpl_usb.o
 .text._usb_d_dev_in_next
                0x0000ae30      0x158 hpl/usb/hpl_usb.o
 .text._usb_d_dev_out_next
                0x0000af88      0x1ac hpl/usb/hpl_usb.o
 .text._usb_d_dev_handler
                0x0000b134      0x1dc hpl/usb/hpl_usb.o
 .text._usbd_ep_pcksize_size
                0x0000b310       0x3e hpl/usb/hpl_usb.o
 *fill*         0x0000b34e        0x2 
 .text._usb_d_dev_init
                0x0000b350       0xe8 hpl/usb/hpl_usb.o
                0x0000b350                _usb_d_dev_init
 .text._usb_d_dev_enable
                0x0000b438       0x5c hpl/usb/hpl_usb.o
                0x0000b438                _usb_d_dev_enable
 .text._usb_d_dev_attach
                0x0000b494       0x12 hpl/usb/hpl_usb.o
                0x0000b494                _usb_d_dev_attach
 .text._usb_d_dev_set_address
                0x0000b4a6        0xc hpl/usb/hpl_usb.o
                0x0000b4a6                _usb_d_dev_set_address
 .text._usb_d_dev_get_frame_n
                0x0000b4b2        0xc hpl/usb/hpl_usb.o
                0x0000b4b2                _usb_d_dev_get_frame_n
 *fill*         0x0000b4be        0x2 
 .text._usb_d_dev_ep_init
                0x0000b4c0       0xc0 hpl/usb/hpl_usb.o
                0x0000b4c0                _usb_d_dev_ep_init
 .text._usb_d_dev_ep_deinit
                0x0000b580       0x84 hpl/usb/hpl_usb.o
                0x0000b580                _usb_d_dev_ep_deinit
 .text._usb_d_dev_ep_enable
                0x0000b604      0x17c hpl/usb/hpl_usb.o
                0x0000b604                _usb_d_dev_ep_enable
 .text._usb_d_dev_ep_stall
                0x0000b780       0xe4 hpl/usb/hpl_usb.o
                0x0000b780                _usb_d_dev_ep_stall
 .text._usb_d_dev_ep_read_req
                0x0000b864       0x54 hpl/usb/hpl_usb.o
                0x0000b864                _usb_d_dev_ep_read_req
 .text._usb_d_dev_ep_trans
                0x0000b8b8      0x108 hpl/usb/hpl_usb.o
                0x0000b8b8                _usb_d_dev_ep_trans
 .text._usb_d_dev_register_callback
                0x0000b9c0       0x24 hpl/usb/hpl_usb.o
                0x0000b9c0                _usb_d_dev_register_callback
 .text._usb_d_dev_register_ep_callback
                0x0000b9e4       0x2c hpl/usb/hpl_usb.o
                0x0000b9e4                _usb_d_dev_register_ep_callback
 .text.USB_0_Handler
                0x0000ba10        0x8 hpl/usb/hpl_usb.o
                0x0000ba10                USB_0_Handler
 .text.USB_1_Handler
                0x0000ba18        0x8 hpl/usb/hpl_usb.o
                0x0000ba18                USB_1_Handler
 .text.USB_2_Handler
                0x0000ba20        0x8 hpl/usb/hpl_usb.o
                0x0000ba20                USB_2_Handler
 .text.USB_3_Handler
                0x0000ba28        0x8 hpl/usb/hpl_usb.o
                0x0000ba28                USB_3_Handler
 .text._wdt_init
                0x0000ba30       0x42 hpl/wdt/hpl_wdt.o
                0x0000ba30                _wdt_init
 *fill*         0x0000ba72        0x2 
 .text.RTC_Scheduler_report_cb
                0x0000ba74        0xc main.o
 .text.RTC_Scheduler_heartbeat_cb
                0x0000ba80       0x10 main.o
 .text.RTC_Scheduler_ping_cb
                0x0000ba90       0x3c main.o
 .text.grid_task_timer_tick
                0x0000bacc        0xe main.o
                0x0000bacc                grid_task_timer_tick
 *fill*         0x0000bada        0x2 
 .text.RTC_Scheduler_realtime_cb
                0x0000badc       0x94 main.o
 .text.grid_task_timer_reset
                0x0000bb70       0x10 main.o
                0x0000bb70                grid_task_timer_reset
 .text.grid_port_reset_receiver
                0x0000bb80       0x78 main.o
                0x0000bb80                grid_port_reset_receiver
 .text.grid_port_receive_task
                0x0000bbf8      0x12c main.o
                0x0000bbf8                grid_port_receive_task
 .text.grid_port_receive_decode
                0x0000bd24      0x4c8 main.o
                0x0000bd24                grid_port_receive_decode
 .text.grid_port_receive_complete_task
                0x0000c1ec       0x70 main.o
                0x0000c1ec                grid_port_receive_complete_task
 .text.init_timer
                0x0000c25c       0x84 main.o
                0x0000c25c                init_timer
 .text.startup.main
                0x0000c2e0      0x448 main.o
                0x0000c2e0                main
 .text._read    0x0000c728       0x20 stdio_redirect/gcc/read.o
                0x0000c728                _read
 .text._write   0x0000c748       0x24 stdio_redirect/gcc/write.o
                0x0000c748                _write
 .text.stdio_io_init
                0x0000c76c       0x2c stdio_redirect/stdio_io.o
                0x0000c76c                stdio_io_init
 .text.stdio_io_read
                0x0000c798       0x1c stdio_redirect/stdio_io.o
                0x0000c798                stdio_io_read
 .text.stdio_io_write
                0x0000c7b4       0x1c stdio_redirect/stdio_io.o
                0x0000c7b4                stdio_io_write
 .text.stdio_redirect_init
                0x0000c7d0       0x20 stdio_start.o
                0x0000c7d0                stdio_redirect_init
 .text.cdcdf_acm_req
                0x0000c7f0       0xdc usb/class/cdc/device/cdcdf_acm.o
 .text.cdcdf_acm_ctrl
                0x0000c8cc      0x138 usb/class/cdc/device/cdcdf_acm.o
 .text.cdcdf_acm_init
                0x0000ca04       0x44 usb/class/cdc/device/cdcdf_acm.o
                0x0000ca04                cdcdf_acm_init
 .text.cdcdf_acm_write
                0x0000ca48       0x2c usb/class/cdc/device/cdcdf_acm.o
                0x0000ca48                cdcdf_acm_write
 .text.hid_keyboard_req
                0x0000ca74       0x88 usb/class/hid/device/hiddf_keyboard.o
 .text.hid_keyboard_ctrl
                0x0000cafc      0x110 usb/class/hid/device/hiddf_keyboard.o
 .text.hiddf_keyboard_init
                0x0000cc0c       0x44 usb/class/hid/device/hiddf_keyboard.o
                0x0000cc0c                hiddf_keyboard_init
 .text.hiddf_keyboard_keys_state_change
                0x0000cc50       0x8c usb/class/hid/device/hiddf_keyboard.o
                0x0000cc50                hiddf_keyboard_keys_state_change
 .text.hid_mouse_req
                0x0000ccdc       0x88 usb/class/hid/device/hiddf_mouse.o
 .text.hid_mouse_ctrl
                0x0000cd64       0xe4 usb/class/hid/device/hiddf_mouse.o
 .text.hiddf_mouse_init
                0x0000ce48       0x44 usb/class/hid/device/hiddf_mouse.o
                0x0000ce48                hiddf_mouse_init
 .text.hiddf_mouse_move
                0x0000ce8c       0x48 usb/class/hid/device/hiddf_mouse.o
                0x0000ce8c                hiddf_mouse_move
 .text.midi_cb_ep_bulk_in
                0x0000ced4        0x2 usb/class/midi/device/audiodf_midi.o
 .text.midi_cb_ep_bulk_out
                0x0000ced6        0x2 usb/class/midi/device/audiodf_midi.o
 .text.audio_midi_req
                0x0000ced8       0x78 usb/class/midi/device/audiodf_midi.o
 .text.audio_midi_ctrl
                0x0000cf50      0x1a8 usb/class/midi/device/audiodf_midi.o
 .text.audiodf_midi_init
                0x0000d0f8       0x44 usb/class/midi/device/audiodf_midi.o
                0x0000d0f8                audiodf_midi_init
 .text.audiodf_midi_xfer_packet
                0x0000d13c       0x28 usb/class/midi/device/audiodf_midi.o
                0x0000d13c                audiodf_midi_xfer_packet
 .text.usbdc_unconfig
                0x0000d164       0x1c usb/device/usbdc.o
 .text.usbdc_change_notify
                0x0000d180       0x20 usb/device/usbdc.o
 .text.usbdc_request_handler
                0x0000d1a0       0x38 usb/device/usbdc.o
 .text.usbd_sof_cb
                0x0000d1d8       0x18 usb/device/usbdc.o
 .text.usbdc_cb_ctl_done
                0x0000d1f0       0x68 usb/device/usbdc.o
 .text.usbdc_reset
                0x0000d258       0x5c usb/device/usbdc.o
                0x0000d258                usbdc_reset
 .text.usbd_event_cb
                0x0000d2b4       0x18 usb/device/usbdc.o
 .text.usbdc_xfer
                0x0000d2cc       0x20 usb/device/usbdc.o
                0x0000d2cc                usbdc_xfer
 .text.usbdc_cb_ctl_req
                0x0000d2ec      0x328 usb/device/usbdc.o
 .text.usbdc_register_handler
                0x0000d614       0x2c usb/device/usbdc.o
                0x0000d614                usbdc_register_handler
 .text.usbdc_init
                0x0000d640       0x44 usb/device/usbdc.o
                0x0000d640                usbdc_init
 .text.usbdc_register_function
                0x0000d684       0x10 usb/device/usbdc.o
                0x0000d684                usbdc_register_function
 .text.usbdc_start
                0x0000d694       0x34 usb/device/usbdc.o
                0x0000d694                usbdc_start
 .text.usbdc_attach
                0x0000d6c8        0x8 usb/device/usbdc.o
                0x0000d6c8                usbdc_attach
 .text.usbdc_get_ctrl_buffer
                0x0000d6d0        0xc usb/device/usbdc.o
                0x0000d6d0                usbdc_get_ctrl_buffer
 .text.usbdc_get_state
                0x0000d6dc       0x14 usb/device/usbdc.o
                0x0000d6dc                usbdc_get_state
 .text.usb_find_desc
                0x0000d6f0       0x1a usb/usb_protocol.o
                0x0000d6f0                usb_find_desc
 .text.usb_find_ep_desc
                0x0000d70a       0x1c usb/usb_protocol.o
                0x0000d70a                usb_find_ep_desc
 *fill*         0x0000d726        0x2 
 .text.usb_find_cfg_desc
                0x0000d728       0x3c usb/usb_protocol.o
                0x0000d728                usb_find_cfg_desc
 .text.usb_find_str_desc
                0x0000d764       0x30 usb/usb_protocol.o
                0x0000d764                usb_find_str_desc
 .text.gpio_get_pin_level
                0x0000d794       0x48 usb_start.o
 .text.hiddf_demo_sof_event
                0x0000d7dc       0x78 usb_start.o
 .text.composite_device_init
                0x0000d854       0x2c usb_start.o
                0x0000d854                composite_device_init
 .text.composite_device_start
                0x0000d880       0x1c usb_start.o
                0x0000d880                composite_device_start
 .text.usb_init
                0x0000d89c        0x8 usb_start.o
                0x0000d89c                usb_init
 .text          0x0000d8a4      0x370 c:/program files (x86)/atmel/studio/7.0/toolchain/arm/arm-gnu-toolchain/bin/../lib/gcc/arm-none-eabi/6.3.1/thumb/v7e-m\libgcc.a(_arm_addsubdf3.o)
                0x0000d8a4                __aeabi_drsub
                0x0000d8ac                __aeabi_dsub
                0x0000d8ac                __subdf3
                0x0000d8b0                __aeabi_dadd
                0x0000d8b0                __adddf3
                0x0000db28                __floatunsidf
                0x0000db28                __aeabi_ui2d
                0x0000db48                __floatsidf
                0x0000db48                __aeabi_i2d
                0x0000db6c                __aeabi_f2d
                0x0000db6c                __extendsfdf2
                0x0000dba8                __floatundidf
                0x0000dba8                __aeabi_ul2d
                0x0000dbb8                __floatdidf
                0x0000dbb8                __aeabi_l2d
 .text          0x0000dc14      0x424 c:/program files (x86)/atmel/studio/7.0/toolchain/arm/arm-gnu-toolchain/bin/../lib/gcc/arm-none-eabi/6.3.1/thumb/v7e-m\libgcc.a(_arm_muldivdf3.o)
                0x0000dc14                __aeabi_dmul
                0x0000dc14                __muldf3
                0x0000de68                __divdf3
                0x0000de68                __aeabi_ddiv
 .text          0x0000e038       0x40 c:/program files (x86)/atmel/studio/7.0/toolchain/arm/arm-gnu-toolchain/bin/../lib/gcc/arm-none-eabi/6.3.1/thumb/v7e-m\libgcc.a(_arm_fixunsdfsi.o)
                0x0000e038                __aeabi_d2uiz
                0x0000e038                __fixunsdfsi
 .text.__libc_init_array
                0x0000e078       0x48 c:/program files (x86)/atmel/studio/7.0/toolchain/arm/arm-gnu-toolchain/bin/../lib/gcc/arm-none-eabi/6.3.1/../../../../arm-none-eabi/lib/thumb/v7e-m\libc_nano.a(lib_a-init.o)
                0x0000e078                __libc_init_array
 .text.malloc   0x0000e0c0       0x10 c:/program files (x86)/atmel/studio/7.0/toolchain/arm/arm-gnu-toolchain/bin/../lib/gcc/arm-none-eabi/6.3.1/../../../../arm-none-eabi/lib/thumb/v7e-m\libc_nano.a(lib_a-malloc.o)
                0x0000e0c0                malloc
 .text.memcpy   0x0000e0d0       0x16 c:/program files (x86)/atmel/studio/7.0/toolchain/arm/arm-gnu-toolchain/bin/../lib/gcc/arm-none-eabi/6.3.1/../../../../arm-none-eabi/lib/thumb/v7e-m\libc_nano.a(lib_a-memcpy-stub.o)
                0x0000e0d0                memcpy
 .text.memset   0x0000e0e6       0x10 c:/program files (x86)/atmel/studio/7.0/toolchain/arm/arm-gnu-toolchain/bin/../lib/gcc/arm-none-eabi/6.3.1/../../../../arm-none-eabi/lib/thumb/v7e-m\libc_nano.a(lib_a-memset.o)
                0x0000e0e6                memset
 *fill*         0x0000e0f6        0x2 
 .text._free_r  0x0000e0f8       0x9c c:/program files (x86)/atmel/studio/7.0/toolchain/arm/arm-gnu-toolchain/bin/../lib/gcc/arm-none-eabi/6.3.1/../../../../arm-none-eabi/lib/thumb/v7e-m\libc_nano.a(lib_a-nano-freer.o)
                0x0000e0f8                _free_r
 .text._malloc_r
                0x0000e194       0xbc c:/program files (x86)/atmel/studio/7.0/toolchain/arm/arm-gnu-toolchain/bin/../lib/gcc/arm-none-eabi/6.3.1/../../../../arm-none-eabi/lib/thumb/v7e-m\libc_nano.a(lib_a-nano-mallocr.o)
                0x0000e194                _malloc_r
 .text.printf   0x0000e250       0x30 c:/program files (x86)/atmel/studio/7.0/toolchain/arm/arm-gnu-toolchain/bin/../lib/gcc/arm-none-eabi/6.3.1/../../../../arm-none-eabi/lib/thumb/v7e-m\libc_nano.a(lib_a-printf.o)
                0x0000e250                iprintf
                0x0000e250                printf
 .text._puts_r  0x0000e280       0xb8 c:/program files (x86)/atmel/studio/7.0/toolchain/arm/arm-gnu-toolchain/bin/../lib/gcc/arm-none-eabi/6.3.1/../../../../arm-none-eabi/lib/thumb/v7e-m\libc_nano.a(lib_a-puts.o)
                0x0000e280                _puts_r
 .text.puts     0x0000e338       0x10 c:/program files (x86)/atmel/studio/7.0/toolchain/arm/arm-gnu-toolchain/bin/../lib/gcc/arm-none-eabi/6.3.1/../../../../arm-none-eabi/lib/thumb/v7e-m\libc_nano.a(lib_a-puts.o)
                0x0000e338                puts
 .text._sbrk_r  0x0000e348       0x20 c:/program files (x86)/atmel/studio/7.0/toolchain/arm/arm-gnu-toolchain/bin/../lib/gcc/arm-none-eabi/6.3.1/../../../../arm-none-eabi/lib/thumb/v7e-m\libc_nano.a(lib_a-sbrkr.o)
                0x0000e348                _sbrk_r
 .text.setbuf   0x0000e368       0x10 c:/program files (x86)/atmel/studio/7.0/toolchain/arm/arm-gnu-toolchain/bin/../lib/gcc/arm-none-eabi/6.3.1/../../../../arm-none-eabi/lib/thumb/v7e-m\libc_nano.a(lib_a-setbuf.o)
                0x0000e368                setbuf
 .text.setvbuf  0x0000e378      0x15c c:/program files (x86)/atmel/studio/7.0/toolchain/arm/arm-gnu-toolchain/bin/../lib/gcc/arm-none-eabi/6.3.1/../../../../arm-none-eabi/lib/thumb/v7e-m\libc_nano.a(lib_a-setvbuf.o)
                0x0000e378                setvbuf
 .text.sprintf  0x0000e4d4       0x48 c:/program files (x86)/atmel/studio/7.0/toolchain/arm/arm-gnu-toolchain/bin/../lib/gcc/arm-none-eabi/6.3.1/../../../../arm-none-eabi/lib/thumb/v7e-m\libc_nano.a(lib_a-sprintf.o)
                0x0000e4d4                siprintf
                0x0000e4d4                sprintf
 .text.strcpy   0x0000e51c       0x10 c:/program files (x86)/atmel/studio/7.0/toolchain/arm/arm-gnu-toolchain/bin/../lib/gcc/arm-none-eabi/6.3.1/../../../../arm-none-eabi/lib/thumb/v7e-m\libc_nano.a(lib_a-strcpy.o)
                0x0000e51c                strcpy
 .text          0x0000e52c       0x10 c:/program files (x86)/atmel/studio/7.0/toolchain/arm/arm-gnu-toolchain/bin/../lib/gcc/arm-none-eabi/6.3.1/../../../../arm-none-eabi/lib/thumb/v7e-m\libc_nano.a(lib_a-strlen.o)
                0x0000e52c                strlen
 .text.__swbuf_r
                0x0000e53c       0xa4 c:/program files (x86)/atmel/studio/7.0/toolchain/arm/arm-gnu-toolchain/bin/../lib/gcc/arm-none-eabi/6.3.1/../../../../arm-none-eabi/lib/thumb/v7e-m\libc_nano.a(lib_a-wbuf.o)
                0x0000e53c                __swbuf_r
 .text.__swsetup_r
                0x0000e5e0       0xdc c:/program files (x86)/atmel/studio/7.0/toolchain/arm/arm-gnu-toolchain/bin/../lib/gcc/arm-none-eabi/6.3.1/../../../../arm-none-eabi/lib/thumb/v7e-m\libc_nano.a(lib_a-wsetup.o)
                0x0000e5e0                __swsetup_r
 .text.__sflush_r
                0x0000e6bc      0x110 c:/program files (x86)/atmel/studio/7.0/toolchain/arm/arm-gnu-toolchain/bin/../lib/gcc/arm-none-eabi/6.3.1/../../../../arm-none-eabi/lib/thumb/v7e-m\libc_nano.a(lib_a-fflush.o)
                0x0000e6bc                __sflush_r
 .text._fflush_r
                0x0000e7cc       0x54 c:/program files (x86)/atmel/studio/7.0/toolchain/arm/arm-gnu-toolchain/bin/../lib/gcc/arm-none-eabi/6.3.1/../../../../arm-none-eabi/lib/thumb/v7e-m\libc_nano.a(lib_a-fflush.o)
                0x0000e7cc                _fflush_r
 .text._cleanup_r
                0x0000e820        0xc c:/program files (x86)/atmel/studio/7.0/toolchain/arm/arm-gnu-toolchain/bin/../lib/gcc/arm-none-eabi/6.3.1/../../../../arm-none-eabi/lib/thumb/v7e-m\libc_nano.a(lib_a-findfp.o)
                0x0000e820                _cleanup_r
 .text.std.isra.0
                0x0000e82c       0x48 c:/program files (x86)/atmel/studio/7.0/toolchain/arm/arm-gnu-toolchain/bin/../lib/gcc/arm-none-eabi/6.3.1/../../../../arm-none-eabi/lib/thumb/v7e-m\libc_nano.a(lib_a-findfp.o)
 .text.__sfmoreglue
                0x0000e874       0x2c c:/program files (x86)/atmel/studio/7.0/toolchain/arm/arm-gnu-toolchain/bin/../lib/gcc/arm-none-eabi/6.3.1/../../../../arm-none-eabi/lib/thumb/v7e-m\libc_nano.a(lib_a-findfp.o)
                0x0000e874                __sfmoreglue
 .text.__sinit  0x0000e8a0       0x60 c:/program files (x86)/atmel/studio/7.0/toolchain/arm/arm-gnu-toolchain/bin/../lib/gcc/arm-none-eabi/6.3.1/../../../../arm-none-eabi/lib/thumb/v7e-m\libc_nano.a(lib_a-findfp.o)
                0x0000e8a0                __sinit
 .text.__sfp    0x0000e900       0x78 c:/program files (x86)/atmel/studio/7.0/toolchain/arm/arm-gnu-toolchain/bin/../lib/gcc/arm-none-eabi/6.3.1/../../../../arm-none-eabi/lib/thumb/v7e-m\libc_nano.a(lib_a-findfp.o)
                0x0000e900                __sfp
 .text._fwalk_reent
                0x0000e978       0x3c c:/program files (x86)/atmel/studio/7.0/toolchain/arm/arm-gnu-toolchain/bin/../lib/gcc/arm-none-eabi/6.3.1/../../../../arm-none-eabi/lib/thumb/v7e-m\libc_nano.a(lib_a-fwalk.o)
                0x0000e978                _fwalk_reent
 .text.__swhatbuf_r
                0x0000e9b4       0x48 c:/program files (x86)/atmel/studio/7.0/toolchain/arm/arm-gnu-toolchain/bin/../lib/gcc/arm-none-eabi/6.3.1/../../../../arm-none-eabi/lib/thumb/v7e-m\libc_nano.a(lib_a-makebuf.o)
                0x0000e9b4                __swhatbuf_r
 .text.__smakebuf_r
                0x0000e9fc       0x80 c:/program files (x86)/atmel/studio/7.0/toolchain/arm/arm-gnu-toolchain/bin/../lib/gcc/arm-none-eabi/6.3.1/../../../../arm-none-eabi/lib/thumb/v7e-m\libc_nano.a(lib_a-makebuf.o)
                0x0000e9fc                __smakebuf_r
 .text.__malloc_lock
                0x0000ea7c        0x2 c:/program files (x86)/atmel/studio/7.0/toolchain/arm/arm-gnu-toolchain/bin/../lib/gcc/arm-none-eabi/6.3.1/../../../../arm-none-eabi/lib/thumb/v7e-m\libc_nano.a(lib_a-mlock.o)
                0x0000ea7c                __malloc_lock
 .text.__malloc_unlock
                0x0000ea7e        0x2 c:/program files (x86)/atmel/studio/7.0/toolchain/arm/arm-gnu-toolchain/bin/../lib/gcc/arm-none-eabi/6.3.1/../../../../arm-none-eabi/lib/thumb/v7e-m\libc_nano.a(lib_a-mlock.o)
                0x0000ea7e                __malloc_unlock
 .text.__ssputs_r
                0x0000ea80       0xb6 c:/program files (x86)/atmel/studio/7.0/toolchain/arm/arm-gnu-toolchain/bin/../lib/gcc/arm-none-eabi/6.3.1/../../../../arm-none-eabi/lib/thumb/v7e-m\libc_nano.a(lib_a-nano-svfprintf.o)
                0x0000ea80                __ssputs_r
 *fill*         0x0000eb36        0x2 
 .text._svfprintf_r
                0x0000eb38      0x1e8 c:/program files (x86)/atmel/studio/7.0/toolchain/arm/arm-gnu-toolchain/bin/../lib/gcc/arm-none-eabi/6.3.1/../../../../arm-none-eabi/lib/thumb/v7e-m\libc_nano.a(lib_a-nano-svfprintf.o)
                0x0000eb38                _svfiprintf_r
                0x0000eb38                _svfprintf_r
 .text.__sfputc_r
                0x0000ed20       0x2c c:/program files (x86)/atmel/studio/7.0/toolchain/arm/arm-gnu-toolchain/bin/../lib/gcc/arm-none-eabi/6.3.1/../../../../arm-none-eabi/lib/thumb/v7e-m\libc_nano.a(lib_a-nano-vfprintf.o)
 .text.__sfputs_r
                0x0000ed4c       0x24 c:/program files (x86)/atmel/studio/7.0/toolchain/arm/arm-gnu-toolchain/bin/../lib/gcc/arm-none-eabi/6.3.1/../../../../arm-none-eabi/lib/thumb/v7e-m\libc_nano.a(lib_a-nano-vfprintf.o)
                0x0000ed4c                __sfputs_r
 .text._vfprintf_r
                0x0000ed70      0x22c c:/program files (x86)/atmel/studio/7.0/toolchain/arm/arm-gnu-toolchain/bin/../lib/gcc/arm-none-eabi/6.3.1/../../../../arm-none-eabi/lib/thumb/v7e-m\libc_nano.a(lib_a-nano-vfprintf.o)
                0x0000ed70                _vfprintf_r
                0x0000ed70                _vfiprintf_r
 .text._printf_common
                0x0000ef9c       0xec c:/program files (x86)/atmel/studio/7.0/toolchain/arm/arm-gnu-toolchain/bin/../lib/gcc/arm-none-eabi/6.3.1/../../../../arm-none-eabi/lib/thumb/v7e-m\libc_nano.a(lib_a-nano-vfprintf_i.o)
                0x0000ef9c                _printf_common
 .text._printf_i
                0x0000f088      0x240 c:/program files (x86)/atmel/studio/7.0/toolchain/arm/arm-gnu-toolchain/bin/../lib/gcc/arm-none-eabi/6.3.1/../../../../arm-none-eabi/lib/thumb/v7e-m\libc_nano.a(lib_a-nano-vfprintf_i.o)
                0x0000f088                _printf_i
 .text.__sread  0x0000f2c8       0x22 c:/program files (x86)/atmel/studio/7.0/toolchain/arm/arm-gnu-toolchain/bin/../lib/gcc/arm-none-eabi/6.3.1/../../../../arm-none-eabi/lib/thumb/v7e-m\libc_nano.a(lib_a-stdio.o)
                0x0000f2c8                __sread
 .text.__swrite
                0x0000f2ea       0x38 c:/program files (x86)/atmel/studio/7.0/toolchain/arm/arm-gnu-toolchain/bin/../lib/gcc/arm-none-eabi/6.3.1/../../../../arm-none-eabi/lib/thumb/v7e-m\libc_nano.a(lib_a-stdio.o)
                0x0000f2ea                __swrite
 .text.__sseek  0x0000f322       0x24 c:/program files (x86)/atmel/studio/7.0/toolchain/arm/arm-gnu-toolchain/bin/../lib/gcc/arm-none-eabi/6.3.1/../../../../arm-none-eabi/lib/thumb/v7e-m\libc_nano.a(lib_a-stdio.o)
                0x0000f322                __sseek
 .text.__sclose
                0x0000f346        0x8 c:/program files (x86)/atmel/studio/7.0/toolchain/arm/arm-gnu-toolchain/bin/../lib/gcc/arm-none-eabi/6.3.1/../../../../arm-none-eabi/lib/thumb/v7e-m\libc_nano.a(lib_a-stdio.o)
                0x0000f346                __sclose
 *fill*         0x0000f34e        0x2 
 .text._write_r
                0x0000f350       0x24 c:/program files (x86)/atmel/studio/7.0/toolchain/arm/arm-gnu-toolchain/bin/../lib/gcc/arm-none-eabi/6.3.1/../../../../arm-none-eabi/lib/thumb/v7e-m\libc_nano.a(lib_a-writer.o)
                0x0000f350                _write_r
 .text._close_r
                0x0000f374       0x20 c:/program files (x86)/atmel/studio/7.0/toolchain/arm/arm-gnu-toolchain/bin/../lib/gcc/arm-none-eabi/6.3.1/../../../../arm-none-eabi/lib/thumb/v7e-m\libc_nano.a(lib_a-closer.o)
                0x0000f374                _close_r
 .text._fstat_r
                0x0000f394       0x24 c:/program files (x86)/atmel/studio/7.0/toolchain/arm/arm-gnu-toolchain/bin/../lib/gcc/arm-none-eabi/6.3.1/../../../../arm-none-eabi/lib/thumb/v7e-m\libc_nano.a(lib_a-fstatr.o)
                0x0000f394                _fstat_r
 .text._isatty_r
                0x0000f3b8       0x20 c:/program files (x86)/atmel/studio/7.0/toolchain/arm/arm-gnu-toolchain/bin/../lib/gcc/arm-none-eabi/6.3.1/../../../../arm-none-eabi/lib/thumb/v7e-m\libc_nano.a(lib_a-isattyr.o)
                0x0000f3b8                _isatty_r
 .text._lseek_r
                0x0000f3d8       0x24 c:/program files (x86)/atmel/studio/7.0/toolchain/arm/arm-gnu-toolchain/bin/../lib/gcc/arm-none-eabi/6.3.1/../../../../arm-none-eabi/lib/thumb/v7e-m\libc_nano.a(lib_a-lseekr.o)
                0x0000f3d8                _lseek_r
 *fill*         0x0000f3fc        0x4 