Archive member included to satisfy reference by file (symbol)

c:/program files (x86)/atmel/studio/7.0/toolchain/arm/arm-gnu-toolchain/bin/../lib/gcc/arm-none-eabi/6.3.1/thumb/v7e-m\libgcc.a(_arm_addsubdf3.o)
                              hpl/sercom/hpl_sercom.o (__aeabi_dsub)
c:/program files (x86)/atmel/studio/7.0/toolchain/arm/arm-gnu-toolchain/bin/../lib/gcc/arm-none-eabi/6.3.1/thumb/v7e-m\libgcc.a(_arm_muldivdf3.o)
                              grid/grid_hardwaretest.o (__aeabi_dmul)
c:/program files (x86)/atmel/studio/7.0/toolchain/arm/arm-gnu-toolchain/bin/../lib/gcc/arm-none-eabi/6.3.1/thumb/v7e-m\libgcc.a(_arm_fixunsdfsi.o)
                              grid/grid_hardwaretest.o (__aeabi_d2uiz)
c:/program files (x86)/atmel/studio/7.0/toolchain/arm/arm-gnu-toolchain/bin/../lib/gcc/arm-none-eabi/6.3.1/thumb/v7e-m\libgcc.a(_aeabi_uldivmod.o)
                              hpl/sercom/hpl_sercom.o (__aeabi_uldivmod)
c:/program files (x86)/atmel/studio/7.0/toolchain/arm/arm-gnu-toolchain/bin/../lib/gcc/arm-none-eabi/6.3.1/thumb/v7e-m\libgcc.a(_udivmoddi4.o)
                              c:/program files (x86)/atmel/studio/7.0/toolchain/arm/arm-gnu-toolchain/bin/../lib/gcc/arm-none-eabi/6.3.1/thumb/v7e-m\libgcc.a(_aeabi_uldivmod.o) (__udivmoddi4)
c:/program files (x86)/atmel/studio/7.0/toolchain/arm/arm-gnu-toolchain/bin/../lib/gcc/arm-none-eabi/6.3.1/thumb/v7e-m\libgcc.a(_dvmd_tls.o)
                              c:/program files (x86)/atmel/studio/7.0/toolchain/arm/arm-gnu-toolchain/bin/../lib/gcc/arm-none-eabi/6.3.1/thumb/v7e-m\libgcc.a(_aeabi_uldivmod.o) (__aeabi_ldiv0)
c:/program files (x86)/atmel/studio/7.0/toolchain/arm/arm-gnu-toolchain/bin/../lib/gcc/arm-none-eabi/6.3.1/../../../../arm-none-eabi/lib/thumb/v7e-m\libc_nano.a(lib_a-exit.o)
                              c:/program files (x86)/atmel/studio/7.0/toolchain/arm/arm-gnu-toolchain/bin/../lib/gcc/arm-none-eabi/6.3.1/../../../../arm-none-eabi/lib/thumb/v7e-m/crt0.o (exit)
c:/program files (x86)/atmel/studio/7.0/toolchain/arm/arm-gnu-toolchain/bin/../lib/gcc/arm-none-eabi/6.3.1/../../../../arm-none-eabi/lib/thumb/v7e-m\libc_nano.a(lib_a-impure.o)
                              c:/program files (x86)/atmel/studio/7.0/toolchain/arm/arm-gnu-toolchain/bin/../lib/gcc/arm-none-eabi/6.3.1/../../../../arm-none-eabi/lib/thumb/v7e-m\libc_nano.a(lib_a-exit.o) (_global_impure_ptr)
c:/program files (x86)/atmel/studio/7.0/toolchain/arm/arm-gnu-toolchain/bin/../lib/gcc/arm-none-eabi/6.3.1/../../../../arm-none-eabi/lib/thumb/v7e-m\libc_nano.a(lib_a-init.o)
                              c:/program files (x86)/atmel/studio/7.0/toolchain/arm/arm-gnu-toolchain/bin/../lib/gcc/arm-none-eabi/6.3.1/../../../../arm-none-eabi/lib/thumb/v7e-m/crt0.o (__libc_init_array)
c:/program files (x86)/atmel/studio/7.0/toolchain/arm/arm-gnu-toolchain/bin/../lib/gcc/arm-none-eabi/6.3.1/../../../../arm-none-eabi/lib/thumb/v7e-m\libc_nano.a(lib_a-malloc.o)
                              grid/grid_ain.o (malloc)
c:/program files (x86)/atmel/studio/7.0/toolchain/arm/arm-gnu-toolchain/bin/../lib/gcc/arm-none-eabi/6.3.1/../../../../arm-none-eabi/lib/thumb/v7e-m\libc_nano.a(lib_a-memcpy-stub.o)
                              hpl/nvmctrl/hpl_nvmctrl.o (memcpy)
c:/program files (x86)/atmel/studio/7.0/toolchain/arm/arm-gnu-toolchain/bin/../lib/gcc/arm-none-eabi/6.3.1/../../../../arm-none-eabi/lib/thumb/v7e-m\libc_nano.a(lib_a-memset.o)
                              c:/program files (x86)/atmel/studio/7.0/toolchain/arm/arm-gnu-toolchain/bin/../lib/gcc/arm-none-eabi/6.3.1/../../../../arm-none-eabi/lib/thumb/v7e-m/crt0.o (memset)
c:/program files (x86)/atmel/studio/7.0/toolchain/arm/arm-gnu-toolchain/bin/../lib/gcc/arm-none-eabi/6.3.1/../../../../arm-none-eabi/lib/thumb/v7e-m\libc_nano.a(lib_a-nano-freer.o)
                              c:/program files (x86)/atmel/studio/7.0/toolchain/arm/arm-gnu-toolchain/bin/../lib/gcc/arm-none-eabi/6.3.1/../../../../arm-none-eabi/lib/thumb/v7e-m\libc_nano.a(lib_a-malloc.o) (_free_r)
c:/program files (x86)/atmel/studio/7.0/toolchain/arm/arm-gnu-toolchain/bin/../lib/gcc/arm-none-eabi/6.3.1/../../../../arm-none-eabi/lib/thumb/v7e-m\libc_nano.a(lib_a-nano-mallocr.o)
                              c:/program files (x86)/atmel/studio/7.0/toolchain/arm/arm-gnu-toolchain/bin/../lib/gcc/arm-none-eabi/6.3.1/../../../../arm-none-eabi/lib/thumb/v7e-m\libc_nano.a(lib_a-malloc.o) (_malloc_r)
c:/program files (x86)/atmel/studio/7.0/toolchain/arm/arm-gnu-toolchain/bin/../lib/gcc/arm-none-eabi/6.3.1/../../../../arm-none-eabi/lib/thumb/v7e-m\libc_nano.a(lib_a-printf.o)
                              grid/grid_d51.o (printf)
c:/program files (x86)/atmel/studio/7.0/toolchain/arm/arm-gnu-toolchain/bin/../lib/gcc/arm-none-eabi/6.3.1/../../../../arm-none-eabi/lib/thumb/v7e-m\libc_nano.a(lib_a-puts.o)
                              grid/grid_unittest.o (puts)
[...]
Memory Configuration

Name             Origin             Length             Attributes
rom              0x00004000         0x0007a000         xr
ram              0x20000000         0x00040000         xrw
bkupram          0x47000000         0x00002000         xrw
qspi             0x04000000         0x01000000         xrw
*default*        0x00000000         0xffffffff

Linker script and memory map

LOAD c:/program files (x86)/atmel/studio/7.0/toolchain/arm/arm-gnu-toolchain/bin/../lib/gcc/arm-none-eabi/6.3.1/thumb/v7e-m/crti.o
LOAD c:/program files (x86)/atmel/studio/7.0/toolchain/arm/arm-gnu-toolchain/bin/../lib/gcc/arm-none-eabi/6.3.1/thumb/v7e-m/crtbegin.o
LOAD c:/program files (x86)/atmel/studio/7.0/toolchain/arm/arm-gnu-toolchain/bin/../lib/gcc/arm-none-eabi/6.3.1/../../../../arm-none-eabi/lib/thumb/v7e-m/crt0.o
LOAD atmel_start.o
LOAD Device_Startup/startup_samd51.o
LOAD Device_Startup/system_samd51.o
LOAD driver_init.o
LOAD examples/driver_examples.o
LOAD flash/n25q256a.o
LOAD flash/spi_nor_flash.o
LOAD grid/grid_d51.o
LOAD grid/grid_debug.o
LOAD grid/grid_hardwaretest.o
LOAD grid/grid_unittest.o
LOAD grid/grid_ain.o
LOAD grid/grid_buf.o
LOAD grid/grid_led.o
LOAD grid/grid_module.o
LOAD grid/grid_module_bu16_revb.o
LOAD grid/grid_module_en16_reva.o
LOAD grid/grid_module_pbf4_reva.o
LOAD grid/grid_module_po16_revb.o
LOAD grid/grid_sys.o
LOAD grid/grid_ui.o
LOAD grid/grid_usb.o
LOAD hal/src/hal_adc_async.o
LOAD hal/src/hal_atomic.o
LOAD hal/src/hal_cache.o
LOAD hal/src/hal_crc_sync.o
LOAD hal/src/hal_delay.o
LOAD hal/src/hal_evsys.o
LOAD hal/src/hal_flash.o
LOAD hal/src/hal_gpio.o
LOAD hal/src/hal_i2c_m_async.o
LOAD hal/src/hal_init.o
LOAD hal/src/hal_io.o
LOAD hal/src/hal_qspi_dma.o
LOAD hal/src/hal_sleep.o
LOAD hal/src/hal_spi_m_async.o
LOAD hal/src/hal_spi_m_dma.o
LOAD hal/src/hal_timer.o
LOAD hal/src/hal_usart_async.o
LOAD hal/src/hal_usart_sync.o
LOAD hal/src/hal_usb_device.o
LOAD hal/src/hal_wdt.o
LOAD hal/utils/src/utils_assert.o
LOAD hal/utils/src/utils_event.o
LOAD hal/utils/src/utils_list.o
LOAD hal/utils/src/utils_ringbuffer.o
LOAD hal/utils/src/utils_syscalls.o
LOAD hpl/adc/hpl_adc.o
LOAD hpl/cmcc/hpl_cmcc.o
LOAD hpl/core/hpl_core_m4.o
LOAD hpl/core/hpl_init.o
LOAD hpl/dmac/hpl_dmac.o
LOAD hpl/dsu/hpl_dsu.o
LOAD hpl/evsys/hpl_evsys.o
LOAD hpl/gclk/hpl_gclk.o
LOAD hpl/mclk/hpl_mclk.o
LOAD hpl/nvmctrl/hpl_nvmctrl.o
LOAD hpl/osc32kctrl/hpl_osc32kctrl.o
LOAD hpl/oscctrl/hpl_oscctrl.o
LOAD hpl/pac/hpl_pac.o
LOAD hpl/pm/hpl_pm.o
LOAD hpl/qspi/hpl_qspi.o
LOAD hpl/ramecc/hpl_ramecc.o
LOAD hpl/rtc/hpl_rtc.o
LOAD hpl/sercom/hpl_sercom.o
LOAD hpl/systick/hpl_systick.o
LOAD hpl/tc/hpl_tc.o
LOAD hpl/usb/hpl_usb.o
LOAD hpl/wdt/hpl_wdt.o
LOAD main.o
LOAD stdio_redirect/gcc/read.o
LOAD stdio_redirect/gcc/write.o
LOAD stdio_redirect/stdio_io.o
LOAD stdio_start.o
LOAD usb/class/cdc/device/cdcdf_acm.o
LOAD usb/class/hid/device/hiddf_generic.o
LOAD usb/class/hid/device/hiddf_keyboard.o
LOAD usb/class/hid/device/hiddf_mouse.o
LOAD usb/class/midi/device/audiodf_midi.o
LOAD usb/class/midi/usb_protocol_midi.o
LOAD usb/class/msc/device/mscdf.o
LOAD usb/device/usbdc.o
LOAD usb/usb_protocol.o
LOAD usb_start.o
START GROUP
LOAD c:/program files (x86)/atmel/studio/7.0/toolchain/arm/arm-gnu-toolchain/bin/../lib/gcc/arm-none-eabi/6.3.1/../../../../arm-none-eabi/lib/thumb/v7e-m\libm.a
END GROUP
START GROUP
LOAD c:/program files (x86)/atmel/studio/7.0/toolchain/arm/arm-gnu-toolchain/bin/../lib/gcc/arm-none-eabi/6.3.1/thumb/v7e-m\libgcc.a
LOAD c:/program files (x86)/atmel/studio/7.0/toolchain/arm/arm-gnu-toolchain/bin/../lib/gcc/arm-none-eabi/6.3.1/../../../../arm-none-eabi/lib/thumb/v7e-m\libc_nano.a
END GROUP
START GROUP
LOAD c:/program files (x86)/atmel/studio/7.0/toolchain/arm/arm-gnu-toolchain/bin/../lib/gcc/arm-none-eabi/6.3.1/thumb/v7e-m\libgcc.a
LOAD c:/program files (x86)/atmel/studio/7.0/toolchain/arm/arm-gnu-toolchain/bin/../lib/gcc/arm-none-eabi/6.3.1/../../../../arm-none-eabi/lib/thumb/v7e-m\libc_nano.a
END GROUP
LOAD c:/program files (x86)/atmel/studio/7.0/toolchain/arm/arm-gnu-toolchain/bin/../lib/gcc/arm-none-eabi/6.3.1/thumb/v7e-m/crtend.o
LOAD c:/program files (x86)/atmel/studio/7.0/toolchain/arm/arm-gnu-toolchain/bin/../lib/gcc/arm-none-eabi/6.3.1/thumb/v7e-m/crtn.o
                0x00010000                STACK_SIZE = DEFINED (STACK_SIZE)?STACK_SIZE:DEFINED (__stack_size__)?__stack_size__:0x10000

.text           0x00004000     0xc844
                0x00004000                . = ALIGN (0x4)
                0x00004000                _sfixed = .
 *(.vectors .vectors.*)
 .vectors       0x00004000      0x264 Device_Startup/startup_samd51.o
                0x00004000                exception_table
 *(.text .text.* .gnu.linkonce.t.*)
 .text          0x00004264       0x6c c:/program files (x86)/atmel/studio/7.0/toolchain/arm/arm-gnu-toolchain/bin/../lib/gcc/arm-none-eabi/6.3.1/thumb/v7e-m/crtbegin.o
 .text.atmel_start_init
                0x000042d0       0x20 atmel_start.o
                0x000042d0                atmel_start_init
 .text.Dummy_Handler
                0x000042f0        0x2 Device_Startup/startup_samd51.o
                0x000042f0                EIC_5_Handler
                0x000042f0                SVCall_Handler
                0x000042f0                EIC_13_Handler
                0x000042f0                EVSYS_0_Handler
                0x000042f0                TCC1_3_Handler
                0x000042f0                DAC_3_Handler
                0x000042f0                TRNG_Handler
                0x000042f0                HardFault_Handler
                0x000042f0                PDEC_2_Handler
                0x000042f0                EIC_4_Handler
                0x000042f0                AC_Handler
                0x000042f0                SysTick_Handler
                0x000042f0                TCC2_3_Handler
                0x000042f0                PendSV_Handler
                0x000042f0                TC7_Handler
                0x000042f0                EVSYS_3_Handler
                0x000042f0                PDEC_0_Handler
                0x000042f0                QSPI_Handler
                0x000042f0                NonMaskableInt_Handler
                0x000042f0                TCC0_0_Handler
                0x000042f0                EIC_3_Handler
                0x000042f0                MemManagement_Handler
                0x000042f0                DAC_2_Handler
                0x000042f0                UsageFault_Handler
                0x000042f0                EIC_10_Handler
                0x000042f0                EIC_11_Handler
                0x000042f0                EIC_9_Handler
                0x000042f0                OSC32KCTRL_Handler
                0x000042f0                TCC2_1_Handler
                0x000042f0                SUPC_1_Handler
                0x000042f0                TCC0_5_Handler
                0x000042f0                TCC0_6_Handler
                0x000042f0                EVSYS_1_Handler
                0x000042f0                TCC1_4_Handler
                0x000042f0                TC6_Handler
                0x000042f0                WDT_Handler
                0x000042f0                EIC_8_Handler
                0x000042f0                EIC_15_Handler
                0x000042f0                TC4_Handler
                0x000042f0                OSCCTRL_4_Handler
                0x000042f0                EIC_12_Handler
                0x000042f0                TCC4_2_Handler
                0x000042f0                PAC_Handler
                0x000042f0                TCC1_0_Handler
                0x000042f0                OSCCTRL_0_Handler
                0x000042f0                EIC_0_Handler
                0x000042f0                OSCCTRL_3_Handler
                0x000042f0                Dummy_Handler
                0x000042f0                TCC3_0_Handler
                0x000042f0                TCC2_2_Handler
                0x000042f0                TCC1_1_Handler
                0x000042f0                OSCCTRL_2_Handler
                0x000042f0                TCC1_2_Handler
                0x000042f0                SERCOM7_1_Handler
                0x000042f0                PM_Handler
                0x000042f0                SERCOM2_3_Handler
                0x000042f0                DAC_4_Handler
                0x000042f0                TCC3_2_Handler
                0x000042f0                SERCOM7_0_Handler
                0x000042f0                TCC0_2_Handler
                0x000042f0                TCC4_0_Handler
                0x000042f0                SERCOM7_3_Handler
                0x000042f0                SDHC1_Handler
                0x000042f0                SERCOM7_2_Handler
                0x000042f0                TCC2_0_Handler
                0x000042f0                PDEC_1_Handler
                0x000042f0                TCC4_1_Handler
                0x000042f0                SDHC0_Handler
                0x000042f0                I2S_Handler
                0x000042f0                EIC_2_Handler
                0x000042f0                PCC_Handler
                0x000042f0                DAC_0_Handler
                0x000042f0                TCC0_1_Handler
                0x000042f0                EIC_6_Handler
                0x000042f0                OSCCTRL_1_Handler
                0x000042f0                PUKCC_Handler
                0x000042f0                SERCOM2_1_Handler
                0x000042f0                EIC_1_Handler
                0x000042f0                EVSYS_4_Handler
                0x000042f0                EIC_7_Handler
                0x000042f0                SERCOM2_2_Handler
                0x000042f0                TCC3_1_Handler
                0x000042f0                EIC_14_Handler
                0x000042f0                DAC_1_Handler
                0x000042f0                MCLK_Handler
                0x000042f0                EVSYS_2_Handler
                0x000042f0                SUPC_0_Handler
                0x000042f0                BusFault_Handler
                0x000042f0                FREQM_Handler
                0x000042f0                TCC0_3_Handler
                0x000042f0                DebugMonitor_Handler
                0x000042f0                TCC0_4_Handler
                0x000042f0                TC5_Handler
                0x000042f0                SERCOM2_0_Handler
                0x000042f0                AES_Handler
                0x000042f0                ICM_Handler
 *fill*         0x000042f2        0x2 
 .text.Reset_Handler
                0x000042f4       0x78 Device_Startup/startup_samd51.o
                0x000042f4                Reset_Handler
 .text._gpio_set_pin_function
                0x0000436c       0x68 driver_init.o
 .text.gpio_set_pin_direction
                0x000043d4       0x68 driver_init.o
 .text.ADC_0_init
                0x0000443c       0x80 driver_init.o
                0x0000443c                ADC_0_init
 .text.ADC_1_init
                0x000044bc       0x84 driver_init.o
                0x000044bc                ADC_1_init
 .text.CRC_0_init
                0x00004540       0x24 driver_init.o
                0x00004540                CRC_0_init
 .text.EVENT_SYSTEM_0_init
                0x00004564       0x30 driver_init.o
                0x00004564                EVENT_SYSTEM_0_init
 .text.FLASH_0_CLOCK_init
                0x00004594       0x10 driver_init.o
                0x00004594                FLASH_0_CLOCK_init
 .text.FLASH_0_init
                0x000045a4       0x24 driver_init.o
                0x000045a4                FLASH_0_init
 .text.QSPI_INSTANCE_PORT_init
                0x000045c8       0xdc driver_init.o
                0x000045c8                QSPI_INSTANCE_PORT_init
 .text.QSPI_INSTANCE_CLOCK_init
                0x000046a4       0x20 driver_init.o
                0x000046a4                QSPI_INSTANCE_CLOCK_init
 .text.QSPI_INSTANCE_init
                0x000046c4       0x2c driver_init.o
                0x000046c4                QSPI_INSTANCE_init
 .text.USART_EAST_CLOCK_init
                0x000046f0       0x24 driver_init.o
                0x000046f0                USART_EAST_CLOCK_init
 .text.USART_EAST_PORT_init
                0x00004714       0x24 driver_init.o
                0x00004714                USART_EAST_PORT_init
 .text.USART_EAST_init
                0x00004738       0x38 driver_init.o
                0x00004738                USART_EAST_init
 .text.USART_NORTH_CLOCK_init
                0x00004770       0x24 driver_init.o
                0x00004770                USART_NORTH_CLOCK_init
 .text.USART_NORTH_PORT_init
                0x00004794       0x24 driver_init.o
                0x00004794                USART_NORTH_PORT_init
 .text.USART_NORTH_init
                0x000047b8       0x38 driver_init.o
                0x000047b8                USART_NORTH_init
 .text.GRID_AUX_PORT_init
                0x000047f0       0x24 driver_init.o
                0x000047f0                GRID_AUX_PORT_init
 .text.GRID_AUX_CLOCK_init
                0x00004814       0x24 driver_init.o
                0x00004814                GRID_AUX_CLOCK_init
 .text.GRID_AUX_init
                0x00004838       0x2c driver_init.o
                0x00004838                GRID_AUX_init
 .text.UI_SPI_PORT_init
                0x00004864       0x68 driver_init.o
                0x00004864                UI_SPI_PORT_init
 .text.UI_SPI_CLOCK_init
                0x000048cc       0x24 driver_init.o
                0x000048cc                UI_SPI_CLOCK_init
 .text.UI_SPI_init
                0x000048f0       0x2c driver_init.o
                0x000048f0                UI_SPI_init
 .text.USART_WEST_CLOCK_init
                0x0000491c       0x24 driver_init.o
                0x0000491c                USART_WEST_CLOCK_init
 .text.USART_WEST_PORT_init
                0x00004940       0x24 driver_init.o
                0x00004940                USART_WEST_PORT_init
 .text.USART_WEST_init
                0x00004964       0x38 driver_init.o
                0x00004964                USART_WEST_init
 .text.SYS_I2C_PORT_init
                0x0000499c       0x40 driver_init.o
                0x0000499c                SYS_I2C_PORT_init
 .text.SYS_I2C_CLOCK_init
                0x000049dc       0x24 driver_init.o
                0x000049dc                SYS_I2C_CLOCK_init
 .text.SYS_I2C_init
                0x00004a00       0x2c driver_init.o
                0x00004a00                SYS_I2C_init
 .text.USART_SOUTH_CLOCK_init
                0x00004a2c       0x24 driver_init.o
                0x00004a2c                USART_SOUTH_CLOCK_init
 .text.USART_SOUTH_PORT_init
                0x00004a50       0x24 driver_init.o
                0x00004a50                USART_SOUTH_PORT_init
 .text.USART_SOUTH_init
                0x00004a74       0x38 driver_init.o
                0x00004a74                USART_SOUTH_init
 .text.GRID_LED_PORT_init
                0x00004aac       0x68 driver_init.o
                0x00004aac                GRID_LED_PORT_init
 .text.GRID_LED_CLOCK_init
                0x00004b14       0x24 driver_init.o
                0x00004b14                GRID_LED_CLOCK_init
 .text.GRID_LED_init
                0x00004b38       0x2c driver_init.o
                0x00004b38                GRID_LED_init
 .text.delay_driver_init
                0x00004b64       0x10 driver_init.o
                0x00004b64                delay_driver_init
 .text.USB_DEVICE_INSTANCE_PORT_init
                0x00004b74       0x60 driver_init.o
                0x00004b74                USB_DEVICE_INSTANCE_PORT_init
 .text.USB_DEVICE_INSTANCE_CLOCK_init
                0x00004bd4       0x24 driver_init.o
                0x00004bd4                USB_DEVICE_INSTANCE_CLOCK_init
 .text.USB_DEVICE_INSTANCE_init
                0x00004bf8       0x20 driver_init.o
                0x00004bf8                USB_DEVICE_INSTANCE_init
 .text.WDT_0_CLOCK_init
                0x00004c18       0x10 driver_init.o
                0x00004c18                WDT_0_CLOCK_init
 .text.WDT_0_init
                0x00004c28       0x24 driver_init.o
                0x00004c28                WDT_0_init
 .text.system_init
                0x00004c4c      0x2a8 driver_init.o
                0x00004c4c                system_init
 .text.grid_d51_bitmap_write_bit
                0x00004ef4       0x3a grid/grid_d51.o
                0x00004ef4                grid_d51_bitmap_write_bit
 *fill*         0x00004f2e        0x2 
 .text.grid_d51_verify_user_row
                0x00004f30      0x198 grid/grid_d51.o
                0x00004f30                grid_d51_verify_user_row
 .text.grid_d51_init
                0x000050c8       0x4c grid/grid_d51.o
                0x000050c8                grid_d51_init
 .text.grid_ain_channel_init
                0x00005114       0x34 grid/grid_ain.o
                0x00005114                grid_ain_channel_init
 .text.grid_ain_init
                0x00005148       0x44 grid/grid_ain.o
                0x00005148                grid_ain_init
 .text.grid_ain_add_sample
                0x0000518c       0xd0 grid/grid_ain.o
                0x0000518c                grid_ain_add_sample
 .text.grid_ain_get_changed
                0x0000525c       0x10 grid/grid_ain.o
                0x0000525c                grid_ain_get_changed
 .text.grid_ain_get_average
                0x0000526c       0x28 grid/grid_ain.o
                0x0000526c                grid_ain_get_average
 .text.grid_buffer_init
                0x00005294       0x44 grid/grid_buf.o
                0x00005294                grid_buffer_init
 .text.grid_buffer_write_size
                0x000052d8       0x14 grid/grid_buf.o
                0x000052d8                grid_buffer_write_size
 .text.grid_buffer_write_init
                0x000052ec       0x2c grid/grid_buf.o
                0x000052ec                grid_buffer_write_init
 .text.grid_buffer_write_character
                0x00005318       0x1c grid/grid_buf.o
                0x00005318                grid_buffer_write_character
 .text.grid_buffer_write_acknowledge
                0x00005334       0x10 grid/grid_buf.o
                0x00005334                grid_buffer_write_acknowledge
 .text.grid_buffer_read_size
                0x00005344       0x4c grid/grid_buf.o
                0x00005344                grid_buffer_read_size
 .text.grid_buffer_read_init
                0x00005390       0x5c grid/grid_buf.o
                0x00005390                grid_buffer_read_init
 .text.grid_buffer_read_character
                0x000053ec       0x24 grid/grid_buf.o
                0x000053ec                grid_buffer_read_character
 .text.grid_buffer_read_acknowledge
                0x00005410       0x10 grid/grid_buf.o
                0x00005410                grid_buffer_read_acknowledge
 .text.grid_port_init
                0x00005420       0xd8 grid/grid_buf.o
                0x00005420                grid_port_init
 .text.grid_port_init_all
                0x000054f8       0xf4 grid/grid_buf.o
                0x000054f8                grid_port_init_all
 .text.grid_port_process_inbound
                0x000055ec      0x1ac grid/grid_buf.o
                0x000055ec                grid_port_process_inbound
 .text.grid_port_process_outbound_usb
                0x00005798      0x234 grid/grid_buf.o
                0x00005798                grid_port_process_outbound_usb
 .text.grid_port_process_outbound_ui
                0x000059cc      0x1d4 grid/grid_buf.o
                0x000059cc                grid_port_process_outbound_ui
 .text.grid_port_process_outbound_usart
                0x00005ba0       0x70 grid/grid_buf.o
                0x00005ba0                grid_port_process_outbound_usart
 .text.grid_led_hardware_transfer_complete_cb
                0x00005c10        0xc grid/grid_led.o
 .text.grid_led_set_color
                0x00005c1c       0x4c grid/grid_led.o
                0x00005c1c                grid_led_set_color
 .text.grid_led_hardware_init
                0x00005c68       0x2c grid/grid_led.o
                0x00005c68                grid_led_hardware_init
 .text.grid_led_get_led_number
                0x00005c94        0x4 grid/grid_led.o
                0x00005c94                grid_led_get_led_number
 .text.grid_led_tick
                0x00005c98       0x34 grid/grid_led.o
                0x00005c98                grid_led_tick
 .text.grid_led_set_min
                0x00005ccc       0x20 grid/grid_led.o
                0x00005ccc                grid_led_set_min
 .text.grid_led_set_mid
                0x00005cec       0x20 grid/grid_led.o
                0x00005cec                grid_led_set_mid
 .text.grid_led_set_max
                0x00005d0c       0x20 grid/grid_led.o
                0x00005d0c                grid_led_set_max
 .text.grid_led_set_phase
                0x00005d2c       0x14 grid/grid_led.o
                0x00005d2c                grid_led_set_phase
 .text.grid_led_set_frequency
                0x00005d40       0x14 grid/grid_led.o
                0x00005d40                grid_led_set_frequency
 .text.grid_led_buffer_init
                0x00005d54      0x16c grid/grid_led.o
                0x00005d54                grid_led_buffer_init
 .text.grid_led_init
                0x00005ec0       0xb0 grid/grid_led.o
                0x00005ec0                grid_led_init
 .text.grid_led_render
                0x00005f70       0xb0 grid/grid_led.o
                0x00005f70                grid_led_render
 .text.grid_led_render_all
                0x00006020       0x20 grid/grid_led.o
                0x00006020                grid_led_render_all
 .text.grid_led_hardware_start_transfer
                0x00006040       0x30 grid/grid_led.o
                0x00006040                grid_led_hardware_start_transfer
 .text.grid_module_common_init
                0x00006070       0xcc grid/grid_module.o
                0x00006070                grid_module_common_init
 .text.grid_module_bu16_revb_hardware_start_transfer
                0x0000613c       0x20 grid/grid_module_bu16_revb.o
                0x0000613c                grid_module_bu16_revb_hardware_start_transfer
 .text.grid_module_bu16_revb_hardware_transfer_complete_cb
                0x0000615c      0x260 grid/grid_module_bu16_revb.o
 .text.grid_module_bu16_revb_hardware_init
                0x000063bc       0x48 grid/grid_module_bu16_revb.o
                0x000063bc                grid_module_bu16_revb_hardware_init
 .text.grid_module_bu16_revb_init
                0x00006404      0x13c grid/grid_module_bu16_revb.o
                0x00006404                grid_module_bu16_revb_init
 .text.grid_module_en16_reva_hardware_start_transfer
                0x00006540       0x3c grid/grid_module_en16_reva.o
                0x00006540                grid_module_en16_reva_hardware_start_transfer
 *fill*         0x0000657c        0x4 
 .text.grid_module_en16_reva_hardware_transfer_complete_cb
                0x00006580      0x340 grid/grid_module_en16_reva.o
                0x00006580                grid_module_en16_reva_hardware_transfer_complete_cb
 .text.grid_module_en16_reva_hardware_init
                0x000068c0       0x68 grid/grid_module_en16_reva.o
                0x000068c0                grid_module_en16_reva_hardware_init
 .text.grid_module_en16_reva_init
                0x00006928      0x160 grid/grid_module_en16_reva.o
                0x00006928                grid_module_en16_reva_init
 .text.grid_module_pbf4_reva_hardware_start_transfer
                0x00006a88       0x20 grid/grid_module_pbf4_reva.o
                0x00006a88                grid_module_pbf4_reva_hardware_start_transfer
 .text.grid_module_pbf4_reva_hardware_transfer_complete_cb
                0x00006aa8      0x42c grid/grid_module_pbf4_reva.o
                0x00006aa8                grid_module_pbf4_reva_hardware_transfer_complete_cb
 .text.grid_module_pbf4_reva_hardware_init
                0x00006ed4       0x48 grid/grid_module_pbf4_reva.o
                0x00006ed4                grid_module_pbf4_reva_hardware_init
 .text.grid_module_pbf4_reva_init
                0x00006f1c      0x128 grid/grid_module_pbf4_reva.o
                0x00006f1c                grid_module_pbf4_reva_init
 .text.grid_module_po16_revb_hardware_start_transfer
                0x00007044       0x20 grid/grid_module_po16_revb.o
                0x00007044                grid_module_po16_revb_hardware_start_transfer
 *fill*         0x00007064        0x4 
 .text.grid_module_po16_revb_hardware_transfer_complete_cb
                0x00007068      0x290 grid/grid_module_po16_revb.o
 .text.grid_module_po16_revb_hardware_init
                0x000072f8       0x48 grid/grid_module_po16_revb.o
                0x000072f8                grid_module_po16_revb_hardware_init
 .text.grid_module_po16_revb_init
                0x00007340      0x120 grid/grid_module_po16_revb.o
                0x00007340                grid_module_po16_revb_init
 .text.gpio_set_pin_pull_mode.constprop.2
                0x00007460       0x28 grid/grid_sys.o
 .text.tx_cb_USART_GRID
                0x00007488       0x1a grid/grid_sys.o
                0x00007488                tx_cb_USART_GRID
 *fill*         0x000074a2        0x2 
 .text.tx_cb_USART_GRID_W
                0x000074a4       0x10 grid/grid_sys.o
 .text.tx_cb_USART_GRID_S
                0x000074b4       0x10 grid/grid_sys.o
 .text.tx_cb_USART_GRID_E
                0x000074c4       0x10 grid/grid_sys.o
 .text.tx_cb_USART_GRID_N
                0x000074d4       0x10 grid/grid_sys.o
 .text.err_cb_USART_GRID
                0x000074e4       0x10 grid/grid_sys.o
                0x000074e4                err_cb_USART_GRID
 .text.err_cb_USART_GRID_W
                0x000074f4       0x10 grid/grid_sys.o
 .text.err_cb_USART_GRID_S
                0x00007504       0x10 grid/grid_sys.o
 .text.err_cb_USART_GRID_E
                0x00007514       0x10 grid/grid_sys.o
 .text.err_cb_USART_GRID_N
                0x00007524       0x10 grid/grid_sys.o
 .text.grid_sys_port_reset_dma
                0x00007534       0x20 grid/grid_sys.o
                0x00007534                grid_sys_port_reset_dma
 .text.dma_transfer_complete_n_cb
                0x00007554       0x10 grid/grid_sys.o
                0x00007554                dma_transfer_complete_n_cb
 .text.dma_transfer_complete_e_cb
                0x00007564       0x10 grid/grid_sys.o
                0x00007564                dma_transfer_complete_e_cb
 .text.dma_transfer_complete_s_cb
                0x00007574       0x10 grid/grid_sys.o
                0x00007574                dma_transfer_complete_s_cb
 .text.dma_transfer_complete_w_cb
                0x00007584       0x10 grid/grid_sys.o
                0x00007584                dma_transfer_complete_w_cb
 .text.grid_sys_uart_init
                0x00007594      0x104 grid/grid_sys.o
                0x00007594                grid_sys_uart_init
 .text.grid_sys_dma_rx_init_one
                0x00007698       0x64 grid/grid_sys.o
                0x00007698                grid_sys_dma_rx_init_one
 .text.grid_sys_dma_rx_init
                0x000076fc       0x6c grid/grid_sys.o
                0x000076fc                grid_sys_dma_rx_init
 .text.grid_sys_get_bank
                0x00007768        0x4 grid/grid_sys.o
                0x00007768                grid_sys_get_bank
 .text.grid_sys_rtc_get_time
                0x0000776c        0x4 grid/grid_sys.o
                0x0000776c                grid_sys_rtc_get_time
 .text.grid_sys_rtc_get_elapsed_time
                0x00007770        0x6 grid/grid_sys.o
                0x00007770                grid_sys_rtc_get_elapsed_time
 .text.grid_sys_rtc_tick_time
                0x00007776        0x8 grid/grid_sys.o
                0x00007776                grid_sys_rtc_tick_time
 .text.grid_sys_alert_read_color_changed_flag
                0x0000777e        0x4 grid/grid_sys.o
                0x0000777e                grid_sys_alert_read_color_changed_flag
 .text.grid_sys_alert_clear_color_changed_flag
                0x00007782        0x6 grid/grid_sys.o
                0x00007782                grid_sys_alert_clear_color_changed_flag
 .text.grid_sys_alert_get_color_intensity
                0x00007788       0x42 grid/grid_sys.o
                0x00007788                grid_sys_alert_get_color_intensity
 .text.grid_sys_alert_set_alert
                0x000077ca       0x1a grid/grid_sys.o
                0x000077ca                grid_sys_alert_set_alert
 .text.grid_sys_alert_get_color_r
                0x000077e4        0x4 grid/grid_sys.o
                0x000077e4                grid_sys_alert_get_color_r
 .text.grid_sys_alert_get_color_g
                0x000077e8        0x4 grid/grid_sys.o
                0x000077e8                grid_sys_alert_get_color_g
 .text.grid_sys_alert_get_color_b
                0x000077ec        0x4 grid/grid_sys.o
                0x000077ec                grid_sys_alert_get_color_b
 .text.grid_sys_read_hex_char_value
                0x000077f0       0x28 grid/grid_sys.o
                0x000077f0                grid_sys_read_hex_char_value
 .text.grid_sys_read_hex_string_value
                0x00007818       0x30 grid/grid_sys.o
                0x00007818                grid_sys_read_hex_string_value
 .text.grid_sys_write_hex_string_value
                0x00007848       0x34 grid/grid_sys.o
                0x00007848                grid_sys_write_hex_string_value
 .text.grid_sys_get_hwcfg
                0x0000787c       0xe4 grid/grid_sys.o
                0x0000787c                grid_sys_get_hwcfg
 .text.grid_sys_set_bank
                0x00007960      0x16c grid/grid_sys.o
                0x00007960                grid_sys_set_bank
 .text.grid_sys_init
                0x00007acc       0x50 grid/grid_sys.o
                0x00007acc                grid_sys_init
 .text.grid_msg_checksum_calculate
                0x00007b1c       0x1a grid/grid_sys.o
                0x00007b1c                grid_msg_checksum_calculate
 *fill*         0x00007b36        0x2 
 .text.grid_msg_checksum_read
                0x00007b38       0x1c grid/grid_sys.o
                0x00007b38                grid_msg_checksum_read
 .text.grid_msg_checksum_write
                0x00007b54       0x10 grid/grid_sys.o
                0x00007b54                grid_msg_checksum_write
 .text.grid_msg_get_parameter
                0x00007b64       0x18 grid/grid_sys.o
                0x00007b64                grid_msg_get_parameter
 .text.grid_msg_set_parameter
                0x00007b7c       0x14 grid/grid_sys.o
                0x00007b7c                grid_msg_set_parameter
 .text.grid_msg_find_recent
                0x00007b90       0x1a grid/grid_sys.o
                0x00007b90                grid_msg_find_recent
 .text.grid_msg_push_recent
                0x00007baa       0x16 grid/grid_sys.o
                0x00007baa                grid_msg_push_recent
 .text.grid_ui_model_init
                0x00007bc0       0x20 grid/grid_ui.o
                0x00007bc0                grid_ui_model_init
 .text.grid_report_init
                0x00007be0       0x84 grid/grid_ui.o
                0x00007be0                grid_report_init
 .text.grid_report_ui_init
                0x00007c64       0x18 grid/grid_ui.o
                0x00007c64                grid_report_ui_init
 .text.grid_report_sys_init
                0x00007c7c      0x26c grid/grid_ui.o
                0x00007c7c                grid_report_sys_init
 .text.grid_report_render
                0x00007ee8       0x20 grid/grid_ui.o
                0x00007ee8                grid_report_render
 .text.grid_report_debug_text_append
                0x00007f08       0x8c grid/grid_ui.o
                0x00007f08                grid_report_debug_text_append
 .text.grid_report_ui_set_changed_flag
                0x00007f94        0xe grid/grid_ui.o
                0x00007f94                grid_report_ui_set_changed_flag
 .text.grid_report_sys_set_changed_flag
                0x00007fa2        0xa grid/grid_ui.o
                0x00007fa2                grid_report_sys_set_changed_flag
 .text.grid_report_sys_clear_changed_flag
                0x00007fac        0xa grid/grid_ui.o
                0x00007fac                grid_report_sys_clear_changed_flag
 *fill*         0x00007fb6        0x2 
 .text.grid_port_process_ui
                0x00007fb8      0x4d8 grid/grid_ui.o
                0x00007fb8                grid_port_process_ui
 .text.grid_usb_serial_bulkin_cb
                0x00008490        0x4 grid/grid_usb.o
 .text.grid_usb_serial_statechange_cb
                0x00008494       0x28 grid/grid_usb.o
 .text.grid_usb_serial_bulkout_cb
                0x000084bc        0x4 grid/grid_usb.o
 .text.grid_usb_serial_init
                0x000084c0       0x10 grid/grid_usb.o
                0x000084c0                grid_usb_serial_init
 .text.adc_async_window_threshold_reached
                0x000084d0        0x8 hal/src/hal_adc_async.o
 .text.adc_async_error_occured
                0x000084d8        0x8 hal/src/hal_adc_async.o
 .text.adc_async_channel_conversion_done
                0x000084e0       0x68 hal/src/hal_adc_async.o
 .text.adc_async_init
                0x00008548       0x4c hal/src/hal_adc_async.o
                0x00008548                adc_async_init
 .text.adc_async_register_channel_buffer
                0x00008594       0x6c hal/src/hal_adc_async.o
                0x00008594                adc_async_register_channel_buffer
 .text.adc_async_enable_channel
                0x00008600       0x10 hal/src/hal_adc_async.o
                0x00008600                adc_async_enable_channel
 .text.adc_async_register_callback
                0x00008610       0x3c hal/src/hal_adc_async.o
                0x00008610                adc_async_register_callback
 .text.adc_async_read_channel
                0x0000864c       0x74 hal/src/hal_adc_async.o
                0x0000864c                adc_async_read_channel
 .text.adc_async_start_conversion
                0x000086c0       0x10 hal/src/hal_adc_async.o
                0x000086c0                adc_async_start_conversion
 .text.atomic_enter_critical
                0x000086d0        0xe hal/src/hal_atomic.o
                0x000086d0                atomic_enter_critical
 .text.atomic_leave_critical
                0x000086de        0xc hal/src/hal_atomic.o
                0x000086de                atomic_leave_critical
 *fill*         0x000086ea        0x2 
 .text.crc_sync_init
                0x000086ec        0x8 hal/src/hal_crc_sync.o
                0x000086ec                crc_sync_init
 .text.delay_init
                0x000086f4       0x10 hal/src/hal_delay.o
                0x000086f4                delay_init
 .text.delay_us
                0x00008704       0x24 hal/src/hal_delay.o
                0x00008704                delay_us
 .text.delay_ms
                0x00008728       0x24 hal/src/hal_delay.o
                0x00008728                delay_ms
 .text.event_system_init
                0x0000874c        0x8 hal/src/hal_evsys.o
                0x0000874c                event_system_init
 .text.flash_ready
                0x00008754        0x8 hal/src/hal_flash.o
 .text.flash_error
                0x0000875c        0x8 hal/src/hal_flash.o
 .text.flash_init
                0x00008764       0x20 hal/src/hal_flash.o
                0x00008764                flash_init
 .text.i2c_m_async_write
                0x00008784       0x2c hal/src/hal_i2c_m_async.o
 .text.i2c_m_async_read
                0x000087b0       0x2c hal/src/hal_i2c_m_async.o
 .text.i2c_tx_complete
                0x000087dc        0xe hal/src/hal_i2c_m_async.o
 .text.i2c_rx_complete
                0x000087ea        0xe hal/src/hal_i2c_m_async.o
 .text.i2c_error
                0x000087f8        0xe hal/src/hal_i2c_m_async.o
 *fill*         0x00008806        0x2 
 .text.i2c_m_async_init
                0x00008808       0x50 hal/src/hal_i2c_m_async.o
                0x00008808                i2c_m_async_init
 .text.io_write
                0x00008858        0x4 hal/src/hal_io.o
                0x00008858                io_write
 .text.io_read  0x0000885c        0x4 hal/src/hal_io.o
                0x0000885c                io_read
 .text.qspi_dma_init
                0x00008860        0x8 hal/src/hal_qspi_dma.o
                0x00008860                qspi_dma_init
 .text._spi_m_async_io_write
                0x00008868       0x20 hal/src/hal_spi_m_async.o
 .text._spi_m_async_io_read
                0x00008888       0x34 hal/src/hal_spi_m_async.o
 .text._spi_dev_error
                0x000088bc       0x40 hal/src/hal_spi_m_async.o
 .text._spi_dev_complete
                0x000088fc       0x2c hal/src/hal_spi_m_async.o
 .text._spi_dev_rx
                0x00008928       0x7c hal/src/hal_spi_m_async.o
 .text._spi_dev_tx
                0x000089a4       0x48 hal/src/hal_spi_m_async.o
 .text.spi_m_async_init
                0x000089ec       0x64 hal/src/hal_spi_m_async.o
                0x000089ec                spi_m_async_init
 .text.spi_m_async_enable
                0x00008a50        0xc hal/src/hal_spi_m_async.o
                0x00008a50                spi_m_async_enable
 .text.spi_m_async_set_baudrate
                0x00008a5c       0x18 hal/src/hal_spi_m_async.o
                0x00008a5c                spi_m_async_set_baudrate
 .text.spi_m_async_set_mode
                0x00008a74       0x18 hal/src/hal_spi_m_async.o
                0x00008a74                spi_m_async_set_mode
 .text.spi_m_async_transfer
                0x00008a8c       0x48 hal/src/hal_spi_m_async.o
                0x00008a8c                spi_m_async_transfer
 .text.spi_m_async_register_callback
                0x00008ad4       0x1c hal/src/hal_spi_m_async.o
                0x00008ad4                spi_m_async_register_callback
 .text.spi_m_async_get_io_descriptor
                0x00008af0        0x8 hal/src/hal_spi_m_async.o
                0x00008af0                spi_m_async_get_io_descriptor
 .text._spi_m_dma_io_write
                0x00008af8       0x18 hal/src/hal_spi_m_dma.o
 .text._spi_m_dma_io_read
                0x00008b10       0x18 hal/src/hal_spi_m_dma.o
 .text.spi_m_dma_init
                0x00008b28       0x24 hal/src/hal_spi_m_dma.o
                0x00008b28                spi_m_dma_init
 .text.spi_m_dma_enable
                0x00008b4c        0xc hal/src/hal_spi_m_dma.o
                0x00008b4c                spi_m_dma_enable
 .text.spi_m_dma_register_callback
                0x00008b58        0xc hal/src/hal_spi_m_dma.o
                0x00008b58                spi_m_dma_register_callback
 .text.spi_m_dma_get_io_descriptor
                0x00008b64        0x8 hal/src/hal_spi_m_dma.o
                0x00008b64                spi_m_dma_get_io_descriptor
 .text.timer_add_timer_task
                0x00008b6c       0x4c hal/src/hal_timer.o
 .text.timer_process_counted
                0x00008bb8       0x6c hal/src/hal_timer.o
 .text.timer_init
                0x00008c24       0x1c hal/src/hal_timer.o
                0x00008c24                timer_init
 .text.timer_start
                0x00008c40       0x24 hal/src/hal_timer.o
                0x00008c40                timer_start
 .text.timer_add_task
                0x00008c64       0x78 hal/src/hal_timer.o
                0x00008c64                timer_add_task
 .text.usart_transmission_complete
                0x00008cdc       0x10 hal/src/hal_usart_async.o
 .text.usart_error
                0x00008cec       0x10 hal/src/hal_usart_async.o
 .text.usart_fill_rx_buffer
                0x00008cfc       0x20 hal/src/hal_usart_async.o
 .text.usart_async_write
                0x00008d1c       0x34 hal/src/hal_usart_async.o
 .text.usart_process_byte_sent
                0x00008d50       0x34 hal/src/hal_usart_async.o
 .text.usart_async_read
                0x00008d84       0x54 hal/src/hal_usart_async.o
 .text.usart_async_init
                0x00008dd8       0x60 hal/src/hal_usart_async.o
                0x00008dd8                usart_async_init
 .text.usart_async_enable
                0x00008e38       0x10 hal/src/hal_usart_async.o
                0x00008e38                usart_async_enable
 .text.usart_async_disable
                0x00008e48       0x10 hal/src/hal_usart_async.o
                0x00008e48                usart_async_disable
 .text.usart_async_get_io_descriptor
                0x00008e58        0x6 hal/src/hal_usart_async.o
                0x00008e58                usart_async_get_io_descriptor
 *fill*         0x00008e5e        0x2 
 .text.usart_async_register_callback
                0x00008e60       0x44 hal/src/hal_usart_async.o
                0x00008e60                usart_async_register_callback
 .text.usart_async_set_parity
                0x00008ea4       0x10 hal/src/hal_usart_async.o
                0x00008ea4                usart_async_set_parity
 .text.usart_sync_write
                0x00008eb4       0x50 hal/src/hal_usart_sync.o
 .text.usart_sync_read
                0x00008f04       0x38 hal/src/hal_usart_sync.o
 .text.usart_sync_init
                0x00008f3c       0x24 hal/src/hal_usart_sync.o
                0x00008f3c                usart_sync_init
 .text.usart_sync_enable
                0x00008f60       0x10 hal/src/hal_usart_sync.o
                0x00008f60                usart_sync_enable
 .text._usb_d_find_ep
                0x00008f70       0x30 hal/src/hal_usb_device.o
 .text.usb_d_dummy_cb_false
                0x00008fa0        0x4 hal/src/hal_usb_device.o
 .text.usb_d_cb_trans_more
                0x00008fa4       0x30 hal/src/hal_usb_device.o
 .text._usb_d_cb_trans_done
                0x00008fd4      0x108 hal/src/hal_usb_device.o
 .text.usb_d_cb_trans_setup
                0x000090dc       0x8c hal/src/hal_usb_device.o
 .text.usb_d_init
                0x00009168       0x68 hal/src/hal_usb_device.o
                0x00009168                usb_d_init
 .text.usb_d_register_callback
                0x000091d0        0x8 hal/src/hal_usb_device.o
                0x000091d0                usb_d_register_callback
 .text.usb_d_enable
                0x000091d8        0x8 hal/src/hal_usb_device.o
                0x000091d8                usb_d_enable
 .text.usb_d_attach
                0x000091e0        0x8 hal/src/hal_usb_device.o
                0x000091e0                usb_d_attach
 .text.usb_d_get_frame_num
                0x000091e8        0x8 hal/src/hal_usb_device.o
                0x000091e8                usb_d_get_frame_num
 .text.usb_d_set_address
                0x000091f0        0x8 hal/src/hal_usb_device.o
                0x000091f0                usb_d_set_address
 .text.usb_d_ep_init
                0x000091f8       0x50 hal/src/hal_usb_device.o
                0x000091f8                usb_d_ep_init
 .text.usb_d_ep0_init
                0x00009248       0x10 hal/src/hal_usb_device.o
                0x00009248                usb_d_ep0_init
 .text.usb_d_ep_deinit
                0x00009258       0x2c hal/src/hal_usb_device.o
                0x00009258                usb_d_ep_deinit
 .text.usb_d_ep_enable
                0x00009284       0x40 hal/src/hal_usb_device.o
                0x00009284                usb_d_ep_enable
 .text.usb_d_ep_transfer
                0x000092c4       0xf8 hal/src/hal_usb_device.o
                0x000092c4                usb_d_ep_transfer
 .text.usb_d_ep_halt
                0x000093bc       0x64 hal/src/hal_usb_device.o
                0x000093bc                usb_d_ep_halt
 .text.usb_d_ep_register_callback
                0x00009420       0x4c hal/src/hal_usb_device.o
                0x00009420                usb_d_ep_register_callback
 .text.is_list_element
                0x0000946c        0xe hal/utils/src/utils_list.o
                0x0000946c                is_list_element
 .text.list_insert_as_head
                0x0000947a        0x8 hal/utils/src/utils_list.o
                0x0000947a                list_insert_as_head
 .text.list_insert_after
                0x00009482        0x8 hal/utils/src/utils_list.o
                0x00009482                list_insert_after
 .text.list_insert_at_end
                0x0000948a       0x18 hal/utils/src/utils_list.o
                0x0000948a                list_insert_at_end
 .text.list_remove_head
                0x000094a2        0xc hal/utils/src/utils_list.o
                0x000094a2                list_remove_head
 .text.ringbuffer_init
                0x000094ae       0x18 hal/utils/src/utils_ringbuffer.o
                0x000094ae                ringbuffer_init
 .text.ringbuffer_get
                0x000094c6       0x22 hal/utils/src/utils_ringbuffer.o
                0x000094c6                ringbuffer_get
 .text.ringbuffer_put
                0x000094e8       0x26 hal/utils/src/utils_ringbuffer.o
                0x000094e8                ringbuffer_put
 .text.ringbuffer_num
                0x0000950e        0x8 hal/utils/src/utils_ringbuffer.o
                0x0000950e                ringbuffer_num
 *fill*         0x00009516        0x2 
 .text._sbrk    0x00009518       0x1c hal/utils/src/utils_syscalls.o
                0x00009518                _sbrk
 .text._close   0x00009534        0x6 hal/utils/src/utils_syscalls.o
                0x00009534                _close
 .text._fstat   0x0000953a        0xa hal/utils/src/utils_syscalls.o
                0x0000953a                _fstat
 .text._isatty  0x00009544        0x4 hal/utils/src/utils_syscalls.o
                0x00009544                _isatty
 .text._lseek   0x00009548        0x4 hal/utils/src/utils_syscalls.o
                0x00009548                _lseek
 .text.__NVIC_DisableIRQ
                0x0000954c       0x28 hpl/adc/hpl_adc.o
 .text.__NVIC_ClearPendingIRQ
                0x00009574       0x20 hpl/adc/hpl_adc.o
 .text.hri_adc_wait_for_sync
                0x00009594        0x8 hpl/adc/hpl_adc.o
 .text.hri_adc_set_CTRLA_ENABLE_bit
                0x0000959c       0x14 hpl/adc/hpl_adc.o
 .text.hri_adc_clear_CTRLA_ENABLE_bit
                0x000095b0       0x18 hpl/adc/hpl_adc.o
 .text._adc_get_regs
                0x000095c8       0x14 hpl/adc/hpl_adc.o
 .text._adc_interrupt_handler
                0x000095dc       0x4e hpl/adc/hpl_adc.o
 .text._adc_get_irq_num.isra.0
                0x0000962a       0x14 hpl/adc/hpl_adc.o
 *fill*         0x0000963e        0x2 
 .text._adc_init
                0x00009640       0xc8 hpl/adc/hpl_adc.o
 .text._adc_async_init
                0x00009708       0xb4 hpl/adc/hpl_adc.o
                0x00009708                _adc_async_init
 .text._adc_async_enable_channel
                0x000097bc        0xc hpl/adc/hpl_adc.o
                0x000097bc                _adc_async_enable_channel
 .text._adc_async_get_data_size
                0x000097c8       0x12 hpl/adc/hpl_adc.o
                0x000097c8                _adc_async_get_data_size
 *fill*         0x000097da        0x2 
 .text._adc_async_convert
                0x000097dc       0x18 hpl/adc/hpl_adc.o
                0x000097dc                _adc_async_convert
 .text._adc_async_set_irq_state
                0x000097f4       0x20 hpl/adc/hpl_adc.o
                0x000097f4                _adc_async_set_irq_state
 .text.ADC0_1_Handler
                0x00009814       0x10 hpl/adc/hpl_adc.o
                0x00009814                ADC0_1_Handler
 .text.ADC0_0_Handler
                0x00009824        0x8 hpl/adc/hpl_adc.o
                0x00009824                ADC0_0_Handler
 .text.ADC1_1_Handler
                0x0000982c       0x10 hpl/adc/hpl_adc.o
                0x0000982c                ADC1_1_Handler
 .text.ADC1_0_Handler
                0x0000983c        0x8 hpl/adc/hpl_adc.o
                0x0000983c                ADC1_0_Handler
 .text._irq_set
                0x00009844       0x1c hpl/core/hpl_core_m4.o
                0x00009844                _irq_set
 .text._get_cycles_for_us
                0x00009860        0x6 hpl/core/hpl_core_m4.o
                0x00009860                _get_cycles_for_us
 *fill*         0x00009866        0x2 
 .text._get_cycles_for_ms
                0x00009868        0xc hpl/core/hpl_core_m4.o
                0x00009868                _get_cycles_for_ms
 .text._init_chip
                0x00009874       0x5c hpl/core/hpl_init.o
                0x00009874                _init_chip
 .text._dmac_handler
                0x000098d0       0x50 hpl/dmac/hpl_dmac.o
 .text._dma_init
                0x00009920       0xd0 hpl/dmac/hpl_dmac.o
                0x00009920                _dma_init
 .text._dma_set_irq_state
                0x000099f0       0x28 hpl/dmac/hpl_dmac.o
                0x000099f0                _dma_set_irq_state
 .text._dma_set_destination_address
                0x00009a18       0x10 hpl/dmac/hpl_dmac.o
                0x00009a18                _dma_set_destination_address
 .text._dma_set_source_address
                0x00009a28       0x10 hpl/dmac/hpl_dmac.o
                0x00009a28                _dma_set_source_address
 .text._dma_srcinc_enable
                0x00009a38       0x1c hpl/dmac/hpl_dmac.o
                0x00009a38                _dma_srcinc_enable
 .text._dma_set_data_amount
                0x00009a54       0x44 hpl/dmac/hpl_dmac.o
                0x00009a54                _dma_set_data_amount
 .text._dma_enable_transaction
                0x00009a98       0x3c hpl/dmac/hpl_dmac.o
                0x00009a98                _dma_enable_transaction
 .text._dma_get_channel_resource
                0x00009ad4       0x14 hpl/dmac/hpl_dmac.o
                0x00009ad4                _dma_get_channel_resource
 .text.DMAC_0_Handler
                0x00009ae8        0x8 hpl/dmac/hpl_dmac.o
                0x00009ae8                DMAC_0_Handler
 .text.DMAC_1_Handler
                0x00009af0        0x8 hpl/dmac/hpl_dmac.o
                0x00009af0                DMAC_1_Handler
 .text.DMAC_2_Handler
                0x00009af8        0x8 hpl/dmac/hpl_dmac.o
                0x00009af8                DMAC_2_Handler
 .text.DMAC_3_Handler
                0x00009b00        0x8 hpl/dmac/hpl_dmac.o
                0x00009b00                DMAC_3_Handler
 .text.DMAC_4_Handler
                0x00009b08        0x8 hpl/dmac/hpl_dmac.o
                0x00009b08                DMAC_4_Handler
 .text._crc_sync_init
                0x00009b10        0x6 hpl/dsu/hpl_dsu.o
                0x00009b10                _crc_sync_init
 *fill*         0x00009b16        0x2 
 .text._event_system_init
                0x00009b18       0x58 hpl/evsys/hpl_evsys.o
                0x00009b18                _event_system_init
 .text.hri_gclk_wait_for_sync.constprop.0
                0x00009b70       0x14 hpl/gclk/hpl_gclk.o
 .text._gclk_init_generators_by_fref
                0x00009b84       0x58 hpl/gclk/hpl_gclk.o
                0x00009b84                _gclk_init_generators_by_fref
 .text._mclk_init
                0x00009bdc        0xc hpl/mclk/hpl_mclk.o
                0x00009bdc                _mclk_init
 .text._user_row_write_exec
                0x00009be8       0x88 hpl/nvmctrl/hpl_nvmctrl.o
 .text._flash_init
                0x00009c70       0x4c hpl/nvmctrl/hpl_nvmctrl.o
                0x00009c70                _flash_init
 .text.NVMCTRL_1_Handler
                0x00009cbc       0x2c hpl/nvmctrl/hpl_nvmctrl.o
                0x00009cbc                NVMCTRL_1_Handler
 .text.NVMCTRL_0_Handler
                0x00009ce8        0x8 hpl/nvmctrl/hpl_nvmctrl.o
                0x00009ce8                NVMCTRL_0_Handler
 .text._user_area_read
                0x00009cf0       0x60 hpl/nvmctrl/hpl_nvmctrl.o
                0x00009cf0                _user_area_read
 .text._user_area_write
                0x00009d50       0x78 hpl/nvmctrl/hpl_nvmctrl.o
                0x00009d50                _user_area_write
 .text._osc32kctrl_init_sources
                0x00009dc8       0x14 hpl/osc32kctrl/hpl_osc32kctrl.o
                0x00009dc8                _osc32kctrl_init_sources
 .text._oscctrl_init_sources
                0x00009ddc        0x2 hpl/oscctrl/hpl_oscctrl.o
                0x00009ddc                _oscctrl_init_sources
 *fill*         0x00009dde        0x2 
 .text._oscctrl_init_referenced_generators
                0x00009de0       0xfc hpl/oscctrl/hpl_oscctrl.o
                0x00009de0                _oscctrl_init_referenced_generators
 .text._qspi_dma_tx_complete
                0x00009edc       0x14 hpl/qspi/hpl_qspi.o
 .text._qspi_dma_rx_complete
                0x00009ef0        0x8 hpl/qspi/hpl_qspi.o
 .text._qspi_dma_error_occured
                0x00009ef8        0xa hpl/qspi/hpl_qspi.o
 *fill*         0x00009f02        0x2 
 .text._qspi_dma_init
                0x00009f04       0x58 hpl/qspi/hpl_qspi.o
                0x00009f04                _qspi_dma_init
 .text.RAMECC_Handler
                0x00009f5c       0x3c hpl/ramecc/hpl_ramecc.o
                0x00009f5c                RAMECC_Handler
 .text.hri_rtcmode0_wait_for_sync
                0x00009f98        0x8 hpl/rtc/hpl_rtc.o
 .text._rtc_timer_stop
                0x00009fa0       0x1c hpl/rtc/hpl_rtc.o
                0x00009fa0                _rtc_timer_stop
 .text._rtc_timer_set_period
                0x00009fbc       0x10 hpl/rtc/hpl_rtc.o
                0x00009fbc                _rtc_timer_set_period
 .text._rtc_timer_get_period
                0x00009fcc       0x14 hpl/rtc/hpl_rtc.o
                0x00009fcc                _rtc_timer_get_period
 .text._rtc_timer_is_started
                0x00009fe0       0x1c hpl/rtc/hpl_rtc.o
                0x00009fe0                _rtc_timer_is_started
 .text._rtc_timer_set_irq
                0x00009ffc        0x2 hpl/rtc/hpl_rtc.o
                0x00009ffc                _rtc_timer_set_irq
 *fill*         0x00009ffe        0x2 
 .text._rtc_timer_start
                0x0000a000       0x3c hpl/rtc/hpl_rtc.o
                0x0000a000                _rtc_timer_start
 .text._rtc_timer_deinit
                0x0000a03c       0x28 hpl/rtc/hpl_rtc.o
                0x0000a03c                _rtc_timer_deinit
 .text._rtc_timer_init
                0x0000a064       0x48 hpl/rtc/hpl_rtc.o
                0x0000a064                _rtc_timer_init
 .text._rtc_get_timer
                0x0000a0ac        0x8 hpl/rtc/hpl_rtc.o
                0x0000a0ac                _rtc_get_timer
 .text.RTC_Handler
                0x0000a0b4       0x24 hpl/rtc/hpl_rtc.o
                0x0000a0b4                RTC_Handler
 .text.__NVIC_EnableIRQ
                0x0000a0d8       0x1c hpl/sercom/hpl_sercom.o
 .text.__NVIC_DisableIRQ
                0x0000a0f4       0x28 hpl/sercom/hpl_sercom.o
 .text.__NVIC_ClearPendingIRQ
                0x0000a11c       0x20 hpl/sercom/hpl_sercom.o
 .text.hri_sercomi2cm_wait_for_sync
                0x0000a13c        0x8 hpl/sercom/hpl_sercom.o
 .text.hri_sercomspi_wait_for_sync
                0x0000a144        0x8 hpl/sercom/hpl_sercom.o
 .text.hri_sercomusart_wait_for_sync
                0x0000a14c        0x8 hpl/sercom/hpl_sercom.o
 .text.hri_sercomi2cm_clear_CTRLA_ENABLE_bit
                0x0000a154       0x14 hpl/sercom/hpl_sercom.o
 .text.hri_sercomspi_clear_CTRLA_ENABLE_bit
                0x0000a168       0x14 hpl/sercom/hpl_sercom.o
 .text.hri_sercomusart_get_CTRLA_ENABLE_bit
                0x0000a17c       0x14 hpl/sercom/hpl_sercom.o
 .text.hri_sercomusart_write_CTRLA_ENABLE_bit
                0x0000a190       0x18 hpl/sercom/hpl_sercom.o
 .text.hri_sercomusart_clear_CTRLA_ENABLE_bit
                0x0000a1a8       0x14 hpl/sercom/hpl_sercom.o
 .text._sercom_get_hardware_index
                0x0000a1bc       0x34 hpl/sercom/hpl_sercom.o
 .text._sercom_usart_interrupt_handler
                0x0000a1f0       0x70 hpl/sercom/hpl_sercom.o
 .text._sercom_init_irq_param
                0x0000a260       0x60 hpl/sercom/hpl_sercom.o
 .text._get_i2cm_index
                0x0000a2c0       0x14 hpl/sercom/hpl_sercom.o
 .text._sercom_get_irq_num
                0x0000a2d4       0x14 hpl/sercom/hpl_sercom.o
 .text._spi_sync_enable
                0x0000a2e8       0x28 hpl/sercom/hpl_sercom.o
 .text._spi_get_regs
                0x0000a310       0x2c hpl/sercom/hpl_sercom.o
 .text._spi_get_tx_dma_channel
                0x0000a33c       0x14 hpl/sercom/hpl_sercom.o
 .text._spi_get_rx_dma_channel
                0x0000a350       0x14 hpl/sercom/hpl_sercom.o
 .text._spi_dma_rx_complete
                0x0000a364        0xa hpl/sercom/hpl_sercom.o
 .text._spi_dma_tx_complete
                0x0000a36e        0xa hpl/sercom/hpl_sercom.o
 .text._spi_dma_error_occured
                0x0000a378        0xa hpl/sercom/hpl_sercom.o
 *fill*         0x0000a382        0x2 
 .text._usart_set_parity
                0x0000a384       0x78 hpl/sercom/hpl_sercom.o
 .text._sercom_i2c_send_stop
                0x0000a3fc       0x14 hpl/sercom/hpl_sercom.o
 .text._sercom_i2c_sync_analyse_flags
                0x0000a410      0x16c hpl/sercom/hpl_sercom.o
 .text._spi_load_regs_master
                0x0000a57c       0x3c hpl/sercom/hpl_sercom.o
 .text._spi_set_mode
                0x0000a5b8       0x34 hpl/sercom/hpl_sercom.o
 .text._i2c_m_sync_init_impl
                0x0000a5ec       0xb0 hpl/sercom/hpl_sercom.o
 .text._usart_init
                0x0000a69c       0xdc hpl/sercom/hpl_sercom.o
 .text._usart_sync_init
                0x0000a778        0xc hpl/sercom/hpl_sercom.o
                0x0000a778                _usart_sync_init
 .text._usart_async_init
                0x0000a784       0x64 hpl/sercom/hpl_sercom.o
                0x0000a784                _usart_async_init
 .text._usart_sync_enable
                0x0000a7e8       0x14 hpl/sercom/hpl_sercom.o
                0x0000a7e8                _usart_sync_enable
 .text._usart_async_enable
                0x0000a7fc       0x14 hpl/sercom/hpl_sercom.o
                0x0000a7fc                _usart_async_enable
 .text._usart_async_disable
                0x0000a810        0xc hpl/sercom/hpl_sercom.o
                0x0000a810                _usart_async_disable
 .text._usart_async_set_parity
                0x0000a81c        0xc hpl/sercom/hpl_sercom.o
                0x0000a81c                _usart_async_set_parity
 .text._usart_sync_write_byte
                0x0000a828        0x6 hpl/sercom/hpl_sercom.o
                0x0000a828                _usart_sync_write_byte
 .text._usart_async_write_byte
                0x0000a82e        0x6 hpl/sercom/hpl_sercom.o
                0x0000a82e                _usart_async_write_byte
 .text._usart_sync_read_byte
                0x0000a834        0x8 hpl/sercom/hpl_sercom.o
                0x0000a834                _usart_sync_read_byte
 .text._usart_sync_is_ready_to_send
                0x0000a83c        0xa hpl/sercom/hpl_sercom.o
                0x0000a83c                _usart_sync_is_ready_to_send
 .text._usart_sync_is_transmit_done
                0x0000a846        0xa hpl/sercom/hpl_sercom.o
                0x0000a846                _usart_sync_is_transmit_done
 .text._usart_sync_is_byte_received
                0x0000a850        0xa hpl/sercom/hpl_sercom.o
                0x0000a850                _usart_sync_is_byte_received
 .text._usart_async_enable_byte_sent_irq
                0x0000a85a        0x8 hpl/sercom/hpl_sercom.o
                0x0000a85a                _usart_async_enable_byte_sent_irq
 .text._usart_async_enable_tx_done_irq
                0x0000a862        0x8 hpl/sercom/hpl_sercom.o
                0x0000a862                _usart_async_enable_tx_done_irq
 .text._usart_async_set_irq_state
                0x0000a86a       0x32 hpl/sercom/hpl_sercom.o
                0x0000a86a                _usart_async_set_irq_state
 .text._i2c_m_async_init
                0x0000a89c       0x64 hpl/sercom/hpl_sercom.o
                0x0000a89c                _i2c_m_async_init
 .text._i2c_m_async_transfer
                0x0000a900       0xc0 hpl/sercom/hpl_sercom.o
                0x0000a900                _i2c_m_async_transfer
 .text._i2c_m_async_register_callback
                0x0000a9c0       0x1a hpl/sercom/hpl_sercom.o
                0x0000a9c0                _i2c_m_async_register_callback
 *fill*         0x0000a9da        0x2 
 .text.SERCOM0_3_Handler
                0x0000a9dc       0x10 hpl/sercom/hpl_sercom.o
                0x0000a9dc                SERCOM0_3_Handler
 .text.SERCOM0_2_Handler
                0x0000a9ec        0x8 hpl/sercom/hpl_sercom.o
                0x0000a9ec                SERCOM0_2_Handler
 .text.SERCOM0_1_Handler
                0x0000a9f4        0x8 hpl/sercom/hpl_sercom.o
                0x0000a9f4                SERCOM0_1_Handler
 .text.SERCOM0_0_Handler
                0x0000a9fc        0x8 hpl/sercom/hpl_sercom.o
                0x0000a9fc                SERCOM0_0_Handler
 .text.SERCOM1_3_Handler
                0x0000aa04       0x10 hpl/sercom/hpl_sercom.o
                0x0000aa04                SERCOM1_3_Handler
 .text.SERCOM1_2_Handler
                0x0000aa14        0x8 hpl/sercom/hpl_sercom.o
                0x0000aa14                SERCOM1_2_Handler
 .text.SERCOM1_1_Handler
                0x0000aa1c        0x8 hpl/sercom/hpl_sercom.o
                0x0000aa1c                SERCOM1_1_Handler
 .text.SERCOM1_0_Handler
                0x0000aa24        0x8 hpl/sercom/hpl_sercom.o
                0x0000aa24                SERCOM1_0_Handler
 .text.SERCOM3_3_Handler
                0x0000aa2c       0x44 hpl/sercom/hpl_sercom.o
                0x0000aa2c                SERCOM3_3_Handler
 .text.SERCOM3_2_Handler
                0x0000aa70        0x8 hpl/sercom/hpl_sercom.o
                0x0000aa70                SERCOM3_2_Handler
 .text.SERCOM3_1_Handler
                0x0000aa78        0x8 hpl/sercom/hpl_sercom.o
                0x0000aa78                SERCOM3_1_Handler
 .text.SERCOM3_0_Handler
                0x0000aa80        0x8 hpl/sercom/hpl_sercom.o
                0x0000aa80                SERCOM3_0_Handler
 .text.SERCOM4_3_Handler
                0x0000aa88       0x10 hpl/sercom/hpl_sercom.o
                0x0000aa88                SERCOM4_3_Handler
 .text.SERCOM4_2_Handler
                0x0000aa98        0x8 hpl/sercom/hpl_sercom.o
                0x0000aa98                SERCOM4_2_Handler
 .text.SERCOM4_1_Handler
                0x0000aaa0        0x8 hpl/sercom/hpl_sercom.o
                0x0000aaa0                SERCOM4_1_Handler
 .text.SERCOM4_0_Handler
                0x0000aaa8        0x8 hpl/sercom/hpl_sercom.o
                0x0000aaa8                SERCOM4_0_Handler
 .text.SERCOM5_3_Handler
                0x0000aab0       0x64 hpl/sercom/hpl_sercom.o
                0x0000aab0                SERCOM5_3_Handler
 .text.SERCOM5_2_Handler
                0x0000ab14        0x8 hpl/sercom/hpl_sercom.o
                0x0000ab14                SERCOM5_2_Handler
 .text.SERCOM5_1_Handler
                0x0000ab1c        0x8 hpl/sercom/hpl_sercom.o
                0x0000ab1c                SERCOM5_1_Handler
 .text.SERCOM5_0_Handler
                0x0000ab24        0x8 hpl/sercom/hpl_sercom.o
                0x0000ab24                SERCOM5_0_Handler
 .text.SERCOM6_3_Handler
                0x0000ab2c       0x10 hpl/sercom/hpl_sercom.o
                0x0000ab2c                SERCOM6_3_Handler
 .text.SERCOM6_2_Handler
                0x0000ab3c        0x8 hpl/sercom/hpl_sercom.o
                0x0000ab3c                SERCOM6_2_Handler
 .text.SERCOM6_1_Handler
                0x0000ab44        0x8 hpl/sercom/hpl_sercom.o
                0x0000ab44                SERCOM6_1_Handler
 .text.SERCOM6_0_Handler
                0x0000ab4c        0x8 hpl/sercom/hpl_sercom.o
                0x0000ab4c                SERCOM6_0_Handler
 .text._spi_m_sync_init
                0x0000ab54       0xd0 hpl/sercom/hpl_sercom.o
                0x0000ab54                _spi_m_sync_init
 .text._spi_m_async_init
                0x0000ac24       0x58 hpl/sercom/hpl_sercom.o
                0x0000ac24                _spi_m_async_init
 .text._spi_s_async_enable
                0x0000ac7c       0x34 hpl/sercom/hpl_sercom.o
                0x0000ac7c                _spi_s_async_enable
 .text._spi_m_async_enable
                0x0000acb0        0x8 hpl/sercom/hpl_sercom.o
                0x0000acb0                _spi_m_async_enable
 .text._spi_s_async_set_mode
                0x0000acb8        0xc hpl/sercom/hpl_sercom.o
                0x0000acb8                _spi_s_async_set_mode
 .text._spi_m_async_set_mode
                0x0000acc4        0x8 hpl/sercom/hpl_sercom.o
                0x0000acc4                _spi_m_async_set_mode
 .text._spi_m_async_set_baudrate
                0x0000accc       0x14 hpl/sercom/hpl_sercom.o
                0x0000accc                _spi_m_async_set_baudrate
 .text._spi_m_async_enable_tx
                0x0000ace0       0x10 hpl/sercom/hpl_sercom.o
                0x0000ace0                _spi_m_async_enable_tx
 .text._spi_m_async_enable_rx
                0x0000acf0       0x10 hpl/sercom/hpl_sercom.o
                0x0000acf0                _spi_m_async_enable_rx
 .text._spi_m_async_enable_tx_complete
                0x0000ad00       0x10 hpl/sercom/hpl_sercom.o
                0x0000ad00                _spi_m_async_enable_tx_complete
 .text._spi_m_async_write_one
                0x0000ad10        0x8 hpl/sercom/hpl_sercom.o
                0x0000ad10                _spi_m_async_write_one
 .text._spi_m_async_read_one
                0x0000ad18        0x8 hpl/sercom/hpl_sercom.o
                0x0000ad18                _spi_m_async_read_one
 .text._spi_m_async_register_callback
                0x0000ad20        0xa hpl/sercom/hpl_sercom.o
                0x0000ad20                _spi_m_async_register_callback
 .text._spi_m_async_set_irq_state
                0x0000ad2a       0x12 hpl/sercom/hpl_sercom.o
                0x0000ad2a                _spi_m_async_set_irq_state
 .text._spi_m_dma_init
                0x0000ad3c       0xc4 hpl/sercom/hpl_sercom.o
                0x0000ad3c                _spi_m_dma_init
 .text._spi_m_dma_enable
                0x0000ae00        0xc hpl/sercom/hpl_sercom.o
                0x0000ae00                _spi_m_dma_enable
 .text._spi_m_dma_register_callback
                0x0000ae0c       0x64 hpl/sercom/hpl_sercom.o
                0x0000ae0c                _spi_m_dma_register_callback
 .text._spi_m_dma_transfer
                0x0000ae70       0xf8 hpl/sercom/hpl_sercom.o
                0x0000ae70                _spi_m_dma_transfer
 .text._delay_init
                0x0000af68       0x14 hpl/systick/hpl_systick.o
                0x0000af68                _delay_init
 .text._delay_cycles
                0x0000af7c       0x38 hpl/systick/hpl_systick.o
                0x0000af7c                _delay_cycles
 .text.__NVIC_DisableIRQ
                0x0000afb4       0x28 hpl/tc/hpl_tc.o
 .text.hri_tc_wait_for_sync
                0x0000afdc        0x8 hpl/tc/hpl_tc.o
 .text._tc_timer_start
                0x0000afe4       0x14 hpl/tc/hpl_tc.o
                0x0000afe4                _tc_timer_start
 .text._tc_timer_get_period
                0x0000aff8       0x50 hpl/tc/hpl_tc.o
                0x0000aff8                _tc_timer_get_period
 .text._tc_timer_is_started
                0x0000b048       0x18 hpl/tc/hpl_tc.o
                0x0000b048                _tc_timer_is_started
 .text.tc_interrupt_handler
                0x0000b060       0x12 hpl/tc/hpl_tc.o
 *fill*         0x0000b072        0x2 
 .text.get_tc_index
                0x0000b074       0x50 hpl/tc/hpl_tc.o
 .text._tc_timer_set_irq
                0x0000b0c4       0x28 hpl/tc/hpl_tc.o
                0x0000b0c4                _tc_timer_set_irq
 .text._tc_timer_stop
                0x0000b0ec       0x14 hpl/tc/hpl_tc.o
                0x0000b0ec                _tc_timer_stop
 .text._tc_timer_deinit
                0x0000b100       0x4c hpl/tc/hpl_tc.o
                0x0000b100                _tc_timer_deinit
 .text._tc_timer_init
                0x0000b14c      0x150 hpl/tc/hpl_tc.o
                0x0000b14c                _tc_timer_init
 .text._tc_timer_set_period
                0x0000b29c       0x3c hpl/tc/hpl_tc.o
                0x0000b29c                _tc_timer_set_period
 .text._tc_get_timer
                0x0000b2d8        0x8 hpl/tc/hpl_tc.o
                0x0000b2d8                _tc_get_timer
 .text.TC0_Handler
                0x0000b2e0       0x10 hpl/tc/hpl_tc.o
                0x0000b2e0                TC0_Handler
 .text.TC1_Handler
                0x0000b2f0       0x10 hpl/tc/hpl_tc.o
                0x0000b2f0                TC1_Handler
 .text.TC2_Handler
                0x0000b300       0x10 hpl/tc/hpl_tc.o
                0x0000b300                TC2_Handler
 .text.TC3_Handler
                0x0000b310       0x10 hpl/tc/hpl_tc.o
                0x0000b310                TC3_Handler
 .text._dummy_func_no_return
                0x0000b320        0x4 hpl/usb/hpl_usb.o
 .text._usb_d_dev_wait_dfll_rdy
                0x0000b324       0x24 hpl/usb/hpl_usb.o
 .text._usb_d_dev_ept
                0x0000b348       0x18 hpl/usb/hpl_usb.o
 .text._usb_d_dev_handle_setup
                0x0000b360       0x84 hpl/usb/hpl_usb.o
 .text._usb_d_dev_handle_stall
                0x0000b3e4       0x28 hpl/usb/hpl_usb.o
 .text._usb_d_dev_trans_done
                0x0000b40c       0x24 hpl/usb/hpl_usb.o
 .text._usb_d_dev_trans_stop
                0x0000b430       0x64 hpl/usb/hpl_usb.o
 .text._usb_d_dev_handle_trfail
                0x0000b494       0xec hpl/usb/hpl_usb.o
 .text._usb_d_dev_reset_epts
                0x0000b580       0x3c hpl/usb/hpl_usb.o
 .text._usb_d_dev_in_next
                0x0000b5bc      0x158 hpl/usb/hpl_usb.o
 .text._usb_d_dev_out_next
                0x0000b714      0x1ac hpl/usb/hpl_usb.o
 .text._usb_d_dev_handler
                0x0000b8c0      0x1dc hpl/usb/hpl_usb.o
 .text._usbd_ep_pcksize_size
                0x0000ba9c       0x3e hpl/usb/hpl_usb.o
 *fill*         0x0000bada        0x2 
 .text._usb_d_dev_init
                0x0000badc       0xe8 hpl/usb/hpl_usb.o
                0x0000badc                _usb_d_dev_init
 .text._usb_d_dev_enable
                0x0000bbc4       0x5c hpl/usb/hpl_usb.o
                0x0000bbc4                _usb_d_dev_enable
 .text._usb_d_dev_attach
                0x0000bc20       0x12 hpl/usb/hpl_usb.o
                0x0000bc20                _usb_d_dev_attach
 .text._usb_d_dev_set_address
                0x0000bc32        0xc hpl/usb/hpl_usb.o
                0x0000bc32                _usb_d_dev_set_address
 .text._usb_d_dev_get_frame_n
                0x0000bc3e        0xc hpl/usb/hpl_usb.o
                0x0000bc3e                _usb_d_dev_get_frame_n
 *fill*         0x0000bc4a        0x2 
 .text._usb_d_dev_ep_init
                0x0000bc4c       0xc0 hpl/usb/hpl_usb.o
                0x0000bc4c                _usb_d_dev_ep_init
 .text._usb_d_dev_ep_deinit
                0x0000bd0c       0x84 hpl/usb/hpl_usb.o
                0x0000bd0c                _usb_d_dev_ep_deinit
 .text._usb_d_dev_ep_enable
                0x0000bd90      0x17c hpl/usb/hpl_usb.o
                0x0000bd90                _usb_d_dev_ep_enable
 .text._usb_d_dev_ep_stall
                0x0000bf0c       0xe4 hpl/usb/hpl_usb.o
                0x0000bf0c                _usb_d_dev_ep_stall
 .text._usb_d_dev_ep_read_req
                0x0000bff0       0x54 hpl/usb/hpl_usb.o
                0x0000bff0                _usb_d_dev_ep_read_req
 .text._usb_d_dev_ep_trans
                0x0000c044      0x108 hpl/usb/hpl_usb.o
                0x0000c044                _usb_d_dev_ep_trans
 .text._usb_d_dev_register_callback
                0x0000c14c       0x24 hpl/usb/hpl_usb.o
                0x0000c14c                _usb_d_dev_register_callback
 .text._usb_d_dev_register_ep_callback
                0x0000c170       0x2c hpl/usb/hpl_usb.o
                0x0000c170                _usb_d_dev_register_ep_callback
 .text.USB_0_Handler
                0x0000c19c        0x8 hpl/usb/hpl_usb.o
                0x0000c19c                USB_0_Handler
 .text.USB_1_Handler
                0x0000c1a4        0x8 hpl/usb/hpl_usb.o
                0x0000c1a4                USB_1_Handler
 .text.USB_2_Handler
                0x0000c1ac        0x8 hpl/usb/hpl_usb.o
                0x0000c1ac                USB_2_Handler
 .text.USB_3_Handler
                0x0000c1b4        0x8 hpl/usb/hpl_usb.o
                0x0000c1b4                USB_3_Handler
 .text._wdt_init
                0x0000c1bc       0x42 hpl/wdt/hpl_wdt.o
                0x0000c1bc                _wdt_init
 *fill*         0x0000c1fe        0x2 
 .text.RTC_Scheduler_report_cb
                0x0000c200        0xc main.o
 .text.RTC_Scheduler_heartbeat_cb
                0x0000c20c       0x10 main.o
 .text.RTC_Scheduler_ping_cb
                0x0000c21c       0x3c main.o
 .text.grid_task_timer_tick
                0x0000c258        0xe main.o
                0x0000c258                grid_task_timer_tick
 *fill*         0x0000c266        0x2 
 .text.RTC_Scheduler_realtime_cb
                0x0000c268       0xa4 main.o
 .text.grid_task_timer_reset
                0x0000c30c       0x10 main.o
                0x0000c30c                grid_task_timer_reset
 .text.grid_port_reset_receiver
                0x0000c31c       0x78 main.o
                0x0000c31c                grid_port_reset_receiver
 .text.grid_port_receive_task
                0x0000c394      0x110 main.o
                0x0000c394                grid_port_receive_task
 .text.grid_port_receive_decode
                0x0000c4a4      0x534 main.o
                0x0000c4a4                grid_port_receive_decode
 .text.grid_port_receive_complete_task
                0x0000c9d8       0x70 main.o
                0x0000c9d8                grid_port_receive_complete_task
 .text.init_timer
                0x0000ca48       0x84 main.o
                0x0000ca48                init_timer
 .text.startup.main
                0x0000cacc      0x4d8 main.o
                0x0000cacc                main
 .text._read    0x0000cfa4       0x20 stdio_redirect/gcc/read.o
                0x0000cfa4                _read
 .text._write   0x0000cfc4       0x24 stdio_redirect/gcc/write.o
                0x0000cfc4                _write
 .text.stdio_io_init
                0x0000cfe8       0x2c stdio_redirect/stdio_io.o
                0x0000cfe8                stdio_io_init
 .text.stdio_io_read
                0x0000d014       0x1c stdio_redirect/stdio_io.o
                0x0000d014                stdio_io_read
 .text.stdio_io_write
                0x0000d030       0x1c stdio_redirect/stdio_io.o
                0x0000d030                stdio_io_write
 .text.stdio_redirect_init
                0x0000d04c       0x20 stdio_start.o
                0x0000d04c                stdio_redirect_init
 .text.cdcdf_acm_req
                0x0000d06c       0xdc usb/class/cdc/device/cdcdf_acm.o
 .text.cdcdf_acm_ctrl
                0x0000d148      0x138 usb/class/cdc/device/cdcdf_acm.o
 .text.cdcdf_acm_init
                0x0000d280       0x44 usb/class/cdc/device/cdcdf_acm.o
                0x0000d280                cdcdf_acm_init
 .text.cdcdf_acm_read
                0x0000d2c4       0x2c usb/class/cdc/device/cdcdf_acm.o
                0x0000d2c4                cdcdf_acm_read
 .text.cdcdf_acm_write
                0x0000d2f0       0x2c usb/class/cdc/device/cdcdf_acm.o
                0x0000d2f0                cdcdf_acm_write
 .text.cdcdf_acm_register_callback
                0x0000d31c       0x40 usb/class/cdc/device/cdcdf_acm.o
                0x0000d31c                cdcdf_acm_register_callback
 .text.hid_keyboard_req
                0x0000d35c       0x88 usb/class/hid/device/hiddf_keyboard.o
 .text.hid_keyboard_ctrl
                0x0000d3e4      0x110 usb/class/hid/device/hiddf_keyboard.o
 .text.hiddf_keyboard_init
                0x0000d4f4       0x44 usb/class/hid/device/hiddf_keyboard.o
                0x0000d4f4                hiddf_keyboard_init
 .text.hiddf_keyboard_keys_state_change
                0x0000d538       0x8c usb/class/hid/device/hiddf_keyboard.o
                0x0000d538                hiddf_keyboard_keys_state_change
 .text.hid_mouse_req
                0x0000d5c4       0x88 usb/class/hid/device/hiddf_mouse.o
 .text.hid_mouse_ctrl
                0x0000d64c       0xe4 usb/class/hid/device/hiddf_mouse.o
 .text.hiddf_mouse_init
                0x0000d730       0x44 usb/class/hid/device/hiddf_mouse.o
                0x0000d730                hiddf_mouse_init
 .text.hiddf_mouse_move
                0x0000d774       0x48 usb/class/hid/device/hiddf_mouse.o
                0x0000d774                hiddf_mouse_move
 .text.midi_cb_ep_bulk_in
                0x0000d7bc        0x2 usb/class/midi/device/audiodf_midi.o
 .text.midi_cb_ep_bulk_out
                0x0000d7be        0x2 usb/class/midi/device/audiodf_midi.o
 .text.audio_midi_req
                0x0000d7c0       0x78 usb/class/midi/device/audiodf_midi.o
 .text.audio_midi_ctrl
                0x0000d838      0x1a8 usb/class/midi/device/audiodf_midi.o
 .text.audiodf_midi_init
                0x0000d9e0       0x44 usb/class/midi/device/audiodf_midi.o
                0x0000d9e0                audiodf_midi_init
 .text.audiodf_midi_xfer_packet
                0x0000da24       0x28 usb/class/midi/device/audiodf_midi.o
                0x0000da24                audiodf_midi_xfer_packet
 .text.usbdc_unconfig
                0x0000da4c       0x1c usb/device/usbdc.o
 .text.usbdc_change_notify
                0x0000da68       0x20 usb/device/usbdc.o
 .text.usbdc_request_handler
                0x0000da88       0x38 usb/device/usbdc.o
 .text.usbd_sof_cb
                0x0000dac0       0x18 usb/device/usbdc.o
 .text.usbdc_cb_ctl_done
                0x0000dad8       0x68 usb/device/usbdc.o
 .text.usbdc_reset
                0x0000db40       0x5c usb/device/usbdc.o
                0x0000db40                usbdc_reset
 .text.usbd_event_cb
                0x0000db9c       0x18 usb/device/usbdc.o
 .text.usbdc_xfer
                0x0000dbb4       0x20 usb/device/usbdc.o
                0x0000dbb4                usbdc_xfer
 .text.usbdc_cb_ctl_req
                0x0000dbd4      0x328 usb/device/usbdc.o
 .text.usbdc_register_handler
                0x0000defc       0x2c usb/device/usbdc.o
                0x0000defc                usbdc_register_handler
 .text.usbdc_init
                0x0000df28       0x44 usb/device/usbdc.o
                0x0000df28                usbdc_init
 .text.usbdc_register_function
                0x0000df6c       0x10 usb/device/usbdc.o
                0x0000df6c                usbdc_register_function
 .text.usbdc_start
                0x0000df7c       0x34 usb/device/usbdc.o
                0x0000df7c                usbdc_start
 .text.usbdc_attach
                0x0000dfb0        0x8 usb/device/usbdc.o
                0x0000dfb0                usbdc_attach
 .text.usbdc_get_ctrl_buffer
                0x0000dfb8        0xc usb/device/usbdc.o
                0x0000dfb8                usbdc_get_ctrl_buffer
 .text.usbdc_get_state
                0x0000dfc4       0x14 usb/device/usbdc.o
                0x0000dfc4                usbdc_get_state
 .text.usb_find_desc
                0x0000dfd8       0x1a usb/usb_protocol.o
                0x0000dfd8                usb_find_desc
 .text.usb_find_ep_desc
                0x0000dff2       0x1c usb/usb_protocol.o
                0x0000dff2                usb_find_ep_desc
 *fill*         0x0000e00e        0x2 
 .text.usb_find_cfg_desc
                0x0000e010       0x3c usb/usb_protocol.o
                0x0000e010                usb_find_cfg_desc
 .text.usb_find_str_desc
                0x0000e04c       0x30 usb/usb_protocol.o
                0x0000e04c                usb_find_str_desc
 .text.gpio_get_pin_level
                0x0000e07c       0x48 usb_start.o
 .text.hiddf_demo_sof_event
                0x0000e0c4       0x78 usb_start.o
 .text.composite_device_init
                0x0000e13c       0x2c usb_start.o
                0x0000e13c                composite_device_init
 .text.composite_device_start
                0x0000e168       0x1c usb_start.o
                0x0000e168                composite_device_start
 .text.usb_init
                0x0000e184        0x8 usb_start.o
                0x0000e184                usb_init
 .text          0x0000e18c      0x370 c:/program files (x86)/atmel/studio/7.0/toolchain/arm/arm-gnu-toolchain/bin/../lib/gcc/arm-none-eabi/6.3.1/thumb/v7e-m\libgcc.a(_arm_addsubdf3.o)
                0x0000e18c                __aeabi_drsub
                0x0000e194                __aeabi_dsub
                0x0000e194                __subdf3
                0x0000e198                __aeabi_dadd
                0x0000e198                __adddf3
                0x0000e410                __floatunsidf
                0x0000e410                __aeabi_ui2d
                0x0000e430                __floatsidf
                0x0000e430                __aeabi_i2d
                0x0000e454                __aeabi_f2d
                0x0000e454                __extendsfdf2
                0x0000e490                __floatundidf
                0x0000e490                __aeabi_ul2d
                0x0000e4a0                __floatdidf
                0x0000e4a0                __aeabi_l2d
 .text          0x0000e4fc      0x424 c:/program files (x86)/atmel/studio/7.0/toolchain/arm/arm-gnu-toolchain/bin/../lib/gcc/arm-none-eabi/6.3.1/thumb/v7e-m\libgcc.a(_arm_muldivdf3.o)
                0x0000e4fc                __aeabi_dmul
                0x0000e4fc                __muldf3
                0x0000e750                __divdf3
                0x0000e750                __aeabi_ddiv
 .text          0x0000e920       0x40 c:/program files (x86)/atmel/studio/7.0/toolchain/arm/arm-gnu-toolchain/bin/../lib/gcc/arm-none-eabi/6.3.1/thumb/v7e-m\libgcc.a(_arm_fixunsdfsi.o)
                0x0000e920                __aeabi_d2uiz
                0x0000e920                __fixunsdfsi
 .text.__libc_init_array
                0x0000e960       0x48 c:/program files (x86)/atmel/studio/7.0/toolchain/arm/arm-gnu-toolchain/bin/../lib/gcc/arm-none-eabi/6.3.1/../../../../arm-none-eabi/lib/thumb/v7e-m\libc_nano.a(lib_a-init.o)
                0x0000e960                __libc_init_array
 .text.malloc   0x0000e9a8       0x10 c:/program files (x86)/atmel/studio/7.0/toolchain/arm/arm-gnu-toolchain/bin/../lib/gcc/arm-none-eabi/6.3.1/../../../../arm-none-eabi/lib/thumb/v7e-m\libc_nano.a(lib_a-malloc.o)
                0x0000e9a8                malloc
 .text.memcpy   0x0000e9b8       0x16 c:/program files (x86)/atmel/studio/7.0/toolchain/arm/arm-gnu-toolchain/bin/../lib/gcc/arm-none-eabi/6.3.1/../../../../arm-none-eabi/lib/thumb/v7e-m\libc_nano.a(lib_a-memcpy-stub.o)
                0x0000e9b8                memcpy
 .text.memset   0x0000e9ce       0x10 c:/program files (x86)/atmel/studio/7.0/toolchain/arm/arm-gnu-toolchain/bin/../lib/gcc/arm-none-eabi/6.3.1/../../../../arm-none-eabi/lib/thumb/v7e-m\libc_nano.a(lib_a-memset.o)
                0x0000e9ce                memset
 *fill*         0x0000e9de        0x2 
 .text._free_r  0x0000e9e0       0x9c c:/program files (x86)/atmel/studio/7.0/toolchain/arm/arm-gnu-toolchain/bin/../lib/gcc/arm-none-eabi/6.3.1/../../../../arm-none-eabi/lib/thumb/v7e-m\libc_nano.a(lib_a-nano-freer.o)
                0x0000e9e0                _free_r
 .text._malloc_r
                0x0000ea7c       0xbc c:/program files (x86)/atmel/studio/7.0/toolchain/arm/arm-gnu-toolchain/bin/../lib/gcc/arm-none-eabi/6.3.1/../../../../arm-none-eabi/lib/thumb/v7e-m\libc_nano.a(lib_a-nano-mallocr.o)
                0x0000ea7c                _malloc_r
 .text.printf   0x0000eb38       0x30 c:/program files (x86)/atmel/studio/7.0/toolchain/arm/arm-gnu-toolchain/bin/../lib/gcc/arm-none-eabi/6.3.1/../../../../arm-none-eabi/lib/thumb/v7e-m\libc_nano.a(lib_a-printf.o)
                0x0000eb38                iprintf
                0x0000eb38                printf
 .text._puts_r  0x0000eb68       0xb8 c:/program files (x86)/atmel/studio/7.0/toolchain/arm/arm-gnu-toolchain/bin/../lib/gcc/arm-none-eabi/6.3.1/../../../../arm-none-eabi/lib/thumb/v7e-m\libc_nano.a(lib_a-puts.o)
                0x0000eb68                _puts_r
 .text.puts     0x0000ec20       0x10 c:/program files (x86)/atmel/studio/7.0/toolchain/arm/arm-gnu-toolchain/bin/../lib/gcc/arm-none-eabi/6.3.1/../../../../arm-none-eabi/lib/thumb/v7e-m\libc_nano.a(lib_a-puts.o)
                0x0000ec20                puts
 .text._sbrk_r  0x0000ec30       0x20 c:/program files (x86)/atmel/studio/7.0/toolchain/arm/arm-gnu-toolchain/bin/../lib/gcc/arm-none-eabi/6.3.1/../../../../arm-none-eabi/lib/thumb/v7e-m\libc_nano.a(lib_a-sbrkr.o)
                0x0000ec30                _sbrk_r
 .text.setbuf   0x0000ec50       0x10 c:/program files (x86)/atmel/studio/7.0/toolchain/arm/arm-gnu-toolchain/bin/../lib/gcc/arm-none-eabi/6.3.1/../../../../arm-none-eabi/lib/thumb/v7e-m\libc_nano.a(lib_a-setbuf.o)
                0x0000ec50                setbuf
 .text.setvbuf  0x0000ec60      0x15c c:/program files (x86)/atmel/studio/7.0/toolchain/arm/arm-gnu-toolchain/bin/../lib/gcc/arm-none-eabi/6.3.1/../../../../arm-none-eabi/lib/thumb/v7e-m\libc_nano.a(lib_a-setvbuf.o)
                0x0000ec60                setvbuf
 .text.sprintf  0x0000edbc       0x48 c:/program files (x86)/atmel/studio/7.0/toolchain/arm/arm-gnu-toolchain/bin/../lib/gcc/arm-none-eabi/6.3.1/../../../../arm-none-eabi/lib/thumb/v7e-m\libc_nano.a(lib_a-sprintf.o)
                0x0000edbc                siprintf
                0x0000edbc                sprintf
 .text          0x0000ee04       0x10 c:/program files (x86)/atmel/studio/7.0/toolchain/arm/arm-gnu-toolchain/bin/../lib/gcc/arm-none-eabi/6.3.1/../../../../arm-none-eabi/lib/thumb/v7e-m\libc_nano.a(lib_a-strlen.o)
                0x0000ee04                strlen
 .text.__swbuf_r
                0x0000ee14       0xa4 c:/program files (x86)/atmel/studio/7.0/toolchain/arm/arm-gnu-toolchain/bin/../lib/gcc/arm-none-eabi/6.3.1/../../../../arm-none-eabi/lib/thumb/v7e-m\libc_nano.a(lib_a-wbuf.o)
                0x0000ee14                __swbuf_r
 .text.__swsetup_r
                0x0000eeb8       0xdc c:/program files (x86)/atmel/studio/7.0/toolchain/arm/arm-gnu-toolchain/bin/../lib/gcc/arm-none-eabi/6.3.1/../../../../arm-none-eabi/lib/thumb/v7e-m\libc_nano.a(lib_a-wsetup.o)
                0x0000eeb8                __swsetup_r
 .text.__sflush_r
                0x0000ef94      0x110 c:/program files (x86)/atmel/studio/7.0/toolchain/arm/arm-gnu-toolchain/bin/../lib/gcc/arm-none-eabi/6.3.1/../../../../arm-none-eabi/lib/thumb/v7e-m\libc_nano.a(lib_a-fflush.o)
                0x0000ef94                __sflush_r
 .text._fflush_r
                0x0000f0a4       0x54 c:/program files (x86)/atmel/studio/7.0/toolchain/arm/arm-gnu-toolchain/bin/../lib/gcc/arm-none-eabi/6.3.1/../../../../arm-none-eabi/lib/thumb/v7e-m\libc_nano.a(lib_a-fflush.o)
                0x0000f0a4                _fflush_r
 .text._cleanup_r
                0x0000f0f8        0xc c:/program files (x86)/atmel/studio/7.0/toolchain/arm/arm-gnu-toolchain/bin/../lib/gcc/arm-none-eabi/6.3.1/../../../../arm-none-eabi/lib/thumb/v7e-m\libc_nano.a(lib_a-findfp.o)
                0x0000f0f8                _cleanup_r
 .text.std.isra.0
                0x0000f104       0x48 c:/program files (x86)/atmel/studio/7.0/toolchain/arm/arm-gnu-toolchain/bin/../lib/gcc/arm-none-eabi/6.3.1/../../../../arm-none-eabi/lib/thumb/v7e-m\libc_nano.a(lib_a-findfp.o)
 .text.__sfmoreglue
                0x0000f14c       0x2c c:/program files (x86)/atmel/studio/7.0/toolchain/arm/arm-gnu-toolchain/bin/../lib/gcc/arm-none-eabi/6.3.1/../../../../arm-none-eabi/lib/thumb/v7e-m\libc_nano.a(lib_a-findfp.o)
                0x0000f14c                __sfmoreglue
 .text.__sinit  0x0000f178       0x60 c:/program files (x86)/atmel/studio/7.0/toolchain/arm/arm-gnu-toolchain/bin/../lib/gcc/arm-none-eabi/6.3.1/../../../../arm-none-eabi/lib/thumb/v7e-m\libc_nano.a(lib_a-findfp.o)
                0x0000f178                __sinit
 .text.__sfp    0x0000f1d8       0x78 c:/program files (x86)/atmel/studio/7.0/toolchain/arm/arm-gnu-toolchain/bin/../lib/gcc/arm-none-eabi/6.3.1/../../../../arm-none-eabi/lib/thumb/v7e-m\libc_nano.a(lib_a-findfp.o)
                0x0000f1d8                __sfp
 .text._fwalk_reent
                0x0000f250       0x3c c:/program files (x86)/atmel/studio/7.0/toolchain/arm/arm-gnu-toolchain/bin/../lib/gcc/arm-none-eabi/6.3.1/../../../../arm-none-eabi/lib/thumb/v7e-m\libc_nano.a(lib_a-fwalk.o)
                0x0000f250                _fwalk_reent
 .text.__swhatbuf_r
                0x0000f28c       0x48 c:/program files (x86)/atmel/studio/7.0/toolchain/arm/arm-gnu-toolchain/bin/../lib/gcc/arm-none-eabi/6.3.1/../../../../arm-none-eabi/lib/thumb/v7e-m\libc_nano.a(lib_a-makebuf.o)
                0x0000f28c                __swhatbuf_r
 .text.__smakebuf_r
                0x0000f2d4       0x80 c:/program files (x86)/atmel/studio/7.0/toolchain/arm/arm-gnu-toolchain/bin/../lib/gcc/arm-none-eabi/6.3.1/../../../../arm-none-eabi/lib/thumb/v7e-m\libc_nano.a(lib_a-makebuf.o)
                0x0000f2d4                __smakebuf_r
 .text.__malloc_lock
                0x0000f354        0x2 c:/program files (x86)/atmel/studio/7.0/toolchain/arm/arm-gnu-toolchain/bin/../lib/gcc/arm-none-eabi/6.3.1/../../../../arm-none-eabi/lib/thumb/v7e-m\libc_nano.a(lib_a-mlock.o)
                0x0000f354                __malloc_lock
 .text.__malloc_unlock
                0x0000f356        0x2 c:/program files (x86)/atmel/studio/7.0/toolchain/arm/arm-gnu-toolchain/bin/../lib/gcc/arm-none-eabi/6.3.1/../../../../arm-none-eabi/lib/thumb/v7e-m\libc_nano.a(lib_a-mlock.o)
                0x0000f356                __malloc_unlock
 .text.__ssputs_r
                0x0000f358       0xb6 c:/program files (x86)/atmel/studio/7.0/toolchain/arm/arm-gnu-toolchain/bin/../lib/gcc/arm-none-eabi/6.3.1/../../../../arm-none-eabi/lib/thumb/v7e-m\libc_nano.a(lib_a-nano-svfprintf.o)
                0x0000f358                __ssputs_r
 *fill*         0x0000f40e        0x2 
 .text._svfprintf_r
                0x0000f410      0x1e8 c:/program files (x86)/atmel/studio/7.0/toolchain/arm/arm-gnu-toolchain/bin/../lib/gcc/arm-none-eabi/6.3.1/../../../../arm-none-eabi/lib/thumb/v7e-m\libc_nano.a(lib_a-nano-svfprintf.o)
                0x0000f410                _svfiprintf_r
                0x0000f410                _svfprintf_r
 .text.__sfputc_r
                0x0000f5f8       0x2c c:/program files (x86)/atmel/studio/7.0/toolchain/arm/arm-gnu-toolchain/bin/../lib/gcc/arm-none-eabi/6.3.1/../../../../arm-none-eabi/lib/thumb/v7e-m\libc_nano.a(lib_a-nano-vfprintf.o)
 .text.__sfputs_r
                0x0000f624       0x24 c:/program files (x86)/atmel/studio/7.0/toolchain/arm/arm-gnu-toolchain/bin/../lib/gcc/arm-none-eabi/6.3.1/../../../../arm-none-eabi/lib/thumb/v7e-m\libc_nano.a(lib_a-nano-vfprintf.o)
                0x0000f624                __sfputs_r
 .text._vfprintf_r
                0x0000f648      0x22c c:/program files (x86)/atmel/studio/7.0/toolchain/arm/arm-gnu-toolchain/bin/../lib/gcc/arm-none-eabi/6.3.1/../../../../arm-none-eabi/lib/thumb/v7e-m\libc_nano.a(lib_a-nano-vfprintf.o)
                0x0000f648                _vfprintf_r
                0x0000f648                _vfiprintf_r
 .text._printf_common
                0x0000f874       0xec c:/program files (x86)/atmel/studio/7.0/toolchain/arm/arm-gnu-toolchain/bin/../lib/gcc/arm-none-eabi/6.3.1/../../../../arm-none-eabi/lib/thumb/v7e-m\libc_nano.a(lib_a-nano-vfprintf_i.o)
                0x0000f874                _printf_common
 .text._printf_i
                0x0000f960      0x240 c:/program files (x86)/atmel/studio/7.0/toolchain/arm/arm-gnu-toolchain/bin/../lib/gcc/arm-none-eabi/6.3.1/../../../../arm-none-eabi/lib/thumb/v7e-m\libc_nano.a(lib_a-nano-vfprintf_i.o)
                0x0000f960                _printf_i
 .text.__sread  0x0000fba0       0x22 c:/program files (x86)/atmel/studio/7.0/toolchain/arm/arm-gnu-toolchain/bin/../lib/gcc/arm-none-eabi/6.3.1/../../../../arm-none-eabi/lib/thumb/v7e-m\libc_nano.a(lib_a-stdio.o)
                0x0000fba0                __sread
 .text.__swrite
                0x0000fbc2       0x38 c:/program files (x86)/atmel/studio/7.0/toolchain/arm/arm-gnu-toolchain/bin/../lib/gcc/arm-none-eabi/6.3.1/../../../../arm-none-eabi/lib/thumb/v7e-m\libc_nano.a(lib_a-stdio.o)
                0x0000fbc2                __swrite
 .text.__sseek  0x0000fbfa       0x24 c:/program files (x86)/atmel/studio/7.0/toolchain/arm/arm-gnu-toolchain/bin/../lib/gcc/arm-none-eabi/6.3.1/../../../../arm-none-eabi/lib/thumb/v7e-m\libc_nano.a(lib_a-stdio.o)
                0x0000fbfa                __sseek
 .text.__sclose
                0x0000fc1e        0x8 c:/program files (x86)/atmel/studio/7.0/toolchain/arm/arm-gnu-toolchain/bin/../lib/gcc/arm-none-eabi/6.3.1/../../../../arm-none-eabi/lib/thumb/v7e-m\libc_nano.a(lib_a-stdio.o)
                0x0000fc1e                __sclose
 *fill*         0x0000fc26        0x2 
 .text._write_r
                0x0000fc28       0x24 c:/program files (x86)/atmel/studio/7.0/toolchain/arm/arm-gnu-toolchain/bin/../lib/gcc/arm-none-eabi/6.3.1/../../../../arm-none-eabi/lib/thumb/v7e-m\libc_nano.a(lib_a-writer.o)
                0x0000fc28                _write_r
 .text._close_r
                0x0000fc4c       0x20 c:/program files (x86)/atmel/studio/7.0/toolchain/arm/arm-gnu-toolchain/bin/../lib/gcc/arm-none-eabi/6.3.1/../../../../arm-none-eabi/lib/thumb/v7e-m\libc_nano.a(lib_a-closer.o)
                0x0000fc4c                _close_r
 .text._fstat_r
                0x0000fc6c       0x24 c:/program files (x86)/atmel/studio/7.0/toolchain/arm/arm-gnu-toolchain/bin/../lib/gcc/arm-none-eabi/6.3.1/../../../../arm-none-eabi/lib/thumb/v7e-m\libc_nano.a(lib_a-fstatr.o)
                0x0000fc6c                _fstat_r
 .text._isatty_r
                0x0000fc90       0x20 c:/program files (x86)/atmel/studio/7.0/toolchain/arm/arm-gnu-toolchain/bin/../lib/gcc/arm-none-eabi/6.3.1/../../../../arm-none-eabi/lib/thumb/v7e-m\libc_nano.a(lib_a-isattyr.o)