Archive member included to satisfy reference by file (symbol)

c:/program files (x86)/atmel/studio/7.0/toolchain/arm/arm-gnu-toolchain/bin/../lib/gcc/arm-none-eabi/6.3.1/thumb/v7e-m\libgcc.a(_arm_addsubdf3.o)
                              hpl/sercom/hpl_sercom.o (__aeabi_dsub)
c:/program files (x86)/atmel/studio/7.0/toolchain/arm/arm-gnu-toolchain/bin/../lib/gcc/arm-none-eabi/6.3.1/thumb/v7e-m\libgcc.a(_arm_muldivdf3.o)
                              grid/grid_hardwaretest.o (__aeabi_dmul)
c:/program files (x86)/atmel/studio/7.0/toolchain/arm/arm-gnu-toolchain/bin/../lib/gcc/arm-none-eabi/6.3.1/thumb/v7e-m\libgcc.a(_arm_fixunsdfsi.o)
                              grid/grid_hardwaretest.o (__aeabi_d2uiz)
c:/program files (x86)/atmel/studio/7.0/toolchain/arm/arm-gnu-toolchain/bin/../lib/gcc/arm-none-eabi/6.3.1/thumb/v7e-m\libgcc.a(_aeabi_uldivmod.o)
                              hpl/sercom/hpl_sercom.o (__aeabi_uldivmod)
c:/program files (x86)/atmel/studio/7.0/toolchain/arm/arm-gnu-toolchain/bin/../lib/gcc/arm-none-eabi/6.3.1/thumb/v7e-m\libgcc.a(_udivmoddi4.o)
                              c:/program files (x86)/atmel/studio/7.0/toolchain/arm/arm-gnu-toolchain/bin/../lib/gcc/arm-none-eabi/6.3.1/thumb/v7e-m\libgcc.a(_aeabi_uldivmod.o) (__udivmoddi4)
c:/program files (x86)/atmel/studio/7.0/toolchain/arm/arm-gnu-toolchain/bin/../lib/gcc/arm-none-eabi/6.3.1/thumb/v7e-m\libgcc.a(_dvmd_tls.o)
                              c:/program files (x86)/atmel/studio/7.0/toolchain/arm/arm-gnu-toolchain/bin/../lib/gcc/arm-none-eabi/6.3.1/thumb/v7e-m\libgcc.a(_aeabi_uldivmod.o) (__aeabi_ldiv0)
c:/program files (x86)/atmel/studio/7.0/toolchain/arm/arm-gnu-toolchain/bin/../lib/gcc/arm-none-eabi/6.3.1/../../../../arm-none-eabi/lib/thumb/v7e-m\libc_nano.a(lib_a-exit.o)
                              c:/program files (x86)/atmel/studio/7.0/toolchain/arm/arm-gnu-toolchain/bin/../lib/gcc/arm-none-eabi/6.3.1/../../../../arm-none-eabi/lib/thumb/v7e-m/crt0.o (exit)
c:/program files (x86)/atmel/studio/7.0/toolchain/arm/arm-gnu-toolchain/bin/../lib/gcc/arm-none-eabi/6.3.1/../../../../arm-none-eabi/lib/thumb/v7e-m\libc_nano.a(lib_a-impure.o)
                              c:/program files (x86)/atmel/studio/7.0/toolchain/arm/arm-gnu-toolchain/bin/../lib/gcc/arm-none-eabi/6.3.1/../../../../arm-none-eabi/lib/thumb/v7e-m\libc_nano.a(lib_a-exit.o) (_global_impure_ptr)
c:/program files (x86)/atmel/studio/7.0/toolchain/arm/arm-gnu-toolchain/bin/../lib/gcc/arm-none-eabi/6.3.1/../../../../arm-none-eabi/lib/thumb/v7e-m\libc_nano.a(lib_a-init.o)
                              c:/program files (x86)/atmel/studio/7.0/toolchain/arm/arm-gnu-toolchain/bin/../lib/gcc/arm-none-eabi/6.3.1/../../../../arm-none-eabi/lib/thumb/v7e-m/crt0.o (__libc_init_array)
c:/program files (x86)/atmel/studio/7.0/toolchain/arm/arm-gnu-toolchain/bin/../lib/gcc/arm-none-eabi/6.3.1/../../../../arm-none-eabi/lib/thumb/v7e-m\libc_nano.a(lib_a-malloc.o)
                              grid/grid_ain.o (malloc)
c:/program files (x86)/atmel/studio/7.0/toolchain/arm/arm-gnu-toolchain/bin/../lib/gcc/arm-none-eabi/6.3.1/../../../../arm-none-eabi/lib/thumb/v7e-m\libc_nano.a(lib_a-memcpy-stub.o)
                              hpl/nvmctrl/hpl_nvmctrl.o (memcpy)
c:/program files (x86)/atmel/studio/7.0/toolchain/arm/arm-gnu-toolchain/bin/../lib/gcc/arm-none-eabi/6.3.1/../../../../arm-none-eabi/lib/thumb/v7e-m\libc_nano.a(lib_a-memset.o)
                              c:/program files (x86)/atmel/studio/7.0/toolchain/arm/arm-gnu-toolchain/bin/../lib/gcc/arm-none-eabi/6.3.1/../../../../arm-none-eabi/lib/thumb/v7e-m/crt0.o (memset)
c:/program files (x86)/atmel/studio/7.0/toolchain/arm/arm-gnu-toolchain/bin/../lib/gcc/arm-none-eabi/6.3.1/../../../../arm-none-eabi/lib/thumb/v7e-m\libc_nano.a(lib_a-nano-freer.o)
                              c:/program files (x86)/atmel/studio/7.0/toolchain/arm/arm-gnu-toolchain/bin/../lib/gcc/arm-none-eabi/6.3.1/../../../../arm-none-eabi/lib/thumb/v7e-m\libc_nano.a(lib_a-malloc.o) (_free_r)
c:/program files (x86)/atmel/studio/7.0/toolchain/arm/arm-gnu-toolchain/bin/../lib/gcc/arm-none-eabi/6.3.1/../../../../arm-none-eabi/lib/thumb/v7e-m\libc_nano.a(lib_a-nano-mallocr.o)
                              c:/program files (x86)/atmel/studio/7.0/toolchain/arm/arm-gnu-toolchain/bin/../lib/gcc/arm-none-eabi/6.3.1/../../../../arm-none-eabi/lib/thumb/v7e-m\libc_nano.a(lib_a-malloc.o) (_malloc_r)
c:/program files (x86)/atmel/studio/7.0/toolchain/arm/arm-gnu-toolchain/bin/../lib/gcc/arm-none-eabi/6.3.1/../../../../arm-none-eabi/lib/thumb/v7e-m\libc_nano.a(lib_a-printf.o)
                              grid/grid_d51.o (printf)
c:/program files (x86)/atmel/studio/7.0/toolchain/arm/arm-gnu-toolchain/bin/../lib/gcc/arm-none-eabi/6.3.1/../../../../arm-none-eabi/lib/thumb/v7e-m\libc_nano.a(lib_a-puts.o)
                              grid/grid_unittest.o (puts)
[...]
Memory Configuration

Name             Origin             Length             Attributes
rom              0x00004000         0x0007a000         xr
ram              0x20000000         0x00040000         xrw
bkupram          0x47000000         0x00002000         xrw
qspi             0x04000000         0x01000000         xrw
*default*        0x00000000         0xffffffff

Linker script and memory map

LOAD c:/program files (x86)/atmel/studio/7.0/toolchain/arm/arm-gnu-toolchain/bin/../lib/gcc/arm-none-eabi/6.3.1/thumb/v7e-m/crti.o
LOAD c:/program files (x86)/atmel/studio/7.0/toolchain/arm/arm-gnu-toolchain/bin/../lib/gcc/arm-none-eabi/6.3.1/thumb/v7e-m/crtbegin.o
LOAD c:/program files (x86)/atmel/studio/7.0/toolchain/arm/arm-gnu-toolchain/bin/../lib/gcc/arm-none-eabi/6.3.1/../../../../arm-none-eabi/lib/thumb/v7e-m/crt0.o
LOAD atmel_start.o
LOAD Device_Startup/startup_samd51.o
LOAD Device_Startup/system_samd51.o
LOAD driver_init.o
LOAD examples/driver_examples.o
LOAD flash/n25q256a.o
LOAD flash/spi_nor_flash.o
LOAD grid/grid_d51.o
LOAD grid/grid_debug.o
LOAD grid/grid_hardwaretest.o
LOAD grid/grid_unittest.o
LOAD grid/grid_ain.o
LOAD grid/grid_buf.o
LOAD grid/grid_led.o
LOAD grid/grid_module.o
LOAD grid/grid_module_bu16_revb.o
LOAD grid/grid_module_en16_reva.o
LOAD grid/grid_module_pbf4_reva.o
LOAD grid/grid_module_po16_revb.o
LOAD grid/grid_sys.o
LOAD grid/grid_ui.o
LOAD grid/grid_usb.o
LOAD hal/src/hal_adc_async.o
LOAD hal/src/hal_atomic.o
LOAD hal/src/hal_cache.o
LOAD hal/src/hal_crc_sync.o
LOAD hal/src/hal_delay.o
LOAD hal/src/hal_evsys.o
LOAD hal/src/hal_flash.o
LOAD hal/src/hal_gpio.o
LOAD hal/src/hal_i2c_m_async.o
LOAD hal/src/hal_init.o
LOAD hal/src/hal_io.o
LOAD hal/src/hal_qspi_dma.o
LOAD hal/src/hal_sleep.o
LOAD hal/src/hal_spi_m_async.o
LOAD hal/src/hal_spi_m_dma.o
LOAD hal/src/hal_timer.o
LOAD hal/src/hal_usart_async.o
LOAD hal/src/hal_usart_sync.o
LOAD hal/src/hal_usb_device.o
LOAD hal/src/hal_wdt.o
LOAD hal/utils/src/utils_assert.o
LOAD hal/utils/src/utils_event.o
LOAD hal/utils/src/utils_list.o
LOAD hal/utils/src/utils_ringbuffer.o
LOAD hal/utils/src/utils_syscalls.o
LOAD hpl/adc/hpl_adc.o
LOAD hpl/cmcc/hpl_cmcc.o
LOAD hpl/core/hpl_core_m4.o
LOAD hpl/core/hpl_init.o
LOAD hpl/dmac/hpl_dmac.o
LOAD hpl/dsu/hpl_dsu.o
LOAD hpl/evsys/hpl_evsys.o
LOAD hpl/gclk/hpl_gclk.o
LOAD hpl/mclk/hpl_mclk.o
LOAD hpl/nvmctrl/hpl_nvmctrl.o
LOAD hpl/osc32kctrl/hpl_osc32kctrl.o
LOAD hpl/oscctrl/hpl_oscctrl.o
LOAD hpl/pac/hpl_pac.o
LOAD hpl/pm/hpl_pm.o
LOAD hpl/qspi/hpl_qspi.o
LOAD hpl/ramecc/hpl_ramecc.o
LOAD hpl/rtc/hpl_rtc.o
LOAD hpl/sercom/hpl_sercom.o
LOAD hpl/systick/hpl_systick.o
LOAD hpl/tc/hpl_tc.o
LOAD hpl/usb/hpl_usb.o
LOAD hpl/wdt/hpl_wdt.o
LOAD main.o
LOAD stdio_redirect/gcc/read.o
LOAD stdio_redirect/gcc/write.o
LOAD stdio_redirect/stdio_io.o
LOAD stdio_start.o
LOAD usb/class/cdc/device/cdcdf_acm.o
LOAD usb/class/hid/device/hiddf_generic.o
LOAD usb/class/hid/device/hiddf_keyboard.o
LOAD usb/class/hid/device/hiddf_mouse.o
LOAD usb/class/midi/device/audiodf_midi.o
LOAD usb/class/midi/usb_protocol_midi.o
LOAD usb/class/msc/device/mscdf.o
LOAD usb/device/usbdc.o
LOAD usb/usb_protocol.o
LOAD usb_start.o
START GROUP
LOAD c:/program files (x86)/atmel/studio/7.0/toolchain/arm/arm-gnu-toolchain/bin/../lib/gcc/arm-none-eabi/6.3.1/../../../../arm-none-eabi/lib/thumb/v7e-m\libm.a
END GROUP
START GROUP
LOAD c:/program files (x86)/atmel/studio/7.0/toolchain/arm/arm-gnu-toolchain/bin/../lib/gcc/arm-none-eabi/6.3.1/thumb/v7e-m\libgcc.a
LOAD c:/program files (x86)/atmel/studio/7.0/toolchain/arm/arm-gnu-toolchain/bin/../lib/gcc/arm-none-eabi/6.3.1/../../../../arm-none-eabi/lib/thumb/v7e-m\libc_nano.a
END GROUP
START GROUP
LOAD c:/program files (x86)/atmel/studio/7.0/toolchain/arm/arm-gnu-toolchain/bin/../lib/gcc/arm-none-eabi/6.3.1/thumb/v7e-m\libgcc.a
LOAD c:/program files (x86)/atmel/studio/7.0/toolchain/arm/arm-gnu-toolchain/bin/../lib/gcc/arm-none-eabi/6.3.1/../../../../arm-none-eabi/lib/thumb/v7e-m\libc_nano.a
END GROUP
LOAD c:/program files (x86)/atmel/studio/7.0/toolchain/arm/arm-gnu-toolchain/bin/../lib/gcc/arm-none-eabi/6.3.1/thumb/v7e-m/crtend.o
LOAD c:/program files (x86)/atmel/studio/7.0/toolchain/arm/arm-gnu-toolchain/bin/../lib/gcc/arm-none-eabi/6.3.1/thumb/v7e-m/crtn.o
                0x00010000                STACK_SIZE = DEFINED (STACK_SIZE)?STACK_SIZE:DEFINED (__stack_size__)?__stack_size__:0x10000

.text           0x00004000     0xcbb4
                0x00004000                . = ALIGN (0x4)
                0x00004000                _sfixed = .
 *(.vectors .vectors.*)
 .vectors       0x00004000      0x264 Device_Startup/startup_samd51.o
                0x00004000                exception_table
 *(.text .text.* .gnu.linkonce.t.*)
 .text          0x00004264       0x6c c:/program files (x86)/atmel/studio/7.0/toolchain/arm/arm-gnu-toolchain/bin/../lib/gcc/arm-none-eabi/6.3.1/thumb/v7e-m/crtbegin.o
 .text.atmel_start_init
                0x000042d0       0x20 atmel_start.o
                0x000042d0                atmel_start_init
 .text.Dummy_Handler
                0x000042f0        0x2 Device_Startup/startup_samd51.o
                0x000042f0                EIC_5_Handler
                0x000042f0                SVCall_Handler
                0x000042f0                EIC_13_Handler
                0x000042f0                EVSYS_0_Handler
                0x000042f0                TCC1_3_Handler
                0x000042f0                DAC_3_Handler
                0x000042f0                TRNG_Handler
                0x000042f0                HardFault_Handler
                0x000042f0                PDEC_2_Handler
                0x000042f0                EIC_4_Handler
                0x000042f0                AC_Handler
                0x000042f0                SysTick_Handler
                0x000042f0                TCC2_3_Handler
                0x000042f0                PendSV_Handler
                0x000042f0                TC7_Handler
                0x000042f0                EVSYS_3_Handler
                0x000042f0                PDEC_0_Handler
                0x000042f0                QSPI_Handler
                0x000042f0                NonMaskableInt_Handler
                0x000042f0                TCC0_0_Handler
                0x000042f0                EIC_3_Handler
                0x000042f0                MemManagement_Handler
                0x000042f0                DAC_2_Handler
                0x000042f0                UsageFault_Handler
                0x000042f0                EIC_10_Handler
                0x000042f0                EIC_11_Handler
                0x000042f0                EIC_9_Handler
                0x000042f0                OSC32KCTRL_Handler
                0x000042f0                TCC2_1_Handler
                0x000042f0                SUPC_1_Handler
                0x000042f0                TCC0_5_Handler
                0x000042f0                TCC0_6_Handler
                0x000042f0                EVSYS_1_Handler
                0x000042f0                TCC1_4_Handler
                0x000042f0                TC6_Handler
                0x000042f0                WDT_Handler
                0x000042f0                EIC_8_Handler
                0x000042f0                EIC_15_Handler
                0x000042f0                TC4_Handler
                0x000042f0                OSCCTRL_4_Handler
                0x000042f0                EIC_12_Handler
                0x000042f0                TCC4_2_Handler
                0x000042f0                PAC_Handler
                0x000042f0                TCC1_0_Handler
                0x000042f0                OSCCTRL_0_Handler
                0x000042f0                EIC_0_Handler
                0x000042f0                OSCCTRL_3_Handler
                0x000042f0                Dummy_Handler
                0x000042f0                TCC3_0_Handler
                0x000042f0                TCC2_2_Handler
                0x000042f0                TCC1_1_Handler
                0x000042f0                OSCCTRL_2_Handler
                0x000042f0                TCC1_2_Handler
                0x000042f0                SERCOM7_1_Handler
                0x000042f0                PM_Handler
                0x000042f0                SERCOM2_3_Handler
                0x000042f0                DAC_4_Handler
                0x000042f0                TCC3_2_Handler
                0x000042f0                SERCOM7_0_Handler
                0x000042f0                TCC0_2_Handler
                0x000042f0                TCC4_0_Handler
                0x000042f0                SERCOM7_3_Handler
                0x000042f0                SDHC1_Handler
                0x000042f0                SERCOM7_2_Handler
                0x000042f0                TCC2_0_Handler
                0x000042f0                PDEC_1_Handler
                0x000042f0                TCC4_1_Handler
                0x000042f0                SDHC0_Handler
                0x000042f0                I2S_Handler
                0x000042f0                EIC_2_Handler
                0x000042f0                PCC_Handler
                0x000042f0                DAC_0_Handler
                0x000042f0                TCC0_1_Handler
                0x000042f0                EIC_6_Handler
                0x000042f0                OSCCTRL_1_Handler
                0x000042f0                PUKCC_Handler
                0x000042f0                SERCOM2_1_Handler
                0x000042f0                EIC_1_Handler
                0x000042f0                EVSYS_4_Handler
                0x000042f0                EIC_7_Handler
                0x000042f0                SERCOM2_2_Handler
                0x000042f0                TCC3_1_Handler
                0x000042f0                EIC_14_Handler
                0x000042f0                DAC_1_Handler
                0x000042f0                MCLK_Handler
                0x000042f0                EVSYS_2_Handler
                0x000042f0                SUPC_0_Handler
                0x000042f0                BusFault_Handler
                0x000042f0                FREQM_Handler
                0x000042f0                TCC0_3_Handler
                0x000042f0                DebugMonitor_Handler
                0x000042f0                TCC0_4_Handler
                0x000042f0                TC5_Handler
                0x000042f0                SERCOM2_0_Handler
                0x000042f0                AES_Handler
                0x000042f0                ICM_Handler
 *fill*         0x000042f2        0x2 
 .text.Reset_Handler
                0x000042f4       0x78 Device_Startup/startup_samd51.o
                0x000042f4                Reset_Handler
 .text._gpio_set_pin_function
                0x0000436c       0x68 driver_init.o
 .text.gpio_set_pin_direction
                0x000043d4       0x68 driver_init.o
 .text.ADC_0_init
                0x0000443c       0x80 driver_init.o
                0x0000443c                ADC_0_init
 .text.ADC_1_init
                0x000044bc       0x84 driver_init.o
                0x000044bc                ADC_1_init
 .text.CRC_0_init
                0x00004540       0x24 driver_init.o
                0x00004540                CRC_0_init
 .text.EVENT_SYSTEM_0_init
                0x00004564       0x30 driver_init.o
                0x00004564                EVENT_SYSTEM_0_init
 .text.FLASH_0_CLOCK_init
                0x00004594       0x10 driver_init.o
                0x00004594                FLASH_0_CLOCK_init
 .text.FLASH_0_init
                0x000045a4       0x24 driver_init.o
                0x000045a4                FLASH_0_init
 .text.QSPI_INSTANCE_PORT_init
                0x000045c8       0xdc driver_init.o
                0x000045c8                QSPI_INSTANCE_PORT_init
 .text.QSPI_INSTANCE_CLOCK_init
                0x000046a4       0x20 driver_init.o
                0x000046a4                QSPI_INSTANCE_CLOCK_init
 .text.QSPI_INSTANCE_init
                0x000046c4       0x2c driver_init.o
                0x000046c4                QSPI_INSTANCE_init
 .text.USART_EAST_CLOCK_init
                0x000046f0       0x24 driver_init.o
                0x000046f0                USART_EAST_CLOCK_init
 .text.USART_EAST_PORT_init
                0x00004714       0x24 driver_init.o
                0x00004714                USART_EAST_PORT_init
 .text.USART_EAST_init
                0x00004738       0x38 driver_init.o
                0x00004738                USART_EAST_init
 .text.USART_NORTH_CLOCK_init
                0x00004770       0x24 driver_init.o
                0x00004770                USART_NORTH_CLOCK_init
 .text.USART_NORTH_PORT_init
                0x00004794       0x24 driver_init.o
                0x00004794                USART_NORTH_PORT_init
 .text.USART_NORTH_init
                0x000047b8       0x38 driver_init.o
                0x000047b8                USART_NORTH_init
 .text.GRID_AUX_PORT_init
                0x000047f0       0x24 driver_init.o
                0x000047f0                GRID_AUX_PORT_init
 .text.GRID_AUX_CLOCK_init
                0x00004814       0x24 driver_init.o
                0x00004814                GRID_AUX_CLOCK_init
 .text.GRID_AUX_init
                0x00004838       0x2c driver_init.o
                0x00004838                GRID_AUX_init
 .text.UI_SPI_PORT_init
                0x00004864       0x68 driver_init.o
                0x00004864                UI_SPI_PORT_init
 .text.UI_SPI_CLOCK_init
                0x000048cc       0x24 driver_init.o
                0x000048cc                UI_SPI_CLOCK_init
 .text.UI_SPI_init
                0x000048f0       0x2c driver_init.o
                0x000048f0                UI_SPI_init
 .text.USART_WEST_CLOCK_init
                0x0000491c       0x24 driver_init.o
                0x0000491c                USART_WEST_CLOCK_init
 .text.USART_WEST_PORT_init
                0x00004940       0x24 driver_init.o
                0x00004940                USART_WEST_PORT_init
 .text.USART_WEST_init
                0x00004964       0x38 driver_init.o
                0x00004964                USART_WEST_init
 .text.SYS_I2C_PORT_init
                0x0000499c       0x40 driver_init.o
                0x0000499c                SYS_I2C_PORT_init
 .text.SYS_I2C_CLOCK_init
                0x000049dc       0x24 driver_init.o
                0x000049dc                SYS_I2C_CLOCK_init
 .text.SYS_I2C_init
                0x00004a00       0x2c driver_init.o
                0x00004a00                SYS_I2C_init
 .text.USART_SOUTH_CLOCK_init
                0x00004a2c       0x24 driver_init.o
                0x00004a2c                USART_SOUTH_CLOCK_init
 .text.USART_SOUTH_PORT_init
                0x00004a50       0x24 driver_init.o
                0x00004a50                USART_SOUTH_PORT_init
 .text.USART_SOUTH_init
                0x00004a74       0x38 driver_init.o
                0x00004a74                USART_SOUTH_init
 .text.GRID_LED_PORT_init
                0x00004aac       0x68 driver_init.o
                0x00004aac                GRID_LED_PORT_init
 .text.GRID_LED_CLOCK_init
                0x00004b14       0x24 driver_init.o
                0x00004b14                GRID_LED_CLOCK_init
 .text.GRID_LED_init
                0x00004b38       0x2c driver_init.o
                0x00004b38                GRID_LED_init
 .text.delay_driver_init
                0x00004b64       0x10 driver_init.o
                0x00004b64                delay_driver_init
 .text.USB_DEVICE_INSTANCE_PORT_init
                0x00004b74       0x60 driver_init.o
                0x00004b74                USB_DEVICE_INSTANCE_PORT_init
 .text.USB_DEVICE_INSTANCE_CLOCK_init
                0x00004bd4       0x24 driver_init.o
                0x00004bd4                USB_DEVICE_INSTANCE_CLOCK_init
 .text.USB_DEVICE_INSTANCE_init
                0x00004bf8       0x20 driver_init.o
                0x00004bf8                USB_DEVICE_INSTANCE_init
 .text.WDT_0_CLOCK_init
                0x00004c18       0x10 driver_init.o
                0x00004c18                WDT_0_CLOCK_init
 .text.WDT_0_init
                0x00004c28       0x24 driver_init.o
                0x00004c28                WDT_0_init
 .text.system_init
                0x00004c4c      0x2a8 driver_init.o
                0x00004c4c                system_init
 .text.grid_d51_bitmap_write_bit
                0x00004ef4       0x3a grid/grid_d51.o
                0x00004ef4                grid_d51_bitmap_write_bit
 *fill*         0x00004f2e        0x2 
 .text.grid_d51_verify_user_row
                0x00004f30      0x198 grid/grid_d51.o
                0x00004f30                grid_d51_verify_user_row
 .text.grid_d51_init
                0x000050c8       0x4c grid/grid_d51.o
                0x000050c8                grid_d51_init
 .text.grid_ain_channel_init
                0x00005114       0x34 grid/grid_ain.o
                0x00005114                grid_ain_channel_init
 .text.grid_ain_init
                0x00005148       0x44 grid/grid_ain.o
                0x00005148                grid_ain_init
 .text.grid_ain_add_sample
                0x0000518c       0xd0 grid/grid_ain.o
                0x0000518c                grid_ain_add_sample
 .text.grid_ain_get_changed
                0x0000525c       0x10 grid/grid_ain.o
                0x0000525c                grid_ain_get_changed
 .text.grid_ain_get_average
                0x0000526c       0x28 grid/grid_ain.o
                0x0000526c                grid_ain_get_average
 .text.grid_port_reset_receiver
                0x00005294       0x78 grid/grid_buf.o
                0x00005294                grid_port_reset_receiver
 .text.grid_port_receive_task
                0x0000530c      0x118 grid/grid_buf.o
                0x0000530c                grid_port_receive_task
 .text.grid_buffer_init
                0x00005424       0x44 grid/grid_buf.o
                0x00005424                grid_buffer_init
 .text.grid_buffer_write_size
                0x00005468       0x14 grid/grid_buf.o
                0x00005468                grid_buffer_write_size
 .text.grid_buffer_write_init
                0x0000547c       0x2c grid/grid_buf.o
                0x0000547c                grid_buffer_write_init
 .text.grid_buffer_write_character
                0x000054a8       0x1c grid/grid_buf.o
                0x000054a8                grid_buffer_write_character
 .text.grid_buffer_write_acknowledge
                0x000054c4       0x10 grid/grid_buf.o
                0x000054c4                grid_buffer_write_acknowledge
 .text.grid_port_receive_decode
                0x000054d4      0x520 grid/grid_buf.o
                0x000054d4                grid_port_receive_decode
 .text.grid_port_receive_complete_task
                0x000059f4       0x74 grid/grid_buf.o
                0x000059f4                grid_port_receive_complete_task
 .text.grid_buffer_read_size
                0x00005a68       0x4c grid/grid_buf.o
                0x00005a68                grid_buffer_read_size
 .text.grid_buffer_read_init
                0x00005ab4       0x5c grid/grid_buf.o
                0x00005ab4                grid_buffer_read_init
 .text.grid_buffer_read_character
                0x00005b10       0x24 grid/grid_buf.o
                0x00005b10                grid_buffer_read_character
 .text.grid_buffer_read_acknowledge
                0x00005b34       0x10 grid/grid_buf.o
                0x00005b34                grid_buffer_read_acknowledge
 .text.grid_port_init
                0x00005b44       0xd8 grid/grid_buf.o
                0x00005b44                grid_port_init
 .text.grid_port_init_all
                0x00005c1c       0xf4 grid/grid_buf.o
                0x00005c1c                grid_port_init_all
 .text.grid_port_process_inbound
                0x00005d10      0x1ac grid/grid_buf.o
                0x00005d10                grid_port_process_inbound
 .text.grid_port_process_outbound_usb
                0x00005ebc      0x190 grid/grid_buf.o
                0x00005ebc                grid_port_process_outbound_usb
 .text.grid_port_process_outbound_ui
                0x0000604c      0x358 grid/grid_buf.o
                0x0000604c                grid_port_process_outbound_ui
 .text.grid_port_process_outbound_usart
                0x000063a4       0x6c grid/grid_buf.o
                0x000063a4                grid_port_process_outbound_usart
 .text.grid_led_lowlevel_hardware_transfer_complete_cb
                0x00006410        0xc grid/grid_led.o
 .text.grid_led_lowlevel_set_color
                0x0000641c       0x4c grid/grid_led.o
                0x0000641c                grid_led_lowlevel_set_color
 .text.grid_led_hardware_init
                0x00006468       0x2c grid/grid_led.o
                0x00006468                grid_led_hardware_init
 .text.grid_led_get_led_number
                0x00006494        0x4 grid/grid_led.o
                0x00006494                grid_led_get_led_number
 .text.grid_led_tick
                0x00006498       0x34 grid/grid_led.o
                0x00006498                grid_led_tick
 .text.grid_led_set_min
                0x000064cc       0x20 grid/grid_led.o
                0x000064cc                grid_led_set_min
 .text.grid_led_set_mid
                0x000064ec       0x20 grid/grid_led.o
                0x000064ec                grid_led_set_mid
 .text.grid_led_set_max
                0x0000650c       0x20 grid/grid_led.o
                0x0000650c                grid_led_set_max
 .text.grid_led_set_color
                0x0000652c       0x6c grid/grid_led.o
                0x0000652c                grid_led_set_color
 .text.grid_led_set_phase
                0x00006598       0x14 grid/grid_led.o
                0x00006598                grid_led_set_phase
 .text.grid_led_set_frequency
                0x000065ac       0x14 grid/grid_led.o
                0x000065ac                grid_led_set_frequency
 .text.grid_led_buffer_init
                0x000065c0      0x16c grid/grid_led.o
                0x000065c0                grid_led_buffer_init
 .text.grid_led_lowlevel_init
                0x0000672c       0xb0 grid/grid_led.o
                0x0000672c                grid_led_lowlevel_init
 .text.grid_led_lowlevel_render
                0x000067dc       0xb0 grid/grid_led.o
                0x000067dc                grid_led_lowlevel_render
 .text.grid_led_lowlevel_render_all
                0x0000688c       0x20 grid/grid_led.o
                0x0000688c                grid_led_lowlevel_render_all
 .text.grid_led_lowlevel_hardware_start_transfer
                0x000068ac       0x30 grid/grid_led.o
                0x000068ac                grid_led_lowlevel_hardware_start_transfer
 .text.grid_module_common_init
                0x000068dc      0x234 grid/grid_module.o
                0x000068dc                grid_module_common_init
 .text.grid_module_bu16_revb_hardware_start_transfer
                0x00006b10       0x20 grid/grid_module_bu16_revb.o
                0x00006b10                grid_module_bu16_revb_hardware_start_transfer
 .text.grid_module_bu16_revb_hardware_transfer_complete_cb
                0x00006b30      0x1cc grid/grid_module_bu16_revb.o
 .text.grid_module_bu16_revb_hardware_init
                0x00006cfc       0x48 grid/grid_module_bu16_revb.o
                0x00006cfc                grid_module_bu16_revb_hardware_init
 .text.grid_module_bu16_revb_init
                0x00006d44       0xc8 grid/grid_module_bu16_revb.o
                0x00006d44                grid_module_bu16_revb_init
 .text.grid_module_en16_reva_hardware_start_transfer
                0x00006e0c       0x3c grid/grid_module_en16_reva.o
                0x00006e0c                grid_module_en16_reva_hardware_start_transfer
 .text.grid_module_en16_reva_hardware_transfer_complete_cb
                0x00006e48      0x378 grid/grid_module_en16_reva.o
                0x00006e48                grid_module_en16_reva_hardware_transfer_complete_cb
 .text.grid_module_en16_reva_hardware_init
                0x000071c0       0x68 grid/grid_module_en16_reva.o
                0x000071c0                grid_module_en16_reva_hardware_init
 .text.grid_module_en16_reva_init
                0x00007228      0x11c grid/grid_module_en16_reva.o
                0x00007228                grid_module_en16_reva_init
 .text.grid_module_pbf4_reva_hardware_start_transfer
                0x00007344       0x20 grid/grid_module_pbf4_reva.o
                0x00007344                grid_module_pbf4_reva_hardware_start_transfer
 *fill*         0x00007364        0x4 
 .text.grid_module_pbf4_reva_hardware_transfer_complete_cb
                0x00007368      0x324 grid/grid_module_pbf4_reva.o
                0x00007368                grid_module_pbf4_reva_hardware_transfer_complete_cb
 .text.grid_module_pbf4_reva_hardware_init
                0x0000768c       0x48 grid/grid_module_pbf4_reva.o
                0x0000768c                grid_module_pbf4_reva_hardware_init
 .text.grid_module_pbf4_reva_init
                0x000076d4      0x118 grid/grid_module_pbf4_reva.o
                0x000076d4                grid_module_pbf4_reva_init
 .text.grid_module_po16_revb_hardware_start_transfer
                0x000077ec       0x20 grid/grid_module_po16_revb.o
                0x000077ec                grid_module_po16_revb_hardware_start_transfer
 *fill*         0x0000780c        0x4 
 .text.grid_module_po16_revb_hardware_transfer_complete_cb
                0x00007810      0x20c grid/grid_module_po16_revb.o
 .text.grid_module_po16_revb_hardware_init
                0x00007a1c       0x48 grid/grid_module_po16_revb.o
                0x00007a1c                grid_module_po16_revb_hardware_init
 .text.grid_module_po16_revb_init
                0x00007a64       0xbc grid/grid_module_po16_revb.o
                0x00007a64                grid_module_po16_revb_init
 .text.gpio_set_pin_pull_mode.constprop.3
                0x00007b20       0x28 grid/grid_sys.o
 .text.grid_task_enter_task
                0x00007b48        0x8 grid/grid_sys.o
                0x00007b48                grid_task_enter_task
 .text.grid_task_timer_tick
                0x00007b50        0xe grid/grid_sys.o
                0x00007b50                grid_task_timer_tick
 .text.grid_task_timer_reset
                0x00007b5e       0x10 grid/grid_sys.o
                0x00007b5e                grid_task_timer_reset
 .text.grid_task_timer_read
                0x00007b6e        0x8 grid/grid_sys.o
                0x00007b6e                grid_task_timer_read
 .text.tx_cb_USART_GRID
                0x00007b76       0x1a grid/grid_sys.o
                0x00007b76                tx_cb_USART_GRID
 .text.tx_cb_USART_GRID_W
                0x00007b90       0x10 grid/grid_sys.o
 .text.tx_cb_USART_GRID_S
                0x00007ba0       0x10 grid/grid_sys.o
 .text.tx_cb_USART_GRID_E
                0x00007bb0       0x10 grid/grid_sys.o
 .text.tx_cb_USART_GRID_N
                0x00007bc0       0x10 grid/grid_sys.o
 .text.err_cb_USART_GRID
                0x00007bd0       0x10 grid/grid_sys.o
                0x00007bd0                err_cb_USART_GRID
 .text.err_cb_USART_GRID_W
                0x00007be0       0x10 grid/grid_sys.o
 .text.err_cb_USART_GRID_S
                0x00007bf0       0x10 grid/grid_sys.o
 .text.err_cb_USART_GRID_E
                0x00007c00       0x10 grid/grid_sys.o
 .text.err_cb_USART_GRID_N
                0x00007c10       0x10 grid/grid_sys.o
 .text.grid_sys_port_reset_dma
                0x00007c20       0x20 grid/grid_sys.o
                0x00007c20                grid_sys_port_reset_dma
 .text.dma_transfer_complete_n_cb
                0x00007c40       0x10 grid/grid_sys.o
                0x00007c40                dma_transfer_complete_n_cb
 .text.dma_transfer_complete_e_cb
                0x00007c50       0x10 grid/grid_sys.o
                0x00007c50                dma_transfer_complete_e_cb
 .text.dma_transfer_complete_s_cb
                0x00007c60       0x10 grid/grid_sys.o
                0x00007c60                dma_transfer_complete_s_cb
 .text.dma_transfer_complete_w_cb
                0x00007c70       0x10 grid/grid_sys.o
                0x00007c70                dma_transfer_complete_w_cb
 .text.grid_sys_uart_init
                0x00007c80      0x104 grid/grid_sys.o
                0x00007c80                grid_sys_uart_init
 .text.grid_sys_dma_rx_init_one
                0x00007d84       0x64 grid/grid_sys.o
                0x00007d84                grid_sys_dma_rx_init_one
 .text.grid_sys_dma_rx_init
                0x00007de8       0x6c grid/grid_sys.o
                0x00007de8                grid_sys_dma_rx_init
 .text.grid_sys_bank_enable
                0x00007e54       0x10 grid/grid_sys.o
                0x00007e54                grid_sys_bank_enable
 .text.grid_sys_bank_disable
                0x00007e64       0x12 grid/grid_sys.o
                0x00007e64                grid_sys_bank_disable
 .text.grid_sys_bank_set_color
                0x00007e76       0x16 grid/grid_sys.o
                0x00007e76                grid_sys_bank_set_color
 .text.grid_sys_get_bank_num
                0x00007e8c        0x4 grid/grid_sys.o
                0x00007e8c                grid_sys_get_bank_num
 .text.grid_sys_get_bank_red
                0x00007e90        0x4 grid/grid_sys.o
                0x00007e90                grid_sys_get_bank_red
 .text.grid_sys_get_bank_gre
                0x00007e94        0x4 grid/grid_sys.o
                0x00007e94                grid_sys_get_bank_gre
 .text.grid_sys_get_bank_blu
                0x00007e98        0x4 grid/grid_sys.o
                0x00007e98                grid_sys_get_bank_blu
 .text.grid_sys_get_bank_next
                0x00007e9c       0x24 grid/grid_sys.o
                0x00007e9c                grid_sys_get_bank_next
 .text.grid_sys_rtc_get_time
                0x00007ec0        0x4 grid/grid_sys.o
                0x00007ec0                grid_sys_rtc_get_time
 .text.grid_sys_rtc_get_elapsed_time
                0x00007ec4        0x6 grid/grid_sys.o
                0x00007ec4                grid_sys_rtc_get_elapsed_time
 .text.grid_sys_rtc_tick_time
                0x00007eca        0x8 grid/grid_sys.o
                0x00007eca                grid_sys_rtc_tick_time
 .text.grid_sys_alert_read_color_changed_flag
                0x00007ed2        0x4 grid/grid_sys.o
                0x00007ed2                grid_sys_alert_read_color_changed_flag
 .text.grid_sys_alert_clear_color_changed_flag
                0x00007ed6        0x6 grid/grid_sys.o
                0x00007ed6                grid_sys_alert_clear_color_changed_flag
 .text.grid_sys_alert_get_color_intensity
                0x00007edc       0x42 grid/grid_sys.o
                0x00007edc                grid_sys_alert_get_color_intensity
 .text.grid_sys_alert_set_alert
                0x00007f1e       0x1a grid/grid_sys.o
                0x00007f1e                grid_sys_alert_set_alert
 .text.grid_sys_alert_get_color_r
                0x00007f38        0x4 grid/grid_sys.o
                0x00007f38                grid_sys_alert_get_color_r
 .text.grid_sys_alert_get_color_g
                0x00007f3c        0x4 grid/grid_sys.o
                0x00007f3c                grid_sys_alert_get_color_g
 .text.grid_sys_alert_get_color_b
                0x00007f40        0x4 grid/grid_sys.o
                0x00007f40                grid_sys_alert_get_color_b
 .text.grid_sys_read_hex_char_value
                0x00007f44       0x28 grid/grid_sys.o
                0x00007f44                grid_sys_read_hex_char_value
 .text.grid_sys_read_hex_string_value
                0x00007f6c       0x30 grid/grid_sys.o
                0x00007f6c                grid_sys_read_hex_string_value
 .text.grid_sys_write_hex_string_value
                0x00007f9c       0x34 grid/grid_sys.o
                0x00007f9c                grid_sys_write_hex_string_value
 .text.grid_sys_get_hwcfg
                0x00007fd0       0xe4 grid/grid_sys.o
                0x00007fd0                grid_sys_get_hwcfg
 .text.grid_sys_set_bank
                0x000080b4       0xcc grid/grid_sys.o
                0x000080b4                grid_sys_set_bank
 .text.grid_sys_init
                0x00008180       0x60 grid/grid_sys.o
                0x00008180                grid_sys_init
 .text.grid_msg_checksum_calculate
                0x000081e0       0x1a grid/grid_sys.o
                0x000081e0                grid_msg_checksum_calculate
 *fill*         0x000081fa        0x2 
 .text.grid_msg_checksum_read
                0x000081fc       0x1c grid/grid_sys.o
                0x000081fc                grid_msg_checksum_read
 .text.grid_msg_checksum_write
                0x00008218       0x10 grid/grid_sys.o
                0x00008218                grid_msg_checksum_write
 .text.grid_msg_get_parameter
                0x00008228       0x18 grid/grid_sys.o
                0x00008228                grid_msg_get_parameter
 .text.grid_msg_set_parameter
                0x00008240       0x14 grid/grid_sys.o
                0x00008240                grid_msg_set_parameter
 .text.grid_msg_find_recent
                0x00008254       0x1a grid/grid_sys.o
                0x00008254                grid_msg_find_recent
 .text.grid_msg_push_recent
                0x0000826e       0x16 grid/grid_sys.o
                0x0000826e                grid_msg_push_recent
 .text.grid_report_model_init
                0x00008284       0x20 grid/grid_ui.o
                0x00008284                grid_report_model_init
 .text.grid_ui_model_init
                0x000082a4       0x34 grid/grid_ui.o
                0x000082a4                grid_ui_model_init
 .text.grid_ui_event_init
                0x000082d8       0x44 grid/grid_ui.o
                0x000082d8                grid_ui_event_init
 .text.grid_ui_element_init
                0x0000831c       0xd8 grid/grid_ui.o
                0x0000831c                grid_ui_element_init
 .text.grid_ui_event_register_action
                0x000083f4       0xd6 grid/grid_ui.o
                0x000083f4                grid_ui_event_register_action
 .text.grid_ui_event_find
                0x000084ca       0x26 grid/grid_ui.o
                0x000084ca                grid_ui_event_find
 .text.grid_ui_event_trigger
                0x000084f0        0xa grid/grid_ui.o
                0x000084f0                grid_ui_event_trigger
 .text.grid_ui_event_render_action
                0x000084fa       0x1c grid/grid_ui.o
                0x000084fa                grid_ui_event_render_action
 *fill*         0x00008516        0x2 
 .text.grid_ui_event_template_action
                0x00008518       0xdc grid/grid_ui.o
                0x00008518                grid_ui_event_template_action
 .text.grid_report_init
                0x000085f4       0x84 grid/grid_ui.o
                0x000085f4                grid_report_init
 .text.grid_report_sys_init
                0x00008678      0x1a0 grid/grid_ui.o
                0x00008678                grid_report_sys_init
 .text.grid_report_render
                0x00008818       0x20 grid/grid_ui.o
                0x00008818                grid_report_render
 .text.grid_report_sys_set_changed_flag
                0x00008838        0xa grid/grid_ui.o
                0x00008838                grid_report_sys_set_changed_flag
 .text.grid_report_sys_clear_changed_flag
                0x00008842        0xa grid/grid_ui.o
                0x00008842                grid_report_sys_clear_changed_flag
 .text.grid_port_process_ui
                0x0000884c      0x500 grid/grid_ui.o
                0x0000884c                grid_port_process_ui
 .text.grid_usb_serial_bulkin_cb
                0x00008d4c        0x4 grid/grid_usb.o
 .text.grid_usb_serial_statechange_cb
                0x00008d50       0x28 grid/grid_usb.o
 .text.grid_usb_midi_bulkin_cb
                0x00008d78       0x28 grid/grid_usb.o
 .text.grid_usb_midi_bulkout_cb
                0x00008da0       0x28 grid/grid_usb.o
 .text.grid_usb_serial_bulkout_cb
                0x00008dc8        0x4 grid/grid_usb.o
 .text.grid_usb_serial_init
                0x00008dcc       0x10 grid/grid_usb.o
                0x00008dcc                grid_usb_serial_init
 .text.grid_usb_midi_init
                0x00008ddc       0x24 grid/grid_usb.o
                0x00008ddc                grid_usb_midi_init
 .text.adc_async_window_threshold_reached
                0x00008e00        0x8 hal/src/hal_adc_async.o
 .text.adc_async_error_occured
                0x00008e08        0x8 hal/src/hal_adc_async.o
 .text.adc_async_channel_conversion_done
                0x00008e10       0x68 hal/src/hal_adc_async.o
 .text.adc_async_init
                0x00008e78       0x4c hal/src/hal_adc_async.o
                0x00008e78                adc_async_init
 .text.adc_async_register_channel_buffer
                0x00008ec4       0x6c hal/src/hal_adc_async.o
                0x00008ec4                adc_async_register_channel_buffer
 .text.adc_async_enable_channel
                0x00008f30       0x10 hal/src/hal_adc_async.o
                0x00008f30                adc_async_enable_channel
 .text.adc_async_register_callback
                0x00008f40       0x3c hal/src/hal_adc_async.o
                0x00008f40                adc_async_register_callback
 .text.adc_async_read_channel
                0x00008f7c       0x74 hal/src/hal_adc_async.o
                0x00008f7c                adc_async_read_channel
 .text.adc_async_start_conversion
                0x00008ff0       0x10 hal/src/hal_adc_async.o
                0x00008ff0                adc_async_start_conversion
 .text.atomic_enter_critical
                0x00009000        0xe hal/src/hal_atomic.o
                0x00009000                atomic_enter_critical
 .text.atomic_leave_critical
                0x0000900e        0xc hal/src/hal_atomic.o
                0x0000900e                atomic_leave_critical
 *fill*         0x0000901a        0x2 
 .text.crc_sync_init
                0x0000901c        0x8 hal/src/hal_crc_sync.o
                0x0000901c                crc_sync_init
 .text.delay_init
                0x00009024       0x10 hal/src/hal_delay.o
                0x00009024                delay_init
 .text.delay_us
                0x00009034       0x24 hal/src/hal_delay.o
                0x00009034                delay_us
 .text.delay_ms
                0x00009058       0x24 hal/src/hal_delay.o
                0x00009058                delay_ms
 .text.event_system_init
                0x0000907c        0x8 hal/src/hal_evsys.o
                0x0000907c                event_system_init
 .text.flash_ready
                0x00009084        0x8 hal/src/hal_flash.o
 .text.flash_error
                0x0000908c        0x8 hal/src/hal_flash.o
 .text.flash_init
                0x00009094       0x20 hal/src/hal_flash.o
                0x00009094                flash_init
 .text.i2c_m_async_write
                0x000090b4       0x2c hal/src/hal_i2c_m_async.o
 .text.i2c_m_async_read
                0x000090e0       0x2c hal/src/hal_i2c_m_async.o
 .text.i2c_tx_complete
                0x0000910c        0xe hal/src/hal_i2c_m_async.o
 .text.i2c_rx_complete
                0x0000911a        0xe hal/src/hal_i2c_m_async.o
 .text.i2c_error
                0x00009128        0xe hal/src/hal_i2c_m_async.o
 *fill*         0x00009136        0x2 
 .text.i2c_m_async_init
                0x00009138       0x50 hal/src/hal_i2c_m_async.o
                0x00009138                i2c_m_async_init
 .text.io_write
                0x00009188        0x4 hal/src/hal_io.o
                0x00009188                io_write
 .text.io_read  0x0000918c        0x4 hal/src/hal_io.o
                0x0000918c                io_read
 .text.qspi_dma_init
                0x00009190        0x8 hal/src/hal_qspi_dma.o
                0x00009190                qspi_dma_init
 .text._spi_m_async_io_write
                0x00009198       0x20 hal/src/hal_spi_m_async.o
 .text._spi_m_async_io_read
                0x000091b8       0x34 hal/src/hal_spi_m_async.o
 .text._spi_dev_error
                0x000091ec       0x40 hal/src/hal_spi_m_async.o
 .text._spi_dev_complete
                0x0000922c       0x2c hal/src/hal_spi_m_async.o
 .text._spi_dev_rx
                0x00009258       0x7c hal/src/hal_spi_m_async.o
 .text._spi_dev_tx
                0x000092d4       0x48 hal/src/hal_spi_m_async.o
 .text.spi_m_async_init
                0x0000931c       0x64 hal/src/hal_spi_m_async.o
                0x0000931c                spi_m_async_init
 .text.spi_m_async_enable
                0x00009380        0xc hal/src/hal_spi_m_async.o
                0x00009380                spi_m_async_enable
 .text.spi_m_async_set_baudrate
                0x0000938c       0x18 hal/src/hal_spi_m_async.o
                0x0000938c                spi_m_async_set_baudrate
 .text.spi_m_async_set_mode
                0x000093a4       0x18 hal/src/hal_spi_m_async.o
                0x000093a4                spi_m_async_set_mode
 .text.spi_m_async_transfer
                0x000093bc       0x48 hal/src/hal_spi_m_async.o
                0x000093bc                spi_m_async_transfer
 .text.spi_m_async_register_callback
                0x00009404       0x1c hal/src/hal_spi_m_async.o
                0x00009404                spi_m_async_register_callback
 .text.spi_m_async_get_io_descriptor
                0x00009420        0x8 hal/src/hal_spi_m_async.o
                0x00009420                spi_m_async_get_io_descriptor
 .text._spi_m_dma_io_write
                0x00009428       0x18 hal/src/hal_spi_m_dma.o
 .text._spi_m_dma_io_read
                0x00009440       0x18 hal/src/hal_spi_m_dma.o
 .text.spi_m_dma_init
                0x00009458       0x24 hal/src/hal_spi_m_dma.o
                0x00009458                spi_m_dma_init
 .text.spi_m_dma_enable
                0x0000947c        0xc hal/src/hal_spi_m_dma.o
                0x0000947c                spi_m_dma_enable
 .text.spi_m_dma_register_callback
                0x00009488        0xc hal/src/hal_spi_m_dma.o
                0x00009488                spi_m_dma_register_callback
 .text.spi_m_dma_get_io_descriptor
                0x00009494        0x8 hal/src/hal_spi_m_dma.o
                0x00009494                spi_m_dma_get_io_descriptor
 .text.timer_add_timer_task
                0x0000949c       0x4c hal/src/hal_timer.o
 .text.timer_process_counted
                0x000094e8       0x6c hal/src/hal_timer.o
 .text.timer_init
                0x00009554       0x1c hal/src/hal_timer.o
                0x00009554                timer_init
 .text.timer_start
                0x00009570       0x24 hal/src/hal_timer.o
                0x00009570                timer_start
 .text.timer_add_task
                0x00009594       0x78 hal/src/hal_timer.o
                0x00009594                timer_add_task
 .text.usart_transmission_complete
                0x0000960c       0x10 hal/src/hal_usart_async.o
 .text.usart_error
                0x0000961c       0x10 hal/src/hal_usart_async.o
 .text.usart_fill_rx_buffer
                0x0000962c       0x20 hal/src/hal_usart_async.o
 .text.usart_async_write
                0x0000964c       0x34 hal/src/hal_usart_async.o
 .text.usart_process_byte_sent
                0x00009680       0x34 hal/src/hal_usart_async.o
 .text.usart_async_read
                0x000096b4       0x54 hal/src/hal_usart_async.o
 .text.usart_async_init
                0x00009708       0x60 hal/src/hal_usart_async.o
                0x00009708                usart_async_init
 .text.usart_async_enable
                0x00009768       0x10 hal/src/hal_usart_async.o
                0x00009768                usart_async_enable
 .text.usart_async_disable
                0x00009778       0x10 hal/src/hal_usart_async.o
                0x00009778                usart_async_disable
 .text.usart_async_get_io_descriptor
                0x00009788        0x6 hal/src/hal_usart_async.o
                0x00009788                usart_async_get_io_descriptor
 *fill*         0x0000978e        0x2 
 .text.usart_async_register_callback
                0x00009790       0x44 hal/src/hal_usart_async.o
                0x00009790                usart_async_register_callback
 .text.usart_async_set_parity
                0x000097d4       0x10 hal/src/hal_usart_async.o
                0x000097d4                usart_async_set_parity
 .text.usart_sync_write
                0x000097e4       0x50 hal/src/hal_usart_sync.o
 .text.usart_sync_read
                0x00009834       0x38 hal/src/hal_usart_sync.o
 .text.usart_sync_init
                0x0000986c       0x24 hal/src/hal_usart_sync.o
                0x0000986c                usart_sync_init
 .text.usart_sync_enable
                0x00009890       0x10 hal/src/hal_usart_sync.o
                0x00009890                usart_sync_enable
 .text._usb_d_find_ep
                0x000098a0       0x30 hal/src/hal_usb_device.o
 .text.usb_d_dummy_cb_false
                0x000098d0        0x4 hal/src/hal_usb_device.o
 .text.usb_d_cb_trans_more
                0x000098d4       0x30 hal/src/hal_usb_device.o
 .text._usb_d_cb_trans_done
                0x00009904      0x108 hal/src/hal_usb_device.o
 .text.usb_d_cb_trans_setup
                0x00009a0c       0x8c hal/src/hal_usb_device.o
 .text.usb_d_init
                0x00009a98       0x68 hal/src/hal_usb_device.o
                0x00009a98                usb_d_init
 .text.usb_d_register_callback
                0x00009b00        0x8 hal/src/hal_usb_device.o
                0x00009b00                usb_d_register_callback
 .text.usb_d_enable
                0x00009b08        0x8 hal/src/hal_usb_device.o
                0x00009b08                usb_d_enable
 .text.usb_d_attach
                0x00009b10        0x8 hal/src/hal_usb_device.o
                0x00009b10                usb_d_attach
 .text.usb_d_get_frame_num
                0x00009b18        0x8 hal/src/hal_usb_device.o
                0x00009b18                usb_d_get_frame_num
 .text.usb_d_set_address
                0x00009b20        0x8 hal/src/hal_usb_device.o
                0x00009b20                usb_d_set_address
 .text.usb_d_ep_init
                0x00009b28       0x50 hal/src/hal_usb_device.o
                0x00009b28                usb_d_ep_init
 .text.usb_d_ep0_init
                0x00009b78       0x10 hal/src/hal_usb_device.o
                0x00009b78                usb_d_ep0_init
 .text.usb_d_ep_deinit
                0x00009b88       0x2c hal/src/hal_usb_device.o
                0x00009b88                usb_d_ep_deinit
 .text.usb_d_ep_enable
                0x00009bb4       0x40 hal/src/hal_usb_device.o
                0x00009bb4                usb_d_ep_enable
 .text.usb_d_ep_transfer
                0x00009bf4       0xf8 hal/src/hal_usb_device.o
                0x00009bf4                usb_d_ep_transfer
 .text.usb_d_ep_halt
                0x00009cec       0x64 hal/src/hal_usb_device.o
                0x00009cec                usb_d_ep_halt
 .text.usb_d_ep_register_callback
                0x00009d50       0x4c hal/src/hal_usb_device.o
                0x00009d50                usb_d_ep_register_callback
 .text.is_list_element
                0x00009d9c        0xe hal/utils/src/utils_list.o
                0x00009d9c                is_list_element
 .text.list_insert_as_head
                0x00009daa        0x8 hal/utils/src/utils_list.o
                0x00009daa                list_insert_as_head
 .text.list_insert_after
                0x00009db2        0x8 hal/utils/src/utils_list.o
                0x00009db2                list_insert_after
 .text.list_insert_at_end
                0x00009dba       0x18 hal/utils/src/utils_list.o
                0x00009dba                list_insert_at_end
 .text.list_remove_head
                0x00009dd2        0xc hal/utils/src/utils_list.o
                0x00009dd2                list_remove_head
 .text.ringbuffer_init
                0x00009dde       0x18 hal/utils/src/utils_ringbuffer.o
                0x00009dde                ringbuffer_init
 .text.ringbuffer_get
                0x00009df6       0x22 hal/utils/src/utils_ringbuffer.o
                0x00009df6                ringbuffer_get
 .text.ringbuffer_put
                0x00009e18       0x26 hal/utils/src/utils_ringbuffer.o
                0x00009e18                ringbuffer_put
 .text.ringbuffer_num
                0x00009e3e        0x8 hal/utils/src/utils_ringbuffer.o
                0x00009e3e                ringbuffer_num
 *fill*         0x00009e46        0x2 
 .text._sbrk    0x00009e48       0x1c hal/utils/src/utils_syscalls.o
                0x00009e48                _sbrk
 .text._close   0x00009e64        0x6 hal/utils/src/utils_syscalls.o
                0x00009e64                _close
 .text._fstat   0x00009e6a        0xa hal/utils/src/utils_syscalls.o
                0x00009e6a                _fstat
 .text._isatty  0x00009e74        0x4 hal/utils/src/utils_syscalls.o
                0x00009e74                _isatty
 .text._lseek   0x00009e78        0x4 hal/utils/src/utils_syscalls.o
                0x00009e78                _lseek
 .text.__NVIC_DisableIRQ
                0x00009e7c       0x28 hpl/adc/hpl_adc.o
 .text.__NVIC_ClearPendingIRQ
                0x00009ea4       0x20 hpl/adc/hpl_adc.o
 .text.hri_adc_wait_for_sync
                0x00009ec4        0x8 hpl/adc/hpl_adc.o
 .text.hri_adc_set_CTRLA_ENABLE_bit
                0x00009ecc       0x14 hpl/adc/hpl_adc.o
 .text.hri_adc_clear_CTRLA_ENABLE_bit
                0x00009ee0       0x18 hpl/adc/hpl_adc.o
 .text._adc_get_regs
                0x00009ef8       0x14 hpl/adc/hpl_adc.o
 .text._adc_interrupt_handler
                0x00009f0c       0x4e hpl/adc/hpl_adc.o
 .text._adc_get_irq_num.isra.0
                0x00009f5a       0x14 hpl/adc/hpl_adc.o
 *fill*         0x00009f6e        0x2 
 .text._adc_init
                0x00009f70       0xc8 hpl/adc/hpl_adc.o
 .text._adc_async_init
                0x0000a038       0xb4 hpl/adc/hpl_adc.o
                0x0000a038                _adc_async_init
 .text._adc_async_enable_channel
                0x0000a0ec        0xc hpl/adc/hpl_adc.o
                0x0000a0ec                _adc_async_enable_channel
 .text._adc_async_get_data_size
                0x0000a0f8       0x12 hpl/adc/hpl_adc.o
                0x0000a0f8                _adc_async_get_data_size
 *fill*         0x0000a10a        0x2 
 .text._adc_async_convert
                0x0000a10c       0x18 hpl/adc/hpl_adc.o
                0x0000a10c                _adc_async_convert
 .text._adc_async_set_irq_state
                0x0000a124       0x20 hpl/adc/hpl_adc.o
                0x0000a124                _adc_async_set_irq_state
 .text.ADC0_1_Handler
                0x0000a144       0x10 hpl/adc/hpl_adc.o
                0x0000a144                ADC0_1_Handler
 .text.ADC0_0_Handler
                0x0000a154        0x8 hpl/adc/hpl_adc.o
                0x0000a154                ADC0_0_Handler
 .text.ADC1_1_Handler
                0x0000a15c       0x10 hpl/adc/hpl_adc.o
                0x0000a15c                ADC1_1_Handler
 .text.ADC1_0_Handler
                0x0000a16c        0x8 hpl/adc/hpl_adc.o
                0x0000a16c                ADC1_0_Handler
 .text._irq_set
                0x0000a174       0x1c hpl/core/hpl_core_m4.o
                0x0000a174                _irq_set
 .text._get_cycles_for_us
                0x0000a190        0x6 hpl/core/hpl_core_m4.o
                0x0000a190                _get_cycles_for_us
 *fill*         0x0000a196        0x2 
 .text._get_cycles_for_ms
                0x0000a198        0xc hpl/core/hpl_core_m4.o
                0x0000a198                _get_cycles_for_ms
 .text._init_chip
                0x0000a1a4       0x5c hpl/core/hpl_init.o
                0x0000a1a4                _init_chip
 .text._dmac_handler
                0x0000a200       0x50 hpl/dmac/hpl_dmac.o
 .text._dma_init
                0x0000a250       0xd0 hpl/dmac/hpl_dmac.o
                0x0000a250                _dma_init
 .text._dma_set_irq_state
                0x0000a320       0x28 hpl/dmac/hpl_dmac.o
                0x0000a320                _dma_set_irq_state
 .text._dma_set_destination_address
                0x0000a348       0x10 hpl/dmac/hpl_dmac.o
                0x0000a348                _dma_set_destination_address
 .text._dma_set_source_address
                0x0000a358       0x10 hpl/dmac/hpl_dmac.o
                0x0000a358                _dma_set_source_address
 .text._dma_srcinc_enable
                0x0000a368       0x1c hpl/dmac/hpl_dmac.o
                0x0000a368                _dma_srcinc_enable
 .text._dma_set_data_amount
                0x0000a384       0x44 hpl/dmac/hpl_dmac.o
                0x0000a384                _dma_set_data_amount
 .text._dma_enable_transaction
                0x0000a3c8       0x3c hpl/dmac/hpl_dmac.o
                0x0000a3c8                _dma_enable_transaction
 .text._dma_get_channel_resource
                0x0000a404       0x14 hpl/dmac/hpl_dmac.o
                0x0000a404                _dma_get_channel_resource
 .text.DMAC_0_Handler
                0x0000a418        0x8 hpl/dmac/hpl_dmac.o
                0x0000a418                DMAC_0_Handler
 .text.DMAC_1_Handler
                0x0000a420        0x8 hpl/dmac/hpl_dmac.o
                0x0000a420                DMAC_1_Handler
 .text.DMAC_2_Handler
                0x0000a428        0x8 hpl/dmac/hpl_dmac.o
                0x0000a428                DMAC_2_Handler
 .text.DMAC_3_Handler
                0x0000a430        0x8 hpl/dmac/hpl_dmac.o
                0x0000a430                DMAC_3_Handler
 .text.DMAC_4_Handler
                0x0000a438        0x8 hpl/dmac/hpl_dmac.o
                0x0000a438                DMAC_4_Handler
 .text._crc_sync_init
                0x0000a440        0x6 hpl/dsu/hpl_dsu.o
                0x0000a440                _crc_sync_init
 *fill*         0x0000a446        0x2 
 .text._event_system_init
                0x0000a448       0x58 hpl/evsys/hpl_evsys.o
                0x0000a448                _event_system_init
 .text.hri_gclk_wait_for_sync.constprop.0
                0x0000a4a0       0x14 hpl/gclk/hpl_gclk.o
 .text._gclk_init_generators_by_fref
                0x0000a4b4       0x58 hpl/gclk/hpl_gclk.o
                0x0000a4b4                _gclk_init_generators_by_fref
 .text._mclk_init
                0x0000a50c        0xc hpl/mclk/hpl_mclk.o
                0x0000a50c                _mclk_init
 .text._user_row_write_exec
                0x0000a518       0x88 hpl/nvmctrl/hpl_nvmctrl.o
 .text._flash_init
                0x0000a5a0       0x4c hpl/nvmctrl/hpl_nvmctrl.o
                0x0000a5a0                _flash_init
 .text.NVMCTRL_1_Handler
                0x0000a5ec       0x2c hpl/nvmctrl/hpl_nvmctrl.o
                0x0000a5ec                NVMCTRL_1_Handler
 .text.NVMCTRL_0_Handler
                0x0000a618        0x8 hpl/nvmctrl/hpl_nvmctrl.o
                0x0000a618                NVMCTRL_0_Handler
 .text._user_area_read
                0x0000a620       0x60 hpl/nvmctrl/hpl_nvmctrl.o
                0x0000a620                _user_area_read
 .text._user_area_write
                0x0000a680       0x78 hpl/nvmctrl/hpl_nvmctrl.o
                0x0000a680                _user_area_write
 .text._osc32kctrl_init_sources
                0x0000a6f8       0x14 hpl/osc32kctrl/hpl_osc32kctrl.o
                0x0000a6f8                _osc32kctrl_init_sources
 .text._oscctrl_init_sources
                0x0000a70c        0x2 hpl/oscctrl/hpl_oscctrl.o
                0x0000a70c                _oscctrl_init_sources
 *fill*         0x0000a70e        0x2 
 .text._oscctrl_init_referenced_generators
                0x0000a710       0xfc hpl/oscctrl/hpl_oscctrl.o
                0x0000a710                _oscctrl_init_referenced_generators
 .text._qspi_dma_tx_complete
                0x0000a80c       0x14 hpl/qspi/hpl_qspi.o
 .text._qspi_dma_rx_complete
                0x0000a820        0x8 hpl/qspi/hpl_qspi.o
 .text._qspi_dma_error_occured
                0x0000a828        0xa hpl/qspi/hpl_qspi.o
 *fill*         0x0000a832        0x2 
 .text._qspi_dma_init
                0x0000a834       0x58 hpl/qspi/hpl_qspi.o
                0x0000a834                _qspi_dma_init
 .text.RAMECC_Handler
                0x0000a88c       0x3c hpl/ramecc/hpl_ramecc.o
                0x0000a88c                RAMECC_Handler
 .text.hri_rtcmode0_wait_for_sync
                0x0000a8c8        0x8 hpl/rtc/hpl_rtc.o
 .text._rtc_timer_stop
                0x0000a8d0       0x1c hpl/rtc/hpl_rtc.o
                0x0000a8d0                _rtc_timer_stop
 .text._rtc_timer_set_period
                0x0000a8ec       0x10 hpl/rtc/hpl_rtc.o
                0x0000a8ec                _rtc_timer_set_period
 .text._rtc_timer_get_period
                0x0000a8fc       0x14 hpl/rtc/hpl_rtc.o
                0x0000a8fc                _rtc_timer_get_period
 .text._rtc_timer_is_started
                0x0000a910       0x1c hpl/rtc/hpl_rtc.o
                0x0000a910                _rtc_timer_is_started
 .text._rtc_timer_set_irq
                0x0000a92c        0x2 hpl/rtc/hpl_rtc.o
                0x0000a92c                _rtc_timer_set_irq
 *fill*         0x0000a92e        0x2 
 .text._rtc_timer_start
                0x0000a930       0x3c hpl/rtc/hpl_rtc.o
                0x0000a930                _rtc_timer_start
 .text._rtc_timer_deinit
                0x0000a96c       0x28 hpl/rtc/hpl_rtc.o
                0x0000a96c                _rtc_timer_deinit
 .text._rtc_timer_init
                0x0000a994       0x48 hpl/rtc/hpl_rtc.o
                0x0000a994                _rtc_timer_init
 .text._rtc_get_timer
                0x0000a9dc        0x8 hpl/rtc/hpl_rtc.o
                0x0000a9dc                _rtc_get_timer
 .text.RTC_Handler
                0x0000a9e4       0x24 hpl/rtc/hpl_rtc.o
                0x0000a9e4                RTC_Handler
 .text.__NVIC_EnableIRQ
                0x0000aa08       0x1c hpl/sercom/hpl_sercom.o
 .text.__NVIC_DisableIRQ
                0x0000aa24       0x28 hpl/sercom/hpl_sercom.o
 .text.__NVIC_ClearPendingIRQ
                0x0000aa4c       0x20 hpl/sercom/hpl_sercom.o
 .text.hri_sercomi2cm_wait_for_sync
                0x0000aa6c        0x8 hpl/sercom/hpl_sercom.o
 .text.hri_sercomspi_wait_for_sync
                0x0000aa74        0x8 hpl/sercom/hpl_sercom.o
 .text.hri_sercomusart_wait_for_sync
                0x0000aa7c        0x8 hpl/sercom/hpl_sercom.o
 .text.hri_sercomi2cm_clear_CTRLA_ENABLE_bit
                0x0000aa84       0x14 hpl/sercom/hpl_sercom.o
 .text.hri_sercomspi_clear_CTRLA_ENABLE_bit
                0x0000aa98       0x14 hpl/sercom/hpl_sercom.o
 .text.hri_sercomusart_get_CTRLA_ENABLE_bit
                0x0000aaac       0x14 hpl/sercom/hpl_sercom.o
 .text.hri_sercomusart_write_CTRLA_ENABLE_bit
                0x0000aac0       0x18 hpl/sercom/hpl_sercom.o
 .text.hri_sercomusart_clear_CTRLA_ENABLE_bit
                0x0000aad8       0x14 hpl/sercom/hpl_sercom.o
 .text._sercom_get_hardware_index
                0x0000aaec       0x34 hpl/sercom/hpl_sercom.o
 .text._sercom_usart_interrupt_handler
                0x0000ab20       0x70 hpl/sercom/hpl_sercom.o
 .text._sercom_init_irq_param
                0x0000ab90       0x60 hpl/sercom/hpl_sercom.o
 .text._get_i2cm_index
                0x0000abf0       0x14 hpl/sercom/hpl_sercom.o
 .text._sercom_get_irq_num
                0x0000ac04       0x14 hpl/sercom/hpl_sercom.o
 .text._spi_sync_enable
                0x0000ac18       0x28 hpl/sercom/hpl_sercom.o
 .text._spi_get_regs
                0x0000ac40       0x2c hpl/sercom/hpl_sercom.o
 .text._spi_get_tx_dma_channel
                0x0000ac6c       0x14 hpl/sercom/hpl_sercom.o
 .text._spi_get_rx_dma_channel
                0x0000ac80       0x14 hpl/sercom/hpl_sercom.o
 .text._spi_dma_rx_complete
                0x0000ac94        0xa hpl/sercom/hpl_sercom.o
 .text._spi_dma_tx_complete
                0x0000ac9e        0xa hpl/sercom/hpl_sercom.o
 .text._spi_dma_error_occured
                0x0000aca8        0xa hpl/sercom/hpl_sercom.o
 *fill*         0x0000acb2        0x2 
 .text._usart_set_parity
                0x0000acb4       0x78 hpl/sercom/hpl_sercom.o
 .text._sercom_i2c_send_stop
                0x0000ad2c       0x14 hpl/sercom/hpl_sercom.o
 .text._sercom_i2c_sync_analyse_flags
                0x0000ad40      0x16c hpl/sercom/hpl_sercom.o
 .text._spi_load_regs_master
                0x0000aeac       0x3c hpl/sercom/hpl_sercom.o
 .text._spi_set_mode
                0x0000aee8       0x34 hpl/sercom/hpl_sercom.o
 .text._i2c_m_sync_init_impl
                0x0000af1c       0xb0 hpl/sercom/hpl_sercom.o
 .text._usart_init
                0x0000afcc       0xdc hpl/sercom/hpl_sercom.o
 .text._usart_sync_init
                0x0000b0a8        0xc hpl/sercom/hpl_sercom.o
                0x0000b0a8                _usart_sync_init
 .text._usart_async_init
                0x0000b0b4       0x64 hpl/sercom/hpl_sercom.o
                0x0000b0b4                _usart_async_init
 .text._usart_sync_enable
                0x0000b118       0x14 hpl/sercom/hpl_sercom.o
                0x0000b118                _usart_sync_enable
 .text._usart_async_enable
                0x0000b12c       0x14 hpl/sercom/hpl_sercom.o
                0x0000b12c                _usart_async_enable
 .text._usart_async_disable
                0x0000b140        0xc hpl/sercom/hpl_sercom.o
                0x0000b140                _usart_async_disable
 .text._usart_async_set_parity
                0x0000b14c        0xc hpl/sercom/hpl_sercom.o
                0x0000b14c                _usart_async_set_parity
 .text._usart_sync_write_byte
                0x0000b158        0x6 hpl/sercom/hpl_sercom.o
                0x0000b158                _usart_sync_write_byte
 .text._usart_async_write_byte
                0x0000b15e        0x6 hpl/sercom/hpl_sercom.o
                0x0000b15e                _usart_async_write_byte
 .text._usart_sync_read_byte
                0x0000b164        0x8 hpl/sercom/hpl_sercom.o
                0x0000b164                _usart_sync_read_byte
 .text._usart_sync_is_ready_to_send
                0x0000b16c        0xa hpl/sercom/hpl_sercom.o
                0x0000b16c                _usart_sync_is_ready_to_send
 .text._usart_sync_is_transmit_done
                0x0000b176        0xa hpl/sercom/hpl_sercom.o
                0x0000b176                _usart_sync_is_transmit_done
 .text._usart_sync_is_byte_received
                0x0000b180        0xa hpl/sercom/hpl_sercom.o
                0x0000b180                _usart_sync_is_byte_received
 .text._usart_async_enable_byte_sent_irq
                0x0000b18a        0x8 hpl/sercom/hpl_sercom.o
                0x0000b18a                _usart_async_enable_byte_sent_irq
 .text._usart_async_enable_tx_done_irq
                0x0000b192        0x8 hpl/sercom/hpl_sercom.o
                0x0000b192                _usart_async_enable_tx_done_irq
 .text._usart_async_set_irq_state
                0x0000b19a       0x32 hpl/sercom/hpl_sercom.o
                0x0000b19a                _usart_async_set_irq_state
 .text._i2c_m_async_init
                0x0000b1cc       0x64 hpl/sercom/hpl_sercom.o
                0x0000b1cc                _i2c_m_async_init
 .text._i2c_m_async_transfer
                0x0000b230       0xc0 hpl/sercom/hpl_sercom.o
                0x0000b230                _i2c_m_async_transfer
 .text._i2c_m_async_register_callback
                0x0000b2f0       0x1a hpl/sercom/hpl_sercom.o
                0x0000b2f0                _i2c_m_async_register_callback
 *fill*         0x0000b30a        0x2 
 .text.SERCOM0_3_Handler
                0x0000b30c       0x10 hpl/sercom/hpl_sercom.o
                0x0000b30c                SERCOM0_3_Handler
 .text.SERCOM0_2_Handler
                0x0000b31c        0x8 hpl/sercom/hpl_sercom.o
                0x0000b31c                SERCOM0_2_Handler
 .text.SERCOM0_1_Handler
                0x0000b324        0x8 hpl/sercom/hpl_sercom.o
                0x0000b324                SERCOM0_1_Handler
 .text.SERCOM0_0_Handler
                0x0000b32c        0x8 hpl/sercom/hpl_sercom.o
                0x0000b32c                SERCOM0_0_Handler
 .text.SERCOM1_3_Handler
                0x0000b334       0x10 hpl/sercom/hpl_sercom.o
                0x0000b334                SERCOM1_3_Handler
 .text.SERCOM1_2_Handler
                0x0000b344        0x8 hpl/sercom/hpl_sercom.o
                0x0000b344                SERCOM1_2_Handler
 .text.SERCOM1_1_Handler
                0x0000b34c        0x8 hpl/sercom/hpl_sercom.o
                0x0000b34c                SERCOM1_1_Handler
 .text.SERCOM1_0_Handler
                0x0000b354        0x8 hpl/sercom/hpl_sercom.o
                0x0000b354                SERCOM1_0_Handler
 .text.SERCOM3_3_Handler
                0x0000b35c       0x44 hpl/sercom/hpl_sercom.o
                0x0000b35c                SERCOM3_3_Handler
 .text.SERCOM3_2_Handler
                0x0000b3a0        0x8 hpl/sercom/hpl_sercom.o
                0x0000b3a0                SERCOM3_2_Handler
 .text.SERCOM3_1_Handler
                0x0000b3a8        0x8 hpl/sercom/hpl_sercom.o
                0x0000b3a8                SERCOM3_1_Handler
 .text.SERCOM3_0_Handler
                0x0000b3b0        0x8 hpl/sercom/hpl_sercom.o
                0x0000b3b0                SERCOM3_0_Handler
 .text.SERCOM4_3_Handler
                0x0000b3b8       0x10 hpl/sercom/hpl_sercom.o
                0x0000b3b8                SERCOM4_3_Handler
 .text.SERCOM4_2_Handler
                0x0000b3c8        0x8 hpl/sercom/hpl_sercom.o
                0x0000b3c8                SERCOM4_2_Handler
 .text.SERCOM4_1_Handler
                0x0000b3d0        0x8 hpl/sercom/hpl_sercom.o
                0x0000b3d0                SERCOM4_1_Handler
 .text.SERCOM4_0_Handler
                0x0000b3d8        0x8 hpl/sercom/hpl_sercom.o
                0x0000b3d8                SERCOM4_0_Handler
 .text.SERCOM5_3_Handler
                0x0000b3e0       0x64 hpl/sercom/hpl_sercom.o
                0x0000b3e0                SERCOM5_3_Handler
 .text.SERCOM5_2_Handler
                0x0000b444        0x8 hpl/sercom/hpl_sercom.o
                0x0000b444                SERCOM5_2_Handler
 .text.SERCOM5_1_Handler
                0x0000b44c        0x8 hpl/sercom/hpl_sercom.o
                0x0000b44c                SERCOM5_1_Handler
 .text.SERCOM5_0_Handler
                0x0000b454        0x8 hpl/sercom/hpl_sercom.o
                0x0000b454                SERCOM5_0_Handler
 .text.SERCOM6_3_Handler
                0x0000b45c       0x10 hpl/sercom/hpl_sercom.o
                0x0000b45c                SERCOM6_3_Handler
 .text.SERCOM6_2_Handler
                0x0000b46c        0x8 hpl/sercom/hpl_sercom.o
                0x0000b46c                SERCOM6_2_Handler
 .text.SERCOM6_1_Handler
                0x0000b474        0x8 hpl/sercom/hpl_sercom.o
                0x0000b474                SERCOM6_1_Handler
 .text.SERCOM6_0_Handler
                0x0000b47c        0x8 hpl/sercom/hpl_sercom.o
                0x0000b47c                SERCOM6_0_Handler
 .text._spi_m_sync_init
                0x0000b484       0xd0 hpl/sercom/hpl_sercom.o
                0x0000b484                _spi_m_sync_init
 .text._spi_m_async_init
                0x0000b554       0x58 hpl/sercom/hpl_sercom.o
                0x0000b554                _spi_m_async_init
 .text._spi_s_async_enable
                0x0000b5ac       0x34 hpl/sercom/hpl_sercom.o
                0x0000b5ac                _spi_s_async_enable
 .text._spi_m_async_enable
                0x0000b5e0        0x8 hpl/sercom/hpl_sercom.o
                0x0000b5e0                _spi_m_async_enable
 .text._spi_s_async_set_mode
                0x0000b5e8        0xc hpl/sercom/hpl_sercom.o
                0x0000b5e8                _spi_s_async_set_mode
 .text._spi_m_async_set_mode
                0x0000b5f4        0x8 hpl/sercom/hpl_sercom.o
                0x0000b5f4                _spi_m_async_set_mode
 .text._spi_m_async_set_baudrate
                0x0000b5fc       0x14 hpl/sercom/hpl_sercom.o
                0x0000b5fc                _spi_m_async_set_baudrate
 .text._spi_m_async_enable_tx
                0x0000b610       0x10 hpl/sercom/hpl_sercom.o
                0x0000b610                _spi_m_async_enable_tx
 .text._spi_m_async_enable_rx
                0x0000b620       0x10 hpl/sercom/hpl_sercom.o
                0x0000b620                _spi_m_async_enable_rx
 .text._spi_m_async_enable_tx_complete
                0x0000b630       0x10 hpl/sercom/hpl_sercom.o
                0x0000b630                _spi_m_async_enable_tx_complete
 .text._spi_m_async_write_one
                0x0000b640        0x8 hpl/sercom/hpl_sercom.o
                0x0000b640                _spi_m_async_write_one
 .text._spi_m_async_read_one
                0x0000b648        0x8 hpl/sercom/hpl_sercom.o
                0x0000b648                _spi_m_async_read_one
 .text._spi_m_async_register_callback
                0x0000b650        0xa hpl/sercom/hpl_sercom.o
                0x0000b650                _spi_m_async_register_callback
 .text._spi_m_async_set_irq_state
                0x0000b65a       0x12 hpl/sercom/hpl_sercom.o
                0x0000b65a                _spi_m_async_set_irq_state
 .text._spi_m_dma_init
                0x0000b66c       0xc4 hpl/sercom/hpl_sercom.o
                0x0000b66c                _spi_m_dma_init
 .text._spi_m_dma_enable
                0x0000b730        0xc hpl/sercom/hpl_sercom.o
                0x0000b730                _spi_m_dma_enable
 .text._spi_m_dma_register_callback
                0x0000b73c       0x64 hpl/sercom/hpl_sercom.o
                0x0000b73c                _spi_m_dma_register_callback
 .text._spi_m_dma_transfer
                0x0000b7a0       0xf8 hpl/sercom/hpl_sercom.o
                0x0000b7a0                _spi_m_dma_transfer
 .text._delay_init
                0x0000b898       0x14 hpl/systick/hpl_systick.o
                0x0000b898                _delay_init
 .text._delay_cycles
                0x0000b8ac       0x38 hpl/systick/hpl_systick.o
                0x0000b8ac                _delay_cycles
 .text.__NVIC_DisableIRQ
                0x0000b8e4       0x28 hpl/tc/hpl_tc.o
 .text.hri_tc_wait_for_sync
                0x0000b90c        0x8 hpl/tc/hpl_tc.o
 .text._tc_timer_start
                0x0000b914       0x14 hpl/tc/hpl_tc.o
                0x0000b914                _tc_timer_start
 .text._tc_timer_get_period
                0x0000b928       0x50 hpl/tc/hpl_tc.o
                0x0000b928                _tc_timer_get_period
 .text._tc_timer_is_started
                0x0000b978       0x18 hpl/tc/hpl_tc.o
                0x0000b978                _tc_timer_is_started
 .text.tc_interrupt_handler
                0x0000b990       0x12 hpl/tc/hpl_tc.o
 *fill*         0x0000b9a2        0x2 
 .text.get_tc_index
                0x0000b9a4       0x50 hpl/tc/hpl_tc.o
 .text._tc_timer_set_irq
                0x0000b9f4       0x28 hpl/tc/hpl_tc.o
                0x0000b9f4                _tc_timer_set_irq
 .text._tc_timer_stop
                0x0000ba1c       0x14 hpl/tc/hpl_tc.o
                0x0000ba1c                _tc_timer_stop
 .text._tc_timer_deinit
                0x0000ba30       0x4c hpl/tc/hpl_tc.o
                0x0000ba30                _tc_timer_deinit
 .text._tc_timer_init
                0x0000ba7c      0x150 hpl/tc/hpl_tc.o
                0x0000ba7c                _tc_timer_init
 .text._tc_timer_set_period
                0x0000bbcc       0x3c hpl/tc/hpl_tc.o
                0x0000bbcc                _tc_timer_set_period
 .text._tc_get_timer
                0x0000bc08        0x8 hpl/tc/hpl_tc.o
                0x0000bc08                _tc_get_timer
 .text.TC0_Handler
                0x0000bc10       0x10 hpl/tc/hpl_tc.o
                0x0000bc10                TC0_Handler
 .text.TC1_Handler
                0x0000bc20       0x10 hpl/tc/hpl_tc.o
                0x0000bc20                TC1_Handler
 .text.TC2_Handler
                0x0000bc30       0x10 hpl/tc/hpl_tc.o
                0x0000bc30                TC2_Handler
 .text.TC3_Handler
                0x0000bc40       0x10 hpl/tc/hpl_tc.o
                0x0000bc40                TC3_Handler
 .text._dummy_func_no_return
                0x0000bc50        0x4 hpl/usb/hpl_usb.o
 .text._usb_d_dev_wait_dfll_rdy
                0x0000bc54       0x24 hpl/usb/hpl_usb.o
 .text._usb_d_dev_ept
                0x0000bc78       0x18 hpl/usb/hpl_usb.o
 .text._usb_d_dev_handle_setup
                0x0000bc90       0x84 hpl/usb/hpl_usb.o
 .text._usb_d_dev_handle_stall
                0x0000bd14       0x28 hpl/usb/hpl_usb.o
 .text._usb_d_dev_trans_done
                0x0000bd3c       0x24 hpl/usb/hpl_usb.o
 .text._usb_d_dev_trans_stop
                0x0000bd60       0x64 hpl/usb/hpl_usb.o
 .text._usb_d_dev_handle_trfail
                0x0000bdc4       0xec hpl/usb/hpl_usb.o
 .text._usb_d_dev_reset_epts
                0x0000beb0       0x3c hpl/usb/hpl_usb.o
 .text._usb_d_dev_in_next
                0x0000beec      0x158 hpl/usb/hpl_usb.o
 .text._usb_d_dev_out_next
                0x0000c044      0x1ac hpl/usb/hpl_usb.o
 .text._usb_d_dev_handler
                0x0000c1f0      0x1dc hpl/usb/hpl_usb.o
 .text._usbd_ep_pcksize_size
                0x0000c3cc       0x3e hpl/usb/hpl_usb.o
 *fill*         0x0000c40a        0x2 
 .text._usb_d_dev_init
                0x0000c40c       0xe8 hpl/usb/hpl_usb.o
                0x0000c40c                _usb_d_dev_init
 .text._usb_d_dev_enable
                0x0000c4f4       0x5c hpl/usb/hpl_usb.o
                0x0000c4f4                _usb_d_dev_enable
 .text._usb_d_dev_attach
                0x0000c550       0x12 hpl/usb/hpl_usb.o
                0x0000c550                _usb_d_dev_attach
 .text._usb_d_dev_set_address
                0x0000c562        0xc hpl/usb/hpl_usb.o
                0x0000c562                _usb_d_dev_set_address
 .text._usb_d_dev_get_frame_n
                0x0000c56e        0xc hpl/usb/hpl_usb.o
                0x0000c56e                _usb_d_dev_get_frame_n
 *fill*         0x0000c57a        0x2 
 .text._usb_d_dev_ep_init
                0x0000c57c       0xc0 hpl/usb/hpl_usb.o
                0x0000c57c                _usb_d_dev_ep_init
 .text._usb_d_dev_ep_deinit
                0x0000c63c       0x84 hpl/usb/hpl_usb.o
                0x0000c63c                _usb_d_dev_ep_deinit
 .text._usb_d_dev_ep_enable
                0x0000c6c0      0x17c hpl/usb/hpl_usb.o
                0x0000c6c0                _usb_d_dev_ep_enable
 .text._usb_d_dev_ep_stall
                0x0000c83c       0xe4 hpl/usb/hpl_usb.o
                0x0000c83c                _usb_d_dev_ep_stall
 .text._usb_d_dev_ep_read_req
                0x0000c920       0x54 hpl/usb/hpl_usb.o
                0x0000c920                _usb_d_dev_ep_read_req
 .text._usb_d_dev_ep_trans
                0x0000c974      0x108 hpl/usb/hpl_usb.o
                0x0000c974                _usb_d_dev_ep_trans
 .text._usb_d_dev_register_callback
                0x0000ca7c       0x24 hpl/usb/hpl_usb.o
                0x0000ca7c                _usb_d_dev_register_callback
 .text._usb_d_dev_register_ep_callback
                0x0000caa0       0x2c hpl/usb/hpl_usb.o
                0x0000caa0                _usb_d_dev_register_ep_callback
 .text.USB_0_Handler
                0x0000cacc        0x8 hpl/usb/hpl_usb.o
                0x0000cacc                USB_0_Handler
 .text.USB_1_Handler
                0x0000cad4        0x8 hpl/usb/hpl_usb.o
                0x0000cad4                USB_1_Handler
 .text.USB_2_Handler
                0x0000cadc        0x8 hpl/usb/hpl_usb.o
                0x0000cadc                USB_2_Handler
 .text.USB_3_Handler
                0x0000cae4        0x8 hpl/usb/hpl_usb.o
                0x0000cae4                USB_3_Handler
 .text._wdt_init
                0x0000caec       0x42 hpl/wdt/hpl_wdt.o
                0x0000caec                _wdt_init
 *fill*         0x0000cb2e        0x2 
 .text.RTC_Scheduler_report_cb
                0x0000cb30        0xc main.o
 .text.RTC_Scheduler_heartbeat_cb
                0x0000cb3c       0x3c main.o
 .text.RTC_Scheduler_ping_cb
                0x0000cb78       0x30 main.o
 .text.RTC_Scheduler_realtime_cb
                0x0000cba8       0xa0 main.o
 .text.init_timer
                0x0000cc48       0x84 main.o
                0x0000cc48                init_timer
 .text.startup.main
                0x0000cccc      0x4fc main.o
                0x0000cccc                main
 .text._read    0x0000d1c8       0x20 stdio_redirect/gcc/read.o
                0x0000d1c8                _read
 .text._write   0x0000d1e8       0x24 stdio_redirect/gcc/write.o
                0x0000d1e8                _write
 .text.stdio_io_init
                0x0000d20c       0x2c stdio_redirect/stdio_io.o
                0x0000d20c                stdio_io_init
 .text.stdio_io_read
                0x0000d238       0x1c stdio_redirect/stdio_io.o
                0x0000d238                stdio_io_read
 .text.stdio_io_write
                0x0000d254       0x1c stdio_redirect/stdio_io.o
                0x0000d254                stdio_io_write
 .text.stdio_redirect_init
                0x0000d270       0x20 stdio_start.o
                0x0000d270                stdio_redirect_init
 .text.cdcdf_acm_req
                0x0000d290       0xdc usb/class/cdc/device/cdcdf_acm.o
 .text.cdcdf_acm_ctrl
                0x0000d36c      0x138 usb/class/cdc/device/cdcdf_acm.o
 .text.cdcdf_acm_init
                0x0000d4a4       0x44 usb/class/cdc/device/cdcdf_acm.o
                0x0000d4a4                cdcdf_acm_init
 .text.cdcdf_acm_read
                0x0000d4e8       0x2c usb/class/cdc/device/cdcdf_acm.o
                0x0000d4e8                cdcdf_acm_read
 .text.cdcdf_acm_write
                0x0000d514       0x2c usb/class/cdc/device/cdcdf_acm.o
                0x0000d514                cdcdf_acm_write
 .text.cdcdf_acm_register_callback
                0x0000d540       0x40 usb/class/cdc/device/cdcdf_acm.o
                0x0000d540                cdcdf_acm_register_callback
 .text.hid_keyboard_req
                0x0000d580       0x88 usb/class/hid/device/hiddf_keyboard.o
 .text.hid_keyboard_ctrl
                0x0000d608      0x110 usb/class/hid/device/hiddf_keyboard.o
 .text.hiddf_keyboard_init
                0x0000d718       0x44 usb/class/hid/device/hiddf_keyboard.o
                0x0000d718                hiddf_keyboard_init
 .text.hiddf_keyboard_keys_state_change
                0x0000d75c       0x8c usb/class/hid/device/hiddf_keyboard.o
                0x0000d75c                hiddf_keyboard_keys_state_change
 .text.hid_mouse_req
                0x0000d7e8       0x88 usb/class/hid/device/hiddf_mouse.o
 .text.hid_mouse_ctrl
                0x0000d870       0xe4 usb/class/hid/device/hiddf_mouse.o
 .text.hiddf_mouse_init
                0x0000d954       0x44 usb/class/hid/device/hiddf_mouse.o
                0x0000d954                hiddf_mouse_init
 .text.hiddf_mouse_move
                0x0000d998       0x48 usb/class/hid/device/hiddf_mouse.o
                0x0000d998                hiddf_mouse_move
 .text.audio_midi_req
                0x0000d9e0       0x78 usb/class/midi/device/audiodf_midi.o
 .text.audio_midi_ctrl
                0x0000da58      0x180 usb/class/midi/device/audiodf_midi.o
 .text.audiodf_midi_init
                0x0000dbd8       0x44 usb/class/midi/device/audiodf_midi.o
                0x0000dbd8                audiodf_midi_init
 .text.audiodf_midi_write
                0x0000dc1c       0x28 usb/class/midi/device/audiodf_midi.o
                0x0000dc1c                audiodf_midi_write
 .text.audiodf_midi_read
                0x0000dc44       0x20 usb/class/midi/device/audiodf_midi.o
                0x0000dc44                audiodf_midi_read
 .text.audiodf_midi_register_callback
                0x0000dc64       0x30 usb/class/midi/device/audiodf_midi.o
                0x0000dc64                audiodf_midi_register_callback
 .text.usbdc_unconfig
                0x0000dc94       0x1c usb/device/usbdc.o
 .text.usbdc_change_notify
                0x0000dcb0       0x20 usb/device/usbdc.o
 .text.usbdc_request_handler
                0x0000dcd0       0x38 usb/device/usbdc.o
 .text.usbd_sof_cb
                0x0000dd08       0x18 usb/device/usbdc.o
 .text.usbdc_cb_ctl_done
                0x0000dd20       0x68 usb/device/usbdc.o
 .text.usbdc_reset
                0x0000dd88       0x5c usb/device/usbdc.o
                0x0000dd88                usbdc_reset
 .text.usbd_event_cb
                0x0000dde4       0x18 usb/device/usbdc.o
 .text.usbdc_xfer
                0x0000ddfc       0x20 usb/device/usbdc.o
                0x0000ddfc                usbdc_xfer
 .text.usbdc_cb_ctl_req
                0x0000de1c      0x328 usb/device/usbdc.o
 .text.usbdc_register_handler
                0x0000e144       0x2c usb/device/usbdc.o
                0x0000e144                usbdc_register_handler
 .text.usbdc_init
                0x0000e170       0x44 usb/device/usbdc.o
                0x0000e170                usbdc_init
 .text.usbdc_register_function
                0x0000e1b4       0x10 usb/device/usbdc.o
                0x0000e1b4                usbdc_register_function
 .text.usbdc_start
                0x0000e1c4       0x34 usb/device/usbdc.o
                0x0000e1c4                usbdc_start
 .text.usbdc_attach
                0x0000e1f8        0x8 usb/device/usbdc.o
                0x0000e1f8                usbdc_attach
 .text.usbdc_get_ctrl_buffer
                0x0000e200        0xc usb/device/usbdc.o
                0x0000e200                usbdc_get_ctrl_buffer
 .text.usbdc_get_state
                0x0000e20c       0x14 usb/device/usbdc.o
                0x0000e20c                usbdc_get_state
 .text.usb_find_desc
                0x0000e220       0x1a usb/usb_protocol.o
                0x0000e220                usb_find_desc
 .text.usb_find_ep_desc
                0x0000e23a       0x1c usb/usb_protocol.o
                0x0000e23a                usb_find_ep_desc
 *fill*         0x0000e256        0x2 
 .text.usb_find_cfg_desc
                0x0000e258       0x3c usb/usb_protocol.o
                0x0000e258                usb_find_cfg_desc
 .text.usb_find_str_desc
                0x0000e294       0x30 usb/usb_protocol.o
                0x0000e294                usb_find_str_desc
 .text.gpio_get_pin_level
                0x0000e2c4       0x48 usb_start.o
 .text.hiddf_demo_sof_event
                0x0000e30c       0x78 usb_start.o
 .text.composite_device_init
                0x0000e384       0x2c usb_start.o
                0x0000e384                composite_device_init
 .text.composite_device_start
                0x0000e3b0       0x1c usb_start.o
                0x0000e3b0                composite_device_start
 .text.usb_init
                0x0000e3cc        0x8 usb_start.o
                0x0000e3cc                usb_init
 .text          0x0000e3d4      0x370 c:/program files (x86)/atmel/studio/7.0/toolchain/arm/arm-gnu-toolchain/bin/../lib/gcc/arm-none-eabi/6.3.1/thumb/v7e-m\libgcc.a(_arm_addsubdf3.o)
                0x0000e3d4                __aeabi_drsub
                0x0000e3dc                __aeabi_dsub
                0x0000e3dc                __subdf3
                0x0000e3e0                __aeabi_dadd
                0x0000e3e0                __adddf3
                0x0000e658                __floatunsidf
                0x0000e658                __aeabi_ui2d
                0x0000e678                __floatsidf
                0x0000e678                __aeabi_i2d
                0x0000e69c                __aeabi_f2d
                0x0000e69c                __extendsfdf2
                0x0000e6d8                __floatundidf
                0x0000e6d8                __aeabi_ul2d
                0x0000e6e8                __floatdidf
                0x0000e6e8                __aeabi_l2d
 .text          0x0000e744      0x424 c:/program files (x86)/atmel/studio/7.0/toolchain/arm/arm-gnu-toolchain/bin/../lib/gcc/arm-none-eabi/6.3.1/thumb/v7e-m\libgcc.a(_arm_muldivdf3.o)
                0x0000e744                __aeabi_dmul
                0x0000e744                __muldf3
                0x0000e998                __divdf3
                0x0000e998                __aeabi_ddiv
 .text          0x0000eb68       0x40 c:/program files (x86)/atmel/studio/7.0/toolchain/arm/arm-gnu-toolchain/bin/../lib/gcc/arm-none-eabi/6.3.1/thumb/v7e-m\libgcc.a(_arm_fixunsdfsi.o)
                0x0000eb68                __aeabi_d2uiz
                0x0000eb68                __fixunsdfsi
 .text.__libc_init_array
                0x0000eba8       0x48 c:/program files (x86)/atmel/studio/7.0/toolchain/arm/arm-gnu-toolchain/bin/../lib/gcc/arm-none-eabi/6.3.1/../../../../arm-none-eabi/lib/thumb/v7e-m\libc_nano.a(lib_a-init.o)
                0x0000eba8                __libc_init_array
 .text.malloc   0x0000ebf0       0x10 c:/program files (x86)/atmel/studio/7.0/toolchain/arm/arm-gnu-toolchain/bin/../lib/gcc/arm-none-eabi/6.3.1/../../../../arm-none-eabi/lib/thumb/v7e-m\libc_nano.a(lib_a-malloc.o)
                0x0000ebf0                malloc
 .text.memcpy   0x0000ec00       0x16 c:/program files (x86)/atmel/studio/7.0/toolchain/arm/arm-gnu-toolchain/bin/../lib/gcc/arm-none-eabi/6.3.1/../../../../arm-none-eabi/lib/thumb/v7e-m\libc_nano.a(lib_a-memcpy-stub.o)
                0x0000ec00                memcpy
 .text.memset   0x0000ec16       0x10 c:/program files (x86)/atmel/studio/7.0/toolchain/arm/arm-gnu-toolchain/bin/../lib/gcc/arm-none-eabi/6.3.1/../../../../arm-none-eabi/lib/thumb/v7e-m\libc_nano.a(lib_a-memset.o)
                0x0000ec16                memset
 *fill*         0x0000ec26        0x2 
 .text._free_r  0x0000ec28       0x9c c:/program files (x86)/atmel/studio/7.0/toolchain/arm/arm-gnu-toolchain/bin/../lib/gcc/arm-none-eabi/6.3.1/../../../../arm-none-eabi/lib/thumb/v7e-m\libc_nano.a(lib_a-nano-freer.o)
                0x0000ec28                _free_r
 .text._malloc_r
                0x0000ecc4       0xbc c:/program files (x86)/atmel/studio/7.0/toolchain/arm/arm-gnu-toolchain/bin/../lib/gcc/arm-none-eabi/6.3.1/../../../../arm-none-eabi/lib/thumb/v7e-m\libc_nano.a(lib_a-nano-mallocr.o)
                0x0000ecc4                _malloc_r
 .text.printf   0x0000ed80       0x30 c:/program files (x86)/atmel/studio/7.0/toolchain/arm/arm-gnu-toolchain/bin/../lib/gcc/arm-none-eabi/6.3.1/../../../../arm-none-eabi/lib/thumb/v7e-m\libc_nano.a(lib_a-printf.o)
                0x0000ed80                iprintf
                0x0000ed80                printf
 .text._puts_r  0x0000edb0       0xb8 c:/program files (x86)/atmel/studio/7.0/toolchain/arm/arm-gnu-toolchain/bin/../lib/gcc/arm-none-eabi/6.3.1/../../../../arm-none-eabi/lib/thumb/v7e-m\libc_nano.a(lib_a-puts.o)
                0x0000edb0                _puts_r
 .text.puts     0x0000ee68       0x10 c:/program files (x86)/atmel/studio/7.0/toolchain/arm/arm-gnu-toolchain/bin/../lib/gcc/arm-none-eabi/6.3.1/../../../../arm-none-eabi/lib/thumb/v7e-m\libc_nano.a(lib_a-puts.o)
                0x0000ee68                puts
 .text._sbrk_r  0x0000ee78       0x20 c:/program files (x86)/atmel/studio/7.0/toolchain/arm/arm-gnu-toolchain/bin/../lib/gcc/arm-none-eabi/6.3.1/../../../../arm-none-eabi/lib/thumb/v7e-m\libc_nano.a(lib_a-sbrkr.o)
                0x0000ee78                _sbrk_r
 .text.setbuf   0x0000ee98       0x10 c:/program files (x86)/atmel/studio/7.0/toolchain/arm/arm-gnu-toolchain/bin/../lib/gcc/arm-none-eabi/6.3.1/../../../../arm-none-eabi/lib/thumb/v7e-m\libc_nano.a(lib_a-setbuf.o)
                0x0000ee98                setbuf
 .text.setvbuf  0x0000eea8      0x15c c:/program files (x86)/atmel/studio/7.0/toolchain/arm/arm-gnu-toolchain/bin/../lib/gcc/arm-none-eabi/6.3.1/../../../../arm-none-eabi/lib/thumb/v7e-m\libc_nano.a(lib_a-setvbuf.o)
                0x0000eea8                setvbuf
 .text.sprintf  0x0000f004       0x48 c:/program files (x86)/atmel/studio/7.0/toolchain/arm/arm-gnu-toolchain/bin/../lib/gcc/arm-none-eabi/6.3.1/../../../../arm-none-eabi/lib/thumb/v7e-m\libc_nano.a(lib_a-sprintf.o)
                0x0000f004                siprintf
                0x0000f004                sprintf
 .text.strcpy   0x0000f04c       0x10 c:/program files (x86)/atmel/studio/7.0/toolchain/arm/arm-gnu-toolchain/bin/../lib/gcc/arm-none-eabi/6.3.1/../../../../arm-none-eabi/lib/thumb/v7e-m\libc_nano.a(lib_a-strcpy.o)
                0x0000f04c                strcpy
 .text          0x0000f05c       0x10 c:/program files (x86)/atmel/studio/7.0/toolchain/arm/arm-gnu-toolchain/bin/../lib/gcc/arm-none-eabi/6.3.1/../../../../arm-none-eabi/lib/thumb/v7e-m\libc_nano.a(lib_a-strlen.o)
                0x0000f05c                strlen
 .text.__swbuf_r
                0x0000f06c       0xa4 c:/program files (x86)/atmel/studio/7.0/toolchain/arm/arm-gnu-toolchain/bin/../lib/gcc/arm-none-eabi/6.3.1/../../../../arm-none-eabi/lib/thumb/v7e-m\libc_nano.a(lib_a-wbuf.o)
                0x0000f06c                __swbuf_r
 .text.__swsetup_r
                0x0000f110       0xdc c:/program files (x86)/atmel/studio/7.0/toolchain/arm/arm-gnu-toolchain/bin/../lib/gcc/arm-none-eabi/6.3.1/../../../../arm-none-eabi/lib/thumb/v7e-m\libc_nano.a(lib_a-wsetup.o)
                0x0000f110                __swsetup_r
 .text.__sflush_r
                0x0000f1ec      0x110 c:/program files (x86)/atmel/studio/7.0/toolchain/arm/arm-gnu-toolchain/bin/../lib/gcc/arm-none-eabi/6.3.1/../../../../arm-none-eabi/lib/thumb/v7e-m\libc_nano.a(lib_a-fflush.o)
                0x0000f1ec                __sflush_r
 .text._fflush_r
                0x0000f2fc       0x54 c:/program files (x86)/atmel/studio/7.0/toolchain/arm/arm-gnu-toolchain/bin/../lib/gcc/arm-none-eabi/6.3.1/../../../../arm-none-eabi/lib/thumb/v7e-m\libc_nano.a(lib_a-fflush.o)
                0x0000f2fc                _fflush_r
 .text._cleanup_r
                0x0000f350        0xc c:/program files (x86)/atmel/studio/7.0/toolchain/arm/arm-gnu-toolchain/bin/../lib/gcc/arm-none-eabi/6.3.1/../../../../arm-none-eabi/lib/thumb/v7e-m\libc_nano.a(lib_a-findfp.o)
                0x0000f350                _cleanup_r
 .text.std.isra.0
                0x0000f35c       0x48 c:/program files (x86)/atmel/studio/7.0/toolchain/arm/arm-gnu-toolchain/bin/../lib/gcc/arm-none-eabi/6.3.1/../../../../arm-none-eabi/lib/thumb/v7e-m\libc_nano.a(lib_a-findfp.o)
 .text.__sfmoreglue
                0x0000f3a4       0x2c c:/program files (x86)/atmel/studio/7.0/toolchain/arm/arm-gnu-toolchain/bin/../lib/gcc/arm-none-eabi/6.3.1/../../../../arm-none-eabi/lib/thumb/v7e-m\libc_nano.a(lib_a-findfp.o)
                0x0000f3a4                __sfmoreglue
 .text.__sinit  0x0000f3d0       0x60 c:/program files (x86)/atmel/studio/7.0/toolchain/arm/arm-gnu-toolchain/bin/../lib/gcc/arm-none-eabi/6.3.1/../../../../arm-none-eabi/lib/thumb/v7e-m\libc_nano.a(lib_a-findfp.o)
                0x0000f3d0                __sinit
 .text.__sfp    0x0000f430       0x78 c:/program files (x86)/atmel/studio/7.0/toolchain/arm/arm-gnu-toolchain/bin/../lib/gcc/arm-none-eabi/6.3.1/../../../../arm-none-eabi/lib/thumb/v7e-m\libc_nano.a(lib_a-findfp.o)
                0x0000f430                __sfp
 .text._fwalk_reent
                0x0000f4a8       0x3c c:/program files (x86)/atmel/studio/7.0/toolchain/arm/arm-gnu-toolchain/bin/../lib/gcc/arm-none-eabi/6.3.1/../../../../arm-none-eabi/lib/thumb/v7e-m\libc_nano.a(lib_a-fwalk.o)
                0x0000f4a8                _fwalk_reent
 .text.__swhatbuf_r
                0x0000f4e4       0x48 c:/program files (x86)/atmel/studio/7.0/toolchain/arm/arm-gnu-toolchain/bin/../lib/gcc/arm-none-eabi/6.3.1/../../../../arm-none-eabi/lib/thumb/v7e-m\libc_nano.a(lib_a-makebuf.o)
                0x0000f4e4                __swhatbuf_r
 .text.__smakebuf_r
                0x0000f52c       0x80 c:/program files (x86)/atmel/studio/7.0/toolchain/arm/arm-gnu-toolchain/bin/../lib/gcc/arm-none-eabi/6.3.1/../../../../arm-none-eabi/lib/thumb/v7e-m\libc_nano.a(lib_a-makebuf.o)
                0x0000f52c                __smakebuf_r
 .text.__malloc_lock
                0x0000f5ac        0x2 c:/program files (x86)/atmel/studio/7.0/toolchain/arm/arm-gnu-toolchain/bin/../lib/gcc/arm-none-eabi/6.3.1/../../../../arm-none-eabi/lib/thumb/v7e-m\libc_nano.a(lib_a-mlock.o)
                0x0000f5ac                __malloc_lock
 .text.__malloc_unlock
                0x0000f5ae        0x2 c:/program files (x86)/atmel/studio/7.0/toolchain/arm/arm-gnu-toolchain/bin/../lib/gcc/arm-none-eabi/6.3.1/../../../../arm-none-eabi/lib/thumb/v7e-m\libc_nano.a(lib_a-mlock.o)
                0x0000f5ae                __malloc_unlock
 .text.__ssputs_r
                0x0000f5b0       0xb6 c:/program files (x86)/atmel/studio/7.0/toolchain/arm/arm-gnu-toolchain/bin/../lib/gcc/arm-none-eabi/6.3.1/../../../../arm-none-eabi/lib/thumb/v7e-m\libc_nano.a(lib_a-nano-svfprintf.o)
                0x0000f5b0                __ssputs_r
 *fill*         0x0000f666        0x2 
 .text._svfprintf_r
                0x0000f668      0x1e8 c:/program files (x86)/atmel/studio/7.0/toolchain/arm/arm-gnu-toolchain/bin/../lib/gcc/arm-none-eabi/6.3.1/../../../../arm-none-eabi/lib/thumb/v7e-m\libc_nano.a(lib_a-nano-svfprintf.o)
                0x0000f668                _svfiprintf_r
                0x0000f668                _svfprintf_r
 .text.__sfputc_r
                0x0000f850       0x2c c:/program files (x86)/atmel/studio/7.0/toolchain/arm/arm-gnu-toolchain/bin/../lib/gcc/arm-none-eabi/6.3.1/../../../../arm-none-eabi/lib/thumb/v7e-m\libc_nano.a(lib_a-nano-vfprintf.o)
 .text.__sfputs_r
                0x0000f87c       0x24 c:/program files (x86)/atmel/studio/7.0/toolchain/arm/arm-gnu-toolchain/bin/../lib/gcc/arm-none-eabi/6.3.1/../../../../arm-none-eabi/lib/thumb/v7e-m\libc_nano.a(lib_a-nano-vfprintf.o)
                0x0000f87c                __sfputs_r
 .text._vfprintf_r