Archive member included to satisfy reference by file (symbol)

c:/program files (x86)/atmel/studio/7.0/toolchain/arm/arm-gnu-toolchain/bin/../lib/gcc/arm-none-eabi/6.3.1/thumb/v7e-m\libgcc.a(_arm_addsubdf3.o)
                              hpl/sercom/hpl_sercom.o (__aeabi_dsub)
c:/program files (x86)/atmel/studio/7.0/toolchain/arm/arm-gnu-toolchain/bin/../lib/gcc/arm-none-eabi/6.3.1/thumb/v7e-m\libgcc.a(_arm_muldivdf3.o)
                              grid/grid_module_pbf4_reva.o (__aeabi_dmul)
c:/program files (x86)/atmel/studio/7.0/toolchain/arm/arm-gnu-toolchain/bin/../lib/gcc/arm-none-eabi/6.3.1/thumb/v7e-m\libgcc.a(_arm_fixunsdfsi.o)
                              grid/grid_module_en16_reva.o (__aeabi_d2uiz)
c:/program files (x86)/atmel/studio/7.0/toolchain/arm/arm-gnu-toolchain/bin/../lib/gcc/arm-none-eabi/6.3.1/thumb/v7e-m\libgcc.a(_aeabi_uldivmod.o)
                              hpl/sercom/hpl_sercom.o (__aeabi_uldivmod)
c:/program files (x86)/atmel/studio/7.0/toolchain/arm/arm-gnu-toolchain/bin/../lib/gcc/arm-none-eabi/6.3.1/thumb/v7e-m\libgcc.a(_udivmoddi4.o)
                              c:/program files (x86)/atmel/studio/7.0/toolchain/arm/arm-gnu-toolchain/bin/../lib/gcc/arm-none-eabi/6.3.1/thumb/v7e-m\libgcc.a(_aeabi_uldivmod.o) (__udivmoddi4)
c:/program files (x86)/atmel/studio/7.0/toolchain/arm/arm-gnu-toolchain/bin/../lib/gcc/arm-none-eabi/6.3.1/thumb/v7e-m\libgcc.a(_dvmd_tls.o)
                              c:/program files (x86)/atmel/studio/7.0/toolchain/arm/arm-gnu-toolchain/bin/../lib/gcc/arm-none-eabi/6.3.1/thumb/v7e-m\libgcc.a(_aeabi_uldivmod.o) (__aeabi_ldiv0)
c:/program files (x86)/atmel/studio/7.0/toolchain/arm/arm-gnu-toolchain/bin/../lib/gcc/arm-none-eabi/6.3.1/../../../../arm-none-eabi/lib/thumb/v7e-m\libc_nano.a(lib_a-exit.o)
                              c:/program files (x86)/atmel/studio/7.0/toolchain/arm/arm-gnu-toolchain/bin/../lib/gcc/arm-none-eabi/6.3.1/../../../../arm-none-eabi/lib/thumb/v7e-m/crt0.o (exit)
c:/program files (x86)/atmel/studio/7.0/toolchain/arm/arm-gnu-toolchain/bin/../lib/gcc/arm-none-eabi/6.3.1/../../../../arm-none-eabi/lib/thumb/v7e-m\libc_nano.a(lib_a-impure.o)
                              c:/program files (x86)/atmel/studio/7.0/toolchain/arm/arm-gnu-toolchain/bin/../lib/gcc/arm-none-eabi/6.3.1/../../../../arm-none-eabi/lib/thumb/v7e-m\libc_nano.a(lib_a-exit.o) (_global_impure_ptr)
c:/program files (x86)/atmel/studio/7.0/toolchain/arm/arm-gnu-toolchain/bin/../lib/gcc/arm-none-eabi/6.3.1/../../../../arm-none-eabi/lib/thumb/v7e-m\libc_nano.a(lib_a-init.o)
                              c:/program files (x86)/atmel/studio/7.0/toolchain/arm/arm-gnu-toolchain/bin/../lib/gcc/arm-none-eabi/6.3.1/../../../../arm-none-eabi/lib/thumb/v7e-m/crt0.o (__libc_init_array)
c:/program files (x86)/atmel/studio/7.0/toolchain/arm/arm-gnu-toolchain/bin/../lib/gcc/arm-none-eabi/6.3.1/../../../../arm-none-eabi/lib/thumb/v7e-m\libc_nano.a(lib_a-malloc.o)
                              grid/grid_ain.o (malloc)
c:/program files (x86)/atmel/studio/7.0/toolchain/arm/arm-gnu-toolchain/bin/../lib/gcc/arm-none-eabi/6.3.1/../../../../arm-none-eabi/lib/thumb/v7e-m\libc_nano.a(lib_a-memcpy-stub.o)
                              hpl/nvmctrl/hpl_nvmctrl.o (memcpy)
c:/program files (x86)/atmel/studio/7.0/toolchain/arm/arm-gnu-toolchain/bin/../lib/gcc/arm-none-eabi/6.3.1/../../../../arm-none-eabi/lib/thumb/v7e-m\libc_nano.a(lib_a-memset.o)
                              c:/program files (x86)/atmel/studio/7.0/toolchain/arm/arm-gnu-toolchain/bin/../lib/gcc/arm-none-eabi/6.3.1/../../../../arm-none-eabi/lib/thumb/v7e-m/crt0.o (memset)
c:/program files (x86)/atmel/studio/7.0/toolchain/arm/arm-gnu-toolchain/bin/../lib/gcc/arm-none-eabi/6.3.1/../../../../arm-none-eabi/lib/thumb/v7e-m\libc_nano.a(lib_a-nano-freer.o)
                              c:/program files (x86)/atmel/studio/7.0/toolchain/arm/arm-gnu-toolchain/bin/../lib/gcc/arm-none-eabi/6.3.1/../../../../arm-none-eabi/lib/thumb/v7e-m\libc_nano.a(lib_a-malloc.o) (_free_r)
c:/program files (x86)/atmel/studio/7.0/toolchain/arm/arm-gnu-toolchain/bin/../lib/gcc/arm-none-eabi/6.3.1/../../../../arm-none-eabi/lib/thumb/v7e-m\libc_nano.a(lib_a-nano-mallocr.o)
                              c:/program files (x86)/atmel/studio/7.0/toolchain/arm/arm-gnu-toolchain/bin/../lib/gcc/arm-none-eabi/6.3.1/../../../../arm-none-eabi/lib/thumb/v7e-m\libc_nano.a(lib_a-malloc.o) (_malloc_r)
c:/program files (x86)/atmel/studio/7.0/toolchain/arm/arm-gnu-toolchain/bin/../lib/gcc/arm-none-eabi/6.3.1/../../../../arm-none-eabi/lib/thumb/v7e-m\libc_nano.a(lib_a-printf.o)
                              hal/utils/src/utils_syscalls.o (printf)
c:/program files (x86)/atmel/studio/7.0/toolchain/arm/arm-gnu-toolchain/bin/../lib/gcc/arm-none-eabi/6.3.1/../../../../arm-none-eabi/lib/thumb/v7e-m\libc_nano.a(lib_a-puts.o)
                              main.o (puts)
[...]
Memory Configuration

Name             Origin             Length             Attributes
rom              0x00004000         0x0007a000         xr
ram              0x20000000         0x00040000         xrw
bkupram          0x47000000         0x00002000         xrw
qspi             0x04000000         0x01000000         xrw
*default*        0x00000000         0xffffffff

Linker script and memory map

LOAD c:/program files (x86)/atmel/studio/7.0/toolchain/arm/arm-gnu-toolchain/bin/../lib/gcc/arm-none-eabi/6.3.1/thumb/v7e-m/crti.o
LOAD c:/program files (x86)/atmel/studio/7.0/toolchain/arm/arm-gnu-toolchain/bin/../lib/gcc/arm-none-eabi/6.3.1/thumb/v7e-m/crtbegin.o
LOAD c:/program files (x86)/atmel/studio/7.0/toolchain/arm/arm-gnu-toolchain/bin/../lib/gcc/arm-none-eabi/6.3.1/../../../../arm-none-eabi/lib/thumb/v7e-m/crt0.o
LOAD atmel_start.o
LOAD Device_Startup/startup_samd51.o
LOAD Device_Startup/system_samd51.o
LOAD driver_init.o
LOAD examples/driver_examples.o
LOAD flash/n25q256a.o
LOAD flash/spi_nor_flash.o
LOAD grid/grid_ain.o
LOAD grid/grid_buf.o
LOAD grid/grid_led.o
LOAD grid/grid_module.o
LOAD grid/grid_module_bu16_revb.o
LOAD grid/grid_module_en16_reva.o
LOAD grid/grid_module_pbf4_reva.o
LOAD grid/grid_module_po16_revb.o
LOAD grid/grid_sys.o
LOAD grid/grid_ui.o
LOAD hal/src/hal_adc_async.o
LOAD hal/src/hal_atomic.o
LOAD hal/src/hal_cache.o
LOAD hal/src/hal_crc_sync.o
LOAD hal/src/hal_delay.o
LOAD hal/src/hal_evsys.o
LOAD hal/src/hal_flash.o
LOAD hal/src/hal_gpio.o
LOAD hal/src/hal_i2c_m_async.o
LOAD hal/src/hal_init.o
LOAD hal/src/hal_io.o
LOAD hal/src/hal_qspi_dma.o
LOAD hal/src/hal_sleep.o
LOAD hal/src/hal_spi_m_async.o
LOAD hal/src/hal_spi_m_dma.o
LOAD hal/src/hal_timer.o
LOAD hal/src/hal_usart_async.o
LOAD hal/src/hal_usart_sync.o
LOAD hal/src/hal_usb_device.o
LOAD hal/src/hal_wdt.o
LOAD hal/utils/src/utils_assert.o
LOAD hal/utils/src/utils_event.o
LOAD hal/utils/src/utils_list.o
LOAD hal/utils/src/utils_ringbuffer.o
LOAD hal/utils/src/utils_syscalls.o
LOAD hpl/adc/hpl_adc.o
LOAD hpl/cmcc/hpl_cmcc.o
LOAD hpl/core/hpl_core_m4.o
LOAD hpl/core/hpl_init.o
LOAD hpl/dmac/hpl_dmac.o
LOAD hpl/dsu/hpl_dsu.o
LOAD hpl/evsys/hpl_evsys.o
LOAD hpl/gclk/hpl_gclk.o
LOAD hpl/mclk/hpl_mclk.o
LOAD hpl/nvmctrl/hpl_nvmctrl.o
LOAD hpl/osc32kctrl/hpl_osc32kctrl.o
LOAD hpl/oscctrl/hpl_oscctrl.o
LOAD hpl/pac/hpl_pac.o
LOAD hpl/pm/hpl_pm.o
LOAD hpl/qspi/hpl_qspi.o
LOAD hpl/ramecc/hpl_ramecc.o
LOAD hpl/rtc/hpl_rtc.o
LOAD hpl/sercom/hpl_sercom.o
LOAD hpl/systick/hpl_systick.o
LOAD hpl/tc/hpl_tc.o
LOAD hpl/usb/hpl_usb.o
LOAD hpl/wdt/hpl_wdt.o
LOAD main.o
LOAD stdio_redirect/gcc/read.o
LOAD stdio_redirect/gcc/write.o
LOAD stdio_redirect/stdio_io.o
LOAD stdio_start.o
LOAD usb/class/cdc/device/cdcdf_acm.o
LOAD usb/class/hid/device/hiddf_generic.o
LOAD usb/class/hid/device/hiddf_keyboard.o
LOAD usb/class/hid/device/hiddf_mouse.o
LOAD usb/class/midi/device/audiodf_midi.o
LOAD usb/class/midi/usb_protocol_midi.o
LOAD usb/class/msc/device/mscdf.o
LOAD usb/device/usbdc.o
LOAD usb/usb_protocol.o
LOAD usb_start.o
START GROUP
LOAD c:/program files (x86)/atmel/studio/7.0/toolchain/arm/arm-gnu-toolchain/bin/../lib/gcc/arm-none-eabi/6.3.1/../../../../arm-none-eabi/lib/thumb/v7e-m\libm.a
END GROUP
START GROUP
LOAD c:/program files (x86)/atmel/studio/7.0/toolchain/arm/arm-gnu-toolchain/bin/../lib/gcc/arm-none-eabi/6.3.1/thumb/v7e-m\libgcc.a
LOAD c:/program files (x86)/atmel/studio/7.0/toolchain/arm/arm-gnu-toolchain/bin/../lib/gcc/arm-none-eabi/6.3.1/../../../../arm-none-eabi/lib/thumb/v7e-m\libc_nano.a
END GROUP
START GROUP
LOAD c:/program files (x86)/atmel/studio/7.0/toolchain/arm/arm-gnu-toolchain/bin/../lib/gcc/arm-none-eabi/6.3.1/thumb/v7e-m\libgcc.a
LOAD c:/program files (x86)/atmel/studio/7.0/toolchain/arm/arm-gnu-toolchain/bin/../lib/gcc/arm-none-eabi/6.3.1/../../../../arm-none-eabi/lib/thumb/v7e-m\libc_nano.a
END GROUP
LOAD c:/program files (x86)/atmel/studio/7.0/toolchain/arm/arm-gnu-toolchain/bin/../lib/gcc/arm-none-eabi/6.3.1/thumb/v7e-m/crtend.o
LOAD c:/program files (x86)/atmel/studio/7.0/toolchain/arm/arm-gnu-toolchain/bin/../lib/gcc/arm-none-eabi/6.3.1/thumb/v7e-m/crtn.o
                0x00010000                STACK_SIZE = DEFINED (STACK_SIZE)?STACK_SIZE:DEFINED (__stack_size__)?__stack_size__:0x10000

.text           0x00004000     0xb0f4
                0x00004000                . = ALIGN (0x4)
                0x00004000                _sfixed = .
 *(.vectors .vectors.*)
 .vectors       0x00004000      0x264 Device_Startup/startup_samd51.o
                0x00004000                exception_table
 *(.text .text.* .gnu.linkonce.t.*)
 .text          0x00004264       0x6c c:/program files (x86)/atmel/studio/7.0/toolchain/arm/arm-gnu-toolchain/bin/../lib/gcc/arm-none-eabi/6.3.1/thumb/v7e-m/crtbegin.o
 .text.atmel_start_init
                0x000042d0       0x20 atmel_start.o
                0x000042d0                atmel_start_init
 .text.Dummy_Handler
                0x000042f0        0x2 Device_Startup/startup_samd51.o
                0x000042f0                EIC_5_Handler
                0x000042f0                SVCall_Handler
                0x000042f0                EIC_13_Handler
                0x000042f0                EVSYS_0_Handler
                0x000042f0                TCC1_3_Handler
                0x000042f0                DAC_3_Handler
                0x000042f0                TRNG_Handler
                0x000042f0                HardFault_Handler
                0x000042f0                PDEC_2_Handler
                0x000042f0                EIC_4_Handler
                0x000042f0                AC_Handler
                0x000042f0                SysTick_Handler
                0x000042f0                TCC2_3_Handler
                0x000042f0                PendSV_Handler
                0x000042f0                TC7_Handler
                0x000042f0                EVSYS_3_Handler
                0x000042f0                PDEC_0_Handler
                0x000042f0                QSPI_Handler
                0x000042f0                NonMaskableInt_Handler
                0x000042f0                TCC0_0_Handler
                0x000042f0                EIC_3_Handler
                0x000042f0                MemManagement_Handler
                0x000042f0                DAC_2_Handler
                0x000042f0                UsageFault_Handler
                0x000042f0                EIC_10_Handler
                0x000042f0                EIC_11_Handler
                0x000042f0                EIC_9_Handler
                0x000042f0                OSC32KCTRL_Handler
                0x000042f0                TCC2_1_Handler
                0x000042f0                SUPC_1_Handler
                0x000042f0                TCC0_5_Handler
                0x000042f0                TCC0_6_Handler
                0x000042f0                EVSYS_1_Handler
                0x000042f0                TCC1_4_Handler
                0x000042f0                TC6_Handler
                0x000042f0                WDT_Handler
                0x000042f0                EIC_8_Handler
                0x000042f0                EIC_15_Handler
                0x000042f0                TC4_Handler
                0x000042f0                OSCCTRL_4_Handler
                0x000042f0                EIC_12_Handler
                0x000042f0                TCC4_2_Handler
                0x000042f0                PAC_Handler
                0x000042f0                TCC1_0_Handler
                0x000042f0                OSCCTRL_0_Handler
                0x000042f0                EIC_0_Handler
                0x000042f0                OSCCTRL_3_Handler
                0x000042f0                Dummy_Handler
                0x000042f0                TCC3_0_Handler
                0x000042f0                TCC2_2_Handler
                0x000042f0                TCC1_1_Handler
                0x000042f0                OSCCTRL_2_Handler
                0x000042f0                TCC1_2_Handler
                0x000042f0                SERCOM7_1_Handler
                0x000042f0                PM_Handler
                0x000042f0                SERCOM2_3_Handler
                0x000042f0                DAC_4_Handler
                0x000042f0                TCC3_2_Handler
                0x000042f0                SERCOM7_0_Handler
                0x000042f0                TCC0_2_Handler
                0x000042f0                TCC4_0_Handler
                0x000042f0                SERCOM7_3_Handler
                0x000042f0                SDHC1_Handler
                0x000042f0                SERCOM7_2_Handler
                0x000042f0                TCC2_0_Handler
                0x000042f0                PDEC_1_Handler
                0x000042f0                TCC4_1_Handler
                0x000042f0                SDHC0_Handler
                0x000042f0                I2S_Handler
                0x000042f0                EIC_2_Handler
                0x000042f0                PCC_Handler
                0x000042f0                DAC_0_Handler
                0x000042f0                TCC0_1_Handler
                0x000042f0                EIC_6_Handler
                0x000042f0                OSCCTRL_1_Handler
                0x000042f0                PUKCC_Handler
                0x000042f0                SERCOM2_1_Handler
                0x000042f0                EIC_1_Handler
                0x000042f0                EVSYS_4_Handler
                0x000042f0                EIC_7_Handler
                0x000042f0                SERCOM2_2_Handler
                0x000042f0                TCC3_1_Handler
                0x000042f0                EIC_14_Handler
                0x000042f0                DAC_1_Handler
                0x000042f0                MCLK_Handler
                0x000042f0                EVSYS_2_Handler
                0x000042f0                SUPC_0_Handler
                0x000042f0                BusFault_Handler
                0x000042f0                FREQM_Handler
                0x000042f0                TCC0_3_Handler
                0x000042f0                DebugMonitor_Handler
                0x000042f0                TCC0_4_Handler
                0x000042f0                TC5_Handler
                0x000042f0                SERCOM2_0_Handler
                0x000042f0                AES_Handler
                0x000042f0                ICM_Handler
 *fill*         0x000042f2        0x2 
 .text.Reset_Handler
                0x000042f4       0x78 Device_Startup/startup_samd51.o
                0x000042f4                Reset_Handler
 .text._gpio_set_pin_function
                0x0000436c       0x68 driver_init.o
 .text.gpio_set_pin_direction
                0x000043d4       0x68 driver_init.o
 .text.ADC_0_init
                0x0000443c       0x80 driver_init.o
                0x0000443c                ADC_0_init
 .text.ADC_1_init
                0x000044bc       0x84 driver_init.o
                0x000044bc                ADC_1_init
 .text.CRC_0_init
                0x00004540       0x24 driver_init.o
                0x00004540                CRC_0_init
 .text.EVENT_SYSTEM_0_init
                0x00004564       0x30 driver_init.o
                0x00004564                EVENT_SYSTEM_0_init
 .text.FLASH_0_CLOCK_init
                0x00004594       0x10 driver_init.o
                0x00004594                FLASH_0_CLOCK_init
 .text.FLASH_0_init
                0x000045a4       0x24 driver_init.o
                0x000045a4                FLASH_0_init
 .text.QSPI_INSTANCE_PORT_init
                0x000045c8       0xdc driver_init.o
                0x000045c8                QSPI_INSTANCE_PORT_init
 .text.QSPI_INSTANCE_CLOCK_init
                0x000046a4       0x20 driver_init.o
                0x000046a4                QSPI_INSTANCE_CLOCK_init
 .text.QSPI_INSTANCE_init
                0x000046c4       0x2c driver_init.o
                0x000046c4                QSPI_INSTANCE_init
 .text.USART_EAST_CLOCK_init
                0x000046f0       0x24 driver_init.o
                0x000046f0                USART_EAST_CLOCK_init
 .text.USART_EAST_PORT_init
                0x00004714       0x24 driver_init.o
                0x00004714                USART_EAST_PORT_init
 .text.USART_EAST_init
                0x00004738       0x38 driver_init.o
                0x00004738                USART_EAST_init
 .text.USART_NORTH_CLOCK_init
                0x00004770       0x24 driver_init.o
                0x00004770                USART_NORTH_CLOCK_init
 .text.USART_NORTH_PORT_init
                0x00004794       0x24 driver_init.o
                0x00004794                USART_NORTH_PORT_init
 .text.USART_NORTH_init
                0x000047b8       0x38 driver_init.o
                0x000047b8                USART_NORTH_init
 .text.GRID_AUX_PORT_init
                0x000047f0       0x24 driver_init.o
                0x000047f0                GRID_AUX_PORT_init
 .text.GRID_AUX_CLOCK_init
                0x00004814       0x24 driver_init.o
                0x00004814                GRID_AUX_CLOCK_init
 .text.GRID_AUX_init
                0x00004838       0x2c driver_init.o
                0x00004838                GRID_AUX_init
 .text.UI_SPI_PORT_init
                0x00004864       0x68 driver_init.o
                0x00004864                UI_SPI_PORT_init
 .text.UI_SPI_CLOCK_init
                0x000048cc       0x24 driver_init.o
                0x000048cc                UI_SPI_CLOCK_init
 .text.UI_SPI_init
                0x000048f0       0x2c driver_init.o
                0x000048f0                UI_SPI_init
 .text.USART_WEST_CLOCK_init
                0x0000491c       0x24 driver_init.o
                0x0000491c                USART_WEST_CLOCK_init
 .text.USART_WEST_PORT_init
                0x00004940       0x24 driver_init.o
                0x00004940                USART_WEST_PORT_init
 .text.USART_WEST_init
                0x00004964       0x38 driver_init.o
                0x00004964                USART_WEST_init
 .text.SYS_I2C_PORT_init
                0x0000499c       0x40 driver_init.o
                0x0000499c                SYS_I2C_PORT_init
 .text.SYS_I2C_CLOCK_init
                0x000049dc       0x24 driver_init.o
                0x000049dc                SYS_I2C_CLOCK_init
 .text.SYS_I2C_init
                0x00004a00       0x2c driver_init.o
                0x00004a00                SYS_I2C_init
 .text.USART_SOUTH_CLOCK_init
                0x00004a2c       0x24 driver_init.o
                0x00004a2c                USART_SOUTH_CLOCK_init
 .text.USART_SOUTH_PORT_init
                0x00004a50       0x24 driver_init.o
                0x00004a50                USART_SOUTH_PORT_init
 .text.USART_SOUTH_init
                0x00004a74       0x38 driver_init.o
                0x00004a74                USART_SOUTH_init
 .text.GRID_LED_PORT_init
                0x00004aac       0x68 driver_init.o
                0x00004aac                GRID_LED_PORT_init
 .text.GRID_LED_CLOCK_init
                0x00004b14       0x24 driver_init.o
                0x00004b14                GRID_LED_CLOCK_init
 .text.GRID_LED_init
                0x00004b38       0x2c driver_init.o
                0x00004b38                GRID_LED_init
 .text.delay_driver_init
                0x00004b64       0x10 driver_init.o
                0x00004b64                delay_driver_init
 .text.USB_DEVICE_INSTANCE_PORT_init
                0x00004b74       0x60 driver_init.o
                0x00004b74                USB_DEVICE_INSTANCE_PORT_init
 .text.USB_DEVICE_INSTANCE_CLOCK_init
                0x00004bd4       0x24 driver_init.o
                0x00004bd4                USB_DEVICE_INSTANCE_CLOCK_init
 .text.USB_DEVICE_INSTANCE_init
                0x00004bf8       0x20 driver_init.o
                0x00004bf8                USB_DEVICE_INSTANCE_init
 .text.WDT_0_CLOCK_init
                0x00004c18       0x10 driver_init.o
                0x00004c18                WDT_0_CLOCK_init
 .text.WDT_0_init
                0x00004c28       0x24 driver_init.o
                0x00004c28                WDT_0_init
 .text.system_init
                0x00004c4c      0x2a8 driver_init.o
                0x00004c4c                system_init
 .text.grid_ain_channel_init
                0x00004ef4       0x34 grid/grid_ain.o
                0x00004ef4                grid_ain_channel_init
 .text.grid_ain_init
                0x00004f28       0x44 grid/grid_ain.o
                0x00004f28                grid_ain_init
 .text.grid_ain_add_sample
                0x00004f6c       0xd0 grid/grid_ain.o
                0x00004f6c                grid_ain_add_sample
 .text.grid_ain_get_changed
                0x0000503c       0x10 grid/grid_ain.o
                0x0000503c                grid_ain_get_changed
 .text.grid_ain_get_average
                0x0000504c       0x28 grid/grid_ain.o
                0x0000504c                grid_ain_get_average
 .text.grid_buffer_init
                0x00005074       0x44 grid/grid_buf.o
                0x00005074                grid_buffer_init
 .text.grid_buffer_write_size
                0x000050b8       0x14 grid/grid_buf.o
                0x000050b8                grid_buffer_write_size
 .text.grid_buffer_write_init
                0x000050cc       0x2c grid/grid_buf.o
                0x000050cc                grid_buffer_write_init
 .text.grid_buffer_write_character
                0x000050f8       0x1c grid/grid_buf.o
                0x000050f8                grid_buffer_write_character
 .text.grid_buffer_write_acknowledge
                0x00005114       0x10 grid/grid_buf.o
                0x00005114                grid_buffer_write_acknowledge
 .text.grid_buffer_read_size
                0x00005124       0x4c grid/grid_buf.o
                0x00005124                grid_buffer_read_size
 .text.grid_buffer_read_init
                0x00005170       0x5c grid/grid_buf.o
                0x00005170                grid_buffer_read_init
 .text.grid_buffer_read_character
                0x000051cc       0x24 grid/grid_buf.o
                0x000051cc                grid_buffer_read_character
 .text.grid_buffer_read_acknowledge
                0x000051f0       0x10 grid/grid_buf.o
                0x000051f0                grid_buffer_read_acknowledge
 .text.grid_port_init
                0x00005200       0xc0 grid/grid_buf.o
                0x00005200                grid_port_init
 .text.grid_port_init_all
                0x000052c0       0xd0 grid/grid_buf.o
                0x000052c0                grid_port_init_all
 .text.grid_port_process_inbound
                0x00005390      0x184 grid/grid_buf.o
                0x00005390                grid_port_process_inbound
 .text.grid_port_process_outbound_usb
                0x00005514      0x3c4 grid/grid_buf.o
                0x00005514                grid_port_process_outbound_usb
 .text.grid_port_process_outbound_ui
                0x000058d8       0x48 grid/grid_buf.o
                0x000058d8                grid_port_process_outbound_ui
 .text.grid_port_process_outbound_usart
                0x00005920       0x6c grid/grid_buf.o
                0x00005920                grid_port_process_outbound_usart
 .text.grid_led_hardware_transfer_complete_cb
                0x0000598c        0xc grid/grid_led.o
 .text.grid_led_set_color
                0x00005998       0x34 grid/grid_led.o
                0x00005998                grid_led_set_color
 .text.grid_led_hardware_init
                0x000059cc       0x2c grid/grid_led.o
                0x000059cc                grid_led_hardware_init
 .text.grid_led_get_led_number
                0x000059f8        0x4 grid/grid_led.o
                0x000059f8                grid_led_get_led_number
 .text.grid_led_tick
                0x000059fc       0x30 grid/grid_led.o
                0x000059fc                grid_led_tick
 .text.grid_led_set_min
                0x00005a2c       0x20 grid/grid_led.o
                0x00005a2c                grid_led_set_min
 .text.grid_led_set_mid
                0x00005a4c       0x20 grid/grid_led.o
                0x00005a4c                grid_led_set_mid
 .text.grid_led_set_max
                0x00005a6c       0x20 grid/grid_led.o
                0x00005a6c                grid_led_set_max
 .text.grid_led_set_phase
                0x00005a8c       0x14 grid/grid_led.o
                0x00005a8c                grid_led_set_phase
 .text.grid_led_set_frequency
                0x00005aa0       0x14 grid/grid_led.o
                0x00005aa0                grid_led_set_frequency
 .text.grid_led_buffer_init
                0x00005ab4      0x128 grid/grid_led.o
                0x00005ab4                grid_led_buffer_init
 .text.grid_led_render
                0x00005bdc       0xb0 grid/grid_led.o
                0x00005bdc                grid_led_render
 .text.grid_led_render_all
                0x00005c8c       0x20 grid/grid_led.o
                0x00005c8c                grid_led_render_all
 .text.grid_led_hardware_start_transfer_blocking
                0x00005cac       0x34 grid/grid_led.o
                0x00005cac                grid_led_hardware_start_transfer_blocking
 .text.grid_led_startup_animation
                0x00005ce0       0x80 grid/grid_led.o
                0x00005ce0                grid_led_startup_animation
 .text.grid_led_init
                0x00005d60       0xbc grid/grid_led.o
                0x00005d60                grid_led_init
 .text.grid_led_hardware_start_transfer
                0x00005e1c       0x30 grid/grid_led.o
                0x00005e1c                grid_led_hardware_start_transfer
 .text.grid_led_hardware_is_transfer_completed
                0x00005e4c        0xc grid/grid_led.o
                0x00005e4c                grid_led_hardware_is_transfer_completed
 .text.grid_module_common_init
                0x00005e58       0x6c grid/grid_module.o
                0x00005e58                grid_module_common_init
 .text.grid_module_bu16_revb_hardware_start_transfer
                0x00005ec4       0x20 grid/grid_module_bu16_revb.o
                0x00005ec4                grid_module_bu16_revb_hardware_start_transfer
 .text.grid_module_bu16_revb_hardware_transfer_complete_cb
                0x00005ee4      0x260 grid/grid_module_bu16_revb.o
 .text.grid_module_bu16_revb_hardware_init
                0x00006144       0x48 grid/grid_module_bu16_revb.o
                0x00006144                grid_module_bu16_revb_hardware_init
 .text.grid_module_bu16_revb_init
                0x0000618c       0xf8 grid/grid_module_bu16_revb.o
                0x0000618c                grid_module_bu16_revb_init
 .text.grid_module_en16_reva_hardware_start_transfer
                0x00006284       0x3c grid/grid_module_en16_reva.o
                0x00006284                grid_module_en16_reva_hardware_start_transfer
 .text.grid_module_en16_reva_hardware_transfer_complete_cb
                0x000062c0      0x418 grid/grid_module_en16_reva.o
                0x000062c0                grid_module_en16_reva_hardware_transfer_complete_cb
 .text.grid_module_en16_reva_hardware_init
                0x000066d8       0x68 grid/grid_module_en16_reva.o
                0x000066d8                grid_module_en16_reva_hardware_init
 .text.grid_module_en16_reva_init
                0x00006740       0xec grid/grid_module_en16_reva.o
                0x00006740                grid_module_en16_reva_init
 .text.grid_module_pbf4_reva_hardware_start_transfer
                0x0000682c       0x20 grid/grid_module_pbf4_reva.o
                0x0000682c                grid_module_pbf4_reva_hardware_start_transfer
 *fill*         0x0000684c        0x4 
 .text.grid_module_pbf4_reva_hardware_transfer_complete_cb
                0x00006850      0x3b4 grid/grid_module_pbf4_reva.o
                0x00006850                grid_module_pbf4_reva_hardware_transfer_complete_cb
 .text.grid_module_pbf4_reva_hardware_init
                0x00006c04       0x48 grid/grid_module_pbf4_reva.o
                0x00006c04                grid_module_pbf4_reva_hardware_init
 .text.grid_module_pbf4_reva_init
                0x00006c4c       0xec grid/grid_module_pbf4_reva.o
                0x00006c4c                grid_module_pbf4_reva_init
 .text.grid_module_po16_revb_hardware_start_transfer
                0x00006d38       0x20 grid/grid_module_po16_revb.o
                0x00006d38                grid_module_po16_revb_hardware_start_transfer
 .text.grid_module_po16_revb_hardware_transfer_complete_cb
                0x00006d58      0x28c grid/grid_module_po16_revb.o
 .text.grid_module_po16_revb_hardware_init
                0x00006fe4       0x48 grid/grid_module_po16_revb.o
                0x00006fe4                grid_module_po16_revb_hardware_init
 .text.grid_module_po16_revb_init
                0x0000702c       0xd8 grid/grid_module_po16_revb.o
                0x0000702c                grid_module_po16_revb_init
 .text.gpio_set_pin_pull_mode.constprop.2
                0x00007104       0x28 grid/grid_sys.o
 .text.tx_cb_USART_GRID
                0x0000712c       0x1a grid/grid_sys.o
                0x0000712c                tx_cb_USART_GRID
 *fill*         0x00007146        0x2 
 .text.tx_cb_USART_GRID_W
                0x00007148       0x10 grid/grid_sys.o
 .text.tx_cb_USART_GRID_S
                0x00007158       0x10 grid/grid_sys.o
 .text.tx_cb_USART_GRID_E
                0x00007168       0x10 grid/grid_sys.o
 .text.tx_cb_USART_GRID_N
                0x00007178       0x10 grid/grid_sys.o
 .text.grid_sys_port_reset_dma
                0x00007188       0x20 grid/grid_sys.o
                0x00007188                grid_sys_port_reset_dma
 .text.dma_transfer_complete_n_cb
                0x000071a8       0x10 grid/grid_sys.o
                0x000071a8                dma_transfer_complete_n_cb
 .text.dma_transfer_complete_e_cb
                0x000071b8       0x10 grid/grid_sys.o
                0x000071b8                dma_transfer_complete_e_cb
 .text.dma_transfer_complete_s_cb
                0x000071c8       0x10 grid/grid_sys.o
                0x000071c8                dma_transfer_complete_s_cb
 .text.dma_transfer_complete_w_cb
                0x000071d8       0x10 grid/grid_sys.o
                0x000071d8                dma_transfer_complete_w_cb
 .text.grid_sys_uart_init
                0x000071e8       0xb4 grid/grid_sys.o
                0x000071e8                grid_sys_uart_init
 .text.grid_sys_dma_rx_init_one
                0x0000729c       0x64 grid/grid_sys.o
                0x0000729c                grid_sys_dma_rx_init_one
 .text.grid_sys_dma_rx_init
                0x00007300       0x6c grid/grid_sys.o
                0x00007300                grid_sys_dma_rx_init
 .text.grid_sys_init
                0x0000736c       0x40 grid/grid_sys.o
                0x0000736c                grid_sys_init
 .text.grid_sys_rtc_get_time
                0x000073ac        0x4 grid/grid_sys.o
                0x000073ac                grid_sys_rtc_get_time
 .text.grid_sys_rtc_get_elapsed_time
                0x000073b0        0xe grid/grid_sys.o
                0x000073b0                grid_sys_rtc_get_elapsed_time
 .text.grid_sys_rtc_tick_time
                0x000073be        0x8 grid/grid_sys.o
                0x000073be                grid_sys_rtc_tick_time
 .text.grid_sys_alert_read_color_changed_flag
                0x000073c6        0x4 grid/grid_sys.o
                0x000073c6                grid_sys_alert_read_color_changed_flag
 .text.grid_sys_alert_clear_color_changed_flag
                0x000073ca        0x6 grid/grid_sys.o
                0x000073ca                grid_sys_alert_clear_color_changed_flag
 .text.grid_sys_alert_get_color_intensity
                0x000073d0       0x42 grid/grid_sys.o
                0x000073d0                grid_sys_alert_get_color_intensity
 .text.grid_sys_alert_set_alert
                0x00007412       0x1a grid/grid_sys.o
                0x00007412                grid_sys_alert_set_alert
 .text.grid_sys_alert_get_color_r
                0x0000742c        0x4 grid/grid_sys.o
                0x0000742c                grid_sys_alert_get_color_r
 .text.grid_sys_alert_get_color_g
                0x00007430        0x4 grid/grid_sys.o
                0x00007430                grid_sys_alert_get_color_g
 .text.grid_sys_alert_get_color_b
                0x00007434        0x4 grid/grid_sys.o
                0x00007434                grid_sys_alert_get_color_b
 .text.grid_sys_read_hex_char_value
                0x00007438       0x28 grid/grid_sys.o
                0x00007438                grid_sys_read_hex_char_value
 .text.grid_sys_read_hex_string_value
                0x00007460       0x30 grid/grid_sys.o
                0x00007460                grid_sys_read_hex_string_value
 .text.grid_sys_write_hex_string_value
                0x00007490       0x34 grid/grid_sys.o
                0x00007490                grid_sys_write_hex_string_value
 .text.grid_sys_get_hwcfg
                0x000074c4       0xe4 grid/grid_sys.o
                0x000074c4                grid_sys_get_hwcfg
 .text.grid_sys_bank_select
                0x000075a8      0x164 grid/grid_sys.o
                0x000075a8                grid_sys_bank_select
 .text.grid_msg_get_checksum
                0x0000770c       0x1a grid/grid_sys.o
                0x0000770c                grid_msg_get_checksum
 *fill*         0x00007726        0x2 
 .text.grid_msg_set_checksum
                0x00007728       0x10 grid/grid_sys.o
                0x00007728                grid_msg_set_checksum
 .text.grid_msg_get_id
                0x00007738       0x20 grid/grid_sys.o
                0x00007738                grid_msg_get_id
 .text.grid_msg_get_dx
                0x00007758       0x20 grid/grid_sys.o
                0x00007758                grid_msg_get_dx
 .text.grid_msg_get_dy
                0x00007778       0x20 grid/grid_sys.o
                0x00007778                grid_msg_get_dy
 .text.grid_msg_get_age
                0x00007798       0x20 grid/grid_sys.o
                0x00007798                grid_msg_get_age
 .text.grid_msg_set_id
                0x000077b8       0x10 grid/grid_sys.o
                0x000077b8                grid_msg_set_id
 .text.grid_msg_set_dx
                0x000077c8       0x10 grid/grid_sys.o
                0x000077c8                grid_msg_set_dx
 .text.grid_msg_set_dy
                0x000077d8       0x10 grid/grid_sys.o
                0x000077d8                grid_msg_set_dy
 .text.grid_msg_set_age
                0x000077e8       0x10 grid/grid_sys.o
                0x000077e8                grid_msg_set_age
 .text.grid_msg_find_recent
                0x000077f8       0x1a grid/grid_sys.o
                0x000077f8                grid_msg_find_recent
 .text.grid_msg_push_recent
                0x00007812       0x16 grid/grid_sys.o
                0x00007812                grid_msg_push_recent
 .text.grid_sys_ping
                0x00007828       0xb4 grid/grid_sys.o
                0x00007828                grid_sys_ping
 .text.grid_ui_model_init
                0x000078dc       0x18 grid/grid_ui.o
                0x000078dc                grid_ui_model_init
 .text.grid_ui_report_init
                0x000078f4       0x84 grid/grid_ui.o
                0x000078f4                grid_ui_report_init
 .text.grid_ui_report_render
                0x00007978       0x20 grid/grid_ui.o
                0x00007978                grid_ui_report_render
 .text.grid_ui_report_get_changed_flag
                0x00007998        0x8 grid/grid_ui.o
                0x00007998                grid_ui_report_get_changed_flag
 .text.grid_ui_report_set_changed_flag
                0x000079a0        0xa grid/grid_ui.o
                0x000079a0                grid_ui_report_set_changed_flag
 .text.grid_ui_report_clear_changed_flag
                0x000079aa        0xa grid/grid_ui.o
                0x000079aa                grid_ui_report_clear_changed_flag
 .text.grid_port_process_ui
                0x000079b4      0x18c grid/grid_ui.o
                0x000079b4                grid_port_process_ui
 .text.adc_async_window_threshold_reached
                0x00007b40        0x8 hal/src/hal_adc_async.o
 .text.adc_async_error_occured
                0x00007b48        0x8 hal/src/hal_adc_async.o
 .text.adc_async_channel_conversion_done
                0x00007b50       0x68 hal/src/hal_adc_async.o
 .text.adc_async_init
                0x00007bb8       0x4c hal/src/hal_adc_async.o
                0x00007bb8                adc_async_init
 .text.adc_async_register_channel_buffer
                0x00007c04       0x6c hal/src/hal_adc_async.o
                0x00007c04                adc_async_register_channel_buffer
 .text.adc_async_enable_channel
                0x00007c70       0x10 hal/src/hal_adc_async.o
                0x00007c70                adc_async_enable_channel
 .text.adc_async_register_callback
                0x00007c80       0x3c hal/src/hal_adc_async.o
                0x00007c80                adc_async_register_callback
 .text.adc_async_read_channel
                0x00007cbc       0x74 hal/src/hal_adc_async.o
                0x00007cbc                adc_async_read_channel
 .text.adc_async_start_conversion
                0x00007d30       0x10 hal/src/hal_adc_async.o
                0x00007d30                adc_async_start_conversion
 .text.atomic_enter_critical
                0x00007d40        0xe hal/src/hal_atomic.o
                0x00007d40                atomic_enter_critical
 .text.atomic_leave_critical
                0x00007d4e        0xc hal/src/hal_atomic.o
                0x00007d4e                atomic_leave_critical
 *fill*         0x00007d5a        0x2 
 .text.crc_sync_init
                0x00007d5c        0x8 hal/src/hal_crc_sync.o
                0x00007d5c                crc_sync_init
 .text.delay_init
                0x00007d64       0x10 hal/src/hal_delay.o
                0x00007d64                delay_init
 .text.delay_us
                0x00007d74       0x24 hal/src/hal_delay.o
                0x00007d74                delay_us
 .text.delay_ms
                0x00007d98       0x24 hal/src/hal_delay.o
                0x00007d98                delay_ms
 .text.event_system_init
                0x00007dbc        0x8 hal/src/hal_evsys.o
                0x00007dbc                event_system_init
 .text.flash_ready
                0x00007dc4        0x8 hal/src/hal_flash.o
 .text.flash_error
                0x00007dcc        0x8 hal/src/hal_flash.o
 .text.flash_init
                0x00007dd4       0x20 hal/src/hal_flash.o
                0x00007dd4                flash_init
 .text.i2c_m_async_write
                0x00007df4       0x2c hal/src/hal_i2c_m_async.o
 .text.i2c_m_async_read
                0x00007e20       0x2c hal/src/hal_i2c_m_async.o
 .text.i2c_tx_complete
                0x00007e4c        0xe hal/src/hal_i2c_m_async.o
 .text.i2c_rx_complete
                0x00007e5a        0xe hal/src/hal_i2c_m_async.o
 .text.i2c_error
                0x00007e68        0xe hal/src/hal_i2c_m_async.o
 *fill*         0x00007e76        0x2 
 .text.i2c_m_async_init
                0x00007e78       0x50 hal/src/hal_i2c_m_async.o
                0x00007e78                i2c_m_async_init
 .text.io_write
                0x00007ec8        0x4 hal/src/hal_io.o
                0x00007ec8                io_write
 .text.io_read  0x00007ecc        0x4 hal/src/hal_io.o
                0x00007ecc                io_read
 .text.qspi_dma_init
                0x00007ed0        0x8 hal/src/hal_qspi_dma.o
                0x00007ed0                qspi_dma_init
 .text._spi_m_async_io_write
                0x00007ed8       0x20 hal/src/hal_spi_m_async.o
 .text._spi_m_async_io_read
                0x00007ef8       0x34 hal/src/hal_spi_m_async.o
 .text._spi_dev_error
                0x00007f2c       0x40 hal/src/hal_spi_m_async.o
 .text._spi_dev_complete
                0x00007f6c       0x2c hal/src/hal_spi_m_async.o
 .text._spi_dev_rx
                0x00007f98       0x7c hal/src/hal_spi_m_async.o
 .text._spi_dev_tx
                0x00008014       0x48 hal/src/hal_spi_m_async.o
 .text.spi_m_async_init
                0x0000805c       0x64 hal/src/hal_spi_m_async.o
                0x0000805c                spi_m_async_init
 .text.spi_m_async_enable
                0x000080c0        0xc hal/src/hal_spi_m_async.o
                0x000080c0                spi_m_async_enable
 .text.spi_m_async_set_baudrate
                0x000080cc       0x18 hal/src/hal_spi_m_async.o
                0x000080cc                spi_m_async_set_baudrate
 .text.spi_m_async_set_mode
                0x000080e4       0x18 hal/src/hal_spi_m_async.o
                0x000080e4                spi_m_async_set_mode
 .text.spi_m_async_transfer
                0x000080fc       0x48 hal/src/hal_spi_m_async.o
                0x000080fc                spi_m_async_transfer
 .text.spi_m_async_register_callback
                0x00008144       0x1c hal/src/hal_spi_m_async.o
                0x00008144                spi_m_async_register_callback
 .text.spi_m_async_get_io_descriptor
                0x00008160        0x8 hal/src/hal_spi_m_async.o
                0x00008160                spi_m_async_get_io_descriptor
 .text._spi_m_dma_io_write
                0x00008168       0x18 hal/src/hal_spi_m_dma.o
 .text._spi_m_dma_io_read
                0x00008180       0x18 hal/src/hal_spi_m_dma.o
 .text.spi_m_dma_init
                0x00008198       0x24 hal/src/hal_spi_m_dma.o
                0x00008198                spi_m_dma_init
 .text.spi_m_dma_enable
                0x000081bc        0xc hal/src/hal_spi_m_dma.o
                0x000081bc                spi_m_dma_enable
 .text.spi_m_dma_register_callback
                0x000081c8        0xc hal/src/hal_spi_m_dma.o
                0x000081c8                spi_m_dma_register_callback
 .text.spi_m_dma_get_io_descriptor
                0x000081d4        0x8 hal/src/hal_spi_m_dma.o
                0x000081d4                spi_m_dma_get_io_descriptor
 .text.timer_add_timer_task
                0x000081dc       0x4c hal/src/hal_timer.o
 .text.timer_process_counted
                0x00008228       0x6c hal/src/hal_timer.o
 .text.timer_init
                0x00008294       0x1c hal/src/hal_timer.o
                0x00008294                timer_init
 .text.timer_start
                0x000082b0       0x24 hal/src/hal_timer.o
                0x000082b0                timer_start
 .text.timer_add_task
                0x000082d4       0x78 hal/src/hal_timer.o
                0x000082d4                timer_add_task
 .text.usart_transmission_complete
                0x0000834c       0x10 hal/src/hal_usart_async.o
 .text.usart_error
                0x0000835c       0x10 hal/src/hal_usart_async.o
 .text.usart_fill_rx_buffer
                0x0000836c       0x20 hal/src/hal_usart_async.o
 .text.usart_async_write
                0x0000838c       0x34 hal/src/hal_usart_async.o
 .text.usart_process_byte_sent
                0x000083c0       0x34 hal/src/hal_usart_async.o
 .text.usart_async_read
                0x000083f4       0x54 hal/src/hal_usart_async.o
 .text.usart_async_init
                0x00008448       0x60 hal/src/hal_usart_async.o
                0x00008448                usart_async_init
 .text.usart_async_enable
                0x000084a8       0x10 hal/src/hal_usart_async.o
                0x000084a8                usart_async_enable
 .text.usart_async_get_io_descriptor
                0x000084b8        0x6 hal/src/hal_usart_async.o
                0x000084b8                usart_async_get_io_descriptor
 *fill*         0x000084be        0x2 
 .text.usart_async_register_callback
                0x000084c0       0x44 hal/src/hal_usart_async.o
                0x000084c0                usart_async_register_callback
 .text.usart_sync_write
                0x00008504       0x50 hal/src/hal_usart_sync.o
 .text.usart_sync_read
                0x00008554       0x38 hal/src/hal_usart_sync.o
 .text.usart_sync_init
                0x0000858c       0x24 hal/src/hal_usart_sync.o
                0x0000858c                usart_sync_init
 .text.usart_sync_enable
                0x000085b0       0x10 hal/src/hal_usart_sync.o
                0x000085b0                usart_sync_enable
 .text._usb_d_find_ep
                0x000085c0       0x30 hal/src/hal_usb_device.o
 .text.usb_d_dummy_cb_false
                0x000085f0        0x4 hal/src/hal_usb_device.o
 .text.usb_d_cb_trans_more
                0x000085f4       0x30 hal/src/hal_usb_device.o
 .text._usb_d_cb_trans_done
                0x00008624      0x108 hal/src/hal_usb_device.o
 .text.usb_d_cb_trans_setup
                0x0000872c       0x8c hal/src/hal_usb_device.o
 .text.usb_d_init
                0x000087b8       0x68 hal/src/hal_usb_device.o
                0x000087b8                usb_d_init
 .text.usb_d_register_callback
                0x00008820        0x8 hal/src/hal_usb_device.o
                0x00008820                usb_d_register_callback
 .text.usb_d_enable
                0x00008828        0x8 hal/src/hal_usb_device.o
                0x00008828                usb_d_enable
 .text.usb_d_attach
                0x00008830        0x8 hal/src/hal_usb_device.o
                0x00008830                usb_d_attach
 .text.usb_d_get_frame_num
                0x00008838        0x8 hal/src/hal_usb_device.o
                0x00008838                usb_d_get_frame_num
 .text.usb_d_set_address
                0x00008840        0x8 hal/src/hal_usb_device.o
                0x00008840                usb_d_set_address
 .text.usb_d_ep_init
                0x00008848       0x50 hal/src/hal_usb_device.o
                0x00008848                usb_d_ep_init
 .text.usb_d_ep0_init
                0x00008898       0x10 hal/src/hal_usb_device.o
                0x00008898                usb_d_ep0_init
 .text.usb_d_ep_deinit
                0x000088a8       0x2c hal/src/hal_usb_device.o
                0x000088a8                usb_d_ep_deinit
 .text.usb_d_ep_enable
                0x000088d4       0x40 hal/src/hal_usb_device.o
                0x000088d4                usb_d_ep_enable
 .text.usb_d_ep_transfer
                0x00008914       0xf8 hal/src/hal_usb_device.o
                0x00008914                usb_d_ep_transfer
 .text.usb_d_ep_halt
                0x00008a0c       0x64 hal/src/hal_usb_device.o
                0x00008a0c                usb_d_ep_halt
 .text.usb_d_ep_register_callback
                0x00008a70       0x4c hal/src/hal_usb_device.o
                0x00008a70                usb_d_ep_register_callback
 .text.is_list_element
                0x00008abc        0xe hal/utils/src/utils_list.o
                0x00008abc                is_list_element
 .text.list_insert_as_head
                0x00008aca        0x8 hal/utils/src/utils_list.o
                0x00008aca                list_insert_as_head
 .text.list_insert_after
                0x00008ad2        0x8 hal/utils/src/utils_list.o
                0x00008ad2                list_insert_after
 .text.list_insert_at_end
                0x00008ada       0x18 hal/utils/src/utils_list.o
                0x00008ada                list_insert_at_end
 .text.list_remove_head
                0x00008af2        0xc hal/utils/src/utils_list.o
                0x00008af2                list_remove_head
 .text.ringbuffer_init
                0x00008afe       0x18 hal/utils/src/utils_ringbuffer.o
                0x00008afe                ringbuffer_init
 .text.ringbuffer_get
                0x00008b16       0x22 hal/utils/src/utils_ringbuffer.o
                0x00008b16                ringbuffer_get
 .text.ringbuffer_put
                0x00008b38       0x26 hal/utils/src/utils_ringbuffer.o
                0x00008b38                ringbuffer_put
 .text.ringbuffer_num
                0x00008b5e        0x8 hal/utils/src/utils_ringbuffer.o
                0x00008b5e                ringbuffer_num
 *fill*         0x00008b66        0x2 
 .text._sbrk    0x00008b68       0x1c hal/utils/src/utils_syscalls.o
                0x00008b68                _sbrk
 .text._close   0x00008b84        0x6 hal/utils/src/utils_syscalls.o
                0x00008b84                _close
 .text._fstat   0x00008b8a        0xa hal/utils/src/utils_syscalls.o
                0x00008b8a                _fstat
 .text._isatty  0x00008b94        0x4 hal/utils/src/utils_syscalls.o
                0x00008b94                _isatty
 .text._lseek   0x00008b98        0x4 hal/utils/src/utils_syscalls.o
                0x00008b98                _lseek
 .text.__NVIC_DisableIRQ
                0x00008b9c       0x28 hpl/adc/hpl_adc.o
 .text.__NVIC_ClearPendingIRQ
                0x00008bc4       0x20 hpl/adc/hpl_adc.o
 .text.hri_adc_wait_for_sync
                0x00008be4        0x8 hpl/adc/hpl_adc.o
 .text.hri_adc_set_CTRLA_ENABLE_bit
                0x00008bec       0x14 hpl/adc/hpl_adc.o
 .text.hri_adc_clear_CTRLA_ENABLE_bit
                0x00008c00       0x18 hpl/adc/hpl_adc.o
 .text._adc_get_regs
                0x00008c18       0x14 hpl/adc/hpl_adc.o
 .text._adc_interrupt_handler
                0x00008c2c       0x4e hpl/adc/hpl_adc.o
 .text._adc_get_irq_num.isra.0
                0x00008c7a       0x14 hpl/adc/hpl_adc.o
 *fill*         0x00008c8e        0x2 
 .text._adc_init
                0x00008c90       0xc8 hpl/adc/hpl_adc.o
 .text._adc_async_init
                0x00008d58       0xb4 hpl/adc/hpl_adc.o
                0x00008d58                _adc_async_init
 .text._adc_async_enable_channel
                0x00008e0c        0xc hpl/adc/hpl_adc.o
                0x00008e0c                _adc_async_enable_channel
 .text._adc_async_get_data_size
                0x00008e18       0x12 hpl/adc/hpl_adc.o
                0x00008e18                _adc_async_get_data_size
 *fill*         0x00008e2a        0x2 
 .text._adc_async_convert
                0x00008e2c       0x18 hpl/adc/hpl_adc.o
                0x00008e2c                _adc_async_convert
 .text._adc_async_set_irq_state
                0x00008e44       0x20 hpl/adc/hpl_adc.o
                0x00008e44                _adc_async_set_irq_state
 .text.ADC0_1_Handler
                0x00008e64       0x10 hpl/adc/hpl_adc.o
                0x00008e64                ADC0_1_Handler
 .text.ADC0_0_Handler
                0x00008e74        0x8 hpl/adc/hpl_adc.o
                0x00008e74                ADC0_0_Handler
 .text.ADC1_1_Handler
                0x00008e7c       0x10 hpl/adc/hpl_adc.o
                0x00008e7c                ADC1_1_Handler
 .text.ADC1_0_Handler
                0x00008e8c        0x8 hpl/adc/hpl_adc.o
                0x00008e8c                ADC1_0_Handler
 .text._irq_set
                0x00008e94       0x1c hpl/core/hpl_core_m4.o
                0x00008e94                _irq_set
 .text._get_cycles_for_us
                0x00008eb0        0x6 hpl/core/hpl_core_m4.o
                0x00008eb0                _get_cycles_for_us
 *fill*         0x00008eb6        0x2 
 .text._get_cycles_for_ms
                0x00008eb8        0xc hpl/core/hpl_core_m4.o
                0x00008eb8                _get_cycles_for_ms
 .text._init_chip
                0x00008ec4       0x5c hpl/core/hpl_init.o
                0x00008ec4                _init_chip
 .text._dmac_handler
                0x00008f20       0x50 hpl/dmac/hpl_dmac.o
 .text._dma_init
                0x00008f70       0xd0 hpl/dmac/hpl_dmac.o
                0x00008f70                _dma_init
 .text._dma_set_irq_state
                0x00009040       0x28 hpl/dmac/hpl_dmac.o
                0x00009040                _dma_set_irq_state
 .text._dma_set_destination_address
                0x00009068       0x10 hpl/dmac/hpl_dmac.o
                0x00009068                _dma_set_destination_address
 .text._dma_set_source_address
                0x00009078       0x10 hpl/dmac/hpl_dmac.o
                0x00009078                _dma_set_source_address
 .text._dma_srcinc_enable
                0x00009088       0x1c hpl/dmac/hpl_dmac.o
                0x00009088                _dma_srcinc_enable
 .text._dma_set_data_amount
                0x000090a4       0x44 hpl/dmac/hpl_dmac.o
                0x000090a4                _dma_set_data_amount
 .text._dma_enable_transaction
                0x000090e8       0x3c hpl/dmac/hpl_dmac.o
                0x000090e8                _dma_enable_transaction
 .text._dma_get_channel_resource
                0x00009124       0x14 hpl/dmac/hpl_dmac.o
                0x00009124                _dma_get_channel_resource
 .text.DMAC_0_Handler
                0x00009138        0x8 hpl/dmac/hpl_dmac.o
                0x00009138                DMAC_0_Handler
 .text.DMAC_1_Handler
                0x00009140        0x8 hpl/dmac/hpl_dmac.o
                0x00009140                DMAC_1_Handler
 .text.DMAC_2_Handler
                0x00009148        0x8 hpl/dmac/hpl_dmac.o
                0x00009148                DMAC_2_Handler
 .text.DMAC_3_Handler
                0x00009150        0x8 hpl/dmac/hpl_dmac.o
                0x00009150                DMAC_3_Handler
 .text.DMAC_4_Handler
                0x00009158        0x8 hpl/dmac/hpl_dmac.o
                0x00009158                DMAC_4_Handler
 .text._crc_sync_init
                0x00009160        0x6 hpl/dsu/hpl_dsu.o
                0x00009160                _crc_sync_init
 *fill*         0x00009166        0x2 
 .text._event_system_init
                0x00009168       0x58 hpl/evsys/hpl_evsys.o
                0x00009168                _event_system_init
 .text.hri_gclk_wait_for_sync.constprop.0
                0x000091c0       0x14 hpl/gclk/hpl_gclk.o
 .text._gclk_init_generators_by_fref
                0x000091d4       0x58 hpl/gclk/hpl_gclk.o
                0x000091d4                _gclk_init_generators_by_fref
 .text._mclk_init
                0x0000922c        0xc hpl/mclk/hpl_mclk.o
                0x0000922c                _mclk_init
 .text._flash_init
                0x00009238       0x4c hpl/nvmctrl/hpl_nvmctrl.o
                0x00009238                _flash_init
 .text.NVMCTRL_1_Handler
                0x00009284       0x2c hpl/nvmctrl/hpl_nvmctrl.o
                0x00009284                NVMCTRL_1_Handler
 .text.NVMCTRL_0_Handler
                0x000092b0        0x8 hpl/nvmctrl/hpl_nvmctrl.o
                0x000092b0                NVMCTRL_0_Handler
 .text._osc32kctrl_init_sources
                0x000092b8       0x14 hpl/osc32kctrl/hpl_osc32kctrl.o
                0x000092b8                _osc32kctrl_init_sources
 .text._oscctrl_init_sources
                0x000092cc        0x2 hpl/oscctrl/hpl_oscctrl.o
                0x000092cc                _oscctrl_init_sources
 *fill*         0x000092ce        0x2 
 .text._oscctrl_init_referenced_generators
                0x000092d0       0xfc hpl/oscctrl/hpl_oscctrl.o
                0x000092d0                _oscctrl_init_referenced_generators
 .text._qspi_dma_tx_complete
                0x000093cc       0x14 hpl/qspi/hpl_qspi.o
 .text._qspi_dma_rx_complete
                0x000093e0        0x8 hpl/qspi/hpl_qspi.o
 .text._qspi_dma_error_occured
                0x000093e8        0xa hpl/qspi/hpl_qspi.o
 *fill*         0x000093f2        0x2 
 .text._qspi_dma_init
                0x000093f4       0x58 hpl/qspi/hpl_qspi.o
                0x000093f4                _qspi_dma_init
 .text.RAMECC_Handler
                0x0000944c       0x3c hpl/ramecc/hpl_ramecc.o
                0x0000944c                RAMECC_Handler
 .text.hri_rtcmode0_wait_for_sync
                0x00009488        0x8 hpl/rtc/hpl_rtc.o
 .text._rtc_timer_stop
                0x00009490       0x1c hpl/rtc/hpl_rtc.o
                0x00009490                _rtc_timer_stop
 .text._rtc_timer_set_period
                0x000094ac       0x10 hpl/rtc/hpl_rtc.o
                0x000094ac                _rtc_timer_set_period
 .text._rtc_timer_get_period
                0x000094bc       0x14 hpl/rtc/hpl_rtc.o
                0x000094bc                _rtc_timer_get_period
 .text._rtc_timer_is_started
                0x000094d0       0x1c hpl/rtc/hpl_rtc.o
                0x000094d0                _rtc_timer_is_started
 .text._rtc_timer_set_irq
                0x000094ec        0x2 hpl/rtc/hpl_rtc.o
                0x000094ec                _rtc_timer_set_irq
 *fill*         0x000094ee        0x2 
 .text._rtc_timer_start
                0x000094f0       0x3c hpl/rtc/hpl_rtc.o
                0x000094f0                _rtc_timer_start
 .text._rtc_timer_deinit
                0x0000952c       0x28 hpl/rtc/hpl_rtc.o
                0x0000952c                _rtc_timer_deinit
 .text._rtc_timer_init
                0x00009554       0x48 hpl/rtc/hpl_rtc.o
                0x00009554                _rtc_timer_init
 .text._rtc_get_timer
                0x0000959c        0x8 hpl/rtc/hpl_rtc.o
                0x0000959c                _rtc_get_timer
 .text.RTC_Handler
                0x000095a4       0x24 hpl/rtc/hpl_rtc.o
                0x000095a4                RTC_Handler
 .text.__NVIC_EnableIRQ
                0x000095c8       0x1c hpl/sercom/hpl_sercom.o
 .text.__NVIC_DisableIRQ
                0x000095e4       0x28 hpl/sercom/hpl_sercom.o
 .text.__NVIC_ClearPendingIRQ
                0x0000960c       0x20 hpl/sercom/hpl_sercom.o
 .text.hri_sercomi2cm_wait_for_sync
                0x0000962c        0x8 hpl/sercom/hpl_sercom.o
 .text.hri_sercomspi_wait_for_sync
                0x00009634        0x8 hpl/sercom/hpl_sercom.o
 .text.hri_sercomusart_wait_for_sync
                0x0000963c        0x8 hpl/sercom/hpl_sercom.o
 .text.hri_sercomi2cm_clear_CTRLA_ENABLE_bit
                0x00009644       0x14 hpl/sercom/hpl_sercom.o
 .text.hri_sercomspi_clear_CTRLA_ENABLE_bit
                0x00009658       0x14 hpl/sercom/hpl_sercom.o
 .text.hri_sercomusart_clear_CTRLA_ENABLE_bit
                0x0000966c       0x14 hpl/sercom/hpl_sercom.o
 .text._sercom_get_hardware_index
                0x00009680       0x34 hpl/sercom/hpl_sercom.o
 .text._sercom_usart_interrupt_handler
                0x000096b4       0x70 hpl/sercom/hpl_sercom.o
 .text._sercom_init_irq_param
                0x00009724       0x60 hpl/sercom/hpl_sercom.o
 .text._get_i2cm_index
                0x00009784       0x14 hpl/sercom/hpl_sercom.o
 .text._sercom_get_irq_num
                0x00009798       0x14 hpl/sercom/hpl_sercom.o
 .text._spi_sync_enable
                0x000097ac       0x28 hpl/sercom/hpl_sercom.o
 .text._spi_get_regs
                0x000097d4       0x2c hpl/sercom/hpl_sercom.o
 .text._spi_get_tx_dma_channel
                0x00009800       0x14 hpl/sercom/hpl_sercom.o
 .text._spi_get_rx_dma_channel
                0x00009814       0x14 hpl/sercom/hpl_sercom.o
 .text._spi_dma_rx_complete
                0x00009828        0xa hpl/sercom/hpl_sercom.o
 .text._spi_dma_tx_complete
                0x00009832        0xa hpl/sercom/hpl_sercom.o
 .text._spi_dma_error_occured
                0x0000983c        0xa hpl/sercom/hpl_sercom.o
 *fill*         0x00009846        0x2 
 .text._sercom_i2c_send_stop
                0x00009848       0x14 hpl/sercom/hpl_sercom.o
 .text._sercom_i2c_sync_analyse_flags
                0x0000985c      0x16c hpl/sercom/hpl_sercom.o
 .text._spi_load_regs_master
                0x000099c8       0x3c hpl/sercom/hpl_sercom.o
 .text._spi_set_mode
                0x00009a04       0x34 hpl/sercom/hpl_sercom.o
 .text._i2c_m_sync_init_impl
                0x00009a38       0xb0 hpl/sercom/hpl_sercom.o
 .text._usart_init
                0x00009ae8       0xdc hpl/sercom/hpl_sercom.o
 .text._usart_sync_init
                0x00009bc4        0xc hpl/sercom/hpl_sercom.o
                0x00009bc4                _usart_sync_init
 .text._usart_async_init
                0x00009bd0       0x64 hpl/sercom/hpl_sercom.o
                0x00009bd0                _usart_async_init
 .text._usart_sync_enable
                0x00009c34       0x14 hpl/sercom/hpl_sercom.o
                0x00009c34                _usart_sync_enable
 .text._usart_async_enable
                0x00009c48       0x14 hpl/sercom/hpl_sercom.o
                0x00009c48                _usart_async_enable
 .text._usart_sync_write_byte
                0x00009c5c        0x6 hpl/sercom/hpl_sercom.o
                0x00009c5c                _usart_sync_write_byte
 .text._usart_async_write_byte
                0x00009c62        0x6 hpl/sercom/hpl_sercom.o
                0x00009c62                _usart_async_write_byte
 .text._usart_sync_read_byte
                0x00009c68        0x8 hpl/sercom/hpl_sercom.o
                0x00009c68                _usart_sync_read_byte
 .text._usart_sync_is_ready_to_send
                0x00009c70        0xa hpl/sercom/hpl_sercom.o
                0x00009c70                _usart_sync_is_ready_to_send
 .text._usart_sync_is_transmit_done
                0x00009c7a        0xa hpl/sercom/hpl_sercom.o
                0x00009c7a                _usart_sync_is_transmit_done
 .text._usart_sync_is_byte_received
                0x00009c84        0xa hpl/sercom/hpl_sercom.o
                0x00009c84                _usart_sync_is_byte_received
 .text._usart_async_enable_byte_sent_irq
                0x00009c8e        0x8 hpl/sercom/hpl_sercom.o
                0x00009c8e                _usart_async_enable_byte_sent_irq
 .text._usart_async_enable_tx_done_irq
                0x00009c96        0x8 hpl/sercom/hpl_sercom.o
                0x00009c96                _usart_async_enable_tx_done_irq
 .text._usart_async_set_irq_state
                0x00009c9e       0x32 hpl/sercom/hpl_sercom.o
                0x00009c9e                _usart_async_set_irq_state
 .text._i2c_m_async_init
                0x00009cd0       0x64 hpl/sercom/hpl_sercom.o
                0x00009cd0                _i2c_m_async_init
 .text._i2c_m_async_transfer
                0x00009d34       0xc0 hpl/sercom/hpl_sercom.o
                0x00009d34                _i2c_m_async_transfer
 .text._i2c_m_async_register_callback
                0x00009df4       0x1a hpl/sercom/hpl_sercom.o
                0x00009df4                _i2c_m_async_register_callback
 *fill*         0x00009e0e        0x2 
 .text.SERCOM0_3_Handler
                0x00009e10       0x10 hpl/sercom/hpl_sercom.o
                0x00009e10                SERCOM0_3_Handler
 .text.SERCOM0_2_Handler
                0x00009e20        0x8 hpl/sercom/hpl_sercom.o
                0x00009e20                SERCOM0_2_Handler
 .text.SERCOM0_1_Handler
                0x00009e28        0x8 hpl/sercom/hpl_sercom.o
                0x00009e28                SERCOM0_1_Handler
 .text.SERCOM0_0_Handler
                0x00009e30        0x8 hpl/sercom/hpl_sercom.o
                0x00009e30                SERCOM0_0_Handler
 .text.SERCOM1_3_Handler
                0x00009e38       0x10 hpl/sercom/hpl_sercom.o
                0x00009e38                SERCOM1_3_Handler
 .text.SERCOM1_2_Handler
                0x00009e48        0x8 hpl/sercom/hpl_sercom.o
                0x00009e48                SERCOM1_2_Handler
 .text.SERCOM1_1_Handler
                0x00009e50        0x8 hpl/sercom/hpl_sercom.o
                0x00009e50                SERCOM1_1_Handler
 .text.SERCOM1_0_Handler
                0x00009e58        0x8 hpl/sercom/hpl_sercom.o
                0x00009e58                SERCOM1_0_Handler
 .text.SERCOM3_3_Handler
                0x00009e60       0x44 hpl/sercom/hpl_sercom.o
                0x00009e60                SERCOM3_3_Handler
 .text.SERCOM3_2_Handler
                0x00009ea4        0x8 hpl/sercom/hpl_sercom.o
                0x00009ea4                SERCOM3_2_Handler
 .text.SERCOM3_1_Handler
                0x00009eac        0x8 hpl/sercom/hpl_sercom.o
                0x00009eac                SERCOM3_1_Handler
 .text.SERCOM3_0_Handler
                0x00009eb4        0x8 hpl/sercom/hpl_sercom.o
                0x00009eb4                SERCOM3_0_Handler
 .text.SERCOM4_3_Handler
                0x00009ebc       0x10 hpl/sercom/hpl_sercom.o
                0x00009ebc                SERCOM4_3_Handler
 .text.SERCOM4_2_Handler
                0x00009ecc        0x8 hpl/sercom/hpl_sercom.o
                0x00009ecc                SERCOM4_2_Handler
 .text.SERCOM4_1_Handler
                0x00009ed4        0x8 hpl/sercom/hpl_sercom.o
                0x00009ed4                SERCOM4_1_Handler
 .text.SERCOM4_0_Handler
                0x00009edc        0x8 hpl/sercom/hpl_sercom.o
                0x00009edc                SERCOM4_0_Handler
 .text.SERCOM5_3_Handler
                0x00009ee4       0x64 hpl/sercom/hpl_sercom.o
                0x00009ee4                SERCOM5_3_Handler
 .text.SERCOM5_2_Handler
                0x00009f48        0x8 hpl/sercom/hpl_sercom.o
                0x00009f48                SERCOM5_2_Handler
 .text.SERCOM5_1_Handler
                0x00009f50        0x8 hpl/sercom/hpl_sercom.o
                0x00009f50                SERCOM5_1_Handler
 .text.SERCOM5_0_Handler
                0x00009f58        0x8 hpl/sercom/hpl_sercom.o
                0x00009f58                SERCOM5_0_Handler
 .text.SERCOM6_3_Handler
                0x00009f60       0x10 hpl/sercom/hpl_sercom.o
                0x00009f60                SERCOM6_3_Handler
 .text.SERCOM6_2_Handler
                0x00009f70        0x8 hpl/sercom/hpl_sercom.o
                0x00009f70                SERCOM6_2_Handler
 .text.SERCOM6_1_Handler
                0x00009f78        0x8 hpl/sercom/hpl_sercom.o
                0x00009f78                SERCOM6_1_Handler
 .text.SERCOM6_0_Handler
                0x00009f80        0x8 hpl/sercom/hpl_sercom.o
                0x00009f80                SERCOM6_0_Handler
 .text._spi_m_sync_init
                0x00009f88       0xd0 hpl/sercom/hpl_sercom.o
                0x00009f88                _spi_m_sync_init
 .text._spi_m_async_init
                0x0000a058       0x58 hpl/sercom/hpl_sercom.o
                0x0000a058                _spi_m_async_init
 .text._spi_s_async_enable
                0x0000a0b0       0x34 hpl/sercom/hpl_sercom.o
                0x0000a0b0                _spi_s_async_enable
 .text._spi_m_async_enable
                0x0000a0e4        0x8 hpl/sercom/hpl_sercom.o
                0x0000a0e4                _spi_m_async_enable
 .text._spi_s_async_set_mode
                0x0000a0ec        0xc hpl/sercom/hpl_sercom.o
                0x0000a0ec                _spi_s_async_set_mode
 .text._spi_m_async_set_mode
                0x0000a0f8        0x8 hpl/sercom/hpl_sercom.o
                0x0000a0f8                _spi_m_async_set_mode
 .text._spi_m_async_set_baudrate
                0x0000a100       0x14 hpl/sercom/hpl_sercom.o
                0x0000a100                _spi_m_async_set_baudrate
 .text._spi_m_async_enable_tx
                0x0000a114       0x10 hpl/sercom/hpl_sercom.o
                0x0000a114                _spi_m_async_enable_tx
 .text._spi_m_async_enable_rx
                0x0000a124       0x10 hpl/sercom/hpl_sercom.o
                0x0000a124                _spi_m_async_enable_rx
 .text._spi_m_async_enable_tx_complete
                0x0000a134       0x10 hpl/sercom/hpl_sercom.o
                0x0000a134                _spi_m_async_enable_tx_complete
 .text._spi_m_async_write_one
                0x0000a144        0x8 hpl/sercom/hpl_sercom.o
                0x0000a144                _spi_m_async_write_one
 .text._spi_m_async_read_one
                0x0000a14c        0x8 hpl/sercom/hpl_sercom.o
                0x0000a14c                _spi_m_async_read_one
 .text._spi_m_async_register_callback
                0x0000a154        0xa hpl/sercom/hpl_sercom.o
                0x0000a154                _spi_m_async_register_callback
 .text._spi_m_async_set_irq_state
                0x0000a15e       0x12 hpl/sercom/hpl_sercom.o
                0x0000a15e                _spi_m_async_set_irq_state
 .text._spi_m_dma_init
                0x0000a170       0xc4 hpl/sercom/hpl_sercom.o
                0x0000a170                _spi_m_dma_init
 .text._spi_m_dma_enable
                0x0000a234        0xc hpl/sercom/hpl_sercom.o
                0x0000a234                _spi_m_dma_enable
 .text._spi_m_dma_register_callback
                0x0000a240       0x64 hpl/sercom/hpl_sercom.o
                0x0000a240                _spi_m_dma_register_callback
 .text._spi_m_dma_transfer
                0x0000a2a4       0xf8 hpl/sercom/hpl_sercom.o
                0x0000a2a4                _spi_m_dma_transfer
 .text._delay_init
                0x0000a39c       0x14 hpl/systick/hpl_systick.o
                0x0000a39c                _delay_init
 .text._delay_cycles
                0x0000a3b0       0x38 hpl/systick/hpl_systick.o
                0x0000a3b0                _delay_cycles
 .text.__NVIC_DisableIRQ
                0x0000a3e8       0x28 hpl/tc/hpl_tc.o
 .text.hri_tc_wait_for_sync
                0x0000a410        0x8 hpl/tc/hpl_tc.o
 .text._tc_timer_start
                0x0000a418       0x14 hpl/tc/hpl_tc.o
                0x0000a418                _tc_timer_start
 .text._tc_timer_get_period
                0x0000a42c       0x50 hpl/tc/hpl_tc.o
                0x0000a42c                _tc_timer_get_period
 .text._tc_timer_is_started
                0x0000a47c       0x18 hpl/tc/hpl_tc.o
                0x0000a47c                _tc_timer_is_started
 .text.tc_interrupt_handler
                0x0000a494       0x12 hpl/tc/hpl_tc.o
 *fill*         0x0000a4a6        0x2 
 .text.get_tc_index
                0x0000a4a8       0x50 hpl/tc/hpl_tc.o
 .text._tc_timer_set_irq
                0x0000a4f8       0x28 hpl/tc/hpl_tc.o
                0x0000a4f8                _tc_timer_set_irq
 .text._tc_timer_stop
                0x0000a520       0x14 hpl/tc/hpl_tc.o
                0x0000a520                _tc_timer_stop
 .text._tc_timer_deinit
                0x0000a534       0x4c hpl/tc/hpl_tc.o
                0x0000a534                _tc_timer_deinit
 .text._tc_timer_init
                0x0000a580      0x150 hpl/tc/hpl_tc.o
                0x0000a580                _tc_timer_init
 .text._tc_timer_set_period
                0x0000a6d0       0x3c hpl/tc/hpl_tc.o
                0x0000a6d0                _tc_timer_set_period
 .text._tc_get_timer
                0x0000a70c        0x8 hpl/tc/hpl_tc.o
                0x0000a70c                _tc_get_timer
 .text.TC0_Handler
                0x0000a714       0x10 hpl/tc/hpl_tc.o
                0x0000a714                TC0_Handler
 .text.TC1_Handler
                0x0000a724       0x10 hpl/tc/hpl_tc.o
                0x0000a724                TC1_Handler
 .text.TC2_Handler
                0x0000a734       0x10 hpl/tc/hpl_tc.o
                0x0000a734                TC2_Handler
 .text.TC3_Handler
                0x0000a744       0x10 hpl/tc/hpl_tc.o
                0x0000a744                TC3_Handler
 .text._dummy_func_no_return
                0x0000a754        0x4 hpl/usb/hpl_usb.o
 .text._usb_d_dev_wait_dfll_rdy
                0x0000a758       0x24 hpl/usb/hpl_usb.o
 .text._usb_d_dev_ept
                0x0000a77c       0x18 hpl/usb/hpl_usb.o
 .text._usb_d_dev_handle_setup
                0x0000a794       0x84 hpl/usb/hpl_usb.o
 .text._usb_d_dev_handle_stall
                0x0000a818       0x28 hpl/usb/hpl_usb.o
 .text._usb_d_dev_trans_done
                0x0000a840       0x24 hpl/usb/hpl_usb.o
 .text._usb_d_dev_trans_stop
                0x0000a864       0x64 hpl/usb/hpl_usb.o
 .text._usb_d_dev_handle_trfail
                0x0000a8c8       0xec hpl/usb/hpl_usb.o
 .text._usb_d_dev_reset_epts
                0x0000a9b4       0x3c hpl/usb/hpl_usb.o
 .text._usb_d_dev_in_next
                0x0000a9f0      0x158 hpl/usb/hpl_usb.o
 .text._usb_d_dev_out_next
                0x0000ab48      0x1ac hpl/usb/hpl_usb.o
 .text._usb_d_dev_handler
                0x0000acf4      0x1dc hpl/usb/hpl_usb.o
 .text._usbd_ep_pcksize_size
                0x0000aed0       0x3e hpl/usb/hpl_usb.o
 *fill*         0x0000af0e        0x2 
 .text._usb_d_dev_init
                0x0000af10       0xe8 hpl/usb/hpl_usb.o
                0x0000af10                _usb_d_dev_init
 .text._usb_d_dev_enable
                0x0000aff8       0x5c hpl/usb/hpl_usb.o
                0x0000aff8                _usb_d_dev_enable
 .text._usb_d_dev_attach
                0x0000b054       0x12 hpl/usb/hpl_usb.o
                0x0000b054                _usb_d_dev_attach
 .text._usb_d_dev_set_address
                0x0000b066        0xc hpl/usb/hpl_usb.o
                0x0000b066                _usb_d_dev_set_address
 .text._usb_d_dev_get_frame_n
                0x0000b072        0xc hpl/usb/hpl_usb.o
                0x0000b072                _usb_d_dev_get_frame_n
 *fill*         0x0000b07e        0x2 
 .text._usb_d_dev_ep_init
                0x0000b080       0xc0 hpl/usb/hpl_usb.o
                0x0000b080                _usb_d_dev_ep_init
 .text._usb_d_dev_ep_deinit
                0x0000b140       0x84 hpl/usb/hpl_usb.o
                0x0000b140                _usb_d_dev_ep_deinit
 .text._usb_d_dev_ep_enable
                0x0000b1c4      0x17c hpl/usb/hpl_usb.o
                0x0000b1c4                _usb_d_dev_ep_enable
 .text._usb_d_dev_ep_stall
                0x0000b340       0xe4 hpl/usb/hpl_usb.o
                0x0000b340                _usb_d_dev_ep_stall
 .text._usb_d_dev_ep_read_req
                0x0000b424       0x54 hpl/usb/hpl_usb.o
                0x0000b424                _usb_d_dev_ep_read_req
 .text._usb_d_dev_ep_trans
                0x0000b478      0x108 hpl/usb/hpl_usb.o
                0x0000b478                _usb_d_dev_ep_trans
 .text._usb_d_dev_register_callback
                0x0000b580       0x24 hpl/usb/hpl_usb.o
                0x0000b580                _usb_d_dev_register_callback
 .text._usb_d_dev_register_ep_callback
                0x0000b5a4       0x2c hpl/usb/hpl_usb.o
                0x0000b5a4                _usb_d_dev_register_ep_callback
 .text.USB_0_Handler
                0x0000b5d0        0x8 hpl/usb/hpl_usb.o
                0x0000b5d0                USB_0_Handler
 .text.USB_1_Handler
                0x0000b5d8        0x8 hpl/usb/hpl_usb.o
                0x0000b5d8                USB_1_Handler
 .text.USB_2_Handler
                0x0000b5e0        0x8 hpl/usb/hpl_usb.o
                0x0000b5e0                USB_2_Handler
 .text.USB_3_Handler
                0x0000b5e8        0x8 hpl/usb/hpl_usb.o
                0x0000b5e8                USB_3_Handler
 .text._wdt_init
                0x0000b5f0       0x42 hpl/wdt/hpl_wdt.o
                0x0000b5f0                _wdt_init
 *fill*         0x0000b632        0x2 
 .text.RTC_Scheduler_ping_cb
                0x0000b634       0x18 main.o
 .text.RTC_Scheduler_realtime_cb
                0x0000b64c       0x10 main.o
 .text.gpio_set_pin_direction.constprop.2
                0x0000b65c       0x28 main.o
 .text.grid_port_receive_task
                0x0000b684       0x88 main.o
                0x0000b684                grid_port_receive_task
 .text.grid_port_receive_decode
                0x0000b70c      0x3f8 main.o
                0x0000b70c                grid_port_receive_decode
 .text.grid_port_receive_complete_task
                0x0000bb04       0x30 main.o
                0x0000bb04                grid_port_receive_complete_task
 .text.init_timer
                0x0000bb34       0x50 main.o
                0x0000bb34                init_timer
 .text.startup.main
                0x0000bb84      0x334 main.o
                0x0000bb84                main
 .text._read    0x0000beb8       0x20 stdio_redirect/gcc/read.o
                0x0000beb8                _read
 .text._write   0x0000bed8       0x24 stdio_redirect/gcc/write.o
                0x0000bed8                _write
 .text.stdio_io_init
                0x0000befc       0x2c stdio_redirect/stdio_io.o
                0x0000befc                stdio_io_init
 .text.stdio_io_read
                0x0000bf28       0x1c stdio_redirect/stdio_io.o
                0x0000bf28                stdio_io_read
 .text.stdio_io_write
                0x0000bf44       0x1c stdio_redirect/stdio_io.o
                0x0000bf44                stdio_io_write
 .text.stdio_redirect_init
                0x0000bf60       0x20 stdio_start.o
                0x0000bf60                stdio_redirect_init
 .text.cdcdf_acm_req
                0x0000bf80       0xdc usb/class/cdc/device/cdcdf_acm.o
 .text.cdcdf_acm_ctrl
                0x0000c05c      0x138 usb/class/cdc/device/cdcdf_acm.o
 .text.cdcdf_acm_init
                0x0000c194       0x44 usb/class/cdc/device/cdcdf_acm.o
                0x0000c194                cdcdf_acm_init
 .text.cdcdf_acm_write
                0x0000c1d8       0x2c usb/class/cdc/device/cdcdf_acm.o
                0x0000c1d8                cdcdf_acm_write
 .text.hid_keyboard_req
                0x0000c204       0x88 usb/class/hid/device/hiddf_keyboard.o
 .text.hid_keyboard_ctrl
                0x0000c28c      0x110 usb/class/hid/device/hiddf_keyboard.o
 .text.hiddf_keyboard_init
                0x0000c39c       0x44 usb/class/hid/device/hiddf_keyboard.o
                0x0000c39c                hiddf_keyboard_init
 .text.hiddf_keyboard_keys_state_change
                0x0000c3e0       0x8c usb/class/hid/device/hiddf_keyboard.o
                0x0000c3e0                hiddf_keyboard_keys_state_change
 .text.hid_mouse_req
                0x0000c46c       0x88 usb/class/hid/device/hiddf_mouse.o
 .text.hid_mouse_ctrl
                0x0000c4f4       0xe4 usb/class/hid/device/hiddf_mouse.o
 .text.hiddf_mouse_init
                0x0000c5d8       0x44 usb/class/hid/device/hiddf_mouse.o
                0x0000c5d8                hiddf_mouse_init
 .text.hiddf_mouse_move
                0x0000c61c       0x48 usb/class/hid/device/hiddf_mouse.o
                0x0000c61c                hiddf_mouse_move
 .text.midi_cb_ep_bulk_in
                0x0000c664        0x2 usb/class/midi/device/audiodf_midi.o
 .text.midi_cb_ep_bulk_out
                0x0000c666        0x2 usb/class/midi/device/audiodf_midi.o
 .text.audio_midi_req
                0x0000c668       0x78 usb/class/midi/device/audiodf_midi.o
 .text.audio_midi_ctrl
                0x0000c6e0      0x1a8 usb/class/midi/device/audiodf_midi.o
 .text.audiodf_midi_init
                0x0000c888       0x44 usb/class/midi/device/audiodf_midi.o
                0x0000c888                audiodf_midi_init
 .text.audiodf_midi_xfer_packet
                0x0000c8cc       0x28 usb/class/midi/device/audiodf_midi.o
                0x0000c8cc                audiodf_midi_xfer_packet
 .text.usbdc_unconfig
                0x0000c8f4       0x1c usb/device/usbdc.o
 .text.usbdc_change_notify
                0x0000c910       0x20 usb/device/usbdc.o
 .text.usbdc_request_handler
                0x0000c930       0x38 usb/device/usbdc.o
 .text.usbd_sof_cb
                0x0000c968       0x18 usb/device/usbdc.o
 .text.usbdc_cb_ctl_done
                0x0000c980       0x68 usb/device/usbdc.o
 .text.usbdc_reset
                0x0000c9e8       0x5c usb/device/usbdc.o
                0x0000c9e8                usbdc_reset
 .text.usbd_event_cb
                0x0000ca44       0x18 usb/device/usbdc.o
 .text.usbdc_xfer
                0x0000ca5c       0x20 usb/device/usbdc.o
                0x0000ca5c                usbdc_xfer
 .text.usbdc_cb_ctl_req
                0x0000ca7c      0x328 usb/device/usbdc.o
 .text.usbdc_register_handler
                0x0000cda4       0x2c usb/device/usbdc.o
                0x0000cda4                usbdc_register_handler
 .text.usbdc_init
                0x0000cdd0       0x44 usb/device/usbdc.o
                0x0000cdd0                usbdc_init
 .text.usbdc_register_function
                0x0000ce14       0x10 usb/device/usbdc.o
                0x0000ce14                usbdc_register_function
 .text.usbdc_start
                0x0000ce24       0x34 usb/device/usbdc.o
                0x0000ce24                usbdc_start
 .text.usbdc_attach
                0x0000ce58        0x8 usb/device/usbdc.o
                0x0000ce58                usbdc_attach
 .text.usbdc_get_ctrl_buffer
                0x0000ce60        0xc usb/device/usbdc.o
                0x0000ce60                usbdc_get_ctrl_buffer
 .text.usbdc_get_state
                0x0000ce6c       0x14 usb/device/usbdc.o
                0x0000ce6c                usbdc_get_state
 .text.usb_find_desc
                0x0000ce80       0x1a usb/usb_protocol.o
                0x0000ce80                usb_find_desc
 .text.usb_find_ep_desc
                0x0000ce9a       0x1c usb/usb_protocol.o
                0x0000ce9a                usb_find_ep_desc
 *fill*         0x0000ceb6        0x2 
 .text.usb_find_cfg_desc
                0x0000ceb8       0x3c usb/usb_protocol.o
                0x0000ceb8                usb_find_cfg_desc
 .text.usb_find_str_desc
                0x0000cef4       0x30 usb/usb_protocol.o
                0x0000cef4                usb_find_str_desc
 .text.gpio_get_pin_level
                0x0000cf24       0x48 usb_start.o
 .text.hiddf_demo_sof_event
                0x0000cf6c       0x78 usb_start.o
 .text.composite_device_init
                0x0000cfe4       0x2c usb_start.o
                0x0000cfe4                composite_device_init
 .text.composite_device_start
                0x0000d010       0x1c usb_start.o
                0x0000d010                composite_device_start
 .text.usb_init
                0x0000d02c        0x8 usb_start.o
                0x0000d02c                usb_init
 .text          0x0000d034      0x370 c:/program files (x86)/atmel/studio/7.0/toolchain/arm/arm-gnu-toolchain/bin/../lib/gcc/arm-none-eabi/6.3.1/thumb/v7e-m\libgcc.a(_arm_addsubdf3.o)
                0x0000d034                __aeabi_drsub
                0x0000d03c                __aeabi_dsub
                0x0000d03c                __subdf3
                0x0000d040                __aeabi_dadd
                0x0000d040                __adddf3
                0x0000d2b8                __floatunsidf
                0x0000d2b8                __aeabi_ui2d
                0x0000d2d8                __floatsidf
                0x0000d2d8                __aeabi_i2d
                0x0000d2fc                __aeabi_f2d
                0x0000d2fc                __extendsfdf2
                0x0000d338                __floatundidf
                0x0000d338                __aeabi_ul2d
                0x0000d348                __floatdidf
                0x0000d348                __aeabi_l2d
 .text          0x0000d3a4      0x424 c:/program files (x86)/atmel/studio/7.0/toolchain/arm/arm-gnu-toolchain/bin/../lib/gcc/arm-none-eabi/6.3.1/thumb/v7e-m\libgcc.a(_arm_muldivdf3.o)
                0x0000d3a4                __aeabi_dmul
                0x0000d3a4                __muldf3
                0x0000d5f8                __divdf3
                0x0000d5f8                __aeabi_ddiv
 .text          0x0000d7c8       0x40 c:/program files (x86)/atmel/studio/7.0/toolchain/arm/arm-gnu-toolchain/bin/../lib/gcc/arm-none-eabi/6.3.1/thumb/v7e-m\libgcc.a(_arm_fixunsdfsi.o)
                0x0000d7c8                __aeabi_d2uiz
                0x0000d7c8                __fixunsdfsi
 .text.__libc_init_array
                0x0000d808       0x48 c:/program files (x86)/atmel/studio/7.0/toolchain/arm/arm-gnu-toolchain/bin/../lib/gcc/arm-none-eabi/6.3.1/../../../../arm-none-eabi/lib/thumb/v7e-m\libc_nano.a(lib_a-init.o)
                0x0000d808                __libc_init_array
 .text.malloc   0x0000d850       0x10 c:/program files (x86)/atmel/studio/7.0/toolchain/arm/arm-gnu-toolchain/bin/../lib/gcc/arm-none-eabi/6.3.1/../../../../arm-none-eabi/lib/thumb/v7e-m\libc_nano.a(lib_a-malloc.o)
                0x0000d850                malloc
 .text.memcpy   0x0000d860       0x16 c:/program files (x86)/atmel/studio/7.0/toolchain/arm/arm-gnu-toolchain/bin/../lib/gcc/arm-none-eabi/6.3.1/../../../../arm-none-eabi/lib/thumb/v7e-m\libc_nano.a(lib_a-memcpy-stub.o)
                0x0000d860                memcpy
 .text.memset   0x0000d876       0x10 c:/program files (x86)/atmel/studio/7.0/toolchain/arm/arm-gnu-toolchain/bin/../lib/gcc/arm-none-eabi/6.3.1/../../../../arm-none-eabi/lib/thumb/v7e-m\libc_nano.a(lib_a-memset.o)
                0x0000d876                memset
 *fill*         0x0000d886        0x2 
 .text._free_r  0x0000d888       0x9c c:/program files (x86)/atmel/studio/7.0/toolchain/arm/arm-gnu-toolchain/bin/../lib/gcc/arm-none-eabi/6.3.1/../../../../arm-none-eabi/lib/thumb/v7e-m\libc_nano.a(lib_a-nano-freer.o)
                0x0000d888                _free_r
 .text._malloc_r
                0x0000d924       0xbc c:/program files (x86)/atmel/studio/7.0/toolchain/arm/arm-gnu-toolchain/bin/../lib/gcc/arm-none-eabi/6.3.1/../../../../arm-none-eabi/lib/thumb/v7e-m\libc_nano.a(lib_a-nano-mallocr.o)
                0x0000d924                _malloc_r
 .text._puts_r  0x0000d9e0       0xb8 c:/program files (x86)/atmel/studio/7.0/toolchain/arm/arm-gnu-toolchain/bin/../lib/gcc/arm-none-eabi/6.3.1/../../../../arm-none-eabi/lib/thumb/v7e-m\libc_nano.a(lib_a-puts.o)
                0x0000d9e0                _puts_r
 .text.puts     0x0000da98       0x10 c:/program files (x86)/atmel/studio/7.0/toolchain/arm/arm-gnu-toolchain/bin/../lib/gcc/arm-none-eabi/6.3.1/../../../../arm-none-eabi/lib/thumb/v7e-m\libc_nano.a(lib_a-puts.o)
                0x0000da98                puts
 .text._sbrk_r  0x0000daa8       0x20 c:/program files (x86)/atmel/studio/7.0/toolchain/arm/arm-gnu-toolchain/bin/../lib/gcc/arm-none-eabi/6.3.1/../../../../arm-none-eabi/lib/thumb/v7e-m\libc_nano.a(lib_a-sbrkr.o)
                0x0000daa8                _sbrk_r
 .text.setbuf   0x0000dac8       0x10 c:/program files (x86)/atmel/studio/7.0/toolchain/arm/arm-gnu-toolchain/bin/../lib/gcc/arm-none-eabi/6.3.1/../../../../arm-none-eabi/lib/thumb/v7e-m\libc_nano.a(lib_a-setbuf.o)
                0x0000dac8                setbuf
 .text.setvbuf  0x0000dad8      0x15c c:/program files (x86)/atmel/studio/7.0/toolchain/arm/arm-gnu-toolchain/bin/../lib/gcc/arm-none-eabi/6.3.1/../../../../arm-none-eabi/lib/thumb/v7e-m\libc_nano.a(lib_a-setvbuf.o)
                0x0000dad8                setvbuf
 .text.sprintf  0x0000dc34       0x48 c:/program files (x86)/atmel/studio/7.0/toolchain/arm/arm-gnu-toolchain/bin/../lib/gcc/arm-none-eabi/6.3.1/../../../../arm-none-eabi/lib/thumb/v7e-m\libc_nano.a(lib_a-sprintf.o)
                0x0000dc34                siprintf
                0x0000dc34                sprintf
 .text.strcpy   0x0000dc7c       0x10 c:/program files (x86)/atmel/studio/7.0/toolchain/arm/arm-gnu-toolchain/bin/../lib/gcc/arm-none-eabi/6.3.1/../../../../arm-none-eabi/lib/thumb/v7e-m\libc_nano.a(lib_a-strcpy.o)
                0x0000dc7c                strcpy
 .text          0x0000dc8c       0x10 c:/program files (x86)/atmel/studio/7.0/toolchain/arm/arm-gnu-toolchain/bin/../lib/gcc/arm-none-eabi/6.3.1/../../../../arm-none-eabi/lib/thumb/v7e-m\libc_nano.a(lib_a-strlen.o)
                0x0000dc8c                strlen
 .text.__swbuf_r
                0x0000dc9c       0xa4 c:/program files (x86)/atmel/studio/7.0/toolchain/arm/arm-gnu-toolchain/bin/../lib/gcc/arm-none-eabi/6.3.1/../../../../arm-none-eabi/lib/thumb/v7e-m\libc_nano.a(lib_a-wbuf.o)
                0x0000dc9c                __swbuf_r
 .text.__swsetup_r
                0x0000dd40       0xdc c:/program files (x86)/atmel/studio/7.0/toolchain/arm/arm-gnu-toolchain/bin/../lib/gcc/arm-none-eabi/6.3.1/../../../../arm-none-eabi/lib/thumb/v7e-m\libc_nano.a(lib_a-wsetup.o)
                0x0000dd40                __swsetup_r
 .text.__sflush_r
                0x0000de1c      0x110 c:/program files (x86)/atmel/studio/7.0/toolchain/arm/arm-gnu-toolchain/bin/../lib/gcc/arm-none-eabi/6.3.1/../../../../arm-none-eabi/lib/thumb/v7e-m\libc_nano.a(lib_a-fflush.o)
                0x0000de1c                __sflush_r
 .text._fflush_r
                0x0000df2c       0x54 c:/program files (x86)/atmel/studio/7.0/toolchain/arm/arm-gnu-toolchain/bin/../lib/gcc/arm-none-eabi/6.3.1/../../../../arm-none-eabi/lib/thumb/v7e-m\libc_nano.a(lib_a-fflush.o)
                0x0000df2c                _fflush_r
 .text._cleanup_r
                0x0000df80        0xc c:/program files (x86)/atmel/studio/7.0/toolchain/arm/arm-gnu-toolchain/bin/../lib/gcc/arm-none-eabi/6.3.1/../../../../arm-none-eabi/lib/thumb/v7e-m\libc_nano.a(lib_a-findfp.o)
                0x0000df80                _cleanup_r
 .text.std.isra.0
                0x0000df8c       0x48 c:/program files (x86)/atmel/studio/7.0/toolchain/arm/arm-gnu-toolchain/bin/../lib/gcc/arm-none-eabi/6.3.1/../../../../arm-none-eabi/lib/thumb/v7e-m\libc_nano.a(lib_a-findfp.o)
 .text.__sfmoreglue
                0x0000dfd4       0x2c c:/program files (x86)/atmel/studio/7.0/toolchain/arm/arm-gnu-toolchain/bin/../lib/gcc/arm-none-eabi/6.3.1/../../../../arm-none-eabi/lib/thumb/v7e-m\libc_nano.a(lib_a-findfp.o)
                0x0000dfd4                __sfmoreglue
 .text.__sinit  0x0000e000       0x60 c:/program files (x86)/atmel/studio/7.0/toolchain/arm/arm-gnu-toolchain/bin/../lib/gcc/arm-none-eabi/6.3.1/../../../../arm-none-eabi/lib/thumb/v7e-m\libc_nano.a(lib_a-findfp.o)
                0x0000e000                __sinit
 .text.__sfp    0x0000e060       0x78 c:/program files (x86)/atmel/studio/7.0/toolchain/arm/arm-gnu-toolchain/bin/../lib/gcc/arm-none-eabi/6.3.1/../../../../arm-none-eabi/lib/thumb/v7e-m\libc_nano.a(lib_a-findfp.o)
                0x0000e060                __sfp
 .text._fwalk_reent
                0x0000e0d8       0x3c c:/program files (x86)/atmel/studio/7.0/toolchain/arm/arm-gnu-toolchain/bin/../lib/gcc/arm-none-eabi/6.3.1/../../../../arm-none-eabi/lib/thumb/v7e-m\libc_nano.a(lib_a-fwalk.o)
                0x0000e0d8                _fwalk_reent
 .text.__swhatbuf_r
                0x0000e114       0x48 c:/program files (x86)/atmel/studio/7.0/toolchain/arm/arm-gnu-toolchain/bin/../lib/gcc/arm-none-eabi/6.3.1/../../../../arm-none-eabi/lib/thumb/v7e-m\libc_nano.a(lib_a-makebuf.o)
                0x0000e114                __swhatbuf_r
 .text.__smakebuf_r
                0x0000e15c       0x80 c:/program files (x86)/atmel/studio/7.0/toolchain/arm/arm-gnu-toolchain/bin/../lib/gcc/arm-none-eabi/6.3.1/../../../../arm-none-eabi/lib/thumb/v7e-m\libc_nano.a(lib_a-makebuf.o)
                0x0000e15c                __smakebuf_r
 .text.__malloc_lock
                0x0000e1dc        0x2 c:/program files (x86)/atmel/studio/7.0/toolchain/arm/arm-gnu-toolchain/bin/../lib/gcc/arm-none-eabi/6.3.1/../../../../arm-none-eabi/lib/thumb/v7e-m\libc_nano.a(lib_a-mlock.o)
                0x0000e1dc                __malloc_lock
 .text.__malloc_unlock
                0x0000e1de        0x2 c:/program files (x86)/atmel/studio/7.0/toolchain/arm/arm-gnu-toolchain/bin/../lib/gcc/arm-none-eabi/6.3.1/../../../../arm-none-eabi/lib/thumb/v7e-m\libc_nano.a(lib_a-mlock.o)
                0x0000e1de                __malloc_unlock
 .text.__ssputs_r
                0x0000e1e0       0xb6 c:/program files (x86)/atmel/studio/7.0/toolchain/arm/arm-gnu-toolchain/bin/../lib/gcc/arm-none-eabi/6.3.1/../../../../arm-none-eabi/lib/thumb/v7e-m\libc_nano.a(lib_a-nano-svfprintf.o)
                0x0000e1e0                __ssputs_r
 *fill*         0x0000e296        0x2 
 .text._svfprintf_r
                0x0000e298      0x1e8 c:/program files (x86)/atmel/studio/7.0/toolchain/arm/arm-gnu-toolchain/bin/../lib/gcc/arm-none-eabi/6.3.1/../../../../arm-none-eabi/lib/thumb/v7e-m\libc_nano.a(lib_a-nano-svfprintf.o)
                0x0000e298                _svfiprintf_r
                0x0000e298                _svfprintf_r
 .text._printf_common
                0x0000e480       0xec c:/program files (x86)/atmel/studio/7.0/toolchain/arm/arm-gnu-toolchain/bin/../lib/gcc/arm-none-eabi/6.3.1/../../../../arm-none-eabi/lib/thumb/v7e-m\libc_nano.a(lib_a-nano-vfprintf_i.o)
                0x0000e480                _printf_common
 .text._printf_i
                0x0000e56c      0x240 c:/program files (x86)/atmel/studio/7.0/toolchain/arm/arm-gnu-toolchain/bin/../lib/gcc/arm-none-eabi/6.3.1/../../../../arm-none-eabi/lib/thumb/v7e-m\libc_nano.a(lib_a-nano-vfprintf_i.o)
                0x0000e56c                _printf_i
 .text.__sread  0x0000e7ac       0x22 c:/program files (x86)/atmel/studio/7.0/toolchain/arm/arm-gnu-toolchain/bin/../lib/gcc/arm-none-eabi/6.3.1/../../../../arm-none-eabi/lib/thumb/v7e-m\libc_nano.a(lib_a-stdio.o)
                0x0000e7ac                __sread
 .text.__swrite
                0x0000e7ce       0x38 c:/program files (x86)/atmel/studio/7.0/toolchain/arm/arm-gnu-toolchain/bin/../lib/gcc/arm-none-eabi/6.3.1/../../../../arm-none-eabi/lib/thumb/v7e-m\libc_nano.a(lib_a-stdio.o)
                0x0000e7ce                __swrite
 .text.__sseek  0x0000e806       0x24 c:/program files (x86)/atmel/studio/7.0/toolchain/arm/arm-gnu-toolchain/bin/../lib/gcc/arm-none-eabi/6.3.1/../../../../arm-none-eabi/lib/thumb/v7e-m\libc_nano.a(lib_a-stdio.o)
                0x0000e806                __sseek
 .text.__sclose
                0x0000e82a        0x8 c:/program files (x86)/atmel/studio/7.0/toolchain/arm/arm-gnu-toolchain/bin/../lib/gcc/arm-none-eabi/6.3.1/../../../../arm-none-eabi/lib/thumb/v7e-m\libc_nano.a(lib_a-stdio.o)
                0x0000e82a                __sclose
 *fill*         0x0000e832        0x2 
 .text._write_r
                0x0000e834       0x24 c:/program files (x86)/atmel/studio/7.0/toolchain/arm/arm-gnu-toolchain/bin/../lib/gcc/arm-none-eabi/6.3.1/../../../../arm-none-eabi/lib/thumb/v7e-m\libc_nano.a(lib_a-writer.o)
                0x0000e834                _write_r
 .text._close_r
                0x0000e858       0x20 c:/program files (x86)/atmel/studio/7.0/toolchain/arm/arm-gnu-toolchain/bin/../lib/gcc/arm-none-eabi/6.3.1/../../../../arm-none-eabi/lib/thumb/v7e-m\libc_nano.a(lib_a-closer.o)
                0x0000e858                _close_r
 .text._fstat_r
                0x0000e878       0x24 c:/program files (x86)/atmel/studio/7.0/toolchain/arm/arm-gnu-toolchain/bin/../lib/gcc/arm-none-eabi/6.3.1/../../../../arm-none-eabi/lib/thumb/v7e-m\libc_nano.a(lib_a-fstatr.o)
                0x0000e878                _fstat_r
 .text._isatty_r
                0x0000e89c       0x20 c:/program files (x86)/atmel/studio/7.0/toolchain/arm/arm-gnu-toolchain/bin/../lib/gcc/arm-none-eabi/6.3.1/../../../../arm-none-eabi/lib/thumb/v7e-m\libc_nano.a(lib_a-isattyr.o)
                0x0000e89c                _isatty_r
 .text._lseek_r
                0x0000e8bc       0x24 c:/program files (x86)/atmel/studio/7.0/toolchain/arm/arm-gnu-toolchain/bin/../lib/gcc/arm-none-eabi/6.3.1/../../../../arm-none-eabi/lib/thumb/v7e-m\libc_nano.a(lib_a-lseekr.o)
                0x0000e8bc                _lseek_r
 .text          0x0000e8e0       0xa0 c:/program files (x86)/atmel/studio/7.0/toolchain/arm/arm-gnu-toolchain/bin/../lib/gcc/arm-none-eabi/6.3.1/../../../../arm-none-eabi/lib/thumb/v7e-m\libc_nano.a(lib_a-memchr.o)
                0x0000e8e0                memchr
 .text.memmove  0x0000e980       0x34 c:/program files (x86)/atmel/studio/7.0/toolchain/arm/arm-gnu-toolchain/bin/../lib/gcc/arm-none-eabi/6.3.1/../../../../arm-none-eabi/lib/thumb/v7e-m\libc_nano.a(lib_a-memmove.o)
                0x0000e980                memmove
 .text._realloc_r
                0x0000e9b4       0x4c c:/program files (x86)/atmel/studio/7.0/toolchain/arm/arm-gnu-toolchain/bin/../lib/gcc/arm-none-eabi/6.3.1/../../../../arm-none-eabi/lib/thumb/v7e-m\libc_nano.a(lib_a-nano-reallocr.o)
                0x0000e9b4                _realloc_r
 .text._read_r  0x0000ea00       0x24 c:/program files (x86)/atmel/studio/7.0/toolchain/arm/arm-gnu-toolchain/bin/../lib/gcc/arm-none-eabi/6.3.1/../../../../arm-none-eabi/lib/thumb/v7e-m\libc_nano.a(lib_a-readr.o)
                0x0000ea00                _read_r
 .text._malloc_usable_size_r
                0x0000ea24       0x12 c:/program files (x86)/atmel/studio/7.0/toolchain/arm/arm-gnu-toolchain/bin/../lib/gcc/arm-none-eabi/6.3.1/../../../../arm-none-eabi/lib/thumb/v7e-m\libc_nano.a(lib_a-nano-msizer.o)
                0x0000ea24                _malloc_usable_size_r
 *(.glue_7t)
 .glue_7t       0x0000ea36        0x0 linker stubs
 *(.glue_7)
 .glue_7        0x0000ea36        0x0 linker stubs
 *(.rodata .rodata* .gnu.linkonce.r.*)
 .rodata.str1.1
                0x0000ea36       0xa7 grid/grid_buf.o
 .rodata        0x0000eadd       0x10 grid/grid_module_bu16_revb.o
 .rodata.str1.1
                0x0000eaed       0x46 grid/grid_module_bu16_revb.o
 .rodata.str1.1
                0x0000eb33       0x46 grid/grid_module_en16_reva.o
                                 0x2e (size before relaxing)
 .rodata.str1.1
                0x0000eb33       0x46 grid/grid_module_pbf4_reva.o
 .rodata.str1.1
                0x0000eb33       0x46 grid/grid_module_po16_revb.o
 .rodata.str1.1
                0x0000eb33        0x5 grid/grid_sys.o
 .rodata.str1.1
                0x0000eb38        0x9 grid/grid_ui.o
                                 0x27 (size before relaxing)
 *fill*         0x0000eb41        0x1 
 .rodata        0x0000eb42       0x2c hpl/adc/hpl_adc.o
 *fill*         0x0000eb6e        0x2 
 .rodata        0x0000eb70      0x100 hpl/dmac/hpl_dmac.o
 .rodata        0x0000ec70      0x104 hpl/evsys/hpl_evsys.o
 .rodata        0x0000ed74       0xd4 hpl/sercom/hpl_sercom.o
 .rodata        0x0000ee48       0x70 hpl/tc/hpl_tc.o
 .rodata        0x0000eeb8       0x48 hpl/usb/hpl_usb.o
 .rodata.str1.1
                0x0000ef00       0xca main.o
 .rodata        0x0000efca       0x3b usb/class/hid/device/hiddf_keyboard.o
                0x0000efca                keyboard_report_desc
 .rodata        0x0000f005       0x34 usb/class/hid/device/hiddf_mouse.o
                0x0000f005                mouse_report_desc
 *fill*         0x0000f039        0x3 
 .rodata._global_impure_ptr
                0x0000f03c        0x4 c:/program files (x86)/atmel/studio/7.0/toolchain/arm/arm-gnu-toolchain/bin/../lib/gcc/arm-none-eabi/6.3.1/../../../../arm-none-eabi/lib/thumb/v7e-m\libc_nano.a(lib_a-impure.o)
                0x0000f03c                _global_impure_ptr
 .rodata.__sf_fake_stderr