Archive member included to satisfy reference by file (symbol)

c:/program files (x86)/atmel/studio/7.0/toolchain/arm/arm-gnu-toolchain/bin/../lib/gcc/arm-none-eabi/6.3.1/thumb/v7e-m\libgcc.a(_arm_addsubdf3.o)
                              hpl/sercom/hpl_sercom.o (__aeabi_dsub)
c:/program files (x86)/atmel/studio/7.0/toolchain/arm/arm-gnu-toolchain/bin/../lib/gcc/arm-none-eabi/6.3.1/thumb/v7e-m\libgcc.a(_arm_muldivdf3.o)
                              hpl/sercom/hpl_sercom.o (__aeabi_dmul)
c:/program files (x86)/atmel/studio/7.0/toolchain/arm/arm-gnu-toolchain/bin/../lib/gcc/arm-none-eabi/6.3.1/thumb/v7e-m\libgcc.a(_arm_fixunsdfsi.o)
                              hpl/sercom/hpl_sercom.o (__aeabi_d2uiz)
c:/program files (x86)/atmel/studio/7.0/toolchain/arm/arm-gnu-toolchain/bin/../lib/gcc/arm-none-eabi/6.3.1/thumb/v7e-m\libgcc.a(_aeabi_uldivmod.o)
                              hpl/sercom/hpl_sercom.o (__aeabi_uldivmod)
c:/program files (x86)/atmel/studio/7.0/toolchain/arm/arm-gnu-toolchain/bin/../lib/gcc/arm-none-eabi/6.3.1/thumb/v7e-m\libgcc.a(_udivmoddi4.o)
                              c:/program files (x86)/atmel/studio/7.0/toolchain/arm/arm-gnu-toolchain/bin/../lib/gcc/arm-none-eabi/6.3.1/thumb/v7e-m\libgcc.a(_aeabi_uldivmod.o) (__udivmoddi4)
c:/program files (x86)/atmel/studio/7.0/toolchain/arm/arm-gnu-toolchain/bin/../lib/gcc/arm-none-eabi/6.3.1/thumb/v7e-m\libgcc.a(_dvmd_tls.o)
                              c:/program files (x86)/atmel/studio/7.0/toolchain/arm/arm-gnu-toolchain/bin/../lib/gcc/arm-none-eabi/6.3.1/thumb/v7e-m\libgcc.a(_aeabi_uldivmod.o) (__aeabi_ldiv0)
c:/program files (x86)/atmel/studio/7.0/toolchain/arm/arm-gnu-toolchain/bin/../lib/gcc/arm-none-eabi/6.3.1/../../../../arm-none-eabi/lib/thumb/v7e-m\libc_nano.a(lib_a-exit.o)
                              c:/program files (x86)/atmel/studio/7.0/toolchain/arm/arm-gnu-toolchain/bin/../lib/gcc/arm-none-eabi/6.3.1/../../../../arm-none-eabi/lib/thumb/v7e-m/crt0.o (exit)
c:/program files (x86)/atmel/studio/7.0/toolchain/arm/arm-gnu-toolchain/bin/../lib/gcc/arm-none-eabi/6.3.1/../../../../arm-none-eabi/lib/thumb/v7e-m\libc_nano.a(lib_a-impure.o)
                              c:/program files (x86)/atmel/studio/7.0/toolchain/arm/arm-gnu-toolchain/bin/../lib/gcc/arm-none-eabi/6.3.1/../../../../arm-none-eabi/lib/thumb/v7e-m\libc_nano.a(lib_a-exit.o) (_global_impure_ptr)
c:/program files (x86)/atmel/studio/7.0/toolchain/arm/arm-gnu-toolchain/bin/../lib/gcc/arm-none-eabi/6.3.1/../../../../arm-none-eabi/lib/thumb/v7e-m\libc_nano.a(lib_a-init.o)
                              c:/program files (x86)/atmel/studio/7.0/toolchain/arm/arm-gnu-toolchain/bin/../lib/gcc/arm-none-eabi/6.3.1/../../../../arm-none-eabi/lib/thumb/v7e-m/crt0.o (__libc_init_array)
c:/program files (x86)/atmel/studio/7.0/toolchain/arm/arm-gnu-toolchain/bin/../lib/gcc/arm-none-eabi/6.3.1/../../../../arm-none-eabi/lib/thumb/v7e-m\libc_nano.a(lib_a-malloc.o)
                              main.o (malloc)
c:/program files (x86)/atmel/studio/7.0/toolchain/arm/arm-gnu-toolchain/bin/../lib/gcc/arm-none-eabi/6.3.1/../../../../arm-none-eabi/lib/thumb/v7e-m\libc_nano.a(lib_a-memcpy-stub.o)
                              hpl/nvmctrl/hpl_nvmctrl.o (memcpy)
c:/program files (x86)/atmel/studio/7.0/toolchain/arm/arm-gnu-toolchain/bin/../lib/gcc/arm-none-eabi/6.3.1/../../../../arm-none-eabi/lib/thumb/v7e-m\libc_nano.a(lib_a-memset.o)
                              c:/program files (x86)/atmel/studio/7.0/toolchain/arm/arm-gnu-toolchain/bin/../lib/gcc/arm-none-eabi/6.3.1/../../../../arm-none-eabi/lib/thumb/v7e-m/crt0.o (memset)
c:/program files (x86)/atmel/studio/7.0/toolchain/arm/arm-gnu-toolchain/bin/../lib/gcc/arm-none-eabi/6.3.1/../../../../arm-none-eabi/lib/thumb/v7e-m\libc_nano.a(lib_a-nano-freer.o)
                              c:/program files (x86)/atmel/studio/7.0/toolchain/arm/arm-gnu-toolchain/bin/../lib/gcc/arm-none-eabi/6.3.1/../../../../arm-none-eabi/lib/thumb/v7e-m\libc_nano.a(lib_a-malloc.o) (_free_r)
c:/program files (x86)/atmel/studio/7.0/toolchain/arm/arm-gnu-toolchain/bin/../lib/gcc/arm-none-eabi/6.3.1/../../../../arm-none-eabi/lib/thumb/v7e-m\libc_nano.a(lib_a-nano-mallocr.o)
                              c:/program files (x86)/atmel/studio/7.0/toolchain/arm/arm-gnu-toolchain/bin/../lib/gcc/arm-none-eabi/6.3.1/../../../../arm-none-eabi/lib/thumb/v7e-m\libc_nano.a(lib_a-malloc.o) (_malloc_r)
c:/program files (x86)/atmel/studio/7.0/toolchain/arm/arm-gnu-toolchain/bin/../lib/gcc/arm-none-eabi/6.3.1/../../../../arm-none-eabi/lib/thumb/v7e-m\libc_nano.a(lib_a-printf.o)
                              hal/utils/src/utils_syscalls.o (printf)
c:/program files (x86)/atmel/studio/7.0/toolchain/arm/arm-gnu-toolchain/bin/../lib/gcc/arm-none-eabi/6.3.1/../../../../arm-none-eabi/lib/thumb/v7e-m\libc_nano.a(lib_a-random.o)
                              main.o (random)
[...]
Memory Configuration

Name             Origin             Length             Attributes
rom              0x00004000         0x0007a000         xr
ram              0x20000000         0x00040000         xrw
bkupram          0x47000000         0x00002000         xrw
qspi             0x04000000         0x01000000         xrw
*default*        0x00000000         0xffffffff

Linker script and memory map

LOAD c:/program files (x86)/atmel/studio/7.0/toolchain/arm/arm-gnu-toolchain/bin/../lib/gcc/arm-none-eabi/6.3.1/thumb/v7e-m/crti.o
LOAD c:/program files (x86)/atmel/studio/7.0/toolchain/arm/arm-gnu-toolchain/bin/../lib/gcc/arm-none-eabi/6.3.1/thumb/v7e-m/crtbegin.o
LOAD c:/program files (x86)/atmel/studio/7.0/toolchain/arm/arm-gnu-toolchain/bin/../lib/gcc/arm-none-eabi/6.3.1/../../../../arm-none-eabi/lib/thumb/v7e-m/crt0.o
LOAD atmel_start.o
LOAD Device_Startup/startup_samd51.o
LOAD Device_Startup/system_samd51.o
LOAD driver_init.o
LOAD examples/driver_examples.o
LOAD hal/src/hal_adc_async.o
LOAD hal/src/hal_atomic.o
LOAD hal/src/hal_cache.o
LOAD hal/src/hal_crc_sync.o
LOAD hal/src/hal_delay.o
LOAD hal/src/hal_evsys.o
LOAD hal/src/hal_flash.o
LOAD hal/src/hal_gpio.o
LOAD hal/src/hal_i2c_m_async.o
LOAD hal/src/hal_init.o
LOAD hal/src/hal_io.o
LOAD hal/src/hal_sleep.o
LOAD hal/src/hal_spi_m_dma.o
LOAD hal/src/hal_spi_m_sync.o
LOAD hal/src/hal_timer.o
LOAD hal/src/hal_usart_async.o
LOAD hal/src/hal_usb_device.o
LOAD hal/utils/src/utils_assert.o
LOAD hal/utils/src/utils_event.o
LOAD hal/utils/src/utils_list.o
LOAD hal/utils/src/utils_ringbuffer.o
LOAD hal/utils/src/utils_syscalls.o
LOAD hpl/adc/hpl_adc.o
LOAD hpl/cmcc/hpl_cmcc.o
LOAD hpl/core/hpl_core_m4.o
LOAD hpl/core/hpl_init.o
LOAD hpl/dmac/hpl_dmac.o
LOAD hpl/dsu/hpl_dsu.o
LOAD hpl/evsys/hpl_evsys.o
LOAD hpl/gclk/hpl_gclk.o
LOAD hpl/mclk/hpl_mclk.o
LOAD hpl/nvmctrl/hpl_nvmctrl.o
LOAD hpl/osc32kctrl/hpl_osc32kctrl.o
LOAD hpl/oscctrl/hpl_oscctrl.o
LOAD hpl/pac/hpl_pac.o
LOAD hpl/pm/hpl_pm.o
LOAD hpl/ramecc/hpl_ramecc.o
LOAD hpl/rtc/hpl_rtc.o
LOAD hpl/sercom/hpl_sercom.o
LOAD hpl/systick/hpl_systick.o
LOAD hpl/tc/hpl_tc.o
LOAD hpl/usb/hpl_usb.o
LOAD main.o
LOAD usb/class/cdc/device/cdcdf_acm.o
LOAD usb/class/hid/device/hiddf_generic.o
LOAD usb/class/hid/device/hiddf_keyboard.o
LOAD usb/class/hid/device/hiddf_mouse.o
LOAD usb/class/midi/device/audiodf_midi.o
LOAD usb/class/midi/usb_protocol_midi.o
LOAD usb/class/msc/device/mscdf.o
LOAD usb/device/usbdc.o
LOAD usb/usb_protocol.o
LOAD usb_start.o
START GROUP
LOAD c:/program files (x86)/atmel/studio/7.0/toolchain/arm/arm-gnu-toolchain/bin/../lib/gcc/arm-none-eabi/6.3.1/../../../../arm-none-eabi/lib/thumb/v7e-m\libm.a
END GROUP
START GROUP
LOAD c:/program files (x86)/atmel/studio/7.0/toolchain/arm/arm-gnu-toolchain/bin/../lib/gcc/arm-none-eabi/6.3.1/thumb/v7e-m\libgcc.a
LOAD c:/program files (x86)/atmel/studio/7.0/toolchain/arm/arm-gnu-toolchain/bin/../lib/gcc/arm-none-eabi/6.3.1/../../../../arm-none-eabi/lib/thumb/v7e-m\libc_nano.a
END GROUP
START GROUP
LOAD c:/program files (x86)/atmel/studio/7.0/toolchain/arm/arm-gnu-toolchain/bin/../lib/gcc/arm-none-eabi/6.3.1/thumb/v7e-m\libgcc.a
LOAD c:/program files (x86)/atmel/studio/7.0/toolchain/arm/arm-gnu-toolchain/bin/../lib/gcc/arm-none-eabi/6.3.1/../../../../arm-none-eabi/lib/thumb/v7e-m\libc_nano.a
END GROUP
LOAD c:/program files (x86)/atmel/studio/7.0/toolchain/arm/arm-gnu-toolchain/bin/../lib/gcc/arm-none-eabi/6.3.1/thumb/v7e-m/crtend.o
LOAD c:/program files (x86)/atmel/studio/7.0/toolchain/arm/arm-gnu-toolchain/bin/../lib/gcc/arm-none-eabi/6.3.1/thumb/v7e-m/crtn.o
                0x00010000                STACK_SIZE = DEFINED (STACK_SIZE)?STACK_SIZE:DEFINED (__stack_size__)?__stack_size__:0x10000

.text           0x00004000     0x8328
                0x00004000                . = ALIGN (0x4)
                0x00004000                _sfixed = .
 *(.vectors .vectors.*)
 .vectors       0x00004000      0x264 Device_Startup/startup_samd51.o
                0x00004000                exception_table
 *(.text .text.* .gnu.linkonce.t.*)
 .text          0x00004264       0x6c c:/program files (x86)/atmel/studio/7.0/toolchain/arm/arm-gnu-toolchain/bin/../lib/gcc/arm-none-eabi/6.3.1/thumb/v7e-m/crtbegin.o
 .text.atmel_start_init
                0x000042d0       0x18 atmel_start.o
                0x000042d0                atmel_start_init
 .text.Dummy_Handler
                0x000042e8        0x2 Device_Startup/startup_samd51.o
                0x000042e8                EIC_5_Handler
                0x000042e8                SVCall_Handler
                0x000042e8                EIC_13_Handler
                0x000042e8                EVSYS_0_Handler
                0x000042e8                TCC1_3_Handler
                0x000042e8                DAC_3_Handler
                0x000042e8                TRNG_Handler
                0x000042e8                HardFault_Handler
                0x000042e8                PDEC_2_Handler
                0x000042e8                EIC_4_Handler
                0x000042e8                AC_Handler
                0x000042e8                SERCOM3_1_Handler
                0x000042e8                SysTick_Handler
                0x000042e8                TCC2_3_Handler
                0x000042e8                SERCOM3_2_Handler
                0x000042e8                PendSV_Handler
                0x000042e8                TC7_Handler
                0x000042e8                EVSYS_3_Handler
                0x000042e8                PDEC_0_Handler
                0x000042e8                QSPI_Handler
                0x000042e8                NonMaskableInt_Handler
                0x000042e8                TCC0_0_Handler
                0x000042e8                EIC_3_Handler
                0x000042e8                MemManagement_Handler
                0x000042e8                DAC_2_Handler
                0x000042e8                UsageFault_Handler
                0x000042e8                EIC_10_Handler
                0x000042e8                EIC_11_Handler
                0x000042e8                EIC_9_Handler
                0x000042e8                OSC32KCTRL_Handler
                0x000042e8                TCC2_1_Handler
                0x000042e8                SUPC_1_Handler
                0x000042e8                TCC0_5_Handler
                0x000042e8                TCC0_6_Handler
                0x000042e8                EVSYS_1_Handler
                0x000042e8                TCC1_4_Handler
                0x000042e8                TC6_Handler
                0x000042e8                WDT_Handler
                0x000042e8                EIC_8_Handler
                0x000042e8                EIC_15_Handler
                0x000042e8                TC4_Handler
                0x000042e8                OSCCTRL_4_Handler
                0x000042e8                EIC_12_Handler
                0x000042e8                TCC4_2_Handler
                0x000042e8                PAC_Handler
                0x000042e8                TCC1_0_Handler
                0x000042e8                OSCCTRL_0_Handler
                0x000042e8                EIC_0_Handler
                0x000042e8                OSCCTRL_3_Handler
                0x000042e8                Dummy_Handler
                0x000042e8                TCC3_0_Handler
                0x000042e8                TCC2_2_Handler
                0x000042e8                TCC1_1_Handler
                0x000042e8                OSCCTRL_2_Handler
                0x000042e8                TCC1_2_Handler
                0x000042e8                SERCOM7_1_Handler
                0x000042e8                PM_Handler
                0x000042e8                DAC_4_Handler
                0x000042e8                TCC3_2_Handler
                0x000042e8                SERCOM7_0_Handler
                0x000042e8                TCC0_2_Handler
                0x000042e8                TCC4_0_Handler
                0x000042e8                SERCOM7_3_Handler
                0x000042e8                SDHC1_Handler
                0x000042e8                SERCOM7_2_Handler
                0x000042e8                TCC2_0_Handler
                0x000042e8                PDEC_1_Handler
                0x000042e8                TCC4_1_Handler
                0x000042e8                SDHC0_Handler
                0x000042e8                I2S_Handler
                0x000042e8                EIC_2_Handler
                0x000042e8                PCC_Handler
                0x000042e8                DAC_0_Handler
                0x000042e8                TCC0_1_Handler
                0x000042e8                EIC_6_Handler
                0x000042e8                OSCCTRL_1_Handler
                0x000042e8                PUKCC_Handler
                0x000042e8                SERCOM3_0_Handler
                0x000042e8                EIC_1_Handler
                0x000042e8                EVSYS_4_Handler
                0x000042e8                EIC_7_Handler
                0x000042e8                SERCOM3_3_Handler
                0x000042e8                TCC3_1_Handler
                0x000042e8                EIC_14_Handler
                0x000042e8                DAC_1_Handler
                0x000042e8                MCLK_Handler
                0x000042e8                EVSYS_2_Handler
                0x000042e8                SUPC_0_Handler
                0x000042e8                BusFault_Handler
                0x000042e8                FREQM_Handler
                0x000042e8                TCC0_3_Handler
                0x000042e8                DebugMonitor_Handler
                0x000042e8                TCC0_4_Handler
                0x000042e8                TC5_Handler
                0x000042e8                AES_Handler
                0x000042e8                ICM_Handler
 *fill*         0x000042ea        0x2 
 .text.Reset_Handler
                0x000042ec       0x78 Device_Startup/startup_samd51.o
                0x000042ec                Reset_Handler
 .text._gpio_set_pin_function
                0x00004364       0x68 driver_init.o
 .text.gpio_set_pin_direction
                0x000043cc       0x68 driver_init.o
 .text.ADC_0_init
                0x00004434       0x80 driver_init.o
                0x00004434                ADC_0_init
 .text.ADC_1_init
                0x000044b4       0x84 driver_init.o
                0x000044b4                ADC_1_init
 .text.CRC_0_init
                0x00004538       0x24 driver_init.o
                0x00004538                CRC_0_init
 .text.EVENT_SYSTEM_0_init
                0x0000455c       0x30 driver_init.o
                0x0000455c                EVENT_SYSTEM_0_init
 .text.FLASH_0_CLOCK_init
                0x0000458c       0x10 driver_init.o
                0x0000458c                FLASH_0_CLOCK_init
 .text.FLASH_0_init
                0x0000459c       0x24 driver_init.o
                0x0000459c                FLASH_0_init
 .text.USART_EAST_CLOCK_init
                0x000045c0       0x24 driver_init.o
                0x000045c0                USART_EAST_CLOCK_init
 .text.USART_EAST_PORT_init
                0x000045e4       0x24 driver_init.o
                0x000045e4                USART_EAST_PORT_init
 .text.USART_EAST_init
                0x00004608       0x38 driver_init.o
                0x00004608                USART_EAST_init
 .text.USART_NORTH_CLOCK_init
                0x00004640       0x24 driver_init.o
                0x00004640                USART_NORTH_CLOCK_init
 .text.USART_NORTH_PORT_init
                0x00004664       0x24 driver_init.o
                0x00004664                USART_NORTH_PORT_init
 .text.USART_NORTH_init
                0x00004688       0x38 driver_init.o
                0x00004688                USART_NORTH_init
 .text.GRID_AUX_CLOCK_init
                0x000046c0       0x24 driver_init.o
                0x000046c0                GRID_AUX_CLOCK_init
 .text.GRID_AUX_PORT_init
                0x000046e4       0x24 driver_init.o
                0x000046e4                GRID_AUX_PORT_init
 .text.GRID_AUX_init
                0x00004708       0x38 driver_init.o
                0x00004708                GRID_AUX_init
 .text.UI_SPI_PORT_init
                0x00004740       0x68 driver_init.o
                0x00004740                UI_SPI_PORT_init
 .text.UI_SPI_CLOCK_init
                0x000047a8       0x24 driver_init.o
                0x000047a8                UI_SPI_CLOCK_init
 .text.UI_SPI_init
                0x000047cc       0x2c driver_init.o
                0x000047cc                UI_SPI_init
 .text.USART_WEST_CLOCK_init
                0x000047f8       0x24 driver_init.o
                0x000047f8                USART_WEST_CLOCK_init
 .text.USART_WEST_PORT_init
                0x0000481c       0x24 driver_init.o
                0x0000481c                USART_WEST_PORT_init
 .text.USART_WEST_init
                0x00004840       0x38 driver_init.o
                0x00004840                USART_WEST_init
 .text.SYS_I2C_PORT_init
                0x00004878       0x40 driver_init.o
                0x00004878                SYS_I2C_PORT_init
 .text.SYS_I2C_CLOCK_init
                0x000048b8       0x24 driver_init.o
                0x000048b8                SYS_I2C_CLOCK_init
 .text.SYS_I2C_init
                0x000048dc       0x2c driver_init.o
                0x000048dc                SYS_I2C_init
 .text.USART_SOUTH_CLOCK_init
                0x00004908       0x24 driver_init.o
                0x00004908                USART_SOUTH_CLOCK_init
 .text.USART_SOUTH_PORT_init
                0x0000492c       0x24 driver_init.o
                0x0000492c                USART_SOUTH_PORT_init
 .text.USART_SOUTH_init
                0x00004950       0x38 driver_init.o
                0x00004950                USART_SOUTH_init
 .text.GRID_LED_PORT_init
                0x00004988       0x68 driver_init.o
                0x00004988                GRID_LED_PORT_init
 .text.GRID_LED_CLOCK_init
                0x000049f0       0x24 driver_init.o
                0x000049f0                GRID_LED_CLOCK_init
 .text.GRID_LED_init
                0x00004a14       0x2c driver_init.o
                0x00004a14                GRID_LED_init
 .text.delay_driver_init
                0x00004a40       0x10 driver_init.o
                0x00004a40                delay_driver_init
 .text.USB_DEVICE_INSTANCE_PORT_init
                0x00004a50       0x60 driver_init.o
                0x00004a50                USB_DEVICE_INSTANCE_PORT_init
 .text.USB_DEVICE_INSTANCE_CLOCK_init
                0x00004ab0       0x24 driver_init.o
                0x00004ab0                USB_DEVICE_INSTANCE_CLOCK_init
 .text.USB_DEVICE_INSTANCE_init
                0x00004ad4       0x20 driver_init.o
                0x00004ad4                USB_DEVICE_INSTANCE_init
 .text.system_init
                0x00004af4      0x23c driver_init.o
                0x00004af4                system_init
 .text.adc_async_window_threshold_reached
                0x00004d30        0x8 hal/src/hal_adc_async.o
 .text.adc_async_error_occured
                0x00004d38        0x8 hal/src/hal_adc_async.o
 .text.adc_async_channel_conversion_done
                0x00004d40       0x68 hal/src/hal_adc_async.o
 .text.adc_async_init
                0x00004da8       0x4c hal/src/hal_adc_async.o
                0x00004da8                adc_async_init
 .text.adc_async_register_channel_buffer
                0x00004df4       0x6c hal/src/hal_adc_async.o
                0x00004df4                adc_async_register_channel_buffer
 .text.adc_async_enable_channel
                0x00004e60       0x10 hal/src/hal_adc_async.o
                0x00004e60                adc_async_enable_channel
 .text.adc_async_register_callback
                0x00004e70       0x3c hal/src/hal_adc_async.o
                0x00004e70                adc_async_register_callback
 .text.adc_async_read_channel
                0x00004eac       0x74 hal/src/hal_adc_async.o
                0x00004eac                adc_async_read_channel
 .text.adc_async_start_conversion
                0x00004f20       0x10 hal/src/hal_adc_async.o
                0x00004f20                adc_async_start_conversion
 .text.atomic_enter_critical
                0x00004f30        0xe hal/src/hal_atomic.o
                0x00004f30                atomic_enter_critical
 .text.atomic_leave_critical
                0x00004f3e        0xc hal/src/hal_atomic.o
                0x00004f3e                atomic_leave_critical
 *fill*         0x00004f4a        0x2 
 .text.crc_sync_init
                0x00004f4c        0x8 hal/src/hal_crc_sync.o
                0x00004f4c                crc_sync_init
 .text.delay_init
                0x00004f54       0x10 hal/src/hal_delay.o
                0x00004f54                delay_init
 .text.delay_us
                0x00004f64       0x24 hal/src/hal_delay.o
                0x00004f64                delay_us
 .text.delay_ms
                0x00004f88       0x24 hal/src/hal_delay.o
                0x00004f88                delay_ms
 .text.event_system_init
                0x00004fac        0x8 hal/src/hal_evsys.o
                0x00004fac                event_system_init
 .text.flash_ready
                0x00004fb4        0x8 hal/src/hal_flash.o
 .text.flash_error
                0x00004fbc        0x8 hal/src/hal_flash.o
 .text.flash_init
                0x00004fc4       0x20 hal/src/hal_flash.o
                0x00004fc4                flash_init
 .text.i2c_m_async_write
                0x00004fe4       0x2c hal/src/hal_i2c_m_async.o
 .text.i2c_m_async_read
                0x00005010       0x2c hal/src/hal_i2c_m_async.o
 .text.i2c_tx_complete
                0x0000503c        0xe hal/src/hal_i2c_m_async.o
 .text.i2c_rx_complete
                0x0000504a        0xe hal/src/hal_i2c_m_async.o
 .text.i2c_error
                0x00005058        0xe hal/src/hal_i2c_m_async.o
 *fill*         0x00005066        0x2 
 .text.i2c_m_async_init
                0x00005068       0x50 hal/src/hal_i2c_m_async.o
                0x00005068                i2c_m_async_init
 .text.io_write
                0x000050b8        0x4 hal/src/hal_io.o
                0x000050b8                io_write
 .text._spi_m_dma_io_write
                0x000050bc       0x18 hal/src/hal_spi_m_dma.o
 .text._spi_m_dma_io_read
                0x000050d4       0x18 hal/src/hal_spi_m_dma.o
 .text.spi_m_dma_init
                0x000050ec       0x24 hal/src/hal_spi_m_dma.o
                0x000050ec                spi_m_dma_init
 .text.spi_m_dma_enable
                0x00005110        0xc hal/src/hal_spi_m_dma.o
                0x00005110                spi_m_dma_enable
 .text.spi_m_dma_register_callback
                0x0000511c        0xc hal/src/hal_spi_m_dma.o
                0x0000511c                spi_m_dma_register_callback
 .text.spi_m_dma_get_io_descriptor
                0x00005128        0x8 hal/src/hal_spi_m_dma.o
                0x00005128                spi_m_dma_get_io_descriptor
 .text.spi_m_sync_init
                0x00005130       0x30 hal/src/hal_spi_m_sync.o
                0x00005130                spi_m_sync_init
 .text.spi_m_sync_transfer
                0x00005160       0x20 hal/src/hal_spi_m_sync.o
                0x00005160                spi_m_sync_transfer
 .text._spi_m_sync_io_write
                0x00005180       0x1c hal/src/hal_spi_m_sync.o
 .text._spi_m_sync_io_read
                0x0000519c       0x1c hal/src/hal_spi_m_sync.o
 .text.timer_add_timer_task
                0x000051b8       0x4c hal/src/hal_timer.o
 .text.timer_process_counted
                0x00005204       0x6c hal/src/hal_timer.o
 .text.timer_init
                0x00005270       0x1c hal/src/hal_timer.o
                0x00005270                timer_init
 .text.timer_start
                0x0000528c       0x24 hal/src/hal_timer.o
                0x0000528c                timer_start
 .text.timer_stop
                0x000052b0       0x22 hal/src/hal_timer.o
                0x000052b0                timer_stop
 *fill*         0x000052d2        0x2 
 .text.timer_add_task
                0x000052d4       0x78 hal/src/hal_timer.o
                0x000052d4                timer_add_task
 .text.usart_transmission_complete
                0x0000534c       0x10 hal/src/hal_usart_async.o
 .text.usart_error
                0x0000535c       0x10 hal/src/hal_usart_async.o
 .text.usart_fill_rx_buffer
                0x0000536c       0x20 hal/src/hal_usart_async.o
 .text.usart_async_write
                0x0000538c       0x34 hal/src/hal_usart_async.o
 .text.usart_process_byte_sent
                0x000053c0       0x34 hal/src/hal_usart_async.o
 .text.usart_async_read
                0x000053f4       0x54 hal/src/hal_usart_async.o
 .text.usart_async_init
                0x00005448       0x60 hal/src/hal_usart_async.o
                0x00005448                usart_async_init
 .text.usart_async_enable
                0x000054a8       0x10 hal/src/hal_usart_async.o
                0x000054a8                usart_async_enable
 .text.usart_async_get_io_descriptor
                0x000054b8        0x6 hal/src/hal_usart_async.o
                0x000054b8                usart_async_get_io_descriptor
 *fill*         0x000054be        0x2 
 .text.usart_async_register_callback
                0x000054c0       0x44 hal/src/hal_usart_async.o
                0x000054c0                usart_async_register_callback
 .text._usb_d_find_ep
                0x00005504       0x30 hal/src/hal_usb_device.o
 .text.usb_d_dummy_cb_false
                0x00005534        0x4 hal/src/hal_usb_device.o
 .text.usb_d_cb_trans_more
                0x00005538       0x30 hal/src/hal_usb_device.o
 .text._usb_d_cb_trans_done
                0x00005568      0x108 hal/src/hal_usb_device.o
 .text.usb_d_cb_trans_setup
                0x00005670       0x8c hal/src/hal_usb_device.o
 .text.usb_d_init
                0x000056fc       0x68 hal/src/hal_usb_device.o
                0x000056fc                usb_d_init
 .text.usb_d_register_callback
                0x00005764        0x8 hal/src/hal_usb_device.o
                0x00005764                usb_d_register_callback
 .text.usb_d_enable
                0x0000576c        0x8 hal/src/hal_usb_device.o
                0x0000576c                usb_d_enable
 .text.usb_d_attach
                0x00005774        0x8 hal/src/hal_usb_device.o
                0x00005774                usb_d_attach
 .text.usb_d_set_address
                0x0000577c        0x8 hal/src/hal_usb_device.o
                0x0000577c                usb_d_set_address
 .text.usb_d_ep_init
                0x00005784       0x50 hal/src/hal_usb_device.o
                0x00005784                usb_d_ep_init
 .text.usb_d_ep0_init
                0x000057d4       0x10 hal/src/hal_usb_device.o
                0x000057d4                usb_d_ep0_init
 .text.usb_d_ep_deinit
                0x000057e4       0x2c hal/src/hal_usb_device.o
                0x000057e4                usb_d_ep_deinit
 .text.usb_d_ep_enable
                0x00005810       0x40 hal/src/hal_usb_device.o
                0x00005810                usb_d_ep_enable
 .text.usb_d_ep_transfer
                0x00005850       0xf8 hal/src/hal_usb_device.o
                0x00005850                usb_d_ep_transfer
 .text.usb_d_ep_halt
                0x00005948       0x64 hal/src/hal_usb_device.o
                0x00005948                usb_d_ep_halt
 .text.usb_d_ep_register_callback
                0x000059ac       0x4c hal/src/hal_usb_device.o
                0x000059ac                usb_d_ep_register_callback
 .text.is_list_element
                0x000059f8        0xe hal/utils/src/utils_list.o
                0x000059f8                is_list_element
 .text.list_insert_as_head
                0x00005a06        0x8 hal/utils/src/utils_list.o
                0x00005a06                list_insert_as_head
 .text.list_insert_after
                0x00005a0e        0x8 hal/utils/src/utils_list.o
                0x00005a0e                list_insert_after
 .text.list_insert_at_end
                0x00005a16       0x18 hal/utils/src/utils_list.o
                0x00005a16                list_insert_at_end
 .text.list_remove_head
                0x00005a2e        0xc hal/utils/src/utils_list.o
                0x00005a2e                list_remove_head
 .text.ringbuffer_init
                0x00005a3a       0x18 hal/utils/src/utils_ringbuffer.o
                0x00005a3a                ringbuffer_init
 .text.ringbuffer_get
                0x00005a52       0x22 hal/utils/src/utils_ringbuffer.o
                0x00005a52                ringbuffer_get
 .text.ringbuffer_put
                0x00005a74       0x26 hal/utils/src/utils_ringbuffer.o
                0x00005a74                ringbuffer_put
 .text.ringbuffer_num
                0x00005a9a        0x8 hal/utils/src/utils_ringbuffer.o
                0x00005a9a                ringbuffer_num
 *fill*         0x00005aa2        0x2 
 .text._sbrk    0x00005aa4       0x1c hal/utils/src/utils_syscalls.o
                0x00005aa4                _sbrk
 .text.__NVIC_DisableIRQ
                0x00005ac0       0x28 hpl/adc/hpl_adc.o
 .text.__NVIC_ClearPendingIRQ
                0x00005ae8       0x20 hpl/adc/hpl_adc.o
 .text.hri_adc_wait_for_sync
                0x00005b08        0x8 hpl/adc/hpl_adc.o
 .text.hri_adc_set_CTRLA_ENABLE_bit
                0x00005b10       0x14 hpl/adc/hpl_adc.o
 .text.hri_adc_clear_CTRLA_ENABLE_bit
                0x00005b24       0x18 hpl/adc/hpl_adc.o
 .text._adc_get_regs
                0x00005b3c       0x14 hpl/adc/hpl_adc.o
 .text._adc_interrupt_handler
                0x00005b50       0x4e hpl/adc/hpl_adc.o
 .text._adc_get_irq_num.isra.0
                0x00005b9e       0x14 hpl/adc/hpl_adc.o
 *fill*         0x00005bb2        0x2 
 .text._adc_init
                0x00005bb4       0xc8 hpl/adc/hpl_adc.o
 .text._adc_async_init
                0x00005c7c       0xb4 hpl/adc/hpl_adc.o
                0x00005c7c                _adc_async_init
 .text._adc_async_enable_channel
                0x00005d30        0xc hpl/adc/hpl_adc.o
                0x00005d30                _adc_async_enable_channel
 .text._adc_async_get_data_size
                0x00005d3c       0x12 hpl/adc/hpl_adc.o
                0x00005d3c                _adc_async_get_data_size
 *fill*         0x00005d4e        0x2 
 .text._adc_async_convert
                0x00005d50       0x18 hpl/adc/hpl_adc.o
                0x00005d50                _adc_async_convert
 .text._adc_async_set_irq_state
                0x00005d68       0x20 hpl/adc/hpl_adc.o
                0x00005d68                _adc_async_set_irq_state
 .text.ADC0_1_Handler
                0x00005d88       0x10 hpl/adc/hpl_adc.o
                0x00005d88                ADC0_1_Handler
 .text.ADC0_0_Handler
                0x00005d98        0x8 hpl/adc/hpl_adc.o
                0x00005d98                ADC0_0_Handler
 .text.ADC1_1_Handler
                0x00005da0       0x10 hpl/adc/hpl_adc.o
                0x00005da0                ADC1_1_Handler
 .text.ADC1_0_Handler
                0x00005db0        0x8 hpl/adc/hpl_adc.o
                0x00005db0                ADC1_0_Handler
 .text._irq_set
                0x00005db8       0x1c hpl/core/hpl_core_m4.o
                0x00005db8                _irq_set
 .text._get_cycles_for_us
                0x00005dd4        0x6 hpl/core/hpl_core_m4.o
                0x00005dd4                _get_cycles_for_us
 *fill*         0x00005dda        0x2 
 .text._get_cycles_for_ms
                0x00005ddc        0xc hpl/core/hpl_core_m4.o
                0x00005ddc                _get_cycles_for_ms
 .text._init_chip
                0x00005de8       0x5c hpl/core/hpl_init.o
                0x00005de8                _init_chip
 .text._dmac_handler
                0x00005e44       0x50 hpl/dmac/hpl_dmac.o
 .text._dma_init
                0x00005e94       0xd0 hpl/dmac/hpl_dmac.o
                0x00005e94                _dma_init
 .text._dma_set_irq_state
                0x00005f64       0x28 hpl/dmac/hpl_dmac.o
                0x00005f64                _dma_set_irq_state
 .text._dma_set_destination_address
                0x00005f8c       0x10 hpl/dmac/hpl_dmac.o
                0x00005f8c                _dma_set_destination_address
 .text._dma_set_source_address
                0x00005f9c       0x10 hpl/dmac/hpl_dmac.o
                0x00005f9c                _dma_set_source_address
 .text._dma_srcinc_enable
                0x00005fac       0x1c hpl/dmac/hpl_dmac.o
                0x00005fac                _dma_srcinc_enable
 .text._dma_set_data_amount
                0x00005fc8       0x44 hpl/dmac/hpl_dmac.o
                0x00005fc8                _dma_set_data_amount
 .text._dma_enable_transaction
                0x0000600c       0x3c hpl/dmac/hpl_dmac.o
                0x0000600c                _dma_enable_transaction
 .text._dma_get_channel_resource
                0x00006048       0x14 hpl/dmac/hpl_dmac.o
                0x00006048                _dma_get_channel_resource
 .text.DMAC_0_Handler
                0x0000605c        0x8 hpl/dmac/hpl_dmac.o
                0x0000605c                DMAC_0_Handler
 .text.DMAC_1_Handler
                0x00006064        0x8 hpl/dmac/hpl_dmac.o
                0x00006064                DMAC_1_Handler
 .text.DMAC_2_Handler
                0x0000606c        0x8 hpl/dmac/hpl_dmac.o
                0x0000606c                DMAC_2_Handler
 .text.DMAC_3_Handler
                0x00006074        0x8 hpl/dmac/hpl_dmac.o
                0x00006074                DMAC_3_Handler
 .text.DMAC_4_Handler
                0x0000607c        0x8 hpl/dmac/hpl_dmac.o
                0x0000607c                DMAC_4_Handler
 .text._crc_sync_init
                0x00006084        0x6 hpl/dsu/hpl_dsu.o
                0x00006084                _crc_sync_init
 *fill*         0x0000608a        0x2 
 .text._event_system_init
                0x0000608c       0x58 hpl/evsys/hpl_evsys.o
                0x0000608c                _event_system_init
 .text.hri_gclk_wait_for_sync.constprop.0
                0x000060e4       0x14 hpl/gclk/hpl_gclk.o
 .text._gclk_init_generators_by_fref
                0x000060f8       0x58 hpl/gclk/hpl_gclk.o
                0x000060f8                _gclk_init_generators_by_fref
 .text._mclk_init
                0x00006150        0xc hpl/mclk/hpl_mclk.o
                0x00006150                _mclk_init
 .text._flash_init
                0x0000615c       0x4c hpl/nvmctrl/hpl_nvmctrl.o
                0x0000615c                _flash_init
 .text.NVMCTRL_1_Handler
                0x000061a8       0x2c hpl/nvmctrl/hpl_nvmctrl.o
                0x000061a8                NVMCTRL_1_Handler
 .text.NVMCTRL_0_Handler
                0x000061d4        0x8 hpl/nvmctrl/hpl_nvmctrl.o
                0x000061d4                NVMCTRL_0_Handler
 .text._osc32kctrl_init_sources
                0x000061dc       0x20 hpl/osc32kctrl/hpl_osc32kctrl.o
                0x000061dc                _osc32kctrl_init_sources
 .text._oscctrl_init_sources
                0x000061fc        0x2 hpl/oscctrl/hpl_oscctrl.o
                0x000061fc                _oscctrl_init_sources
 *fill*         0x000061fe        0x2 
 .text._oscctrl_init_referenced_generators
                0x00006200       0xf8 hpl/oscctrl/hpl_oscctrl.o
                0x00006200                _oscctrl_init_referenced_generators
 .text.RAMECC_Handler
                0x000062f8       0x3c hpl/ramecc/hpl_ramecc.o
                0x000062f8                RAMECC_Handler
 .text.hri_rtcmode0_wait_for_sync
                0x00006334        0x8 hpl/rtc/hpl_rtc.o
 .text._rtc_timer_stop
                0x0000633c       0x1c hpl/rtc/hpl_rtc.o
                0x0000633c                _rtc_timer_stop
 .text._rtc_timer_set_period
                0x00006358       0x10 hpl/rtc/hpl_rtc.o
                0x00006358                _rtc_timer_set_period
 .text._rtc_timer_get_period
                0x00006368       0x14 hpl/rtc/hpl_rtc.o
                0x00006368                _rtc_timer_get_period
 .text._rtc_timer_is_started
                0x0000637c       0x1c hpl/rtc/hpl_rtc.o
                0x0000637c                _rtc_timer_is_started
 .text._rtc_timer_set_irq
                0x00006398        0x2 hpl/rtc/hpl_rtc.o
                0x00006398                _rtc_timer_set_irq
 *fill*         0x0000639a        0x2 
 .text._rtc_timer_start
                0x0000639c       0x3c hpl/rtc/hpl_rtc.o
                0x0000639c                _rtc_timer_start
 .text._rtc_timer_deinit
                0x000063d8       0x28 hpl/rtc/hpl_rtc.o
                0x000063d8                _rtc_timer_deinit
 .text._rtc_timer_init
                0x00006400       0x48 hpl/rtc/hpl_rtc.o
                0x00006400                _rtc_timer_init
 .text._rtc_get_timer
                0x00006448        0x8 hpl/rtc/hpl_rtc.o
                0x00006448                _rtc_get_timer
 .text.RTC_Handler
                0x00006450       0x24 hpl/rtc/hpl_rtc.o
                0x00006450                RTC_Handler
 .text.__NVIC_EnableIRQ
                0x00006474       0x1c hpl/sercom/hpl_sercom.o
 .text.__NVIC_DisableIRQ
                0x00006490       0x28 hpl/sercom/hpl_sercom.o
 .text.__NVIC_ClearPendingIRQ
                0x000064b8       0x20 hpl/sercom/hpl_sercom.o
 .text.hri_sercomi2cm_wait_for_sync
                0x000064d8        0x8 hpl/sercom/hpl_sercom.o
 .text.hri_sercomspi_wait_for_sync
                0x000064e0        0x8 hpl/sercom/hpl_sercom.o
 .text.hri_sercomusart_wait_for_sync
                0x000064e8        0x8 hpl/sercom/hpl_sercom.o
 .text.hri_sercomi2cm_clear_CTRLA_ENABLE_bit
                0x000064f0       0x14 hpl/sercom/hpl_sercom.o
 .text.hri_sercomspi_clear_CTRLA_ENABLE_bit
                0x00006504       0x14 hpl/sercom/hpl_sercom.o
 .text.hri_sercomusart_clear_CTRLA_ENABLE_bit
                0x00006518       0x14 hpl/sercom/hpl_sercom.o
 .text._sercom_get_hardware_index
                0x0000652c       0x34 hpl/sercom/hpl_sercom.o
 .text._sercom_usart_interrupt_handler
                0x00006560       0x70 hpl/sercom/hpl_sercom.o
 .text._sercom_init_irq_param
                0x000065d0       0x60 hpl/sercom/hpl_sercom.o
 .text._get_i2cm_index
                0x00006630       0x14 hpl/sercom/hpl_sercom.o
 .text._sercom_get_irq_num
                0x00006644       0x14 hpl/sercom/hpl_sercom.o
 .text._spi_sync_enable
                0x00006658       0x28 hpl/sercom/hpl_sercom.o
 .text._spi_get_regs
                0x00006680       0x2c hpl/sercom/hpl_sercom.o
 .text._spi_get_tx_dma_channel
                0x000066ac       0x14 hpl/sercom/hpl_sercom.o
 .text._spi_get_rx_dma_channel
                0x000066c0       0x14 hpl/sercom/hpl_sercom.o
 .text._spi_dma_rx_complete
                0x000066d4        0xa hpl/sercom/hpl_sercom.o
 .text._spi_dma_tx_complete
                0x000066de        0xa hpl/sercom/hpl_sercom.o
 .text._spi_dma_error_occured
                0x000066e8        0xa hpl/sercom/hpl_sercom.o
 *fill*         0x000066f2        0x2 
 .text._sercom_i2c_send_stop
                0x000066f4       0x14 hpl/sercom/hpl_sercom.o
 .text._sercom_i2c_sync_analyse_flags
                0x00006708      0x16c hpl/sercom/hpl_sercom.o
 .text._spi_load_regs_master
                0x00006874       0x3c hpl/sercom/hpl_sercom.o
 .text._i2c_m_sync_init_impl
                0x000068b0       0xb0 hpl/sercom/hpl_sercom.o
 .text._usart_init
                0x00006960       0xdc hpl/sercom/hpl_sercom.o
 .text._usart_async_init
                0x00006a3c       0x64 hpl/sercom/hpl_sercom.o
                0x00006a3c                _usart_async_init
 .text._usart_async_enable
                0x00006aa0       0x14 hpl/sercom/hpl_sercom.o
                0x00006aa0                _usart_async_enable
 .text._usart_async_write_byte
                0x00006ab4        0x6 hpl/sercom/hpl_sercom.o
                0x00006ab4                _usart_async_write_byte
 .text._usart_async_enable_byte_sent_irq
                0x00006aba        0x8 hpl/sercom/hpl_sercom.o
                0x00006aba                _usart_async_enable_byte_sent_irq
 .text._usart_async_enable_tx_done_irq
                0x00006ac2        0x8 hpl/sercom/hpl_sercom.o
                0x00006ac2                _usart_async_enable_tx_done_irq
 .text._usart_async_set_irq_state
                0x00006aca       0x32 hpl/sercom/hpl_sercom.o
                0x00006aca                _usart_async_set_irq_state
 .text._i2c_m_async_init
                0x00006afc       0x64 hpl/sercom/hpl_sercom.o
                0x00006afc                _i2c_m_async_init
 .text._i2c_m_async_transfer
                0x00006b60       0xc0 hpl/sercom/hpl_sercom.o
                0x00006b60                _i2c_m_async_transfer
 .text._i2c_m_async_register_callback
                0x00006c20       0x1a hpl/sercom/hpl_sercom.o
                0x00006c20                _i2c_m_async_register_callback
 *fill*         0x00006c3a        0x2 
 .text.SERCOM0_3_Handler
                0x00006c3c       0x10 hpl/sercom/hpl_sercom.o
                0x00006c3c                SERCOM0_3_Handler
 .text.SERCOM0_2_Handler
                0x00006c4c        0x8 hpl/sercom/hpl_sercom.o
                0x00006c4c                SERCOM0_2_Handler
 .text.SERCOM0_1_Handler
                0x00006c54        0x8 hpl/sercom/hpl_sercom.o
                0x00006c54                SERCOM0_1_Handler
 .text.SERCOM0_0_Handler
                0x00006c5c        0x8 hpl/sercom/hpl_sercom.o
                0x00006c5c                SERCOM0_0_Handler
 .text.SERCOM1_3_Handler
                0x00006c64       0x10 hpl/sercom/hpl_sercom.o
                0x00006c64                SERCOM1_3_Handler
 .text.SERCOM1_2_Handler
                0x00006c74        0x8 hpl/sercom/hpl_sercom.o
                0x00006c74                SERCOM1_2_Handler
 .text.SERCOM1_1_Handler
                0x00006c7c        0x8 hpl/sercom/hpl_sercom.o
                0x00006c7c                SERCOM1_1_Handler
 .text.SERCOM1_0_Handler
                0x00006c84        0x8 hpl/sercom/hpl_sercom.o
                0x00006c84                SERCOM1_0_Handler
 .text.SERCOM2_3_Handler
                0x00006c8c       0x10 hpl/sercom/hpl_sercom.o
                0x00006c8c                SERCOM2_3_Handler
 .text.SERCOM2_2_Handler
                0x00006c9c        0x8 hpl/sercom/hpl_sercom.o
                0x00006c9c                SERCOM2_2_Handler
 .text.SERCOM2_1_Handler
                0x00006ca4        0x8 hpl/sercom/hpl_sercom.o
                0x00006ca4                SERCOM2_1_Handler
 .text.SERCOM2_0_Handler
                0x00006cac        0x8 hpl/sercom/hpl_sercom.o
                0x00006cac                SERCOM2_0_Handler
 .text.SERCOM4_3_Handler
                0x00006cb4       0x10 hpl/sercom/hpl_sercom.o
                0x00006cb4                SERCOM4_3_Handler
 .text.SERCOM4_2_Handler
                0x00006cc4        0x8 hpl/sercom/hpl_sercom.o
                0x00006cc4                SERCOM4_2_Handler
 .text.SERCOM4_1_Handler
                0x00006ccc        0x8 hpl/sercom/hpl_sercom.o
                0x00006ccc                SERCOM4_1_Handler
 .text.SERCOM4_0_Handler
                0x00006cd4        0x8 hpl/sercom/hpl_sercom.o
                0x00006cd4                SERCOM4_0_Handler
 .text.SERCOM5_3_Handler
                0x00006cdc       0x64 hpl/sercom/hpl_sercom.o
                0x00006cdc                SERCOM5_3_Handler
 .text.SERCOM5_2_Handler
                0x00006d40        0x8 hpl/sercom/hpl_sercom.o
                0x00006d40                SERCOM5_2_Handler
 .text.SERCOM5_1_Handler
                0x00006d48        0x8 hpl/sercom/hpl_sercom.o
                0x00006d48                SERCOM5_1_Handler
 .text.SERCOM5_0_Handler
                0x00006d50        0x8 hpl/sercom/hpl_sercom.o
                0x00006d50                SERCOM5_0_Handler
 .text.SERCOM6_3_Handler
                0x00006d58       0x10 hpl/sercom/hpl_sercom.o
                0x00006d58                SERCOM6_3_Handler
 .text.SERCOM6_2_Handler
                0x00006d68        0x8 hpl/sercom/hpl_sercom.o
                0x00006d68                SERCOM6_2_Handler
 .text.SERCOM6_1_Handler
                0x00006d70        0x8 hpl/sercom/hpl_sercom.o
                0x00006d70                SERCOM6_1_Handler
 .text.SERCOM6_0_Handler
                0x00006d78        0x8 hpl/sercom/hpl_sercom.o
                0x00006d78                SERCOM6_0_Handler
 .text._spi_m_sync_init
                0x00006d80       0xd0 hpl/sercom/hpl_sercom.o
                0x00006d80                _spi_m_sync_init
 .text._spi_m_sync_trans
                0x00006e50       0xac hpl/sercom/hpl_sercom.o
                0x00006e50                _spi_m_sync_trans
 .text._spi_m_dma_init
                0x00006efc       0xc4 hpl/sercom/hpl_sercom.o
                0x00006efc                _spi_m_dma_init
 .text._spi_m_dma_enable
                0x00006fc0        0xc hpl/sercom/hpl_sercom.o
                0x00006fc0                _spi_m_dma_enable
 .text._spi_m_dma_register_callback
                0x00006fcc       0x64 hpl/sercom/hpl_sercom.o
                0x00006fcc                _spi_m_dma_register_callback
 .text._spi_m_dma_transfer
                0x00007030       0xf8 hpl/sercom/hpl_sercom.o
                0x00007030                _spi_m_dma_transfer
 .text._delay_init
                0x00007128       0x14 hpl/systick/hpl_systick.o
                0x00007128                _delay_init
 .text._delay_cycles
                0x0000713c       0x38 hpl/systick/hpl_systick.o
                0x0000713c                _delay_cycles
 .text.__NVIC_DisableIRQ
                0x00007174       0x28 hpl/tc/hpl_tc.o
 .text.hri_tc_wait_for_sync
                0x0000719c        0x8 hpl/tc/hpl_tc.o
 .text._tc_timer_start
                0x000071a4       0x14 hpl/tc/hpl_tc.o
                0x000071a4                _tc_timer_start
 .text._tc_timer_get_period
                0x000071b8       0x50 hpl/tc/hpl_tc.o
                0x000071b8                _tc_timer_get_period
 .text._tc_timer_is_started
                0x00007208       0x18 hpl/tc/hpl_tc.o
                0x00007208                _tc_timer_is_started
 .text.tc_interrupt_handler
                0x00007220       0x12 hpl/tc/hpl_tc.o
 *fill*         0x00007232        0x2 
 .text.get_tc_index
                0x00007234       0x50 hpl/tc/hpl_tc.o
 .text._tc_timer_set_irq
                0x00007284       0x28 hpl/tc/hpl_tc.o
                0x00007284                _tc_timer_set_irq
 .text._tc_timer_stop
                0x000072ac       0x14 hpl/tc/hpl_tc.o
                0x000072ac                _tc_timer_stop
 .text._tc_timer_deinit
                0x000072c0       0x4c hpl/tc/hpl_tc.o
                0x000072c0                _tc_timer_deinit
 .text._tc_timer_init
                0x0000730c      0x150 hpl/tc/hpl_tc.o
                0x0000730c                _tc_timer_init
 .text._tc_timer_set_period
                0x0000745c       0x3c hpl/tc/hpl_tc.o
                0x0000745c                _tc_timer_set_period
 .text._tc_get_timer
                0x00007498        0x8 hpl/tc/hpl_tc.o
                0x00007498                _tc_get_timer
 .text.TC0_Handler
                0x000074a0       0x10 hpl/tc/hpl_tc.o
                0x000074a0                TC0_Handler
 .text.TC1_Handler
                0x000074b0       0x10 hpl/tc/hpl_tc.o
                0x000074b0                TC1_Handler
 .text.TC2_Handler
                0x000074c0       0x10 hpl/tc/hpl_tc.o
                0x000074c0                TC2_Handler
 .text.TC3_Handler
                0x000074d0       0x10 hpl/tc/hpl_tc.o
                0x000074d0                TC3_Handler
 .text._dummy_func_no_return
                0x000074e0        0x4 hpl/usb/hpl_usb.o
 .text._usb_d_dev_wait_dfll_rdy
                0x000074e4       0x24 hpl/usb/hpl_usb.o
 .text._usb_d_dev_ept
                0x00007508       0x18 hpl/usb/hpl_usb.o
 .text._usb_d_dev_handle_setup
                0x00007520       0x84 hpl/usb/hpl_usb.o
 .text._usb_d_dev_handle_stall
                0x000075a4       0x28 hpl/usb/hpl_usb.o
 .text._usb_d_dev_trans_done
                0x000075cc       0x24 hpl/usb/hpl_usb.o
 .text._usb_d_dev_trans_stop
                0x000075f0       0x64 hpl/usb/hpl_usb.o
 .text._usb_d_dev_handle_trfail
                0x00007654       0xec hpl/usb/hpl_usb.o
 .text._usb_d_dev_reset_epts
                0x00007740       0x3c hpl/usb/hpl_usb.o
 .text._usb_d_dev_in_next
                0x0000777c      0x158 hpl/usb/hpl_usb.o
 .text._usb_d_dev_out_next
                0x000078d4      0x1ac hpl/usb/hpl_usb.o
 .text._usb_d_dev_handler
                0x00007a80      0x1dc hpl/usb/hpl_usb.o
 .text._usbd_ep_pcksize_size
                0x00007c5c       0x3e hpl/usb/hpl_usb.o
 *fill*         0x00007c9a        0x2 
 .text._usb_d_dev_init
                0x00007c9c       0xe8 hpl/usb/hpl_usb.o
                0x00007c9c                _usb_d_dev_init
 .text._usb_d_dev_enable
                0x00007d84       0x5c hpl/usb/hpl_usb.o
                0x00007d84                _usb_d_dev_enable
 .text._usb_d_dev_attach
                0x00007de0       0x12 hpl/usb/hpl_usb.o
                0x00007de0                _usb_d_dev_attach
 .text._usb_d_dev_set_address
                0x00007df2        0xc hpl/usb/hpl_usb.o
                0x00007df2                _usb_d_dev_set_address
 *fill*         0x00007dfe        0x2 
 .text._usb_d_dev_ep_init
                0x00007e00       0xc0 hpl/usb/hpl_usb.o
                0x00007e00                _usb_d_dev_ep_init
 .text._usb_d_dev_ep_deinit
                0x00007ec0       0x84 hpl/usb/hpl_usb.o
                0x00007ec0                _usb_d_dev_ep_deinit
 .text._usb_d_dev_ep_enable
                0x00007f44      0x17c hpl/usb/hpl_usb.o
                0x00007f44                _usb_d_dev_ep_enable
 .text._usb_d_dev_ep_stall
                0x000080c0       0xe4 hpl/usb/hpl_usb.o
                0x000080c0                _usb_d_dev_ep_stall
 .text._usb_d_dev_ep_read_req
                0x000081a4       0x54 hpl/usb/hpl_usb.o
                0x000081a4                _usb_d_dev_ep_read_req
 .text._usb_d_dev_ep_trans
                0x000081f8      0x108 hpl/usb/hpl_usb.o
                0x000081f8                _usb_d_dev_ep_trans
 .text._usb_d_dev_register_callback
                0x00008300       0x24 hpl/usb/hpl_usb.o
                0x00008300                _usb_d_dev_register_callback
 .text._usb_d_dev_register_ep_callback
                0x00008324       0x2c hpl/usb/hpl_usb.o
                0x00008324                _usb_d_dev_register_ep_callback
 .text.USB_0_Handler
                0x00008350        0x8 hpl/usb/hpl_usb.o
                0x00008350                USB_0_Handler
 .text.USB_1_Handler
                0x00008358        0x8 hpl/usb/hpl_usb.o
                0x00008358                USB_1_Handler
 .text.USB_2_Handler
                0x00008360        0x8 hpl/usb/hpl_usb.o
                0x00008360                USB_2_Handler
 .text.USB_3_Handler
                0x00008368        0x8 hpl/usb/hpl_usb.o
                0x00008368                USB_3_Handler
 .text.convert_cb_ADC_0
                0x00008370        0xc main.o
 .text.tx_complete_cb_GRID_LED
                0x0000837c        0xc main.o
 .text.RTC_Scheduler_tick_cb
                0x00008388       0x1c main.o
 .text.RTC_Scheduler_report_cb
                0x000083a4       0x1c main.o
 .text.RTC_Scheduler_ping_cb
                0x000083c0       0x10 main.o
 .text._gpio_get_level
                0x000083d0       0x34 main.o
 .text.gpio_set_pin_pull_mode.constprop.4
                0x00008404       0x28 main.o
 .text.grid_led_set_color
                0x0000842c       0x38 main.o
                0x0000842c                grid_led_set_color
 .text.grid_led_tick
                0x00008464       0x40 main.o
                0x00008464                grid_led_tick
 .text.grid_led_set_min
                0x000084a4       0x28 main.o
                0x000084a4                grid_led_set_min
 .text.grid_led_set_mid
                0x000084cc       0x28 main.o
                0x000084cc                grid_led_set_mid
 .text.grid_led_set_max
                0x000084f4       0x28 main.o
                0x000084f4                grid_led_set_max
 .text.grid_led_set_phase
                0x0000851c       0x20 main.o
                0x0000851c                grid_led_set_phase
 .text.grid_led_set_frequency
                0x0000853c       0x20 main.o
                0x0000853c                grid_led_set_frequency
 .text.grid_led_init
                0x0000855c      0x1a8 main.o
                0x0000855c                grid_led_init
 .text.grid_led_render
                0x00008704       0xb4 main.o
                0x00008704                grid_led_render
 .text.grid_led_render_all
                0x000087b8       0x20 main.o
                0x000087b8                grid_led_render_all
 .text.grid_ain_channel_init
                0x000087d8       0x34 main.o
                0x000087d8                grid_ain_channel_init
 .text.grid_ain_init
                0x0000880c       0x4c main.o
                0x0000880c                grid_ain_init
 .text.grid_ain_add_sample
                0x00008858       0xd0 main.o
                0x00008858                grid_ain_add_sample
 .text.convert_cb_ADC_1
                0x00008928      0x138 main.o
 .text.grid_ain_get_changed
                0x00008a60       0x14 main.o
                0x00008a60                grid_ain_get_changed
 .text.grid_ain_get_average
                0x00008a74       0x18 main.o
                0x00008a74                grid_ain_get_average
 .text.grid_tel_event_register
                0x00008a8c       0x40 main.o
                0x00008a8c                grid_tel_event_register
 .text.grid_tel_calculate_event_frequency
                0x00008acc       0x1e main.o
                0x00008acc                grid_tel_calculate_event_frequency
 *fill*         0x00008aea        0x2 
 .text.grid_tel_frequency_tick
                0x00008aec       0x20 main.o
                0x00008aec                grid_tel_frequency_tick
 .text.grid_sys_error_intensity
                0x00008b0c       0x4a main.o
                0x00008b0c                grid_sys_error_intensity
 .text.grid_sys_read_hex_char_value
                0x00008b56       0x28 main.o
                0x00008b56                grid_sys_read_hex_char_value
 *fill*         0x00008b7e        0x2 
 .text.grid_sys_read_hex_string_value
                0x00008b80       0x30 main.o
                0x00008b80                grid_sys_read_hex_string_value
 .text.grid_sys_get_hwcfg
                0x00008bb0       0xc0 main.o
                0x00008bb0                grid_sys_get_hwcfg
 .text.tx_cb_USART_GRID
                0x00008c70       0x2c main.o
                0x00008c70                tx_cb_USART_GRID
 .text.tx_cb_USART_GRID_W
                0x00008c9c       0x10 main.o
 .text.tx_cb_USART_GRID_S
                0x00008cac       0x10 main.o
 .text.tx_cb_USART_GRID_E
                0x00008cbc       0x10 main.o
 .text.tx_cb_USART_GRID_N
                0x00008ccc       0x10 main.o
 .text.grid_sys_calculate_checksum
                0x00008cdc       0x14 main.o
                0x00008cdc                grid_sys_calculate_checksum
 .text.grid_buffer_init
                0x00008cf0       0x44 main.o
                0x00008cf0                grid_buffer_init
 .text.grid_buffer_write_size
                0x00008d34       0x14 main.o
                0x00008d34                grid_buffer_write_size
 .text.grid_buffer_write_init
                0x00008d48       0x2c main.o
                0x00008d48                grid_buffer_write_init
 .text.grid_buffer_write_character
                0x00008d74       0x1c main.o
                0x00008d74                grid_buffer_write_character
 .text.grid_buffer_write_acknowledge
                0x00008d90       0x10 main.o
                0x00008d90                grid_buffer_write_acknowledge
 .text.grid_sys_ping
                0x00008da0       0xa4 main.o
                0x00008da0                grid_sys_ping
 .text.grid_sys_ping_all
                0x00008e44       0x30 main.o
                0x00008e44                grid_sys_ping_all
 .text.grid_buffer_read_size
                0x00008e74       0x4c main.o
                0x00008e74                grid_buffer_read_size
 .text.grid_buffer_read_init
                0x00008ec0       0x5c main.o
                0x00008ec0                grid_buffer_read_init
 .text.grid_buffer_read_character
                0x00008f1c       0x24 main.o
                0x00008f1c                grid_buffer_read_character
 .text.grid_buffer_read_acknowledge
                0x00008f40       0x10 main.o
                0x00008f40                grid_buffer_read_acknowledge
 .text.grid_port_init
                0x00008f50       0x58 main.o
                0x00008f50                grid_port_init
 .text.grid_port_init_all
                0x00008fa8       0xd0 main.o
                0x00008fa8                grid_port_init_all
 .text.grid_port_process_inbound
                0x00009078      0x168 main.o
                0x00009078                grid_port_process_inbound
 .text.grid_port_process_outbound_usb
                0x000091e0       0x68 main.o
                0x000091e0                grid_port_process_outbound_usb
 .text.grid_port_process_outbound_ui
                0x00009248       0x48 main.o
                0x00009248                grid_port_process_outbound_ui
 .text.grid_port_process_outbound_usart
                0x00009290       0x68 main.o
                0x00009290                grid_port_process_outbound_usart
 .text.grid_sys_port_reset_dma
                0x000092f8       0x20 main.o
                0x000092f8                grid_sys_port_reset_dma
 .text.RTC_Scheduler_rx_task_cb
                0x00009318      0x2e8 main.o
 .text.DMA_NORTH_RX_cb
                0x00009600       0x10 main.o
                0x00009600                DMA_NORTH_RX_cb
 .text.DMA_EAST_RX_cb
                0x00009610       0x10 main.o
                0x00009610                DMA_EAST_RX_cb
 .text.DMA_SOUTH_RX_cb
                0x00009620       0x10 main.o
                0x00009620                DMA_SOUTH_RX_cb
 .text.DMA_WEST_RX_cb
                0x00009630       0x10 main.o
                0x00009630                DMA_WEST_RX_cb
 .text.grid_sys_uart_init
                0x00009640       0xb4 main.o
                0x00009640                grid_sys_uart_init
 .text.TIMER_RX_TIMEOUT_cb
                0x000096f4      0x12c main.o
                0x000096f4                TIMER_RX_TIMEOUT_cb
 .text.TIMER_WEST_RX_TIMEOUT_cb
                0x00009820       0x18 main.o
 .text.TIMER_SOUTH_RX_TIMEOUT_cb
                0x00009838       0x18 main.o
 .text.TIMER_EAST_RX_TIMEOUT_cb
                0x00009850       0x18 main.o
 .text.TIMER_NORTH_RX_TIMEOUT_cb
                0x00009868       0x18 main.o
 .text.grid_rx_timout_init_one
                0x00009880       0x24 main.o
                0x00009880                grid_rx_timout_init_one
 .text.grid_rx_timout_init
                0x000098a4       0x5c main.o
                0x000098a4                grid_rx_timout_init
 .text.grid_rx_dma_init_one
                0x00009900       0x64 main.o
                0x00009900                grid_rx_dma_init_one
 .text.grid_rx_dma_init
                0x00009964       0x58 main.o
                0x00009964                grid_rx_dma_init
 .text.grid_module_init
                0x000099bc      0x248 main.o
                0x000099bc                grid_module_init
 .text.init_timer
                0x00009c04       0x94 main.o
                0x00009c04                init_timer
 .text.startup.main
                0x00009c98      0x678 main.o
                0x00009c98                main
 .text.cdcdf_acm_req
                0x0000a310       0xdc usb/class/cdc/device/cdcdf_acm.o
 .text.cdcdf_acm_ctrl
                0x0000a3ec      0x138 usb/class/cdc/device/cdcdf_acm.o
 .text.cdcdf_acm_init
                0x0000a524       0x44 usb/class/cdc/device/cdcdf_acm.o
                0x0000a524                cdcdf_acm_init
 .text.cdcdf_acm_write
                0x0000a568       0x2c usb/class/cdc/device/cdcdf_acm.o
                0x0000a568                cdcdf_acm_write
 .text.hid_keyboard_req
                0x0000a594       0x88 usb/class/hid/device/hiddf_keyboard.o
 .text.hid_keyboard_ctrl
                0x0000a61c      0x110 usb/class/hid/device/hiddf_keyboard.o
 .text.hiddf_keyboard_init
                0x0000a72c       0x44 usb/class/hid/device/hiddf_keyboard.o
                0x0000a72c                hiddf_keyboard_init
 .text.hiddf_keyboard_keys_state_change
                0x0000a770       0x8c usb/class/hid/device/hiddf_keyboard.o
                0x0000a770                hiddf_keyboard_keys_state_change
 .text.hid_mouse_req
                0x0000a7fc       0x88 usb/class/hid/device/hiddf_mouse.o
 .text.hid_mouse_ctrl
                0x0000a884       0xe4 usb/class/hid/device/hiddf_mouse.o
 .text.hiddf_mouse_init
                0x0000a968       0x44 usb/class/hid/device/hiddf_mouse.o
                0x0000a968                hiddf_mouse_init
 .text.hiddf_mouse_move
                0x0000a9ac       0x48 usb/class/hid/device/hiddf_mouse.o
                0x0000a9ac                hiddf_mouse_move
 .text.audio_midi_req
                0x0000a9f4       0x78 usb/class/midi/device/audiodf_midi.o
 .text.audio_midi_ctrl
                0x0000aa6c      0x134 usb/class/midi/device/audiodf_midi.o
 .text.audiodf_midi_init
                0x0000aba0       0x44 usb/class/midi/device/audiodf_midi.o
                0x0000aba0                audiodf_midi_init
 .text.usbdc_unconfig
                0x0000abe4       0x1c usb/device/usbdc.o
 .text.usbdc_change_notify
                0x0000ac00       0x20 usb/device/usbdc.o
 .text.usbdc_request_handler
                0x0000ac20       0x38 usb/device/usbdc.o
 .text.usbd_sof_cb
                0x0000ac58       0x18 usb/device/usbdc.o
 .text.usbdc_cb_ctl_done
                0x0000ac70       0x68 usb/device/usbdc.o
 .text.usbdc_reset
                0x0000acd8       0x5c usb/device/usbdc.o
                0x0000acd8                usbdc_reset
 .text.usbd_event_cb
                0x0000ad34       0x18 usb/device/usbdc.o
 .text.usbdc_xfer
                0x0000ad4c       0x20 usb/device/usbdc.o
                0x0000ad4c                usbdc_xfer
 .text.usbdc_cb_ctl_req
                0x0000ad6c      0x328 usb/device/usbdc.o
 .text.usbdc_register_handler
                0x0000b094       0x2c usb/device/usbdc.o
                0x0000b094                usbdc_register_handler
 .text.usbdc_init
                0x0000b0c0       0x44 usb/device/usbdc.o
                0x0000b0c0                usbdc_init
 .text.usbdc_register_function
                0x0000b104       0x10 usb/device/usbdc.o
                0x0000b104                usbdc_register_function
 .text.usbdc_start
                0x0000b114       0x34 usb/device/usbdc.o
                0x0000b114                usbdc_start
 .text.usbdc_attach
                0x0000b148        0x8 usb/device/usbdc.o
                0x0000b148                usbdc_attach
 .text.usbdc_get_ctrl_buffer
                0x0000b150        0xc usb/device/usbdc.o
                0x0000b150                usbdc_get_ctrl_buffer
 .text.usbdc_get_state
                0x0000b15c       0x14 usb/device/usbdc.o
                0x0000b15c                usbdc_get_state
 .text.usb_find_desc
                0x0000b170       0x1a usb/usb_protocol.o
                0x0000b170                usb_find_desc
 .text.usb_find_ep_desc
                0x0000b18a       0x1c usb/usb_protocol.o
                0x0000b18a                usb_find_ep_desc
 *fill*         0x0000b1a6        0x2 
 .text.usb_find_cfg_desc
                0x0000b1a8       0x3c usb/usb_protocol.o
                0x0000b1a8                usb_find_cfg_desc
 .text.usb_find_str_desc
                0x0000b1e4       0x30 usb/usb_protocol.o
                0x0000b1e4                usb_find_str_desc
 .text.gpio_get_pin_level
                0x0000b214       0x48 usb_start.o
 .text.hiddf_demo_sof_event
                0x0000b25c       0x78 usb_start.o
 .text.composite_device_init
                0x0000b2d4       0x2c usb_start.o
                0x0000b2d4                composite_device_init
 .text.composite_device_start
                0x0000b300       0x1c usb_start.o
                0x0000b300                composite_device_start
 .text.usb_init
                0x0000b31c        0x8 usb_start.o
                0x0000b31c                usb_init
 .text.__libc_init_array
                0x0000b324       0x48 c:/program files (x86)/atmel/studio/7.0/toolchain/arm/arm-gnu-toolchain/bin/../lib/gcc/arm-none-eabi/6.3.1/../../../../arm-none-eabi/lib/thumb/v7e-m\libc_nano.a(lib_a-init.o)
                0x0000b324                __libc_init_array
 .text.malloc   0x0000b36c       0x10 c:/program files (x86)/atmel/studio/7.0/toolchain/arm/arm-gnu-toolchain/bin/../lib/gcc/arm-none-eabi/6.3.1/../../../../arm-none-eabi/lib/thumb/v7e-m\libc_nano.a(lib_a-malloc.o)
                0x0000b36c                malloc
 .text.memcpy   0x0000b37c       0x16 c:/program files (x86)/atmel/studio/7.0/toolchain/arm/arm-gnu-toolchain/bin/../lib/gcc/arm-none-eabi/6.3.1/../../../../arm-none-eabi/lib/thumb/v7e-m\libc_nano.a(lib_a-memcpy-stub.o)
                0x0000b37c                memcpy
 .text.memset   0x0000b392       0x10 c:/program files (x86)/atmel/studio/7.0/toolchain/arm/arm-gnu-toolchain/bin/../lib/gcc/arm-none-eabi/6.3.1/../../../../arm-none-eabi/lib/thumb/v7e-m\libc_nano.a(lib_a-memset.o)
                0x0000b392                memset
 *fill*         0x0000b3a2        0x2 
 .text._free_r  0x0000b3a4       0x9c c:/program files (x86)/atmel/studio/7.0/toolchain/arm/arm-gnu-toolchain/bin/../lib/gcc/arm-none-eabi/6.3.1/../../../../arm-none-eabi/lib/thumb/v7e-m\libc_nano.a(lib_a-nano-freer.o)
                0x0000b3a4                _free_r
 .text._malloc_r
                0x0000b440       0xbc c:/program files (x86)/atmel/studio/7.0/toolchain/arm/arm-gnu-toolchain/bin/../lib/gcc/arm-none-eabi/6.3.1/../../../../arm-none-eabi/lib/thumb/v7e-m\libc_nano.a(lib_a-nano-mallocr.o)
                0x0000b440                _malloc_r
 .text.random   0x0000b4fc       0x74 c:/program files (x86)/atmel/studio/7.0/toolchain/arm/arm-gnu-toolchain/bin/../lib/gcc/arm-none-eabi/6.3.1/../../../../arm-none-eabi/lib/thumb/v7e-m\libc_nano.a(lib_a-random.o)
                0x0000b4fc                random
 .text._sbrk_r  0x0000b570       0x20 c:/program files (x86)/atmel/studio/7.0/toolchain/arm/arm-gnu-toolchain/bin/../lib/gcc/arm-none-eabi/6.3.1/../../../../arm-none-eabi/lib/thumb/v7e-m\libc_nano.a(lib_a-sbrkr.o)
                0x0000b570                _sbrk_r
 .text.sprintf  0x0000b590       0x48 c:/program files (x86)/atmel/studio/7.0/toolchain/arm/arm-gnu-toolchain/bin/../lib/gcc/arm-none-eabi/6.3.1/../../../../arm-none-eabi/lib/thumb/v7e-m\libc_nano.a(lib_a-sprintf.o)
                0x0000b590                siprintf
                0x0000b590                sprintf
 .text          0x0000b5d8       0x10 c:/program files (x86)/atmel/studio/7.0/toolchain/arm/arm-gnu-toolchain/bin/../lib/gcc/arm-none-eabi/6.3.1/../../../../arm-none-eabi/lib/thumb/v7e-m\libc_nano.a(lib_a-strlen.o)
                0x0000b5d8                strlen
 .text.__malloc_lock
                0x0000b5e8        0x2 c:/program files (x86)/atmel/studio/7.0/toolchain/arm/arm-gnu-toolchain/bin/../lib/gcc/arm-none-eabi/6.3.1/../../../../arm-none-eabi/lib/thumb/v7e-m\libc_nano.a(lib_a-mlock.o)
                0x0000b5e8                __malloc_lock
 .text.__malloc_unlock
                0x0000b5ea        0x2 c:/program files (x86)/atmel/studio/7.0/toolchain/arm/arm-gnu-toolchain/bin/../lib/gcc/arm-none-eabi/6.3.1/../../../../arm-none-eabi/lib/thumb/v7e-m\libc_nano.a(lib_a-mlock.o)
                0x0000b5ea                __malloc_unlock
 .text.__ssputs_r
                0x0000b5ec       0xb6 c:/program files (x86)/atmel/studio/7.0/toolchain/arm/arm-gnu-toolchain/bin/../lib/gcc/arm-none-eabi/6.3.1/../../../../arm-none-eabi/lib/thumb/v7e-m\libc_nano.a(lib_a-nano-svfprintf.o)
                0x0000b5ec                __ssputs_r
 *fill*         0x0000b6a2        0x2 
 .text._svfprintf_r
                0x0000b6a4      0x1e8 c:/program files (x86)/atmel/studio/7.0/toolchain/arm/arm-gnu-toolchain/bin/../lib/gcc/arm-none-eabi/6.3.1/../../../../arm-none-eabi/lib/thumb/v7e-m\libc_nano.a(lib_a-nano-svfprintf.o)
                0x0000b6a4                _svfiprintf_r
                0x0000b6a4                _svfprintf_r
 .text._printf_common
                0x0000b88c       0xec c:/program files (x86)/atmel/studio/7.0/toolchain/arm/arm-gnu-toolchain/bin/../lib/gcc/arm-none-eabi/6.3.1/../../../../arm-none-eabi/lib/thumb/v7e-m\libc_nano.a(lib_a-nano-vfprintf_i.o)
                0x0000b88c                _printf_common
 .text._printf_i
                0x0000b978      0x240 c:/program files (x86)/atmel/studio/7.0/toolchain/arm/arm-gnu-toolchain/bin/../lib/gcc/arm-none-eabi/6.3.1/../../../../arm-none-eabi/lib/thumb/v7e-m\libc_nano.a(lib_a-nano-vfprintf_i.o)
                0x0000b978                _printf_i
 *fill*         0x0000bbb8        0x8 
 .text          0x0000bbc0       0xa0 c:/program files (x86)/atmel/studio/7.0/toolchain/arm/arm-gnu-toolchain/bin/../lib/gcc/arm-none-eabi/6.3.1/../../../../arm-none-eabi/lib/thumb/v7e-m\libc_nano.a(lib_a-memchr.o)
                0x0000bbc0                memchr
 .text.memmove  0x0000bc60       0x34 c:/program files (x86)/atmel/studio/7.0/toolchain/arm/arm-gnu-toolchain/bin/../lib/gcc/arm-none-eabi/6.3.1/../../../../arm-none-eabi/lib/thumb/v7e-m\libc_nano.a(lib_a-memmove.o)
                0x0000bc60                memmove
 .text._realloc_r
                0x0000bc94       0x4c c:/program files (x86)/atmel/studio/7.0/toolchain/arm/arm-gnu-toolchain/bin/../lib/gcc/arm-none-eabi/6.3.1/../../../../arm-none-eabi/lib/thumb/v7e-m\libc_nano.a(lib_a-nano-reallocr.o)
                0x0000bc94                _realloc_r
 .text._malloc_usable_size_r
                0x0000bce0       0x12 c:/program files (x86)/atmel/studio/7.0/toolchain/arm/arm-gnu-toolchain/bin/../lib/gcc/arm-none-eabi/6.3.1/../../../../arm-none-eabi/lib/thumb/v7e-m\libc_nano.a(lib_a-nano-msizer.o)
                0x0000bce0                _malloc_usable_size_r
 *(.glue_7t)
 .glue_7t       0x0000bcf2        0x0 linker stubs
 *(.glue_7)
 .glue_7        0x0000bcf2        0x0 linker stubs
 *(.rodata .rodata* .gnu.linkonce.r.*)
 .rodata        0x0000bcf2       0x2c hpl/adc/hpl_adc.o
 *fill*         0x0000bd1e        0x2 
 .rodata        0x0000bd20      0x100 hpl/dmac/hpl_dmac.o
 .rodata        0x0000be20      0x104 hpl/evsys/hpl_evsys.o
 .rodata        0x0000bf24       0xd4 hpl/sercom/hpl_sercom.o
 .rodata        0x0000bff8       0x70 hpl/tc/hpl_tc.o
 .rodata        0x0000c068       0x48 hpl/usb/hpl_usb.o
 .rodata        0x0000c0b0      0x102 main.o
                0x0000c0b0                grid_module_mux_lookup
                0x0000c1af                grid_module_din_buffer_size
                0x0000c1b0                grid_module_ain_buffer_size
                0x0000c1b1                grid_module_led_buffer_size
 .rodata.str1.1
                0x0000c1b2       0x53 main.o
                                 0x56 (size before relaxing)
 .rodata        0x0000c205       0x3b usb/class/hid/device/hiddf_keyboard.o
                0x0000c205                keyboard_report_desc
 .rodata        0x0000c240       0x34 usb/class/hid/device/hiddf_mouse.o
                0x0000c240                mouse_report_desc
 .rodata.__sf_fake_stderr
                0x0000c274       0x20 c:/program files (x86)/atmel/studio/7.0/toolchain/arm/arm-gnu-toolchain/bin/../lib/gcc/arm-none-eabi/6.3.1/../../../../arm-none-eabi/lib/thumb/v7e-m\libc_nano.a(lib_a-findfp.o)
                0x0000c274                __sf_fake_stderr
 .rodata.__sf_fake_stdin
                0x0000c294       0x20 c:/program files (x86)/atmel/studio/7.0/toolchain/arm/arm-gnu-toolchain/bin/../lib/gcc/arm-none-eabi/6.3.1/../../../../arm-none-eabi/lib/thumb/v7e-m\libc_nano.a(lib_a-findfp.o)
                0x0000c294                __sf_fake_stdin
 .rodata.__sf_fake_stdout
                0x0000c2b4       0x20 c:/program files (x86)/atmel/studio/7.0/toolchain/arm/arm-gnu-toolchain/bin/../lib/gcc/arm-none-eabi/6.3.1/../../../../arm-none-eabi/lib/thumb/v7e-m\libc_nano.a(lib_a-findfp.o)
                0x0000c2b4                __sf_fake_stdout
 .rodata._svfprintf_r.str1.1
                0x0000c2d4       0x11 c:/program files (x86)/atmel/studio/7.0/toolchain/arm/arm-gnu-toolchain/bin/../lib/gcc/arm-none-eabi/6.3.1/../../../../arm-none-eabi/lib/thumb/v7e-m\libc_nano.a(lib_a-nano-svfprintf.o)
 .rodata._printf_i.str1.1
                0x0000c2e5       0x22 c:/program files (x86)/atmel/studio/7.0/toolchain/arm/arm-gnu-toolchain/bin/../lib/gcc/arm-none-eabi/6.3.1/../../../../arm-none-eabi/lib/thumb/v7e-m\libc_nano.a(lib_a-nano-vfprintf_i.o)
 *(.ARM.extab* .gnu.linkonce.armextab.*)
                0x0000c308                . = ALIGN (0x4)
 *fill*         0x0000c307        0x1 
 *(.init)
 .init          0x0000c308        0x4 c:/program files (x86)/atmel/studio/7.0/toolchain/arm/arm-gnu-toolchain/bin/../lib/gcc/arm-none-eabi/6.3.1/thumb/v7e-m/crti.o
                0x0000c308                _init
 .init          0x0000c30c        0x8 c:/program files (x86)/atmel/studio/7.0/toolchain/arm/arm-gnu-toolchain/bin/../lib/gcc/arm-none-eabi/6.3.1/thumb/v7e-m/crtn.o
                0x0000c314                . = ALIGN (0x4)
                0x0000c314                __preinit_array_start = .
 *(.preinit_array)
                0x0000c314                __preinit_array_end = .
                0x0000c314                . = ALIGN (0x4)
                0x0000c314                __init_array_start = .
 *(SORT(.init_array.*))
 *(.init_array)
 .init_array    0x0000c314        0x4 c:/program files (x86)/atmel/studio/7.0/toolchain/arm/arm-gnu-toolchain/bin/../lib/gcc/arm-none-eabi/6.3.1/thumb/v7e-m/crtbegin.o
                0x0000c318                __init_array_end = .
                0x0000c318                . = ALIGN (0x4)
 *crtbegin.o(.ctors)
 *(EXCLUDE_FILE(*crtend.o) .ctors)
 *(SORT(.ctors.*))
 *crtend.o(.ctors)
                0x0000c318                . = ALIGN (0x4)
 *(.fini)
 .fini          0x0000c318        0x4 c:/program files (x86)/atmel/studio/7.0/toolchain/arm/arm-gnu-toolchain/bin/../lib/gcc/arm-none-eabi/6.3.1/thumb/v7e-m/crti.o
                0x0000c318                _fini
 .fini          0x0000c31c        0x8 c:/program files (x86)/atmel/studio/7.0/toolchain/arm/arm-gnu-toolchain/bin/../lib/gcc/arm-none-eabi/6.3.1/thumb/v7e-m/crtn.o
                0x0000c324                . = ALIGN (0x4)
                0x0000c324                __fini_array_start = .
 *(.fini_array)
 .fini_array    0x0000c324        0x4 c:/program files (x86)/atmel/studio/7.0/toolchain/arm/arm-gnu-toolchain/bin/../lib/gcc/arm-none-eabi/6.3.1/thumb/v7e-m/crtbegin.o
 *(SORT(.fini_array.*))
                0x0000c328                __fini_array_end = .
 *crtbegin.o(.dtors)
 *(EXCLUDE_FILE(*crtend.o) .dtors)
 *(SORT(.dtors.*))
 *crtend.o(.dtors)
                0x0000c328                . = ALIGN (0x4)
                0x0000c328                _efixed = .
                [!provide]                PROVIDE (__exidx_start, .)

.vfp11_veneer   0x0000c328        0x0
 .vfp11_veneer  0x0000c328        0x0 linker stubs

.v4_bx          0x0000c328        0x0
 .v4_bx         0x0000c328        0x0 linker stubs

.iplt           0x0000c328        0x0
 .iplt          0x0000c328        0x0 c:/program files (x86)/atmel/studio/7.0/toolchain/arm/arm-gnu-toolchain/bin/../lib/gcc/arm-none-eabi/6.3.1/thumb/v7e-m/crtbegin.o

.eh_frame       0x0000c328        0x0
 .eh_frame      0x0000c328        0x0 c:/program files (x86)/atmel/studio/7.0/toolchain/arm/arm-gnu-toolchain/bin/../lib/gcc/arm-none-eabi/6.3.1/thumb/v7e-m/crtbegin.o

.rel.dyn        0x0000c328        0x0
 .rel.iplt      0x0000c328        0x0 c:/program files (x86)/atmel/studio/7.0/toolchain/arm/arm-gnu-toolchain/bin/../lib/gcc/arm-none-eabi/6.3.1/thumb/v7e-m/crtbegin.o

.jcr            0x0000c328        0x0
 .jcr           0x0000c328        0x0 c:/program files (x86)/atmel/studio/7.0/toolchain/arm/arm-gnu-toolchain/bin/../lib/gcc/arm-none-eabi/6.3.1/thumb/v7e-m/crtbegin.o

.igot.plt       0x0000c328        0x0
 .igot.plt      0x0000c328        0x0 c:/program files (x86)/atmel/studio/7.0/toolchain/arm/arm-gnu-toolchain/bin/../lib/gcc/arm-none-eabi/6.3.1/thumb/v7e-m/crtbegin.o

.ARM.exidx
 *(.ARM.exidx* .gnu.linkonce.armexidx.*)
                [!provide]                PROVIDE (__exidx_end, .)
                0x0000c328                . = ALIGN (0x4)
                0x0000c328                _etext = .

.relocate       0x20000000      0x4c8 load address 0x0000c328
                0x20000000                . = ALIGN (0x4)
                0x20000000                _srelocate = .
 *(.ramfunc .ramfunc.*)
 *(.data .data.*)
 .data          0x20000000       0x20 hpl/rtc/hpl_rtc.o
 .data          0x20000020       0x20 hpl/tc/hpl_tc.o
 .data          0x20000040      0x310 main.o
                0x20000040                min_lookup
                0x20000140                mid_lookup
                0x20000240                max_lookup
                0x20000340                grid_sys_hwfcg
 .data          0x20000350        0x8 usb/class/cdc/device/cdcdf_acm.o
 .data          0x20000358        0x8 usb/class/hid/device/hiddf_keyboard.o
 .data          0x20000360        0x8 usb/class/hid/device/hiddf_mouse.o
 .data          0x20000368        0x8 usb/class/midi/device/audiodf_midi.o
 .data          0x20000370       0xf2 usb_start.o
 *fill*         0x20000462        0x2 
 .data._impure_ptr
                0x20000464        0x4 c:/program files (x86)/atmel/studio/7.0/toolchain/arm/arm-gnu-toolchain/bin/../lib/gcc/arm-none-eabi/6.3.1/../../../../arm-none-eabi/lib/thumb/v7e-m\libc_nano.a(lib_a-impure.o)
                0x20000464                _impure_ptr
 .data.impure_data
                0x20000468       0x60 c:/program files (x86)/atmel/studio/7.0/toolchain/arm/arm-gnu-toolchain/bin/../lib/gcc/arm-none-eabi/6.3.1/../../../../arm-none-eabi/lib/thumb/v7e-m\libc_nano.a(lib_a-impure.o)
                0x200004c8                . = ALIGN (0x4)
                0x200004c8                _erelocate = .

.bkupram        0x47000000        0x0
                0x47000000                . = ALIGN (0x8)
                0x47000000                _sbkupram = .
 *(.bkupram .bkupram.*)
                0x47000000                . = ALIGN (0x8)
                0x47000000                _ebkupram = .

.qspi           0x04000000        0x0
                0x04000000                . = ALIGN (0x8)
                0x04000000                _sqspi = .
 *(.qspi .qspi.*)
                0x04000000                . = ALIGN (0x8)
                0x04000000                _eqspi = .

.bss            0x200004d0     0x25ac load address 0x0000c800
                0x200004d0                . = ALIGN (0x4)
                0x200004d0                _sbss = .
                0x200004d0                _szero = .
 *(.bss .bss.*)
 .bss           0x200004d0       0x1c c:/program files (x86)/atmel/studio/7.0/toolchain/arm/arm-gnu-toolchain/bin/../lib/gcc/arm-none-eabi/6.3.1/thumb/v7e-m/crtbegin.o
 .bss           0x200004ec       0x72 driver_init.o
 *fill*         0x2000055e        0x2 
 .bss           0x20000560        0x4 hal/src/hal_delay.o
 .bss           0x20000564      0x1a0 hal/src/hal_usb_device.o
 .bss           0x20000704        0x4 hal/utils/src/utils_syscalls.o
 .bss           0x20000708        0x8 hpl/adc/hpl_adc.o
 .bss           0x20000710      0x180 hpl/dmac/hpl_dmac.o
 .bss           0x20000890        0x4 hpl/nvmctrl/hpl_nvmctrl.o
 .bss           0x20000894        0x4 hpl/rtc/hpl_rtc.o
 .bss           0x20000898       0x18 hpl/sercom/hpl_sercom.o
 .bss           0x200008b0       0x10 hpl/tc/hpl_tc.o
 .bss           0x200008c0      0x378 hpl/usb/hpl_usb.o
 .bss           0x20000c38      0x534 main.o
                0x20000c40                realtime
                0x20000c44                task_current
                0x20000c48                task_counter
                0x20000c68                reportflag
                0x20000c69                pingflag
                0x20001085                grid_module_mux
                0x20001086                grid_adc_cfg
                0x20001098                grid_tel_event_head
                0x2000109c                grid_sys_tx_counter
                0x200010ac                rx_task_running
                0x200010ad                rx_task_counter
                0x20001150                grid_sys_rx_counter
                0x20001160                grid_sys_ping_counter
                0x20001164                task1flag
                0x20001168                grid_tel_system_uptime
 .bss           0x2000116c       0x24 usb/class/cdc/device/cdcdf_acm.o
 .bss           0x20001190       0x20 usb/class/hid/device/hiddf_keyboard.o
 .bss           0x200011b0       0x18 usb/class/hid/device/hiddf_mouse.o
 .bss           0x200011c8       0x1c usb/class/midi/device/audiodf_midi.o
 .bss           0x200011e4       0x20 usb/device/usbdc.o
 .bss           0x20001204       0x55 usb_start.o
 *fill*         0x20001259        0x3 
 .bss.__malloc_free_list
                0x2000125c        0x4 c:/program files (x86)/atmel/studio/7.0/toolchain/arm/arm-gnu-toolchain/bin/../lib/gcc/arm-none-eabi/6.3.1/../../../../arm-none-eabi/lib/thumb/v7e-m\libc_nano.a(lib_a-nano-mallocr.o)
                0x2000125c                __malloc_free_list
 .bss.__malloc_sbrk_start
                0x20001260        0x4 c:/program files (x86)/atmel/studio/7.0/toolchain/arm/arm-gnu-toolchain/bin/../lib/gcc/arm-none-eabi/6.3.1/../../../../arm-none-eabi/lib/thumb/v7e-m\libc_nano.a(lib_a-nano-mallocr.o)
                0x20001260                __malloc_sbrk_start
 *(COMMON)
 COMMON         0x20001264      0x35c driver_init.o
                0x20001264                UI_SPI
                0x2000127c                RTC_Scheduler
                0x2000129c                TIMER_2
                0x200012bc                FLASH_0
                0x200012d8                CRC_0
                0x200012dc                ADC_1_ch
                0x200012f4                SYS_I2C
                0x20001334                GRID_AUX
                0x20001384                ADC_0
                0x200013b0                USART_EAST
                0x20001400                USART_NORTH
                0x20001450                GRID_LED
                0x2000147c                ADC_0_ch
                0x20001494                TIMER_1
                0x200014b4                USART_WEST
                0x20001504                USART_SOUTH
                0x20001554                ADC_1
                0x20001580                TIMER_3
                0x200015a0                TIMER_0
 COMMON         0x200015c0      0x400 hpl/dmac/hpl_dmac.o
                0x200015c0                _descriptor_section
                0x200017c0                _write_back_section
 COMMON         0x200019c0       0x10 hpl/ramecc/hpl_ramecc.o
                0x200019c0                device
 COMMON         0x200019d0     0x10a8 main.o
                0x200019d0                GRID_PORT_N
                0x20001ba8                led_smart_buffer
                0x20001bac                GRID_PORT_U
                0x20001d84                grid_sys_north_io
                0x20001d88                grid_sys_state
                0x20002174                io
                0x20002178                GRID_PORT_W
                0x20002350                grid_sys_east_io
                0x20002354                GRID_PORT_S
                0x2000252c                grid_sys_south_io
                0x20002530                usb_rx_double_buffer
                0x200025f8                GRID_PORT_H
                0x200027d0                GRID_PORT_E
                0x200029a8                usb_tx_double_buffer
                0x20002a70                grid_sys_west_io
                0x20002a74                io2
 COMMON         0x20002a78        0x4 c:/program files (x86)/atmel/studio/7.0/toolchain/arm/arm-gnu-toolchain/bin/../lib/gcc/arm-none-eabi/6.3.1/../../../../arm-none-eabi/lib/thumb/v7e-m\libc_nano.a(lib_a-reent.o)
                0x20002a78                errno
                0x20002a7c                . = ALIGN (0x4)
                0x20002a7c                _ebss = .
                0x20002a7c                _ezero = .

.stack          0x20002a7c    0x10004 load address 0x0000edac
                0x20002a80                . = ALIGN (0x8)
 *fill*         0x20002a7c        0x4 
                0x20002a80                _sstack = .
                0x20012a80                . = (. + STACK_SIZE)
 *fill*         0x20002a80    0x10000 
                0x20012a80                . = ALIGN (0x8)
                0x20012a80                _estack = .
                0x20012a80                . = ALIGN (0x4)
                0x20012a80                _end = .
OUTPUT(grid_toplevel.elf elf32-littlearm)

.ARM.attributes
                0x00000000       0x2e
 .ARM.attributes
                0x00000000       0x1e c:/program files (x86)/atmel/studio/7.0/toolchain/arm/arm-gnu-toolchain/bin/../lib/gcc/arm-none-eabi/6.3.1/thumb/v7e-m/crti.o
 .ARM.attributes
                0x0000001e       0x2e c:/program files (x86)/atmel/studio/7.0/toolchain/arm/arm-gnu-toolchain/bin/../lib/gcc/arm-none-eabi/6.3.1/thumb/v7e-m/crtbegin.o
 .ARM.attributes
                0x0000004c       0x37 atmel_start.o
 .ARM.attributes
                0x00000083       0x37 Device_Startup/startup_samd51.o
 .ARM.attributes
                0x000000ba       0x37 driver_init.o
 .ARM.attributes
                0x000000f1       0x37 hal/src/hal_adc_async.o
 .ARM.attributes
                0x00000128       0x37 hal/src/hal_atomic.o
 .ARM.attributes
                0x0000015f       0x37 hal/src/hal_crc_sync.o
 .ARM.attributes
                0x00000196       0x37 hal/src/hal_delay.o
 .ARM.attributes
                0x000001cd       0x37 hal/src/hal_evsys.o
 .ARM.attributes
                0x00000204       0x37 hal/src/hal_flash.o
 .ARM.attributes
                0x0000023b       0x37 hal/src/hal_i2c_m_async.o
 .ARM.attributes
                0x00000272       0x37 hal/src/hal_io.o
 .ARM.attributes
                0x000002a9       0x37 hal/src/hal_spi_m_dma.o
 .ARM.attributes
                0x000002e0       0x37 hal/src/hal_spi_m_sync.o
 .ARM.attributes
                0x00000317       0x37 hal/src/hal_timer.o
 .ARM.attributes
                0x0000034e       0x37 hal/src/hal_usart_async.o
 .ARM.attributes
                0x00000385       0x37 hal/src/hal_usb_device.o
 .ARM.attributes
                0x000003bc       0x37 hal/utils/src/utils_list.o
 .ARM.attributes
                0x000003f3       0x37 hal/utils/src/utils_ringbuffer.o
 .ARM.attributes
                0x0000042a       0x37 hal/utils/src/utils_syscalls.o
 .ARM.attributes
                0x00000461       0x37 hpl/adc/hpl_adc.o
 .ARM.attributes
                0x00000498       0x37 hpl/core/hpl_core_m4.o
 .ARM.attributes
                0x000004cf       0x37 hpl/core/hpl_init.o
 .ARM.attributes
                0x00000506       0x37 hpl/dmac/hpl_dmac.o
 .ARM.attributes
                0x0000053d       0x37 hpl/dsu/hpl_dsu.o
 .ARM.attributes
                0x00000574       0x37 hpl/evsys/hpl_evsys.o
 .ARM.attributes
                0x000005ab       0x37 hpl/gclk/hpl_gclk.o
 .ARM.attributes
                0x000005e2       0x37 hpl/mclk/hpl_mclk.o
 .ARM.attributes
                0x00000619       0x37 hpl/nvmctrl/hpl_nvmctrl.o
 .ARM.attributes
                0x00000650       0x37 hpl/osc32kctrl/hpl_osc32kctrl.o
 .ARM.attributes
                0x00000687       0x37 hpl/oscctrl/hpl_oscctrl.o
 .ARM.attributes
                0x000006be       0x37 hpl/ramecc/hpl_ramecc.o
 .ARM.attributes
                0x000006f5       0x37 hpl/rtc/hpl_rtc.o
 .ARM.attributes
                0x0000072c       0x37 hpl/sercom/hpl_sercom.o
 .ARM.attributes
                0x00000763       0x37 hpl/systick/hpl_systick.o
 .ARM.attributes
                0x0000079a       0x37 hpl/tc/hpl_tc.o
 .ARM.attributes
                0x000007d1       0x37 hpl/usb/hpl_usb.o
 .ARM.attributes
                0x00000808       0x37 main.o
 .ARM.attributes
                0x0000083f       0x37 usb/class/cdc/device/cdcdf_acm.o
 .ARM.attributes
                0x00000876       0x37 usb/class/hid/device/hiddf_keyboard.o
 .ARM.attributes
                0x000008ad       0x37 usb/class/hid/device/hiddf_mouse.o
 .ARM.attributes
                0x000008e4       0x37 usb/class/midi/device/audiodf_midi.o
 .ARM.attributes
                0x0000091b       0x37 usb/device/usbdc.o
 .ARM.attributes
                0x00000952       0x37 usb/usb_protocol.o
 .ARM.attributes
                0x00000989       0x37 usb_start.o
 .ARM.attributes
                0x000009c0       0x2e c:/program files (x86)/atmel/studio/7.0/toolchain/arm/arm-gnu-toolchain/bin/../lib/gcc/arm-none-eabi/6.3.1/../../../../arm-none-eabi/lib/thumb/v7e-m\libc_nano.a(lib_a-impure.o)
 .ARM.attributes
                0x000009ee       0x2e c:/program files (x86)/atmel/studio/7.0/toolchain/arm/arm-gnu-toolchain/bin/../lib/gcc/arm-none-eabi/6.3.1/../../../../arm-none-eabi/lib/thumb/v7e-m\libc_nano.a(lib_a-init.o)
 .ARM.attributes
                0x00000a1c       0x2e c:/program files (x86)/atmel/studio/7.0/toolchain/arm/arm-gnu-toolchain/bin/../lib/gcc/arm-none-eabi/6.3.1/../../../../arm-none-eabi/lib/thumb/v7e-m\libc_nano.a(lib_a-malloc.o)
 .ARM.attributes
                0x00000a4a       0x2e c:/program files (x86)/atmel/studio/7.0/toolchain/arm/arm-gnu-toolchain/bin/../lib/gcc/arm-none-eabi/6.3.1/../../../../arm-none-eabi/lib/thumb/v7e-m\libc_nano.a(lib_a-memcpy-stub.o)
 .ARM.attributes
                0x00000a78       0x2e c:/program files (x86)/atmel/studio/7.0/toolchain/arm/arm-gnu-toolchain/bin/../lib/gcc/arm-none-eabi/6.3.1/../../../../arm-none-eabi/lib/thumb/v7e-m\libc_nano.a(lib_a-memset.o)
 .ARM.attributes
                0x00000aa6       0x2e c:/program files (x86)/atmel/studio/7.0/toolchain/arm/arm-gnu-toolchain/bin/../lib/gcc/arm-none-eabi/6.3.1/../../../../arm-none-eabi/lib/thumb/v7e-m\libc_nano.a(lib_a-nano-freer.o)
 .ARM.attributes
                0x00000ad4       0x2e c:/program files (x86)/atmel/studio/7.0/toolchain/arm/arm-gnu-toolchain/bin/../lib/gcc/arm-none-eabi/6.3.1/../../../../arm-none-eabi/lib/thumb/v7e-m\libc_nano.a(lib_a-nano-mallocr.o)
 .ARM.attributes
                0x00000b02       0x2e c:/program files (x86)/atmel/studio/7.0/toolchain/arm/arm-gnu-toolchain/bin/../lib/gcc/arm-none-eabi/6.3.1/../../../../arm-none-eabi/lib/thumb/v7e-m\libc_nano.a(lib_a-random.o)
 .ARM.attributes
                0x00000b30       0x2e c:/program files (x86)/atmel/studio/7.0/toolchain/arm/arm-gnu-toolchain/bin/../lib/gcc/arm-none-eabi/6.3.1/../../../../arm-none-eabi/lib/thumb/v7e-m\libc_nano.a(lib_a-sbrkr.o)
 .ARM.attributes
                0x00000b5e       0x2e c:/program files (x86)/atmel/studio/7.0/toolchain/arm/arm-gnu-toolchain/bin/../lib/gcc/arm-none-eabi/6.3.1/../../../../arm-none-eabi/lib/thumb/v7e-m\libc_nano.a(lib_a-sprintf.o)
 .ARM.attributes
                0x00000b8c       0x17 c:/program files (x86)/atmel/studio/7.0/toolchain/arm/arm-gnu-toolchain/bin/../lib/gcc/arm-none-eabi/6.3.1/../../../../arm-none-eabi/lib/thumb/v7e-m\libc_nano.a(lib_a-strlen.o)
 .ARM.attributes
                0x00000ba3       0x2e c:/program files (x86)/atmel/studio/7.0/toolchain/arm/arm-gnu-toolchain/bin/../lib/gcc/arm-none-eabi/6.3.1/../../../../arm-none-eabi/lib/thumb/v7e-m\libc_nano.a(lib_a-findfp.o)
 .ARM.attributes
                0x00000bd1       0x2e c:/program files (x86)/atmel/studio/7.0/toolchain/arm/arm-gnu-toolchain/bin/../lib/gcc/arm-none-eabi/6.3.1/../../../../arm-none-eabi/lib/thumb/v7e-m\libc_nano.a(lib_a-mlock.o)
 .ARM.attributes
                0x00000bff       0x2e c:/program files (x86)/atmel/studio/7.0/toolchain/arm/arm-gnu-toolchain/bin/../lib/gcc/arm-none-eabi/6.3.1/../../../../arm-none-eabi/lib/thumb/v7e-m\libc_nano.a(lib_a-nano-svfprintf.o)
 .ARM.attributes
                0x00000c2d       0x2e c:/program files (x86)/atmel/studio/7.0/toolchain/arm/arm-gnu-toolchain/bin/../lib/gcc/arm-none-eabi/6.3.1/../../../../arm-none-eabi/lib/thumb/v7e-m\libc_nano.a(lib_a-nano-vfprintf_i.o)
 .ARM.attributes
                0x00000c5b       0x2e c:/program files (x86)/atmel/studio/7.0/toolchain/arm/arm-gnu-toolchain/bin/../lib/gcc/arm-none-eabi/6.3.1/../../../../arm-none-eabi/lib/thumb/v7e-m\libc_nano.a(lib_a-reent.o)
 .ARM.attributes
                0x00000c89       0x1c c:/program files (x86)/atmel/studio/7.0/toolchain/arm/arm-gnu-toolchain/bin/../lib/gcc/arm-none-eabi/6.3.1/../../../../arm-none-eabi/lib/thumb/v7e-m\libc_nano.a(lib_a-memchr.o)
 .ARM.attributes
                0x00000ca5       0x2e c:/program files (x86)/atmel/studio/7.0/toolchain/arm/arm-gnu-toolchain/bin/../lib/gcc/arm-none-eabi/6.3.1/../../../../arm-none-eabi/lib/thumb/v7e-m\libc_nano.a(lib_a-memmove.o)
 .ARM.attributes
                0x00000cd3       0x2e c:/program files (x86)/atmel/studio/7.0/toolchain/arm/arm-gnu-toolchain/bin/../lib/gcc/arm-none-eabi/6.3.1/../../../../arm-none-eabi/lib/thumb/v7e-m\libc_nano.a(lib_a-nano-reallocr.o)
 .ARM.attributes
                0x00000d01       0x2e c:/program files (x86)/atmel/studio/7.0/toolchain/arm/arm-gnu-toolchain/bin/../lib/gcc/arm-none-eabi/6.3.1/../../../../arm-none-eabi/lib/thumb/v7e-m\libc_nano.a(lib_a-nano-msizer.o)
 .ARM.attributes
                0x00000d2f       0x1e c:/program files (x86)/atmel/studio/7.0/toolchain/arm/arm-gnu-toolchain/bin/../lib/gcc/arm-none-eabi/6.3.1/thumb/v7e-m/crtn.o

.comment        0x00000000       0x59
 .comment       0x00000000       0x59 atmel_start.o
                                 0x5a (size before relaxing)
 .comment       0x00000059       0x5a Device_Startup/startup_samd51.o
 .comment       0x00000059       0x5a driver_init.o
 .comment       0x00000059       0x5a hal/src/hal_adc_async.o
 .comment       0x00000059       0x5a hal/src/hal_atomic.o
 .comment       0x00000059       0x5a hal/src/hal_crc_sync.o
 .comment       0x00000059       0x5a hal/src/hal_delay.o
 .comment       0x00000059       0x5a hal/src/hal_evsys.o
 .comment       0x00000059       0x5a hal/src/hal_flash.o
 .comment       0x00000059       0x5a hal/src/hal_i2c_m_async.o
 .comment       0x00000059       0x5a hal/src/hal_io.o
 .comment       0x00000059       0x5a hal/src/hal_spi_m_dma.o
 .comment       0x00000059       0x5a hal/src/hal_spi_m_sync.o
 .comment       0x00000059       0x5a hal/src/hal_timer.o
 .comment       0x00000059       0x5a hal/src/hal_usart_async.o
 .comment       0x00000059       0x5a hal/src/hal_usb_device.o
 .comment       0x00000059       0x5a hal/utils/src/utils_list.o
 .comment       0x00000059       0x5a hal/utils/src/utils_ringbuffer.o
 .comment       0x00000059       0x5a hal/utils/src/utils_syscalls.o
 .comment       0x00000059       0x5a hpl/adc/hpl_adc.o
 .comment       0x00000059       0x5a hpl/core/hpl_core_m4.o
 .comment       0x00000059       0x5a hpl/core/hpl_init.o
 .comment       0x00000059       0x5a hpl/dmac/hpl_dmac.o
 .comment       0x00000059       0x5a hpl/dsu/hpl_dsu.o
 .comment       0x00000059       0x5a hpl/evsys/hpl_evsys.o
 .comment       0x00000059       0x5a hpl/gclk/hpl_gclk.o
 .comment       0x00000059       0x5a hpl/mclk/hpl_mclk.o
 .comment       0x00000059       0x5a hpl/nvmctrl/hpl_nvmctrl.o
 .comment       0x00000059       0x5a hpl/osc32kctrl/hpl_osc32kctrl.o
 .comment       0x00000059       0x5a hpl/oscctrl/hpl_oscctrl.o
 .comment       0x00000059       0x5a hpl/ramecc/hpl_ramecc.o
 .comment       0x00000059       0x5a hpl/rtc/hpl_rtc.o
 .comment       0x00000059       0x5a hpl/sercom/hpl_sercom.o
 .comment       0x00000059       0x5a hpl/systick/hpl_systick.o
 .comment       0x00000059       0x5a hpl/tc/hpl_tc.o
 .comment       0x00000059       0x5a hpl/usb/hpl_usb.o
 .comment       0x00000059       0x5a main.o
 .comment       0x00000059       0x5a usb/class/cdc/device/cdcdf_acm.o
 .comment       0x00000059       0x5a usb/class/hid/device/hiddf_keyboard.o
 .comment       0x00000059       0x5a usb/class/hid/device/hiddf_mouse.o
 .comment       0x00000059       0x5a usb/class/midi/device/audiodf_midi.o
 .comment       0x00000059       0x5a usb/device/usbdc.o
 .comment       0x00000059       0x5a usb/usb_protocol.o
 .comment       0x00000059       0x5a usb_start.o

.debug_frame    0x00000000      0x504
 .debug_frame   0x00000000       0x2c c:/program files (x86)/atmel/studio/7.0/toolchain/arm/arm-gnu-toolchain/bin/../lib/gcc/arm-none-eabi/6.3.1/../../../../arm-none-eabi/lib/thumb/v7e-m\libc_nano.a(lib_a-init.o)
 .debug_frame   0x0000002c       0x30 c:/program files (x86)/atmel/studio/7.0/toolchain/arm/arm-gnu-toolchain/bin/../lib/gcc/arm-none-eabi/6.3.1/../../../../arm-none-eabi/lib/thumb/v7e-m\libc_nano.a(lib_a-malloc.o)
 .debug_frame   0x0000005c       0x28 c:/program files (x86)/atmel/studio/7.0/toolchain/arm/arm-gnu-toolchain/bin/../lib/gcc/arm-none-eabi/6.3.1/../../../../arm-none-eabi/lib/thumb/v7e-m\libc_nano.a(lib_a-memcpy-stub.o)
 .debug_frame   0x00000084       0x20 c:/program files (x86)/atmel/studio/7.0/toolchain/arm/arm-gnu-toolchain/bin/../lib/gcc/arm-none-eabi/6.3.1/../../../../arm-none-eabi/lib/thumb/v7e-m\libc_nano.a(lib_a-memset.o)
 .debug_frame   0x000000a4       0x38 c:/program files (x86)/atmel/studio/7.0/toolchain/arm/arm-gnu-toolchain/bin/../lib/gcc/arm-none-eabi/6.3.1/../../../../arm-none-eabi/lib/thumb/v7e-m\libc_nano.a(lib_a-nano-freer.o)