Archive member included to satisfy reference by file (symbol)

c:/program files (x86)/atmel/studio/7.0/toolchain/arm/arm-gnu-toolchain/bin/../lib/gcc/arm-none-eabi/6.3.1/thumb/v7e-m\libgcc.a(_arm_addsubdf3.o)
                              hpl/sercom/hpl_sercom.o (__aeabi_dsub)
c:/program files (x86)/atmel/studio/7.0/toolchain/arm/arm-gnu-toolchain/bin/../lib/gcc/arm-none-eabi/6.3.1/thumb/v7e-m\libgcc.a(_arm_muldivdf3.o)
                              grid/grid_hardwaretest.o (__aeabi_dmul)
c:/program files (x86)/atmel/studio/7.0/toolchain/arm/arm-gnu-toolchain/bin/../lib/gcc/arm-none-eabi/6.3.1/thumb/v7e-m\libgcc.a(_arm_fixunsdfsi.o)
                              grid/grid_hardwaretest.o (__aeabi_d2uiz)
c:/program files (x86)/atmel/studio/7.0/toolchain/arm/arm-gnu-toolchain/bin/../lib/gcc/arm-none-eabi/6.3.1/thumb/v7e-m\libgcc.a(_aeabi_uldivmod.o)
                              hpl/sercom/hpl_sercom.o (__aeabi_uldivmod)
c:/program files (x86)/atmel/studio/7.0/toolchain/arm/arm-gnu-toolchain/bin/../lib/gcc/arm-none-eabi/6.3.1/thumb/v7e-m\libgcc.a(_udivmoddi4.o)
                              c:/program files (x86)/atmel/studio/7.0/toolchain/arm/arm-gnu-toolchain/bin/../lib/gcc/arm-none-eabi/6.3.1/thumb/v7e-m\libgcc.a(_aeabi_uldivmod.o) (__udivmoddi4)
c:/program files (x86)/atmel/studio/7.0/toolchain/arm/arm-gnu-toolchain/bin/../lib/gcc/arm-none-eabi/6.3.1/thumb/v7e-m\libgcc.a(_dvmd_tls.o)
                              c:/program files (x86)/atmel/studio/7.0/toolchain/arm/arm-gnu-toolchain/bin/../lib/gcc/arm-none-eabi/6.3.1/thumb/v7e-m\libgcc.a(_aeabi_uldivmod.o) (__aeabi_ldiv0)
c:/program files (x86)/atmel/studio/7.0/toolchain/arm/arm-gnu-toolchain/bin/../lib/gcc/arm-none-eabi/6.3.1/../../../../arm-none-eabi/lib/thumb/v7e-m\libc_nano.a(lib_a-exit.o)
                              c:/program files (x86)/atmel/studio/7.0/toolchain/arm/arm-gnu-toolchain/bin/../lib/gcc/arm-none-eabi/6.3.1/../../../../arm-none-eabi/lib/thumb/v7e-m/crt0.o (exit)
c:/program files (x86)/atmel/studio/7.0/toolchain/arm/arm-gnu-toolchain/bin/../lib/gcc/arm-none-eabi/6.3.1/../../../../arm-none-eabi/lib/thumb/v7e-m\libc_nano.a(lib_a-impure.o)
                              c:/program files (x86)/atmel/studio/7.0/toolchain/arm/arm-gnu-toolchain/bin/../lib/gcc/arm-none-eabi/6.3.1/../../../../arm-none-eabi/lib/thumb/v7e-m\libc_nano.a(lib_a-exit.o) (_global_impure_ptr)
c:/program files (x86)/atmel/studio/7.0/toolchain/arm/arm-gnu-toolchain/bin/../lib/gcc/arm-none-eabi/6.3.1/../../../../arm-none-eabi/lib/thumb/v7e-m\libc_nano.a(lib_a-init.o)
                              c:/program files (x86)/atmel/studio/7.0/toolchain/arm/arm-gnu-toolchain/bin/../lib/gcc/arm-none-eabi/6.3.1/../../../../arm-none-eabi/lib/thumb/v7e-m/crt0.o (__libc_init_array)
c:/program files (x86)/atmel/studio/7.0/toolchain/arm/arm-gnu-toolchain/bin/../lib/gcc/arm-none-eabi/6.3.1/../../../../arm-none-eabi/lib/thumb/v7e-m\libc_nano.a(lib_a-malloc.o)
                              grid/grid_ain.o (malloc)
c:/program files (x86)/atmel/studio/7.0/toolchain/arm/arm-gnu-toolchain/bin/../lib/gcc/arm-none-eabi/6.3.1/../../../../arm-none-eabi/lib/thumb/v7e-m\libc_nano.a(lib_a-memcpy-stub.o)
                              hpl/nvmctrl/hpl_nvmctrl.o (memcpy)
c:/program files (x86)/atmel/studio/7.0/toolchain/arm/arm-gnu-toolchain/bin/../lib/gcc/arm-none-eabi/6.3.1/../../../../arm-none-eabi/lib/thumb/v7e-m\libc_nano.a(lib_a-memset.o)
                              c:/program files (x86)/atmel/studio/7.0/toolchain/arm/arm-gnu-toolchain/bin/../lib/gcc/arm-none-eabi/6.3.1/../../../../arm-none-eabi/lib/thumb/v7e-m/crt0.o (memset)
c:/program files (x86)/atmel/studio/7.0/toolchain/arm/arm-gnu-toolchain/bin/../lib/gcc/arm-none-eabi/6.3.1/../../../../arm-none-eabi/lib/thumb/v7e-m\libc_nano.a(lib_a-nano-freer.o)
                              c:/program files (x86)/atmel/studio/7.0/toolchain/arm/arm-gnu-toolchain/bin/../lib/gcc/arm-none-eabi/6.3.1/../../../../arm-none-eabi/lib/thumb/v7e-m\libc_nano.a(lib_a-malloc.o) (_free_r)
c:/program files (x86)/atmel/studio/7.0/toolchain/arm/arm-gnu-toolchain/bin/../lib/gcc/arm-none-eabi/6.3.1/../../../../arm-none-eabi/lib/thumb/v7e-m\libc_nano.a(lib_a-nano-mallocr.o)
                              c:/program files (x86)/atmel/studio/7.0/toolchain/arm/arm-gnu-toolchain/bin/../lib/gcc/arm-none-eabi/6.3.1/../../../../arm-none-eabi/lib/thumb/v7e-m\libc_nano.a(lib_a-malloc.o) (_malloc_r)
c:/program files (x86)/atmel/studio/7.0/toolchain/arm/arm-gnu-toolchain/bin/../lib/gcc/arm-none-eabi/6.3.1/../../../../arm-none-eabi/lib/thumb/v7e-m\libc_nano.a(lib_a-printf.o)
                              grid/grid_d51.o (printf)
c:/program files (x86)/atmel/studio/7.0/toolchain/arm/arm-gnu-toolchain/bin/../lib/gcc/arm-none-eabi/6.3.1/../../../../arm-none-eabi/lib/thumb/v7e-m\libc_nano.a(lib_a-puts.o)
                              grid/grid_unittest.o (puts)
[...]
Memory Configuration

Name             Origin             Length             Attributes
rom              0x00004000         0x0007a000         xr
ram              0x20000000         0x00040000         xrw
bkupram          0x47000000         0x00002000         xrw
qspi             0x04000000         0x01000000         xrw
*default*        0x00000000         0xffffffff

Linker script and memory map

LOAD c:/program files (x86)/atmel/studio/7.0/toolchain/arm/arm-gnu-toolchain/bin/../lib/gcc/arm-none-eabi/6.3.1/thumb/v7e-m/crti.o
LOAD c:/program files (x86)/atmel/studio/7.0/toolchain/arm/arm-gnu-toolchain/bin/../lib/gcc/arm-none-eabi/6.3.1/thumb/v7e-m/crtbegin.o
LOAD c:/program files (x86)/atmel/studio/7.0/toolchain/arm/arm-gnu-toolchain/bin/../lib/gcc/arm-none-eabi/6.3.1/../../../../arm-none-eabi/lib/thumb/v7e-m/crt0.o
LOAD atmel_start.o
LOAD Device_Startup/startup_samd51.o
LOAD Device_Startup/system_samd51.o
LOAD driver_init.o
LOAD examples/driver_examples.o
LOAD flash/n25q256a.o
LOAD flash/spi_nor_flash.o
LOAD grid/grid_d51.o
LOAD grid/grid_debug.o
LOAD grid/grid_hardwaretest.o
LOAD grid/grid_unittest.o
LOAD grid/grid_ain.o
LOAD grid/grid_buf.o
LOAD grid/grid_led.o
LOAD grid/grid_module.o
LOAD grid/grid_module_bu16_revb.o
LOAD grid/grid_module_en16_reva.o
LOAD grid/grid_module_pbf4_reva.o
LOAD grid/grid_module_po16_revb.o
LOAD grid/grid_sys.o
LOAD grid/grid_ui.o
LOAD grid/grid_usb.o
LOAD hal/src/hal_adc_async.o
LOAD hal/src/hal_atomic.o
LOAD hal/src/hal_cache.o
LOAD hal/src/hal_crc_sync.o
LOAD hal/src/hal_delay.o
LOAD hal/src/hal_evsys.o
LOAD hal/src/hal_flash.o
LOAD hal/src/hal_gpio.o
LOAD hal/src/hal_i2c_m_async.o
LOAD hal/src/hal_init.o
LOAD hal/src/hal_io.o
LOAD hal/src/hal_qspi_dma.o
LOAD hal/src/hal_sleep.o
LOAD hal/src/hal_spi_m_async.o
LOAD hal/src/hal_spi_m_dma.o
LOAD hal/src/hal_timer.o
LOAD hal/src/hal_usart_async.o
LOAD hal/src/hal_usart_sync.o
LOAD hal/src/hal_usb_device.o
LOAD hal/src/hal_wdt.o
LOAD hal/utils/src/utils_assert.o
LOAD hal/utils/src/utils_event.o
LOAD hal/utils/src/utils_list.o
LOAD hal/utils/src/utils_ringbuffer.o
LOAD hal/utils/src/utils_syscalls.o
LOAD hpl/adc/hpl_adc.o
LOAD hpl/cmcc/hpl_cmcc.o
LOAD hpl/core/hpl_core_m4.o
LOAD hpl/core/hpl_init.o
LOAD hpl/dmac/hpl_dmac.o
LOAD hpl/dsu/hpl_dsu.o
LOAD hpl/evsys/hpl_evsys.o
LOAD hpl/gclk/hpl_gclk.o
LOAD hpl/mclk/hpl_mclk.o
LOAD hpl/nvmctrl/hpl_nvmctrl.o
LOAD hpl/osc32kctrl/hpl_osc32kctrl.o
LOAD hpl/oscctrl/hpl_oscctrl.o
LOAD hpl/pac/hpl_pac.o
LOAD hpl/pm/hpl_pm.o
LOAD hpl/qspi/hpl_qspi.o
LOAD hpl/ramecc/hpl_ramecc.o
LOAD hpl/rtc/hpl_rtc.o
LOAD hpl/sercom/hpl_sercom.o
LOAD hpl/systick/hpl_systick.o
LOAD hpl/tc/hpl_tc.o
LOAD hpl/usb/hpl_usb.o
LOAD hpl/wdt/hpl_wdt.o
LOAD main.o
LOAD stdio_redirect/gcc/read.o
LOAD stdio_redirect/gcc/write.o
LOAD stdio_redirect/stdio_io.o
LOAD stdio_start.o
LOAD usb/class/cdc/device/cdcdf_acm.o
LOAD usb/class/hid/device/hiddf_generic.o
LOAD usb/class/hid/device/hiddf_keyboard.o
LOAD usb/class/hid/device/hiddf_mouse.o
LOAD usb/class/midi/device/audiodf_midi.o
LOAD usb/class/midi/usb_protocol_midi.o
LOAD usb/class/msc/device/mscdf.o
LOAD usb/device/usbdc.o
LOAD usb/usb_protocol.o
LOAD usb_start.o
START GROUP
LOAD c:/program files (x86)/atmel/studio/7.0/toolchain/arm/arm-gnu-toolchain/bin/../lib/gcc/arm-none-eabi/6.3.1/../../../../arm-none-eabi/lib/thumb/v7e-m\libm.a
END GROUP
START GROUP
LOAD c:/program files (x86)/atmel/studio/7.0/toolchain/arm/arm-gnu-toolchain/bin/../lib/gcc/arm-none-eabi/6.3.1/thumb/v7e-m\libgcc.a
LOAD c:/program files (x86)/atmel/studio/7.0/toolchain/arm/arm-gnu-toolchain/bin/../lib/gcc/arm-none-eabi/6.3.1/../../../../arm-none-eabi/lib/thumb/v7e-m\libc_nano.a
END GROUP
START GROUP
LOAD c:/program files (x86)/atmel/studio/7.0/toolchain/arm/arm-gnu-toolchain/bin/../lib/gcc/arm-none-eabi/6.3.1/thumb/v7e-m\libgcc.a
LOAD c:/program files (x86)/atmel/studio/7.0/toolchain/arm/arm-gnu-toolchain/bin/../lib/gcc/arm-none-eabi/6.3.1/../../../../arm-none-eabi/lib/thumb/v7e-m\libc_nano.a
END GROUP
LOAD c:/program files (x86)/atmel/studio/7.0/toolchain/arm/arm-gnu-toolchain/bin/../lib/gcc/arm-none-eabi/6.3.1/thumb/v7e-m/crtend.o
LOAD c:/program files (x86)/atmel/studio/7.0/toolchain/arm/arm-gnu-toolchain/bin/../lib/gcc/arm-none-eabi/6.3.1/thumb/v7e-m/crtn.o
                0x00010000                STACK_SIZE = DEFINED (STACK_SIZE)?STACK_SIZE:DEFINED (__stack_size__)?__stack_size__:0x10000

.text           0x00004000     0xcad8
                0x00004000                . = ALIGN (0x4)
                0x00004000                _sfixed = .
 *(.vectors .vectors.*)
 .vectors       0x00004000      0x264 Device_Startup/startup_samd51.o
                0x00004000                exception_table
 *(.text .text.* .gnu.linkonce.t.*)
 .text          0x00004264       0x6c c:/program files (x86)/atmel/studio/7.0/toolchain/arm/arm-gnu-toolchain/bin/../lib/gcc/arm-none-eabi/6.3.1/thumb/v7e-m/crtbegin.o
 .text.atmel_start_init
                0x000042d0       0x20 atmel_start.o
                0x000042d0                atmel_start_init
 .text.Dummy_Handler
                0x000042f0        0x2 Device_Startup/startup_samd51.o
                0x000042f0                EIC_5_Handler
                0x000042f0                SVCall_Handler
                0x000042f0                EIC_13_Handler
                0x000042f0                EVSYS_0_Handler
                0x000042f0                TCC1_3_Handler
                0x000042f0                DAC_3_Handler
                0x000042f0                TRNG_Handler
                0x000042f0                HardFault_Handler
                0x000042f0                PDEC_2_Handler
                0x000042f0                EIC_4_Handler
                0x000042f0                AC_Handler
                0x000042f0                SysTick_Handler
                0x000042f0                TCC2_3_Handler
                0x000042f0                PendSV_Handler
                0x000042f0                TC7_Handler
                0x000042f0                EVSYS_3_Handler
                0x000042f0                PDEC_0_Handler
                0x000042f0                QSPI_Handler
                0x000042f0                NonMaskableInt_Handler
                0x000042f0                TCC0_0_Handler
                0x000042f0                EIC_3_Handler
                0x000042f0                MemManagement_Handler
                0x000042f0                DAC_2_Handler
                0x000042f0                UsageFault_Handler
                0x000042f0                EIC_10_Handler
                0x000042f0                EIC_11_Handler
                0x000042f0                EIC_9_Handler
                0x000042f0                OSC32KCTRL_Handler
                0x000042f0                TCC2_1_Handler
                0x000042f0                SUPC_1_Handler
                0x000042f0                TCC0_5_Handler
                0x000042f0                TCC0_6_Handler
                0x000042f0                EVSYS_1_Handler
                0x000042f0                TCC1_4_Handler
                0x000042f0                TC6_Handler
                0x000042f0                WDT_Handler
                0x000042f0                EIC_8_Handler
                0x000042f0                EIC_15_Handler
                0x000042f0                TC4_Handler
                0x000042f0                OSCCTRL_4_Handler
                0x000042f0                EIC_12_Handler
                0x000042f0                TCC4_2_Handler
                0x000042f0                PAC_Handler
                0x000042f0                TCC1_0_Handler
                0x000042f0                OSCCTRL_0_Handler
                0x000042f0                EIC_0_Handler
                0x000042f0                OSCCTRL_3_Handler
                0x000042f0                Dummy_Handler
                0x000042f0                TCC3_0_Handler
                0x000042f0                TCC2_2_Handler
                0x000042f0                TCC1_1_Handler
                0x000042f0                OSCCTRL_2_Handler
                0x000042f0                TCC1_2_Handler
                0x000042f0                SERCOM7_1_Handler
                0x000042f0                PM_Handler
                0x000042f0                SERCOM2_3_Handler
                0x000042f0                DAC_4_Handler
                0x000042f0                TCC3_2_Handler
                0x000042f0                SERCOM7_0_Handler
                0x000042f0                TCC0_2_Handler
                0x000042f0                TCC4_0_Handler
                0x000042f0                SERCOM7_3_Handler
                0x000042f0                SDHC1_Handler
                0x000042f0                SERCOM7_2_Handler
                0x000042f0                TCC2_0_Handler
                0x000042f0                PDEC_1_Handler
                0x000042f0                TCC4_1_Handler
                0x000042f0                SDHC0_Handler
                0x000042f0                I2S_Handler
                0x000042f0                EIC_2_Handler
                0x000042f0                PCC_Handler
                0x000042f0                DAC_0_Handler
                0x000042f0                TCC0_1_Handler
                0x000042f0                EIC_6_Handler
                0x000042f0                OSCCTRL_1_Handler
                0x000042f0                PUKCC_Handler
                0x000042f0                SERCOM2_1_Handler
                0x000042f0                EIC_1_Handler
                0x000042f0                EVSYS_4_Handler
                0x000042f0                EIC_7_Handler
                0x000042f0                SERCOM2_2_Handler
                0x000042f0                TCC3_1_Handler
                0x000042f0                EIC_14_Handler
                0x000042f0                DAC_1_Handler
                0x000042f0                MCLK_Handler
                0x000042f0                EVSYS_2_Handler
                0x000042f0                SUPC_0_Handler
                0x000042f0                BusFault_Handler
                0x000042f0                FREQM_Handler
                0x000042f0                TCC0_3_Handler
                0x000042f0                DebugMonitor_Handler
                0x000042f0                TCC0_4_Handler
                0x000042f0                TC5_Handler
                0x000042f0                SERCOM2_0_Handler
                0x000042f0                AES_Handler
                0x000042f0                ICM_Handler
 *fill*         0x000042f2        0x2 
 .text.Reset_Handler
                0x000042f4       0x78 Device_Startup/startup_samd51.o
                0x000042f4                Reset_Handler
 .text._gpio_set_pin_function
                0x0000436c       0x68 driver_init.o
 .text.gpio_set_pin_direction
                0x000043d4       0x68 driver_init.o
 .text.ADC_0_init
                0x0000443c       0x80 driver_init.o
                0x0000443c                ADC_0_init
 .text.ADC_1_init
                0x000044bc       0x84 driver_init.o
                0x000044bc                ADC_1_init
 .text.CRC_0_init
                0x00004540       0x24 driver_init.o
                0x00004540                CRC_0_init
 .text.EVENT_SYSTEM_0_init
                0x00004564       0x30 driver_init.o
                0x00004564                EVENT_SYSTEM_0_init
 .text.FLASH_0_CLOCK_init
                0x00004594       0x10 driver_init.o
                0x00004594                FLASH_0_CLOCK_init
 .text.FLASH_0_init
                0x000045a4       0x24 driver_init.o
                0x000045a4                FLASH_0_init
 .text.QSPI_INSTANCE_PORT_init
                0x000045c8       0xdc driver_init.o
                0x000045c8                QSPI_INSTANCE_PORT_init
 .text.QSPI_INSTANCE_CLOCK_init
                0x000046a4       0x20 driver_init.o
                0x000046a4                QSPI_INSTANCE_CLOCK_init
 .text.QSPI_INSTANCE_init
                0x000046c4       0x2c driver_init.o
                0x000046c4                QSPI_INSTANCE_init
 .text.USART_EAST_CLOCK_init
                0x000046f0       0x24 driver_init.o
                0x000046f0                USART_EAST_CLOCK_init
 .text.USART_EAST_PORT_init
                0x00004714       0x24 driver_init.o
                0x00004714                USART_EAST_PORT_init
 .text.USART_EAST_init
                0x00004738       0x38 driver_init.o
                0x00004738                USART_EAST_init
 .text.USART_NORTH_CLOCK_init
                0x00004770       0x24 driver_init.o
                0x00004770                USART_NORTH_CLOCK_init
 .text.USART_NORTH_PORT_init
                0x00004794       0x24 driver_init.o
                0x00004794                USART_NORTH_PORT_init
 .text.USART_NORTH_init
                0x000047b8       0x38 driver_init.o
                0x000047b8                USART_NORTH_init
 .text.GRID_AUX_PORT_init
                0x000047f0       0x24 driver_init.o
                0x000047f0                GRID_AUX_PORT_init
 .text.GRID_AUX_CLOCK_init
                0x00004814       0x24 driver_init.o
                0x00004814                GRID_AUX_CLOCK_init
 .text.GRID_AUX_init
                0x00004838       0x2c driver_init.o
                0x00004838                GRID_AUX_init
 .text.UI_SPI_PORT_init
                0x00004864       0x68 driver_init.o
                0x00004864                UI_SPI_PORT_init
 .text.UI_SPI_CLOCK_init
                0x000048cc       0x24 driver_init.o
                0x000048cc                UI_SPI_CLOCK_init
 .text.UI_SPI_init
                0x000048f0       0x2c driver_init.o
                0x000048f0                UI_SPI_init
 .text.USART_WEST_CLOCK_init
                0x0000491c       0x24 driver_init.o
                0x0000491c                USART_WEST_CLOCK_init
 .text.USART_WEST_PORT_init
                0x00004940       0x24 driver_init.o
                0x00004940                USART_WEST_PORT_init
 .text.USART_WEST_init
                0x00004964       0x38 driver_init.o
                0x00004964                USART_WEST_init
 .text.SYS_I2C_PORT_init
                0x0000499c       0x40 driver_init.o
                0x0000499c                SYS_I2C_PORT_init
 .text.SYS_I2C_CLOCK_init
                0x000049dc       0x24 driver_init.o
                0x000049dc                SYS_I2C_CLOCK_init
 .text.SYS_I2C_init
                0x00004a00       0x2c driver_init.o
                0x00004a00                SYS_I2C_init
 .text.USART_SOUTH_CLOCK_init
                0x00004a2c       0x24 driver_init.o
                0x00004a2c                USART_SOUTH_CLOCK_init
 .text.USART_SOUTH_PORT_init
                0x00004a50       0x24 driver_init.o
                0x00004a50                USART_SOUTH_PORT_init
 .text.USART_SOUTH_init
                0x00004a74       0x38 driver_init.o
                0x00004a74                USART_SOUTH_init
 .text.GRID_LED_PORT_init
                0x00004aac       0x68 driver_init.o
                0x00004aac                GRID_LED_PORT_init
 .text.GRID_LED_CLOCK_init
                0x00004b14       0x24 driver_init.o
                0x00004b14                GRID_LED_CLOCK_init
 .text.GRID_LED_init
                0x00004b38       0x2c driver_init.o
                0x00004b38                GRID_LED_init
 .text.delay_driver_init
                0x00004b64       0x10 driver_init.o
                0x00004b64                delay_driver_init
 .text.USB_DEVICE_INSTANCE_PORT_init
                0x00004b74       0x60 driver_init.o
                0x00004b74                USB_DEVICE_INSTANCE_PORT_init
 .text.USB_DEVICE_INSTANCE_CLOCK_init
                0x00004bd4       0x24 driver_init.o
                0x00004bd4                USB_DEVICE_INSTANCE_CLOCK_init
 .text.USB_DEVICE_INSTANCE_init
                0x00004bf8       0x20 driver_init.o
                0x00004bf8                USB_DEVICE_INSTANCE_init
 .text.WDT_0_CLOCK_init
                0x00004c18       0x10 driver_init.o
                0x00004c18                WDT_0_CLOCK_init
 .text.WDT_0_init
                0x00004c28       0x24 driver_init.o
                0x00004c28                WDT_0_init
 .text.system_init
                0x00004c4c      0x2a8 driver_init.o
                0x00004c4c                system_init
 .text.grid_d51_bitmap_write_bit
                0x00004ef4       0x3a grid/grid_d51.o
                0x00004ef4                grid_d51_bitmap_write_bit
 *fill*         0x00004f2e        0x2 
 .text.grid_d51_verify_user_row
                0x00004f30      0x198 grid/grid_d51.o
                0x00004f30                grid_d51_verify_user_row
 .text.grid_d51_init
                0x000050c8       0x4c grid/grid_d51.o
                0x000050c8                grid_d51_init
 .text.grid_ain_channel_init
                0x00005114       0x34 grid/grid_ain.o
                0x00005114                grid_ain_channel_init
 .text.grid_ain_init
                0x00005148       0x44 grid/grid_ain.o
                0x00005148                grid_ain_init
 .text.grid_ain_add_sample
                0x0000518c       0xd0 grid/grid_ain.o
                0x0000518c                grid_ain_add_sample
 .text.grid_ain_get_changed
                0x0000525c       0x10 grid/grid_ain.o
                0x0000525c                grid_ain_get_changed
 .text.grid_ain_get_average
                0x0000526c       0x28 grid/grid_ain.o
                0x0000526c                grid_ain_get_average
 .text.grid_port_reset_receiver
                0x00005294       0x78 grid/grid_buf.o
                0x00005294                grid_port_reset_receiver
 .text.grid_port_receive_task
                0x0000530c      0x118 grid/grid_buf.o
                0x0000530c                grid_port_receive_task
 .text.grid_buffer_init
                0x00005424       0x44 grid/grid_buf.o
                0x00005424                grid_buffer_init
 .text.grid_buffer_write_size
                0x00005468       0x14 grid/grid_buf.o
                0x00005468                grid_buffer_write_size
 .text.grid_buffer_write_init
                0x0000547c       0x2c grid/grid_buf.o
                0x0000547c                grid_buffer_write_init
 .text.grid_buffer_write_character
                0x000054a8       0x1c grid/grid_buf.o
                0x000054a8                grid_buffer_write_character
 .text.grid_buffer_write_acknowledge
                0x000054c4       0x10 grid/grid_buf.o
                0x000054c4                grid_buffer_write_acknowledge
 .text.grid_port_receive_decode
                0x000054d4      0x520 grid/grid_buf.o
                0x000054d4                grid_port_receive_decode
 .text.grid_port_receive_complete_task
                0x000059f4       0x74 grid/grid_buf.o
                0x000059f4                grid_port_receive_complete_task
 .text.grid_buffer_read_size
                0x00005a68       0x4c grid/grid_buf.o
                0x00005a68                grid_buffer_read_size
 .text.grid_buffer_read_init
                0x00005ab4       0x5c grid/grid_buf.o
                0x00005ab4                grid_buffer_read_init
 .text.grid_buffer_read_character
                0x00005b10       0x24 grid/grid_buf.o
                0x00005b10                grid_buffer_read_character
 .text.grid_buffer_read_acknowledge
                0x00005b34       0x10 grid/grid_buf.o
                0x00005b34                grid_buffer_read_acknowledge
 .text.grid_port_init
                0x00005b44       0xd8 grid/grid_buf.o
                0x00005b44                grid_port_init
 .text.grid_port_init_all
                0x00005c1c       0xf4 grid/grid_buf.o
                0x00005c1c                grid_port_init_all
 .text.grid_port_process_inbound
                0x00005d10      0x1ac grid/grid_buf.o
                0x00005d10                grid_port_process_inbound
 .text.grid_port_process_outbound_usb
                0x00005ebc      0x190 grid/grid_buf.o
                0x00005ebc                grid_port_process_outbound_usb
 .text.grid_port_process_outbound_ui
                0x0000604c      0x348 grid/grid_buf.o
                0x0000604c                grid_port_process_outbound_ui
 .text.grid_port_process_outbound_usart
                0x00006394       0x6c grid/grid_buf.o
                0x00006394                grid_port_process_outbound_usart
 .text.grid_led_lowlevel_hardware_transfer_complete_cb
                0x00006400        0xc grid/grid_led.o
 .text.grid_led_lowlevel_set_color
                0x0000640c       0x4c grid/grid_led.o
                0x0000640c                grid_led_lowlevel_set_color
 .text.grid_led_hardware_init
                0x00006458       0x2c grid/grid_led.o
                0x00006458                grid_led_hardware_init
 .text.grid_led_get_led_number
                0x00006484        0x4 grid/grid_led.o
                0x00006484                grid_led_get_led_number
 .text.grid_led_tick
                0x00006488       0x34 grid/grid_led.o
                0x00006488                grid_led_tick
 .text.grid_led_set_min
                0x000064bc       0x20 grid/grid_led.o
                0x000064bc                grid_led_set_min
 .text.grid_led_set_mid
                0x000064dc       0x20 grid/grid_led.o
                0x000064dc                grid_led_set_mid
 .text.grid_led_set_max
                0x000064fc       0x20 grid/grid_led.o
                0x000064fc                grid_led_set_max
 .text.grid_led_set_color
                0x0000651c       0x6c grid/grid_led.o
                0x0000651c                grid_led_set_color
 .text.grid_led_set_phase
                0x00006588       0x14 grid/grid_led.o
                0x00006588                grid_led_set_phase
 .text.grid_led_set_frequency
                0x0000659c       0x14 grid/grid_led.o
                0x0000659c                grid_led_set_frequency
 .text.grid_led_buffer_init
                0x000065b0      0x16c grid/grid_led.o
                0x000065b0                grid_led_buffer_init
 .text.grid_led_lowlevel_init
                0x0000671c       0xb0 grid/grid_led.o
                0x0000671c                grid_led_lowlevel_init
 .text.grid_led_lowlevel_render
                0x000067cc       0xb0 grid/grid_led.o
                0x000067cc                grid_led_lowlevel_render
 .text.grid_led_lowlevel_render_all
                0x0000687c       0x20 grid/grid_led.o
                0x0000687c                grid_led_lowlevel_render_all
 .text.grid_led_lowlevel_hardware_start_transfer
                0x0000689c       0x30 grid/grid_led.o
                0x0000689c                grid_led_lowlevel_hardware_start_transfer
 .text.grid_module_common_init
                0x000068cc      0x1a0 grid/grid_module.o
                0x000068cc                grid_module_common_init
 .text.grid_module_bu16_revb_hardware_start_transfer
                0x00006a6c       0x20 grid/grid_module_bu16_revb.o
                0x00006a6c                grid_module_bu16_revb_hardware_start_transfer
 .text.grid_module_bu16_revb_hardware_transfer_complete_cb
                0x00006a8c      0x1cc grid/grid_module_bu16_revb.o
 .text.grid_module_bu16_revb_hardware_init
                0x00006c58       0x48 grid/grid_module_bu16_revb.o
                0x00006c58                grid_module_bu16_revb_hardware_init
 .text.grid_module_bu16_revb_init
                0x00006ca0       0xc8 grid/grid_module_bu16_revb.o
                0x00006ca0                grid_module_bu16_revb_init
 .text.grid_module_en16_reva_hardware_start_transfer
                0x00006d68       0x3c grid/grid_module_en16_reva.o
                0x00006d68                grid_module_en16_reva_hardware_start_transfer
 *fill*         0x00006da4        0x4 
 .text.grid_module_en16_reva_hardware_transfer_complete_cb
                0x00006da8      0x378 grid/grid_module_en16_reva.o
                0x00006da8                grid_module_en16_reva_hardware_transfer_complete_cb
 .text.grid_module_en16_reva_hardware_init
                0x00007120       0x68 grid/grid_module_en16_reva.o
                0x00007120                grid_module_en16_reva_hardware_init
 .text.grid_module_en16_reva_init
                0x00007188      0x11c grid/grid_module_en16_reva.o
                0x00007188                grid_module_en16_reva_init
 .text.grid_module_pbf4_reva_hardware_start_transfer
                0x000072a4       0x20 grid/grid_module_pbf4_reva.o
                0x000072a4                grid_module_pbf4_reva_hardware_start_transfer
 *fill*         0x000072c4        0x4 
 .text.grid_module_pbf4_reva_hardware_transfer_complete_cb
                0x000072c8      0x324 grid/grid_module_pbf4_reva.o
                0x000072c8                grid_module_pbf4_reva_hardware_transfer_complete_cb
 .text.grid_module_pbf4_reva_hardware_init
                0x000075ec       0x48 grid/grid_module_pbf4_reva.o
                0x000075ec                grid_module_pbf4_reva_hardware_init
 .text.grid_module_pbf4_reva_init
                0x00007634      0x118 grid/grid_module_pbf4_reva.o
                0x00007634                grid_module_pbf4_reva_init
 .text.grid_module_po16_revb_hardware_start_transfer
                0x0000774c       0x20 grid/grid_module_po16_revb.o
                0x0000774c                grid_module_po16_revb_hardware_start_transfer
 *fill*         0x0000776c        0x4 
 .text.grid_module_po16_revb_hardware_transfer_complete_cb
                0x00007770      0x20c grid/grid_module_po16_revb.o
 .text.grid_module_po16_revb_hardware_init
                0x0000797c       0x48 grid/grid_module_po16_revb.o
                0x0000797c                grid_module_po16_revb_hardware_init
 .text.grid_module_po16_revb_init
                0x000079c4       0xbc grid/grid_module_po16_revb.o
                0x000079c4                grid_module_po16_revb_init
 .text.gpio_set_pin_pull_mode.constprop.3
                0x00007a80       0x28 grid/grid_sys.o
 .text.grid_task_enter_task
                0x00007aa8        0x8 grid/grid_sys.o
                0x00007aa8                grid_task_enter_task
 .text.grid_task_timer_tick
                0x00007ab0        0xe grid/grid_sys.o
                0x00007ab0                grid_task_timer_tick
 .text.grid_task_timer_reset
                0x00007abe       0x10 grid/grid_sys.o
                0x00007abe                grid_task_timer_reset
 .text.grid_task_timer_read
                0x00007ace        0x8 grid/grid_sys.o
                0x00007ace                grid_task_timer_read
 .text.tx_cb_USART_GRID
                0x00007ad6       0x1a grid/grid_sys.o
                0x00007ad6                tx_cb_USART_GRID
 .text.tx_cb_USART_GRID_W
                0x00007af0       0x10 grid/grid_sys.o
 .text.tx_cb_USART_GRID_S
                0x00007b00       0x10 grid/grid_sys.o
 .text.tx_cb_USART_GRID_E
                0x00007b10       0x10 grid/grid_sys.o
 .text.tx_cb_USART_GRID_N
                0x00007b20       0x10 grid/grid_sys.o
 .text.err_cb_USART_GRID
                0x00007b30       0x10 grid/grid_sys.o
                0x00007b30                err_cb_USART_GRID
 .text.err_cb_USART_GRID_W
                0x00007b40       0x10 grid/grid_sys.o
 .text.err_cb_USART_GRID_S
                0x00007b50       0x10 grid/grid_sys.o
 .text.err_cb_USART_GRID_E
                0x00007b60       0x10 grid/grid_sys.o
 .text.err_cb_USART_GRID_N
                0x00007b70       0x10 grid/grid_sys.o
 .text.grid_sys_port_reset_dma
                0x00007b80       0x20 grid/grid_sys.o
                0x00007b80                grid_sys_port_reset_dma
 .text.dma_transfer_complete_n_cb
                0x00007ba0       0x10 grid/grid_sys.o
                0x00007ba0                dma_transfer_complete_n_cb
 .text.dma_transfer_complete_e_cb
                0x00007bb0       0x10 grid/grid_sys.o
                0x00007bb0                dma_transfer_complete_e_cb
 .text.dma_transfer_complete_s_cb
                0x00007bc0       0x10 grid/grid_sys.o
                0x00007bc0                dma_transfer_complete_s_cb
 .text.dma_transfer_complete_w_cb
                0x00007bd0       0x10 grid/grid_sys.o
                0x00007bd0                dma_transfer_complete_w_cb
 .text.grid_sys_uart_init
                0x00007be0      0x104 grid/grid_sys.o
                0x00007be0                grid_sys_uart_init
 .text.grid_sys_dma_rx_init_one
                0x00007ce4       0x64 grid/grid_sys.o
                0x00007ce4                grid_sys_dma_rx_init_one
 .text.grid_sys_dma_rx_init
                0x00007d48       0x6c grid/grid_sys.o
                0x00007d48                grid_sys_dma_rx_init
 .text.grid_sys_bank_enable
                0x00007db4       0x10 grid/grid_sys.o
                0x00007db4                grid_sys_bank_enable
 .text.grid_sys_bank_disable
                0x00007dc4       0x12 grid/grid_sys.o
                0x00007dc4                grid_sys_bank_disable
 .text.grid_sys_bank_set_color
                0x00007dd6       0x16 grid/grid_sys.o
                0x00007dd6                grid_sys_bank_set_color
 .text.grid_sys_get_bank
                0x00007dec        0x4 grid/grid_sys.o
                0x00007dec                grid_sys_get_bank
 .text.grid_sys_get_bank_next
                0x00007df0       0x24 grid/grid_sys.o
                0x00007df0                grid_sys_get_bank_next
 .text.grid_sys_rtc_get_time
                0x00007e14        0x4 grid/grid_sys.o
                0x00007e14                grid_sys_rtc_get_time
 .text.grid_sys_rtc_get_elapsed_time
                0x00007e18        0x6 grid/grid_sys.o
                0x00007e18                grid_sys_rtc_get_elapsed_time
 .text.grid_sys_rtc_tick_time
                0x00007e1e        0x8 grid/grid_sys.o
                0x00007e1e                grid_sys_rtc_tick_time
 .text.grid_sys_alert_read_color_changed_flag
                0x00007e26        0x4 grid/grid_sys.o
                0x00007e26                grid_sys_alert_read_color_changed_flag
 .text.grid_sys_alert_clear_color_changed_flag
                0x00007e2a        0x6 grid/grid_sys.o
                0x00007e2a                grid_sys_alert_clear_color_changed_flag
 .text.grid_sys_alert_get_color_intensity
                0x00007e30       0x42 grid/grid_sys.o
                0x00007e30                grid_sys_alert_get_color_intensity
 .text.grid_sys_alert_set_alert
                0x00007e72       0x1a grid/grid_sys.o
                0x00007e72                grid_sys_alert_set_alert
 .text.grid_sys_alert_get_color_r
                0x00007e8c        0x4 grid/grid_sys.o
                0x00007e8c                grid_sys_alert_get_color_r
 .text.grid_sys_alert_get_color_g
                0x00007e90        0x4 grid/grid_sys.o
                0x00007e90                grid_sys_alert_get_color_g
 .text.grid_sys_alert_get_color_b
                0x00007e94        0x4 grid/grid_sys.o
                0x00007e94                grid_sys_alert_get_color_b
 .text.grid_sys_read_hex_char_value
                0x00007e98       0x28 grid/grid_sys.o
                0x00007e98                grid_sys_read_hex_char_value
 .text.grid_sys_read_hex_string_value
                0x00007ec0       0x30 grid/grid_sys.o
                0x00007ec0                grid_sys_read_hex_string_value
 .text.grid_sys_write_hex_string_value
                0x00007ef0       0x34 grid/grid_sys.o
                0x00007ef0                grid_sys_write_hex_string_value
 .text.grid_sys_get_hwcfg
                0x00007f24       0xe4 grid/grid_sys.o
                0x00007f24                grid_sys_get_hwcfg
 .text.grid_sys_set_bank
                0x00008008       0xcc grid/grid_sys.o
                0x00008008                grid_sys_set_bank
 .text.grid_sys_init
                0x000080d4       0x60 grid/grid_sys.o
                0x000080d4                grid_sys_init
 .text.grid_msg_checksum_calculate
                0x00008134       0x1a grid/grid_sys.o
                0x00008134                grid_msg_checksum_calculate
 *fill*         0x0000814e        0x2 
 .text.grid_msg_checksum_read
                0x00008150       0x1c grid/grid_sys.o
                0x00008150                grid_msg_checksum_read
 .text.grid_msg_checksum_write
                0x0000816c       0x10 grid/grid_sys.o
                0x0000816c                grid_msg_checksum_write
 .text.grid_msg_get_parameter
                0x0000817c       0x18 grid/grid_sys.o
                0x0000817c                grid_msg_get_parameter
 .text.grid_msg_set_parameter
                0x00008194       0x14 grid/grid_sys.o
                0x00008194                grid_msg_set_parameter
 .text.grid_msg_find_recent
                0x000081a8       0x1a grid/grid_sys.o
                0x000081a8                grid_msg_find_recent
 .text.grid_msg_push_recent
                0x000081c2       0x16 grid/grid_sys.o
                0x000081c2                grid_msg_push_recent
 .text.grid_report_model_init
                0x000081d8       0x20 grid/grid_ui.o
                0x000081d8                grid_report_model_init
 .text.grid_ui_model_init
                0x000081f8       0x34 grid/grid_ui.o
                0x000081f8                grid_ui_model_init
 .text.grid_ui_event_init
                0x0000822c       0x44 grid/grid_ui.o
                0x0000822c                grid_ui_event_init
 .text.grid_ui_element_init
                0x00008270       0xb8 grid/grid_ui.o
                0x00008270                grid_ui_element_init
 .text.grid_ui_event_register_action
                0x00008328       0xae grid/grid_ui.o
                0x00008328                grid_ui_event_register_action
 .text.grid_ui_event_find
                0x000083d6       0x26 grid/grid_ui.o
                0x000083d6                grid_ui_event_find
 .text.grid_ui_event_trigger
                0x000083fc        0xa grid/grid_ui.o
                0x000083fc                grid_ui_event_trigger
 .text.grid_ui_event_render_action
                0x00008406       0x1c grid/grid_ui.o
                0x00008406                grid_ui_event_render_action
 *fill*         0x00008422        0x2 
 .text.grid_ui_event_template_action
                0x00008424       0x5c grid/grid_ui.o
                0x00008424                grid_ui_event_template_action
 .text.grid_report_init
                0x00008480       0x84 grid/grid_ui.o
                0x00008480                grid_report_init
 .text.grid_report_sys_init
                0x00008504      0x20c grid/grid_ui.o
                0x00008504                grid_report_sys_init
 .text.grid_report_render
                0x00008710       0x20 grid/grid_ui.o
                0x00008710                grid_report_render
 .text.grid_report_sys_set_changed_flag
                0x00008730        0xa grid/grid_ui.o
                0x00008730                grid_report_sys_set_changed_flag
 *fill*         0x0000873a        0x2 
 .text.grid_report_sys_set_payload_parameter
                0x0000873c       0x18 grid/grid_ui.o
                0x0000873c                grid_report_sys_set_payload_parameter
 .text.grid_report_sys_clear_changed_flag
                0x00008754        0xa grid/grid_ui.o
                0x00008754                grid_report_sys_clear_changed_flag
 *fill*         0x0000875e        0x2 
 .text.grid_port_process_ui
                0x00008760      0x500 grid/grid_ui.o
                0x00008760                grid_port_process_ui
 .text.grid_usb_serial_bulkin_cb
                0x00008c60        0x4 grid/grid_usb.o
 .text.grid_usb_serial_statechange_cb
                0x00008c64       0x28 grid/grid_usb.o
 .text.grid_usb_midi_bulkin_cb
                0x00008c8c       0x28 grid/grid_usb.o
 .text.grid_usb_midi_bulkout_cb
                0x00008cb4       0x28 grid/grid_usb.o
 .text.grid_usb_serial_bulkout_cb
                0x00008cdc        0x4 grid/grid_usb.o
 .text.grid_usb_serial_init
                0x00008ce0       0x10 grid/grid_usb.o
                0x00008ce0                grid_usb_serial_init
 .text.grid_usb_midi_init
                0x00008cf0       0x24 grid/grid_usb.o
                0x00008cf0                grid_usb_midi_init
 .text.adc_async_window_threshold_reached
                0x00008d14        0x8 hal/src/hal_adc_async.o
 .text.adc_async_error_occured
                0x00008d1c        0x8 hal/src/hal_adc_async.o
 .text.adc_async_channel_conversion_done
                0x00008d24       0x68 hal/src/hal_adc_async.o
 .text.adc_async_init
                0x00008d8c       0x4c hal/src/hal_adc_async.o
                0x00008d8c                adc_async_init
 .text.adc_async_register_channel_buffer
                0x00008dd8       0x6c hal/src/hal_adc_async.o
                0x00008dd8                adc_async_register_channel_buffer
 .text.adc_async_enable_channel
                0x00008e44       0x10 hal/src/hal_adc_async.o
                0x00008e44                adc_async_enable_channel
 .text.adc_async_register_callback
                0x00008e54       0x3c hal/src/hal_adc_async.o
                0x00008e54                adc_async_register_callback
 .text.adc_async_read_channel
                0x00008e90       0x74 hal/src/hal_adc_async.o
                0x00008e90                adc_async_read_channel
 .text.adc_async_start_conversion
                0x00008f04       0x10 hal/src/hal_adc_async.o
                0x00008f04                adc_async_start_conversion
 .text.atomic_enter_critical
                0x00008f14        0xe hal/src/hal_atomic.o
                0x00008f14                atomic_enter_critical
 .text.atomic_leave_critical
                0x00008f22        0xc hal/src/hal_atomic.o
                0x00008f22                atomic_leave_critical
 *fill*         0x00008f2e        0x2 
 .text.crc_sync_init
                0x00008f30        0x8 hal/src/hal_crc_sync.o
                0x00008f30                crc_sync_init
 .text.delay_init
                0x00008f38       0x10 hal/src/hal_delay.o
                0x00008f38                delay_init
 .text.delay_us
                0x00008f48       0x24 hal/src/hal_delay.o
                0x00008f48                delay_us
 .text.delay_ms
                0x00008f6c       0x24 hal/src/hal_delay.o
                0x00008f6c                delay_ms
 .text.event_system_init
                0x00008f90        0x8 hal/src/hal_evsys.o
                0x00008f90                event_system_init
 .text.flash_ready
                0x00008f98        0x8 hal/src/hal_flash.o
 .text.flash_error
                0x00008fa0        0x8 hal/src/hal_flash.o
 .text.flash_init
                0x00008fa8       0x20 hal/src/hal_flash.o
                0x00008fa8                flash_init
 .text.flash_read
                0x00008fc8       0x4c hal/src/hal_flash.o
                0x00008fc8                flash_read
 .text.flash_get_page_size
                0x00009014        0x8 hal/src/hal_flash.o
                0x00009014                flash_get_page_size
 .text.i2c_m_async_write
                0x0000901c       0x2c hal/src/hal_i2c_m_async.o
 .text.i2c_m_async_read
                0x00009048       0x2c hal/src/hal_i2c_m_async.o
 .text.i2c_tx_complete
                0x00009074        0xe hal/src/hal_i2c_m_async.o
 .text.i2c_rx_complete
                0x00009082        0xe hal/src/hal_i2c_m_async.o
 .text.i2c_error
                0x00009090        0xe hal/src/hal_i2c_m_async.o
 *fill*         0x0000909e        0x2 
 .text.i2c_m_async_init
                0x000090a0       0x50 hal/src/hal_i2c_m_async.o
                0x000090a0                i2c_m_async_init
 .text.io_write
                0x000090f0        0x4 hal/src/hal_io.o
                0x000090f0                io_write
 .text.io_read  0x000090f4        0x4 hal/src/hal_io.o
                0x000090f4                io_read
 .text.qspi_dma_init
                0x000090f8        0x8 hal/src/hal_qspi_dma.o
                0x000090f8                qspi_dma_init
 .text._spi_m_async_io_write
                0x00009100       0x20 hal/src/hal_spi_m_async.o
 .text._spi_m_async_io_read
                0x00009120       0x34 hal/src/hal_spi_m_async.o
 .text._spi_dev_error
                0x00009154       0x40 hal/src/hal_spi_m_async.o
 .text._spi_dev_complete
                0x00009194       0x2c hal/src/hal_spi_m_async.o
 .text._spi_dev_rx
                0x000091c0       0x7c hal/src/hal_spi_m_async.o
 .text._spi_dev_tx
                0x0000923c       0x48 hal/src/hal_spi_m_async.o
 .text.spi_m_async_init
                0x00009284       0x64 hal/src/hal_spi_m_async.o
                0x00009284                spi_m_async_init
 .text.spi_m_async_enable
                0x000092e8        0xc hal/src/hal_spi_m_async.o
                0x000092e8                spi_m_async_enable
 .text.spi_m_async_set_baudrate
                0x000092f4       0x18 hal/src/hal_spi_m_async.o
                0x000092f4                spi_m_async_set_baudrate
 .text.spi_m_async_set_mode
                0x0000930c       0x18 hal/src/hal_spi_m_async.o
                0x0000930c                spi_m_async_set_mode
 .text.spi_m_async_transfer
                0x00009324       0x48 hal/src/hal_spi_m_async.o
                0x00009324                spi_m_async_transfer
 .text.spi_m_async_register_callback
                0x0000936c       0x1c hal/src/hal_spi_m_async.o
                0x0000936c                spi_m_async_register_callback
 .text.spi_m_async_get_io_descriptor
                0x00009388        0x8 hal/src/hal_spi_m_async.o
                0x00009388                spi_m_async_get_io_descriptor
 .text._spi_m_dma_io_write
                0x00009390       0x18 hal/src/hal_spi_m_dma.o
 .text._spi_m_dma_io_read
                0x000093a8       0x18 hal/src/hal_spi_m_dma.o
 .text.spi_m_dma_init
                0x000093c0       0x24 hal/src/hal_spi_m_dma.o
                0x000093c0                spi_m_dma_init
 .text.spi_m_dma_enable
                0x000093e4        0xc hal/src/hal_spi_m_dma.o
                0x000093e4                spi_m_dma_enable
 .text.spi_m_dma_register_callback
                0x000093f0        0xc hal/src/hal_spi_m_dma.o
                0x000093f0                spi_m_dma_register_callback
 .text.spi_m_dma_get_io_descriptor
                0x000093fc        0x8 hal/src/hal_spi_m_dma.o
                0x000093fc                spi_m_dma_get_io_descriptor
 .text.timer_add_timer_task
                0x00009404       0x4c hal/src/hal_timer.o
 .text.timer_process_counted
                0x00009450       0x6c hal/src/hal_timer.o
 .text.timer_init
                0x000094bc       0x1c hal/src/hal_timer.o
                0x000094bc                timer_init
 .text.timer_start
                0x000094d8       0x24 hal/src/hal_timer.o
                0x000094d8                timer_start
 .text.timer_add_task
                0x000094fc       0x78 hal/src/hal_timer.o
                0x000094fc                timer_add_task
 .text.usart_transmission_complete
                0x00009574       0x10 hal/src/hal_usart_async.o
 .text.usart_error
                0x00009584       0x10 hal/src/hal_usart_async.o
 .text.usart_fill_rx_buffer
                0x00009594       0x20 hal/src/hal_usart_async.o
 .text.usart_async_write
                0x000095b4       0x34 hal/src/hal_usart_async.o
 .text.usart_process_byte_sent
                0x000095e8       0x34 hal/src/hal_usart_async.o
 .text.usart_async_read
                0x0000961c       0x54 hal/src/hal_usart_async.o
 .text.usart_async_init
                0x00009670       0x60 hal/src/hal_usart_async.o
                0x00009670                usart_async_init
 .text.usart_async_enable
                0x000096d0       0x10 hal/src/hal_usart_async.o
                0x000096d0                usart_async_enable
 .text.usart_async_disable
                0x000096e0       0x10 hal/src/hal_usart_async.o
                0x000096e0                usart_async_disable
 .text.usart_async_get_io_descriptor
                0x000096f0        0x6 hal/src/hal_usart_async.o
                0x000096f0                usart_async_get_io_descriptor
 *fill*         0x000096f6        0x2 
 .text.usart_async_register_callback
                0x000096f8       0x44 hal/src/hal_usart_async.o
                0x000096f8                usart_async_register_callback
 .text.usart_async_set_parity
                0x0000973c       0x10 hal/src/hal_usart_async.o
                0x0000973c                usart_async_set_parity
 .text.usart_sync_write
                0x0000974c       0x50 hal/src/hal_usart_sync.o
 .text.usart_sync_read
                0x0000979c       0x38 hal/src/hal_usart_sync.o
 .text.usart_sync_init
                0x000097d4       0x24 hal/src/hal_usart_sync.o
                0x000097d4                usart_sync_init
 .text.usart_sync_enable
                0x000097f8       0x10 hal/src/hal_usart_sync.o
                0x000097f8                usart_sync_enable
 .text._usb_d_find_ep
                0x00009808       0x30 hal/src/hal_usb_device.o
 .text.usb_d_dummy_cb_false
                0x00009838        0x4 hal/src/hal_usb_device.o
 .text.usb_d_cb_trans_more
                0x0000983c       0x30 hal/src/hal_usb_device.o
 .text._usb_d_cb_trans_done
                0x0000986c      0x108 hal/src/hal_usb_device.o
 .text.usb_d_cb_trans_setup
                0x00009974       0x8c hal/src/hal_usb_device.o
 .text.usb_d_init
                0x00009a00       0x68 hal/src/hal_usb_device.o
                0x00009a00                usb_d_init
 .text.usb_d_register_callback
                0x00009a68        0x8 hal/src/hal_usb_device.o
                0x00009a68                usb_d_register_callback
 .text.usb_d_enable
                0x00009a70        0x8 hal/src/hal_usb_device.o
                0x00009a70                usb_d_enable
 .text.usb_d_attach
                0x00009a78        0x8 hal/src/hal_usb_device.o
                0x00009a78                usb_d_attach
 .text.usb_d_get_frame_num
                0x00009a80        0x8 hal/src/hal_usb_device.o
                0x00009a80                usb_d_get_frame_num
 .text.usb_d_set_address
                0x00009a88        0x8 hal/src/hal_usb_device.o
                0x00009a88                usb_d_set_address
 .text.usb_d_ep_init
                0x00009a90       0x50 hal/src/hal_usb_device.o
                0x00009a90                usb_d_ep_init
 .text.usb_d_ep0_init
                0x00009ae0       0x10 hal/src/hal_usb_device.o
                0x00009ae0                usb_d_ep0_init
 .text.usb_d_ep_deinit
                0x00009af0       0x2c hal/src/hal_usb_device.o
                0x00009af0                usb_d_ep_deinit
 .text.usb_d_ep_enable
                0x00009b1c       0x40 hal/src/hal_usb_device.o
                0x00009b1c                usb_d_ep_enable
 .text.usb_d_ep_transfer
                0x00009b5c       0xf8 hal/src/hal_usb_device.o
                0x00009b5c                usb_d_ep_transfer
 .text.usb_d_ep_halt
                0x00009c54       0x64 hal/src/hal_usb_device.o
                0x00009c54                usb_d_ep_halt
 .text.usb_d_ep_register_callback
                0x00009cb8       0x4c hal/src/hal_usb_device.o
                0x00009cb8                usb_d_ep_register_callback
 .text.is_list_element
                0x00009d04        0xe hal/utils/src/utils_list.o
                0x00009d04                is_list_element
 .text.list_insert_as_head
                0x00009d12        0x8 hal/utils/src/utils_list.o
                0x00009d12                list_insert_as_head
 .text.list_insert_after
                0x00009d1a        0x8 hal/utils/src/utils_list.o
                0x00009d1a                list_insert_after
 .text.list_insert_at_end
                0x00009d22       0x18 hal/utils/src/utils_list.o
                0x00009d22                list_insert_at_end
 .text.list_remove_head
                0x00009d3a        0xc hal/utils/src/utils_list.o
                0x00009d3a                list_remove_head
 .text.ringbuffer_init
                0x00009d46       0x18 hal/utils/src/utils_ringbuffer.o
                0x00009d46                ringbuffer_init
 .text.ringbuffer_get
                0x00009d5e       0x22 hal/utils/src/utils_ringbuffer.o
                0x00009d5e                ringbuffer_get
 .text.ringbuffer_put
                0x00009d80       0x26 hal/utils/src/utils_ringbuffer.o
                0x00009d80                ringbuffer_put
 .text.ringbuffer_num
                0x00009da6        0x8 hal/utils/src/utils_ringbuffer.o
                0x00009da6                ringbuffer_num
 *fill*         0x00009dae        0x2 
 .text._sbrk    0x00009db0       0x1c hal/utils/src/utils_syscalls.o
                0x00009db0                _sbrk
 .text._close   0x00009dcc        0x6 hal/utils/src/utils_syscalls.o
                0x00009dcc                _close
 .text._fstat   0x00009dd2        0xa hal/utils/src/utils_syscalls.o
                0x00009dd2                _fstat
 .text._isatty  0x00009ddc        0x4 hal/utils/src/utils_syscalls.o
                0x00009ddc                _isatty
 .text._lseek   0x00009de0        0x4 hal/utils/src/utils_syscalls.o
                0x00009de0                _lseek
 .text.__NVIC_DisableIRQ
                0x00009de4       0x28 hpl/adc/hpl_adc.o
 .text.__NVIC_ClearPendingIRQ
                0x00009e0c       0x20 hpl/adc/hpl_adc.o
 .text.hri_adc_wait_for_sync
                0x00009e2c        0x8 hpl/adc/hpl_adc.o
 .text.hri_adc_set_CTRLA_ENABLE_bit
                0x00009e34       0x14 hpl/adc/hpl_adc.o
 .text.hri_adc_clear_CTRLA_ENABLE_bit
                0x00009e48       0x18 hpl/adc/hpl_adc.o
 .text._adc_get_regs
                0x00009e60       0x14 hpl/adc/hpl_adc.o
 .text._adc_interrupt_handler
                0x00009e74       0x4e hpl/adc/hpl_adc.o
 .text._adc_get_irq_num.isra.0
                0x00009ec2       0x14 hpl/adc/hpl_adc.o
 *fill*         0x00009ed6        0x2 
 .text._adc_init
                0x00009ed8       0xc8 hpl/adc/hpl_adc.o
 .text._adc_async_init
                0x00009fa0       0xb4 hpl/adc/hpl_adc.o
                0x00009fa0                _adc_async_init
 .text._adc_async_enable_channel
                0x0000a054        0xc hpl/adc/hpl_adc.o
                0x0000a054                _adc_async_enable_channel
 .text._adc_async_get_data_size
                0x0000a060       0x12 hpl/adc/hpl_adc.o
                0x0000a060                _adc_async_get_data_size
 *fill*         0x0000a072        0x2 
 .text._adc_async_convert
                0x0000a074       0x18 hpl/adc/hpl_adc.o
                0x0000a074                _adc_async_convert
 .text._adc_async_set_irq_state
                0x0000a08c       0x20 hpl/adc/hpl_adc.o
                0x0000a08c                _adc_async_set_irq_state
 .text.ADC0_1_Handler
                0x0000a0ac       0x10 hpl/adc/hpl_adc.o
                0x0000a0ac                ADC0_1_Handler
 .text.ADC0_0_Handler
                0x0000a0bc        0x8 hpl/adc/hpl_adc.o
                0x0000a0bc                ADC0_0_Handler
 .text.ADC1_1_Handler
                0x0000a0c4       0x10 hpl/adc/hpl_adc.o
                0x0000a0c4                ADC1_1_Handler
 .text.ADC1_0_Handler
                0x0000a0d4        0x8 hpl/adc/hpl_adc.o
                0x0000a0d4                ADC1_0_Handler
 .text._irq_set
                0x0000a0dc       0x1c hpl/core/hpl_core_m4.o
                0x0000a0dc                _irq_set
 .text._get_cycles_for_us
                0x0000a0f8        0x6 hpl/core/hpl_core_m4.o
                0x0000a0f8                _get_cycles_for_us
 *fill*         0x0000a0fe        0x2 
 .text._get_cycles_for_ms
                0x0000a100        0xc hpl/core/hpl_core_m4.o
                0x0000a100                _get_cycles_for_ms
 .text._init_chip
                0x0000a10c       0x5c hpl/core/hpl_init.o
                0x0000a10c                _init_chip
 .text._dmac_handler
                0x0000a168       0x50 hpl/dmac/hpl_dmac.o
 .text._dma_init
                0x0000a1b8       0xd0 hpl/dmac/hpl_dmac.o
                0x0000a1b8                _dma_init
 .text._dma_set_irq_state
                0x0000a288       0x28 hpl/dmac/hpl_dmac.o
                0x0000a288                _dma_set_irq_state
 .text._dma_set_destination_address
                0x0000a2b0       0x10 hpl/dmac/hpl_dmac.o
                0x0000a2b0                _dma_set_destination_address
 .text._dma_set_source_address
                0x0000a2c0       0x10 hpl/dmac/hpl_dmac.o
                0x0000a2c0                _dma_set_source_address
 .text._dma_srcinc_enable
                0x0000a2d0       0x1c hpl/dmac/hpl_dmac.o
                0x0000a2d0                _dma_srcinc_enable
 .text._dma_set_data_amount
                0x0000a2ec       0x44 hpl/dmac/hpl_dmac.o
                0x0000a2ec                _dma_set_data_amount
 .text._dma_enable_transaction
                0x0000a330       0x3c hpl/dmac/hpl_dmac.o
                0x0000a330                _dma_enable_transaction
 .text._dma_get_channel_resource
                0x0000a36c       0x14 hpl/dmac/hpl_dmac.o
                0x0000a36c                _dma_get_channel_resource
 .text.DMAC_0_Handler
                0x0000a380        0x8 hpl/dmac/hpl_dmac.o
                0x0000a380                DMAC_0_Handler
 .text.DMAC_1_Handler
                0x0000a388        0x8 hpl/dmac/hpl_dmac.o
                0x0000a388                DMAC_1_Handler
 .text.DMAC_2_Handler
                0x0000a390        0x8 hpl/dmac/hpl_dmac.o
                0x0000a390                DMAC_2_Handler
 .text.DMAC_3_Handler
                0x0000a398        0x8 hpl/dmac/hpl_dmac.o
                0x0000a398                DMAC_3_Handler
 .text.DMAC_4_Handler
                0x0000a3a0        0x8 hpl/dmac/hpl_dmac.o
                0x0000a3a0                DMAC_4_Handler
 .text._crc_sync_init
                0x0000a3a8        0x6 hpl/dsu/hpl_dsu.o
                0x0000a3a8                _crc_sync_init
 *fill*         0x0000a3ae        0x2 
 .text._event_system_init
                0x0000a3b0       0x58 hpl/evsys/hpl_evsys.o
                0x0000a3b0                _event_system_init
 .text.hri_gclk_wait_for_sync.constprop.0
                0x0000a408       0x14 hpl/gclk/hpl_gclk.o
 .text._gclk_init_generators_by_fref
                0x0000a41c       0x58 hpl/gclk/hpl_gclk.o
                0x0000a41c                _gclk_init_generators_by_fref
 .text._mclk_init
                0x0000a474        0xc hpl/mclk/hpl_mclk.o
                0x0000a474                _mclk_init
 .text._user_row_write_exec
                0x0000a480       0x88 hpl/nvmctrl/hpl_nvmctrl.o
 .text._flash_init
                0x0000a508       0x4c hpl/nvmctrl/hpl_nvmctrl.o
                0x0000a508                _flash_init
 .text._flash_get_page_size
                0x0000a554        0x6 hpl/nvmctrl/hpl_nvmctrl.o
                0x0000a554                _flash_get_page_size
 .text._flash_get_total_pages
                0x0000a55a        0x8 hpl/nvmctrl/hpl_nvmctrl.o
                0x0000a55a                _flash_get_total_pages
 .text._flash_read
                0x0000a562       0x1e hpl/nvmctrl/hpl_nvmctrl.o
                0x0000a562                _flash_read
 .text.NVMCTRL_1_Handler
                0x0000a580       0x2c hpl/nvmctrl/hpl_nvmctrl.o
                0x0000a580                NVMCTRL_1_Handler
 .text.NVMCTRL_0_Handler
                0x0000a5ac        0x8 hpl/nvmctrl/hpl_nvmctrl.o
                0x0000a5ac                NVMCTRL_0_Handler
 .text._user_area_read
                0x0000a5b4       0x60 hpl/nvmctrl/hpl_nvmctrl.o
                0x0000a5b4                _user_area_read
 .text._user_area_write
                0x0000a614       0x78 hpl/nvmctrl/hpl_nvmctrl.o
                0x0000a614                _user_area_write
 .text._osc32kctrl_init_sources
                0x0000a68c       0x14 hpl/osc32kctrl/hpl_osc32kctrl.o
                0x0000a68c                _osc32kctrl_init_sources
 .text._oscctrl_init_sources
                0x0000a6a0        0x2 hpl/oscctrl/hpl_oscctrl.o
                0x0000a6a0                _oscctrl_init_sources
 *fill*         0x0000a6a2        0x2 
 .text._oscctrl_init_referenced_generators
                0x0000a6a4       0xfc hpl/oscctrl/hpl_oscctrl.o
                0x0000a6a4                _oscctrl_init_referenced_generators
 .text._qspi_dma_tx_complete
                0x0000a7a0       0x14 hpl/qspi/hpl_qspi.o
 .text._qspi_dma_rx_complete
                0x0000a7b4        0x8 hpl/qspi/hpl_qspi.o
 .text._qspi_dma_error_occured
                0x0000a7bc        0xa hpl/qspi/hpl_qspi.o
 *fill*         0x0000a7c6        0x2 
 .text._qspi_dma_init
                0x0000a7c8       0x58 hpl/qspi/hpl_qspi.o
                0x0000a7c8                _qspi_dma_init
 .text.RAMECC_Handler
                0x0000a820       0x3c hpl/ramecc/hpl_ramecc.o
                0x0000a820                RAMECC_Handler
 .text.hri_rtcmode0_wait_for_sync
                0x0000a85c        0x8 hpl/rtc/hpl_rtc.o
 .text._rtc_timer_stop
                0x0000a864       0x1c hpl/rtc/hpl_rtc.o
                0x0000a864                _rtc_timer_stop
 .text._rtc_timer_set_period
                0x0000a880       0x10 hpl/rtc/hpl_rtc.o
                0x0000a880                _rtc_timer_set_period
 .text._rtc_timer_get_period
                0x0000a890       0x14 hpl/rtc/hpl_rtc.o
                0x0000a890                _rtc_timer_get_period
 .text._rtc_timer_is_started
                0x0000a8a4       0x1c hpl/rtc/hpl_rtc.o
                0x0000a8a4                _rtc_timer_is_started
 .text._rtc_timer_set_irq
                0x0000a8c0        0x2 hpl/rtc/hpl_rtc.o
                0x0000a8c0                _rtc_timer_set_irq
 *fill*         0x0000a8c2        0x2 
 .text._rtc_timer_start
                0x0000a8c4       0x3c hpl/rtc/hpl_rtc.o
                0x0000a8c4                _rtc_timer_start
 .text._rtc_timer_deinit
                0x0000a900       0x28 hpl/rtc/hpl_rtc.o
                0x0000a900                _rtc_timer_deinit
 .text._rtc_timer_init
                0x0000a928       0x48 hpl/rtc/hpl_rtc.o
                0x0000a928                _rtc_timer_init
 .text._rtc_get_timer
                0x0000a970        0x8 hpl/rtc/hpl_rtc.o
                0x0000a970                _rtc_get_timer
 .text.RTC_Handler
                0x0000a978       0x24 hpl/rtc/hpl_rtc.o
                0x0000a978                RTC_Handler
 .text.__NVIC_EnableIRQ
                0x0000a99c       0x1c hpl/sercom/hpl_sercom.o
 .text.__NVIC_DisableIRQ
                0x0000a9b8       0x28 hpl/sercom/hpl_sercom.o
 .text.__NVIC_ClearPendingIRQ
                0x0000a9e0       0x20 hpl/sercom/hpl_sercom.o
 .text.hri_sercomi2cm_wait_for_sync
                0x0000aa00        0x8 hpl/sercom/hpl_sercom.o
 .text.hri_sercomspi_wait_for_sync
                0x0000aa08        0x8 hpl/sercom/hpl_sercom.o
 .text.hri_sercomusart_wait_for_sync
                0x0000aa10        0x8 hpl/sercom/hpl_sercom.o
 .text.hri_sercomi2cm_clear_CTRLA_ENABLE_bit
                0x0000aa18       0x14 hpl/sercom/hpl_sercom.o
 .text.hri_sercomspi_clear_CTRLA_ENABLE_bit
                0x0000aa2c       0x14 hpl/sercom/hpl_sercom.o
 .text.hri_sercomusart_get_CTRLA_ENABLE_bit
                0x0000aa40       0x14 hpl/sercom/hpl_sercom.o
 .text.hri_sercomusart_write_CTRLA_ENABLE_bit
                0x0000aa54       0x18 hpl/sercom/hpl_sercom.o
 .text.hri_sercomusart_clear_CTRLA_ENABLE_bit
                0x0000aa6c       0x14 hpl/sercom/hpl_sercom.o
 .text._sercom_get_hardware_index
                0x0000aa80       0x34 hpl/sercom/hpl_sercom.o
 .text._sercom_usart_interrupt_handler
                0x0000aab4       0x70 hpl/sercom/hpl_sercom.o
 .text._sercom_init_irq_param
                0x0000ab24       0x60 hpl/sercom/hpl_sercom.o
 .text._get_i2cm_index
                0x0000ab84       0x14 hpl/sercom/hpl_sercom.o
 .text._sercom_get_irq_num
                0x0000ab98       0x14 hpl/sercom/hpl_sercom.o
 .text._spi_sync_enable
                0x0000abac       0x28 hpl/sercom/hpl_sercom.o
 .text._spi_get_regs
                0x0000abd4       0x2c hpl/sercom/hpl_sercom.o
 .text._spi_get_tx_dma_channel
                0x0000ac00       0x14 hpl/sercom/hpl_sercom.o
 .text._spi_get_rx_dma_channel
                0x0000ac14       0x14 hpl/sercom/hpl_sercom.o
 .text._spi_dma_rx_complete
                0x0000ac28        0xa hpl/sercom/hpl_sercom.o
 .text._spi_dma_tx_complete
                0x0000ac32        0xa hpl/sercom/hpl_sercom.o
 .text._spi_dma_error_occured
                0x0000ac3c        0xa hpl/sercom/hpl_sercom.o
 *fill*         0x0000ac46        0x2 
 .text._usart_set_parity
                0x0000ac48       0x78 hpl/sercom/hpl_sercom.o
 .text._sercom_i2c_send_stop
                0x0000acc0       0x14 hpl/sercom/hpl_sercom.o
 .text._sercom_i2c_sync_analyse_flags
                0x0000acd4      0x16c hpl/sercom/hpl_sercom.o
 .text._spi_load_regs_master
                0x0000ae40       0x3c hpl/sercom/hpl_sercom.o
 .text._spi_set_mode
                0x0000ae7c       0x34 hpl/sercom/hpl_sercom.o
 .text._i2c_m_sync_init_impl
                0x0000aeb0       0xb0 hpl/sercom/hpl_sercom.o
 .text._usart_init
                0x0000af60       0xdc hpl/sercom/hpl_sercom.o
 .text._usart_sync_init
                0x0000b03c        0xc hpl/sercom/hpl_sercom.o
                0x0000b03c                _usart_sync_init
 .text._usart_async_init
                0x0000b048       0x64 hpl/sercom/hpl_sercom.o
                0x0000b048                _usart_async_init
 .text._usart_sync_enable
                0x0000b0ac       0x14 hpl/sercom/hpl_sercom.o
                0x0000b0ac                _usart_sync_enable
 .text._usart_async_enable
                0x0000b0c0       0x14 hpl/sercom/hpl_sercom.o
                0x0000b0c0                _usart_async_enable
 .text._usart_async_disable
                0x0000b0d4        0xc hpl/sercom/hpl_sercom.o
                0x0000b0d4                _usart_async_disable
 .text._usart_async_set_parity
                0x0000b0e0        0xc hpl/sercom/hpl_sercom.o
                0x0000b0e0                _usart_async_set_parity
 .text._usart_sync_write_byte
                0x0000b0ec        0x6 hpl/sercom/hpl_sercom.o
                0x0000b0ec                _usart_sync_write_byte
 .text._usart_async_write_byte
                0x0000b0f2        0x6 hpl/sercom/hpl_sercom.o
                0x0000b0f2                _usart_async_write_byte
 .text._usart_sync_read_byte
                0x0000b0f8        0x8 hpl/sercom/hpl_sercom.o
                0x0000b0f8                _usart_sync_read_byte
 .text._usart_sync_is_ready_to_send
                0x0000b100        0xa hpl/sercom/hpl_sercom.o
                0x0000b100                _usart_sync_is_ready_to_send
 .text._usart_sync_is_transmit_done
                0x0000b10a        0xa hpl/sercom/hpl_sercom.o
                0x0000b10a                _usart_sync_is_transmit_done
 .text._usart_sync_is_byte_received
                0x0000b114        0xa hpl/sercom/hpl_sercom.o
                0x0000b114                _usart_sync_is_byte_received
 .text._usart_async_enable_byte_sent_irq
                0x0000b11e        0x8 hpl/sercom/hpl_sercom.o
                0x0000b11e                _usart_async_enable_byte_sent_irq
 .text._usart_async_enable_tx_done_irq
                0x0000b126        0x8 hpl/sercom/hpl_sercom.o
                0x0000b126                _usart_async_enable_tx_done_irq
 .text._usart_async_set_irq_state
                0x0000b12e       0x32 hpl/sercom/hpl_sercom.o
                0x0000b12e                _usart_async_set_irq_state
 .text._i2c_m_async_init
                0x0000b160       0x64 hpl/sercom/hpl_sercom.o
                0x0000b160                _i2c_m_async_init
 .text._i2c_m_async_transfer
                0x0000b1c4       0xc0 hpl/sercom/hpl_sercom.o
                0x0000b1c4                _i2c_m_async_transfer
 .text._i2c_m_async_register_callback
                0x0000b284       0x1a hpl/sercom/hpl_sercom.o
                0x0000b284                _i2c_m_async_register_callback
 *fill*         0x0000b29e        0x2 
 .text.SERCOM0_3_Handler
                0x0000b2a0       0x10 hpl/sercom/hpl_sercom.o
                0x0000b2a0                SERCOM0_3_Handler
 .text.SERCOM0_2_Handler
                0x0000b2b0        0x8 hpl/sercom/hpl_sercom.o
                0x0000b2b0                SERCOM0_2_Handler
 .text.SERCOM0_1_Handler
                0x0000b2b8        0x8 hpl/sercom/hpl_sercom.o
                0x0000b2b8                SERCOM0_1_Handler
 .text.SERCOM0_0_Handler
                0x0000b2c0        0x8 hpl/sercom/hpl_sercom.o
                0x0000b2c0                SERCOM0_0_Handler
 .text.SERCOM1_3_Handler
                0x0000b2c8       0x10 hpl/sercom/hpl_sercom.o
                0x0000b2c8                SERCOM1_3_Handler
 .text.SERCOM1_2_Handler
                0x0000b2d8        0x8 hpl/sercom/hpl_sercom.o
                0x0000b2d8                SERCOM1_2_Handler
 .text.SERCOM1_1_Handler
                0x0000b2e0        0x8 hpl/sercom/hpl_sercom.o
                0x0000b2e0                SERCOM1_1_Handler
 .text.SERCOM1_0_Handler
                0x0000b2e8        0x8 hpl/sercom/hpl_sercom.o
                0x0000b2e8                SERCOM1_0_Handler
 .text.SERCOM3_3_Handler
                0x0000b2f0       0x44 hpl/sercom/hpl_sercom.o
                0x0000b2f0                SERCOM3_3_Handler
 .text.SERCOM3_2_Handler
                0x0000b334        0x8 hpl/sercom/hpl_sercom.o
                0x0000b334                SERCOM3_2_Handler
 .text.SERCOM3_1_Handler
                0x0000b33c        0x8 hpl/sercom/hpl_sercom.o
                0x0000b33c                SERCOM3_1_Handler
 .text.SERCOM3_0_Handler
                0x0000b344        0x8 hpl/sercom/hpl_sercom.o
                0x0000b344                SERCOM3_0_Handler
 .text.SERCOM4_3_Handler
                0x0000b34c       0x10 hpl/sercom/hpl_sercom.o
                0x0000b34c                SERCOM4_3_Handler
 .text.SERCOM4_2_Handler
                0x0000b35c        0x8 hpl/sercom/hpl_sercom.o
                0x0000b35c                SERCOM4_2_Handler
 .text.SERCOM4_1_Handler
                0x0000b364        0x8 hpl/sercom/hpl_sercom.o
                0x0000b364                SERCOM4_1_Handler
 .text.SERCOM4_0_Handler
                0x0000b36c        0x8 hpl/sercom/hpl_sercom.o
                0x0000b36c                SERCOM4_0_Handler
 .text.SERCOM5_3_Handler
                0x0000b374       0x64 hpl/sercom/hpl_sercom.o
                0x0000b374                SERCOM5_3_Handler
 .text.SERCOM5_2_Handler
                0x0000b3d8        0x8 hpl/sercom/hpl_sercom.o
                0x0000b3d8                SERCOM5_2_Handler
 .text.SERCOM5_1_Handler
                0x0000b3e0        0x8 hpl/sercom/hpl_sercom.o
                0x0000b3e0                SERCOM5_1_Handler
 .text.SERCOM5_0_Handler
                0x0000b3e8        0x8 hpl/sercom/hpl_sercom.o
                0x0000b3e8                SERCOM5_0_Handler
 .text.SERCOM6_3_Handler
                0x0000b3f0       0x10 hpl/sercom/hpl_sercom.o
                0x0000b3f0                SERCOM6_3_Handler
 .text.SERCOM6_2_Handler
                0x0000b400        0x8 hpl/sercom/hpl_sercom.o
                0x0000b400                SERCOM6_2_Handler
 .text.SERCOM6_1_Handler
                0x0000b408        0x8 hpl/sercom/hpl_sercom.o
                0x0000b408                SERCOM6_1_Handler
 .text.SERCOM6_0_Handler
                0x0000b410        0x8 hpl/sercom/hpl_sercom.o
                0x0000b410                SERCOM6_0_Handler
 .text._spi_m_sync_init
                0x0000b418       0xd0 hpl/sercom/hpl_sercom.o
                0x0000b418                _spi_m_sync_init
 .text._spi_m_async_init
                0x0000b4e8       0x58 hpl/sercom/hpl_sercom.o
                0x0000b4e8                _spi_m_async_init
 .text._spi_s_async_enable
                0x0000b540       0x34 hpl/sercom/hpl_sercom.o
                0x0000b540                _spi_s_async_enable
 .text._spi_m_async_enable
                0x0000b574        0x8 hpl/sercom/hpl_sercom.o
                0x0000b574                _spi_m_async_enable
 .text._spi_s_async_set_mode
                0x0000b57c        0xc hpl/sercom/hpl_sercom.o
                0x0000b57c                _spi_s_async_set_mode
 .text._spi_m_async_set_mode
                0x0000b588        0x8 hpl/sercom/hpl_sercom.o
                0x0000b588                _spi_m_async_set_mode
 .text._spi_m_async_set_baudrate
                0x0000b590       0x14 hpl/sercom/hpl_sercom.o
                0x0000b590                _spi_m_async_set_baudrate
 .text._spi_m_async_enable_tx
                0x0000b5a4       0x10 hpl/sercom/hpl_sercom.o
                0x0000b5a4                _spi_m_async_enable_tx
 .text._spi_m_async_enable_rx
                0x0000b5b4       0x10 hpl/sercom/hpl_sercom.o
                0x0000b5b4                _spi_m_async_enable_rx
 .text._spi_m_async_enable_tx_complete
                0x0000b5c4       0x10 hpl/sercom/hpl_sercom.o
                0x0000b5c4                _spi_m_async_enable_tx_complete
 .text._spi_m_async_write_one
                0x0000b5d4        0x8 hpl/sercom/hpl_sercom.o
                0x0000b5d4                _spi_m_async_write_one
 .text._spi_m_async_read_one
                0x0000b5dc        0x8 hpl/sercom/hpl_sercom.o
                0x0000b5dc                _spi_m_async_read_one
 .text._spi_m_async_register_callback
                0x0000b5e4        0xa hpl/sercom/hpl_sercom.o
                0x0000b5e4                _spi_m_async_register_callback
 .text._spi_m_async_set_irq_state
                0x0000b5ee       0x12 hpl/sercom/hpl_sercom.o
                0x0000b5ee                _spi_m_async_set_irq_state
 .text._spi_m_dma_init
                0x0000b600       0xc4 hpl/sercom/hpl_sercom.o
                0x0000b600                _spi_m_dma_init
 .text._spi_m_dma_enable
                0x0000b6c4        0xc hpl/sercom/hpl_sercom.o
                0x0000b6c4                _spi_m_dma_enable
 .text._spi_m_dma_register_callback
                0x0000b6d0       0x64 hpl/sercom/hpl_sercom.o
                0x0000b6d0                _spi_m_dma_register_callback
 .text._spi_m_dma_transfer
                0x0000b734       0xf8 hpl/sercom/hpl_sercom.o
                0x0000b734                _spi_m_dma_transfer
 .text._delay_init
                0x0000b82c       0x14 hpl/systick/hpl_systick.o
                0x0000b82c                _delay_init
 .text._delay_cycles
                0x0000b840       0x38 hpl/systick/hpl_systick.o
                0x0000b840                _delay_cycles
 .text.__NVIC_DisableIRQ
                0x0000b878       0x28 hpl/tc/hpl_tc.o
 .text.hri_tc_wait_for_sync
                0x0000b8a0        0x8 hpl/tc/hpl_tc.o
 .text._tc_timer_start
                0x0000b8a8       0x14 hpl/tc/hpl_tc.o
                0x0000b8a8                _tc_timer_start
 .text._tc_timer_get_period
                0x0000b8bc       0x50 hpl/tc/hpl_tc.o
                0x0000b8bc                _tc_timer_get_period
 .text._tc_timer_is_started
                0x0000b90c       0x18 hpl/tc/hpl_tc.o
                0x0000b90c                _tc_timer_is_started
 .text.tc_interrupt_handler
                0x0000b924       0x12 hpl/tc/hpl_tc.o
 *fill*         0x0000b936        0x2 
 .text.get_tc_index
                0x0000b938       0x50 hpl/tc/hpl_tc.o
 .text._tc_timer_set_irq
                0x0000b988       0x28 hpl/tc/hpl_tc.o
                0x0000b988                _tc_timer_set_irq
 .text._tc_timer_stop
                0x0000b9b0       0x14 hpl/tc/hpl_tc.o
                0x0000b9b0                _tc_timer_stop
 .text._tc_timer_deinit
                0x0000b9c4       0x4c hpl/tc/hpl_tc.o
                0x0000b9c4                _tc_timer_deinit
 .text._tc_timer_init
                0x0000ba10      0x150 hpl/tc/hpl_tc.o
                0x0000ba10                _tc_timer_init
 .text._tc_timer_set_period
                0x0000bb60       0x3c hpl/tc/hpl_tc.o
                0x0000bb60                _tc_timer_set_period
 .text._tc_get_timer
                0x0000bb9c        0x8 hpl/tc/hpl_tc.o
                0x0000bb9c                _tc_get_timer
 .text.TC0_Handler
                0x0000bba4       0x10 hpl/tc/hpl_tc.o
                0x0000bba4                TC0_Handler
 .text.TC1_Handler
                0x0000bbb4       0x10 hpl/tc/hpl_tc.o
                0x0000bbb4                TC1_Handler
 .text.TC2_Handler
                0x0000bbc4       0x10 hpl/tc/hpl_tc.o
                0x0000bbc4                TC2_Handler
 .text.TC3_Handler
                0x0000bbd4       0x10 hpl/tc/hpl_tc.o
                0x0000bbd4                TC3_Handler
 .text._dummy_func_no_return
                0x0000bbe4        0x4 hpl/usb/hpl_usb.o
 .text._usb_d_dev_wait_dfll_rdy
                0x0000bbe8       0x24 hpl/usb/hpl_usb.o
 .text._usb_d_dev_ept
                0x0000bc0c       0x18 hpl/usb/hpl_usb.o
 .text._usb_d_dev_handle_setup
                0x0000bc24       0x84 hpl/usb/hpl_usb.o
 .text._usb_d_dev_handle_stall
                0x0000bca8       0x28 hpl/usb/hpl_usb.o
 .text._usb_d_dev_trans_done
                0x0000bcd0       0x24 hpl/usb/hpl_usb.o
 .text._usb_d_dev_trans_stop
                0x0000bcf4       0x64 hpl/usb/hpl_usb.o
 .text._usb_d_dev_handle_trfail
                0x0000bd58       0xec hpl/usb/hpl_usb.o
 .text._usb_d_dev_reset_epts
                0x0000be44       0x3c hpl/usb/hpl_usb.o
 .text._usb_d_dev_in_next
                0x0000be80      0x158 hpl/usb/hpl_usb.o
 .text._usb_d_dev_out_next
                0x0000bfd8      0x1ac hpl/usb/hpl_usb.o
 .text._usb_d_dev_handler
                0x0000c184      0x1dc hpl/usb/hpl_usb.o
 .text._usbd_ep_pcksize_size
                0x0000c360       0x3e hpl/usb/hpl_usb.o
 *fill*         0x0000c39e        0x2 
 .text._usb_d_dev_init
                0x0000c3a0       0xe8 hpl/usb/hpl_usb.o
                0x0000c3a0                _usb_d_dev_init
 .text._usb_d_dev_enable
                0x0000c488       0x5c hpl/usb/hpl_usb.o
                0x0000c488                _usb_d_dev_enable
 .text._usb_d_dev_attach
                0x0000c4e4       0x12 hpl/usb/hpl_usb.o
                0x0000c4e4                _usb_d_dev_attach
 .text._usb_d_dev_set_address
                0x0000c4f6        0xc hpl/usb/hpl_usb.o
                0x0000c4f6                _usb_d_dev_set_address
 .text._usb_d_dev_get_frame_n
                0x0000c502        0xc hpl/usb/hpl_usb.o
                0x0000c502                _usb_d_dev_get_frame_n
 *fill*         0x0000c50e        0x2 
 .text._usb_d_dev_ep_init
                0x0000c510       0xc0 hpl/usb/hpl_usb.o
                0x0000c510                _usb_d_dev_ep_init
 .text._usb_d_dev_ep_deinit
                0x0000c5d0       0x84 hpl/usb/hpl_usb.o
                0x0000c5d0                _usb_d_dev_ep_deinit
 .text._usb_d_dev_ep_enable
                0x0000c654      0x17c hpl/usb/hpl_usb.o
                0x0000c654                _usb_d_dev_ep_enable
 .text._usb_d_dev_ep_stall
                0x0000c7d0       0xe4 hpl/usb/hpl_usb.o
                0x0000c7d0                _usb_d_dev_ep_stall
 .text._usb_d_dev_ep_read_req
                0x0000c8b4       0x54 hpl/usb/hpl_usb.o
                0x0000c8b4                _usb_d_dev_ep_read_req
 .text._usb_d_dev_ep_trans
                0x0000c908      0x108 hpl/usb/hpl_usb.o
                0x0000c908                _usb_d_dev_ep_trans
 .text._usb_d_dev_register_callback
                0x0000ca10       0x24 hpl/usb/hpl_usb.o
                0x0000ca10                _usb_d_dev_register_callback
 .text._usb_d_dev_register_ep_callback
                0x0000ca34       0x2c hpl/usb/hpl_usb.o
                0x0000ca34                _usb_d_dev_register_ep_callback
 .text.USB_0_Handler
                0x0000ca60        0x8 hpl/usb/hpl_usb.o
                0x0000ca60                USB_0_Handler
 .text.USB_1_Handler
                0x0000ca68        0x8 hpl/usb/hpl_usb.o
                0x0000ca68                USB_1_Handler
 .text.USB_2_Handler
                0x0000ca70        0x8 hpl/usb/hpl_usb.o
                0x0000ca70                USB_2_Handler
 .text.USB_3_Handler
                0x0000ca78        0x8 hpl/usb/hpl_usb.o
                0x0000ca78                USB_3_Handler
 .text._wdt_init
                0x0000ca80       0x42 hpl/wdt/hpl_wdt.o
                0x0000ca80                _wdt_init
 *fill*         0x0000cac2        0x2 
 .text.RTC_Scheduler_report_cb
                0x0000cac4        0xc main.o
 .text.RTC_Scheduler_heartbeat_cb
                0x0000cad0       0x30 main.o
 .text.RTC_Scheduler_ping_cb
                0x0000cb00       0x30 main.o
 .text.RTC_Scheduler_realtime_cb
                0x0000cb30       0x98 main.o
 .text.init_timer
                0x0000cbc8       0x84 main.o
                0x0000cbc8                init_timer
 .text.startup.main
                0x0000cc4c      0x4f8 main.o
                0x0000cc4c                main
 .text._read    0x0000d144       0x20 stdio_redirect/gcc/read.o
                0x0000d144                _read
 .text._write   0x0000d164       0x24 stdio_redirect/gcc/write.o
                0x0000d164                _write
 .text.stdio_io_init
                0x0000d188       0x2c stdio_redirect/stdio_io.o
                0x0000d188                stdio_io_init
 .text.stdio_io_read
                0x0000d1b4       0x1c stdio_redirect/stdio_io.o
                0x0000d1b4                stdio_io_read
 .text.stdio_io_write
                0x0000d1d0       0x1c stdio_redirect/stdio_io.o
                0x0000d1d0                stdio_io_write
 .text.stdio_redirect_init
                0x0000d1ec       0x20 stdio_start.o
                0x0000d1ec                stdio_redirect_init
 .text.cdcdf_acm_req
                0x0000d20c       0xdc usb/class/cdc/device/cdcdf_acm.o
 .text.cdcdf_acm_ctrl
                0x0000d2e8      0x138 usb/class/cdc/device/cdcdf_acm.o
 .text.cdcdf_acm_init
                0x0000d420       0x44 usb/class/cdc/device/cdcdf_acm.o
                0x0000d420                cdcdf_acm_init
 .text.cdcdf_acm_read
                0x0000d464       0x2c usb/class/cdc/device/cdcdf_acm.o
                0x0000d464                cdcdf_acm_read
 .text.cdcdf_acm_write
                0x0000d490       0x2c usb/class/cdc/device/cdcdf_acm.o
                0x0000d490                cdcdf_acm_write
 .text.cdcdf_acm_register_callback
                0x0000d4bc       0x40 usb/class/cdc/device/cdcdf_acm.o
                0x0000d4bc                cdcdf_acm_register_callback
 .text.hid_keyboard_req
                0x0000d4fc       0x88 usb/class/hid/device/hiddf_keyboard.o
 .text.hid_keyboard_ctrl
                0x0000d584      0x110 usb/class/hid/device/hiddf_keyboard.o
 .text.hiddf_keyboard_init
                0x0000d694       0x44 usb/class/hid/device/hiddf_keyboard.o
                0x0000d694                hiddf_keyboard_init
 .text.hiddf_keyboard_keys_state_change
                0x0000d6d8       0x8c usb/class/hid/device/hiddf_keyboard.o
                0x0000d6d8                hiddf_keyboard_keys_state_change
 .text.hid_mouse_req
                0x0000d764       0x88 usb/class/hid/device/hiddf_mouse.o
 .text.hid_mouse_ctrl
                0x0000d7ec       0xe4 usb/class/hid/device/hiddf_mouse.o
 .text.hiddf_mouse_init
                0x0000d8d0       0x44 usb/class/hid/device/hiddf_mouse.o
                0x0000d8d0                hiddf_mouse_init
 .text.hiddf_mouse_move
                0x0000d914       0x48 usb/class/hid/device/hiddf_mouse.o
                0x0000d914                hiddf_mouse_move
 .text.audio_midi_req
                0x0000d95c       0x78 usb/class/midi/device/audiodf_midi.o
 .text.audio_midi_ctrl
                0x0000d9d4      0x180 usb/class/midi/device/audiodf_midi.o
 .text.audiodf_midi_init
                0x0000db54       0x44 usb/class/midi/device/audiodf_midi.o
                0x0000db54                audiodf_midi_init
 .text.audiodf_midi_write
                0x0000db98       0x28 usb/class/midi/device/audiodf_midi.o
                0x0000db98                audiodf_midi_write
 .text.audiodf_midi_read
                0x0000dbc0       0x20 usb/class/midi/device/audiodf_midi.o
                0x0000dbc0                audiodf_midi_read
 .text.audiodf_midi_register_callback
                0x0000dbe0       0x30 usb/class/midi/device/audiodf_midi.o
                0x0000dbe0                audiodf_midi_register_callback
 .text.usbdc_unconfig
                0x0000dc10       0x1c usb/device/usbdc.o
 .text.usbdc_change_notify
                0x0000dc2c       0x20 usb/device/usbdc.o
 .text.usbdc_request_handler
                0x0000dc4c       0x38 usb/device/usbdc.o
 .text.usbd_sof_cb
                0x0000dc84       0x18 usb/device/usbdc.o
 .text.usbdc_cb_ctl_done
                0x0000dc9c       0x68 usb/device/usbdc.o
 .text.usbdc_reset
                0x0000dd04       0x5c usb/device/usbdc.o
                0x0000dd04                usbdc_reset
 .text.usbd_event_cb
                0x0000dd60       0x18 usb/device/usbdc.o
 .text.usbdc_xfer
                0x0000dd78       0x20 usb/device/usbdc.o
                0x0000dd78                usbdc_xfer
 .text.usbdc_cb_ctl_req
                0x0000dd98      0x328 usb/device/usbdc.o
 .text.usbdc_register_handler
                0x0000e0c0       0x2c usb/device/usbdc.o
                0x0000e0c0                usbdc_register_handler
 .text.usbdc_init
                0x0000e0ec       0x44 usb/device/usbdc.o
                0x0000e0ec                usbdc_init
 .text.usbdc_register_function
                0x0000e130       0x10 usb/device/usbdc.o
                0x0000e130                usbdc_register_function
 .text.usbdc_start
                0x0000e140       0x34 usb/device/usbdc.o
                0x0000e140                usbdc_start
 .text.usbdc_attach
                0x0000e174        0x8 usb/device/usbdc.o
                0x0000e174                usbdc_attach
 .text.usbdc_get_ctrl_buffer
                0x0000e17c        0xc usb/device/usbdc.o
                0x0000e17c                usbdc_get_ctrl_buffer
 .text.usbdc_get_state
                0x0000e188       0x14 usb/device/usbdc.o
                0x0000e188                usbdc_get_state
 .text.usb_find_desc
                0x0000e19c       0x1a usb/usb_protocol.o
                0x0000e19c                usb_find_desc
 .text.usb_find_ep_desc
                0x0000e1b6       0x1c usb/usb_protocol.o
                0x0000e1b6                usb_find_ep_desc
 *fill*         0x0000e1d2        0x2 
 .text.usb_find_cfg_desc
                0x0000e1d4       0x3c usb/usb_protocol.o
                0x0000e1d4                usb_find_cfg_desc
 .text.usb_find_str_desc
                0x0000e210       0x30 usb/usb_protocol.o
                0x0000e210                usb_find_str_desc
 .text.gpio_get_pin_level
                0x0000e240       0x48 usb_start.o
 .text.hiddf_demo_sof_event
                0x0000e288       0x78 usb_start.o
 .text.composite_device_init
                0x0000e300       0x2c usb_start.o
                0x0000e300                composite_device_init
 .text.composite_device_start
                0x0000e32c       0x1c usb_start.o
                0x0000e32c                composite_device_start
 .text.usb_init
                0x0000e348        0x8 usb_start.o
                0x0000e348                usb_init
 .text          0x0000e350      0x370 c:/program files (x86)/atmel/studio/7.0/toolchain/arm/arm-gnu-toolchain/bin/../lib/gcc/arm-none-eabi/6.3.1/thumb/v7e-m\libgcc.a(_arm_addsubdf3.o)
                0x0000e350                __aeabi_drsub
                0x0000e358                __aeabi_dsub
                0x0000e358                __subdf3
                0x0000e35c                __aeabi_dadd
                0x0000e35c                __adddf3
                0x0000e5d4                __floatunsidf
                0x0000e5d4                __aeabi_ui2d
                0x0000e5f4                __floatsidf
                0x0000e5f4                __aeabi_i2d
                0x0000e618                __aeabi_f2d
                0x0000e618                __extendsfdf2
                0x0000e654                __floatundidf
                0x0000e654                __aeabi_ul2d
                0x0000e664                __floatdidf
                0x0000e664                __aeabi_l2d
 .text          0x0000e6c0      0x424 c:/program files (x86)/atmel/studio/7.0/toolchain/arm/arm-gnu-toolchain/bin/../lib/gcc/arm-none-eabi/6.3.1/thumb/v7e-m\libgcc.a(_arm_muldivdf3.o)
                0x0000e6c0                __aeabi_dmul
                0x0000e6c0                __muldf3
                0x0000e914                __divdf3
                0x0000e914                __aeabi_ddiv
 .text          0x0000eae4       0x40 c:/program files (x86)/atmel/studio/7.0/toolchain/arm/arm-gnu-toolchain/bin/../lib/gcc/arm-none-eabi/6.3.1/thumb/v7e-m\libgcc.a(_arm_fixunsdfsi.o)
                0x0000eae4                __aeabi_d2uiz
                0x0000eae4                __fixunsdfsi
 .text.__libc_init_array
                0x0000eb24       0x48 c:/program files (x86)/atmel/studio/7.0/toolchain/arm/arm-gnu-toolchain/bin/../lib/gcc/arm-none-eabi/6.3.1/../../../../arm-none-eabi/lib/thumb/v7e-m\libc_nano.a(lib_a-init.o)
                0x0000eb24                __libc_init_array
 .text.malloc   0x0000eb6c       0x10 c:/program files (x86)/atmel/studio/7.0/toolchain/arm/arm-gnu-toolchain/bin/../lib/gcc/arm-none-eabi/6.3.1/../../../../arm-none-eabi/lib/thumb/v7e-m\libc_nano.a(lib_a-malloc.o)
                0x0000eb6c                malloc
 .text.memcpy   0x0000eb7c       0x16 c:/program files (x86)/atmel/studio/7.0/toolchain/arm/arm-gnu-toolchain/bin/../lib/gcc/arm-none-eabi/6.3.1/../../../../arm-none-eabi/lib/thumb/v7e-m\libc_nano.a(lib_a-memcpy-stub.o)
                0x0000eb7c                memcpy
 .text.memset   0x0000eb92       0x10 c:/program files (x86)/atmel/studio/7.0/toolchain/arm/arm-gnu-toolchain/bin/../lib/gcc/arm-none-eabi/6.3.1/../../../../arm-none-eabi/lib/thumb/v7e-m\libc_nano.a(lib_a-memset.o)
                0x0000eb92                memset
 *fill*         0x0000eba2        0x2 
 .text._free_r  0x0000eba4       0x9c c:/program files (x86)/atmel/studio/7.0/toolchain/arm/arm-gnu-toolchain/bin/../lib/gcc/arm-none-eabi/6.3.1/../../../../arm-none-eabi/lib/thumb/v7e-m\libc_nano.a(lib_a-nano-freer.o)
                0x0000eba4                _free_r
 .text._malloc_r
                0x0000ec40       0xbc c:/program files (x86)/atmel/studio/7.0/toolchain/arm/arm-gnu-toolchain/bin/../lib/gcc/arm-none-eabi/6.3.1/../../../../arm-none-eabi/lib/thumb/v7e-m\libc_nano.a(lib_a-nano-mallocr.o)
                0x0000ec40                _malloc_r
 .text.printf   0x0000ecfc       0x30 c:/program files (x86)/atmel/studio/7.0/toolchain/arm/arm-gnu-toolchain/bin/../lib/gcc/arm-none-eabi/6.3.1/../../../../arm-none-eabi/lib/thumb/v7e-m\libc_nano.a(lib_a-printf.o)
                0x0000ecfc                iprintf
                0x0000ecfc                printf
 .text._puts_r  0x0000ed2c       0xb8 c:/program files (x86)/atmel/studio/7.0/toolchain/arm/arm-gnu-toolchain/bin/../lib/gcc/arm-none-eabi/6.3.1/../../../../arm-none-eabi/lib/thumb/v7e-m\libc_nano.a(lib_a-puts.o)
                0x0000ed2c                _puts_r
 .text.puts     0x0000ede4       0x10 c:/program files (x86)/atmel/studio/7.0/toolchain/arm/arm-gnu-toolchain/bin/../lib/gcc/arm-none-eabi/6.3.1/../../../../arm-none-eabi/lib/thumb/v7e-m\libc_nano.a(lib_a-puts.o)
                0x0000ede4                puts
 .text._sbrk_r  0x0000edf4       0x20 c:/program files (x86)/atmel/studio/7.0/toolchain/arm/arm-gnu-toolchain/bin/../lib/gcc/arm-none-eabi/6.3.1/../../../../arm-none-eabi/lib/thumb/v7e-m\libc_nano.a(lib_a-sbrkr.o)
                0x0000edf4                _sbrk_r
 .text.setbuf   0x0000ee14       0x10 c:/program files (x86)/atmel/studio/7.0/toolchain/arm/arm-gnu-toolchain/bin/../lib/gcc/arm-none-eabi/6.3.1/../../../../arm-none-eabi/lib/thumb/v7e-m\libc_nano.a(lib_a-setbuf.o)
                0x0000ee14                setbuf
 .text.setvbuf  0x0000ee24      0x15c c:/program files (x86)/atmel/studio/7.0/toolchain/arm/arm-gnu-toolchain/bin/../lib/gcc/arm-none-eabi/6.3.1/../../../../arm-none-eabi/lib/thumb/v7e-m\libc_nano.a(lib_a-setvbuf.o)
                0x0000ee24                setvbuf
 .text.sprintf  0x0000ef80       0x48 c:/program files (x86)/atmel/studio/7.0/toolchain/arm/arm-gnu-toolchain/bin/../lib/gcc/arm-none-eabi/6.3.1/../../../../arm-none-eabi/lib/thumb/v7e-m\libc_nano.a(lib_a-sprintf.o)
                0x0000ef80                siprintf
                0x0000ef80                sprintf
 .text.strcpy   0x0000efc8       0x10 c:/program files (x86)/atmel/studio/7.0/toolchain/arm/arm-gnu-toolchain/bin/../lib/gcc/arm-none-eabi/6.3.1/../../../../arm-none-eabi/lib/thumb/v7e-m\libc_nano.a(lib_a-strcpy.o)
                0x0000efc8                strcpy
 .text          0x0000efd8       0x10 c:/program files (x86)/atmel/studio/7.0/toolchain/arm/arm-gnu-toolchain/bin/../lib/gcc/arm-none-eabi/6.3.1/../../../../arm-none-eabi/lib/thumb/v7e-m\libc_nano.a(lib_a-strlen.o)
                0x0000efd8                strlen
 .text.__swbuf_r
                0x0000efe8       0xa4 c:/program files (x86)/atmel/studio/7.0/toolchain/arm/arm-gnu-toolchain/bin/../lib/gcc/arm-none-eabi/6.3.1/../../../../arm-none-eabi/lib/thumb/v7e-m\libc_nano.a(lib_a-wbuf.o)
                0x0000efe8                __swbuf_r
 .text.__swsetup_r
                0x0000f08c       0xdc c:/program files (x86)/atmel/studio/7.0/toolchain/arm/arm-gnu-toolchain/bin/../lib/gcc/arm-none-eabi/6.3.1/../../../../arm-none-eabi/lib/thumb/v7e-m\libc_nano.a(lib_a-wsetup.o)
                0x0000f08c                __swsetup_r
 .text.__sflush_r
                0x0000f168      0x110 c:/program files (x86)/atmel/studio/7.0/toolchain/arm/arm-gnu-toolchain/bin/../lib/gcc/arm-none-eabi/6.3.1/../../../../arm-none-eabi/lib/thumb/v7e-m\libc_nano.a(lib_a-fflush.o)
                0x0000f168                __sflush_r
 .text._fflush_r
                0x0000f278       0x54 c:/program files (x86)/atmel/studio/7.0/toolchain/arm/arm-gnu-toolchain/bin/../lib/gcc/arm-none-eabi/6.3.1/../../../../arm-none-eabi/lib/thumb/v7e-m\libc_nano.a(lib_a-fflush.o)
                0x0000f278                _fflush_r
 .text._cleanup_r
                0x0000f2cc        0xc c:/program files (x86)/atmel/studio/7.0/toolchain/arm/arm-gnu-toolchain/bin/../lib/gcc/arm-none-eabi/6.3.1/../../../../arm-none-eabi/lib/thumb/v7e-m\libc_nano.a(lib_a-findfp.o)
                0x0000f2cc                _cleanup_r
 .text.std.isra.0
                0x0000f2d8       0x48 c:/program files (x86)/atmel/studio/7.0/toolchain/arm/arm-gnu-toolchain/bin/../lib/gcc/arm-none-eabi/6.3.1/../../../../arm-none-eabi/lib/thumb/v7e-m\libc_nano.a(lib_a-findfp.o)
 .text.__sfmoreglue
                0x0000f320       0x2c c:/program files (x86)/atmel/studio/7.0/toolchain/arm/arm-gnu-toolchain/bin/../lib/gcc/arm-none-eabi/6.3.1/../../../../arm-none-eabi/lib/thumb/v7e-m\libc_nano.a(lib_a-findfp.o)
                0x0000f320                __sfmoreglue
 .text.__sinit  0x0000f34c       0x60 c:/program files (x86)/atmel/studio/7.0/toolchain/arm/arm-gnu-toolchain/bin/../lib/gcc/arm-none-eabi/6.3.1/../../../../arm-none-eabi/lib/thumb/v7e-m\libc_nano.a(lib_a-findfp.o)
                0x0000f34c                __sinit
 .text.__sfp    0x0000f3ac       0x78 c:/program files (x86)/atmel/studio/7.0/toolchain/arm/arm-gnu-toolchain/bin/../lib/gcc/arm-none-eabi/6.3.1/../../../../arm-none-eabi/lib/thumb/v7e-m\libc_nano.a(lib_a-findfp.o)
                0x0000f3ac                __sfp
 .text._fwalk_reent
                0x0000f424       0x3c c:/program files (x86)/atmel/studio/7.0/toolchain/arm/arm-gnu-toolchain/bin/../lib/gcc/arm-none-eabi/6.3.1/../../../../arm-none-eabi/lib/thumb/v7e-m\libc_nano.a(lib_a-fwalk.o)
                0x0000f424                _fwalk_reent
 .text.__swhatbuf_r
                0x0000f460       0x48 c:/program files (x86)/atmel/studio/7.0/toolchain/arm/arm-gnu-toolchain/bin/../lib/gcc/arm-none-eabi/6.3.1/../../../../arm-none-eabi/lib/thumb/v7e-m\libc_nano.a(lib_a-makebuf.o)
                0x0000f460                __swhatbuf_r
 .text.__smakebuf_r
                0x0000f4a8       0x80 c:/program files (x86)/atmel/studio/7.0/toolchain/arm/arm-gnu-toolchain/bin/../lib/gcc/arm-none-eabi/6.3.1/../../../../arm-none-eabi/lib/thumb/v7e-m\libc_nano.a(lib_a-makebuf.o)
                0x0000f4a8                __smakebuf_r
 .text.__malloc_lock
                0x0000f528        0x2 c:/program files (x86)/atmel/studio/7.0/toolchain/arm/arm-gnu-toolchain/bin/../lib/gcc/arm-none-eabi/6.3.1/../../../../arm-none-eabi/lib/thumb/v7e-m\libc_nano.a(lib_a-mlock.o)
                0x0000f528                __malloc_lock
 .text.__malloc_unlock
                0x0000f52a        0x2 c:/program files (x86)/atmel/studio/7.0/toolchain/arm/arm-gnu-toolchain/bin/../lib/gcc/arm-none-eabi/6.3.1/../../../../arm-none-eabi/lib/thumb/v7e-m\libc_nano.a(lib_a-mlock.o)
                0x0000f52a                __malloc_unlock
 .text.__ssputs_r
                0x0000f52c       0xb6 c:/program files (x86)/atmel/studio/7.0/toolchain/arm/arm-gnu-toolchain/bin/../lib/gcc/arm-none-eabi/6.3.1/../../../../arm-none-eabi/lib/thumb/v7e-m\libc_nano.a(lib_a-nano-svfprintf.o)
                0x0000f52c                __ssputs_r
 *fill*         0x0000f5e2        0x2 
 .text._svfprintf_r
                0x0000f5e4      0x1e8 c:/program files (x86)/atmel/studio/7.0/toolchain/arm/arm-gnu-toolchain/bin/../lib/gcc/arm-none-eabi/6.3.1/../../../../arm-none-eabi/lib/thumb/v7e-m\libc_nano.a(lib_a-nano-svfprintf.o)
                0x0000f5e4                _svfiprintf_r
                0x0000f5e4                _svfprintf_r
 .text.__sfputc_r